hgfsd: serving /tmp/uj11-cp81-basic-20260920/share/.hg-volume.dsk at 1000 Hz
hgfsd: read block 1, 512 bytes
hgfsd: read block 6, 512 bytes (more)
hgfsd: read block 7, 512 bytes
hgfsd: read block 6, 512 bytes (more)
hgfsd: read block 7, 512 bytes
hgfsd: read block 92, 512 bytes (more)
hgfsd: read block 93, 512 bytes (more)
hgfsd: read block 94, 512 bytes (more)
hgfsd: read block 95, 512 bytes (more)
hgfsd: read block 96, 512 bytes (more)
hgfsd: read block 97, 512 bytes (more)
hgfsd: read block 98, 512 bytes (more)
hgfsd: read block 99, 512 bytes (more)
hgfsd: read block 100, 512 bytes (more)
hgfsd: read block 101, 512 bytes (more)
hgfsd: read block 102, 512 bytes (more)
hgfsd: read block 103, 512 bytes (more)
hgfsd: read block 104, 512 bytes (more)
hgfsd: read block 105, 512 bytes (more)
hgfsd: read block 106, 512 bytes (more)
hgfsd: read block 107, 512 bytes (more)
hgfsd: read block 108, 512 bytes (more)
hgfsd: read block 109, 512 bytes (more)
hgfsd: read block 110, 512 bytes (more)
hgfsd: read block 111, 512 bytes (more)
hgfsd: read block 112, 512 bytes (more)
hgfsd: read block 113, 512 bytes (more)
hgfsd: read block 114, 512 bytes (more)
hgfsd: read block 115, 512 bytes (more)
hgfsd: read block 116, 512 bytes (more)
hgfsd: read block 117, 512 bytes (more)
hgfsd: read block 118, 512 bytes (more)
hgfsd: read block 119, 512 bytes (more)
hgfsd: read block 120, 512 bytes (more)
hgfsd: read block 121, 512 bytes (more)
hgfsd: read block 122, 512 bytes (more)
hgfsd: read block 123, 512 bytes (more)
hgfsd: read block 124, 512 bytes (more)
hgfsd: read block 125, 512 bytes (more)
hgfsd: read block 126, 512 bytes (more)
hgfsd: read block 127, 512 bytes (more)
hgfsd: read block 128, 512 bytes (more)
hgfsd: read block 129, 512 bytes (more)
hgfsd: read block 130, 512 bytes (more)
hgfsd: read block 131, 512 bytes (more)
hgfsd: read block 132, 512 bytes (more)
hgfsd: read block 133, 512 bytes (more)
hgfsd: read block 134, 512 bytes (more)
hgfsd: read block 135, 512 bytes (more)
hgfsd: read block 136, 512 bytes (more)
hgfsd: read block 137, 512 bytes (more)
hgfsd: read block 138, 512 bytes (more)
hgfsd: read block 139, 512 bytes (more)
hgfsd: read block 140, 512 bytes
hgfsd: read block 141, 512 bytes (more)
hgfsd: read block 142, 512 bytes (more)
hgfsd: read block 143, 512 bytes (more)
hgfsd: read block 144, 512 bytes
hgfsd: read block 6, 512 bytes (more)
hgfsd: read block 7, 512 bytes
hgfsd: read block 145, 512 bytes (more)
hgfsd: read block 146, 512 bytes (more)
hgfsd: read block 147, 512 bytes (more)
hgfsd: read block 148, 512 bytes (more)
hgfsd: read block 149, 512 bytes (more)
hgfsd: read block 150, 512 bytes (more)
hgfsd: read block 151, 512 bytes (more)
hgfsd: read block 152, 512 bytes (more)
hgfsd: read block 153, 512 bytes (more)
hgfsd: read block 154, 512 bytes (more)
hgfsd: read block 155, 512 bytes (more)
hgfsd: read block 156, 512 bytes (more)
hgfsd: read block 157, 512 bytes (more)
hgfsd: read block 158, 512 bytes (more)
hgfsd: read block 159, 512 bytes (more)
hgfsd: read block 160, 512 bytes (more)
hgfsd: read block 161, 512 bytes (more)
hgfsd: read block 162, 512 bytes (more)
hgfsd: read block 163, 512 bytes (more)
hgfsd: read block 164, 512 bytes (more)
hgfsd: read block 165, 512 bytes (more)
hgfsd: read block 166, 512 bytes (more)
hgfsd: read block 167, 512 bytes (more)
hgfsd: read block 168, 512 bytes (more)
hgfsd: read block 169, 512 bytes (more)
hgfsd: read block 170, 512 bytes (more)
hgfsd: read block 171, 512 bytes (more)
hgfsd: read block 172, 512 bytes (more)
hgfsd: read block 173, 512 bytes (more)
hgfsd: read block 174, 512 bytes (more)
hgfsd: read block 175, 512 bytes (more)
hgfsd: read block 176, 512 bytes (more)
hgfsd: read block 177, 512 bytes (more)
hgfsd: read block 178, 512 bytes (more)
hgfsd: read block 179, 512 bytes (more)
hgfsd: read block 180, 512 bytes (more)
hgfsd: read block 181, 512 bytes (more)
hgfsd: read block 182, 512 bytes (more)
hgfsd: read block 183, 512 bytes (more)
hgfsd: read block 184, 512 bytes (more)
hgfsd: read block 185, 512 bytes (more)
hgfsd: read block 186, 512 bytes (more)
hgfsd: read block 187, 512 bytes (more)
hgfsd: read block 188, 512 bytes (more)
hgfsd: read block 189, 512 bytes (more)
hgfsd: read block 190, 512 bytes (more)
hgfsd: read block 191, 512 bytes (more)
hgfsd: read block 192, 512 bytes (more)
hgfsd: read block 193, 512 bytes
hgfsd: read block 194, 512 bytes (more)
hgfsd: read block 195, 512 bytes (more)
hgfsd: read block 196, 512 bytes
hgfsd: read block 6, 512 bytes (more)
hgfsd: read block 7, 512 bytes
hgfsd: read block 38, 512 bytes (more)
hgfsd: read block 39, 512 bytes (more)
hgfsd: read block 40, 512 bytes (more)
hgfsd: read block 41, 512 bytes (more)
hgfsd: read block 42, 512 bytes (more)
hgfsd: read block 43, 512 bytes (more)
hgfsd: read block 44, 512 bytes (more)
hgfsd: read block 45, 512 bytes (more)
hgfsd: read block 46, 512 bytes (more)
hgfsd: read block 47, 512 bytes (more)
hgfsd: read block 48, 512 bytes (more)
hgfsd: read block 49, 512 bytes (more)
hgfsd: read block 50, 512 bytes (more)
hgfsd: read block 51, 512 bytes (more)
hgfsd: read block 52, 512 bytes (more)
hgfsd: read block 53, 512 bytes (more)
hgfsd: read block 54, 512 bytes (more)
hgfsd: read block 55, 512 bytes (more)
hgfsd: read block 56, 512 bytes (more)
hgfsd: read block 57, 512 bytes (more)
hgfsd: read block 58, 512 bytes (more)
hgfsd: read block 59, 512 bytes (more)
hgfsd: read block 60, 512 bytes (more)
hgfsd: read block 61, 512 bytes (more)
hgfsd: read block 62, 512 bytes (more)
hgfsd: read block 63, 512 bytes (more)
hgfsd: read block 64, 512 bytes (more)
hgfsd: read block 65, 512 bytes (more)
hgfsd: read block 66, 512 bytes (more)
hgfsd: read block 67, 512 bytes (more)
hgfsd: read block 68, 512 bytes (more)
hgfsd: read block 69, 512 bytes (more)
hgfsd: read block 70, 512 bytes (more)
hgfsd: read block 71, 512 bytes (more)
hgfsd: read block 72, 512 bytes (more)
hgfsd: read block 73, 512 bytes (more)
hgfsd: read block 74, 512 bytes (more)
hgfsd: read block 75, 512 bytes (more)
hgfsd: read block 76, 512 bytes (more)
hgfsd: read block 77, 512 bytes (more)
hgfsd: read block 78, 512 bytes (more)
hgfsd: read block 79, 512 bytes (more)
hgfsd: read block 80, 512 bytes (more)
hgfsd: read block 81, 512 bytes (more)
hgfsd: read block 82, 512 bytes (more)
hgfsd: read block 83, 512 bytes (more)
hgfsd: read block 84, 512 bytes (more)
hgfsd: read block 85, 512 bytes (more)
hgfsd: read block 86, 512 bytes
hgfsd: read block 87, 512 bytes (more)
hgfsd: read block 88, 512 bytes (more)
hgfsd: read block 89, 512 bytes (more)
hgfsd: read block 90, 512 bytes
hgfsd: read block 6, 512 bytes (more)
hgfsd: read block 7, 512 bytes
hgfsd: read block 197, 512 bytes (more)
hgfsd: read block 198, 512 bytes (more)
hgfsd: read block 199, 512 bytes (more)
hgfsd: read block 200, 512 bytes
hgfsd: read block 6, 512 bytes (more)
hgfsd: read block 7, 512 bytes
hgfsd: read block 91, 512 bytes
hgfsd: read block 6, 512 bytes (more)
hgfsd: read block 7, 512 bytes
hgfsd: write block 6, 512 bytes (more)
hgfsd: write block 7, 512 bytes
hgfsd: write block 201, 512 bytes (more)
hgfsd: write block 202, 512 bytes (more)
hgfsd: write block 203, 512 bytes (more)
hgfsd: write block 204, 512 bytes (more)
hgfsd: write block 205, 512 bytes (more)
hgfsd: write block 206, 512 bytes (more)
hgfsd: write block 207, 512 bytes (more)
hgfsd: write block 208, 512 bytes (more)
hgfsd: write block 209, 512 bytes (more)
hgfsd: write block 210, 512 bytes (more)
hgfsd: write block 211, 512 bytes (more)
hgfsd: write block 212, 512 bytes (more)
hgfsd: write block 213, 512 bytes (more)
hgfsd: write block 214, 512 bytes (more)
hgfsd: write block 215, 512 bytes (more)
hgfsd: write block 216, 512 bytes (more)
hgfsd: write block 217, 512 bytes (more)
hgfsd: write block 218, 512 bytes (more)
hgfsd: write block 219, 512 bytes (more)
hgfsd: write block 220, 512 bytes (more)
hgfsd: write block 221, 512 bytes (more)
hgfsd: write block 222, 512 bytes (more)
hgfsd: write block 223, 512 bytes (more)
hgfsd: write block 224, 512 bytes (more)
hgfsd: write block 225, 512 bytes (more)
hgfsd: write block 226, 512 bytes (more)
hgfsd: write block 227, 512 bytes (more)
hgfsd: write block 228, 512 bytes (more)
hgfsd: write block 229, 512 bytes (more)
hgfsd: write block 230, 512 bytes (more)
hgfsd: write block 231, 512 bytes (more)
hgfsd: write block 232, 512 bytes (more)
hgfsd: write block 233, 512 bytes (more)
hgfsd: write block 234, 512 bytes (more)
hgfsd: write block 235, 512 bytes (more)
hgfsd: write block 236, 512 bytes (more)
hgfsd: write block 237, 512 bytes (more)
hgfsd: write block 238, 512 bytes (more)
hgfsd: write block 239, 512 bytes (more)
hgfsd: write block 240, 512 bytes (more)
hgfsd: write block 241, 512 bytes (more)
hgfsd: write block 242, 512 bytes (more)
hgfsd: write block 243, 512 bytes (more)
hgfsd: write block 244, 512 bytes (more)
hgfsd: write block 245, 512 bytes (more)
hgfsd: write block 246, 512 bytes (more)
hgfsd: write block 247, 512 bytes (more)
hgfsd: write block 248, 512 bytes (more)
hgfsd: write block 249, 512 bytes
hgfsd: write block 250, 512 bytes (more)
hgfsd: write block 251, 512 bytes (more)
hgfsd: write block 252, 512 bytes (more)
hgfsd: write block 253, 512 bytes
hgfsd: write block 6, 512 bytes (more)
hgfsd: write block 7, 512 bytes
hgfsd: write block 6, 512 bytes (more)
hgfsd: write block 7, 512 bytes
hgfsd: read block 6, 512 bytes (more)
hgfsd: read block 7, 512 bytes
hgfsd: write block 6, 512 bytes (more)
hgfsd: write block 7, 512 bytes
hgfsd: write block 254, 512 bytes (more)
hgfsd: write block 255, 512 bytes (more)
hgfsd: write block 256, 512 bytes (more)
hgfsd: write block 257, 512 bytes (more)
hgfsd: write block 258, 512 bytes (more)
hgfsd: write block 259, 512 bytes (more)
hgfsd: write block 260, 512 bytes (more)
hgfsd: write block 261, 512 bytes (more)
hgfsd: write block 262, 512 bytes (more)
hgfsd: write block 263, 512 bytes (more)
hgfsd: write block 264, 512 bytes (more)
hgfsd: write block 265, 512 bytes (more)
hgfsd: write block 266, 512 bytes (more)
hgfsd: write block 267, 512 bytes (more)
hgfsd: write block 268, 512 bytes (more)
hgfsd: write block 269, 512 bytes (more)
hgfsd: write block 270, 512 bytes (more)
hgfsd: write block 271, 512 bytes (more)
hgfsd: write block 272, 512 bytes (more)
hgfsd: write block 273, 512 bytes (more)
hgfsd: write block 274, 512 bytes (more)
hgfsd: write block 275, 512 bytes (more)
hgfsd: write block 276, 512 bytes (more)
hgfsd: write block 277, 512 bytes (more)
hgfsd: write block 278, 512 bytes (more)
hgfsd: write block 279, 512 bytes (more)
hgfsd: write block 280, 512 bytes (more)
hgfsd: write block 281, 512 bytes (more)
hgfsd: write block 282, 512 bytes (more)
hgfsd: write block 283, 512 bytes (more)
hgfsd: write block 284, 512 bytes (more)
hgfsd: write block 285, 512 bytes (more)
hgfsd: write block 286, 512 bytes (more)
hgfsd: write block 287, 512 bytes (more)
hgfsd: write block 288, 512 bytes (more)
hgfsd: write block 289, 512 bytes (more)
hgfsd: write block 290, 512 bytes (more)
hgfsd: write block 291, 512 bytes (more)
hgfsd: write block 292, 512 bytes (more)
hgfsd: write block 293, 512 bytes (more)
hgfsd: write block 294, 512 bytes (more)
hgfsd: write block 295, 512 bytes (more)
hgfsd: write block 296, 512 bytes (more)
hgfsd: write block 297, 512 bytes (more)
hgfsd: write block 298, 512 bytes (more)
hgfsd: write block 299, 512 bytes (more)
hgfsd: write block 300, 512 bytes (more)
hgfsd: write block 301, 512 bytes (more)
hgfsd: write block 302, 512 bytes
hgfsd: write block 303, 512 bytes (more)
hgfsd: write block 304, 512 bytes (more)
hgfsd: write block 305, 512 bytes
hgfsd: write block 6, 512 bytes (more)
hgfsd: write block 7, 512 bytes
hgfsd: write block 6, 512 bytes (more)
hgfsd: write block 7, 512 bytes
hgfsd: read block 6, 512 bytes (more)
hgfsd: read block 7, 512 bytes
hgfsd: write block 6, 512 bytes (more)
hgfsd: write block 7, 512 bytes
hgfsd: write block 306, 512 bytes (more)
hgfsd: write block 307, 512 bytes (more)
hgfsd: write block 308, 512 bytes (more)
hgfsd: write block 309, 512 bytes (more)
hgfsd: write block 310, 512 bytes (more)
hgfsd: write block 311, 512 bytes (more)
hgfsd: write block 312, 512 bytes (more)
hgfsd: write block 313, 512 bytes (more)
hgfsd: write block 314, 512 bytes (more)
hgfsd: write block 315, 512 bytes (more)
hgfsd: write block 316, 512 bytes (more)
hgfsd: write block 317, 512 bytes (more)
hgfsd: write block 318, 512 bytes (more)
hgfsd: write block 319, 512 bytes (more)
hgfsd: write block 320, 512 bytes (more)
hgfsd: write block 321, 512 bytes (more)
hgfsd: write block 322, 512 bytes (more)
hgfsd: write block 323, 512 bytes (more)
hgfsd: write block 324, 512 bytes (more)
hgfsd: write block 325, 512 bytes (more)
hgfsd: write block 326, 512 bytes (more)
hgfsd: write block 327, 512 bytes (more)
hgfsd: write block 328, 512 bytes (more)
hgfsd: write block 329, 512 bytes (more)
hgfsd: write block 330, 512 bytes (more)
hgfsd: write block 331, 512 bytes (more)
hgfsd: write block 332, 512 bytes (more)
hgfsd: write block 333, 512 bytes (more)
hgfsd: write block 334, 512 bytes (more)
hgfsd: write block 335, 512 bytes (more)
hgfsd: write block 336, 512 bytes (more)
hgfsd: write block 337, 512 bytes (more)
hgfsd: write block 338, 512 bytes (more)
hgfsd: write block 339, 512 bytes (more)
hgfsd: write block 340, 512 bytes (more)
hgfsd: write block 341, 512 bytes (more)
hgfsd: write block 342, 512 bytes (more)
hgfsd: write block 343, 512 bytes (more)
hgfsd: write block 344, 512 bytes (more)
hgfsd: write block 345, 512 bytes (more)
hgfsd: write block 346, 512 bytes (more)
hgfsd: write block 347, 512 bytes (more)
hgfsd: write block 348, 512 bytes (more)
hgfsd: write block 349, 512 bytes (more)
hgfsd: write block 350, 512 bytes (more)
hgfsd: write block 351, 512 bytes (more)
hgfsd: write block 352, 512 bytes (more)
hgfsd: write block 353, 512 bytes (more)
hgfsd: write block 354, 512 bytes
hgfsd: write block 355, 512 bytes (more)
hgfsd: write block 356, 512 bytes (more)
hgfsd: write block 357, 512 bytes (more)
hgfsd: write block 358, 512 bytes
hgfsd: write block 6, 512 bytes (more)
hgfsd: write block 7, 512 bytes
hgfsd: write block 6, 512 bytes (more)
hgfsd: write block 7, 512 bytes
hgfsd: read block 6, 512 bytes (more)
hgfsd: read block 7, 512 bytes
hgfsd: write block 6, 512 bytes (more)
hgfsd: write block 7, 512 bytes
hgfsd: write block 359, 512 bytes (more)
hgfsd: write block 360, 512 bytes (more)
hgfsd: write block 361, 512 bytes (more)
hgfsd: write block 362, 512 bytes
hgfsd: write block 6, 512 bytes (more)
hgfsd: write block 7, 512 bytes
hgfsd: write block 6, 512 bytes (more)
hgfsd: write block 7, 512 bytes
hgfsd: read block 6, 512 bytes (more)
hgfsd: read block 7, 512 bytes
hgfsd: write block 6, 512 bytes (more)
hgfsd: write block 7, 512 bytes
hgfsd: write block 363, 512 bytes
hgfsd: write block 6, 512 bytes (more)
hgfsd: write block 7, 512 bytes
hgfsd: write block 6, 512 bytes (more)
hgfsd: write block 7, 512 bytes
