   1 000000:                       ; ABI2 HALT helper, uploaded by UJLOAD into FRAM, never into FPGA ROM.
   2 000000:                       ; R5 -> USER descriptor: operation, raw upper address, value.
   3 000000:                       ; Operations: 0 read, 1 write/readback, 2 ready mask, 3 status, 4 initialize.
   4 000000:                       ; Result R0=data/status, R2=0 success or 1 failure. R1/R3/R5 clobbered.
   5 000000:                       ; Caller enters via resident vector 170 with R4=125061, R2=0, R1=1000.
   6 000000:                               cpu dcj-11
   7 001000:                               org 001000
   8 001000:                       loader_entry
   9 001000: 013704 000004                 mov @#000004, r4
  10 001004: 012737 001270 000004          mov #failed, @#000004
  11 001012:                               dw 000021
  11 001012: 000021
  12 001014: 010003                        mov r0, r3
  13 001016:                               dw 000021
  13 001016: 000021
  14 001020: 010001                        mov r0, r1
  15 001022:                               dw 000021
  15 001022: 000021
  16 001024: 020327 000004                 cmp r3, #4
  17 001030: 101122                        bhi block
  18 001032: 020327 000004                 cmp r3, #4
  19 001036: 001446                        beq initialize
  20 001040: 020327 000003                 cmp r3, #3
  21 001044: 001441                        beq status
  22 001046: 020327 000002                 cmp r3, #2
  23 001052: 001431                        beq configure
  24 001054: 020327 000001                 cmp r3, #1
  25 001060: 101103                        bhi failed
  26 001062: 032701 000001                 bit #1, r1
  27 001066: 001100                        bne failed
  28 001070: 010105                        mov r1, r5
  29 001072: 005703                        tst r3
  30 001074: 001411                        beq read
  31 001076: 020527 001000                 cmp r5, #001000
  32 001102: 103472                        bcs failed
  33 001104: 010003                        mov r0, r3
  34 001106:                               dw 000041               ; HALT-only raw upper write, including I/O backing
  34 001106: 000041
  35 001110:                               dw 000040
  35 001110: 000040
  36 001112: 020003                        cmp r0, r3
  37 001114: 001065                        bne failed
  38 001116: 000457                        br success
  39 001120:                       read
  40 001120: 020527 000004                 cmp r5, #4
  41 001124: 001002                        bne physical_read
  42 001126: 010400                        mov r4, r0
  43 001130: 000452                        br success
  44 001132:                       physical_read
  45 001132:                               dw 000040
  45 001132: 000040
  46 001134: 000450                        br success
  47 001136:                       configure
  48 001136: 020027 000003                 cmp r0, #3
  49 001142: 101052                        bhi failed
  50 001144:                               dw 000042
  50 001144: 000042
  51 001146: 000430                        br select_odt
  52 001150:                       status
  53 001150:                               dw 000043
  53 001150: 000043
  54 001152: 000441                        br success
  55 001154:                       initialize
  56 001154:                       ; An active module's system records are checked by UJLOAD before replacing it.
  57 001154:                       ; Do not silently repair them here. No ready modules: install the common ABI.
  58 001154:                               dw 000043
  58 001154: 000043
  59 001156: 032700 000003                 bit #3, r0
  60 001162: 001033                        bne identify
  61 001164: 012737 000177 000320          mov #000177, @#000320   ; JMP @000164, uses no guest register or guest stack
  62 001172: 012737 177640 000322          mov #0177640, @#000322  ; 164 - 324
  63 001200: 012737 000777 000326          mov #000777, @#000326   ; No loaded ODT: remain in HALT
  64 001206: 012737 001700 000166          mov #module_return, @#000166
  65 001214: 012737 002020 000010          mov #002020, @#000010
  66 001222: 012737 000340 000012          mov #000340, @#000012
  67 001230:                       select_odt
  68 001230: 012737 000326 000164          mov #000326, @#000164
  69 001236: 032700 000001                 bit #1, r0
  70 001242: 001403                        beq identify
  71 001244: 012737 002000 000164          mov #002000, @#000164
  72 001252:                       identify
  73 001252: 012700 125062                 mov #0125062, r0
  74 001256:                       success
  75 001256: 005002                        clr r2
  76 001260:                       leave
  77 001260: 012737 000312 000004          mov #000312, @#000004   ; Resident copy/execute failures use its own START
  78 001266:                               dw 000010
  78 001266: 000010
  79 001270:                       failed
  80 001270: 012702 000001                 mov #1, r2
  81 001274: 000771                        br leave
  82 001276:                       ; Bounded block calls. value=count (1..8 words). Copy op7 adds a fourth
  83 001276:                       ; descriptor word, USER source. The 65536-byte raw endpoint is legal.
  84 001276:                       block
  85 001276: 020327 000010                 cmp r3, #000010
  86 001302: 101372                        bhi failed
  87 001304: 005700                        tst r0
  88 001306: 001770                        beq failed
  89 001310: 020027 000010                 cmp r0, #000010
  90 001314: 101365                        bhi failed
  91 001316: 032701 000001                 bit #1, r1
  92 001322: 001362                        bne failed
  93 001324: 020127 001000                 cmp r1, #001000
  94 001330: 103757                        bcs failed
  95 001332: 010002                        mov r0, r2
  96 001334: 006300                        asl r0
  97 001336: 060100                        add r1, r0
  98 001340: 103002                        bcc block_range
  99 001342: 005700                        tst r0
 100 001344: 001351                        bne failed
 101 001346:                       block_range
 102 001346: 020327 000007                 cmp r3, #7
 103 001352: 001014                        bne block_ready
 104 001354:                               dw 000021
 104 001354: 000021
 105 001356: 032700 000001                 bit #1, r0
 106 001362: 001342                        bne failed
 107 001364: 010004                        mov r0, r4
 108 001366: 060200                        add r2, r0
 109 001370: 103737                        bcs failed
 110 001372: 060200                        add r2, r0
 111 001374: 103735                        bcs failed
 112 001376: 020027 160000                 cmp r0, #0160000
 113 001402: 101332                        bhi failed
 114 001404:                       block_ready
 115 001404: 010105                        mov r1, r5
 116 001406: 005001                        clr r1
 117 001410:                       block_loop
 118 001410: 020327 000010                 cmp r3, #000010
 119 001414: 001423                        beq block_check_zero
 120 001416: 020327 000005                 cmp r3, #5
 121 001422: 001424                        beq block_read
 122 001424: 020327 000006                 cmp r3, #6
 123 001430: 001406                        beq block_zero
 124 001432: 010501                        mov r5, r1
 125 001434: 010405                        mov r4, r5
 126 001436:                               dw 000021
 126 001436: 000021
 127 001440: 010504                        mov r5, r4
 128 001442: 010105                        mov r1, r5
 129 001444: 000401                        br block_write
 130 001446:                       block_zero
 131 001446: 005000                        clr r0
 132 001450:                       block_write
 133 001450: 010001                        mov r0, r1
 134 001452:                               dw 000041
 134 001452: 000041
 135 001454:                               dw 000040
 135 001454: 000040
 136 001456: 020001                        cmp r0, r1
 137 001460: 001303                        bne failed
 138 001462: 000406                        br block_next
 139 001464:                       block_check_zero
 140 001464:                               dw 000040
 140 001464: 000040
 141 001466: 005700                        tst r0
 142 001470: 001277                        bne failed
 143 001472: 000402                        br block_next
 144 001474:                       block_read
 145 001474:                               dw 000040
 145 001474: 000040
 146 001476: 060001                        add r0, r1
 147 001500:                       block_next
 148 001500: 062705 000002                 add #2, r5
 149 001504: 077237                        sob r2, block_loop
 150 001506: 010100                        mov r1, r0
 151 001510: 000137 001256                 jmp @#success
 152 001700:                               org 001700
 153 001700:                       module_return
 154 001700:                       ; ABI2 module exit: JMP @000166. Preserve R0-R6 and restore original CPSW.
 155 001700: 012737 000312 000004          mov #000312, @#000004
 156 001706:                               dw 000010
 156 001706: 000010
 157 001710:                       loader_end

Constants:

Labels:
[loader_end] 001710
[module_return] 001700
[block_next] 001500
[block_read] 001474
[block_check_zero] 001464
[block_write] 001450
[block_zero] 001446
[block_loop] 001410
[block_ready] 001404
[block_range] 001346
[block] 001276
[failed] 001270
[leave] 001260
[success] 001256
[identify] 001252
[select_odt] 001230
[initialize] 001154
[status] 001150
[configure] 001136
[physical_read] 001132
[read] 001120
[loader_entry] 001000

Errors: No error

