   1 000000:                       ; CP62 cold-start gate. This PDP-11 program is copied from ROM into HALT RAM.
   2 000000:                       ; Calling convention: R4=125061, R5=USER source, R1=HALT destination,
   3 000000:                       ; R2=1..64 words. Clobbers R0/R1/R2/R3/R5; preserves R4/SP and saved PSW.
   4 000000:                       ; R0 result: 0 success, 1 bad range, bus error or readback mismatch.
   5 000000:                       ; Whole ranges must be even, below the shared I/O page, destination >=001000.
   6 000000:                       ; No RT-11 calls, no stack, no UJRD/UJWR and no implicit module enable.
   7 000000:                               cpu dcj-11
   8 000200:                               org 000200
   9 000200:                       resident_entry
  10 000200: 020427 125061                 cmp r4, #0125061
  11 000204: 001045                        bne idle
  12 000206: 020227 000100                 cmp r2, #000100
  13 000212: 101037                        bhi invalid
  14 000214: 010500                        mov r5, r0
  15 000216: 050100                        bis r1, r0
  16 000220: 032700 000001                 bit #1, r0
  17 000224: 001032                        bne invalid
  18 000226: 020127 001000                 cmp r1, #001000
  19 000232: 103427                        bcs invalid
  20 000234: 010203                        mov r2, r3
  21 000236: 006303                        asl r3
  22 000240: 060503                        add r5, r3
  23 000242: 103423                        bcs invalid
  24 000244: 020327 160000                 cmp r3, #0160000
  25 000250: 101020                        bhi invalid
  26 000252: 010203                        mov r2, r3
  27 000254: 006303                        asl r3
  28 000256: 060103                        add r1, r3
  29 000260: 103414                        bcs invalid
  30 000262: 020327 160000                 cmp r3, #0160000
  31 000266: 101011                        bhi invalid
  32 000270: 005702                        tst r2
  33 000272: 001463                        beq execute
  34 000274:                       copy
  35 000274:                               dw 000021               ; MFUS: R0=USER[R5], R5+=2
  35 000274: 000021
  36 000276: 010011                        mov r0, (r1)
  37 000300: 020021                        cmp r0, (r1)+
  38 000302: 001003                        bne fault
  39 000304: 077205                        sob r2, copy
  40 000306: 005000                        clr r0
  41 000310:                       return
  42 000310:                               dw 000010               ; START: restore guest CPC/CPSW and USER bank
  42 000310: 000010
  43 000312:                       fault
  44 000312:                       invalid
  45 000312: 012700 000001                 mov #1, r0
  46 000316: 000774                        br return
  47 000320:                       idle
  48 000320: 000777                        br idle                 ; Full ODT is a separately loaded future module.
  49 000322:                       initialize
  50 000322:                       ; Executed only after the ROM has copied AND read back this entire payload.
  51 000322: 012737 000200 000170          mov #000200, @#000170
  52 000330: 012700 000340                 mov #000340, r0
  53 000334: 010037 000172                 mov r0, @#000172
  54 000340: 010037 000006                 mov r0, @#000006
  55 000344: 012737 000320 000004          mov #idle, @#000004     ; Cold-copy faults must not start incomplete USER code.
  56 000352: 012706 001000                 mov #001000, sp
  57 000356: 012737 000422 000160          mov #copy_user, @#000160 ; HALT subroutine vector, one address word
  58 000364: 012701 004652                 mov #004652, r1         ; End of bootstrap copy in HALT RAM
  59 000370: 010105                        mov r1, r5              ; End of destination in USER RAM
  60 000372: 012702 000325                 mov #000325, r2         ; 213 words, original bootstrap is exactly 426 bytes
  61 000376: 004777 177556                 jsr pc, @000160
  62 000402: 012737 000312 000004          mov #fault, @#000004
  63 000410: 010137 000100                 mov r1, @#000100        ; CPC: copied start address 004000
  64 000414: 005037 000102                 clr @#000102            ; CPSW
  65 000420:                               dw 000010               ; START, not RTI
  65 000420: 000010
  66 000422:                       copy_user
  67 000422:                       ; Trusted HALT caller supplies even end pointers and a nonzero word count.
  68 000422:                       ; MTUS writes backward; MFUS reads back the same USER word and advances R5.
  69 000422: 014100                        mov -(r1), r0
  70 000424:                               dw 000031               ; MTUS
  70 000424: 000031
  71 000426:                               dw 000021               ; MFUS
  71 000426: 000021
  72 000430: 020011                        cmp r0, (r1)
  73 000432: 001332                        bne idle
  74 000434: 005745                        tst -(r5)              ; Same decrement; harmless HALT bootstrap read saves one ROM word
  75 000436: 077207                        sob r2, copy_user
  76 000440: 000207                        rts pc
  77 000442:                       execute
  78 000442: 000111                        jmp (r1)               ; R2=0: explicit call of an uploaded HALT routine
  79 000444:                       resident_end

Constants:

Labels:
[resident_end] 000444
[execute] 000442
[copy_user] 000422
[initialize] 000322
[idle] 000320
[invalid] 000312
[fault] 000312
[return] 000310
[copy] 000274
[resident_entry] 000200

Errors: No error

