   1 000000:                       ; Fits the 54 bytes following the unchanged 426-byte SD bootstrap.
   2 000000:                       ; The build verifies every fixed address against both assembled listings.
   3 000000:                       ; Cold reset already selected HALT; these are all ordinary logical MOVs.
   4 000000:                               cpu dcj-11
   5 010652:                               org 010652
   6 010652:                       start
   7 010652: 012700 010000                 mov #010000, r0         ; Copy original SD bootstrap to HALT RAM first
   8 010656: 012701 004000                 mov #004000, r1
   9 010662: 012702 000325                 mov #000325, r2
  10 010666:                       install_boot
  11 010666: 012003                        mov (r0)+, r3
  12 010670: 010311                        mov r3, (r1)
  13 010672: 020321                        cmp r3, (r1)+
  14 010674: 001016                        bne failed
  15 010676: 077205                        sob r2, install_boot
  16 010700: 012700 011534                 mov #011534, r0         ; ROM payload after CP60's 348-byte RK firmware
  17 010704: 012701 000200                 mov #000200, r1
  18 010710: 012702 000122                 mov #000122, r2         ; Checked by build against resident.bin
  19 010714:                       install
  20 010714: 012003                        mov (r0)+, r3
  21 010716: 010311                        mov r3, (r1)
  22 010720: 020321                        cmp r3, (r1)+
  23 010722: 001003                        bne failed
  24 010724: 077205                        sob r2, install
  25 010726: 000137 000322                 jmp @#000322            ; resident initialize label, checked by build
  26 010732:                       failed
  27 010732: 000777                        br failed               ; Remain in ROM/HALT if FRAM readback failed.
  28 010734:                       start_end

Constants:

Labels:
[start_end] 010734
[failed] 010732
[install] 010714
[install_boot] 010666
[start] 010652

Errors: No error

