hgfsd: serving /tmp/uj11-cp63-20260912/cp64-odt-share/.hg-volume.dsk at 1000 Hz
hgfsd: read block 1, 512 bytes
hgfsd: read block 6, 512 bytes (more)
hgfsd: read block 7, 512 bytes
hgfsd: read block 6, 512 bytes (more)
hgfsd: read block 7, 512 bytes
hgfsd: read block 41, 512 bytes (more)
hgfsd: read block 42, 512 bytes (more)
hgfsd: read block 43, 512 bytes (more)
hgfsd: read block 44, 512 bytes (more)
hgfsd: read block 45, 512 bytes (more)
hgfsd: read block 46, 512 bytes (more)
hgfsd: read block 47, 512 bytes (more)
hgfsd: read block 48, 512 bytes
hgfsd: read block 6, 512 bytes (more)
hgfsd: read block 7, 512 bytes
hgfsd: read block 49, 512 bytes (more)
hgfsd: read block 50, 512 bytes (more)
hgfsd: read block 51, 512 bytes (more)
hgfsd: read block 52, 512 bytes (more)
hgfsd: read block 53, 512 bytes (more)
hgfsd: read block 54, 512 bytes (more)
hgfsd: read block 55, 512 bytes (more)
hgfsd: read block 56, 512 bytes (more)
hgfsd: read block 57, 512 bytes (more)
hgfsd: read block 58, 512 bytes (more)
hgfsd: read block 59, 512 bytes (more)
hgfsd: read block 60, 512 bytes (more)
hgfsd: read block 61, 512 bytes (more)
hgfsd: read block 62, 512 bytes (more)
hgfsd: read block 63, 512 bytes (more)
hgfsd: read block 64, 512 bytes
hgfsd: read block 6, 512 bytes (more)
hgfsd: read block 7, 512 bytes
hgfsd: read block 38, 512 bytes (more)
hgfsd: read block 39, 512 bytes (more)
hgfsd: read block 40, 512 bytes
hgfsd: read block 6, 512 bytes (more)
hgfsd: read block 7, 512 bytes
hgfsd: write block 6, 512 bytes (more)
hgfsd: write block 7, 512 bytes
hgfsd: write block 65, 512 bytes (more)
hgfsd: write block 66, 512 bytes (more)
hgfsd: write block 67, 512 bytes (more)
hgfsd: write block 68, 512 bytes (more)
hgfsd: write block 69, 512 bytes (more)
hgfsd: write block 70, 512 bytes (more)
hgfsd: write block 71, 512 bytes (more)
hgfsd: write block 72, 512 bytes
hgfsd: write block 6, 512 bytes (more)
hgfsd: write block 7, 512 bytes
hgfsd: write block 6, 512 bytes (more)
hgfsd: write block 7, 512 bytes
hgfsd: read block 6, 512 bytes (more)
hgfsd: read block 7, 512 bytes
hgfsd: write block 6, 512 bytes (more)
hgfsd: write block 7, 512 bytes
hgfsd: write block 73, 512 bytes (more)
hgfsd: write block 74, 512 bytes (more)
hgfsd: write block 75, 512 bytes (more)
hgfsd: write block 76, 512 bytes (more)
hgfsd: write block 77, 512 bytes (more)
hgfsd: write block 78, 512 bytes (more)
hgfsd: write block 79, 512 bytes (more)
hgfsd: write block 80, 512 bytes (more)
hgfsd: write block 81, 512 bytes (more)
hgfsd: write block 82, 512 bytes (more)
hgfsd: write block 83, 512 bytes (more)
hgfsd: write block 84, 512 bytes (more)
hgfsd: write block 85, 512 bytes (more)
hgfsd: write block 86, 512 bytes (more)
hgfsd: write block 87, 512 bytes (more)
hgfsd: write block 88, 512 bytes
hgfsd: write block 6, 512 bytes (more)
hgfsd: write block 7, 512 bytes
hgfsd: write block 6, 512 bytes (more)
hgfsd: write block 7, 512 bytes
hgfsd: read block 6, 512 bytes (more)
hgfsd: read block 7, 512 bytes
hgfsd: write block 6, 512 bytes (more)
hgfsd: write block 7, 512 bytes
hgfsd: write block 89, 512 bytes (more)
hgfsd: write block 90, 512 bytes (more)
hgfsd: write block 91, 512 bytes
hgfsd: write block 6, 512 bytes (more)
hgfsd: write block 7, 512 bytes
hgfsd: write block 6, 512 bytes (more)
hgfsd: write block 7, 512 bytes
