
      Lattice Mapping Report File for Design Module 'uj11_probe_decode'


Design Information
------------------

Command line:   map -a MachXO2 -p LCMXO2-1200HC -t QFN32 -s 4 -oc Commercial
     cp4_impl1.ngd -o cp4_impl1_map.ncd -pr cp4_impl1.prf -mp cp4_impl1.mrp -lpf
     /tmp/uj11-cp4-20260908/build/cp4/impl1/cp4_impl1_synplify.lpf -lpf
     /tmp/uj11-cp4-20260908/build/cp4/clock.lpf -c 0 -pe 
Target Vendor:  LATTICE
Target Device:  LCMXO2-1200HCQFN32
Target Performance:   4
Mapper:  xo2c00,  version:  Diamond (64-bit) 3.14.0.75.2
Mapped on:  09/08/26  18:21:49

Design Summary
--------------

   Number of registers:     22 out of  1346 (2%)
      PFU registers:           21 out of  1280 (2%)
      PIO registers:            1 out of    66 (2%)
   Number of SLICEs:        11 out of   640 (2%)
      SLICEs as Logic/ROM:     11 out of   640 (2%)
      SLICEs as RAM:            0 out of   480 (0%)
      SLICEs as Carry:          0 out of   640 (0%)
   Number of LUT4s:         13 out of  1280 (1%)
      Number used as logic LUTs:         13
      Number used as distributed RAM:     0
      Number used as ripple logic:        0
      Number used as shift registers:     0
   Number of PIO sites used: 4 + 4(JTAG) out of 22 (36%)
   Number of block RAMs:  0 out of 7 (0%)
   Number of GSRs:        0 out of 1 (0%)
   EFB used :        No
   JTAG used :       No
   Readback used :   No
   Oscillator used : No
   Startup used :    No
   POR :             On
   Bandgap :         On
   Number of Power Controller:  0 out of 1 (0%)
   Number of Dynamic Bank Controller (BCINRD):  0 out of 4 (0%)
   Number of Dynamic Bank Controller (BCLVDSO):  0 out of 1 (0%)
   Number of DCCA:  0 out of 8 (0%)
   Number of DCMA:  0 out of 2 (0%)
   Number of PLLs:  0 out of 1 (0%)
   Number of DQSDLLs:  0 out of 2 (0%)
   Number of CLKDIVC:  0 out of 4 (0%)
   Number of ECLKSYNCA:  0 out of 4 (0%)
   Number of ECLKBRIDGECS:  0 out of 2 (0%)
   Notes:-
      1. Total number of LUT4s = (Number of logic LUT4s) + 2*(Number of
     distributed RAMs) + 2*(Number of ripple logic)
      2. Number of logic LUT4s does not include count of distributed RAM and
     ripple logic.
   Number of clocks:  1
     Net clk_c: 12 loads, 12 rising, 0 falling (Driver: PIO clk )
   Number of Clock Enables:  0
   Number of LSRs:  1
     Net reset_c: 11 loads, 10 LSLICEs

                                    Page 1




Design:  uj11_probe_decode                             Date:  09/08/26  18:21:49

Design Summary (cont)
---------------------
   Number of nets driven by tri-state buffers:  0
   Top 10 highest fanout non-clock nets:
     Net reset_c: 12 loads
     Net decode/supported_rr: 4 loads
     Net decode/un4_entry_4: 4 loads
     Net decode/un4_entry_5: 4 loads
     Net stimulus[10]: 4 loads
     Net stimulus[11]: 4 loads
     Net stimulus[12]: 4 loads
     Net stimulus[13]: 4 loads
     Net stimulus[14]: 4 loads
     Net stimulus[9]: 3 loads




   Number of warnings:  0
   Number of errors:    0
     

Design Errors/Warnings
----------------------

   No errors or warnings present.

IO (PIO) Attributes
-------------------

+---------------------+-----------+-----------+------------+
| IO Name             | Direction | Levelmode | IO         |
|                     |           |  IO_TYPE  | Register   |
+---------------------+-----------+-----------+------------+
| serial_out          | OUTPUT    | LVCMOS33  |            |
+---------------------+-----------+-----------+------------+
| clk                 | INPUT     | LVCMOS33  |            |
+---------------------+-----------+-----------+------------+
| serial_in           | INPUT     | LVCMOS33  | IN         |
+---------------------+-----------+-----------+------------+
| reset               | INPUT     | LVCMOS33  |            |
+---------------------+-----------+-----------+------------+

Removed logic
-------------

Block VCC undriven or does not drive anything - clipped.
Block GSR_INST undriven or does not drive anything - clipped.
Block GND undriven or does not drive anything - clipped.
Block decode/VCC undriven or does not drive anything - clipped.
Block decode/GND undriven or does not drive anything - clipped.
Signal VCC undriven or does not drive anything - clipped.

     





                                    Page 2




Design:  uj11_probe_decode                             Date:  09/08/26  18:21:49

Run Time and Memory Usage
-------------------------

   Total CPU Time: 0 secs  
   Total REAL Time: 0 secs  
   Peak Memory Usage: 148 MB
        




















































                                    Page 3


Copyright (c) 1991-1994 by NeoCAD Inc. All rights reserved.
     Copyright (c) 1995 AT&T Corp.   All rights reserved.
     Copyright (c) 1995-2001 Lucent Technologies Inc.  All rights reserved.
     Copyright (c) 2001 Agere Systems   All rights reserved.
     Copyright (c) 2002-2024 Lattice Semiconductor Corporation,  All rights
     reserved.
