SD image: /Users/sash/Work/PROJECTS/k1801vm1/uJ11-fpga/build/cp74-fp11/rt11-final/test.dsk (53790 sectors), read-only backing, 256-sector RAM overlay
CP74 progress 20000000 phase0 PC004466 UART0
CP74 progress 40000000 phase0 PC160430 UART24
CP74 progress 60000000 phase0 PC160430 UART66
CP74 progress 80000000 phase1 PC070324 UART96
CP74 progress 100000000 phase1 PC001422 UART175
CP74 progress 120000000 phase1 PC143312 UART241
CP74 progress 140000000 phase1 PC001322 UART471
CP74 progress 160000000 phase2 PC004466 UART541
CP74 progress 180000000 phase2 PC160224 UART541
CP74 progress 200000000 phase2 PC120264 UART603
CP74 progress 220000000 phase2 PC160432 UART627
CP74 progress 240000000 phase3 PC031564 UART866
CP74 progress 260000000 phase3 PC031252 UART1280
CP74 progress 280000000 phase3 PC014130 UART1666
CP74 progress 300000000 phase3 PC015032 UART2060
CP74 progress 320000000 phase3 PC031562 UART2588
CP74 progress 340000000 phase3 PC031542 UART2968
CP74 progress 360000000 phase3 PC014704 UART3441
CP74 progress 380000000 phase3 PC031550 UART3898
CP74 progress 400000000 phase3 PC020702 UART4292
CP74 progress 420000000 phase3 PC031556 UART4814
CP74 progress 440000000 phase3 PC153012 UART5115
CP74 progress 460000000 phase4 PC000426 UART5231
CP74 progress 480000000 phase4 PC004466 UART5231
CP74 progress 500000000 phase4 PC160430 UART5255
CP74 progress 520000000 phase4 PC160432 UART5297
CP74 progress 540000000 phase4 PC070324 UART5327
CP74 progress 560000000 phase5 PC004466 UART5424
CP74 progress 580000000 phase5 PC153130 UART5426
CP74 progress 600000000 phase5 PC160224 UART5486
CP74 progress 620000000 phase5 PC160430 UART5510
PASS CP74 RT11 modules: 66 checks, 628973209 clocks, 5523 UART bytes
- build/cp74-fp11/rt11-final/tb.v:215: Verilog $finish
- S i m u l a t i o n   R e p o r t: Verilator 5.050 2026-07-01
- Verilator: $finish at 6s; walltime 715.887 s; speed 8.786 ms/s
- Verilator: cpu 714.259 s on 1 threads; allocated 2 MB
