
synpwrap -msg -prj "cp34c_impl1_synplify.tcl" -log "cp34c_impl1.srf"
Copyright (C) 1992-2024 Lattice Semiconductor Corporation. All rights reserved.
Lattice Diamond Version 3.14.0.75.2
    <postMsg mid="2011000" type="Info"    dynamic="0" navigation="0"  />
/proc/sys/vm/admin_reserve_kbytes:8192
/proc/sys/vm/compact_unevictable_allowed:1
/proc/sys/vm/compaction_proactiveness:20
/proc/sys/vm/dirty_background_bytes:0
/proc/sys/vm/dirty_background_ratio:10
/proc/sys/vm/dirty_bytes:0
/proc/sys/vm/dirty_expire_centisecs:3000
/proc/sys/vm/dirty_ratio:20
/proc/sys/vm/dirty_writeback_centisecs:500
/proc/sys/vm/dirtytime_expire_seconds:43200
/proc/sys/vm/extfrag_threshold:500
/proc/sys/vm/hugetlb_optimize_vmemmap:0
/proc/sys/vm/hugetlb_shm_group:0
/proc/sys/vm/laptop_mode:0
/proc/sys/vm/legacy_va_layout:0
/proc/sys/vm/lowmem_reserve_ratio:256	256	32	0	0
/proc/sys/vm/max_map_count:1048576
/proc/sys/vm/memfd_noexec:0
/proc/sys/vm/memory_failure_early_kill:0
/proc/sys/vm/memory_failure_recovery:1
/proc/sys/vm/min_free_kbytes:67584
/proc/sys/vm/min_slab_ratio:5
/proc/sys/vm/min_unmapped_ratio:1
/proc/sys/vm/mmap_min_addr:65536
/proc/sys/vm/nr_hugepages:0
/proc/sys/vm/nr_hugepages_mempolicy:0
/proc/sys/vm/nr_overcommit_hugepages:0
/proc/sys/vm/numa_stat:1
/proc/sys/vm/numa_zonelist_order:Node
/proc/sys/vm/oom_dump_tasks:1
/proc/sys/vm/oom_kill_allocating_task:0
/proc/sys/vm/overcommit_kbytes:0
/proc/sys/vm/overcommit_memory:0
/proc/sys/vm/overcommit_ratio:50
/proc/sys/vm/page-cluster:3
/proc/sys/vm/page_lock_unfairness:5
/proc/sys/vm/panic_on_oom:0
/proc/sys/vm/percpu_pagelist_high_fraction:0
/proc/sys/vm/stat_interval:1
/proc/sys/vm/swappiness:60
/proc/sys/vm/unprivileged_userfaultfd:0
/proc/sys/vm/user_reserve_kbytes:131072
/proc/sys/vm/vfs_cache_pressure:100
/proc/sys/vm/watermark_boost_factor:15000
/proc/sys/vm/watermark_scale_factor:10
/proc/sys/vm/zone_reclaim_mode:0

------ Message Queues --------
key        msqid      owner      perms      used-bytes   messages    

------ Shared Memory Segments --------
key        shmid      owner      perms      bytes      nattch     status      

------ Semaphore Arrays --------
key        semid      owner      perms      nsems     

+04
Ubuntu 24.04.4 LTS
###########################################################[
Running in Lattice mode

                               Synplify Pro (R) 

                Version V-2023.09L-2 for linux64 - Sep 17, 2024 

                    Copyright (c) 1988 - 2024 Synopsys, Inc.
   This software and the associated documentation are proprietary to Synopsys,
 Inc. This software may only be used in accordance with the terms and conditions
 of a written license agreement with Synopsys, Inc. All other use, reproduction,
   or distribution of this software is strictly prohibited.  Licensed Products
     communicate with Synopsys servers for the purpose of providing software
    updates, detecting software piracy and verifying that customers are using
    Licensed Products in conformity with the applicable License Key for such
  Licensed Products. Synopsys will use information gathered in connection with
    this process to deliver software updates and pursue software pirates and
                                   infringers.

 Inclusivity & Diversity - Visit SolvNetPlus to read the "Synopsys Statement on
            Inclusivity and Diversity" (Refer to article 000036315 at
                        https://solvnetplus.synopsys.com)

Starting:    /home/sash/.local/lscc/diamond/3.14/synpbase/linux_a_64/mbin/synbatch
Install:     /home/sash/.local/lscc/diamond/3.14/synpbase
Hostname:    sashz-ubuntu
Date:        Thu Sep 10 10:49:43 2026
Version:     V-2023.09L-2

Arguments:   -product synplify_base -batch cp34c_impl1_synplify.tcl
ProductType: synplify_pro





log file: "/tmp/uj11-cp34/uJ11-fpga/build/cp34c/impl1/cp34c_impl1.srr"
Running: impl1 in foreground

Running proj_1|impl1

Running Flow: compile (Compile) on proj_1|impl1
# Thu Sep 10 10:49:43 2026

Running Flow: compile_flow (Compile Process) on proj_1|impl1
# Thu Sep 10 10:49:43 2026

Running: compiler (Compile Input) on proj_1|impl1
# Thu Sep 10 10:49:43 2026
Process ID: 77567
Copied /tmp/uj11-cp34/uJ11-fpga/build/cp34c/impl1/synwork/cp34c_impl1_comp.srs to /tmp/uj11-cp34/uJ11-fpga/build/cp34c/impl1/cp34c_impl1.srs

compiler completed
# Thu Sep 10 10:49:45 2026

Return Code: 0
Run Time:00h:00m:01s

Running: multi_srs_gen (Multi-srs Generator) on proj_1|impl1
# Thu Sep 10 10:49:45 2026
Process ID: 77615

multi_srs_gen completed
# Thu Sep 10 10:49:45 2026

Return Code: 0
Run Time:00h:00m:00s
Copied /tmp/uj11-cp34/uJ11-fpga/build/cp34c/impl1/synwork/cp34c_impl1_mult.srs to /tmp/uj11-cp34/uJ11-fpga/build/cp34c/impl1/cp34c_impl1.srs
Copied /tmp/uj11-cp34/uJ11-fpga/build/cp34c/impl1/cp34c_impl1.srr to /tmp/uj11-cp34/uJ11-fpga/build/cp34c/impl1/cp34c_impl1.srf
Complete: Compile Process on proj_1|impl1

Running: premap (Premap) on proj_1|impl1
# Thu Sep 10 10:49:45 2026
Process ID: 77631

premap completed with warnings
# Thu Sep 10 10:49:45 2026

Return Code: 1
Run Time:00h:00m:00s
Complete: Compile on proj_1|impl1

Running Flow: map (Map) on proj_1|impl1
# Thu Sep 10 10:49:45 2026
License granted for 4 parallel jobs

Running: fpga_mapper (Map & Optimize) on proj_1|impl1
# Thu Sep 10 10:49:45 2026
Process ID: 77646
Copied /tmp/uj11-cp34/uJ11-fpga/build/cp34c/impl1/synwork/cp34c_impl1_m.srm to /tmp/uj11-cp34/uJ11-fpga/build/cp34c/impl1/cp34c_impl1.srm

fpga_mapper completed with warnings
# Thu Sep 10 10:49:47 2026

Return Code: 1
Run Time:00h:00m:02s
Complete: Map on proj_1|impl1
Copied /tmp/uj11-cp34/uJ11-fpga/build/cp34c/impl1/cp34c_impl1.srr to /tmp/uj11-cp34/uJ11-fpga/build/cp34c/impl1/cp34c_impl1.srf
Complete: Logic Synthesis on proj_1|impl1
TCL script complete: "cp34c_impl1_synplify.tcl"
exit status=0
exit status=0
Save changes for project:
/tmp/uj11-cp34/uJ11-fpga/build/cp34c/impl1/proj_1.prj
batch mode default:no
Child process exit with 0.

==contents of cp34c_impl1.srf
#Build: Synplify Pro (R) V-2023.09L-2, Build 349R, Sep 17 2024
#install: /home/sash/.local/lscc/diamond/3.14/synpbase
#OS: Linux 
#Hostname: sashz-ubuntu

# Thu Sep 10 10:49:43 2026

#Implementation: impl1


Copyright (C) 1994-2023 Synopsys, Inc.
This Synopsys software and all associated documentation are proprietary to Synopsys, Inc.
and may only be used pursuant to the terms and conditions of a written license agreement
with Synopsys, Inc. All other use, reproduction, modification, or distribution of the
Synopsys software or the associated documentation is strictly prohibited.
Tool: Synplify Pro (R)
Build: V-2023.09L-2
Install: /home/sash/.local/lscc/diamond/3.14/synpbase
OS: Ubuntu 24.04.4 LTS
Hostname: sashz-ubuntu
max virtual memory: unlimited (bytes)
max user processes: 512757
max stack size: 8388608 (bytes)


Implementation : impl1
Synopsys HDL Compiler, Version comp202309synp1, Build 349R, Built Sep 17 2024 08:30:48, @5637152

@N|Running in 64-bit mode
###########################################################[

Copyright (C) 1994-2023 Synopsys, Inc.
This Synopsys software and all associated documentation are proprietary to Synopsys, Inc.
and may only be used pursuant to the terms and conditions of a written license agreement
with Synopsys, Inc. All other use, reproduction, modification, or distribution of the
Synopsys software or the associated documentation is strictly prohibited.
Tool: Synplify Pro (R)
Build: V-2023.09L-2
Install: /home/sash/.local/lscc/diamond/3.14/synpbase
OS: Ubuntu 24.04.4 LTS
Hostname: sashz-ubuntu
max virtual memory: unlimited (bytes)
max user processes: 512757
max stack size: 8388608 (bytes)


Implementation : impl1
Synopsys Verilog Compiler, Version comp202309synp1, Build 349R, Built Sep 17 2024 08:30:48, @5637152

@N|Running in 64-bit mode
@I::"/home/sash/.local/lscc/diamond/3.14/synpbase/lib/lucent/machxo2.v" (library work)
@I::"/home/sash/.local/lscc/diamond/3.14/synpbase/lib/lucent/pmi_def.v" (library work)
@I::"/home/sash/.local/lscc/diamond/3.14/synpbase/lib/vlog/hypermods.v" (library __hyper__lib__)
@I::"/tmp/uj11-cp34/uJ11-fpga/rtl/uj11_alu.v" (library work)
@I::"/tmp/uj11-cp34/uJ11-fpga/rtl/uj11_regfile.v" (library work)
@I::"/tmp/uj11-cp34/uJ11-fpga/rtl/uj11_datapath.v" (library work)
@I::"/tmp/uj11-cp34/uJ11-fpga/rtl/experimental/uj11_datapath_borrow.v" (library work)
@I::"/tmp/uj11-cp34/uJ11-fpga/synth/machxo2/uj11_mmu_dp_compare.v" (library work)
@I::"/tmp/uj11-cp34/uJ11-fpga/synth/machxo2/uj11_probe_mmu_dp.v" (library work)
@I::"/tmp/uj11-cp34/uJ11-fpga/synth/machxo2/uj11_probe_mmu_dp_relocation.v" (library work)
@N|stack limit increased to max
Verilog syntax check successful!
Selecting top level module uj11_probe_mmu_dp_relocation
@N: CG364 :"/tmp/uj11-cp34/uJ11-fpga/synth/machxo2/uj11_mmu_dp_compare.v":5:7:5:25|Synthesizing module uj11_mmu_dp_compare in library work.

	SHARED=32'b00000000000000000000000000000010
   Generated name = uj11_mmu_dp_compare_2s
@N: CG364 :"/tmp/uj11-cp34/uJ11-fpga/rtl/uj11_alu.v":4:7:4:14|Synthesizing module uj11_alu in library work.
Running optimization stage 1 on uj11_alu .......
Finished optimization stage 1 on uj11_alu (CPU Time 0h:00m:00s, Memory Used current: 191MB peak: 191MB)
@N: CG364 :"/tmp/uj11-cp34/uJ11-fpga/rtl/uj11_regfile.v":4:7:4:18|Synthesizing module uj11_regfile in library work.
Running optimization stage 1 on uj11_regfile .......
@N: CL134 :"/tmp/uj11-cp34/uJ11-fpga/rtl/uj11_regfile.v":13:4:13:9|Found RAM words, depth=16, width=16
@N: CL134 :"/tmp/uj11-cp34/uJ11-fpga/rtl/uj11_regfile.v":13:4:13:9|Found RAM words, depth=16, width=16
Finished optimization stage 1 on uj11_regfile (CPU Time 0h:00m:00s, Memory Used current: 191MB peak: 191MB)
@N: CG364 :"/tmp/uj11-cp34/uJ11-fpga/rtl/experimental/uj11_datapath_borrow.v":5:7:5:26|Synthesizing module uj11_datapath_borrow in library work.
@N: CG179 :"/tmp/uj11-cp34/uJ11-fpga/rtl/experimental/uj11_datapath_borrow.v":53:30:53:30|Removing redundant assignment.
Running optimization stage 1 on uj11_datapath_borrow .......
Finished optimization stage 1 on uj11_datapath_borrow (CPU Time 0h:00m:00s, Memory Used current: 191MB peak: 191MB)
Running optimization stage 1 on uj11_mmu_dp_compare_2s .......
Finished optimization stage 1 on uj11_mmu_dp_compare_2s (CPU Time 0h:00m:00s, Memory Used current: 191MB peak: 191MB)
@N: CG364 :"/tmp/uj11-cp34/uJ11-fpga/synth/machxo2/uj11_probe_mmu_dp.v":2:7:2:23|Synthesizing module uj11_probe_mmu_dp in library work.

	SHARED=32'b00000000000000000000000000000010
   Generated name = uj11_probe_mmu_dp_2s
Running optimization stage 1 on uj11_probe_mmu_dp_2s .......
Finished optimization stage 1 on uj11_probe_mmu_dp_2s (CPU Time 0h:00m:00s, Memory Used current: 191MB peak: 191MB)
@N: CG364 :"/tmp/uj11-cp34/uJ11-fpga/synth/machxo2/uj11_probe_mmu_dp_relocation.v":2:7:2:34|Synthesizing module uj11_probe_mmu_dp_relocation in library work.
Running optimization stage 1 on uj11_probe_mmu_dp_relocation .......
Finished optimization stage 1 on uj11_probe_mmu_dp_relocation (CPU Time 0h:00m:00s, Memory Used current: 191MB peak: 191MB)
Running optimization stage 2 on uj11_probe_mmu_dp_relocation .......
Finished optimization stage 2 on uj11_probe_mmu_dp_relocation (CPU Time 0h:00m:00s, Memory Used current: 191MB peak: 191MB)
Running optimization stage 2 on uj11_probe_mmu_dp_2s .......
Finished optimization stage 2 on uj11_probe_mmu_dp_2s (CPU Time 0h:00m:00s, Memory Used current: 191MB peak: 191MB)
Running optimization stage 2 on uj11_datapath_borrow .......
Finished optimization stage 2 on uj11_datapath_borrow (CPU Time 0h:00m:00s, Memory Used current: 192MB peak: 192MB)
Running optimization stage 2 on uj11_regfile .......
Finished optimization stage 2 on uj11_regfile (CPU Time 0h:00m:00s, Memory Used current: 192MB peak: 192MB)
Running optimization stage 2 on uj11_alu .......
Finished optimization stage 2 on uj11_alu (CPU Time 0h:00m:00s, Memory Used current: 193MB peak: 193MB)
Running optimization stage 2 on uj11_mmu_dp_compare_2s .......
Finished optimization stage 2 on uj11_mmu_dp_compare_2s (CPU Time 0h:00m:00s, Memory Used current: 193MB peak: 193MB)

For a summary of runtime per design unit, please see file:
==========================================================
@L: /tmp/uj11-cp34/uJ11-fpga/build/cp34c/impl1/synwork/layer0.duruntime



At c_ver Exit (Real Time elapsed 0h:00m:00s; CPU Time elapsed 0h:00m:00s; Memory used current: 193MB peak: 193MB)

Process took 0h:00m:01s realtime, 0h:00m:01s cputime

Process completed successfully.
# Thu Sep 10 10:49:43 2026

###########################################################]
###########################################################[

Copyright (C) 1994-2023 Synopsys, Inc.
This Synopsys software and all associated documentation are proprietary to Synopsys, Inc.
and may only be used pursuant to the terms and conditions of a written license agreement
with Synopsys, Inc. All other use, reproduction, modification, or distribution of the
Synopsys software or the associated documentation is strictly prohibited.
Tool: Synplify Pro (R)
Build: V-2023.09L-2
Install: /home/sash/.local/lscc/diamond/3.14/synpbase
OS: Ubuntu 24.04.4 LTS
Hostname: sashz-ubuntu
max virtual memory: unlimited (bytes)
max user processes: 512757
max stack size: 8388608 (bytes)


Implementation : impl1
Synopsys Synopsys Netlist Linker, Version comp202309synp1, Build 349R, Built Sep 17 2024 08:30:48, @5637152

@N|Running in 64-bit mode

At syn_nfilter Exit (Real Time elapsed 0h:00m:00s; CPU Time elapsed 0h:00m:00s; Memory used current: 197MB peak: 197MB)

Process took 0h:00m:01s realtime, 0h:00m:01s cputime

Process completed successfully.
# Thu Sep 10 10:49:43 2026

###########################################################]

For a summary of runtime and memory usage for all design units, please see file:
==========================================================
@L: /tmp/uj11-cp34/uJ11-fpga/build/cp34c/impl1/synwork/cp34c_impl1_comp.rt.csv

@END

At c_hdl Exit (Real Time elapsed 0h:00m:00s; CPU Time elapsed 0h:00m:00s; Memory used current: 41MB peak: 41MB)

Process took 0h:00m:01s realtime, 0h:00m:01s cputime

Process completed successfully.
# Thu Sep 10 10:49:43 2026

###########################################################]
###########################################################[

Copyright (C) 1994-2023 Synopsys, Inc.
This Synopsys software and all associated documentation are proprietary to Synopsys, Inc.
and may only be used pursuant to the terms and conditions of a written license agreement
with Synopsys, Inc. All other use, reproduction, modification, or distribution of the
Synopsys software or the associated documentation is strictly prohibited.
Tool: Synplify Pro (R)
Build: V-2023.09L-2
Install: /home/sash/.local/lscc/diamond/3.14/synpbase
OS: Ubuntu 24.04.4 LTS
Hostname: sashz-ubuntu
max virtual memory: unlimited (bytes)
max user processes: 512757
max stack size: 8388608 (bytes)


Implementation : impl1
Synopsys Synopsys Netlist Linker, Version comp202309synp1, Build 349R, Built Sep 17 2024 08:30:48, @5637152

@N|Running in 64-bit mode

At syn_nfilter Exit (Real Time elapsed 0h:00m:00s; CPU Time elapsed 0h:00m:00s; Memory used current: 198MB peak: 198MB)

Process took 0h:00m:01s realtime, 0h:00m:01s cputime

Process completed successfully.
# Thu Sep 10 10:49:45 2026

###########################################################]
Premap Report

# Thu Sep 10 10:49:45 2026


Copyright (C) 1994-2023 Synopsys, Inc.
This Synopsys software and all associated documentation are proprietary to Synopsys, Inc.
and may only be used pursuant to the terms and conditions of a written license agreement
with Synopsys, Inc. All other use, reproduction, modification, or distribution of the
Synopsys software or the associated documentation is strictly prohibited.
Tool: Synplify Pro (R)
Build: V-2023.09L-2
Install: /home/sash/.local/lscc/diamond/3.14/synpbase
OS: Ubuntu 24.04.4 LTS
Hostname: sashz-ubuntu
max virtual memory: unlimited (bytes)
max user processes: 512757
max stack size: 8388608 (bytes)


Implementation : impl1
Synopsys Lattice Technology Pre-mapping, Version map202309lat, Build 191R, Built Sep 17 2024 09:08:23, @5637152


Mapper Startup Complete (Real Time elapsed 0h:00m:00s; CPU Time elapsed 0h:00m:00s; Memory used current: 439MB peak: 439MB)


Done reading skeleton netlist (Real Time elapsed 0h:00m:00s; CPU Time elapsed 0h:00m:00s; Memory used current: 453MB peak: 454MB)

@A: MF827 |No constraint file specified.
@L: /tmp/uj11-cp34/uJ11-fpga/build/cp34c/impl1/cp34c_impl1_scck.rpt 
See clock summary report "/tmp/uj11-cp34/uJ11-fpga/build/cp34c/impl1/cp34c_impl1_scck.rpt"
@N: MF916 |Option synthesis_strategy=base is enabled. 
@N: MF248 |Running in 64-bit mode.
@N: MF666 |Clock conversion enabled. (Command "set_option -fix_gated_and_generated_clocks 1" in the project file.)

Design Input Complete (Real Time elapsed 0h:00m:00s; CPU Time elapsed 0h:00m:00s; Memory used current: 458MB peak: 459MB)


Mapper Initialization Complete (Real Time elapsed 0h:00m:00s; CPU Time elapsed 0h:00m:00s; Memory used current: 458MB peak: 459MB)


Start loading timing files (Real Time elapsed 0h:00m:00s; CPU Time elapsed 0h:00m:00s; Memory used current: 463MB peak: 463MB)


Finished loading timing files (Real Time elapsed 0h:00m:00s; CPU Time elapsed 0h:00m:00s; Memory used current: 465MB peak: 465MB)

NConnInternalConnection caching is on

Starting HSTDM IP insertion (Real Time elapsed 0h:00m:00s; CPU Time elapsed 0h:00m:00s; Memory used current: 514MB peak: 514MB)


Finished HSTDM IP insertion (Real Time elapsed 0h:00m:00s; CPU Time elapsed 0h:00m:00s; Memory used current: 514MB peak: 514MB)


Started DisTri Cleanup (Real Time elapsed 0h:00m:00s; CPU Time elapsed 0h:00m:00s; Memory used current: 514MB peak: 514MB)


Finished DisTri Cleanup (Real Time elapsed 0h:00m:00s; CPU Time elapsed 0h:00m:00s; Memory used current: 514MB peak: 514MB)


Starting clock optimization phase (Real Time elapsed 0h:00m:00s; CPU Time elapsed 0h:00m:00s; Memory used current: 514MB peak: 514MB)


mixed edge conversion for GCC is OFF

Finished clock optimization phase (Real Time elapsed 0h:00m:00s; CPU Time elapsed 0h:00m:00s; Memory used current: 514MB peak: 514MB)


Starting clock optimization report phase (Real Time elapsed 0h:00m:00s; CPU Time elapsed 0h:00m:00s; Memory used current: 514MB peak: 514MB)


Finished clock optimization report phase (Real Time elapsed 0h:00m:00s; CPU Time elapsed 0h:00m:00s; Memory used current: 514MB peak: 514MB)

@N: FX1184 |Applying syn_allowed_resources blockrams=7 on top level netlist uj11_probe_mmu_dp_relocation 

Finished netlist restructuring (Real Time elapsed 0h:00m:00s; CPU Time elapsed 0h:00m:00s; Memory used current: 514MB peak: 514MB)



Clock Summary
******************

          Start                                Requested     Requested     Clock        Clock          Clock
Level     Clock                                Frequency     Period        Type         Group          Load 
------------------------------------------------------------------------------------------------------------
0 -       uj11_probe_mmu_dp_relocation|clk     1.0 MHz       1000.000      inferred     (multiple)     205  
============================================================================================================



Clock Load Summary
***********************

                                     Clock     Source        Clock Pin                  Non-clock Pin     Non-clock Pin
Clock                                Load      Pin           Seq Example                Seq Example       Comb Example 
-----------------------------------------------------------------------------------------------------------------------
uj11_probe_mmu_dp_relocation|clk     205       clk(port)     probe.observe[101:0].C     -                 -            
=======================================================================================================================

@W: MT529 :"/tmp/uj11-cp34/uJ11-fpga/rtl/uj11_regfile.v":13:4:13:9|Found inferred clock uj11_probe_mmu_dp_relocation|clk which controls 205 sequential elements including probe.measured.shared\.dp.rf.words_1[15:0]. This clock has no specified timing constraint which may prevent conversion of gated or generated clocks and may adversely impact design performance. 

ICG Latch Removal Summary:
Number of ICG latches removed: 0
Number of ICG latches not removed:	0


@S |Clock Optimization Summary



#### START OF PREMAP CLOCK OPTIMIZATION REPORT #####[

1 non-gated/non-generated clock tree(s) driving 175 clock pin(s) of sequential element(s)
0 gated/generated clock tree(s) driving 0 clock pin(s) of sequential element(s)
0 instances converted, 0 sequential instances remain driven by gated/generated clocks

============================== Non-Gated/Non-Generated Clocks ==============================
Clock Tree ID     Driving Element     Drive Element Type     Fanout     Sample Instance     
--------------------------------------------------------------------------------------------
@KP:ckid0_0       clk                 port                   175        probe.stimulus[54:0]
============================================================================================


##### END OF CLOCK OPTIMIZATION REPORT ######


Summary of user generated gated clocks:
0 user generated gated/generated clock tree(s) driving 0 clock pin(s) of sequential element(s)

@N: FX1143 |Skipping assigning INTERNAL_VREF to iobanks, because the table of mapping from pin to iobank is not initialized.
Finished Pre Mapping Phase.

Starting constraint checker (Real Time elapsed 0h:00m:00s; CPU Time elapsed 0h:00m:00s; Memory used current: 514MB peak: 514MB)


Finished constraint checker preprocessing (Real Time elapsed 0h:00m:00s; CPU Time elapsed 0h:00m:00s; Memory used current: 514MB peak: 514MB)


Finished constraint checker (Real Time elapsed 0h:00m:00s; CPU Time elapsed 0h:00m:00s; Memory used current: 514MB peak: 514MB)

Pre-mapping successful!

At Mapper Exit (Real Time elapsed 0h:00m:00s; CPU Time elapsed 0h:00m:00s; Memory used current: 425MB peak: 514MB)

Process took 0h:00m:01s realtime, 0h:00m:01s cputime
# Thu Sep 10 10:49:45 2026

###########################################################]
Map & Optimize Report

# Thu Sep 10 10:49:45 2026


Copyright (C) 1994-2023 Synopsys, Inc.
This Synopsys software and all associated documentation are proprietary to Synopsys, Inc.
and may only be used pursuant to the terms and conditions of a written license agreement
with Synopsys, Inc. All other use, reproduction, modification, or distribution of the
Synopsys software or the associated documentation is strictly prohibited.
Tool: Synplify Pro (R)
Build: V-2023.09L-2
Install: /home/sash/.local/lscc/diamond/3.14/synpbase
OS: Ubuntu 24.04.4 LTS
Hostname: sashz-ubuntu
max virtual memory: unlimited (bytes)
max user processes: 512757
max stack size: 8388608 (bytes)


Implementation : impl1
Synopsys Lattice Technology Mapper, Version map202309lat, Build 191R, Built Sep 17 2024 09:08:23, @5637152


Mapper Startup Complete (Real Time elapsed 0h:00m:00s; CPU Time elapsed 0h:00m:00s; Memory used current: 439MB peak: 439MB)

@N: MF916 |Option synthesis_strategy=base is enabled. 
@N: MF248 |Running in 64-bit mode.
@N: MF666 |Clock conversion enabled. (Command "set_option -fix_gated_and_generated_clocks 1" in the project file.)

Design Input Complete (Real Time elapsed 0h:00m:00s; CPU Time elapsed 0h:00m:00s; Memory used current: 452MB peak: 454MB)


Mapper Initialization Complete (Real Time elapsed 0h:00m:00s; CPU Time elapsed 0h:00m:00s; Memory used current: 452MB peak: 454MB)


Start loading timing files (Real Time elapsed 0h:00m:00s; CPU Time elapsed 0h:00m:00s; Memory used current: 455MB peak: 455MB)


Finished loading timing files (Real Time elapsed 0h:00m:00s; CPU Time elapsed 0h:00m:00s; Memory used current: 463MB peak: 463MB)



Starting Optimization and Mapping (Real Time elapsed 0h:00m:00s; CPU Time elapsed 0h:00m:00s; Memory used current: 511MB peak: 511MB)


Available hyper_sources - for debug and ip models
	None Found


Finished RTL optimizations (Real Time elapsed 0h:00m:00s; CPU Time elapsed 0h:00m:00s; Memory used current: 512MB peak: 512MB)


Starting factoring (Real Time elapsed 0h:00m:00s; CPU Time elapsed 0h:00m:00s; Memory used current: 513MB peak: 513MB)


Finished factoring (Real Time elapsed 0h:00m:00s; CPU Time elapsed 0h:00m:00s; Memory used current: 537MB peak: 537MB)

NConnInternalConnection caching is on

Finished generic timing optimizations - Pass 1 (Real Time elapsed 0h:00m:00s; CPU Time elapsed 0h:00m:00s; Memory used current: 529MB peak: 537MB)

@W: BN161 :"/tmp/uj11-cp34/uJ11-fpga/synth/machxo2/uj11_probe_mmu_dp_relocation.v":2:7:2:34|Net probe.measured.un1_read_a has multiple drivers .
@W: BN161 :"/tmp/uj11-cp34/uJ11-fpga/synth/machxo2/uj11_probe_mmu_dp_relocation.v":2:7:2:34|Net probe.measured.un1_read_a_axb_7 has multiple drivers .
@W: BN161 :"/tmp/uj11-cp34/uJ11-fpga/synth/machxo2/uj11_probe_mmu_dp_relocation.v":2:7:2:34|Net N_42 has multiple drivers .
@W: BN161 :"/tmp/uj11-cp34/uJ11-fpga/synth/machxo2/uj11_probe_mmu_dp_relocation.v":2:7:2:34|Net probe.measured.shared\.dp.alu.un1_arithmetic_b has multiple drivers .

Starting Early Timing Optimization (Real Time elapsed 0h:00m:00s; CPU Time elapsed 0h:00m:00s; Memory used current: 529MB peak: 537MB)


Finished Early Timing Optimization (Real Time elapsed 0h:00m:00s; CPU Time elapsed 0h:00m:00s; Memory used current: 529MB peak: 537MB)


Finished generic timing optimizations - Pass 2 (Real Time elapsed 0h:00m:00s; CPU Time elapsed 0h:00m:00s; Memory used current: 529MB peak: 537MB)


Finished preparing to map (Real Time elapsed 0h:00m:00s; CPU Time elapsed 0h:00m:00s; Memory used current: 529MB peak: 537MB)


Finished technology mapping (Real Time elapsed 0h:00m:00s; CPU Time elapsed 0h:00m:01s; Memory used current: 561MB peak: 561MB)

Pass		 CPU time		Worst Slack		Luts / Registers
------------------------------------------------------------
   1		0h:00m:01s		   985.26ns		 395 /       173

Finished technology timing optimizations and critical path resynthesis (Real Time elapsed 0h:00m:00s; CPU Time elapsed 0h:00m:01s; Memory used current: 561MB peak: 561MB)

@N: FX164 |The option to pack registers in the IOB has not been specified. Please set syn_useioff attribute.  
@N: FO126 :"/tmp/uj11-cp34/uJ11-fpga/rtl/uj11_regfile.v":13:4:13:9|Generating RAM probe.measured.shared\.dp.rf.words_1[15:0]
@N: FO126 :"/tmp/uj11-cp34/uJ11-fpga/rtl/uj11_regfile.v":13:4:13:9|Generating RAM probe.measured.shared\.dp.rf.words[15:0]

Finished restoring hierarchy (Real Time elapsed 0h:00m:01s; CPU Time elapsed 0h:00m:01s; Memory used current: 561MB peak: 561MB)


Starting CDBProcessSetClockGroups... (Real Time elapsed 0h:00m:01s; CPU Time elapsed 0h:00m:01s; Memory used current: 561MB peak: 561MB)


Finished with CDBProcessSetClockGroups (Real Time elapsed 0h:00m:01s; CPU Time elapsed 0h:00m:01s; Memory used current: 561MB peak: 561MB)


Start Writing Netlists (Real Time elapsed 0h:00m:01s; CPU Time elapsed 0h:00m:01s; Memory used current: 561MB peak: 561MB)

Writing Analyst data base /tmp/uj11-cp34/uJ11-fpga/build/cp34c/impl1/synwork/cp34c_impl1_m.srm

Finished Writing Netlist Databases (Real Time elapsed 0h:00m:01s; CPU Time elapsed 0h:00m:01s; Memory used current: 561MB peak: 561MB)

Writing EDIF Netlist and constraint files
@N: FX1056 |Writing EDF file: /tmp/uj11-cp34/uJ11-fpga/build/cp34c/impl1/cp34c_impl1.edi
@N: BW106 |Synplicity Constraint File capacitance units using default value of 1pF 

Finished Writing EDIF Netlist and constraint files (Real Time elapsed 0h:00m:01s; CPU Time elapsed 0h:00m:01s; Memory used current: 568MB peak: 568MB)


Finished Writing Netlists (Real Time elapsed 0h:00m:01s; CPU Time elapsed 0h:00m:01s; Memory used current: 568MB peak: 568MB)


Start final timing analysis (Real Time elapsed 0h:00m:01s; CPU Time elapsed 0h:00m:01s; Memory used current: 568MB peak: 568MB)

@W: MT420 |Found inferred clock uj11_probe_mmu_dp_relocation|clk with period 1000.00ns. Please declare a user-defined clock on port clk.


##### START OF TIMING REPORT #####[
# Timing report written on Thu Sep 10 10:49:47 2026
#


Top view:               uj11_probe_mmu_dp_relocation
Requested Frequency:    1.0 MHz
Wire load mode:         top
Paths requested:        5
Constraint File(s):    
@N: MT320 |This timing report is an estimate of place and route data. For final timing results, use the FPGA vendor place and route report.

@N: MT322 |Clock constraints include only register-to-register paths associated with each individual clock.



Performance Summary
*******************


Worst slack in design: 987.466

                                     Requested     Estimated     Requested     Estimated                 Clock        Clock     
Starting Clock                       Frequency     Frequency     Period        Period        Slack       Type         Group     
--------------------------------------------------------------------------------------------------------------------------------
uj11_probe_mmu_dp_relocation|clk     1.0 MHz       79.8 MHz      1000.000      12.534        987.466     inferred     (multiple)
================================================================================================================================





Clock Relationships
*******************

Clocks                                                              |    rise  to  rise     |    fall  to  fall   |    rise  to  fall   |    fall  to  rise 
------------------------------------------------------------------------------------------------------------------------------------------------------------
Starting                          Ending                            |  constraint  slack    |  constraint  slack  |  constraint  slack  |  constraint  slack
------------------------------------------------------------------------------------------------------------------------------------------------------------
uj11_probe_mmu_dp_relocation|clk  uj11_probe_mmu_dp_relocation|clk  |  1000.000    987.466  |  No paths    -      |  No paths    -      |  No paths    -    
============================================================================================================================================================
 Note: 'No paths' indicates there are no paths in the design for that pair of clock edges.
       'Diff grp' indicates that paths exist but the starting clock and ending clock are in different clock groups.



Interface Information 
*********************

No IO constraint found



====================================
Detailed Report for Clock: uj11_probe_mmu_dp_relocation|clk
====================================



Starting Points with Worst Slack
********************************

                                   Starting                                                                  Arrival            
Instance                           Reference                            Type        Pin     Net              Time        Slack  
                                   Clock                                                                                        
--------------------------------------------------------------------------------------------------------------------------------
probe.stimulus[37]                 uj11_probe_mmu_dp_relocation|clk     FD1S3IX     Q       stimulus[37]     1.376       987.466
probe.stimulus[38]                 uj11_probe_mmu_dp_relocation|clk     FD1S3IX     Q       stimulus[38]     1.305       987.536
probe.stimulus[13]                 uj11_probe_mmu_dp_relocation|clk     FD1S3IX     Q       stimulus[13]     1.220       988.070
probe.stimulus[12]                 uj11_probe_mmu_dp_relocation|clk     FD1S3IX     Q       stimulus[12]     1.204       988.086
probe.stimulus[14]                 uj11_probe_mmu_dp_relocation|clk     FD1S3IX     Q       stimulus[14]     1.204       988.086
probe.stimulus[9]                  uj11_probe_mmu_dp_relocation|clk     FD1S3IX     Q       stimulus[9]      1.236       989.164
probe.stimulus[10]                 uj11_probe_mmu_dp_relocation|clk     FD1S3IX     Q       stimulus[10]     1.044       989.356
probe.measured.shared\.dp.q[0]     uj11_probe_mmu_dp_relocation|clk     FD1P3IX     Q       q[0]             1.108       989.499
probe.stimulus[18]                 uj11_probe_mmu_dp_relocation|clk     FD1S3IX     Q       stimulus[18]     1.108       989.499
probe.stimulus[8]                  uj11_probe_mmu_dp_relocation|clk     FD1S3IX     Q       stimulus[8]      1.044       989.563
================================================================================================================================


Ending Points with Worst Slack
******************************

                                               Starting                                                                        Required            
Instance                                       Reference                            Type         Pin     Net                   Time         Slack  
                                               Clock                                                                                               
---------------------------------------------------------------------------------------------------------------------------------------------------
probe.observe[36]                              uj11_probe_mmu_dp_relocation|clk     FD1S3IX      D       writeback[14]         999.894      987.466
probe.observe[37]                              uj11_probe_mmu_dp_relocation|clk     FD1S3IX      D       writeback[15]         999.894      987.466
probe.observe[19]                              uj11_probe_mmu_dp_relocation|clk     FD1S3IX      D       nzvc[1]               999.894      987.610
probe.observe[30]                              uj11_probe_mmu_dp_relocation|clk     FD1S3IX      D       writeback[8]          999.894      987.626
probe.measured.shared\.dp.rf.words_1_ram_1     uj11_probe_mmu_dp_relocation|clk     SPR16X4C     DI0     raw_writeback[8]      1000.000     987.732
probe.measured.shared\.dp.rf.words_ram_1       uj11_probe_mmu_dp_relocation|clk     DPR16X4C     DI0     raw_writeback[8]      1000.000     987.732
probe.observe[20]                              uj11_probe_mmu_dp_relocation|clk     FD1S3IX      D       nzvc[2]               999.894      987.895
probe.measured.shared\.dp.rf.words_1_ram_2     uj11_probe_mmu_dp_relocation|clk     SPR16X4C     DI2     raw_writeback[14]     1000.000     988.020
probe.measured.shared\.dp.rf.words_1_ram_2     uj11_probe_mmu_dp_relocation|clk     SPR16X4C     DI3     raw_writeback[15]     1000.000     988.020
probe.measured.shared\.dp.rf.words_ram_2       uj11_probe_mmu_dp_relocation|clk     DPR16X4C     DI2     raw_writeback[14]     1000.000     988.020
===================================================================================================================================================



Worst Path Information
***********************


Path information for path number 1: 
      Requested Period:                      1000.000
    - Setup time:                            0.106
    + Clock delay at ending point:           0.000 (ideal)
    = Required time:                         999.894

    - Propagation time:                      12.429
    - Clock delay at starting point:         0.000 (ideal)
    = Slack (critical) :                     987.466

    Number of logic level(s):                14
    Starting point:                          probe.stimulus[37] / Q
    Ending point:                            probe.observe[36] / D
    The start point is clocked by            uj11_probe_mmu_dp_relocation|clk [rising] (rise=0.000 fall=500.000 period=1000.000) on pin CK
    The end   point is clocked by            uj11_probe_mmu_dp_relocation|clk [rising] (rise=0.000 fall=500.000 period=1000.000) on pin CK

Instance / Net                                                          Pin      Pin               Arrival      No. of    
Name                                                       Type         Name     Dir     Delay     Time         Fan Out(s)
--------------------------------------------------------------------------------------------------------------------------
probe.stimulus[37]                                         FD1S3IX      Q        Out     1.376     1.376 r      -         
stimulus[37]                                               Net          -        -       -         -            64        
probe.measured.shared\.block_address                       ORCALUT4     A        In      0.000     1.376 r      -         
probe.measured.shared\.block_address                       ORCALUT4     Z        Out     0.449     1.825 r      -         
block_address                                              Net          -        -       -         -            33        
probe.measured.shared\.dp.un4_rf_write_3                   ORCALUT4     A        In      0.000     1.825 r      -         
probe.measured.shared\.dp.un4_rf_write_3                   ORCALUT4     Z        Out     1.317     3.141 f      -         
un4_rf_write_3                                             Net          -        -       -         -            18        
probe.measured.shared\.dp.un1_d_1[0]                       ORCALUT4     A        In      0.000     3.141 f      -         
probe.measured.shared\.dp.un1_d_1[0]                       ORCALUT4     Z        Out     1.017     4.158 f      -         
un1_d_1[0]                                                 Net          -        -       -         -            1         
probe.measured.shared\.dp.lhs[0]                           ORCALUT4     B        In      0.000     4.158 f      -         
probe.measured.shared\.dp.lhs[0]                           ORCALUT4     Z        Out     0.449     4.607 f      -         
lhs[0]                                                     Net          -        -       -         -            4         
probe.measured.shared\.dp.alu.un1_arithmetic_b_cry_0_0     CCU2D        A1       In      0.000     4.607 f      -         
probe.measured.shared\.dp.alu.un1_arithmetic_b_cry_0_0     CCU2D        COUT     Out     1.544     6.152 r      -         
un1_arithmetic_b_cry_0                                     Net          -        -       -         -            1         
probe.measured.shared\.dp.alu.un1_arithmetic_b_cry_1_0     CCU2D        CIN      In      0.000     6.152 r      -         
probe.measured.shared\.dp.alu.un1_arithmetic_b_cry_1_0     CCU2D        COUT     Out     0.143     6.294 r      -         
un1_arithmetic_b_cry_2                                     Net          -        -       -         -            1         
probe.measured.shared\.dp.alu.un1_arithmetic_b_cry_3_0     CCU2D        CIN      In      0.000     6.294 r      -         
probe.measured.shared\.dp.alu.un1_arithmetic_b_cry_3_0     CCU2D        COUT     Out     0.143     6.437 r      -         
un1_arithmetic_b_cry_4                                     Net          -        -       -         -            1         
probe.measured.shared\.dp.alu.un1_arithmetic_b_cry_5_0     CCU2D        CIN      In      0.000     6.437 r      -         
probe.measured.shared\.dp.alu.un1_arithmetic_b_cry_5_0     CCU2D        COUT     Out     0.143     6.580 r      -         
un1_arithmetic_b_cry_6                                     Net          -        -       -         -            1         
probe.measured.shared\.dp.alu.un1_arithmetic_b_cry_7_0     CCU2D        CIN      In      0.000     6.580 r      -         
probe.measured.shared\.dp.alu.un1_arithmetic_b_cry_7_0     CCU2D        S0       Out     1.621     8.201 r      -         
un1_arithmetic_b_cry_7_0_S0                                Net          -        -       -         -            2         
probe.measured.shared\.dp.alu.result[7]                    ORCALUT4     A        In      0.000     8.201 r      -         
probe.measured.shared\.dp.alu.result[7]                    ORCALUT4     Z        Out     1.297     9.498 r      -         
raw_result[7]                                              Net          -        -       -         -            13        
probe.measured.shared\.dp.ordinary_writeback_0[14]         ORCALUT4     D        In      0.000     9.498 r      -         
probe.measured.shared\.dp.ordinary_writeback_0[14]         ORCALUT4     Z        Out     1.017     10.514 r     -         
ordinary_writeback_0[14]                                   Net          -        -       -         -            1         
probe.measured.shared\.dp.writeback_1[14]                  ORCALUT4     B        In      0.000     10.514 r     -         
probe.measured.shared\.dp.writeback_1[14]                  ORCALUT4     Z        Out     1.017     11.531 f     -         
writeback_1[14]                                            Net          -        -       -         -            1         
probe.measured.shared\.dp.writeback[14]                    ORCALUT4     D        In      0.000     11.531 f     -         
probe.measured.shared\.dp.writeback[14]                    ORCALUT4     Z        Out     0.449     11.980 r     -         
raw_writeback[14]                                          Net          -        -       -         -            3         
probe.measured.writeback[14]                               ORCALUT4     A        In      0.000     11.980 r     -         
probe.measured.writeback[14]                               ORCALUT4     Z        Out     0.449     12.429 r     -         
writeback[14]                                              Net          -        -       -         -            1         
probe.observe[36]                                          FD1S3IX      D        In      0.000     12.429 r     -         
==========================================================================================================================



##### END OF TIMING REPORT #####]

Timing exceptions that could not be applied

Finished final timing analysis (Real Time elapsed 0h:00m:01s; CPU Time elapsed 0h:00m:01s; Memory used current: 568MB peak: 568MB)


Finished timing report (Real Time elapsed 0h:00m:01s; CPU Time elapsed 0h:00m:01s; Memory used current: 568MB peak: 568MB)

---------------------------------------
Resource Usage Report
Part: lcmxo2_1200hc-4

Register bits: 173 of 1280 (14%)
PIC Latch:       0
I/O cells:       4


Details:
CCU2D:          14
DPR16X4C:       4
FD1P3IX:        16
FD1S3IX:        156
GSR:            1
IB:             3
IFS1P3IX:       1
L6MUX21:        5
OB:             1
ORCALUT4:       390
PFUMX:          34
PUR:            1
SPR16X4C:       4
VHI:            6
VLO:            6
Mapper successful!

At Mapper Exit (Real Time elapsed 0h:00m:01s; CPU Time elapsed 0h:00m:01s; Memory used current: 479MB peak: 568MB)

Process took 0h:00m:01s realtime, 0h:00m:01s cputime
# Thu Sep 10 10:49:47 2026

###########################################################]


Synthesis exit by 0.

edif2ngd  -l "MachXO2" -d LCMXO2-1200HC -path "/tmp/uj11-cp34/uJ11-fpga/build/cp34c/impl1" -path "/tmp/uj11-cp34/uJ11-fpga/build/cp34c"   "/tmp/uj11-cp34/uJ11-fpga/build/cp34c/impl1/cp34c_impl1.edi" "cp34c_impl1.ngo"   
edif2ngd:  version Diamond (64-bit) 3.14.0.75.2

Copyright (c) 1991-1994 by NeoCAD Inc. All rights reserved.
Copyright (c) 1995 AT&T Corp.   All rights reserved.
Copyright (c) 1995-2001 Lucent Technologies Inc.  All rights reserved.
Copyright (c) 2001 Agere Systems   All rights reserved.
Copyright (c) 2002-2024 Lattice Semiconductor Corporation,  All rights reserved.
WARNING - edif2ngd: Unsupported property SHARED found - ignoring...
WARNING - edif2ngd: Unsupported property SHARED found - ignoring...
WARNING - edif2ngd: Unsupported property SHARED found - ignoring...
WARNING - edif2ngd: Unsupported property SHARED found - ignoring...
Writing the design to cp34c_impl1.ngo...

Total CPU Time: 0 secs  
Total REAL Time: 0 secs  
Peak Memory Usage: 33 MB


ngdbuild  -a "MachXO2" -d LCMXO2-1200HC  -p "/home/sash/.local/lscc/diamond/3.14/ispfpga/xo2c00/data"  -p "/tmp/uj11-cp34/uJ11-fpga/build/cp34c/impl1" -p "/tmp/uj11-cp34/uJ11-fpga/build/cp34c"  "cp34c_impl1.ngo" "cp34c_impl1.ngd"  	
ngdbuild:  version Diamond (64-bit) 3.14.0.75.2

Copyright (c) 1991-1994 by NeoCAD Inc. All rights reserved.
Copyright (c) 1995 AT&T Corp.   All rights reserved.
Copyright (c) 1995-2001 Lucent Technologies Inc.  All rights reserved.
Copyright (c) 2001 Agere Systems   All rights reserved.
Copyright (c) 2002-2024 Lattice Semiconductor Corporation,  All rights reserved.
Reading 'cp34c_impl1.ngo' ...
Loading NGL library '/home/sash/.local/lscc/diamond/3.14/ispfpga/xo2c00a/data/xo2alib.ngl'...
Loading NGL library '/home/sash/.local/lscc/diamond/3.14/ispfpga/xo2c00/data/xo2clib.ngl'...
Loading NGL library '/home/sash/.local/lscc/diamond/3.14/ispfpga/mg5g00/data/mg5glib.ngl'...
Loading NGL library '/home/sash/.local/lscc/diamond/3.14/ispfpga/or5g00/data/orc5glib.ngl'...


Running DRC...

DRC complete with no errors or warnings

Design Results:
    641 blocks expanded
Complete the first expansion.
Writing 'cp34c_impl1.ngd' ...
Total CPU Time: 0 secs 
Total REAL Time: 0 secs 
Peak Memory Usage: 69 MB


map -a "MachXO2" -p LCMXO2-1200HC -t QFN32 -s 4 -oc Commercial   "cp34c_impl1.ngd" -o "cp34c_impl1_map.ncd" -pr "cp34c_impl1.prf" -mp "cp34c_impl1.mrp" -lpf "/tmp/uj11-cp34/uJ11-fpga/build/cp34c/impl1/cp34c_impl1_synplify.lpf" -lpf "/tmp/uj11-cp34/uJ11-fpga/build/cp34c/clock.lpf"  -c 0 -pe          
map:  version Diamond (64-bit) 3.14.0.75.2

Copyright (c) 1991-1994 by NeoCAD Inc. All rights reserved.
Copyright (c) 1995 AT&T Corp.   All rights reserved.
Copyright (c) 1995-2001 Lucent Technologies Inc.  All rights reserved.
Copyright (c) 2001 Agere Systems   All rights reserved.
Copyright (c) 2002-2024 Lattice Semiconductor Corporation,  All rights reserved.
   Process the file: cp34c_impl1.ngd
   Picdevice="LCMXO2-1200HC"

   Pictype="QFN32"

   Picspeed=4

   Remove unused logic

   Do not produce over sized NCDs.

Part used: LCMXO2-1200HCQFN32, Performance used: 4.

Loading device for application map from file 'xo2c1200.nph' in environment: /home/sash/.local/lscc/diamond/3.14/ispfpga.
Package Status:                     Final          Version 1.44.

Running general design DRC...

Removing unused logic...

Optimizing...

2 CCU2 constant inputs absorbed.




Design Summary:
   Number of registers:    173 out of  1346 (13%)
      PFU registers:          172 out of  1280 (13%)
      PIO registers:            1 out of    66 (2%)
   Number of SLICEs:       233 out of   640 (36%)
      SLICEs as Logic/ROM:    209 out of   640 (33%)
      SLICEs as RAM:           24 out of   480 (5%)
      SLICEs as Carry:         14 out of   640 (2%)
   Number of LUT4s:        466 out of  1280 (36%)
      Number used as logic LUTs:        390
      Number used as distributed RAM:    48
      Number used as ripple logic:       28
      Number used as shift registers:     0
   Number of PIO sites used: 4 + 4(JTAG) out of 22 (36%)
   Number of block RAMs:  0 out of 7 (0%)
   Number of GSRs:        0 out of 1 (0%)
   EFB used :        No
   JTAG used :       No
   Readback used :   No
   Oscillator used : No
   Startup used :    No
   POR :             On
   Bandgap :         On
   Number of Power Controller:  0 out of 1 (0%)
   Number of Dynamic Bank Controller (BCINRD):  0 out of 4 (0%)
   Number of Dynamic Bank Controller (BCLVDSO):  0 out of 1 (0%)
   Number of DCCA:  0 out of 8 (0%)
   Number of DCMA:  0 out of 2 (0%)
   Number of PLLs:  0 out of 1 (0%)
   Number of DQSDLLs:  0 out of 2 (0%)
   Number of CLKDIVC:  0 out of 4 (0%)
   Number of ECLKSYNCA:  0 out of 4 (0%)
   Number of ECLKBRIDGECS:  0 out of 2 (0%)
   Notes:-
      1. Total number of LUT4s = (Number of logic LUT4s) + 2*(Number of distributed RAMs) + 2*(Number of ripple logic)
      2. Number of logic LUT4s does not include count of distributed RAM and ripple logic.
   Number of clocks:  1
     Net clk_c: 110 loads, 110 rising, 0 falling (Driver: PIO clk )
   Number of Clock Enables:  1
     Net probe/measured/shared.dp/un1_q20_i: 15 loads, 15 LSLICEs
   Number of LSRs:  1
     Net reset_c: 94 loads, 93 LSLICEs
   Number of nets driven by tri-state buffers:  0
   Top 10 highest fanout non-clock nets:
     Net reset_c: 95 loads
     Net probe/stimulus[37]: 68 loads
     Net probe/measured/shared.dp/N_43: 51 loads
     Net probe/measured/shared.dp/arithmetic: 32 loads
     Net probe/measured/un17_writeback: 31 loads
     Net probe/measured/block_address: 30 loads
     Net probe/stimulus[38]: 30 loads
     Net probe/stimulus[17]: 29 loads
     Net probe/stimulus[4]: 25 loads
     Net probe/stimulus[5]: 25 loads
 

   Number of warnings:  0
   Number of errors:    0



Total CPU Time: 0 secs  
Total REAL Time: 0 secs  
Peak Memory Usage: 153 MB

Dumping design to file cp34c_impl1_map.ncd.

mpartrce -p "cp34c_impl1.p2t" -f "cp34c_impl1.p3t" -tf "cp34c_impl1.pt" "cp34c_impl1_map.ncd" "cp34c_impl1.ncd"

---- MParTrce Tool ----
Removing old design directory at request of -rem command line option to this program.
Running par. Please wait . . .

Lattice Place and Route Report for Design "cp34c_impl1_map.ncd"
Thu Sep 10 10:49:48 2026

PAR: Place And Route Diamond (64-bit) 3.14.0.75.2.
Command Line: par -w -l 5 -i 6 -t 1 -c 0 -e 0 -exp parUseNBR=1:parCDP=0:parCDR=0:parPathBased=OFF:parASE=1 cp34c_impl1_map.ncd cp34c_impl1.dir/5_1.ncd cp34c_impl1.prf
Preference file: cp34c_impl1.prf.
Placement level-cost: 5-1.
Routing Iterations: 6

Loading design for application par from file cp34c_impl1_map.ncd.
Design name: uj11_probe_mmu_dp_relocation
NCD version: 3.3
Vendor:      LATTICE
Device:      LCMXO2-1200HC
Package:     QFN32
Performance: 4
Loading device for application par from file 'xo2c1200.nph' in environment: /home/sash/.local/lscc/diamond/3.14/ispfpga.
Package Status:                     Final          Version 1.44.
Performance Hardware Data Status:   Final          Version 36.4.
License checked out.


Ignore Preference Error(s):  True
Device utilization summary:

   PIO (prelim)    4+4(JTAG)/108     7% used
                   4+4(JTAG)/22      36% bonded
   IOLOGIC            1/108          <1% used

   SLICE            233/640          36% used



Number of Signals: 669
Number of Connections: 2201

Pin Constraint Summary:
   0 out of 4 pins locked (0% locked).

The following 1 signal is selected to use the primary clock routing resources:
    clk_c (driver: clk, clk load #: 110)


The following 2 signals are selected to use the secondary clock routing resources:
    reset_c (driver: reset, clk load #: 0, sr load #: 94, ce load #: 0)
    probe/measured/shared.dp/un1_q20_i (driver: probe/measured/shared.dp/SLICE_195, clk load #: 0, sr load #: 0, ce load #: 15)

No signal is selected as Global Set/Reset.
.
Starting Placer Phase 0.
.............
Finished Placer Phase 0.  REAL time: 0 secs 

Starting Placer Phase 1.
....................
Placer score = 110791.
Finished Placer Phase 1.  REAL time: 2 secs 

Starting Placer Phase 2.
.
Placer score =  110562
Finished Placer Phase 2.  REAL time: 3 secs 


------------------ Clock Report ------------------

Global Clock Resources:
  CLK_PIN    : 2 out of 8 (25%)
  PLL        : 0 out of 1 (0%)
  DCM        : 0 out of 2 (0%)
  DCC        : 0 out of 8 (0%)

Global Clocks:
  PRIMARY "clk_c" from comp "clk" on CLK_PIN site "13 (PB11A)", clk load = 110
  SECONDARY "reset_c" from comp "reset" on CLK_PIN site "4 (PL9A)", clk load = 0, ce load = 0, sr load = 94
  SECONDARY "probe/measured/shared.dp/un1_q20_i" from F0 on comp "probe/measured/shared.dp/SLICE_195" on site "R7C12B", clk load = 0, ce load = 15, sr load = 0

  PRIMARY  : 1 out of 8 (12%)
  SECONDARY: 2 out of 8 (25%)

Edge Clocks:
  No edge clock selected.

--------------- End of Clock Report ---------------


I/O Usage Summary (final):
   4 + 4(JTAG) out of 108 (7.4%) PIO sites used.
   4 + 4(JTAG) out of 22 (36.4%) bonded PIO sites used.
   Number of PIO comps: 4; differential: 0.
   Number of Vref pins used: 0.

I/O Bank Usage Summary:
+----------+--------------+------------+-----------+
| I/O Bank | Usage        | Bank Vccio | Bank Vref |
+----------+--------------+------------+-----------+
| 0        | 1 / 9 ( 11%) | 3.3V       | -         |
| 1        | 0 / 2 (  0%) | -          | -         |
| 2        | 2 / 9 ( 22%) | 3.3V       | -         |
| 3        | 1 / 2 ( 50%) | 3.3V       | -         |
+----------+--------------+------------+-----------+

Total placer CPU time: 2 secs 

Dumping design to file cp34c_impl1.dir/5_1.ncd.

0 connections routed; 2201 unrouted.
Starting router resource preassignment

Completed router resource preassignment. Real time: 3 secs 

Start NBR router at Thu Sep 10 10:49:51 +04 2026

*****************************************************************
Info: NBR allows conflicts(one node used by more than one signal)
      in the earlier iterations. In each iteration, it tries to  
      solve the conflicts while keeping the critical connections 
      routed as short as possible. The routing process is said to
      be completed when no conflicts exist and all connections   
      are routed.                                                
Note: NBR uses a different method to calculate timing slacks. The
      worst slack and total negative slack may not be the same as
      that in TRCE report. You should always run TRCE to verify  
      your design.                                               
*****************************************************************

Start NBR special constraint process at Thu Sep 10 10:49:51 +04 2026

Start NBR section for initial routing at Thu Sep 10 10:49:51 +04 2026
Level 4, iteration 1
60(0.07%) conflicts; 0(0.00%) untouched conn; 0 (nbr) score; 
Estimated worst slack/total negative slack<setup>: 9.344ns/0.000ns; real time: 3 secs 

Info: Initial congestion level at 75% usage is 0
Info: Initial congestion area  at 75% usage is 0 (0.00%)

Start NBR section for normal routing at Thu Sep 10 10:49:51 +04 2026
Level 4, iteration 1
20(0.02%) conflicts; 0(0.00%) untouched conn; 0 (nbr) score; 
Estimated worst slack/total negative slack<setup>: 9.625ns/0.000ns; real time: 3 secs 
Level 4, iteration 2
6(0.01%) conflicts; 0(0.00%) untouched conn; 0 (nbr) score; 
Estimated worst slack/total negative slack<setup>: 9.625ns/0.000ns; real time: 3 secs 
Level 4, iteration 3
4(0.00%) conflicts; 0(0.00%) untouched conn; 0 (nbr) score; 
Estimated worst slack/total negative slack<setup>: 9.625ns/0.000ns; real time: 3 secs 
Level 4, iteration 4
2(0.00%) conflicts; 0(0.00%) untouched conn; 0 (nbr) score; 
Estimated worst slack/total negative slack<setup>: 9.625ns/0.000ns; real time: 3 secs 
Level 4, iteration 5
0(0.00%) conflict; 0(0.00%) untouched conn; 0 (nbr) score; 
Estimated worst slack/total negative slack<setup>: 9.625ns/0.000ns; real time: 3 secs 

Start NBR section for setup/hold timing optimization with effort level 3 at Thu Sep 10 10:49:51 +04 2026

Start NBR section for re-routing at Thu Sep 10 10:49:51 +04 2026
Level 4, iteration 1
0(0.00%) conflict; 0(0.00%) untouched conn; 0 (nbr) score; 
Estimated worst slack/total negative slack<setup>: 9.625ns/0.000ns; real time: 3 secs 

Start NBR section for post-routing at Thu Sep 10 10:49:51 +04 2026

End NBR router with 0 unrouted connection

NBR Summary
-----------
  Number of unrouted connections : 0 (0.00%)
  Number of connections with timing violations : 0 (0.00%)
  Estimated worst slack<setup> : 9.625ns
  Timing score<setup> : 0
-----------
Notes: The timing info is calculated for SETUP only and all PAR_ADJs are ignored.



Total CPU time 4 secs 
Total REAL time: 4 secs 
Completely routed.
End of route.  2201 routed (100.00%); 0 unrouted.

Hold time timing score: 0, hold timing errors: 0

Timing score: 0 

Dumping design to file cp34c_impl1.dir/5_1.ncd.


PAR_SUMMARY::Run status = Completed
PAR_SUMMARY::Number of unrouted conns = 0
PAR_SUMMARY::Worst  slack<setup/<ns>> = 9.625
PAR_SUMMARY::Timing score<setup/<ns>> = 0.000
PAR_SUMMARY::Worst  slack<hold /<ns>> = 0.141
PAR_SUMMARY::Timing score<hold /<ns>> = 0.000
PAR_SUMMARY::Number of errors = 0

Total CPU  time to completion: 4 secs 
Total REAL time to completion: 4 secs 

par done!

Note: user must run 'Trace' for timing closure signoff.

Copyright (c) 1991-1994 by NeoCAD Inc. All rights reserved.
Copyright (c) 1995 AT&T Corp.   All rights reserved.
Copyright (c) 1995-2001 Lucent Technologies Inc.  All rights reserved.
Copyright (c) 2001 Agere Systems   All rights reserved.
Copyright (c) 2002-2024 Lattice Semiconductor Corporation,  All rights reserved.
Exiting par with exit code 0
Exiting mpartrce with exit code 0

trce -f "cp34c_impl1.pt" -o "cp34c_impl1.twr" "cp34c_impl1.ncd" "cp34c_impl1.prf"
trce:  version Diamond (64-bit) 3.14.0.75.2

Copyright (c) 1991-1994 by NeoCAD Inc. All rights reserved.
Copyright (c) 1995 AT&T Corp.   All rights reserved.
Copyright (c) 1995-2001 Lucent Technologies Inc.  All rights reserved.
Copyright (c) 2001 Agere Systems   All rights reserved.
Copyright (c) 2002-2024 Lattice Semiconductor Corporation,  All rights reserved.

Loading design for application trce from file cp34c_impl1.ncd.
Design name: uj11_probe_mmu_dp_relocation
NCD version: 3.3
Vendor:      LATTICE
Device:      LCMXO2-1200HC
Package:     QFN32
Performance: 4
Loading device for application trce from file 'xo2c1200.nph' in environment: /home/sash/.local/lscc/diamond/3.14/ispfpga.
Package Status:                     Final          Version 1.44.
Performance Hardware Data Status:   Final          Version 36.4.
Setup and Hold Report

--------------------------------------------------------------------------------
Lattice TRACE Report - Setup, Version Diamond (64-bit) 3.14.0.75.2
Thu Sep 10 10:49:54 2026

Copyright (c) 1991-1994 by NeoCAD Inc. All rights reserved.
Copyright (c) 1995 AT&T Corp.   All rights reserved.
Copyright (c) 1995-2001 Lucent Technologies Inc.  All rights reserved.
Copyright (c) 2001 Agere Systems   All rights reserved.
Copyright (c) 2002-2024 Lattice Semiconductor Corporation,  All rights reserved.

Report Information
------------------
Command line:    trce -v 10 -c -u 0 -gt -sethld -sp 4 -sphld m -o cp34c_impl1.twr cp34c_impl1.ncd cp34c_impl1.prf 
Design file:     cp34c_impl1.ncd
Preference file: cp34c_impl1.prf
Device,speed:    LCMXO2-1200HC,4
Report level:    verbose report, limited to 10 items per preference
--------------------------------------------------------------------------------

BLOCK ASYNCPATHS
BLOCK RESETPATHS
--------------------------------------------------------------------------------



Timing summary (Setup):
---------------

Timing errors: 0  Score: 0
Cumulative negative slack: 0

Constraints cover 201757 paths, 1 nets, and 1968 connections (89.41% coverage)

--------------------------------------------------------------------------------
Lattice TRACE Report - Hold, Version Diamond (64-bit) 3.14.0.75.2
Thu Sep 10 10:49:54 2026

Copyright (c) 1991-1994 by NeoCAD Inc. All rights reserved.
Copyright (c) 1995 AT&T Corp.   All rights reserved.
Copyright (c) 1995-2001 Lucent Technologies Inc.  All rights reserved.
Copyright (c) 2001 Agere Systems   All rights reserved.
Copyright (c) 2002-2024 Lattice Semiconductor Corporation,  All rights reserved.

Report Information
------------------
Command line:    trce -v 10 -c -u 0 -gt -sethld -sp 4 -sphld m -o cp34c_impl1.twr cp34c_impl1.ncd cp34c_impl1.prf 
Design file:     cp34c_impl1.ncd
Preference file: cp34c_impl1.prf
Device,speed:    LCMXO2-1200HC,m
Report level:    verbose report, limited to 10 items per preference
--------------------------------------------------------------------------------

BLOCK ASYNCPATHS
BLOCK RESETPATHS
--------------------------------------------------------------------------------



Timing summary (Hold):
---------------

Timing errors: 0  Score: 0
Cumulative negative slack: 0

Constraints cover 201757 paths, 1 nets, and 1968 connections (89.41% coverage)



Timing summary (Setup and Hold):
---------------

Timing errors: 0 (setup), 0 (hold)
Score: 0 (setup), 0 (hold)
Cumulative negative slack: 0 (0+0)
--------------------------------------------------------------------------------

--------------------------------------------------------------------------------

Total CPU Time: 0 secs 
Total REAL Time: 0 secs 
Peak Memory Usage: 124 MB

Nothing is executed for the "PAR - PARTrace" process
