SD image: /Users/sash/Work/PROJECTS/k1801vm1/uJ11-fpga/build/cp73-fp11/rt11-final/test.dsk (53790 sectors), read-only backing, 256-sector RAM overlay
CP73 progress 20000000 phase0 PC004466 UART0
CP73 progress 40000000 phase0 PC160430 UART24
CP73 progress 60000000 phase0 PC160430 UART66
CP73 progress 80000000 phase1 PC070324 UART96
CP73 progress 100000000 phase1 PC001422 UART175
CP73 progress 120000000 phase1 PC143312 UART241
CP73 progress 140000000 phase1 PC001322 UART471
CP73 progress 160000000 phase2 PC004466 UART541
CP73 progress 180000000 phase2 PC070514 UART565
CP73 progress 200000000 phase2 PC160224 UART603
CP73 progress 220000000 phase2 PC160430 UART627
CP73 progress 240000000 phase3 PC031556 UART897
CP73 progress 260000000 phase3 PC031542 UART1294
CP73 progress 280000000 phase3 PC014726 UART1666
CP73 progress 300000000 phase3 PC014726 UART2210
CP73 progress 320000000 phase3 PC031506 UART2596
CP73 progress 340000000 phase3 PC031532 UART2990
CP73 progress 360000000 phase3 PC014726 UART3512
CP73 progress 380000000 phase3 PC031532 UART3898
CP73 progress 400000000 phase3 PC031534 UART4343
CP73 progress 420000000 phase3 PC070324 UART4484
CP73 progress 440000000 phase4 PC004466 UART4487
CP73 progress 460000000 phase4 PC160430 UART4511
CP73 progress 480000000 phase4 PC160430 UART4549
CP73 progress 500000000 phase4 PC110310 UART4583
CP73 progress 520000000 phase5 PC004466 UART4680
CP73 progress 540000000 phase5 PC160224 UART4680
CP73 progress 560000000 phase5 PC142604 UART4737
CP73 progress 580000000 phase5 PC142524 UART4763
PASS CP73 RT11 modules: 56 checks, 592741136 clocks, 4779 UART bytes
- build/cp73-fp11/rt11-final/tb.v:209: Verilog $finish
- S i m u l a t i o n   R e p o r t: Verilator 5.050 2026-07-01
- Verilator: $finish at 6s; walltime 650.536 s; speed 9.112 ms/s
- Verilator: cpu 649.189 s on 1 threads; allocated 2 MB
