SD image: /Users/sash/Work/PROJECTS/k1801vm1/uJ11-fpga/build/cp79-rt11/test.dsk (53790 sectors), read-only backing, 256-sector RAM overlay
CP79 progress 20000000 phase0 PC004466 UART0
CP79 progress 40000000 phase0 PC160430 UART24
CP79 progress 60000000 phase0 PC160430 UART66
CP79 progress 80000000 phase1 PC070324 UART96
CP79 progress 100000000 phase1 PC001422 UART175
CP79 progress 120000000 phase1 PC001346 UART175
CP79 progress 140000000 phase1 PC153046 UART432
CP79 progress 160000000 phase2 PC004020 UART541
CP79 progress 180000000 phase2 PC004466 UART541
CP79 progress 200000000 phase2 PC160430 UART565
CP79 progress 220000000 phase2 PC160354 UART607
CP79 progress 240000000 phase3 PC152442 UART644
CP79 progress 260000000 phase3 PC033326 UART953
CP79 progress 280000000 phase3 PC033322 UART1427
CP79 progress 300000000 phase3 PC033362 UART1819
CP79 progress 320000000 phase3 PC014406 UART2293
CP79 progress 340000000 phase3 PC033320 UART2772
CP79 progress 360000000 phase3 PC033054 UART3147
CP79 progress 380000000 phase3 PC014726 UART3709
CP79 progress 400000000 phase3 PC033360 UART4117
CP79 progress 420000000 phase3 PC014726 UART4511
CP79 progress 440000000 phase3 PC033362 UART4919
CP79 progress 460000000 phase3 PC014356 UART5399
CP79 progress 480000000 phase3 PC014724 UART5860
CP79 progress 500000000 phase3 PC033320 UART6253
CP79 progress 520000000 phase3 PC032614 UART6820
CP79 progress 540000000 phase3 PC014726 UART7218
CP79 progress 560000000 phase3 PC033334 UART7605
CP79 progress 580000000 phase3 PC033324 UART8132
CP79 progress 600000000 phase3 PC033354 UART8519
CP79 progress 620000000 phase3 PC014344 UART8906
CP79 progress 640000000 phase3 PC033352 UART9358
CP79 progress 660000000 phase3 PC070324 UART9481
CP79 progress 680000000 phase4 PC004466 UART9484
CP79 progress 700000000 phase4 PC160430 UART9508
CP79 progress 720000000 phase4 PC160430 UART9546
CP79 progress 740000000 phase4 PC157076 UART9580
CP79 progress 760000000 phase5 PC004466 UART9677
CP79 progress 780000000 phase5 PC160226 UART9677
CP79 progress 800000000 phase5 PC153032 UART9732
CP79 progress 820000000 phase5 PC142612 UART9760
PASS CP79 RT11 modules: 99 checks, 832783650 clocks, 9776 UART bytes
- build/cp79-rt11/tb.v:244: Verilog $finish
- S i m u l a t i o n   R e p o r t: Verilator 5.050 2026-07-01
- Verilator: $finish at 8s; walltime 937.116 s; speed 8.887 ms/s
- Verilator: cpu 934.890 s on 1 threads; allocated 2 MB
