EA BENCH mode-1 MOV_mem_reg_byte: 3736 clocks / 256 instructions, 504 memory beats, 0 CS, 0 SPI clocks
EA BENCH mode-1 MOV_reg_mem_byte: 4232 clocks / 256 instructions, 504 memory beats, 0 CS, 0 SPI clocks
EA BENCH mode-1 MOV_mem_mem_byte: 4728 clocks / 256 instructions, 752 memory beats, 0 CS, 0 SPI clocks
EA BENCH mode-1 CMP_mem_mem_byte: 4976 clocks / 256 instructions, 752 memory beats, 0 CS, 0 SPI clocks
EA BENCH mode-1 MOV_immediate_reg_byte: 4232 clocks / 256 instructions, 504 memory beats, 0 CS, 0 SPI clocks
EA BENCH mode-1 MOV_indexed_reg_byte: 4480 clocks / 256 instructions, 752 memory beats, 0 CS, 0 SPI clocks
EA BENCH mode-1 MOV_mem_indexed_byte: 5224 clocks / 256 instructions, 1000 memory beats, 0 CS, 0 SPI clocks
EA BENCH mode-1 MOV_indexed_indexed_byte: 5968 clocks / 256 instructions, 1248 memory beats, 0 CS, 0 SPI clocks
EA BENCH mode-1 MOV_autoinc_autoinc_byte: 5472 clocks / 256 instructions, 752 memory beats, 0 CS, 0 SPI clocks
EA BENCH mode-1 MOV_stack_push_byte: 4480 clocks / 256 instructions, 504 memory beats, 0 CS, 0 SPI clocks
EA BENCH mode-1 MOV_absolute_absolute_byte: 6464 clocks / 256 instructions, 1248 memory beats, 0 CS, 0 SPI clocks
EA BENCH mode-1 BIT_mem_reg_byte: 3736 clocks / 256 instructions, 504 memory beats, 0 CS, 0 SPI clocks
EA BENCH mode-1 BIT_reg_mem_byte: 4480 clocks / 256 instructions, 504 memory beats, 0 CS, 0 SPI clocks
EA BENCH mode-1 BIT_mem_mem_byte: 4976 clocks / 256 instructions, 752 memory beats, 0 CS, 0 SPI clocks
EA BENCH mode-1 BIC_mem_reg_byte: 3736 clocks / 256 instructions, 504 memory beats, 0 CS, 0 SPI clocks
EA BENCH mode-1 BIC_reg_mem_byte: 4976 clocks / 256 instructions, 752 memory beats, 0 CS, 0 SPI clocks
EA BENCH mode-1 BIC_mem_mem_byte: 5472 clocks / 256 instructions, 1000 memory beats, 0 CS, 0 SPI clocks
EA BENCH mode-1 BIS_mem_reg_byte: 3736 clocks / 256 instructions, 504 memory beats, 0 CS, 0 SPI clocks
EA BENCH mode-1 BIS_reg_mem_byte: 4976 clocks / 256 instructions, 752 memory beats, 0 CS, 0 SPI clocks
EA BENCH mode-1 BIS_mem_mem_byte: 5472 clocks / 256 instructions, 1000 memory beats, 0 CS, 0 SPI clocks
PASS byte benchmarks mode-1: 20 loops x 256 retirements, 32 warmup excluded
tb/tb_ea_bench.v:155: $finish called at 1078656000 (1ps)
EA BENCH mode0 MOV_mem_reg_byte: 52440 clocks / 256 instructions, 504 memory beats, 504 CS, 22208 SPI clocks
EA BENCH mode0 MOV_reg_mem_byte: 57152 clocks / 256 instructions, 504 memory beats, 752 CS, 24192 SPI clocks
EA BENCH mode0 MOV_mem_mem_byte: 79472 clocks / 256 instructions, 752 memory beats, 1000 CS, 34112 SPI clocks
EA BENCH mode0 CMP_mem_mem_byte: 75504 clocks / 256 instructions, 752 memory beats, 752 CS, 32128 SPI clocks
EA BENCH mode0 MOV_immediate_reg_byte: 52936 clocks / 256 instructions, 504 memory beats, 504 CS, 22208 SPI clocks
EA BENCH mode0 MOV_indexed_reg_byte: 79224 clocks / 256 instructions, 752 memory beats, 752 CS, 34112 SPI clocks
EA BENCH mode0 MOV_mem_indexed_byte: 106008 clocks / 256 instructions, 1000 memory beats, 1248 CS, 46016 SPI clocks
EA BENCH mode0 MOV_indexed_indexed_byte: 132792 clocks / 256 instructions, 1248 memory beats, 1496 CS, 57920 SPI clocks
EA BENCH mode0 MOV_autoinc_autoinc_byte: 80216 clocks / 256 instructions, 752 memory beats, 1000 CS, 34112 SPI clocks
EA BENCH mode0 MOV_stack_push_byte: 57400 clocks / 256 instructions, 504 memory beats, 752 CS, 24192 SPI clocks
EA BENCH mode0 MOV_absolute_absolute_byte: 133288 clocks / 256 instructions, 1248 memory beats, 1496 CS, 57920 SPI clocks
EA BENCH mode0 BIT_mem_reg_byte: 52440 clocks / 256 instructions, 504 memory beats, 504 CS, 22208 SPI clocks
EA BENCH mode0 BIT_reg_mem_byte: 53184 clocks / 256 instructions, 504 memory beats, 504 CS, 22208 SPI clocks
EA BENCH mode0 BIT_mem_mem_byte: 75504 clocks / 256 instructions, 752 memory beats, 752 CS, 32128 SPI clocks
EA BENCH mode0 BIC_mem_reg_byte: 52440 clocks / 256 instructions, 504 memory beats, 504 CS, 22208 SPI clocks
EA BENCH mode0 BIC_reg_mem_byte: 79720 clocks / 256 instructions, 752 memory beats, 1000 CS, 34112 SPI clocks
EA BENCH mode0 BIC_mem_mem_byte: 102040 clocks / 256 instructions, 1000 memory beats, 1248 CS, 44032 SPI clocks
EA BENCH mode0 BIS_mem_reg_byte: 52440 clocks / 256 instructions, 504 memory beats, 504 CS, 22208 SPI clocks
EA BENCH mode0 BIS_reg_mem_byte: 79720 clocks / 256 instructions, 752 memory beats, 1000 CS, 34112 SPI clocks
EA BENCH mode0 BIS_mem_mem_byte: 102040 clocks / 256 instructions, 1000 memory beats, 1248 CS, 44032 SPI clocks
PASS byte benchmarks mode0: 20 loops x 256 retirements, 32 warmup excluded
tb/tb_ea_bench.v:155: $finish called at 17508246000 (1ps)
EA BENCH mode1 MOV_mem_reg_byte: 52440 clocks / 256 instructions, 504 memory beats, 504 CS, 22208 SPI clocks
EA BENCH mode1 MOV_reg_mem_byte: 57152 clocks / 256 instructions, 504 memory beats, 752 CS, 24192 SPI clocks
EA BENCH mode1 MOV_mem_mem_byte: 79472 clocks / 256 instructions, 752 memory beats, 1000 CS, 34112 SPI clocks
EA BENCH mode1 CMP_mem_mem_byte: 75504 clocks / 256 instructions, 752 memory beats, 752 CS, 32128 SPI clocks
EA BENCH mode1 MOV_immediate_reg_byte: 23424 clocks / 256 instructions, 504 memory beats, 8 CS, 8320 SPI clocks
EA BENCH mode1 MOV_indexed_reg_byte: 62360 clocks / 256 instructions, 752 memory beats, 504 CS, 26176 SPI clocks
EA BENCH mode1 MOV_mem_indexed_byte: 106008 clocks / 256 instructions, 1000 memory beats, 1248 CS, 46016 SPI clocks
EA BENCH mode1 MOV_indexed_indexed_byte: 115928 clocks / 256 instructions, 1248 memory beats, 1248 CS, 49984 SPI clocks
EA BENCH mode1 MOV_autoinc_autoinc_byte: 80216 clocks / 256 instructions, 752 memory beats, 1000 CS, 34112 SPI clocks
EA BENCH mode1 MOV_stack_push_byte: 57400 clocks / 256 instructions, 504 memory beats, 752 CS, 24192 SPI clocks
EA BENCH mode1 MOV_absolute_absolute_byte: 116424 clocks / 256 instructions, 1248 memory beats, 1248 CS, 49984 SPI clocks
EA BENCH mode1 BIT_mem_reg_byte: 52440 clocks / 256 instructions, 504 memory beats, 504 CS, 22208 SPI clocks
EA BENCH mode1 BIT_reg_mem_byte: 53184 clocks / 256 instructions, 504 memory beats, 504 CS, 22208 SPI clocks
EA BENCH mode1 BIT_mem_mem_byte: 75504 clocks / 256 instructions, 752 memory beats, 752 CS, 32128 SPI clocks
EA BENCH mode1 BIC_mem_reg_byte: 52440 clocks / 256 instructions, 504 memory beats, 504 CS, 22208 SPI clocks
EA BENCH mode1 BIC_reg_mem_byte: 79720 clocks / 256 instructions, 752 memory beats, 1000 CS, 34112 SPI clocks
EA BENCH mode1 BIC_mem_mem_byte: 102040 clocks / 256 instructions, 1000 memory beats, 1248 CS, 44032 SPI clocks
EA BENCH mode1 BIS_mem_reg_byte: 52440 clocks / 256 instructions, 504 memory beats, 504 CS, 22208 SPI clocks
EA BENCH mode1 BIS_reg_mem_byte: 79720 clocks / 256 instructions, 752 memory beats, 1000 CS, 34112 SPI clocks
EA BENCH mode1 BIS_mem_mem_byte: 102040 clocks / 256 instructions, 1000 memory beats, 1248 CS, 44032 SPI clocks
PASS byte benchmarks mode1: 20 loops x 256 retirements, 32 warmup excluded
tb/tb_ea_bench.v:155: $finish called at 16607076000 (1ps)
EA BENCH mode2 MOV_mem_reg_byte: 52440 clocks / 256 instructions, 504 memory beats, 504 CS, 22208 SPI clocks
EA BENCH mode2 MOV_reg_mem_byte: 57152 clocks / 256 instructions, 504 memory beats, 752 CS, 24192 SPI clocks
EA BENCH mode2 MOV_mem_mem_byte: 79472 clocks / 256 instructions, 752 memory beats, 1000 CS, 34112 SPI clocks
EA BENCH mode2 CMP_mem_mem_byte: 75504 clocks / 256 instructions, 752 memory beats, 752 CS, 32128 SPI clocks
EA BENCH mode2 MOV_immediate_reg_byte: 21936 clocks / 256 instructions, 504 memory beats, 8 CS, 8320 SPI clocks
EA BENCH mode2 MOV_indexed_reg_byte: 62360 clocks / 256 instructions, 752 memory beats, 504 CS, 26176 SPI clocks
EA BENCH mode2 MOV_mem_indexed_byte: 106008 clocks / 256 instructions, 1000 memory beats, 1248 CS, 46016 SPI clocks
EA BENCH mode2 MOV_indexed_indexed_byte: 115928 clocks / 256 instructions, 1248 memory beats, 1248 CS, 49984 SPI clocks
EA BENCH mode2 MOV_autoinc_autoinc_byte: 80216 clocks / 256 instructions, 752 memory beats, 1000 CS, 34112 SPI clocks
EA BENCH mode2 MOV_stack_push_byte: 57400 clocks / 256 instructions, 504 memory beats, 752 CS, 24192 SPI clocks
EA BENCH mode2 MOV_absolute_absolute_byte: 116424 clocks / 256 instructions, 1248 memory beats, 1248 CS, 49984 SPI clocks
EA BENCH mode2 BIT_mem_reg_byte: 52440 clocks / 256 instructions, 504 memory beats, 504 CS, 22208 SPI clocks
EA BENCH mode2 BIT_reg_mem_byte: 53184 clocks / 256 instructions, 504 memory beats, 504 CS, 22208 SPI clocks
EA BENCH mode2 BIT_mem_mem_byte: 75504 clocks / 256 instructions, 752 memory beats, 752 CS, 32128 SPI clocks
EA BENCH mode2 BIC_mem_reg_byte: 52440 clocks / 256 instructions, 504 memory beats, 504 CS, 22208 SPI clocks
EA BENCH mode2 BIC_reg_mem_byte: 79720 clocks / 256 instructions, 752 memory beats, 1000 CS, 34112 SPI clocks
EA BENCH mode2 BIC_mem_mem_byte: 102040 clocks / 256 instructions, 1000 memory beats, 1248 CS, 44032 SPI clocks
EA BENCH mode2 BIS_mem_reg_byte: 52440 clocks / 256 instructions, 504 memory beats, 504 CS, 22208 SPI clocks
EA BENCH mode2 BIS_reg_mem_byte: 79720 clocks / 256 instructions, 752 memory beats, 1000 CS, 34112 SPI clocks
EA BENCH mode2 BIS_mem_mem_byte: 102040 clocks / 256 instructions, 1000 memory beats, 1248 CS, 44032 SPI clocks
PASS byte benchmarks mode2: 20 loops x 256 retirements, 32 warmup excluded
tb/tb_ea_bench.v:155: $finish called at 16590336000 (1ps)
CP9 BENCH mode-1 CLRB_reg: 512 clocks / 256 instructions, 256 memory beats, 0 CS, 0 SPI clocks
CP9 BENCH mode-1 COMB_reg: 512 clocks / 256 instructions, 256 memory beats, 0 CS, 0 SPI clocks
CP9 BENCH mode-1 INCB_reg: 512 clocks / 256 instructions, 256 memory beats, 0 CS, 0 SPI clocks
CP9 BENCH mode-1 DECB_reg: 512 clocks / 256 instructions, 256 memory beats, 0 CS, 0 SPI clocks
CP9 BENCH mode-1 NEGB_reg: 512 clocks / 256 instructions, 256 memory beats, 0 CS, 0 SPI clocks
CP9 BENCH mode-1 ADCB_reg: 512 clocks / 256 instructions, 256 memory beats, 0 CS, 0 SPI clocks
CP9 BENCH mode-1 SBCB_reg: 512 clocks / 256 instructions, 256 memory beats, 0 CS, 0 SPI clocks
CP9 BENCH mode-1 TSTB_reg: 512 clocks / 256 instructions, 256 memory beats, 0 CS, 0 SPI clocks
CP9 BENCH mode-1 RORB_reg: 512 clocks / 256 instructions, 256 memory beats, 0 CS, 0 SPI clocks
CP9 BENCH mode-1 ROLB_reg: 512 clocks / 256 instructions, 256 memory beats, 0 CS, 0 SPI clocks
CP9 BENCH mode-1 ASRB_reg: 512 clocks / 256 instructions, 256 memory beats, 0 CS, 0 SPI clocks
CP9 BENCH mode-1 ASLB_reg: 512 clocks / 256 instructions, 256 memory beats, 0 CS, 0 SPI clocks
CP9 BENCH mode-1 CLRB_mem: 2496 clocks / 256 instructions, 504 memory beats, 0 CS, 0 SPI clocks
CP9 BENCH mode-1 COMB_mem: 2744 clocks / 256 instructions, 752 memory beats, 0 CS, 0 SPI clocks
CP9 BENCH mode-1 INCB_mem: 2992 clocks / 256 instructions, 752 memory beats, 0 CS, 0 SPI clocks
CP9 BENCH mode-1 DECB_mem: 2992 clocks / 256 instructions, 752 memory beats, 0 CS, 0 SPI clocks
CP9 BENCH mode-1 NEGB_mem: 2992 clocks / 256 instructions, 752 memory beats, 0 CS, 0 SPI clocks
CP9 BENCH mode-1 ADCB_mem: 2992 clocks / 256 instructions, 752 memory beats, 0 CS, 0 SPI clocks
CP9 BENCH mode-1 SBCB_mem: 2992 clocks / 256 instructions, 752 memory beats, 0 CS, 0 SPI clocks
CP9 BENCH mode-1 TSTB_mem: 2248 clocks / 256 instructions, 504 memory beats, 0 CS, 0 SPI clocks
CP9 BENCH mode-1 RORB_mem: 2744 clocks / 256 instructions, 752 memory beats, 0 CS, 0 SPI clocks
CP9 BENCH mode-1 ROLB_mem: 2744 clocks / 256 instructions, 752 memory beats, 0 CS, 0 SPI clocks
CP9 BENCH mode-1 ASRB_mem: 2744 clocks / 256 instructions, 752 memory beats, 0 CS, 0 SPI clocks
CP9 BENCH mode-1 ASLB_mem: 2744 clocks / 256 instructions, 752 memory beats, 0 CS, 0 SPI clocks
PASS single-byte benchmarks mode-1: 24 workloads, warmup excluded
tb/tb_cp9_bench.v:161: $finish called at 449556000 (1ps)
CP9 BENCH mode0 CLRB_reg: 27392 clocks / 256 instructions, 256 memory beats, 256 CS, 12288 SPI clocks
CP9 BENCH mode0 COMB_reg: 27392 clocks / 256 instructions, 256 memory beats, 256 CS, 12288 SPI clocks
CP9 BENCH mode0 INCB_reg: 27392 clocks / 256 instructions, 256 memory beats, 256 CS, 12288 SPI clocks
CP9 BENCH mode0 DECB_reg: 27392 clocks / 256 instructions, 256 memory beats, 256 CS, 12288 SPI clocks
CP9 BENCH mode0 NEGB_reg: 27392 clocks / 256 instructions, 256 memory beats, 256 CS, 12288 SPI clocks
CP9 BENCH mode0 ADCB_reg: 27392 clocks / 256 instructions, 256 memory beats, 256 CS, 12288 SPI clocks
CP9 BENCH mode0 SBCB_reg: 27392 clocks / 256 instructions, 256 memory beats, 256 CS, 12288 SPI clocks
CP9 BENCH mode0 TSTB_reg: 27392 clocks / 256 instructions, 256 memory beats, 256 CS, 12288 SPI clocks
CP9 BENCH mode0 RORB_reg: 27392 clocks / 256 instructions, 256 memory beats, 256 CS, 12288 SPI clocks
CP9 BENCH mode0 ROLB_reg: 27392 clocks / 256 instructions, 256 memory beats, 256 CS, 12288 SPI clocks
CP9 BENCH mode0 ASRB_reg: 27392 clocks / 256 instructions, 256 memory beats, 256 CS, 12288 SPI clocks
CP9 BENCH mode0 ASLB_reg: 27392 clocks / 256 instructions, 256 memory beats, 256 CS, 12288 SPI clocks
CP9 BENCH mode0 CLRB_mem: 55416 clocks / 256 instructions, 504 memory beats, 752 CS, 24192 SPI clocks
CP9 BENCH mode0 COMB_mem: 77488 clocks / 256 instructions, 752 memory beats, 1000 CS, 34112 SPI clocks
CP9 BENCH mode0 INCB_mem: 77736 clocks / 256 instructions, 752 memory beats, 1000 CS, 34112 SPI clocks
CP9 BENCH mode0 DECB_mem: 77736 clocks / 256 instructions, 752 memory beats, 1000 CS, 34112 SPI clocks
CP9 BENCH mode0 NEGB_mem: 77736 clocks / 256 instructions, 752 memory beats, 1000 CS, 34112 SPI clocks
CP9 BENCH mode0 ADCB_mem: 77736 clocks / 256 instructions, 752 memory beats, 1000 CS, 34112 SPI clocks
CP9 BENCH mode0 SBCB_mem: 77736 clocks / 256 instructions, 752 memory beats, 1000 CS, 34112 SPI clocks
CP9 BENCH mode0 TSTB_mem: 50952 clocks / 256 instructions, 504 memory beats, 504 CS, 22208 SPI clocks
CP9 BENCH mode0 RORB_mem: 77488 clocks / 256 instructions, 752 memory beats, 1000 CS, 34112 SPI clocks
CP9 BENCH mode0 ROLB_mem: 77488 clocks / 256 instructions, 752 memory beats, 1000 CS, 34112 SPI clocks
CP9 BENCH mode0 ASRB_mem: 77488 clocks / 256 instructions, 752 memory beats, 1000 CS, 34112 SPI clocks
CP9 BENCH mode0 ASLB_mem: 77488 clocks / 256 instructions, 752 memory beats, 1000 CS, 34112 SPI clocks
PASS single-byte benchmarks mode0: 24 workloads, warmup excluded
tb/tb_cp9_bench.v:161: $finish called at 13630326000 (1ps)
CP9 BENCH mode1 CLRB_reg: 10528 clocks / 256 instructions, 256 memory beats, 8 CS, 4352 SPI clocks
CP9 BENCH mode1 COMB_reg: 10528 clocks / 256 instructions, 256 memory beats, 8 CS, 4352 SPI clocks
CP9 BENCH mode1 INCB_reg: 10528 clocks / 256 instructions, 256 memory beats, 8 CS, 4352 SPI clocks
CP9 BENCH mode1 DECB_reg: 10528 clocks / 256 instructions, 256 memory beats, 8 CS, 4352 SPI clocks
CP9 BENCH mode1 NEGB_reg: 10528 clocks / 256 instructions, 256 memory beats, 8 CS, 4352 SPI clocks
CP9 BENCH mode1 ADCB_reg: 10528 clocks / 256 instructions, 256 memory beats, 8 CS, 4352 SPI clocks
CP9 BENCH mode1 SBCB_reg: 10528 clocks / 256 instructions, 256 memory beats, 8 CS, 4352 SPI clocks
CP9 BENCH mode1 TSTB_reg: 10528 clocks / 256 instructions, 256 memory beats, 8 CS, 4352 SPI clocks
CP9 BENCH mode1 RORB_reg: 10528 clocks / 256 instructions, 256 memory beats, 8 CS, 4352 SPI clocks
CP9 BENCH mode1 ROLB_reg: 10528 clocks / 256 instructions, 256 memory beats, 8 CS, 4352 SPI clocks
CP9 BENCH mode1 ASRB_reg: 10528 clocks / 256 instructions, 256 memory beats, 8 CS, 4352 SPI clocks
CP9 BENCH mode1 ASLB_reg: 10528 clocks / 256 instructions, 256 memory beats, 8 CS, 4352 SPI clocks
CP9 BENCH mode1 CLRB_mem: 55416 clocks / 256 instructions, 504 memory beats, 752 CS, 24192 SPI clocks
CP9 BENCH mode1 COMB_mem: 77488 clocks / 256 instructions, 752 memory beats, 1000 CS, 34112 SPI clocks
CP9 BENCH mode1 INCB_mem: 77736 clocks / 256 instructions, 752 memory beats, 1000 CS, 34112 SPI clocks
CP9 BENCH mode1 DECB_mem: 77736 clocks / 256 instructions, 752 memory beats, 1000 CS, 34112 SPI clocks
CP9 BENCH mode1 NEGB_mem: 77736 clocks / 256 instructions, 752 memory beats, 1000 CS, 34112 SPI clocks
CP9 BENCH mode1 ADCB_mem: 77736 clocks / 256 instructions, 752 memory beats, 1000 CS, 34112 SPI clocks
CP9 BENCH mode1 SBCB_mem: 77736 clocks / 256 instructions, 752 memory beats, 1000 CS, 34112 SPI clocks
CP9 BENCH mode1 TSTB_mem: 50952 clocks / 256 instructions, 504 memory beats, 504 CS, 22208 SPI clocks
CP9 BENCH mode1 RORB_mem: 77488 clocks / 256 instructions, 752 memory beats, 1000 CS, 34112 SPI clocks
CP9 BENCH mode1 ROLB_mem: 77488 clocks / 256 instructions, 752 memory beats, 1000 CS, 34112 SPI clocks
CP9 BENCH mode1 ASRB_mem: 77488 clocks / 256 instructions, 752 memory beats, 1000 CS, 34112 SPI clocks
CP9 BENCH mode1 ASLB_mem: 77488 clocks / 256 instructions, 752 memory beats, 1000 CS, 34112 SPI clocks
PASS single-byte benchmarks mode1: 24 workloads, warmup excluded
tb/tb_cp9_bench.v:161: $finish called at 11353686000 (1ps)
CP9 BENCH mode2 CLRB_reg: 10280 clocks / 256 instructions, 256 memory beats, 8 CS, 4352 SPI clocks
CP9 BENCH mode2 COMB_reg: 10280 clocks / 256 instructions, 256 memory beats, 8 CS, 4352 SPI clocks
CP9 BENCH mode2 INCB_reg: 10280 clocks / 256 instructions, 256 memory beats, 8 CS, 4352 SPI clocks
CP9 BENCH mode2 DECB_reg: 10280 clocks / 256 instructions, 256 memory beats, 8 CS, 4352 SPI clocks
CP9 BENCH mode2 NEGB_reg: 10280 clocks / 256 instructions, 256 memory beats, 8 CS, 4352 SPI clocks
CP9 BENCH mode2 ADCB_reg: 10280 clocks / 256 instructions, 256 memory beats, 8 CS, 4352 SPI clocks
CP9 BENCH mode2 SBCB_reg: 10280 clocks / 256 instructions, 256 memory beats, 8 CS, 4352 SPI clocks
CP9 BENCH mode2 TSTB_reg: 10280 clocks / 256 instructions, 256 memory beats, 8 CS, 4352 SPI clocks
CP9 BENCH mode2 RORB_reg: 10280 clocks / 256 instructions, 256 memory beats, 8 CS, 4352 SPI clocks
CP9 BENCH mode2 ROLB_reg: 10280 clocks / 256 instructions, 256 memory beats, 8 CS, 4352 SPI clocks
CP9 BENCH mode2 ASRB_reg: 10280 clocks / 256 instructions, 256 memory beats, 8 CS, 4352 SPI clocks
CP9 BENCH mode2 ASLB_reg: 10280 clocks / 256 instructions, 256 memory beats, 8 CS, 4352 SPI clocks
CP9 BENCH mode2 CLRB_mem: 55416 clocks / 256 instructions, 504 memory beats, 752 CS, 24192 SPI clocks
CP9 BENCH mode2 COMB_mem: 77488 clocks / 256 instructions, 752 memory beats, 1000 CS, 34112 SPI clocks
CP9 BENCH mode2 INCB_mem: 77736 clocks / 256 instructions, 752 memory beats, 1000 CS, 34112 SPI clocks
CP9 BENCH mode2 DECB_mem: 77736 clocks / 256 instructions, 752 memory beats, 1000 CS, 34112 SPI clocks
CP9 BENCH mode2 NEGB_mem: 77736 clocks / 256 instructions, 752 memory beats, 1000 CS, 34112 SPI clocks
CP9 BENCH mode2 ADCB_mem: 77736 clocks / 256 instructions, 752 memory beats, 1000 CS, 34112 SPI clocks
CP9 BENCH mode2 SBCB_mem: 77736 clocks / 256 instructions, 752 memory beats, 1000 CS, 34112 SPI clocks
CP9 BENCH mode2 TSTB_mem: 50952 clocks / 256 instructions, 504 memory beats, 504 CS, 22208 SPI clocks
CP9 BENCH mode2 RORB_mem: 77488 clocks / 256 instructions, 752 memory beats, 1000 CS, 34112 SPI clocks
CP9 BENCH mode2 ROLB_mem: 77488 clocks / 256 instructions, 752 memory beats, 1000 CS, 34112 SPI clocks
CP9 BENCH mode2 ASRB_mem: 77488 clocks / 256 instructions, 752 memory beats, 1000 CS, 34112 SPI clocks
CP9 BENCH mode2 ASLB_mem: 77488 clocks / 256 instructions, 752 memory beats, 1000 CS, 34112 SPI clocks
PASS single-byte benchmarks mode2: 24 workloads, warmup excluded
tb/tb_cp9_bench.v:161: $finish called at 11320206000 (1ps)
