PASS byte differential mode-1: 23954 DCJ11 cases, 683191 clocks, 98606 exact bus beats
tb/tb_ea.v:220: $finish called at 11383266000 (1ps)
PASS byte differential mode2: 23954 DCJ11 cases, 9773277 clocks, 98606 exact bus beats
tb/tb_ea.v:220: $finish called at 102284126000 (1ps)
iverilog -g2012 -DVENDOR_ROM -s tb_byte_io -o build/vendor_byte_io tb/tb_byte_io.v rtl/uj11_core.v rtl/uj11_decode.v rtl/uj11_engine.v rtl/uj11_microseq.v rtl/uj11_datapath.v rtl/uj11_regfile.v rtl/uj11_alu.v rtl/uj11_psw.v rtl/uj11_mem.v microcode/generated/uj11_m0_ebr.v "/private/tmp/uj11-cp22-corrected-vendor-20260909/uJ11-fpga/build/vendor/DP8KC.v" "/private/tmp/uj11-cp22-corrected-vendor-20260909/uJ11-fpga/build/vendor/GSR.v" "/private/tmp/uj11-cp22-corrected-vendor-20260909/uJ11-fpga/build/vendor/PUR.v"
vvp build/vendor_byte_io
PASS byte I/O: 23 even/odd CSR, read/write error and odd-word pointer cases
tb/tb_byte_io.v:77: $finish called at 8066000 (1ps)
PASS single_byte differential mode-1: 7104 DCJ11 cases, 99696 clocks, 19680 exact bus beats
tb/tb_ea.v:220: $finish called at 2346816000 (1ps)
PASS single_byte differential mode2: 7104 DCJ11 cases, 1884432 clocks, 19680 exact bus beats
tb/tb_ea.v:220: $finish called at 20194176000 (1ps)
iverilog -g2012 -DVENDOR_ROM -Ptb_single_faults.BYTE_VARIANT=1 -s tb_single_faults -o build/vendor_single_byte_faults tb/tb_single_faults.v rtl/uj11_core.v rtl/uj11_decode.v rtl/uj11_engine.v rtl/uj11_microseq.v rtl/uj11_datapath.v rtl/uj11_regfile.v rtl/uj11_alu.v rtl/uj11_psw.v rtl/uj11_mem.v microcode/generated/uj11_m0_ebr.v "/private/tmp/uj11-cp22-corrected-vendor-20260909/uJ11-fpga/build/vendor/DP8KC.v" "/private/tmp/uj11-cp22-corrected-vendor-20260909/uJ11-fpga/build/vendor/GSR.v" "/private/tmp/uj11-cp22-corrected-vendor-20260909/uJ11-fpga/build/vendor/PUR.v"
vvp build/vendor_single_byte_faults
PASS single byte directed: 46 I/O/read-error/write-error/odd-pointer cases, 0..3 waits
tb/tb_single_faults.v:100: $finish called at 13976000 (1ps)
PASS trap differential mode-1: 4640 DCJ11 cases, 101008 clocks, 21088 exact bus beats
tb/tb_ea.v:220: $finish called at 1891776000 (1ps)
PASS trap differential mode2: 4640 DCJ11 cases, 2523744 clocks, 21088 exact bus beats
tb/tb_ea.v:220: $finish called at 26119136000 (1ps)
iverilog -g2012 -DVENDOR_ROM -s tb_trap_faults -o build/vendor_trap_faults tb/tb_trap_faults.v rtl/uj11_core.v rtl/uj11_decode.v rtl/uj11_engine.v rtl/uj11_microseq.v rtl/uj11_datapath.v rtl/uj11_regfile.v rtl/uj11_alu.v rtl/uj11_psw.v rtl/uj11_mem.v microcode/generated/uj11_m0_ebr.v "/private/tmp/uj11-cp22-corrected-vendor-20260909/uJ11-fpga/build/vendor/DP8KC.v" "/private/tmp/uj11-cp22-corrected-vendor-20260909/uJ11-fpga/build/vendor/GSR.v" "/private/tmp/uj11-cp22-corrected-vendor-20260909/uJ11-fpga/build/vendor/PUR.v"
vvp build/vendor_trap_faults
PASS trap directed: 112 vector/stack/RTI success, ACK error and odd-SP cases, 0..3 waits
tb/tb_trap_faults.v:98: $finish called at 42436000 (1ps)
PASS irq differential mode-1: 6654 DCJ11 cases, 101315 clocks, 18678 exact bus beats
tb/tb_ea.v:220: $finish called at 2277506000 (1ps)
PASS irq differential mode2: 6654 DCJ11 cases, 2160254 clocks, 18678 exact bus beats
tb/tb_ea.v:220: $finish called at 22866896000 (1ps)
iverilog -g2012 -DVENDOR_ROM -s tb_irq_faults -o build/vendor_irq_faults tb/tb_irq_faults.v rtl/uj11_core.v rtl/uj11_decode.v rtl/uj11_engine.v rtl/uj11_microseq.v rtl/uj11_datapath.v rtl/uj11_regfile.v rtl/uj11_alu.v rtl/uj11_psw.v rtl/uj11_mem.v microcode/generated/uj11_m0_ebr.v "/private/tmp/uj11-cp22-corrected-vendor-20260909/uJ11-fpga/build/vendor/DP8KC.v" "/private/tmp/uj11-cp22-corrected-vendor-20260909/uJ11-fpga/build/vendor/GSR.v" "/private/tmp/uj11-cp22-corrected-vendor-20260909/uJ11-fpga/build/vendor/PUR.v"
vvp build/vendor_irq_faults
PASS IRQ directed: 104 vector/stack success, ACK error, odd-SP, captured-vector and fetch-fault priority cases, 0..3 waits
tb/tb_irq_faults.v:121: $finish called at 40876000 (1ps)
iverilog -g2012 -DVENDOR_ROM -s tb_irq_lsi11 -o build/vendor_irq_lsi11 tb/tb_irq_lsi11.v rtl/uj11_core.v rtl/uj11_decode.v rtl/uj11_engine.v rtl/uj11_microseq.v rtl/uj11_datapath.v rtl/uj11_regfile.v rtl/uj11_alu.v rtl/uj11_psw.v rtl/uj11_mem.v rtl/uj11_fram_system.v rtl/uj11_fram_baseline.v rtl/uj11_fram_transport.v rtl/uj11_prefetch.v rtl/uj11_stream.v rtl/uj11_prefetch_control.v reference/lsi11/spi_fram_guest_ram.v reference/lsi11/spi_fram_model.v reference/lsi11/am4_cpu11_bus.v reference/lsi11/wbc_uart_xo2.v reference/lsi11/spi_byte_service.v rtl/uj11_irq_lsi11.v microcode/generated/uj11_m0_ebr.v "/private/tmp/uj11-cp22-corrected-vendor-20260909/uJ11-fpga/build/vendor/DP8KC.v" "/private/tmp/uj11-cp22-corrected-vendor-20260909/uJ11-fpga/build/vendor/GSR.v" "/private/tmp/uj11-cp22-corrected-vendor-20260909/uJ11-fpga/build/vendor/PUR.v"
vvp build/vendor_irq_lsi11
PASS legacy IRQ: 5 scenarios, 6 settled-state checks; actual KL11 RX/TX + KW11, FRAM read/write retention, WAIT masking/wakeup/reset
tb/tb_irq_lsi11.v:141: $finish called at 98596000 (1ps)
PASS illegal differential mode-1: 4160 DCJ11 cases, 101920 clocks, 20800 exact bus beats
tb/tb_ea.v:220: $finish called at 1809696000 (1ps)
PASS illegal differential mode2: 4160 DCJ11 cases, 2533440 clocks, 20800 exact bus beats
tb/tb_ea.v:220: $finish called at 26124896000 (1ps)
iverilog -g2012 -DVENDOR_ROM -s tb_illegal_faults -o build/vendor_illegal_faults tb/tb_illegal_faults.v rtl/uj11_core.v rtl/uj11_decode.v rtl/uj11_engine.v rtl/uj11_microseq.v rtl/uj11_datapath.v rtl/uj11_regfile.v rtl/uj11_alu.v rtl/uj11_psw.v rtl/uj11_mem.v microcode/generated/uj11_m0_ebr.v "/private/tmp/uj11-cp22-corrected-vendor-20260909/uJ11-fpga/build/vendor/DP8KC.v" "/private/tmp/uj11-cp22-corrected-vendor-20260909/uJ11-fpga/build/vendor/GSR.v" "/private/tmp/uj11-cp22-corrected-vendor-20260909/uJ11-fpga/build/vendor/PUR.v"
vvp build/vendor_illegal_faults
PASS illegal directed: 96 vector/stack success, ACK error and odd-SP cases, 0..3 waits
tb/tb_illegal_faults.v:98: $finish called at 38336000 (1ps)
