make: Nothing to be done for `all'.
python3 -m unittest discover -s tb -p 'test_*.py' -v
test_actual_program (test_microasm.AssemblerTests.test_actual_program) ... ok
test_conditional_retirement (test_microasm.AssemblerTests.test_conditional_retirement) ... ok
test_conflicts (test_microasm.AssemblerTests.test_conflicts) ... ok
test_control_selectors_are_aligned (test_microasm.AssemblerTests.test_control_selectors_are_aligned) ... ok
test_fault_increment (test_microasm.AssemblerTests.test_fault_increment) ... ok
test_invalid_physical_image (test_microasm.AssemblerTests.test_invalid_physical_image) ... ok
test_operand_width (test_microasm.AssemblerTests.test_operand_width) ... ok
test_page_and_immediate (test_microasm.AssemblerTests.test_page_and_immediate) ... ok
test_peripheral_reset_jump (test_microasm.AssemblerTests.test_peripheral_reset_jump) ... ok
test_physical_packing_roundtrip (test_microasm.AssemblerTests.test_physical_packing_roundtrip) ... ok
test_prefetch_policy (test_microasm.AssemblerTests.test_prefetch_policy) ... ok
test_return_trace_field (test_microasm.AssemblerTests.test_return_trace_field) ... ok
test_reverse_operands (test_microasm.AssemblerTests.test_reverse_operands) ... ok
test_rr_encoding (test_microasm.AssemblerTests.test_rr_encoding) ... ok
test_stream_extension (test_microasm.AssemblerTests.test_stream_extension) ... ok
test_wait_control (test_microasm.AssemblerTests.test_wait_control) ... ok

----------------------------------------------------------------------
Ran 16 tests in 0.013s

OK
iverilog -g2012 -Wall -s tb_decode -o build/decode tb/tb_decode.v rtl/uj11_decode.v
vvp build/decode
PASS decoder: all 65536 opcodes, exactly 57456 supported encodings
tb/tb_decode.v:69: $finish called at 65536000 (1ps)
verilator --lint-only --Wall --top-module uj11_probe_decode synth/machxo2/uj11_probe_decode.v rtl/uj11_decode.v
- V e r i l a t i o n   R e p o r t: Verilator 5.050 2026-07-01 rev vUNKNOWN-built20260701
- Verilator: Built from 0.051 MB sources in 3 modules, into 0.041 MB in 3 C++ files needing 0.000 MB
- Verilator: Walltime 0.007 s (elab=0.001, cvt=0.003, bld=0.000); cpu 0.006 s on 1 threads; allocated 10.312 MB
cc -O2 -Wall -DENABLE_MMU=0 -I.. ../tests/core_tests.c ../core/core.c ../core/disas.c ../core/hardware.c -lm -o build/cp22-core-tests
build/cp22-core-tests
All core instruction tests passed
