
 /----------------------------------------------------------------------------\
 |  yosys -- Yosys Open SYnthesis Suite                                       |
 |  Copyright (C) 2012 - 2026  Claire Xenia Wolf <claire@yosyshq.com>         |
 |  Distributed under an ISC-like license, type "license" to see terms        |
 \----------------------------------------------------------------------------/
 Yosys 0.68 (git sha1 38e001a6f, Release, Clang /workspace/YoWASP/yosys/wasi-sdk-33.0-x86_64-linux/share/cmake/../..//bin/clang++ 22.1.0)

-- Executing script file `proof.ys' --

1. Executing Verilog-2005 frontend: gold.v
Parsing SystemVerilog input from `gold.v' to AST representation.
Generating RTLIL representation for module `\gold'.
Successfully finished Verilog frontend.

2. Executing Verilog-2005 frontend: gate.v
Parsing SystemVerilog input from `gate.v' to AST representation.
Generating RTLIL representation for module `\gate'.
Successfully finished Verilog frontend.

3. Executing PROC pass (convert processes to netlists).

3.1. Executing PROC_CLEAN pass (remove empty switches from decision trees).
Cleaned up 0 empty switches.

3.2. Executing PROC_RMDEAD pass (remove dead branches from decision trees).
Marked 3 switch rules as full_case in process $proc$gate.v:63$63 in module gate.
Removed 1 dead cases from process $proc$gate.v:38$55 in module gate.
Marked 8 switch rules as full_case in process $proc$gate.v:38$55 in module gate.
Marked 3 switch rules as full_case in process $proc$gold.v:63$24 in module gold.
Removed 2 dead cases from process $proc$gold.v:30$7 in module gold.
Marked 6 switch rules as full_case in process $proc$gold.v:30$7 in module gold.
Removed a total of 3 dead cases.

3.3. Executing PROC_PRUNE pass (remove redundant assignments in processes).
Removed 0 redundant assignments.
Promoted 2 assignments to connections.

3.4. Executing PROC_INIT pass (extract init attributes).

3.5. Executing PROC_ARST pass (detect async resets in processes).

3.6. Executing PROC_ROM pass (convert switches to ROMs).
Converted 0 switches.
<suppressed ~24 debug messages>

3.7. Executing PROC_MUX pass (convert decision trees to multiplexers).
Creating decoders for process `\gate.$proc$gate.v:63$63'.
     1/3: $0\link_valid[0:0]
     2/3: $0\link[9:0]
     3/3: $0\upc[9:0]
Creating decoders for process `\gate.$proc$gate.v:38$55'.
     1/8: $8\next_address[9:0]
     2/8: $7\next_address[9:0]
     3/8: $6\next_address[9:0]
     4/8: $5\next_address[9:0]
     5/8: $4\next_address[9:0]
     6/8: $3\next_address[9:0]
     7/8: $2\next_address[9:0]
     8/8: $1\next_address[9:0]
Creating decoders for process `\gold.$proc$gold.v:63$24'.
     1/3: $0\link_valid[0:0]
     2/3: $0\link[9:0]
     3/3: $0\upc[9:0]
Creating decoders for process `\gold.$proc$gold.v:30$7'.
     1/6: $6\next_address[9:0]
     2/6: $5\next_address[9:0]
     3/6: $4\next_address[9:0]
     4/6: $3\next_address[9:0]
     5/6: $2\next_address[9:0]
     6/6: $1\next_address[9:0]

3.8. Executing PROC_DLATCH pass (convert process syncs to latches).
No latch inferred for signal `\gate.\next_address' from process `\gate.$proc$gate.v:38$55'.
No latch inferred for signal `\gold.\next_address' from process `\gold.$proc$gold.v:30$7'.

3.9. Executing PROC_DFF pass (convert process syncs to FFs).
Creating register for signal `\gate.\upc' using process `\gate.$proc$gate.v:63$63'.
  created $dff cell `$procdff$223' with positive edge clock.
Creating register for signal `\gate.\link' using process `\gate.$proc$gate.v:63$63'.
  created $dff cell `$procdff$224' with positive edge clock.
Creating register for signal `\gate.\link_valid' using process `\gate.$proc$gate.v:63$63'.
  created $dff cell `$procdff$225' with positive edge clock.
Creating register for signal `\gold.\upc' using process `\gold.$proc$gold.v:63$24'.
  created $dff cell `$procdff$226' with positive edge clock.
Creating register for signal `\gold.\link' using process `\gold.$proc$gold.v:63$24'.
  created $dff cell `$procdff$227' with positive edge clock.
Creating register for signal `\gold.\link_valid' using process `\gold.$proc$gold.v:63$24'.
  created $dff cell `$procdff$228' with positive edge clock.

3.10. Executing PROC_MEMWR pass (convert process memory writes to cells).

3.11. Executing PROC_CLEAN pass (remove empty switches from decision trees).
Found and cleaned up 5 empty switches in `\gate.$proc$gate.v:63$63'.
Removing empty process `gate.$proc$gate.v:63$63'.
Found and cleaned up 8 empty switches in `\gate.$proc$gate.v:38$55'.
Removing empty process `gate.$proc$gate.v:38$55'.
Found and cleaned up 5 empty switches in `\gold.$proc$gold.v:63$24'.
Removing empty process `gold.$proc$gold.v:63$24'.
Found and cleaned up 6 empty switches in `\gold.$proc$gold.v:30$7'.
Removing empty process `gold.$proc$gold.v:30$7'.
Cleaned up 24 empty switches.

3.12. Executing OPT_EXPR pass (perform const folding).
Optimizing module gate.
<suppressed ~4 debug messages>
Optimizing module gold.
<suppressed ~4 debug messages>

4. Executing MEMORY pass.

4.1. Executing OPT_MEM pass (optimize memories).
Performed a total of 0 transformations.

4.2. Executing OPT_MEM_PRIORITY pass (removing unnecessary memory write priority relations).
Performed a total of 0 transformations.

4.3. Executing OPT_MEM_FEEDBACK pass (finding memory read-to-write feedback paths).

4.4. Executing MEMORY_BMUX2ROM pass (converting muxes to ROMs).

4.5. Executing MEMORY_DFF pass (merging $dff cells to $memrd).

4.6. Executing OPT_CLEAN pass (remove unused cells and wires).
Finding unused cells or wires in module \gate..
Finding unused cells or wires in module \gold..
Removed 3 unused cells and 74 unused wires.
<suppressed ~7 debug messages>

4.7. Executing MEMORY_SHARE pass (consolidating $memrd/$memwr cells).

4.8. Executing OPT_MEM_WIDEN pass (optimize memories where all ports are wide).
Performed a total of 0 transformations.

4.9. Executing OPT_CLEAN pass (remove unused cells and wires).
Finding unused cells or wires in module \gate..
Finding unused cells or wires in module \gold..

4.10. Executing MEMORY_COLLECT pass (generating $mem cells).

4.11. Executing MEMORY_MAP pass (converting memories to logic and flip-flops).

5. Executing OPT_CLEAN pass (remove unused cells and wires).
Finding unused cells or wires in module \gate..
Finding unused cells or wires in module \gold..

6. Executing EQUIV_MAKE pass (creating equiv checking module).
Presumably equivalent wires: condition_gold (\condition_gold), condition_gate (\condition_gate) -> condition
Presumably equivalent wires: predicates_gold ({ \bus_error_gold \loop_zero_gold \q0_gold \nzvc_gold 1'1 }), predicates_gate ({ \bus_error_gate \loop_zero_gate \q0_gate \nzvc_gate 1'1 }) -> predicates
Presumably equivalent wires: target_gold (\uword_gold [20:11]), target_gate (\uword_gate [20:11]) -> target
Presumably equivalent wires: command_gold (\uword_gold [34:31]), command_gate (\uword_gate [34:31]) -> command
Presumably equivalent wires: sequential_gold (\sequential_gold), sequential_gate (\sequential_gate) -> sequential
Presumably equivalent wires: link_valid_gold (\link_valid_gold), link_valid_gate (\link_valid_gate) -> link_valid
Presumably equivalent wires: link_gold (\link_gold), link_gate (\link_gate) -> link
Presumably equivalent wires: fetch_address_gold (\fetch_address_gold), fetch_address_gate (\fetch_address_gate) -> fetch_address
Presumably equivalent wires: next_address_gold (\next_address_gold), next_address_gate (\next_address_gate) -> next_address
Presumably equivalent wires: upc_gold (\upc_gold), upc_gate (\upc_gate) -> upc
Presumably equivalent wires: fault_repair_gold (\fault_repair_gold), fault_repair_gate (\fault_repair_gate) -> fault_repair
Presumably equivalent wires: fault_redirect_gold (\fault_redirect_gold), fault_redirect_gate (\fault_redirect_gate) -> fault_redirect
Presumably equivalent wires: trace_pending_gold (\trace_pending_gold), trace_pending_gate (\trace_pending_gate) -> trace_pending
Presumably equivalent wires: irq_pending_gold (\irq_pending_gold), irq_pending_gate (\irq_pending_gate) -> irq_pending
Presumably equivalent wires: a_one_gold (\a_one_gold), a_one_gate (\a_one_gate) -> a_one
Presumably equivalent wires: bus_error_gold (\bus_error_gold), bus_error_gate (\bus_error_gate) -> bus_error
Presumably equivalent wires: loop_zero_gold (\loop_zero_gold), loop_zero_gate (\loop_zero_gate) -> loop_zero
Presumably equivalent wires: q0_gold (\q0_gold), q0_gate (\q0_gate) -> q0
Presumably equivalent wires: selected_a_gold (\selected_a_gold), selected_a_gate (\selected_a_gate) -> selected_a
Presumably equivalent wires: byte_instruction_gold (\byte_instruction_gold), byte_instruction_gate (\byte_instruction_gate) -> byte_instruction
Presumably equivalent wires: address_odd_gold (\address_odd_gold), address_odd_gate (\address_odd_gate) -> address_odd
Presumably equivalent wires: dispatch_address_gold (\dispatch_address_gold), dispatch_address_gate (\dispatch_address_gate) -> dispatch_address
Presumably equivalent wires: nzvc_gold (\nzvc_gold), nzvc_gate (\nzvc_gate) -> nzvc
Presumably equivalent wires: ir_gold (\ir_gold), ir_gate (\ir_gate) -> ir
Presumably equivalent wires: uword_gold (\uword_gold), uword_gate (\uword_gate) -> uword
Presumably equivalent wires: enable_gold (\enable_gold), enable_gate (\enable_gate) -> enable
Presumably equivalent wires: reset_gold (\reset_gold), reset_gate (\reset_gate) -> reset
Presumably equivalent wires: clk_gold (\clk_gold), clk_gate (\clk_gate) -> clk
Changing input B of cell $procmux$145_gate ($pmux): { $3\next_address[9:0]_gate $4\next_address[9:0]_gate $ternary$gate.v:44$58_Y_gate \dispatch_address_gate \upc_gate $ternary$gate.v:47$60_Y_gate } -> { $3\next_address[9:0]_gate $4\next_address[9:0]_gate $ternary$gate.v:44$58_Y_gate \dispatch_address_gate \upc $ternary$gate.v:47$60_Y_gate }
Changing input S of cell $procmux$137_gate ($mux): \condition_gate -> \condition
Changing input A of cell $procmux$137_gate ($mux): \sequential_gate -> \sequential
Changing input S of cell $procmux$123_gate ($mux): \link_valid_gate -> \link_valid
Changing input B of cell $procmux$108_gate ($pmux): { \sequential_gate \upc_gate [9:8] \uword_gate [7:0] \fetch_address_gate $ternary$gate.v:55$61_Y_gate } -> { \sequential \upc [9:8] \uword_gate [7:0] \fetch_address $ternary$gate.v:55$61_Y_gate }
Changing input B of cell $procmux$94_gate ($mux): \next_address_gate -> \next_address
Changing input A of cell $procmux$94_gate ($mux): \upc_gate -> \upc
Changing input A of cell $procmux$89_gate ($mux): \link_gate -> \link
Changing input B of cell $procmux$87_gate ($mux): \link_gate -> \link
Changing input B of cell $procmux$84_gate ($mux): \sequential_gate -> \sequential
Changing input A of cell $procmux$84_gate ($mux): \link_gate -> \link
Changing input A of cell $procmux$78_gate ($mux): \link_valid_gate -> \link_valid
Changing input A of cell $procmux$70_gate ($mux): \link_valid_gate -> \link_valid
Changing input A of cell $logic_not$gate.v:71$66_gate ($logic_not): \link_valid_gate -> \link_valid
Changing input B of cell $ternary$gate.v:55$61_gate ($mux): \fetch_address_gate -> \fetch_address
Changing input A of cell $ternary$gate.v:55$61_gate ($mux): \sequential_gate -> \sequential
Changing input B of cell $ternary$gate.v:47$60_gate ($mux): \fetch_address_gate -> \fetch_address
Changing input A of cell $ternary$gate.v:47$60_gate ($mux): \upc_gate -> \upc
Changing input S of cell $ternary$gate.v:44$58_gate ($mux): \link_valid_gate -> \link_valid
Changing input B of cell $ternary$gate.v:44$58_gate ($mux): \link_gate -> \link
Changing input A of cell $add$gate.v:20$33_gate ($add): \upc_gate -> \upc
Changing input B of cell $procmux$204_gold ($pmux): { \uword_gold [20:11] $ternary$gold.v:35$8_Y_gold $ternary$gold.v:36$9_Y_gold $ternary$gold.v:37$10_Y_gold \dispatch_address_gold $or$gold.v:39$11_Y_gold $or$gold.v:40$12_Y_gold $or$gold.v:41$15_Y_gold $or$gold.v:43$16_Y_gold $or$gold.v:44$19_Y_gold \uword_gold [20:11] \upc_gold $ternary$gold.v:47$21_Y_gold } -> { \uword_gold [20:11] $ternary$gold.v:35$8_Y_gold $ternary$gold.v:36$9_Y_gold $ternary$gold.v:37$10_Y_gold \dispatch_address_gold $or$gold.v:39$11_Y_gold $or$gold.v:40$12_Y_gold $or$gold.v:41$15_Y_gold $or$gold.v:43$16_Y_gold $or$gold.v:44$19_Y_gold \uword_gold [20:11] \upc $ternary$gold.v:47$21_Y_gold }
Changing input B of cell $procmux$195_gold ($pmux): { \sequential_gold \upc_gold [9:8] \uword_gold [7:0] \fetch_address_gold $ternary$gold.v:55$22_Y_gold } -> { \sequential \upc [9:8] \uword_gold [7:0] \fetch_address $ternary$gold.v:55$22_Y_gold }
Changing input B of cell $procmux$181_gold ($mux): \next_address_gold -> \next_address
Changing input A of cell $procmux$181_gold ($mux): \upc_gold -> \upc
Changing input A of cell $procmux$176_gold ($mux): \link_gold -> \link
Changing input B of cell $procmux$174_gold ($mux): \link_gold -> \link
Changing input B of cell $procmux$171_gold ($mux): \sequential_gold -> \sequential
Changing input A of cell $procmux$171_gold ($mux): \link_gold -> \link
Changing input A of cell $procmux$165_gold ($mux): \link_valid_gold -> \link_valid
Changing input A of cell $procmux$157_gold ($mux): \link_valid_gold -> \link_valid
Changing input A of cell $logic_not$gold.v:71$27_gold ($logic_not): \link_valid_gold -> \link_valid
Changing input B of cell $ternary$gold.v:55$22_gold ($mux): \fetch_address_gold -> \fetch_address
Changing input A of cell $ternary$gold.v:55$22_gold ($mux): \sequential_gold -> \sequential
Changing input B of cell $ternary$gold.v:47$21_gold ($mux): \fetch_address_gold -> \fetch_address
Changing input A of cell $ternary$gold.v:47$21_gold ($mux): \upc_gold -> \upc
Changing input S of cell $ternary$gold.v:37$10_gold ($mux): \link_valid_gold -> \link_valid
Changing input B of cell $ternary$gold.v:37$10_gold ($mux): \link_gold -> \link
Changing input S of cell $ternary$gold.v:36$9_gold ($mux): \link_valid_gold -> \link_valid
Changing input S of cell $ternary$gold.v:35$8_gold ($mux): \condition_gold -> \condition
Changing input A of cell $ternary$gold.v:35$8_gold ($mux): \sequential_gold -> \sequential
Changing input A of cell $add$gold.v:20$3_gold ($add): \upc_gold -> \upc

7. Executing HIERARCHY pass (managing design hierarchy).

7.1. Analyzing design hierarchy..
Top module:  \equiv

7.2. Analyzing design hierarchy..
Top module:  \equiv
Removing unused module `\gate'.
Removing unused module `\gold'.
Removed 2 unused modules.

8. Executing EQUIV_SIMPLE pass.
Found 74 unproven $equiv cells (10 groups) in equiv:
 Grouping SAT models for \upc:
  Trying to prove $equiv for \upc [0]:ezsat
ezsat
 success!
  Trying to prove $equiv for \upc [1]:ezsat
 success!
  Trying to prove $equiv for \upc [2]:ezsat
 success!
  Trying to prove $equiv for \upc [3]:ezsat
 success!
  Trying to prove $equiv for \upc [4]:ezsat
 success!
  Trying to prove $equiv for \upc [5]:ezsat
 success!
  Trying to prove $equiv for \upc [6]:ezsat
 success!
  Trying to prove $equiv for \upc [7]:ezsat
 success!
  Trying to prove $equiv for \upc [8]:ezsat
 success!
  Trying to prove $equiv for \upc [9]:ezsat
 success!
 Grouping SAT models for \next_address:
  Trying to prove $equiv for \next_address [0]:ezsat
ezsat
 failed.
  Trying to prove $equiv for \next_address [1]:ezsat
 success!
  Trying to prove $equiv for \next_address [2]:ezsat
 success!
  Trying to prove $equiv for \next_address [3]:ezsat
 success!
  Trying to prove $equiv for \next_address [4]:ezsat
 success!
  Trying to prove $equiv for \next_address [5]:ezsat
 success!
  Trying to prove $equiv for \next_address [6]:ezsat
 success!
  Trying to prove $equiv for \next_address [7]:ezsat
 success!
  Trying to prove $equiv for \next_address [8]:ezsat
 success!
  Trying to prove $equiv for \next_address [9]:ezsat
 success!
 Grouping SAT models for \fetch_address:
  Trying to prove $equiv for \fetch_address [0]:ezsat
 success!
  Trying to prove $equiv for \fetch_address [1]:ezsat
 success!
  Trying to prove $equiv for \fetch_address [2]:ezsat
 success!
  Trying to prove $equiv for \fetch_address [3]:ezsat
 success!
  Trying to prove $equiv for \fetch_address [4]:ezsat
 success!
  Trying to prove $equiv for \fetch_address [5]:ezsat
 success!
  Trying to prove $equiv for \fetch_address [6]:ezsat
 success!
  Trying to prove $equiv for \fetch_address [7]:ezsat
 success!
  Trying to prove $equiv for \fetch_address [8]:ezsat
 success!
  Trying to prove $equiv for \fetch_address [9]:ezsat
 success!
 Grouping SAT models for \link:
  Trying to prove $equiv for \link [0]:ezsat
ezsat
 success!
  Trying to prove $equiv for \link [1]:ezsat
 success!
  Trying to prove $equiv for \link [2]:ezsat
 success!
  Trying to prove $equiv for \link [3]:ezsat
 success!
  Trying to prove $equiv for \link [4]:ezsat
 success!
  Trying to prove $equiv for \link [5]:ezsat
 success!
  Trying to prove $equiv for \link [6]:ezsat
 success!
  Trying to prove $equiv for \link [7]:ezsat
 success!
  Trying to prove $equiv for \link [8]:ezsat
 success!
  Trying to prove $equiv for \link [9]:ezsat
 success!
  Trying to prove $equiv for \link_valid:ezsat
ezsat
 success!
 Grouping SAT models for \sequential:
  Trying to prove $equiv for \sequential [0]:ezsat
 success!
  Trying to prove $equiv for \sequential [1]:ezsat
 success!
  Trying to prove $equiv for \sequential [2]:ezsat
 success!
  Trying to prove $equiv for \sequential [3]:ezsat
 success!
  Trying to prove $equiv for \sequential [4]:ezsat
 success!
  Trying to prove $equiv for \sequential [5]:ezsat
 success!
  Trying to prove $equiv for \sequential [6]:ezsat
 success!
  Trying to prove $equiv for \sequential [7]:ezsat
 success!
  Trying to prove $equiv for \sequential [8]:ezsat
 success!
  Trying to prove $equiv for \sequential [9]:ezsat
 success!
 Grouping SAT models for \command:
  Trying to prove $equiv for \command [0]:ezsat
 success!
  Trying to prove $equiv for \command [1]:ezsat
 success!
  Trying to prove $equiv for \command [2]:ezsat
 success!
  Trying to prove $equiv for \command [3]:ezsat
 success!
 Grouping SAT models for \target:
  Trying to prove $equiv for \target [0]:ezsat
 success!
  Trying to prove $equiv for \target [1]:ezsat
 success!
  Trying to prove $equiv for \target [2]:ezsat
 success!
  Trying to prove $equiv for \target [3]:ezsat
 success!
  Trying to prove $equiv for \target [4]:ezsat
 success!
  Trying to prove $equiv for \target [5]:ezsat
 success!
  Trying to prove $equiv for \target [6]:ezsat
 success!
  Trying to prove $equiv for \target [7]:ezsat
 success!
  Trying to prove $equiv for \target [8]:ezsat
 success!
  Trying to prove $equiv for \target [9]:ezsat
 success!
 Grouping SAT models for \predicates:
  Trying to prove $equiv for \predicates [0]:ezsat
 success!
  Trying to prove $equiv for \predicates [1]:ezsat
 success!
  Trying to prove $equiv for \predicates [2]:ezsat
 success!
  Trying to prove $equiv for \predicates [3]:ezsat
 success!
  Trying to prove $equiv for \predicates [4]:ezsat
 success!
  Trying to prove $equiv for \predicates [5]:ezsat
 success!
  Trying to prove $equiv for \predicates [6]:ezsat
 success!
  Trying to prove $equiv for \predicates [7]:ezsat
 success!
  Trying to prove $equiv for \condition:ezsat
 success!
Proved 73 previously unproven $equiv cells.

9. Executing EQUIV_INDUCT pass.
Found 1 unproven $equiv cells in module equiv:
  Proving existence of base case for step 1. (13215 clauses over 4973 variables)
  Proving induction step 1. (26847 clauses over 10091 variables)
  Proof for induction step failed. Extending to next time step.
  Proving existence of base case for step 2. (26848 clauses over 10091 variables)
  Proving induction step 2. (40480 clauses over 15209 variables)
  Proof for induction step failed. Extending to next time step.
  Proving existence of base case for step 3. (40481 clauses over 15209 variables)
  Proving induction step 3. (54113 clauses over 20327 variables)
  Proof for induction step failed. Extending to next time step.
  Proving existence of base case for step 4. (54114 clauses over 20327 variables)
  Proving induction step 4. (67746 clauses over 25445 variables)
  Proof for induction step failed. Trying to prove individual $equiv from workset.
  Trying to prove $equiv for \next_address [0]: failed.
Proved 0 previously unproven $equiv cells.

10. Executing EQUIV_STATUS pass.
Found 74 $equiv cells in equiv:
  Of those cells 73 are proven and 1 are unproven.
  Unproven $equiv $auto$equiv_make.cc:258:find_same_wires$283: \next_address_gold [0] \next_address_gate [0]
Found a total of 1 unproven $equiv cells.
ERROR: Found 1 unproven $equiv cells in 'equiv_status -assert'.
