ASH BENCH mode-1 ASH_register_count0: 2496 clocks / 256 instructions, 256 memory beats, 0 CS, 0 SPI clocks
ASH BENCH mode-1 ASH_register_count1: 4976 clocks / 256 instructions, 256 memory beats, 0 CS, 0 SPI clocks
ASH BENCH mode-1 ASH_register_count15: 18864 clocks / 256 instructions, 256 memory beats, 0 CS, 0 SPI clocks
ASH BENCH mode-1 ASH_register_count16: 19856 clocks / 256 instructions, 256 memory beats, 0 CS, 0 SPI clocks
ASH BENCH mode-1 ASH_register_count31: 34736 clocks / 256 instructions, 256 memory beats, 0 CS, 0 SPI clocks
ASH BENCH mode-1 ASH_register_count32: 27048 clocks / 256 instructions, 256 memory beats, 0 CS, 0 SPI clocks
ASH BENCH mode-1 ASH_register_count33: 26304 clocks / 256 instructions, 256 memory beats, 0 CS, 0 SPI clocks
ASH BENCH mode-1 ASH_register_count63: 3984 clocks / 256 instructions, 256 memory beats, 0 CS, 0 SPI clocks
ASH BENCH mode-1 ASH_immediate_count0: 3488 clocks / 256 instructions, 504 memory beats, 0 CS, 0 SPI clocks
ASH BENCH mode-1 ASH_immediate_count1: 5968 clocks / 256 instructions, 504 memory beats, 0 CS, 0 SPI clocks
ASH BENCH mode-1 ASH_immediate_count15: 19856 clocks / 256 instructions, 504 memory beats, 0 CS, 0 SPI clocks
ASH BENCH mode-1 ASH_immediate_count16: 20848 clocks / 256 instructions, 504 memory beats, 0 CS, 0 SPI clocks
ASH BENCH mode-1 ASH_immediate_count31: 35728 clocks / 256 instructions, 504 memory beats, 0 CS, 0 SPI clocks
ASH BENCH mode-1 ASH_immediate_count32: 28040 clocks / 256 instructions, 504 memory beats, 0 CS, 0 SPI clocks
ASH BENCH mode-1 ASH_immediate_count33: 27296 clocks / 256 instructions, 504 memory beats, 0 CS, 0 SPI clocks
ASH BENCH mode-1 ASH_immediate_count63: 4976 clocks / 256 instructions, 504 memory beats, 0 CS, 0 SPI clocks
ASH BENCH mode-1 ASH_memory_count0: 3240 clocks / 256 instructions, 504 memory beats, 0 CS, 0 SPI clocks
ASH BENCH mode-1 ASH_memory_count1: 5720 clocks / 256 instructions, 504 memory beats, 0 CS, 0 SPI clocks
ASH BENCH mode-1 ASH_memory_count15: 19608 clocks / 256 instructions, 504 memory beats, 0 CS, 0 SPI clocks
ASH BENCH mode-1 ASH_memory_count16: 20600 clocks / 256 instructions, 504 memory beats, 0 CS, 0 SPI clocks
ASH BENCH mode-1 ASH_memory_count31: 35480 clocks / 256 instructions, 504 memory beats, 0 CS, 0 SPI clocks
ASH BENCH mode-1 ASH_memory_count32: 27792 clocks / 256 instructions, 504 memory beats, 0 CS, 0 SPI clocks
ASH BENCH mode-1 ASH_memory_count33: 27048 clocks / 256 instructions, 504 memory beats, 0 CS, 0 SPI clocks
ASH BENCH mode-1 ASH_memory_count63: 4728 clocks / 256 instructions, 504 memory beats, 0 CS, 0 SPI clocks
PASS ASH benchmarks mode-1: 24 workloads, warmup excluded
tb/tb_eis_ash_bench.v:131: $finish called at 4827066000 (1ps)
ASH BENCH mode0 ASH_register_count0: 29376 clocks / 256 instructions, 256 memory beats, 256 CS, 12288 SPI clocks
ASH BENCH mode0 ASH_register_count1: 31856 clocks / 256 instructions, 256 memory beats, 256 CS, 12288 SPI clocks
ASH BENCH mode0 ASH_register_count15: 45744 clocks / 256 instructions, 256 memory beats, 256 CS, 12288 SPI clocks
ASH BENCH mode0 ASH_register_count16: 46736 clocks / 256 instructions, 256 memory beats, 256 CS, 12288 SPI clocks
ASH BENCH mode0 ASH_register_count31: 61616 clocks / 256 instructions, 256 memory beats, 256 CS, 12288 SPI clocks
ASH BENCH mode0 ASH_register_count32: 53928 clocks / 256 instructions, 256 memory beats, 256 CS, 12288 SPI clocks
ASH BENCH mode0 ASH_register_count33: 53184 clocks / 256 instructions, 256 memory beats, 256 CS, 12288 SPI clocks
ASH BENCH mode0 ASH_register_count63: 30864 clocks / 256 instructions, 256 memory beats, 256 CS, 12288 SPI clocks
ASH BENCH mode0 ASH_immediate_count0: 56408 clocks / 256 instructions, 504 memory beats, 504 CS, 24192 SPI clocks
ASH BENCH mode0 ASH_immediate_count1: 58888 clocks / 256 instructions, 504 memory beats, 504 CS, 24192 SPI clocks
ASH BENCH mode0 ASH_immediate_count15: 72776 clocks / 256 instructions, 504 memory beats, 504 CS, 24192 SPI clocks
ASH BENCH mode0 ASH_immediate_count16: 73768 clocks / 256 instructions, 504 memory beats, 504 CS, 24192 SPI clocks
ASH BENCH mode0 ASH_immediate_count31: 88648 clocks / 256 instructions, 504 memory beats, 504 CS, 24192 SPI clocks
ASH BENCH mode0 ASH_immediate_count32: 80960 clocks / 256 instructions, 504 memory beats, 504 CS, 24192 SPI clocks
ASH BENCH mode0 ASH_immediate_count33: 80216 clocks / 256 instructions, 504 memory beats, 504 CS, 24192 SPI clocks
ASH BENCH mode0 ASH_immediate_count63: 57896 clocks / 256 instructions, 504 memory beats, 504 CS, 24192 SPI clocks
ASH BENCH mode0 ASH_memory_count0: 56160 clocks / 256 instructions, 504 memory beats, 504 CS, 24192 SPI clocks
ASH BENCH mode0 ASH_memory_count1: 58640 clocks / 256 instructions, 504 memory beats, 504 CS, 24192 SPI clocks
ASH BENCH mode0 ASH_memory_count15: 72528 clocks / 256 instructions, 504 memory beats, 504 CS, 24192 SPI clocks
ASH BENCH mode0 ASH_memory_count16: 73520 clocks / 256 instructions, 504 memory beats, 504 CS, 24192 SPI clocks
ASH BENCH mode0 ASH_memory_count31: 88400 clocks / 256 instructions, 504 memory beats, 504 CS, 24192 SPI clocks
ASH BENCH mode0 ASH_memory_count32: 80712 clocks / 256 instructions, 504 memory beats, 504 CS, 24192 SPI clocks
ASH BENCH mode0 ASH_memory_count33: 79968 clocks / 256 instructions, 504 memory beats, 504 CS, 24192 SPI clocks
ASH BENCH mode0 ASH_memory_count63: 57648 clocks / 256 instructions, 504 memory beats, 504 CS, 24192 SPI clocks
PASS ASH benchmarks mode0: 24 workloads, warmup excluded
tb/tb_eis_ash_bench.v:131: $finish called at 16771866000 (1ps)
ASH BENCH mode1 ASH_register_count0: 12512 clocks / 256 instructions, 256 memory beats, 8 CS, 4352 SPI clocks
ASH BENCH mode1 ASH_register_count1: 14992 clocks / 256 instructions, 256 memory beats, 8 CS, 4352 SPI clocks
ASH BENCH mode1 ASH_register_count15: 28880 clocks / 256 instructions, 256 memory beats, 8 CS, 4352 SPI clocks
ASH BENCH mode1 ASH_register_count16: 29872 clocks / 256 instructions, 256 memory beats, 8 CS, 4352 SPI clocks
ASH BENCH mode1 ASH_register_count31: 44752 clocks / 256 instructions, 256 memory beats, 8 CS, 4352 SPI clocks
ASH BENCH mode1 ASH_register_count32: 37064 clocks / 256 instructions, 256 memory beats, 8 CS, 4352 SPI clocks
ASH BENCH mode1 ASH_register_count33: 36320 clocks / 256 instructions, 256 memory beats, 8 CS, 4352 SPI clocks
ASH BENCH mode1 ASH_register_count63: 14000 clocks / 256 instructions, 256 memory beats, 8 CS, 4352 SPI clocks
ASH BENCH mode1 ASH_immediate_count0: 56408 clocks / 256 instructions, 504 memory beats, 504 CS, 24192 SPI clocks
ASH BENCH mode1 ASH_immediate_count1: 58888 clocks / 256 instructions, 504 memory beats, 504 CS, 24192 SPI clocks
ASH BENCH mode1 ASH_immediate_count15: 72776 clocks / 256 instructions, 504 memory beats, 504 CS, 24192 SPI clocks
ASH BENCH mode1 ASH_immediate_count16: 73768 clocks / 256 instructions, 504 memory beats, 504 CS, 24192 SPI clocks
ASH BENCH mode1 ASH_immediate_count31: 88648 clocks / 256 instructions, 504 memory beats, 504 CS, 24192 SPI clocks
ASH BENCH mode1 ASH_immediate_count32: 80960 clocks / 256 instructions, 504 memory beats, 504 CS, 24192 SPI clocks
ASH BENCH mode1 ASH_immediate_count33: 80216 clocks / 256 instructions, 504 memory beats, 504 CS, 24192 SPI clocks
ASH BENCH mode1 ASH_immediate_count63: 57896 clocks / 256 instructions, 504 memory beats, 504 CS, 24192 SPI clocks
ASH BENCH mode1 ASH_memory_count0: 56160 clocks / 256 instructions, 504 memory beats, 504 CS, 24192 SPI clocks
ASH BENCH mode1 ASH_memory_count1: 58640 clocks / 256 instructions, 504 memory beats, 504 CS, 24192 SPI clocks
ASH BENCH mode1 ASH_memory_count15: 72528 clocks / 256 instructions, 504 memory beats, 504 CS, 24192 SPI clocks
ASH BENCH mode1 ASH_memory_count16: 73520 clocks / 256 instructions, 504 memory beats, 504 CS, 24192 SPI clocks
ASH BENCH mode1 ASH_memory_count31: 88400 clocks / 256 instructions, 504 memory beats, 504 CS, 24192 SPI clocks
ASH BENCH mode1 ASH_memory_count32: 80712 clocks / 256 instructions, 504 memory beats, 504 CS, 24192 SPI clocks
ASH BENCH mode1 ASH_memory_count33: 79968 clocks / 256 instructions, 504 memory beats, 504 CS, 24192 SPI clocks
ASH BENCH mode1 ASH_memory_count63: 57648 clocks / 256 instructions, 504 memory beats, 504 CS, 24192 SPI clocks
PASS ASH benchmarks mode1: 24 workloads, warmup excluded
tb/tb_eis_ash_bench.v:131: $finish called at 15254106000 (1ps)
ASH BENCH mode2 ASH_register_count0: 10776 clocks / 256 instructions, 256 memory beats, 8 CS, 4352 SPI clocks
ASH BENCH mode2 ASH_register_count1: 10776 clocks / 256 instructions, 256 memory beats, 8 CS, 4352 SPI clocks
ASH BENCH mode2 ASH_register_count15: 19704 clocks / 256 instructions, 256 memory beats, 8 CS, 4352 SPI clocks
ASH BENCH mode2 ASH_register_count16: 20696 clocks / 256 instructions, 256 memory beats, 8 CS, 4352 SPI clocks
ASH BENCH mode2 ASH_register_count31: 35576 clocks / 256 instructions, 256 memory beats, 8 CS, 4352 SPI clocks
ASH BENCH mode2 ASH_register_count32: 27888 clocks / 256 instructions, 256 memory beats, 8 CS, 4352 SPI clocks
ASH BENCH mode2 ASH_register_count33: 27144 clocks / 256 instructions, 256 memory beats, 8 CS, 4352 SPI clocks
ASH BENCH mode2 ASH_register_count63: 10776 clocks / 256 instructions, 256 memory beats, 8 CS, 4352 SPI clocks
ASH BENCH mode2 ASH_immediate_count0: 56408 clocks / 256 instructions, 504 memory beats, 504 CS, 24192 SPI clocks
ASH BENCH mode2 ASH_immediate_count1: 58888 clocks / 256 instructions, 504 memory beats, 504 CS, 24192 SPI clocks
ASH BENCH mode2 ASH_immediate_count15: 72776 clocks / 256 instructions, 504 memory beats, 504 CS, 24192 SPI clocks
ASH BENCH mode2 ASH_immediate_count16: 73768 clocks / 256 instructions, 504 memory beats, 504 CS, 24192 SPI clocks
ASH BENCH mode2 ASH_immediate_count31: 88648 clocks / 256 instructions, 504 memory beats, 504 CS, 24192 SPI clocks
ASH BENCH mode2 ASH_immediate_count32: 80960 clocks / 256 instructions, 504 memory beats, 504 CS, 24192 SPI clocks
ASH BENCH mode2 ASH_immediate_count33: 80216 clocks / 256 instructions, 504 memory beats, 504 CS, 24192 SPI clocks
ASH BENCH mode2 ASH_immediate_count63: 57896 clocks / 256 instructions, 504 memory beats, 504 CS, 24192 SPI clocks
ASH BENCH mode2 ASH_memory_count0: 56160 clocks / 256 instructions, 504 memory beats, 504 CS, 24192 SPI clocks
ASH BENCH mode2 ASH_memory_count1: 58640 clocks / 256 instructions, 504 memory beats, 504 CS, 24192 SPI clocks
ASH BENCH mode2 ASH_memory_count15: 72528 clocks / 256 instructions, 504 memory beats, 504 CS, 24192 SPI clocks
ASH BENCH mode2 ASH_memory_count16: 73520 clocks / 256 instructions, 504 memory beats, 504 CS, 24192 SPI clocks
ASH BENCH mode2 ASH_memory_count31: 88400 clocks / 256 instructions, 504 memory beats, 504 CS, 24192 SPI clocks
ASH BENCH mode2 ASH_memory_count32: 80712 clocks / 256 instructions, 504 memory beats, 504 CS, 24192 SPI clocks
ASH BENCH mode2 ASH_memory_count33: 79968 clocks / 256 instructions, 504 memory beats, 504 CS, 24192 SPI clocks
ASH BENCH mode2 ASH_memory_count63: 57648 clocks / 256 instructions, 504 memory beats, 504 CS, 24192 SPI clocks
PASS ASH benchmarks mode2: 24 workloads, warmup excluded
tb/tb_eis_ash_bench.v:131: $finish called at 14634726000 (1ps)
