PASS psw_transfer differential mode-1: 12852 DCJ11 cases, 355470 clocks, 54492 exact bus beats
tb/tb_trace_bit.v:137: $finish called at 5996676000 (1ps)
PASS psw_transfer differential mode2: 12852 DCJ11 cases, 6370712 clocks, 54492 exact bus beats
tb/tb_trace_bit.v:137: $finish called at 66149096000 (1ps)
PASS PSW-transfer fault differential mode-1: 1008 DCJ11 vector-boundary cases, 33840 clocks, 6336 exact bus beats, 112 repair clocks
tb/tb_bus_fault.v:131: $finish called at 530016000 (1ps)
PASS PSW-transfer fault differential mode2: 1008 DCJ11 vector-boundary cases, 615848 clocks, 6336 exact bus beats, 112 repair clocks
tb/tb_bus_fault.v:131: $finish called at 6350096000 (1ps)
PASS system_control differential mode-1: 6144 DCJ11 cases, 137216 clocks, 26368 exact bus beats
tb/tb_trace_bit.v:137: $finish called at 2539616000 (1ps)
PASS system_control differential mode2: 6144 DCJ11 cases, 3055232 clocks, 26368 exact bus beats
tb/tb_trace_bit.v:137: $finish called at 31719776000 (1ps)
iverilog -g2012 -DVENDOR_ROM -s tb_system_control_lsi11 -o build/vendor_system_control_lsi11 tb/tb_system_control_lsi11.v rtl/uj11_core.v rtl/uj11_decode.v rtl/uj11_engine.v rtl/uj11_microseq.v rtl/uj11_datapath.v rtl/uj11_regfile.v rtl/uj11_alu.v rtl/uj11_psw.v rtl/uj11_mem.v rtl/uj11_fram_system.v rtl/uj11_fram_baseline.v rtl/uj11_fram_transport.v rtl/uj11_prefetch.v rtl/uj11_stream.v rtl/uj11_prefetch_control.v reference/lsi11/spi_fram_guest_ram.v reference/lsi11/spi_fram_model.v reference/lsi11/am4_cpu11_bus.v reference/lsi11/wbc_uart_xo2.v reference/lsi11/spi_byte_service.v rtl/uj11_irq_lsi11.v microcode/generated/uj11_m0_ebr.v "/private/tmp/uj11-cp24-vendor-20260909/uJ11-fpga/build/vendor/DP8KC.v" "/private/tmp/uj11-cp24-vendor-20260909/uJ11-fpga/build/vendor/GSR.v" "/private/tmp/uj11-cp24-vendor-20260909/uJ11-fpga/build/vendor/PUR.v"
vvp build/vendor_system_control_lsi11
PASS system control legacy: 3 scenarios; actual KL11/KW11/panel/SD/RK reset, FRAM retention, IRQ clear and new WAIT wake
tb/tb_system_control_lsi11.v:136: $finish called at 79026000 (1ps)
iverilog -g2012 -DVENDOR_ROM -s tb_system_control_faults -o build/vendor_system_control_faults tb/tb_system_control_faults.v rtl/uj11_core.v rtl/uj11_decode.v rtl/uj11_engine.v rtl/uj11_microseq.v rtl/uj11_datapath.v rtl/uj11_regfile.v rtl/uj11_alu.v rtl/uj11_psw.v rtl/uj11_mem.v microcode/generated/uj11_m0_ebr.v "/private/tmp/uj11-cp24-vendor-20260909/uJ11-fpga/build/vendor/DP8KC.v" "/private/tmp/uj11-cp24-vendor-20260909/uJ11-fpga/build/vendor/GSR.v" "/private/tmp/uj11-cp24-vendor-20260909/uJ11-fpga/build/vendor/PUR.v"
vvp build/vendor_system_control_faults
PASS system control faults: 64 HALT frames; all three ACK errors, odd SP, T/IRQ combinations and 0..3 waits
tb/tb_system_control_faults.v:78: $finish called at 23296000 (1ps)
PASS eis_ash differential mode-1: 26328 DCJ11 cases, 2051168 clocks, 70388 exact bus beats
tb/tb_trace_bit.v:137: $finish called at 25514096000 (1ps)
PASS eis_ash differential mode2: 26328 DCJ11 cases, 9407067 clocks, 70388 exact bus beats
tb/tb_trace_bit.v:137: $finish called at 99073086000 (1ps)
PASS ASH fault differential mode-1: 1024 DCJ11 vector-boundary cases, 34772 clocks, 6280 exact bus beats, 112 repair clocks
tb/tb_bus_fault.v:131: $finish called at 542376000 (1ps)
PASS ASH fault differential mode2: 1024 DCJ11 vector-boundary cases, 640308 clocks, 6280 exact bus beats, 112 repair clocks
tb/tb_bus_fault.v:131: $finish called at 6597736000 (1ps)
