EA BENCH mode-1 MOV_mem_reg: 3736 clocks / 256 instructions, 504 memory beats, 0 CS, 0 SPI clocks
EA BENCH mode-1 MOV_reg_mem: 4232 clocks / 256 instructions, 504 memory beats, 0 CS, 0 SPI clocks
EA BENCH mode-1 MOV_mem_mem: 4728 clocks / 256 instructions, 752 memory beats, 0 CS, 0 SPI clocks
EA BENCH mode-1 ADD_mem_reg: 3736 clocks / 256 instructions, 504 memory beats, 0 CS, 0 SPI clocks
EA BENCH mode-1 ADD_reg_mem: 5224 clocks / 256 instructions, 752 memory beats, 0 CS, 0 SPI clocks
EA BENCH mode-1 CMP_mem_mem: 4976 clocks / 256 instructions, 752 memory beats, 0 CS, 0 SPI clocks
EA BENCH mode-1 MOV_immediate_reg: 4232 clocks / 256 instructions, 504 memory beats, 0 CS, 0 SPI clocks
EA BENCH mode-1 MOV_indexed_reg: 4480 clocks / 256 instructions, 752 memory beats, 0 CS, 0 SPI clocks
EA BENCH mode-1 MOV_mem_indexed: 5224 clocks / 256 instructions, 1000 memory beats, 0 CS, 0 SPI clocks
EA BENCH mode-1 MOV_indexed_indexed: 5968 clocks / 256 instructions, 1248 memory beats, 0 CS, 0 SPI clocks
EA BENCH mode-1 MOV_autoinc_autoinc: 5472 clocks / 256 instructions, 752 memory beats, 0 CS, 0 SPI clocks
EA BENCH mode-1 MOV_stack_push: 4480 clocks / 256 instructions, 504 memory beats, 0 CS, 0 SPI clocks
EA BENCH mode-1 MOV_absolute_absolute: 6464 clocks / 256 instructions, 1248 memory beats, 0 CS, 0 SPI clocks
EA BENCH mode-1 BIT_mem_reg: 3736 clocks / 256 instructions, 504 memory beats, 0 CS, 0 SPI clocks
EA BENCH mode-1 BIT_reg_mem: 4480 clocks / 256 instructions, 504 memory beats, 0 CS, 0 SPI clocks
EA BENCH mode-1 BIT_mem_mem: 4976 clocks / 256 instructions, 752 memory beats, 0 CS, 0 SPI clocks
EA BENCH mode-1 BIC_mem_reg: 3736 clocks / 256 instructions, 504 memory beats, 0 CS, 0 SPI clocks
EA BENCH mode-1 BIC_reg_mem: 4976 clocks / 256 instructions, 752 memory beats, 0 CS, 0 SPI clocks
EA BENCH mode-1 BIC_mem_mem: 5472 clocks / 256 instructions, 1000 memory beats, 0 CS, 0 SPI clocks
EA BENCH mode-1 BIS_mem_reg: 3736 clocks / 256 instructions, 504 memory beats, 0 CS, 0 SPI clocks
EA BENCH mode-1 BIS_reg_mem: 4976 clocks / 256 instructions, 752 memory beats, 0 CS, 0 SPI clocks
EA BENCH mode-1 BIS_mem_mem: 5472 clocks / 256 instructions, 1000 memory beats, 0 CS, 0 SPI clocks
EA BENCH mode-1 SUB_mem_reg: 3736 clocks / 256 instructions, 504 memory beats, 0 CS, 0 SPI clocks
EA BENCH mode-1 SUB_reg_mem: 5224 clocks / 256 instructions, 752 memory beats, 0 CS, 0 SPI clocks
EA BENCH mode-1 SUB_mem_mem: 5720 clocks / 256 instructions, 1000 memory beats, 0 CS, 0 SPI clocks
PASS ea benchmarks mode-1: 25 loops x 256 retirements, 32 warmup excluded
tb/tb_ea_bench.v:155: $finish called at 1345506000 (1ps)
EA BENCH mode0 MOV_mem_reg: 56656 clocks / 256 instructions, 504 memory beats, 504 CS, 24192 SPI clocks
EA BENCH mode0 MOV_reg_mem: 61368 clocks / 256 instructions, 504 memory beats, 752 CS, 26176 SPI clocks
EA BENCH mode0 MOV_mem_mem: 87904 clocks / 256 instructions, 752 memory beats, 1000 CS, 38080 SPI clocks
EA BENCH mode0 ADD_mem_reg: 56656 clocks / 256 instructions, 504 memory beats, 504 CS, 24192 SPI clocks
EA BENCH mode0 ADD_reg_mem: 88400 clocks / 256 instructions, 752 memory beats, 1000 CS, 38080 SPI clocks
EA BENCH mode0 CMP_mem_mem: 83936 clocks / 256 instructions, 752 memory beats, 752 CS, 36096 SPI clocks
EA BENCH mode0 MOV_immediate_reg: 57152 clocks / 256 instructions, 504 memory beats, 504 CS, 24192 SPI clocks
EA BENCH mode0 MOV_indexed_reg: 83440 clocks / 256 instructions, 752 memory beats, 752 CS, 36096 SPI clocks
EA BENCH mode0 MOV_mem_indexed: 114440 clocks / 256 instructions, 1000 memory beats, 1248 CS, 49984 SPI clocks
EA BENCH mode0 MOV_indexed_indexed: 141224 clocks / 256 instructions, 1248 memory beats, 1496 CS, 61888 SPI clocks
EA BENCH mode0 MOV_autoinc_autoinc: 88648 clocks / 256 instructions, 752 memory beats, 1000 CS, 38080 SPI clocks
EA BENCH mode0 MOV_stack_push: 61616 clocks / 256 instructions, 504 memory beats, 752 CS, 26176 SPI clocks
EA BENCH mode0 MOV_absolute_absolute: 141720 clocks / 256 instructions, 1248 memory beats, 1496 CS, 61888 SPI clocks
EA BENCH mode0 BIT_mem_reg: 56656 clocks / 256 instructions, 504 memory beats, 504 CS, 24192 SPI clocks
EA BENCH mode0 BIT_reg_mem: 57400 clocks / 256 instructions, 504 memory beats, 504 CS, 24192 SPI clocks
EA BENCH mode0 BIT_mem_mem: 83936 clocks / 256 instructions, 752 memory beats, 752 CS, 36096 SPI clocks
EA BENCH mode0 BIC_mem_reg: 56656 clocks / 256 instructions, 504 memory beats, 504 CS, 24192 SPI clocks
EA BENCH mode0 BIC_reg_mem: 88152 clocks / 256 instructions, 752 memory beats, 1000 CS, 38080 SPI clocks
EA BENCH mode0 BIC_mem_mem: 114688 clocks / 256 instructions, 1000 memory beats, 1248 CS, 49984 SPI clocks
EA BENCH mode0 BIS_mem_reg: 56656 clocks / 256 instructions, 504 memory beats, 504 CS, 24192 SPI clocks
EA BENCH mode0 BIS_reg_mem: 88152 clocks / 256 instructions, 752 memory beats, 1000 CS, 38080 SPI clocks
EA BENCH mode0 BIS_mem_mem: 114688 clocks / 256 instructions, 1000 memory beats, 1248 CS, 49984 SPI clocks
EA BENCH mode0 SUB_mem_reg: 56656 clocks / 256 instructions, 504 memory beats, 504 CS, 24192 SPI clocks
EA BENCH mode0 SUB_reg_mem: 88400 clocks / 256 instructions, 752 memory beats, 1000 CS, 38080 SPI clocks
EA BENCH mode0 SUB_mem_mem: 114936 clocks / 256 instructions, 1000 memory beats, 1248 CS, 49984 SPI clocks
PASS ea benchmarks mode0: 25 loops x 256 retirements, 32 warmup excluded
tb/tb_ea_bench.v:155: $finish called at 23631126000 (1ps)
EA BENCH mode1 MOV_mem_reg: 56656 clocks / 256 instructions, 504 memory beats, 504 CS, 24192 SPI clocks
EA BENCH mode1 MOV_reg_mem: 61368 clocks / 256 instructions, 504 memory beats, 752 CS, 26176 SPI clocks
EA BENCH mode1 MOV_mem_mem: 87904 clocks / 256 instructions, 752 memory beats, 1000 CS, 38080 SPI clocks
EA BENCH mode1 ADD_mem_reg: 56656 clocks / 256 instructions, 504 memory beats, 504 CS, 24192 SPI clocks
EA BENCH mode1 ADD_reg_mem: 88400 clocks / 256 instructions, 752 memory beats, 1000 CS, 38080 SPI clocks
EA BENCH mode1 CMP_mem_mem: 83936 clocks / 256 instructions, 752 memory beats, 752 CS, 36096 SPI clocks
EA BENCH mode1 MOV_immediate_reg: 23424 clocks / 256 instructions, 504 memory beats, 8 CS, 8320 SPI clocks
EA BENCH mode1 MOV_indexed_reg: 66576 clocks / 256 instructions, 752 memory beats, 504 CS, 28160 SPI clocks
EA BENCH mode1 MOV_mem_indexed: 114440 clocks / 256 instructions, 1000 memory beats, 1248 CS, 49984 SPI clocks
EA BENCH mode1 MOV_indexed_indexed: 124360 clocks / 256 instructions, 1248 memory beats, 1248 CS, 53952 SPI clocks
EA BENCH mode1 MOV_autoinc_autoinc: 88648 clocks / 256 instructions, 752 memory beats, 1000 CS, 38080 SPI clocks
EA BENCH mode1 MOV_stack_push: 61616 clocks / 256 instructions, 504 memory beats, 752 CS, 26176 SPI clocks
EA BENCH mode1 MOV_absolute_absolute: 124856 clocks / 256 instructions, 1248 memory beats, 1248 CS, 53952 SPI clocks
EA BENCH mode1 BIT_mem_reg: 56656 clocks / 256 instructions, 504 memory beats, 504 CS, 24192 SPI clocks
EA BENCH mode1 BIT_reg_mem: 57400 clocks / 256 instructions, 504 memory beats, 504 CS, 24192 SPI clocks
EA BENCH mode1 BIT_mem_mem: 83936 clocks / 256 instructions, 752 memory beats, 752 CS, 36096 SPI clocks
EA BENCH mode1 BIC_mem_reg: 56656 clocks / 256 instructions, 504 memory beats, 504 CS, 24192 SPI clocks
EA BENCH mode1 BIC_reg_mem: 88152 clocks / 256 instructions, 752 memory beats, 1000 CS, 38080 SPI clocks
EA BENCH mode1 BIC_mem_mem: 114688 clocks / 256 instructions, 1000 memory beats, 1248 CS, 49984 SPI clocks
EA BENCH mode1 BIS_mem_reg: 56656 clocks / 256 instructions, 504 memory beats, 504 CS, 24192 SPI clocks
EA BENCH mode1 BIS_reg_mem: 88152 clocks / 256 instructions, 752 memory beats, 1000 CS, 38080 SPI clocks
EA BENCH mode1 BIS_mem_mem: 114688 clocks / 256 instructions, 1000 memory beats, 1248 CS, 49984 SPI clocks
EA BENCH mode1 SUB_mem_reg: 56656 clocks / 256 instructions, 504 memory beats, 504 CS, 24192 SPI clocks
EA BENCH mode1 SUB_reg_mem: 88400 clocks / 256 instructions, 752 memory beats, 1000 CS, 38080 SPI clocks
EA BENCH mode1 SUB_mem_mem: 114936 clocks / 256 instructions, 1000 memory beats, 1248 CS, 49984 SPI clocks
PASS ea benchmarks mode1: 25 loops x 256 retirements, 32 warmup excluded
tb/tb_ea_bench.v:155: $finish called at 22682526000 (1ps)
EA BENCH mode2 MOV_mem_reg: 56656 clocks / 256 instructions, 504 memory beats, 504 CS, 24192 SPI clocks
EA BENCH mode2 MOV_reg_mem: 61368 clocks / 256 instructions, 504 memory beats, 752 CS, 26176 SPI clocks
EA BENCH mode2 MOV_mem_mem: 87904 clocks / 256 instructions, 752 memory beats, 1000 CS, 38080 SPI clocks
EA BENCH mode2 ADD_mem_reg: 56656 clocks / 256 instructions, 504 memory beats, 504 CS, 24192 SPI clocks
EA BENCH mode2 ADD_reg_mem: 88400 clocks / 256 instructions, 752 memory beats, 1000 CS, 38080 SPI clocks
EA BENCH mode2 CMP_mem_mem: 83936 clocks / 256 instructions, 752 memory beats, 752 CS, 36096 SPI clocks
EA BENCH mode2 MOV_immediate_reg: 21936 clocks / 256 instructions, 504 memory beats, 8 CS, 8320 SPI clocks
EA BENCH mode2 MOV_indexed_reg: 66576 clocks / 256 instructions, 752 memory beats, 504 CS, 28160 SPI clocks
EA BENCH mode2 MOV_mem_indexed: 114440 clocks / 256 instructions, 1000 memory beats, 1248 CS, 49984 SPI clocks
EA BENCH mode2 MOV_indexed_indexed: 124360 clocks / 256 instructions, 1248 memory beats, 1248 CS, 53952 SPI clocks
EA BENCH mode2 MOV_autoinc_autoinc: 88648 clocks / 256 instructions, 752 memory beats, 1000 CS, 38080 SPI clocks
EA BENCH mode2 MOV_stack_push: 61616 clocks / 256 instructions, 504 memory beats, 752 CS, 26176 SPI clocks
EA BENCH mode2 MOV_absolute_absolute: 124856 clocks / 256 instructions, 1248 memory beats, 1248 CS, 53952 SPI clocks
EA BENCH mode2 BIT_mem_reg: 56656 clocks / 256 instructions, 504 memory beats, 504 CS, 24192 SPI clocks
EA BENCH mode2 BIT_reg_mem: 57400 clocks / 256 instructions, 504 memory beats, 504 CS, 24192 SPI clocks
EA BENCH mode2 BIT_mem_mem: 83936 clocks / 256 instructions, 752 memory beats, 752 CS, 36096 SPI clocks
EA BENCH mode2 BIC_mem_reg: 56656 clocks / 256 instructions, 504 memory beats, 504 CS, 24192 SPI clocks
EA BENCH mode2 BIC_reg_mem: 88152 clocks / 256 instructions, 752 memory beats, 1000 CS, 38080 SPI clocks
EA BENCH mode2 BIC_mem_mem: 114688 clocks / 256 instructions, 1000 memory beats, 1248 CS, 49984 SPI clocks
EA BENCH mode2 BIS_mem_reg: 56656 clocks / 256 instructions, 504 memory beats, 504 CS, 24192 SPI clocks
EA BENCH mode2 BIS_reg_mem: 88152 clocks / 256 instructions, 752 memory beats, 1000 CS, 38080 SPI clocks
EA BENCH mode2 BIS_mem_mem: 114688 clocks / 256 instructions, 1000 memory beats, 1248 CS, 49984 SPI clocks
EA BENCH mode2 SUB_mem_reg: 56656 clocks / 256 instructions, 504 memory beats, 504 CS, 24192 SPI clocks
EA BENCH mode2 SUB_reg_mem: 88400 clocks / 256 instructions, 752 memory beats, 1000 CS, 38080 SPI clocks
EA BENCH mode2 SUB_mem_mem: 114936 clocks / 256 instructions, 1000 memory beats, 1248 CS, 49984 SPI clocks
PASS ea benchmarks mode2: 25 loops x 256 retirements, 32 warmup excluded
tb/tb_ea_bench.v:155: $finish called at 22665786000 (1ps)
