PASS bus fault differential mode-1: 32780 DCJ11 vector-boundary cases, 1179328 clocks, 213080 exact bus beats, 3536 repair clocks
tb/tb_bus_fault.v:133: $finish called at 18021576000 (1ps)
PASS bus fault differential mode2: 32780 DCJ11 vector-boundary cases, 20896206 clocks, 213080 exact bus beats, 3536 repair clocks
tb/tb_bus_fault.v:133: $finish called at 215190356000 (1ps)
iverilog -g2012 -DVENDOR_ROM -s tb_bus_fault_system -o build/vendor_bus_fault_system tb/tb_bus_fault_system.v rtl/uj11_core.v rtl/uj11_decode.v rtl/uj11_engine.v rtl/uj11_microseq.v rtl/uj11_datapath.v rtl/uj11_regfile.v rtl/uj11_alu.v rtl/uj11_psw.v rtl/uj11_mem.v rtl/uj11_fram_system.v rtl/uj11_fram_baseline.v rtl/uj11_fram_transport.v rtl/uj11_prefetch.v rtl/uj11_stream.v rtl/uj11_prefetch_control.v reference/lsi11/spi_fram_guest_ram.v reference/lsi11/spi_fram_model.v microcode/generated/uj11_m0_ebr.v "/private/tmp/uj11-cp26-vendor-20260909/uJ11-fpga/build/vendor/DP8KC.v" "/private/tmp/uj11-cp26-vendor-20260909/uJ11-fpga/build/vendor/GSR.v" "/private/tmp/uj11-cp26-vendor-20260909/uJ11-fpga/build/vendor/PUR.v"
vvp build/vendor_bus_fault_system
PASS bus fault system: 32 real FRAM I/O-error/odd-word frames, EA CALL, RTI, pending IRQ and quiescent WAIT cases
tb/tb_bus_fault_system.v:79: $finish called at 572176000 (1ps)
iverilog -g2012 -DVENDOR_ROM -s tb_bus_fault_double -o build/vendor_bus_fault_double tb/tb_bus_fault_double.v rtl/uj11_core.v rtl/uj11_decode.v rtl/uj11_engine.v rtl/uj11_microseq.v rtl/uj11_datapath.v rtl/uj11_regfile.v rtl/uj11_alu.v rtl/uj11_psw.v rtl/uj11_mem.v microcode/generated/uj11_m0_ebr.v "/private/tmp/uj11-cp26-vendor-20260909/uJ11-fpga/build/vendor/DP8KC.v" "/private/tmp/uj11-cp26-vendor-20260909/uJ11-fpga/build/vendor/GSR.v" "/private/tmp/uj11-cp26-vendor-20260909/uJ11-fpga/build/vendor/PUR.v"
vvp build/vendor_bus_fault_double
PASS bus double fault: 96 FETCH/operand-error and odd-PC cases with all four frame errors, odd SP and 0..3 waits
tb/tb_bus_fault_double.v:82: $finish called at 46456000 (1ps)
PASS trace_bit differential mode-1: 11196 DCJ11 cases, 328315 clocks, 58965 exact bus beats
tb/tb_trace_bit.v:137: $finish called at 5410486000 (1ps)
PASS trace_bit differential mode2: 11196 DCJ11 cases, 6684208 clocks, 58965 exact bus beats
tb/tb_trace_bit.v:137: $finish called at 68969416000 (1ps)
iverilog -g2012 -DVENDOR_ROM -s tb_trace_system -o build/vendor_trace_system tb/tb_trace_system.v rtl/uj11_core.v rtl/uj11_decode.v rtl/uj11_engine.v rtl/uj11_microseq.v rtl/uj11_datapath.v rtl/uj11_regfile.v rtl/uj11_alu.v rtl/uj11_psw.v rtl/uj11_mem.v rtl/uj11_fram_system.v rtl/uj11_fram_baseline.v rtl/uj11_fram_transport.v rtl/uj11_prefetch.v rtl/uj11_stream.v rtl/uj11_prefetch_control.v reference/lsi11/spi_fram_guest_ram.v reference/lsi11/spi_fram_model.v microcode/generated/uj11_m0_ebr.v "/private/tmp/uj11-cp26-vendor-20260909/uJ11-fpga/build/vendor/DP8KC.v" "/private/tmp/uj11-cp26-vendor-20260909/uJ11-fpga/build/vendor/GSR.v" "/private/tmp/uj11-cp26-vendor-20260909/uJ11-fpga/build/vendor/PUR.v"
vvp build/vendor_trace_system
PASS trace system: 24 real FRAM trace/RTI/RTT/WAIT/IRQ and I/O-fault cases
tb/tb_trace_system.v:105: $finish called at 410156000 (1ps)
iverilog -g2012 -DVENDOR_ROM -s tb_trace_faults -o build/vendor_trace_faults tb/tb_trace_faults.v rtl/uj11_core.v rtl/uj11_decode.v rtl/uj11_engine.v rtl/uj11_microseq.v rtl/uj11_datapath.v rtl/uj11_regfile.v rtl/uj11_alu.v rtl/uj11_psw.v rtl/uj11_mem.v microcode/generated/uj11_m0_ebr.v "/private/tmp/uj11-cp26-vendor-20260909/uJ11-fpga/build/vendor/DP8KC.v" "/private/tmp/uj11-cp26-vendor-20260909/uJ11-fpga/build/vendor/GSR.v" "/private/tmp/uj11-cp26-vendor-20260909/uJ11-fpga/build/vendor/PUR.v"
vvp build/vendor_trace_faults
PASS trace faults: 140 trace/RTI frames and T-set fault priority cases, all four frame errors, odd SP and 0..3 waits
tb/tb_trace_faults.v:86: $finish called at 63916000 (1ps)
PASS system_flags differential mode-1: 21120 DCJ11 cases, 421120 clocks, 75504 exact bus beats
tb/tb_trace_bit.v:137: $finish called at 8224096000 (1ps)
PASS system_flags differential mode2: 21120 DCJ11 cases, 9099624 clocks, 75504 exact bus beats
tb/tb_trace_bit.v:137: $finish called at 95009136000 (1ps)
