make: Nothing to be done for `all'.
python3 -m unittest discover -s tb -p 'test_*.py' -v
test_actual_program (test_microasm.AssemblerTests.test_actual_program) ... ok
test_conditional_retirement (test_microasm.AssemblerTests.test_conditional_retirement) ... ok
test_conflicts (test_microasm.AssemblerTests.test_conflicts) ... ok
test_control_selectors_are_aligned (test_microasm.AssemblerTests.test_control_selectors_are_aligned) ... ok
test_fault_increment (test_microasm.AssemblerTests.test_fault_increment) ... ok
test_invalid_physical_image (test_microasm.AssemblerTests.test_invalid_physical_image) ... ok
test_operand_width (test_microasm.AssemblerTests.test_operand_width) ... ok
test_page_and_immediate (test_microasm.AssemblerTests.test_page_and_immediate) ... ok
test_peripheral_reset_jump (test_microasm.AssemblerTests.test_peripheral_reset_jump) ... ok
test_physical_packing_roundtrip (test_microasm.AssemblerTests.test_physical_packing_roundtrip) ... ok
test_prefetch_policy (test_microasm.AssemblerTests.test_prefetch_policy) ... ok
test_return_trace_field (test_microasm.AssemblerTests.test_return_trace_field) ... ok
test_reverse_operands (test_microasm.AssemblerTests.test_reverse_operands) ... ok
test_rr_encoding (test_microasm.AssemblerTests.test_rr_encoding) ... ok
test_stream_extension (test_microasm.AssemblerTests.test_stream_extension) ... ok
test_wait_control (test_microasm.AssemblerTests.test_wait_control) ... ok

----------------------------------------------------------------------
Ran 16 tests in 0.015s

OK
iverilog -g2012 -Wall -s tb_microseq -o build/seq tb/tb_microseq.v rtl/uj11_microseq.v
vvp build/seq
PASS microseq: 4336 combinational checks, CALL/RETURN stalls and reset
tb/tb_microseq.v:136: $finish called at 4616000 (1ps)
iverilog -g2012 -Wall -s tb_rom -o build/rom tb/tb_rom.v rtl/uj11_rom.v
vvp build/rom
PASS ROM: all 1024 words and 1024 enable holds
tb/tb_rom.v:29: $finish called at 20576000 (1ps)
iverilog -g2012 -Wall -s tb_control_store -o build/store tb/tb_control_store.v rtl/uj11_microseq.v rtl/uj11_rom.v
vvp build/store
PASS control store: 17 transitions, no sequencing bubbles, stalls preserve uIR alignment
tb/tb_control_store.v:43: $finish called at 606000 (1ps)
iverilog -g2012 -Wall -s tb_decode -o build/decode tb/tb_decode.v rtl/uj11_decode.v
vvp build/decode
PASS decoder: all 65536 opcodes, exactly 58992 supported encodings
tb/tb_decode.v:72: $finish called at 65536000 (1ps)
verilator --lint-only --Wall --top-module uj11_probe_decode synth/machxo2/uj11_probe_decode.v rtl/uj11_decode.v
- V e r i l a t i o n   R e p o r t: Verilator 5.050 2026-07-01 rev vUNKNOWN-built20260701
- Verilator: Built from 0.051 MB sources in 3 modules, into 0.044 MB in 3 C++ files needing 0.000 MB
- Verilator: Walltime 0.020 s (elab=0.005, cvt=0.006, bld=0.000); cpu 0.012 s on 1 threads; allocated 10.422 MB
verilator --lint-only --Wall --top-module uj11_probe_seq synth/machxo2/uj11_probe_seq.v rtl/uj11_microseq.v rtl/uj11_rom.v
- V e r i l a t i o n   R e p o r t: Verilator 5.050 2026-07-01 rev vUNKNOWN-built20260701
- Verilator: Built from 0.072 MB sources in 4 modules, into 0.054 MB in 3 C++ files needing 0.000 MB
- Verilator: Walltime 0.007 s (elab=0.001, cvt=0.003, bld=0.000); cpu 0.007 s on 1 threads; allocated 10.562 MB
verilator --lint-only --Wall --top-module uj11_probe_datapath synth/machxo2/uj11_probe_datapath.v rtl/uj11_datapath.v rtl/uj11_regfile.v rtl/uj11_alu.v
- V e r i l a t i o n   R e p o r t: Verilator 5.050 2026-07-01 rev vUNKNOWN-built20260701
- Verilator: Built from 0.090 MB sources in 5 modules, into 0.075 MB in 3 C++ files needing 0.000 MB
- Verilator: Walltime 0.009 s (elab=0.001, cvt=0.005, bld=0.000); cpu 0.009 s on 1 threads; allocated 10.906 MB
cc -O2 -Wall -DENABLE_MMU=0 -I.. ../tests/core_tests.c ../core/core.c ../core/disas.c ../core/hardware.c -lm -o build/cp22-core-tests
build/cp22-core-tests
All core instruction tests passed
cc -O2 -Wall -DORACLE_ACCESS_AUDIT=1 -DORACLE_VECTOR_AUDIT=1 -DORACLE_TRAP_PROFILE=1 -DORACLE_IRQ_PROFILE=1 -DORACLE_TRACE_PROFILE=1 -DORACLE_PSW_PROFILE=1 -DENABLE_MMU=0 -I.. -I../core tb/eis_div_vectors.c build/oracle_control_core.c ../core/hardware.c -lm -o build/eis_div_vectors
build/eis_div_vectors > build/eis_div-vectors.txt.tmp 2> build/eis_div-oracle.log
mv build/eis_div-vectors.txt.tmp build/eis_div-vectors.txt
cc -O2 -Wall -DENABLE_MMU=0 -I.. -I../core tb/eis_div_fault_vectors.c build/oracle_fault_core.c ../core/hardware.c -lm -o build/eis_div_fault_vectors
build/eis_div_fault_vectors > build/eis-div-fault-vectors.txt.tmp 2> build/eis-div-fault-oracle.log
mv build/eis-div-fault-vectors.txt.tmp build/eis-div-fault-vectors.txt
python3 tools/check_div_oracle.py
PASS independent DIV oracle: 7322 ordinary cases; 385 aliases; all 8 modes; normal/fault union 512 encodings
iverilog -g2012 -Wall -s tb_div_io -o build/div_io tb/tb_div_io.v rtl/uj11_core.v rtl/uj11_decode.v rtl/uj11_engine.v rtl/uj11_microseq.v rtl/uj11_datapath.v rtl/uj11_regfile.v rtl/uj11_alu.v rtl/uj11_psw.v rtl/uj11_mem.v rtl/uj11_rom.v
vvp build/div_io
PASS DIV CSR: 2048 read-clear/no-write/flags/error/odd-address cases, all NZVC and 0..3 waits
tb/tb_div_io.v:105: $finish called at 1582176000 (1ps)
PASS CP26 decoder: all 65536 checked; only DIV differ from archived CP25a
build/tb_decode_equivalence.v:11: $finish called at 65536000 (1ps)
