TRACE BENCH mode-1 ADD_trace_RTT: 4992 clocks / 384 instructions, 1536 memory beats, 0 CS, 0 SPI clocks
TRACE BENCH mode-1 MOV_mem_trace_RTT: 6240 clocks / 384 instructions, 1632 memory beats, 0 CS, 0 SPI clocks
TRACE BENCH mode-1 RTI_restored_T_loop: 6144 clocks / 256 instructions, 1792 memory beats, 0 CS, 0 SPI clocks
TRACE BENCH mode-1 WAIT_trace_RTT: 5088 clocks / 384 instructions, 1536 memory beats, 0 CS, 0 SPI clocks
TRACE BENCH mode-1 MOV_SP_RTT_T0: 3200 clocks / 256 instructions, 640 memory beats, 0 CS, 0 SPI clocks
PASS trace benchmarks mode-1: 5 workloads, warmup excluded
tb/tb_trace_bench.v:118: $finish called at 260086000 (1ps)
TRACE BENCH mode0 ADD_trace_RTT: 172800 clocks / 384 instructions, 1536 memory beats, 1920 CS, 76800 SPI clocks
TRACE BENCH mode0 MOV_mem_trace_RTT: 184128 clocks / 384 instructions, 1632 memory beats, 2016 CS, 81408 SPI clocks
TRACE BENCH mode0 RTI_restored_T_loop: 203008 clocks / 256 instructions, 1792 memory beats, 2304 CS, 90112 SPI clocks
TRACE BENCH mode0 WAIT_trace_RTT: 172896 clocks / 384 instructions, 1536 memory beats, 1920 CS, 76800 SPI clocks
TRACE BENCH mode0 MOV_SP_RTT_T0: 70400 clocks / 256 instructions, 640 memory beats, 640 CS, 30720 SPI clocks
PASS trace benchmarks mode0: 5 workloads, warmup excluded
tb/tb_trace_bench.v:118: $finish called at 8110936000 (1ps)
TRACE BENCH mode1 ADD_trace_RTT: 172800 clocks / 384 instructions, 1536 memory beats, 1920 CS, 76800 SPI clocks
TRACE BENCH mode1 MOV_mem_trace_RTT: 184128 clocks / 384 instructions, 1632 memory beats, 2016 CS, 81408 SPI clocks
TRACE BENCH mode1 RTI_restored_T_loop: 203008 clocks / 256 instructions, 1792 memory beats, 2304 CS, 90112 SPI clocks
TRACE BENCH mode1 WAIT_trace_RTT: 172896 clocks / 384 instructions, 1536 memory beats, 1920 CS, 76800 SPI clocks
TRACE BENCH mode1 MOV_SP_RTT_T0: 52992 clocks / 256 instructions, 640 memory beats, 384 CS, 22528 SPI clocks
PASS trace benchmarks mode1: 5 workloads, warmup excluded
tb/tb_trace_bench.v:118: $finish called at 7935496000 (1ps)
TRACE BENCH mode2 ADD_trace_RTT: 175872 clocks / 384 instructions, 1536 memory beats, 1920 CS, 78336 SPI clocks
TRACE BENCH mode2 MOV_mem_trace_RTT: 184128 clocks / 384 instructions, 1632 memory beats, 2016 CS, 81408 SPI clocks
TRACE BENCH mode2 RTI_restored_T_loop: 203008 clocks / 256 instructions, 1792 memory beats, 2304 CS, 90112 SPI clocks
TRACE BENCH mode2 WAIT_trace_RTT: 172896 clocks / 384 instructions, 1536 memory beats, 1920 CS, 76800 SPI clocks
TRACE BENCH mode2 MOV_SP_RTT_T0: 52224 clocks / 256 instructions, 640 memory beats, 384 CS, 22528 SPI clocks
PASS trace benchmarks mode2: 5 workloads, warmup excluded
tb/tb_trace_bench.v:118: $finish called at 7959116000 (1ps)
