DIV BENCH mode-1 DIV_source_mode0: 19216 clocks / 368 instructions, 608 memory beats, 0 CS, 0 SPI clocks
DIV BENCH mode-1 DIV_source_mode1: 19936 clocks / 368 instructions, 728 memory beats, 0 CS, 0 SPI clocks
DIV BENCH mode-1 DIV_source_mode2: 20192 clocks / 376 instructions, 744 memory beats, 0 CS, 0 SPI clocks
DIV BENCH mode-1 DIV_source_mode3: 20432 clocks / 376 instructions, 864 memory beats, 0 CS, 0 SPI clocks
DIV BENCH mode-1 DIV_source_mode4: 20192 clocks / 376 instructions, 744 memory beats, 0 CS, 0 SPI clocks
DIV BENCH mode-1 DIV_source_mode5: 20312 clocks / 376 instructions, 864 memory beats, 0 CS, 0 SPI clocks
DIV BENCH mode-1 DIV_source_mode6: 20176 clocks / 368 instructions, 848 memory beats, 0 CS, 0 SPI clocks
DIV BENCH mode-1 DIV_source_mode7: 20416 clocks / 368 instructions, 968 memory beats, 0 CS, 0 SPI clocks
DIV BENCH mode-1 DIV_RR_00000000_by_8000: 19096 clocks / 368 instructions, 608 memory beats, 0 CS, 0 SPI clocks
DIV BENCH mode-1 DIV_RR_00007fff_by_0001: 20776 clocks / 368 instructions, 608 memory beats, 0 CS, 0 SPI clocks
DIV BENCH mode-1 DIV_RR_ffff8000_by_0001: 19216 clocks / 368 instructions, 608 memory beats, 0 CS, 0 SPI clocks
DIV BENCH mode-1 DIV_RR_00008000_by_0001: 19216 clocks / 368 instructions, 608 memory beats, 0 CS, 0 SPI clocks
DIV BENCH mode-1 DIV_RR_ffff7fff_by_0001: 19936 clocks / 368 instructions, 608 memory beats, 0 CS, 0 SPI clocks
DIV BENCH mode-1 DIV_RR_80000000_by_ffff: 7096 clocks / 368 instructions, 608 memory beats, 0 CS, 0 SPI clocks
DIV BENCH mode-1 DIV_RR_ffffffff_by_0000: 5896 clocks / 368 instructions, 608 memory beats, 0 CS, 0 SPI clocks
DIV BENCH mode-1 DIV_RR_00000001_by_8000: 19096 clocks / 368 instructions, 608 memory beats, 0 CS, 0 SPI clocks
PASS DIV benchmarks mode-1: 16 workloads, warmup excluded
tb/tb_eis_div_bench.v:182: $finish called at 3278976000 (1ps)
DIV BENCH mode0 DIV_source_mode0: 83056 clocks / 368 instructions, 608 memory beats, 608 CS, 29184 SPI clocks
DIV BENCH mode0 DIV_source_mode1: 96376 clocks / 368 instructions, 728 memory beats, 728 CS, 34944 SPI clocks
DIV BENCH mode0 DIV_source_mode2: 98312 clocks / 376 instructions, 744 memory beats, 744 CS, 35712 SPI clocks
DIV BENCH mode0 DIV_source_mode3: 111152 clocks / 376 instructions, 864 memory beats, 864 CS, 41472 SPI clocks
DIV BENCH mode0 DIV_source_mode4: 98312 clocks / 376 instructions, 744 memory beats, 744 CS, 35712 SPI clocks
DIV BENCH mode0 DIV_source_mode5: 111032 clocks / 376 instructions, 864 memory beats, 864 CS, 41472 SPI clocks
DIV BENCH mode0 DIV_source_mode6: 109216 clocks / 368 instructions, 848 memory beats, 848 CS, 40704 SPI clocks
DIV BENCH mode0 DIV_source_mode7: 122056 clocks / 368 instructions, 968 memory beats, 968 CS, 46464 SPI clocks
DIV BENCH mode0 DIV_RR_00000000_by_8000: 82936 clocks / 368 instructions, 608 memory beats, 608 CS, 29184 SPI clocks
DIV BENCH mode0 DIV_RR_00007fff_by_0001: 84616 clocks / 368 instructions, 608 memory beats, 608 CS, 29184 SPI clocks
DIV BENCH mode0 DIV_RR_ffff8000_by_0001: 83056 clocks / 368 instructions, 608 memory beats, 608 CS, 29184 SPI clocks
DIV BENCH mode0 DIV_RR_00008000_by_0001: 83056 clocks / 368 instructions, 608 memory beats, 608 CS, 29184 SPI clocks
DIV BENCH mode0 DIV_RR_ffff7fff_by_0001: 83776 clocks / 368 instructions, 608 memory beats, 608 CS, 29184 SPI clocks
DIV BENCH mode0 DIV_RR_80000000_by_ffff: 70936 clocks / 368 instructions, 608 memory beats, 608 CS, 29184 SPI clocks
DIV BENCH mode0 DIV_RR_ffffffff_by_0000: 69736 clocks / 368 instructions, 608 memory beats, 608 CS, 29184 SPI clocks
DIV BENCH mode0 DIV_RR_00000001_by_8000: 82936 clocks / 368 instructions, 608 memory beats, 608 CS, 29184 SPI clocks
PASS DIV benchmarks mode0: 16 workloads, warmup excluded
tb/tb_eis_div_bench.v:182: $finish called at 16546776000 (1ps)
DIV BENCH mode1 DIV_source_mode0: 42256 clocks / 368 instructions, 608 memory beats, 8 CS, 9984 SPI clocks
DIV BENCH mode1 DIV_source_mode1: 63736 clocks / 368 instructions, 728 memory beats, 248 CS, 19584 SPI clocks
DIV BENCH mode1 DIV_source_mode2: 64584 clocks / 376 instructions, 744 memory beats, 248 CS, 19840 SPI clocks
DIV BENCH mode1 DIV_source_mode3: 77424 clocks / 376 instructions, 864 memory beats, 368 CS, 25600 SPI clocks
DIV BENCH mode1 DIV_source_mode4: 64584 clocks / 376 instructions, 744 memory beats, 248 CS, 19840 SPI clocks
DIV BENCH mode1 DIV_source_mode5: 77304 clocks / 376 instructions, 864 memory beats, 368 CS, 25600 SPI clocks
DIV BENCH mode1 DIV_source_mode6: 68416 clocks / 368 instructions, 848 memory beats, 248 CS, 21504 SPI clocks
DIV BENCH mode1 DIV_source_mode7: 81256 clocks / 368 instructions, 968 memory beats, 368 CS, 27264 SPI clocks
DIV BENCH mode1 DIV_RR_00000000_by_8000: 42136 clocks / 368 instructions, 608 memory beats, 8 CS, 9984 SPI clocks
DIV BENCH mode1 DIV_RR_00007fff_by_0001: 43816 clocks / 368 instructions, 608 memory beats, 8 CS, 9984 SPI clocks
DIV BENCH mode1 DIV_RR_ffff8000_by_0001: 42256 clocks / 368 instructions, 608 memory beats, 8 CS, 9984 SPI clocks
DIV BENCH mode1 DIV_RR_00008000_by_0001: 42256 clocks / 368 instructions, 608 memory beats, 8 CS, 9984 SPI clocks
DIV BENCH mode1 DIV_RR_ffff7fff_by_0001: 42976 clocks / 368 instructions, 608 memory beats, 8 CS, 9984 SPI clocks
DIV BENCH mode1 DIV_RR_80000000_by_ffff: 30136 clocks / 368 instructions, 608 memory beats, 8 CS, 9984 SPI clocks
DIV BENCH mode1 DIV_RR_ffffffff_by_0000: 28936 clocks / 368 instructions, 608 memory beats, 8 CS, 9984 SPI clocks
DIV BENCH mode1 DIV_RR_00000001_by_8000: 42136 clocks / 368 instructions, 608 memory beats, 8 CS, 9984 SPI clocks
PASS DIV benchmarks mode1: 16 workloads, warmup excluded
tb/tb_eis_div_bench.v:182: $finish called at 9612816000 (1ps)
DIV BENCH mode2 DIV_source_mode0: 36376 clocks / 368 instructions, 608 memory beats, 8 CS, 9984 SPI clocks
DIV BENCH mode2 DIV_source_mode1: 62296 clocks / 368 instructions, 728 memory beats, 248 CS, 19584 SPI clocks
DIV BENCH mode2 DIV_source_mode2: 63096 clocks / 376 instructions, 744 memory beats, 248 CS, 19840 SPI clocks
DIV BENCH mode2 DIV_source_mode3: 75936 clocks / 376 instructions, 864 memory beats, 368 CS, 25600 SPI clocks
DIV BENCH mode2 DIV_source_mode4: 63096 clocks / 376 instructions, 744 memory beats, 248 CS, 19840 SPI clocks
DIV BENCH mode2 DIV_source_mode5: 75816 clocks / 376 instructions, 864 memory beats, 368 CS, 25600 SPI clocks
DIV BENCH mode2 DIV_source_mode6: 66976 clocks / 368 instructions, 848 memory beats, 248 CS, 21504 SPI clocks
DIV BENCH mode2 DIV_source_mode7: 79816 clocks / 368 instructions, 968 memory beats, 368 CS, 27264 SPI clocks
DIV BENCH mode2 DIV_RR_00000000_by_8000: 36256 clocks / 368 instructions, 608 memory beats, 8 CS, 9984 SPI clocks
DIV BENCH mode2 DIV_RR_00007fff_by_0001: 37936 clocks / 368 instructions, 608 memory beats, 8 CS, 9984 SPI clocks
DIV BENCH mode2 DIV_RR_ffff8000_by_0001: 36376 clocks / 368 instructions, 608 memory beats, 8 CS, 9984 SPI clocks
DIV BENCH mode2 DIV_RR_00008000_by_0001: 36376 clocks / 368 instructions, 608 memory beats, 8 CS, 9984 SPI clocks
DIV BENCH mode2 DIV_RR_ffff7fff_by_0001: 37096 clocks / 368 instructions, 608 memory beats, 8 CS, 9984 SPI clocks
DIV BENCH mode2 DIV_RR_80000000_by_ffff: 25816 clocks / 368 instructions, 608 memory beats, 8 CS, 9984 SPI clocks
DIV BENCH mode2 DIV_RR_ffffffff_by_0000: 25816 clocks / 368 instructions, 608 memory beats, 8 CS, 9984 SPI clocks
DIV BENCH mode2 DIV_RR_00000001_by_8000: 36256 clocks / 368 instructions, 608 memory beats, 8 CS, 9984 SPI clocks
PASS DIV benchmarks mode2: 16 workloads, warmup excluded
tb/tb_eis_div_bench.v:182: $finish called at 8950506000 (1ps)
