FIS BENCH mode-1 op0 A40800000 B40800000: 10208 clocks, FIS 8064, beats576
FIS BENCH mode-1 op1 A40c00000 B40800000: 10432 clocks, FIS 8288, beats576
FIS BENCH mode-1 op2 A40c00000 B40c00000: 16512 clocks, FIS 14368, beats576
FIS BENCH mode-1 op3 A40800000 B40c00000: 21312 clocks, FIS 19168, beats576
FIS BENCH mode-1 op0 Ac0800001 B34800001: 15072 clocks, FIS 12928, beats576
FIS BENCH mode-1 op1 A40800001 B40800000: 14656 clocks, FIS 12512, beats576
FIS BENCH mode-1 op2 A00800000 B41000000: 16640 clocks, FIS 14496, beats576
FIS BENCH mode-1 op3 Ac0c00000 B40a00000: 21216 clocks, FIS 19072, beats576
PASS FIS benchmarks mode-1: 8 workloads, 32 FIS and 160 total instructions each; one warmup loop excluded
tb/tb_fis_bench.v:131: $finish called at 1301406000 (1ps)
FIS BENCH mode1 op0 A40800000 B40800000: 59808 clocks, FIS 30496, beats576
FIS BENCH mode1 op1 A40c00000 B40800000: 60032 clocks, FIS 30720, beats576
FIS BENCH mode1 op2 A40c00000 B40c00000: 66112 clocks, FIS 36800, beats576
FIS BENCH mode1 op3 A40800000 B40c00000: 70912 clocks, FIS 41600, beats576
FIS BENCH mode1 op0 Ac0800001 B34800001: 64672 clocks, FIS 35360, beats576
FIS BENCH mode1 op1 A40800001 B40800000: 64256 clocks, FIS 34944, beats576
FIS BENCH mode1 op2 A00800000 B41000000: 66240 clocks, FIS 36928, beats576
FIS BENCH mode1 op3 Ac0c00000 B40a00000: 70816 clocks, FIS 41504, beats576
PASS FIS benchmarks mode1: 8 workloads, 32 FIS and 160 total instructions each; one warmup loop excluded
tb/tb_fis_bench.v:131: $finish called at 5393406000 (1ps)
FIS BENCH mode2 op0 A40800000 B40800000: 59616 clocks, FIS 30304, beats576
FIS BENCH mode2 op1 A40c00000 B40800000: 59840 clocks, FIS 30528, beats576
FIS BENCH mode2 op2 A40c00000 B40c00000: 65920 clocks, FIS 36608, beats576
FIS BENCH mode2 op3 A40800000 B40c00000: 70720 clocks, FIS 41408, beats576
FIS BENCH mode2 op0 Ac0800001 B34800001: 64480 clocks, FIS 35168, beats576
FIS BENCH mode2 op1 A40800001 B40800000: 64064 clocks, FIS 34752, beats576
FIS BENCH mode2 op2 A00800000 B41000000: 66048 clocks, FIS 36736, beats576
FIS BENCH mode2 op3 Ac0c00000 B40a00000: 70624 clocks, FIS 41312, beats576
PASS FIS benchmarks mode2: 8 workloads, 32 FIS and 160 total instructions each; one warmup loop excluded
tb/tb_fis_bench.v:131: $finish called at 5377566000 (1ps)
