iverilog -g2012 -DVENDOR_ROM -s tb_bench -o build/vendor_bench tb/tb_bench.v tb/uj11_ram.v rtl/uj11_core.v rtl/uj11_decode.v rtl/uj11_engine.v rtl/uj11_microseq.v rtl/uj11_datapath.v rtl/uj11_regfile.v rtl/uj11_alu.v rtl/uj11_psw.v rtl/uj11_mem.v microcode/generated/uj11_m0_ebr.v "build/vendor/DP8KC.v" "build/vendor/GSR.v" "build/vendor/PUR.v"
vvp build/vendor_bench
BENCH MOV_RR_loop wait=0: 8192 clocks / 4096 instructions, 4096 memory cycles
BENCH MOV_RR_loop wait=1: 16384 clocks / 4096 instructions, 4096 memory cycles
BENCH MOV_RR_loop wait=2: 14433 clocks / 4096 instructions, 4096 memory cycles
BENCH ADD_RR_loop wait=0: 8192 clocks / 4096 instructions, 4096 memory cycles
BENCH ADD_RR_loop wait=1: 16384 clocks / 4096 instructions, 4096 memory cycles
BENCH ADD_RR_loop wait=2: 14348 clocks / 4096 instructions, 4096 memory cycles
BENCH CMP_RR_loop wait=0: 8192 clocks / 4096 instructions, 4096 memory cycles
BENCH CMP_RR_loop wait=1: 16384 clocks / 4096 instructions, 4096 memory cycles
BENCH CMP_RR_loop wait=2: 14452 clocks / 4096 instructions, 4096 memory cycles
BENCH mixed_RR_loop wait=0: 8192 clocks / 4096 instructions, 4096 memory cycles
BENCH mixed_RR_loop wait=1: 16384 clocks / 4096 instructions, 4096 memory cycles
BENCH mixed_RR_loop wait=2: 14370 clocks / 4096 instructions, 4096 memory cycles
BENCH BR_self wait=0: 8192 clocks / 4096 instructions, 4096 memory cycles
BENCH BR_self wait=1: 16384 clocks / 4096 instructions, 4096 memory cycles
BENCH BR_self wait=2: 14374 clocks / 4096 instructions, 4096 memory cycles
BENCH BIT_RR_loop wait=0: 8192 clocks / 4096 instructions, 4096 memory cycles
BENCH BIT_RR_loop wait=1: 16384 clocks / 4096 instructions, 4096 memory cycles
BENCH BIT_RR_loop wait=2: 14298 clocks / 4096 instructions, 4096 memory cycles
BENCH BIC_RR_loop wait=0: 8192 clocks / 4096 instructions, 4096 memory cycles
BENCH BIC_RR_loop wait=1: 16384 clocks / 4096 instructions, 4096 memory cycles
BENCH BIC_RR_loop wait=2: 14365 clocks / 4096 instructions, 4096 memory cycles
BENCH BIS_RR_loop wait=0: 8192 clocks / 4096 instructions, 4096 memory cycles
BENCH BIS_RR_loop wait=1: 16384 clocks / 4096 instructions, 4096 memory cycles
BENCH BIS_RR_loop wait=2: 14311 clocks / 4096 instructions, 4096 memory cycles
BENCH SUB_RR_loop wait=0: 8192 clocks / 4096 instructions, 4096 memory cycles
BENCH SUB_RR_loop wait=1: 16384 clocks / 4096 instructions, 4096 memory cycles
BENCH SUB_RR_loop wait=2: 14365 clocks / 4096 instructions, 4096 memory cycles
PASS benchmarks: 27 runs, 4096 measured instructions/run, warmup excluded
tb/tb_bench.v:97: $finish called at 3564516000 (1ps)
FRAM MOV_RR_loop: 54784 clocks / 512 instructions, 512 CS transactions, 24576 SCK rises
FRAM ADD_RR_loop: 54784 clocks / 512 instructions, 512 CS transactions, 24576 SCK rises
FRAM CMP_RR_loop: 54784 clocks / 512 instructions, 512 CS transactions, 24576 SCK rises
FRAM mixed_RR_loop: 54784 clocks / 512 instructions, 512 CS transactions, 24576 SCK rises
FRAM BR_self: 54784 clocks / 512 instructions, 512 CS transactions, 24576 SCK rises
FRAM BIT_RR_loop: 54784 clocks / 512 instructions, 512 CS transactions, 24576 SCK rises
FRAM BIC_RR_loop: 54784 clocks / 512 instructions, 512 CS transactions, 24576 SCK rises
FRAM BIS_RR_loop: 54784 clocks / 512 instructions, 512 CS transactions, 24576 SCK rises
FRAM SUB_RR_loop: 54784 clocks / 512 instructions, 512 CS transactions, 24576 SCK rises
PASS FRAM benchmarks: actual SPI controller/model, 9 x 512 retirements
tb/tb_fram_bench.v:81: $finish called at 5548596000 (1ps)
FRAM MOV_RR_loop: 20512 clocks / 512 instructions, 8 CS transactions, 8448 SCK rises
FRAM ADD_RR_loop: 20512 clocks / 512 instructions, 8 CS transactions, 8448 SCK rises
FRAM CMP_RR_loop: 20512 clocks / 512 instructions, 8 CS transactions, 8448 SCK rises
FRAM mixed_RR_loop: 20512 clocks / 512 instructions, 8 CS transactions, 8448 SCK rises
FRAM BR_self: 54784 clocks / 512 instructions, 512 CS transactions, 24576 SCK rises
FRAM BIT_RR_loop: 20512 clocks / 512 instructions, 8 CS transactions, 8448 SCK rises
FRAM BIC_RR_loop: 20512 clocks / 512 instructions, 8 CS transactions, 8448 SCK rises
FRAM BIS_RR_loop: 20512 clocks / 512 instructions, 8 CS transactions, 8448 SCK rises
FRAM SUB_RR_loop: 20512 clocks / 512 instructions, 8 CS transactions, 8448 SCK rises
PASS FRAM benchmarks: actual SPI controller/model, 9 x 512 retirements
tb/tb_fram_bench.v:81: $finish called at 2464116000 (1ps)
FRAM MOV_RR_loop: 20008 clocks / 512 instructions, 8 CS transactions, 8448 SCK rises
FRAM ADD_RR_loop: 20008 clocks / 512 instructions, 8 CS transactions, 8448 SCK rises
FRAM CMP_RR_loop: 20008 clocks / 512 instructions, 8 CS transactions, 8448 SCK rises
FRAM mixed_RR_loop: 20008 clocks / 512 instructions, 8 CS transactions, 8448 SCK rises
FRAM BR_self: 54784 clocks / 512 instructions, 512 CS transactions, 24576 SCK rises
FRAM BIT_RR_loop: 20008 clocks / 512 instructions, 8 CS transactions, 8448 SCK rises
FRAM BIC_RR_loop: 20008 clocks / 512 instructions, 8 CS transactions, 8448 SCK rises
FRAM BIS_RR_loop: 20008 clocks / 512 instructions, 8 CS transactions, 8448 SCK rises
FRAM SUB_RR_loop: 20008 clocks / 512 instructions, 8 CS transactions, 8448 SCK rises
PASS FRAM benchmarks: actual SPI controller/model, 9 x 512 retirements
tb/tb_fram_bench.v:81: $finish called at 2418756000 (1ps)
EA BENCH mode-1 MOV_mem_reg: 3736 clocks / 256 instructions, 504 memory beats, 0 CS, 0 SPI clocks
EA BENCH mode-1 MOV_reg_mem: 4232 clocks / 256 instructions, 504 memory beats, 0 CS, 0 SPI clocks
EA BENCH mode-1 MOV_mem_mem: 4728 clocks / 256 instructions, 752 memory beats, 0 CS, 0 SPI clocks
EA BENCH mode-1 ADD_mem_reg: 3736 clocks / 256 instructions, 504 memory beats, 0 CS, 0 SPI clocks
EA BENCH mode-1 ADD_reg_mem: 5224 clocks / 256 instructions, 752 memory beats, 0 CS, 0 SPI clocks
EA BENCH mode-1 CMP_mem_mem: 4976 clocks / 256 instructions, 752 memory beats, 0 CS, 0 SPI clocks
EA BENCH mode-1 MOV_immediate_reg: 4232 clocks / 256 instructions, 504 memory beats, 0 CS, 0 SPI clocks
EA BENCH mode-1 MOV_indexed_reg: 4480 clocks / 256 instructions, 752 memory beats, 0 CS, 0 SPI clocks
EA BENCH mode-1 MOV_mem_indexed: 5224 clocks / 256 instructions, 1000 memory beats, 0 CS, 0 SPI clocks
EA BENCH mode-1 MOV_indexed_indexed: 5968 clocks / 256 instructions, 1248 memory beats, 0 CS, 0 SPI clocks
EA BENCH mode-1 MOV_autoinc_autoinc: 5472 clocks / 256 instructions, 752 memory beats, 0 CS, 0 SPI clocks
EA BENCH mode-1 MOV_stack_push: 4480 clocks / 256 instructions, 504 memory beats, 0 CS, 0 SPI clocks
EA BENCH mode-1 MOV_absolute_absolute: 6464 clocks / 256 instructions, 1248 memory beats, 0 CS, 0 SPI clocks
EA BENCH mode-1 BIT_mem_reg: 3736 clocks / 256 instructions, 504 memory beats, 0 CS, 0 SPI clocks
EA BENCH mode-1 BIT_reg_mem: 4480 clocks / 256 instructions, 504 memory beats, 0 CS, 0 SPI clocks
EA BENCH mode-1 BIT_mem_mem: 4976 clocks / 256 instructions, 752 memory beats, 0 CS, 0 SPI clocks
EA BENCH mode-1 BIC_mem_reg: 3736 clocks / 256 instructions, 504 memory beats, 0 CS, 0 SPI clocks
EA BENCH mode-1 BIC_reg_mem: 4976 clocks / 256 instructions, 752 memory beats, 0 CS, 0 SPI clocks
EA BENCH mode-1 BIC_mem_mem: 5472 clocks / 256 instructions, 1000 memory beats, 0 CS, 0 SPI clocks
EA BENCH mode-1 BIS_mem_reg: 3736 clocks / 256 instructions, 504 memory beats, 0 CS, 0 SPI clocks
EA BENCH mode-1 BIS_reg_mem: 4976 clocks / 256 instructions, 752 memory beats, 0 CS, 0 SPI clocks
EA BENCH mode-1 BIS_mem_mem: 5472 clocks / 256 instructions, 1000 memory beats, 0 CS, 0 SPI clocks
EA BENCH mode-1 SUB_mem_reg: 3736 clocks / 256 instructions, 504 memory beats, 0 CS, 0 SPI clocks
EA BENCH mode-1 SUB_reg_mem: 5224 clocks / 256 instructions, 752 memory beats, 0 CS, 0 SPI clocks
EA BENCH mode-1 SUB_mem_mem: 5720 clocks / 256 instructions, 1000 memory beats, 0 CS, 0 SPI clocks
PASS EA benchmarks mode-1: 25 loops x 256 retirements, 32 warmup excluded
tb/tb_ea_bench.v:152: $finish called at 1345506000 (1ps)
EA BENCH mode0 MOV_mem_reg: 56656 clocks / 256 instructions, 504 memory beats, 504 CS, 24192 SPI clocks
EA BENCH mode0 MOV_reg_mem: 61368 clocks / 256 instructions, 504 memory beats, 752 CS, 26176 SPI clocks
EA BENCH mode0 MOV_mem_mem: 87904 clocks / 256 instructions, 752 memory beats, 1000 CS, 38080 SPI clocks
EA BENCH mode0 ADD_mem_reg: 56656 clocks / 256 instructions, 504 memory beats, 504 CS, 24192 SPI clocks
EA BENCH mode0 ADD_reg_mem: 88400 clocks / 256 instructions, 752 memory beats, 1000 CS, 38080 SPI clocks
EA BENCH mode0 CMP_mem_mem: 83936 clocks / 256 instructions, 752 memory beats, 752 CS, 36096 SPI clocks
EA BENCH mode0 MOV_immediate_reg: 57152 clocks / 256 instructions, 504 memory beats, 504 CS, 24192 SPI clocks
EA BENCH mode0 MOV_indexed_reg: 83440 clocks / 256 instructions, 752 memory beats, 752 CS, 36096 SPI clocks
EA BENCH mode0 MOV_mem_indexed: 114440 clocks / 256 instructions, 1000 memory beats, 1248 CS, 49984 SPI clocks
EA BENCH mode0 MOV_indexed_indexed: 141224 clocks / 256 instructions, 1248 memory beats, 1496 CS, 61888 SPI clocks
EA BENCH mode0 MOV_autoinc_autoinc: 88648 clocks / 256 instructions, 752 memory beats, 1000 CS, 38080 SPI clocks
EA BENCH mode0 MOV_stack_push: 61616 clocks / 256 instructions, 504 memory beats, 752 CS, 26176 SPI clocks
EA BENCH mode0 MOV_absolute_absolute: 141720 clocks / 256 instructions, 1248 memory beats, 1496 CS, 61888 SPI clocks
EA BENCH mode0 BIT_mem_reg: 56656 clocks / 256 instructions, 504 memory beats, 504 CS, 24192 SPI clocks
EA BENCH mode0 BIT_reg_mem: 57400 clocks / 256 instructions, 504 memory beats, 504 CS, 24192 SPI clocks
EA BENCH mode0 BIT_mem_mem: 83936 clocks / 256 instructions, 752 memory beats, 752 CS, 36096 SPI clocks
EA BENCH mode0 BIC_mem_reg: 56656 clocks / 256 instructions, 504 memory beats, 504 CS, 24192 SPI clocks
EA BENCH mode0 BIC_reg_mem: 88152 clocks / 256 instructions, 752 memory beats, 1000 CS, 38080 SPI clocks
EA BENCH mode0 BIC_mem_mem: 114688 clocks / 256 instructions, 1000 memory beats, 1248 CS, 49984 SPI clocks
EA BENCH mode0 BIS_mem_reg: 56656 clocks / 256 instructions, 504 memory beats, 504 CS, 24192 SPI clocks
EA BENCH mode0 BIS_reg_mem: 88152 clocks / 256 instructions, 752 memory beats, 1000 CS, 38080 SPI clocks
EA BENCH mode0 BIS_mem_mem: 114688 clocks / 256 instructions, 1000 memory beats, 1248 CS, 49984 SPI clocks
EA BENCH mode0 SUB_mem_reg: 56656 clocks / 256 instructions, 504 memory beats, 504 CS, 24192 SPI clocks
EA BENCH mode0 SUB_reg_mem: 88400 clocks / 256 instructions, 752 memory beats, 1000 CS, 38080 SPI clocks
EA BENCH mode0 SUB_mem_mem: 114936 clocks / 256 instructions, 1000 memory beats, 1248 CS, 49984 SPI clocks
PASS EA benchmarks mode0: 25 loops x 256 retirements, 32 warmup excluded
tb/tb_ea_bench.v:152: $finish called at 23631126000 (1ps)
EA BENCH mode1 MOV_mem_reg: 56656 clocks / 256 instructions, 504 memory beats, 504 CS, 24192 SPI clocks
EA BENCH mode1 MOV_reg_mem: 61368 clocks / 256 instructions, 504 memory beats, 752 CS, 26176 SPI clocks
EA BENCH mode1 MOV_mem_mem: 87904 clocks / 256 instructions, 752 memory beats, 1000 CS, 38080 SPI clocks
EA BENCH mode1 ADD_mem_reg: 56656 clocks / 256 instructions, 504 memory beats, 504 CS, 24192 SPI clocks
EA BENCH mode1 ADD_reg_mem: 88400 clocks / 256 instructions, 752 memory beats, 1000 CS, 38080 SPI clocks
EA BENCH mode1 CMP_mem_mem: 83936 clocks / 256 instructions, 752 memory beats, 752 CS, 36096 SPI clocks
EA BENCH mode1 MOV_immediate_reg: 23424 clocks / 256 instructions, 504 memory beats, 8 CS, 8320 SPI clocks
EA BENCH mode1 MOV_indexed_reg: 66576 clocks / 256 instructions, 752 memory beats, 504 CS, 28160 SPI clocks
EA BENCH mode1 MOV_mem_indexed: 114440 clocks / 256 instructions, 1000 memory beats, 1248 CS, 49984 SPI clocks
EA BENCH mode1 MOV_indexed_indexed: 124360 clocks / 256 instructions, 1248 memory beats, 1248 CS, 53952 SPI clocks
EA BENCH mode1 MOV_autoinc_autoinc: 88648 clocks / 256 instructions, 752 memory beats, 1000 CS, 38080 SPI clocks
EA BENCH mode1 MOV_stack_push: 61616 clocks / 256 instructions, 504 memory beats, 752 CS, 26176 SPI clocks
EA BENCH mode1 MOV_absolute_absolute: 124856 clocks / 256 instructions, 1248 memory beats, 1248 CS, 53952 SPI clocks
EA BENCH mode1 BIT_mem_reg: 56656 clocks / 256 instructions, 504 memory beats, 504 CS, 24192 SPI clocks
EA BENCH mode1 BIT_reg_mem: 57400 clocks / 256 instructions, 504 memory beats, 504 CS, 24192 SPI clocks
EA BENCH mode1 BIT_mem_mem: 83936 clocks / 256 instructions, 752 memory beats, 752 CS, 36096 SPI clocks
EA BENCH mode1 BIC_mem_reg: 56656 clocks / 256 instructions, 504 memory beats, 504 CS, 24192 SPI clocks
EA BENCH mode1 BIC_reg_mem: 88152 clocks / 256 instructions, 752 memory beats, 1000 CS, 38080 SPI clocks
EA BENCH mode1 BIC_mem_mem: 114688 clocks / 256 instructions, 1000 memory beats, 1248 CS, 49984 SPI clocks
EA BENCH mode1 BIS_mem_reg: 56656 clocks / 256 instructions, 504 memory beats, 504 CS, 24192 SPI clocks
EA BENCH mode1 BIS_reg_mem: 88152 clocks / 256 instructions, 752 memory beats, 1000 CS, 38080 SPI clocks
EA BENCH mode1 BIS_mem_mem: 114688 clocks / 256 instructions, 1000 memory beats, 1248 CS, 49984 SPI clocks
EA BENCH mode1 SUB_mem_reg: 56656 clocks / 256 instructions, 504 memory beats, 504 CS, 24192 SPI clocks
EA BENCH mode1 SUB_reg_mem: 88400 clocks / 256 instructions, 752 memory beats, 1000 CS, 38080 SPI clocks
EA BENCH mode1 SUB_mem_mem: 114936 clocks / 256 instructions, 1000 memory beats, 1248 CS, 49984 SPI clocks
PASS EA benchmarks mode1: 25 loops x 256 retirements, 32 warmup excluded
tb/tb_ea_bench.v:152: $finish called at 22682526000 (1ps)
EA BENCH mode2 MOV_mem_reg: 56656 clocks / 256 instructions, 504 memory beats, 504 CS, 24192 SPI clocks
EA BENCH mode2 MOV_reg_mem: 61368 clocks / 256 instructions, 504 memory beats, 752 CS, 26176 SPI clocks
EA BENCH mode2 MOV_mem_mem: 87904 clocks / 256 instructions, 752 memory beats, 1000 CS, 38080 SPI clocks
EA BENCH mode2 ADD_mem_reg: 56656 clocks / 256 instructions, 504 memory beats, 504 CS, 24192 SPI clocks
EA BENCH mode2 ADD_reg_mem: 88400 clocks / 256 instructions, 752 memory beats, 1000 CS, 38080 SPI clocks
EA BENCH mode2 CMP_mem_mem: 83936 clocks / 256 instructions, 752 memory beats, 752 CS, 36096 SPI clocks
EA BENCH mode2 MOV_immediate_reg: 21936 clocks / 256 instructions, 504 memory beats, 8 CS, 8320 SPI clocks
EA BENCH mode2 MOV_indexed_reg: 66576 clocks / 256 instructions, 752 memory beats, 504 CS, 28160 SPI clocks
EA BENCH mode2 MOV_mem_indexed: 114440 clocks / 256 instructions, 1000 memory beats, 1248 CS, 49984 SPI clocks
EA BENCH mode2 MOV_indexed_indexed: 124360 clocks / 256 instructions, 1248 memory beats, 1248 CS, 53952 SPI clocks
EA BENCH mode2 MOV_autoinc_autoinc: 88648 clocks / 256 instructions, 752 memory beats, 1000 CS, 38080 SPI clocks
EA BENCH mode2 MOV_stack_push: 61616 clocks / 256 instructions, 504 memory beats, 752 CS, 26176 SPI clocks
EA BENCH mode2 MOV_absolute_absolute: 124856 clocks / 256 instructions, 1248 memory beats, 1248 CS, 53952 SPI clocks
EA BENCH mode2 BIT_mem_reg: 56656 clocks / 256 instructions, 504 memory beats, 504 CS, 24192 SPI clocks
EA BENCH mode2 BIT_reg_mem: 57400 clocks / 256 instructions, 504 memory beats, 504 CS, 24192 SPI clocks
EA BENCH mode2 BIT_mem_mem: 83936 clocks / 256 instructions, 752 memory beats, 752 CS, 36096 SPI clocks
EA BENCH mode2 BIC_mem_reg: 56656 clocks / 256 instructions, 504 memory beats, 504 CS, 24192 SPI clocks
EA BENCH mode2 BIC_reg_mem: 88152 clocks / 256 instructions, 752 memory beats, 1000 CS, 38080 SPI clocks
EA BENCH mode2 BIC_mem_mem: 114688 clocks / 256 instructions, 1000 memory beats, 1248 CS, 49984 SPI clocks
EA BENCH mode2 BIS_mem_reg: 56656 clocks / 256 instructions, 504 memory beats, 504 CS, 24192 SPI clocks
EA BENCH mode2 BIS_reg_mem: 88152 clocks / 256 instructions, 752 memory beats, 1000 CS, 38080 SPI clocks
EA BENCH mode2 BIS_mem_mem: 114688 clocks / 256 instructions, 1000 memory beats, 1248 CS, 49984 SPI clocks
EA BENCH mode2 SUB_mem_reg: 56656 clocks / 256 instructions, 504 memory beats, 504 CS, 24192 SPI clocks
EA BENCH mode2 SUB_reg_mem: 88400 clocks / 256 instructions, 752 memory beats, 1000 CS, 38080 SPI clocks
EA BENCH mode2 SUB_mem_mem: 114936 clocks / 256 instructions, 1000 memory beats, 1248 CS, 49984 SPI clocks
PASS EA benchmarks mode2: 25 loops x 256 retirements, 32 warmup excluded
tb/tb_ea_bench.v:152: $finish called at 22665786000 (1ps)
