iverilog -g2012 -Wall -s tb_bench -o build/bench tb/tb_bench.v tb/uj11_ram.v rtl/uj11_core.v rtl/uj11_decode.v rtl/uj11_engine.v rtl/uj11_microseq.v rtl/uj11_datapath.v rtl/uj11_regfile.v rtl/uj11_alu.v rtl/uj11_psw.v rtl/uj11_mem.v rtl/uj11_rom.v
vvp build/bench
BENCH MOV_RR_loop wait=0: 8192 clocks / 4096 instructions, 4096 memory cycles
BENCH MOV_RR_loop wait=1: 16384 clocks / 4096 instructions, 4096 memory cycles
BENCH MOV_RR_loop wait=2: 14433 clocks / 4096 instructions, 4096 memory cycles
BENCH ADD_RR_loop wait=0: 8192 clocks / 4096 instructions, 4096 memory cycles
BENCH ADD_RR_loop wait=1: 16384 clocks / 4096 instructions, 4096 memory cycles
BENCH ADD_RR_loop wait=2: 14348 clocks / 4096 instructions, 4096 memory cycles
BENCH CMP_RR_loop wait=0: 8192 clocks / 4096 instructions, 4096 memory cycles
BENCH CMP_RR_loop wait=1: 16384 clocks / 4096 instructions, 4096 memory cycles
BENCH CMP_RR_loop wait=2: 14452 clocks / 4096 instructions, 4096 memory cycles
BENCH mixed_RR_loop wait=0: 8192 clocks / 4096 instructions, 4096 memory cycles
BENCH mixed_RR_loop wait=1: 16384 clocks / 4096 instructions, 4096 memory cycles
BENCH mixed_RR_loop wait=2: 14370 clocks / 4096 instructions, 4096 memory cycles
BENCH BR_self wait=0: 8192 clocks / 4096 instructions, 4096 memory cycles
BENCH BR_self wait=1: 16384 clocks / 4096 instructions, 4096 memory cycles
BENCH BR_self wait=2: 14374 clocks / 4096 instructions, 4096 memory cycles
PASS benchmarks: 15 runs, 4096 measured instructions/run, warmup excluded
tb/tb_bench.v:92: $finish called at 1981706000 (1ps)
iverilog -g2012 -DVENDOR_ROM -s tb_bench -o build/vendor_bench tb/tb_bench.v tb/uj11_ram.v rtl/uj11_core.v rtl/uj11_decode.v rtl/uj11_engine.v rtl/uj11_microseq.v rtl/uj11_datapath.v rtl/uj11_regfile.v rtl/uj11_alu.v rtl/uj11_psw.v rtl/uj11_mem.v microcode/generated/uj11_m0_ebr.v "build/vendor/DP8KC.v" "build/vendor/GSR.v" "build/vendor/PUR.v"
vvp build/vendor_bench
BENCH MOV_RR_loop wait=0: 8192 clocks / 4096 instructions, 4096 memory cycles
BENCH MOV_RR_loop wait=1: 16384 clocks / 4096 instructions, 4096 memory cycles
BENCH MOV_RR_loop wait=2: 14433 clocks / 4096 instructions, 4096 memory cycles
BENCH ADD_RR_loop wait=0: 8192 clocks / 4096 instructions, 4096 memory cycles
BENCH ADD_RR_loop wait=1: 16384 clocks / 4096 instructions, 4096 memory cycles
BENCH ADD_RR_loop wait=2: 14348 clocks / 4096 instructions, 4096 memory cycles
BENCH CMP_RR_loop wait=0: 8192 clocks / 4096 instructions, 4096 memory cycles
BENCH CMP_RR_loop wait=1: 16384 clocks / 4096 instructions, 4096 memory cycles
BENCH CMP_RR_loop wait=2: 14452 clocks / 4096 instructions, 4096 memory cycles
BENCH mixed_RR_loop wait=0: 8192 clocks / 4096 instructions, 4096 memory cycles
BENCH mixed_RR_loop wait=1: 16384 clocks / 4096 instructions, 4096 memory cycles
BENCH mixed_RR_loop wait=2: 14370 clocks / 4096 instructions, 4096 memory cycles
BENCH BR_self wait=0: 8192 clocks / 4096 instructions, 4096 memory cycles
BENCH BR_self wait=1: 16384 clocks / 4096 instructions, 4096 memory cycles
BENCH BR_self wait=2: 14374 clocks / 4096 instructions, 4096 memory cycles
PASS benchmarks: 15 runs, 4096 measured instructions/run, warmup excluded
tb/tb_bench.v:92: $finish called at 1981706000 (1ps)
