SD image: /Users/sash/Work/PROJECTS/k1801vm1/uJ11-fpga/build/cp64-rt11-scroll-fix/test.dsk (53790 sectors), read-only backing, 256-sector RAM overlay
CP64 progress 20000000 phase0 PC004466 UART0
CP64 progress 40000000 phase0 PC160430 UART24
CP64 progress 60000000 phase0 PC160432 UART66
CP64 progress 80000000 phase1 PC070324 UART96
CP64 progress 100000000 phase2 PC002600 UART224
CP64 progress 120000000 phase3 PC001474 UART258
CP64 progress 140000000 phase4 PC014570 UART411
CP64 progress 160000000 phase4 PC014010 UART573
CP64 progress 180000000 phase4 PC023462 UART715
CP64 progress 200000000 phase5 PC014552 UART864
KEY start 16 clocks215904027 last177777
KEY done 16 clocks218355426 last177777
KEY start 19 clocks218355426 last177777
CP64 progress 220000000 phase6 PC023470 UART1104
KEY done 19 clocks222547452 last177777
KEY start 18 clocks222547452 last177777
KEY done 18 clocks226739026 last177777
KEY start 19 clocks226739026 last177777
KEY done 19 clocks229159952 last177777
KEY start 7 clocks231724028 last177777
KEY done 7 clocks234139037 last177777
KEY start 19 clocks234139037 last177777
CP64 progress 240000000 phase6 PC023444 UART1262
KEY done 19 clocks240137984 last177777
KEY start 18 clocks243842425 last177777
KEY done 18 clocks246232363 last177777
KEY start 17 clocks246232363 last177777
KEY done 17 clocks248622946 last177777
CP64 progress 260000000 phase9 PC001540 UART1407
CP64 progress 280000000 phase10 PC004466 UART1462
CP64 progress 300000000 phase10 PC120326 UART1486
CP64 progress 320000000 phase10 PC160432 UART1524
PASS CP64 RT11 + panel: 83 checks, 331142525 clocks, 1531 UART bytes, 58 HDSP frames
- /Users/sash/Work/PROJECTS/k1801vm1/uJ11-fpga/build/cp64-rt11-scroll-fix/tb.v:178: Verilog $finish
- S i m u l a t i o n   R e p o r t: Verilator 5.050 2026-07-01
- Verilator: $finish at 3s; walltime 333.787 s; speed 9.921 ms/s
- Verilator: cpu 333.161 s on 1 threads; allocated 2 MB
