PASS synchronous decode: all 65536 opcodes and 65536 enable holds match CP27
tb/tb_decode_rom.v:25: $finish called at 1310736000 (1ps)

PASS synchronous decode: all 65536 opcodes and 65536 enable holds match CP27
tb/tb_decode_rom.v:25: $finish called at 1310736000 (1ps)

PASS firmware ROM: all 512 words and 512 enable holds
tb/tb_firmware_rom.v:18: $finish called at 10256000 (1ps)

PASS firmware ROM: all 512 words and 512 enable holds
tb/tb_firmware_rom.v:18: $finish called at 10256000 (1ps)

PASS board FRAM: 2048 transactions, both banks, byte/word/odd, held ACK, complete 128 KiB comparison; divider1
tb/tb_board_fram.v:46: $finish called at 1912370000 (1ps)

PASS board FRAM: 2048 transactions, both banks, byte/word/odd, held ACK, complete 128 KiB comparison; divider3
tb/tb_board_fram.v:46: $finish called at 4812850000 (1ps)

PASS private IRQ: full 160000 vector, IPL7 assist, masked external IRQ, RTI frame; ROM_DECODE0
tb/tb_board_irq.v:46: $finish called at 1060000 (1ps)

PASS private IRQ: full 160000 vector, IPL7 assist, masked external IRQ, RTI frame; ROM_DECODE1
tb/tb_board_irq.v:46: $finish called at 1090000 (1ps)

PASS exact KW11 period/reset: divisor1, 3 periods
tb/tb_board_tick.v:22: $finish called at 110000 (1ps)

PASS exact KW11 period/reset: divisor2, 3 periods
tb/tb_board_tick.v:22: $finish called at 140000 (1ps)

PASS exact KW11 period/reset: divisor3, 3 periods
tb/tb_board_tick.v:22: $finish called at 170000 (1ps)

PASS exact KW11 period/reset: divisor257, 3 periods
tb/tb_board_tick.v:22: $finish called at 7790000 (1ps)

PASS exact KW11 period/reset: divisor591200, 3 periods
tb/tb_board_tick.v:22: $finish called at 17736080000 (1ps)

PASS LFSR polynomial: exact period 1048575 nonzero states
PASS board bus: 29 beats; bootstrap/MAINT, byte lanes, KW11, UART/SD side effects, RK bank/vector/DMA/RTI
tb/tb_board_bus.v:81: $finish called at 19980000 (1ps)

