SD image: /Users/sash/Work/PROJECTS/k1801vm1/lsi11-fpga/images/rt11v503.dsk (53790 sectors), read-only backing, 256-sector RAM overlay
uJ11 SD handoff at 2823223 clocks
RK command 002021 PC000314 IPL7
RK command 002220 PC160460 IPL7
BUS FAULT addr173700 wr0 PC001112 SP010000 IR011001 uPC220 PSW000350
BUS FAULT addr160000 wr0 PC001236 SP007774 IR011414 uPC220 PSW000011
BUS FAULT addr177776 wr0 PC001436 SP010000 IR005737 uPC0f0 PSW000000
BUS FAULT addr172540 wr0 PC001502 SP010000 IR005737 uPC0f0 PSW000010
BUS FAULT addr177746 wr0 PC001564 SP010000 IR052737 uPC3b0 PSW000004
BUS FAULT addr177760 wr0 PC001574 SP010000 IR005737 uPC0f0 PSW000004
BUS FAULT addr177570 wr0 PC001624 SP010000 IR013702 uPC255 PSW000000
BUS FAULT addr177570 wr1 PC001636 SP010000 IR012737 uPC310 PSW000000
RK command 002021 PC000314 IPL0
RK command 002220 PC160460 IPL7
BOARD clocks5000000 PC002154 IR101375 uPC020 PSW000000 cmds4 reads8 service0 pending0
RK command 002021 PC000314 IPL0
RK command 002220 PC160460 IPL7
RK command 002021 PC000314 IPL0
RK command 002220 PC160460 IPL7
BUS FAULT addr177572 wr0 PC005026 SP007770 IR005737 uPC0f0 PSW000000
RK command 002021 PC000314 IPL0
RK command 002220 PC160460 IPL7
RK command 002021 PC000314 IPL0
RK command 002220 PC160460 IPL7
RK command 002021 PC000314 IPL0
RK command 002220 PC160460 IPL7
RK command 002021 PC000314 IPL0
BOARD clocks10000000 PC160210 IR111422 uPC260 PSW000350 cmds15 reads28 service1 pending0
RK command 002220 PC160460 IPL7
RK command 002021 PC000314 IPL0
RK command 002220 PC160460 IPL7
RK command 000001 PC155470 IPL0
RK command 002000 PC155624 IPL0
RK command 002003 PC155632 IPL0
RK command 002121 PC155726 IPL0
RK command 002320 PC160460 IPL7
RK command 000000 PC157012 IPL0
BUS FAULT addr160100 wr0 PC001212 SP007772 IR005712 uPC0f0 PSW000000
BUS FAULT addr160100 wr0 PC001212 SP007772 IR005712 uPC0f0 PSW000000
BUS FAULT addr160100 wr0 PC001212 SP007772 IR005712 uPC0f0 PSW000000
BUS FAULT addr160100 wr0 PC001212 SP007772 IR005712 uPC0f0 PSW000000
BUS FAULT addr160100 wr0 PC001212 SP007772 IR005712 uPC0f0 PSW000000
BUS FAULT addr160100 wr0 PC001212 SP007772 IR005712 uPC0f0 PSW000000
BUS FAULT addr160100 wr0 PC001212 SP007772 IR005712 uPC0f0 PSW000000
BUS FAULT addr160100 wr0 PC001212 SP007772 IR005712 uPC0f0 PSW000000
RK command 000001 PC155470 IPL0
RK command 002000 PC155624 IPL0
RK command 002003 PC155632 IPL0
RK command 002121 PC155726 IPL0
RK command 002320 PC160460 IPL7
RK command 000000 PC157012 IPL0
BUS FAULT addr177400 wr0 PC002466 SP007774 IR005735 uPC0f0 PSW000000
RK command 000001 PC155470 IPL0
RK command 002000 PC155624 IPL0
RK command 002003 PC155632 IPL0
BOARD clocks15000000 PC157104 IR021003 uPC020 PSW000000 cmds33 reads73 service0 pending0
RK command 002121 PC155726 IPL0
RK command 002320 PC160460 IPL7
RK command 000000 PC157012 IPL0
BUS FAULT addr177514 wr0 PC002466 SP007774 IR005735 uPC0f0 PSW000000
RK command 000001 PC155470 IPL0
RK command 002000 PC155624 IPL0
RK command 002003 PC155632 IPL0
RK command 002121 PC155726 IPL0
RK command 002320 PC160460 IPL7
RK command 000000 PC157012 IPL0
RK command 000001 PC155470 IPL0
RK command 002000 PC155624 IPL0
RK command 002003 PC155632 IPL0
RK command 002121 PC155726 IPL0
RK command 002320 PC160460 IPL7
RK command 000000 PC157012 IPL0
BUS FAULT addr177572 wr0 PC002466 SP007774 IR005735 uPC0f0 PSW000000
RK command 000001 PC155470 IPL0
RK command 002000 PC155624 IPL0
RK command 002003 PC155632 IPL0
RK command 002121 PC155726 IPL0
RK command 002320 PC160460 IPL7
RK command 000000 PC157012 IPL0
BUS FAULT addr174400 wr0 PC002466 SP007774 IR005735 uPC0f0 PSW000000
RK command 000001 PC155470 IPL0
RK command 002000 PC155624 IPL0
RK command 002003 PC155632 IPL0
RK command 002121 PC155726 IPL0
RK command 002320 PC160460 IPL7
RK command 000000 PC157012 IPL0
BUS FAULT addr172150 wr0 PC002466 SP007774 IR005735 uPC0f0 PSW000000
RK command 000001 PC155470 IPL0
RK command 002000 PC155624 IPL0
RK command 002003 PC155632 IPL0
RK command 002121 PC155726 IPL0
RK command 002320 PC160460 IPL7
RK command 000000 PC157012 IPL0
RK command 000001 PC155470 IPL0
RK command 002000 PC155624 IPL0
RK command 002003 PC155632 IPL0
RK command 002121 PC155726 IPL0
RK command 002320 PC160460 IPL7
RK command 000000 PC157012 IPL0
BUS FAULT addr172520 wr0 PC002466 SP007774 IR005735 uPC0f0 PSW000000
RK command 000001 PC155470 IPL0
RK command 002000 PC155624 IPL0
RK command 002003 PC155632 IPL0
RK command 002121 PC155726 IPL0
RK command 002320 PC160460 IPL7
RK command 000000 PC157012 IPL0
BUS FAULT addr172440 wr0 PC002466 SP007774 IR005735 uPC0f0 PSW000000
RK command 000001 PC155470 IPL0
RK command 002000 PC155624 IPL0
RK command 002003 PC155632 IPL0
RK command 002121 PC155726 IPL0
RK command 002320 PC160460 IPL7
RK command 000000 PC157012 IPL0
BUS FAULT addr174500 wr0 PC002466 SP007774 IR005735 uPC0f0 PSW000000
RK command 000001 PC155470 IPL0
RK command 002000 PC155624 IPL0
RK command 002003 PC155632 IPL0
RK command 002121 PC155726 IPL0
RK command 002320 PC160460 IPL7
RK command 000000 PC157012 IPL0
RK command 000001 PC155470 IPL0
RK command 002000 PC155624 IPL0
RK command 002003 PC155632 IPL0
RK command 002121 PC155726 IPL0
RK command 002320 PC160460 IPL7
RK command 000000 PC157012 IPL0
RK command 000001 PC155470 IPL0
RK command 002000 PC155624 IPL0
RK command 002003 PC155632 IPL0
RK command 002121 PC155726 IPL0
RK command 002320 PC160460 IPL7
RK command 000000 PC157012 IPL0
BUS FAULT addr176710 wr0 PC002466 SP007774 IR005735 uPC0f0 PSW000000
RK command 000001 PC155470 IPL0
RK command 002000 PC155624 IPL0
RK command 002003 PC155632 IPL0
RK command 002121 PC155726 IPL0
RK command 002320 PC160460 IPL7
RK command 000000 PC157012 IPL0

RT-11FB (S) V05.BOARD clocks20000000 PC142604 IR016704 uPC24b PSW000340 cmds108 reads86 service0 pending0
03  
RK command 000001 PC155470 IPL0
RK command 002000 PC155624 IPL0
RK command 002003 PC155632 IPL0
RK command 002121 PC155726 IPL0
BOARD clocks25000000 PC160214 IR005203 uPC020 PSW000350 cmds112 reads88 service1 pending0
RK command 002320 PC160460 IPL7
RK command 000000 PC157012 IPL0
RK command 000001 PC155470 IPL0
RK command 002000 PC155624 IPL0
RK command 002003 PC155632 IPL0
RK command 002121 PC155726 IPL0
RK command 002320 PC160460 IPL7
RK command 000000 PC157012 IPL0
RK command 000001 PC155470 IPL0
RK command 002000 PC155624 IPL0
RK command 002003 PC155632 IPL0
RK command 002121 PC155726 IPL0
RK command 002320 PC160460 IPL7
RK command 000000 PC157012 IPL0
RK command 000001 PC155470 IPL0
RK command 002000 PC155624 IPL0
RK command 002003 PC155632 IPL0
RK command 002121 PC155726 IPL0
RK command 002320 PC160460 IPL7
RK command 000000 PC157012 IPL0
RK command 000001 PC155470 IPL0
RK command 002000 PC155624 IPL0
RK command 002003 PC155632 IPL0
RK command 002123 PC155726 IPL0
BOARD clocks30000000 PC160414 IR077101 uPC020 PSW000344 cmds136 reads98 service1 pending0
RK command 002322 PC160460 IPL7
RK command 000000 PC157012 IPL0
RK command 000001 PC155470 IPL0
RK command 002000 PC155624 IPL0
RK command 002003 PC155632 IPL0
RK command 002121 PC155726 IPL0
RK command 002320 PC160460 IPL7
RK command 000000 PC157012 IPL0
RK command 000001 PC155470 IPL0
RK command 002000 PC155624 IPL0
RK command 002003 PC155632 IPL0
RK command 002121 PC155726 IPL0
RK command 002320 PC160460 IPL7
RK command 000000 PC157012 IPL0
RK command 000001 PC155470 IPL0
RK command 002000 PC155624 IPL0
RK command 002003 PC155632 IPL0
RK command 002121 PC155726 IPL0
RK command 002320 PC160460 IPL7
RK command 000000 PC157012 IPL0
BOARD clocks35000000 PC120262 IR001376 uPC020 PSW001001 cmds156 reads104 service0 pending0
RK command 000001 PC155470 IPL0
RK command 002000 PC155624 IPL0
RK command 002003 PC155632 IPL0
RK command 002121 PC155726 IPL0
RK command 002320 PC160460 IPL7
RK command 000000 PC157012 IPL0
BOARD clocks40000000 PC070240 IR001376 uPC020 PSW001000 cmds162 reads105 service0 pending0

.SET TT SCOPE,NOCRLF
BOARD clocks45000000 PC072744 IR042716 uPC224 PSW001000 cmds162 reads105 service0 pending0
RK command 000001 PC155470 IPL0
RK command 002000 PC155624 IPL0
RK command 002003 PC155632 IPL0
RK command 002121 PC155726 IPL0
RK command 002320 PC160460 IPL7
RK command 000000 PC157012 IPL0

.SET SL ON
RK command 000001 PC155470 IPL0
RK command 002000 PC155624 IPL0
RK command 002003 PC155632 IPL0
RK command 002121 PC155726 IPL0
RK command 002320 PC160460 IPL7
RK command 000000 PC157012 IPL0
RK command 000001 PC155470 IPL0
RK command 002000 PC155624 IPL0
RK command 002003 PC155632 IPL0
RK command 002121 PC155726 IPL0
RK command 002320 PC160460 IPL7
RK command 000000 PC157012 IPL0
RK command 000001 PC155470 IPL0
RK command 002000 PC155624 IPL0
RK command 002003 PC155632 IPL0
RK command 002121 PC155726 IPL0
RK command 002320 PC160460 IPL7
RK command 000000 PC157012 IPL0
RK command 000001 PC155470 IPL0
RK command 002000 PC155624 IPL0
RK command 002003 PC155632 IPL0
RK command 002121 PC155726 IPL0
RK command 002320 PC160460 IPL7
RK command 000000 PC157012 IPL0
RK command 000001 PC155470 IPL0
RK command 002000 PC155624 IPL0
RK command 002003 PC155632 IPL0
RK command 002121 PC155726 IPL0
RK command 002320 PC160460 IPL7
RK command 000000 PC157012 IPL0
BOARD clocks50000000 PC120264 IR012124 uPC2a4 PSW000011 cmds198 reads115 service0 pending0
RK command 000001 PC155470 IPL0
RK command 002000 PC155624 IPL0
RK command 002003 PC155632 IPL0
RK command 002121 PC155726 IPL0
RK command 002320 PC160460 IPL7
RK command 000000 PC157012 IPL0
RK command 000001 PC155470 IPL0
RK command 002000 PC155624 IPL0
RK command 002003 PC155632 IPL0
RK command 002121 PC155726 IPL0
RK command 002320 PC160460 IPL7
RK command 000000 PC157012 IPL0
RK command 000001 PC155470 IPL0
RK command 002000 PC155624 IPL0
RK command 002003 PC155632 IPL0
BOARD clocks55000000 PC157100 IR006302 uPC020 PSW000000 cmds213 reads126 service0 pending0
RK command 002121 PC155726 IPL0
RK command 002320 PC160460 IPL7
RK command 000000 PC157012 IPL0
RK command 000001 PC155470 IPL0
RK command 002000 PC155624 IPL0
RK command 002003 PC155632 IPL0
RK command 002121 PC155726 IPL0
RK command 002320 PC160460 IPL7
RK command 000000 PC157012 IPL0
RK command 000001 PC155470 IPL0
RK command 002000 PC155624 IPL0
RK command 002003 PC155632 IPL0
RK command 002121 PC155726 IPL0
RK command 002320 PC160460 IPL7
RK command 000000 PC157012 IPL0
RK command 000001 PC155470 IPL0
RK command 002000 PC155624 IPL0
RK command 002003 PC155632 IPL0
RK command 002123 PC155726 IPL0
RK command 002322 PC160460 IPL7
RK command 000000 PC157012 IPL0
RK command 000001 PC155470 IPL0
RK command 002000 PC155624 IPL0
RK command 002003 PC155632 IPL0
RK command 002123 PC155726 IPL0
BOARD clocks60000000 PC160414 IR077101 uPC020 PSW000344 cmds238 reads131 service1 pending0
RK command 002322 PC160460 IPL7
RK command 000000 PC157012 IPL0
\<RK command 000001 PC155470 IPL0
RK command 002000 PC155624 IPL0
RK command 002003 PC155632 IPL0
RK command 002121 PC155726 IPL0
RK command 002320 PC160460 IPL7
RK command 000000 PC157012 IPL0
RK command 000001 PC155470 IPL0
RK command 002000 PC155624 IPL0
RK command 002003 PC155632 IPL0
RK command 002123 PC155726 IPL0
BOARD clocks65000000 PC160414 IR077101 uPC020 PSW000344 cmds250 reads132 service1 pending0
RK command 002322 PC160460 IPL7
RK command 000000 PC157012 IPL0
BOARD clocks70000000 PC060306 IR014144 uPC020 PSW150001 cmds252 reads132 service0 pending0

.DIR
.[KDIR
RK command 000001 PC155470 IPL0
RK command 002000 PC155624 IPL0
RK command 002003 PC155632 IPL0
RK command 002121 PC155726 IPL0
RK command 002320 PC160460 IPL7
RK command 000000 PC157012 IPL0
BOARD clocks75000000 PC110310 IR012124 uPC310 PSW112010 cmds258 reads134 service0 pending0
RK command 000001 PC155470 IPL0
RK command 002000 PC155624 IPL0
RK command 002003 PC155632 IPL0
RK command 002121 PC155726 IPL0
RK command 002320 PC160460 IPL7
RK command 000000 PC157012 IPL0
RK command 000001 PC155470 IPL0
RK command 002000 PC155624 IPL0
RK command 002003 PC155632 IPL0
RK command 002121 PC155726 IPL0
RK command 002320 PC160460 IPL7
RK command 000000 PC157012 IPL0
RK command 000001 PC155470 IPL0
RK command 002000 PC155624 IPL0
RK command 002003 PC155632 IPL0
RK command 002121 PC155726 IPL0
RK command 002320 PC160460 IPL7
RK command 000000 PC157012 IPL0
RK command 000001 PC155470 IPL0
RK command 002000 PC155624 IPL0
RK command 002003 PC155632 IPL0
RK command 002121 PC155726 IPL0
RK command 002320 PC160460 IPL7
RK command 000000 PC157012 IPL0
BOARD clocks80000000 PC132054 IR005067 uPC0d1 PSW000004 cmds282 reads157 service0 pending0
RK command 000001 PC155470 IPL0
RK command 002000 PC155624 IPL0
RK command 002003 PC155632 IPL0
RK command 002121 PC155726 IPL0
RK command 002320 PC160460 IPL7
RK command 000000 PC157012 IPL0
 
RK command 000001 PC155470 IPL0
RK command 002000 PC155624 IPL0
RK command 002003 PC155632 IPL0
RK command 002121 PC155726 IPL0
RK command 002320 PC160460 IPL7
RK command 000000 PC157012 IPL0
SWAP  .SYS    27P 26-Jan-1999    BOARD clocks85000000 PC022164 IR020116 uPC020 PSW000000 cmds294 reads160 service0 pending0
RT11FB.SYS   103P 26-Jan-1999
RT11SJ.SYS    88P 26-Jan-1999BOARD clocks90000000 PC152710 IR000207 uPC091 PSW000005 cmds294 reads160 service0 pending0
    RT11XM.SYS   116P 26-Jan-1999
RK    .SYS     3P 26-BOARD clocks95000000 PC153026 IR001405 uPC020 PSW000004 cmds294 reads160 service0 pending0
Jan-1999    LP    .SYS     2P 26-Jan-1999
BA    .SYS     7BOARD clocks100000000 PC153360 IR105263 uPC2b8 PSW000011 cmds294 reads160 service0 pending0
P 26-Jan-1999    VM    .SYS     3P 26-Jan-1999
DL    .SYS BOARD clocks105000000 PC153446 IR000241 uPC020 PSW000000 cmds294 reads160 service0 pending0
    5P 26-Jan-1999    DU    .SYS     8P 26-Jan-1999
DM    BOARD clocks110000000 PC150346 IR062701 uPC020 PSW000010 cmds294 reads160 service0 pending0
.SYS     5P 26-Jan-1999    NL    .SYS     2P 26-Jan-1999
MBOARD clocks115000000 PC152626 IR004767 uPC020 PSW000004 cmds294 reads160 service0 pending0
T    .SYS     9P 26-Jan-1999    MM    .SYS     9P 26-Jan-1999
BOARD clocks120000000 PC020420 IR005316 uPC0dc PSW000000 cmds294 reads160 service0 pending0
MU    .SYS    13P 26-Jan-1999    LD    .SYS     8P 26-Jan-1999BOARD clocks125000000 PC154210 IR004167 uPC08a PSW000000 cmds294 reads160 service0 pending0

EL    .SYS     5P 26-Jan-1999    DP    .SYS     3P 26-JanBOARD clocks130000000 PC143260 IR012644 uPC310 PSW000210 cmds294 reads160 service0 pending0
-1999
SL    .SYS    14P 26-Jan-1999    VMX   .SYS     3P BOARD clocks135000000 PC152632 IR016703 uPC020 PSW000010 cmds294 reads160 service0 pending0
26-Jan-1999
LDX   .SYS     8P 26-Jan-1999    LPX   .SYS  BOARD clocks140000000 PC152276 IR052763 uPC224 PSW000004 cmds294 reads160 service0 pending0
   2P 26-Jan-1999
BAX   .SYS     7P 26-Jan-1999    DLX   .BOARD clocks145000000 PC152570 IR005267 uPC2b8 PSW000340 cmds294 reads160 service0 pending0
SYS     5P 26-Jan-1999
DUX   .SYS     9P 26-Jan-1999    DBOARD clocks150000000 PC150340 IR001006 uPC020 PSW000000 cmds294 reads160 service0 pending0
MX   .SYS     5P 26-Jan-1999
RKX   .SYS     3P 26-Jan-1999    BOARD clocks155000000 PC021154 IR005303 uPC020 PSW000001 cmds294 reads160 service0 pending0
MTX   .SYS     9P 26-Jan-1999
MMX   .SYS    10P 26-Jan-1999 BOARD clocks160000000 PC154230 IR005763 uPC020 PSW000004 cmds294 reads160 service0 pending0
   MUX   .SYS    15P 26-Jan-1999
NLX   .SYS     2P 26-JanBOARD clocks165000000 PC153416 IR000752 uPC020 PSW000010 cmds294 reads160 service0 pending0
-1999    DPX   .SYS     3P 26-Jan-1999
SLX   .SYS    16P BOARD clocks170000000 PC142452 IR012604 uPC224 PSW000210 cmds294 reads160 service0 pending0
26-Jan-1999    PIP   .SAV    30P 26-Jan-1999
DUP   .SAV  BOARD clocks175000000 PC154226 IR005763 uPC2b8 PSW000004 cmds294 reads160 service0 pending0
  47P 26-Jan-1999    DIR   .SAV    19P 26-Jan-1999
IND   .BOARD clocks180000000 PC147344 IR010546 uPC310 PSW000001 cmds294 reads160 service0 pending0
SAV    56P 26-Jan-1999    RESORC.SAV    25P 26-Jan-1999
BOARD clocks185000000 PC152302 IR052763 uPC3b3 PSW000004 cmds294 reads160 service0 pending0
EDIT  .SAV    19P 26-Jan-1999    K52   .SAV    54P 26-Jan-1999
BOARD clocks190000000 PC021100 IR000645 uPC020 PSW000000 cmds294 reads160 service0 pending0
KED   .SAV    58P 26-Jan-1999    KEX   .SAV    53P 26-Jan-1999BOARD clocks195000000 PC150342 IR010501 uPC020 PSW000010 cmds294 reads160 service0 pending0

MACRO .SAV    61P 26-Jan-1999    CREF  .SAV     6P 26-JBOARD clocks200000000 PC152304 IR012764 uPC224 PSW000010 cmds294 reads160 service0 pending0
an-1999
LINK  .SAV    49P 26-Jan-1999    LIBR  .SAV    24BOARD clocks205000000 PC153242 IR126127 uPC248 PSW000001 cmds294 reads160 service0 pending0
P 26-Jan-1999
FILEX .SAV    22P 26-Jan-1999    SRCCOM.SAVBOARD clocks210000000 PC153026 IR001405 uPC020 PSW000004 cmds294 reads160 service0 pending0
    26P 26-Jan-1999
BINCOM.SAV    24P 26-Jan-1999    SLP BOARD clocks215000000 PC153114 IR100444 uPC020 PSW000004 cmds294 reads160 service0 pending0
  .SAV    13P 26-Jan-1999
DUMP  .SAV     9P 26-Jan-1999    BOARD clocks220000000 PC022164 IR020116 uPC020 PSW000011 cmds294 reads160 service0 pending0
SIPP  .SAV    21P 26-Jan-1999
BUP   .SAV    50P 26-Jan-1999    BOARD clocks225000000 PC020766 IR103375 uPC020 PSW000000 cmds294 reads160 service0 pending0
PAT   .SAV    10P 26-Jan-1999
HELP  .SAV   132P 26-Jan-19BOARD clocks230000000 PC153240 IR001561 uPC020 PSW000001 cmds294 reads160 service0 pending0
99    BATCH .SAV    26P 26-Jan-1999
ERROUT.SAV    18P 26-BOARD clocks235000000 PC153046 IR016302 uPC020 PSW000004 cmds294 reads160 service0 pending0
Jan-1999    QUEMAN.SAV    15P 26-Jan-1999
FORMAT.SAV    BOARD clocks240000000 PC154252 IR012601 uPC224 PSW000004 cmds294 reads160 service0 pending0
24P 26-Jan-1999    SETUP .SAV    41P 26-Jan-1999
VTCOM .BOARD clocks245000000 PC142440 IR012706 uPC020 PSW000350 cmds294 reads160 service0 pending0
SAV    24P 26-Jan-1999    SPEED .SAV     4P 26-Jan-1999
DABOARD clocks250000000 PC153032 IR105761 uPC0f0 PSW000004 cmds294 reads160 service0 pending0
TIME.SAV     4P 26-Jan-1999    LET   .SAV     5P 26-Jan-1999
BOARD clocks255000000 PC021540 IR066603 uPC020 PSW000000 cmds294 reads160 service0 pending0
SPLIT .SAV     3P 26-Jan-1999    UCL   .SAV    15P 26-Jan-1999BOARD clocks260000000 PC142604 IR016704 uPC24b PSW000340 cmds294 reads160 service0 pending0

VBGEXE.SAV    16P 26-Jan-1999    TERMID.SAV     3P 26-JanBOARD clocks265000000 PC142610 IR016705 uPC20e PSW000344 cmds294 reads160 service0 pending0
-1999
TRANSF.SAV    16P 26-Jan-1999    GIDIS .SAV    72P BOARD clocks270000000 PC147462 IR103023 uPC020 PSW000010 cmds294 reads160 service0 pending0
26-Jan-1999
MDUP  .SAV    20P 26-Jan-1999    CONFIG.SAV BOARD clocks275000000 PC153274 IR105761 uPC2b8 PSW000000 cmds294 reads160 service0 pending0
    7P 26-Jan-1999
RK command 000001 PC155470 IPL0
RK command 002000 PC155624 IPL0
RK command 002003 PC155632 IPL0
RK command 002121 PC155726 IPL0
RK command 002320 PC160460 IPL7
RK command 000000 PC157012 IPL0
ELINIT.SAV     7P 26-Jan-1999    BOARD clocks280000000 PC021532 IR010301 uPC020 PSW000000 cmds300 reads162 service0 pending0
QUEUE .REL    14P 26-Jan-1999
RTMON .REL     8P 26-Jan-1999    BOARD clocks285000000 PC021126 IR012701 uPC224 PSW000000 cmds300 reads162 service0 pending0
SPOOL .REL    11P 26-Jan-1999
VTCOM .REL    27P 26-Jan-199BOARD clocks290000000 PC142534 IR005024 uPC020 PSW000344 cmds300 reads162 service0 pending0
9    ERRLOG.REL     9P 26-Jan-1999
SYSMAC.SML    60P 26-JBOARD clocks295000000 PC152614 IR004767 uPC2b8 PSW000010 cmds300 reads162 service0 pending0
an-1999    SYSLIB.OBJ    54P 26-Jan-1999
ODT   .OBJ     8PBOARD clocks300000000 PC153102 IR105763 uPC2b8 PSW000000 cmds300 reads162 service0 pending0
 26-Jan-1999    VDT   .OBJ     8P 26-Jan-1999
ODTHWD.OBJ BOARD clocks305000000 PC153112 IR005763 uPC0f0 PSW000004 cmds300 reads162 service0 pending0
    8P 26-Jan-1999    MDUP  .MM     56P 26-Jan-1999
MDUP BOARD clocks310000000 PC142614 IR012704 uPC020 PSW000344 cmds300 reads162 service0 pending0
 .MS     56P 26-Jan-1999    MDUP  .MT     56P 26-Jan-1999
BOARD clocks315000000 PC017666 IR005302 uPC020 PSW000000 cmds300 reads162 service0 pending0
MBOOT .BOT     1P 26-Jan-1999    MBOT16.BOT     1P 26-Jan-1999
BOARD clocks320000000 PC020744 IR004567 uPC08a PSW000000 cmds300 reads162 service0 pending0
MSBOOT.BOT     3P 26-Jan-1999    CUSTOM.TXT     9P 26-Jan-1BOARD clocks325000000 PC152750 IR004767 uPC020 PSW000010 cmds300 reads162 service0 pending0
999
V5NOTE.TXT    41P 26-Jan-1999    SYSGEN.ANS     9P 2BOARD clocks330000000 PC143314 IR010445 uPC020 PSW000350 cmds300 reads162 service0 pending0
6-Jan-1999
RT11SJ.MAP    29P 26-Jan-1999    RT11FB.MAP  BOARD clocks335000000 PC153346 IR122700 uPC020 PSW000004 cmds300 reads162 service0 pending0
  36P 26-Jan-1999
RT11XM.MAP    39P 26-Jan-1999    STARTFBOARD clocks340000000 PC152434 IR005712 uPC0f0 PSW000004 cmds300 reads162 service0 pending0
.COM     1  26-Jan-1999
STARTS.COM     1  26-Jan-1999    BOARD clocks345000000 PC017550 IR022700 uPC224 PSW000000 cmds300 reads162 service0 pending0
STARTX.COM     1  26-Jan-1999
 98 Files, 2201 Blocks
 51455 FBOARD clocks350000000 PC153276 IR105761 uPC020 PSW000000 cmds300 reads162 service0 pending0
ree blocks
BOARD clocks355000000 PC150314 IR016705 uPC24b PSW000004 cmds300 reads162 service0 pending0

.
PASS uJ11 cold RT-11 boot + DIR: 355134893 clocks, 300 RK commands, 576 timer edges, 3270 UART wire bytes, 162 SD reads/6 writes
BOARD COUNTS retired3983747 reads5215923 writes423448 FRAM-CS3393856
- tb/tb_board_rt11.v:106: Verilog $finish
- S i m u l a t i o n   R e p o r t: Verilator 5.050 2026-07-01
- Verilator: $finish at 4s; walltime 178.090 s; speed 19.941 ms/s
- Verilator: cpu 178.051 s on 1 threads; allocated 2 MB
