
synpwrap -msg -prj "cp2_impl1_synplify.tcl" -log "cp2_impl1.srf"
Copyright (C) 1992-2024 Lattice Semiconductor Corporation. All rights reserved.
Lattice Diamond Version 3.14.0.75.2
    <postMsg mid="2011000" type="Info"    dynamic="0" navigation="0"  />
/proc/sys/vm/admin_reserve_kbytes:8192
/proc/sys/vm/compact_unevictable_allowed:1
/proc/sys/vm/compaction_proactiveness:20
/proc/sys/vm/dirty_background_bytes:0
/proc/sys/vm/dirty_background_ratio:10
/proc/sys/vm/dirty_bytes:0
/proc/sys/vm/dirty_expire_centisecs:3000
/proc/sys/vm/dirty_ratio:20
/proc/sys/vm/dirty_writeback_centisecs:500
/proc/sys/vm/dirtytime_expire_seconds:43200
/proc/sys/vm/extfrag_threshold:500
/proc/sys/vm/hugetlb_optimize_vmemmap:0
/proc/sys/vm/hugetlb_shm_group:0
/proc/sys/vm/laptop_mode:0
/proc/sys/vm/legacy_va_layout:0
/proc/sys/vm/lowmem_reserve_ratio:256	256	32	0	0
/proc/sys/vm/max_map_count:1048576
/proc/sys/vm/memfd_noexec:0
/proc/sys/vm/memory_failure_early_kill:0
/proc/sys/vm/memory_failure_recovery:1
/proc/sys/vm/min_free_kbytes:67584
/proc/sys/vm/min_slab_ratio:5
/proc/sys/vm/min_unmapped_ratio:1
/proc/sys/vm/mmap_min_addr:65536
/proc/sys/vm/nr_hugepages:0
/proc/sys/vm/nr_hugepages_mempolicy:0
/proc/sys/vm/nr_overcommit_hugepages:0
/proc/sys/vm/numa_stat:1
/proc/sys/vm/numa_zonelist_order:Node
/proc/sys/vm/oom_dump_tasks:1
/proc/sys/vm/oom_kill_allocating_task:0
/proc/sys/vm/overcommit_kbytes:0
/proc/sys/vm/overcommit_memory:0
/proc/sys/vm/overcommit_ratio:50
/proc/sys/vm/page-cluster:3
/proc/sys/vm/page_lock_unfairness:5
/proc/sys/vm/panic_on_oom:0
/proc/sys/vm/percpu_pagelist_high_fraction:0
/proc/sys/vm/stat_interval:1
/proc/sys/vm/swappiness:60
/proc/sys/vm/unprivileged_userfaultfd:0
/proc/sys/vm/user_reserve_kbytes:131072
/proc/sys/vm/vfs_cache_pressure:100
/proc/sys/vm/watermark_boost_factor:15000
/proc/sys/vm/watermark_scale_factor:10
/proc/sys/vm/zone_reclaim_mode:0

------ Message Queues --------
key        msqid      owner      perms      used-bytes   messages    

------ Shared Memory Segments --------
key        shmid      owner      perms      bytes      nattch     status      

------ Semaphore Arrays --------
key        semid      owner      perms      nsems     

+04
Ubuntu 24.04.4 LTS
###########################################################[
Running in Lattice mode

                               Synplify Pro (R) 

                Version V-2023.09L-2 for linux64 - Sep 17, 2024 

                    Copyright (c) 1988 - 2024 Synopsys, Inc.
   This software and the associated documentation are proprietary to Synopsys,
 Inc. This software may only be used in accordance with the terms and conditions
 of a written license agreement with Synopsys, Inc. All other use, reproduction,
   or distribution of this software is strictly prohibited.  Licensed Products
     communicate with Synopsys servers for the purpose of providing software
    updates, detecting software piracy and verifying that customers are using
    Licensed Products in conformity with the applicable License Key for such
  Licensed Products. Synopsys will use information gathered in connection with
    this process to deliver software updates and pursue software pirates and
                                   infringers.

 Inclusivity & Diversity - Visit SolvNetPlus to read the "Synopsys Statement on
            Inclusivity and Diversity" (Refer to article 000036315 at
                        https://solvnetplus.synopsys.com)

Starting:    /home/sash/.local/lscc/diamond/3.14/synpbase/linux_a_64/mbin/synbatch
Install:     /home/sash/.local/lscc/diamond/3.14/synpbase
Hostname:    sashz-ubuntu
Date:        Tue Sep  8 17:57:17 2026
Version:     V-2023.09L-2

Arguments:   -product synplify_base -batch cp2_impl1_synplify.tcl
ProductType: synplify_pro





log file: "/tmp/uj11-cp2-20260908/build/cp2/impl1/cp2_impl1.srr"
Running: impl1 in foreground

Running proj_1|impl1

Running Flow: compile (Compile) on proj_1|impl1
# Tue Sep  8 17:57:17 2026

Running Flow: compile_flow (Compile Process) on proj_1|impl1
# Tue Sep  8 17:57:17 2026

Running: compiler (Compile Input) on proj_1|impl1
# Tue Sep  8 17:57:17 2026
Process ID: 5291
Copied /tmp/uj11-cp2-20260908/build/cp2/impl1/synwork/cp2_impl1_comp.srs to /tmp/uj11-cp2-20260908/build/cp2/impl1/cp2_impl1.srs

compiler completed
# Tue Sep  8 17:57:18 2026

Return Code: 0
Run Time:00h:00m:00s

Running: multi_srs_gen (Multi-srs Generator) on proj_1|impl1
# Tue Sep  8 17:57:18 2026
Process ID: 5339

multi_srs_gen completed
# Tue Sep  8 17:57:18 2026

Return Code: 0
Run Time:00h:00m:00s
Copied /tmp/uj11-cp2-20260908/build/cp2/impl1/synwork/cp2_impl1_mult.srs to /tmp/uj11-cp2-20260908/build/cp2/impl1/cp2_impl1.srs
Copied /tmp/uj11-cp2-20260908/build/cp2/impl1/cp2_impl1.srr to /tmp/uj11-cp2-20260908/build/cp2/impl1/cp2_impl1.srf
Complete: Compile Process on proj_1|impl1

Running: premap (Premap) on proj_1|impl1
# Tue Sep  8 17:57:18 2026
Process ID: 5355

premap completed with warnings
# Tue Sep  8 17:57:19 2026

Return Code: 1
Run Time:00h:00m:01s
Complete: Compile on proj_1|impl1

Running Flow: map (Map) on proj_1|impl1
# Tue Sep  8 17:57:19 2026
License granted for 4 parallel jobs

Running: fpga_mapper (Map & Optimize) on proj_1|impl1
# Tue Sep  8 17:57:19 2026
Process ID: 5370
Copied /tmp/uj11-cp2-20260908/build/cp2/impl1/synwork/cp2_impl1_m.srm to /tmp/uj11-cp2-20260908/build/cp2/impl1/cp2_impl1.srm

fpga_mapper completed with warnings
# Tue Sep  8 17:57:20 2026

Return Code: 1
Run Time:00h:00m:01s
Complete: Map on proj_1|impl1
Copied /tmp/uj11-cp2-20260908/build/cp2/impl1/cp2_impl1.srr to /tmp/uj11-cp2-20260908/build/cp2/impl1/cp2_impl1.srf
Complete: Logic Synthesis on proj_1|impl1
TCL script complete: "cp2_impl1_synplify.tcl"
exit status=0
exit status=0
Save changes for project:
/tmp/uj11-cp2-20260908/build/cp2/impl1/proj_1.prj
batch mode default:no
Child process exit with 0.

==contents of cp2_impl1.srf
#Build: Synplify Pro (R) V-2023.09L-2, Build 349R, Sep 17 2024
#install: /home/sash/.local/lscc/diamond/3.14/synpbase
#OS: Linux 
#Hostname: sashz-ubuntu

# Tue Sep  8 17:57:17 2026

#Implementation: impl1


Copyright (C) 1994-2023 Synopsys, Inc.
This Synopsys software and all associated documentation are proprietary to Synopsys, Inc.
and may only be used pursuant to the terms and conditions of a written license agreement
with Synopsys, Inc. All other use, reproduction, modification, or distribution of the
Synopsys software or the associated documentation is strictly prohibited.
Tool: Synplify Pro (R)
Build: V-2023.09L-2
Install: /home/sash/.local/lscc/diamond/3.14/synpbase
OS: Ubuntu 24.04.4 LTS
Hostname: sashz-ubuntu
max virtual memory: unlimited (bytes)
max user processes: 512757
max stack size: 8388608 (bytes)


Implementation : impl1
Synopsys HDL Compiler, Version comp202309synp1, Build 349R, Built Sep 17 2024 08:30:48, @5637152

@N|Running in 64-bit mode
###########################################################[

Copyright (C) 1994-2023 Synopsys, Inc.
This Synopsys software and all associated documentation are proprietary to Synopsys, Inc.
and may only be used pursuant to the terms and conditions of a written license agreement
with Synopsys, Inc. All other use, reproduction, modification, or distribution of the
Synopsys software or the associated documentation is strictly prohibited.
Tool: Synplify Pro (R)
Build: V-2023.09L-2
Install: /home/sash/.local/lscc/diamond/3.14/synpbase
OS: Ubuntu 24.04.4 LTS
Hostname: sashz-ubuntu
max virtual memory: unlimited (bytes)
max user processes: 512757
max stack size: 8388608 (bytes)


Implementation : impl1
Synopsys Verilog Compiler, Version comp202309synp1, Build 349R, Built Sep 17 2024 08:30:48, @5637152

@N|Running in 64-bit mode
@I::"/home/sash/.local/lscc/diamond/3.14/synpbase/lib/lucent/machxo2.v" (library work)
@I::"/home/sash/.local/lscc/diamond/3.14/synpbase/lib/lucent/pmi_def.v" (library work)
@I::"/home/sash/.local/lscc/diamond/3.14/synpbase/lib/vlog/hypermods.v" (library __hyper__lib__)
@I::"/tmp/uj11-cp2-20260908/rtl/uj11_alu.v" (library work)
@I::"/tmp/uj11-cp2-20260908/rtl/uj11_regfile.v" (library work)
@I::"/tmp/uj11-cp2-20260908/rtl/uj11_datapath.v" (library work)
@I::"/tmp/uj11-cp2-20260908/synth/machxo2/uj11_probe_datapath.v" (library work)
@N|stack limit increased to max
Verilog syntax check successful!
Selecting top level module uj11_probe_datapath
@N: CG364 :"/tmp/uj11-cp2-20260908/rtl/uj11_alu.v":4:7:4:14|Synthesizing module uj11_alu in library work.
Running optimization stage 1 on uj11_alu .......
Finished optimization stage 1 on uj11_alu (CPU Time 0h:00m:00s, Memory Used current: 191MB peak: 191MB)
@N: CG364 :"/tmp/uj11-cp2-20260908/rtl/uj11_regfile.v":4:7:4:18|Synthesizing module uj11_regfile in library work.
Running optimization stage 1 on uj11_regfile .......
@N: CL134 :"/tmp/uj11-cp2-20260908/rtl/uj11_regfile.v":13:4:13:9|Found RAM words, depth=16, width=16
@N: CL134 :"/tmp/uj11-cp2-20260908/rtl/uj11_regfile.v":13:4:13:9|Found RAM words, depth=16, width=16
Finished optimization stage 1 on uj11_regfile (CPU Time 0h:00m:00s, Memory Used current: 191MB peak: 191MB)
@N: CG364 :"/tmp/uj11-cp2-20260908/rtl/uj11_datapath.v":3:7:3:19|Synthesizing module uj11_datapath in library work.
@N: CG179 :"/tmp/uj11-cp2-20260908/rtl/uj11_datapath.v":43:30:43:30|Removing redundant assignment.
Running optimization stage 1 on uj11_datapath .......
Finished optimization stage 1 on uj11_datapath (CPU Time 0h:00m:00s, Memory Used current: 191MB peak: 191MB)
@N: CG364 :"/tmp/uj11-cp2-20260908/synth/machxo2/uj11_probe_datapath.v":4:7:4:25|Synthesizing module uj11_probe_datapath in library work.
Running optimization stage 1 on uj11_probe_datapath .......
Finished optimization stage 1 on uj11_probe_datapath (CPU Time 0h:00m:00s, Memory Used current: 191MB peak: 191MB)
Running optimization stage 2 on uj11_probe_datapath .......
Finished optimization stage 2 on uj11_probe_datapath (CPU Time 0h:00m:00s, Memory Used current: 191MB peak: 191MB)
Running optimization stage 2 on uj11_datapath .......
Finished optimization stage 2 on uj11_datapath (CPU Time 0h:00m:00s, Memory Used current: 192MB peak: 192MB)
Running optimization stage 2 on uj11_regfile .......
Finished optimization stage 2 on uj11_regfile (CPU Time 0h:00m:00s, Memory Used current: 192MB peak: 192MB)
Running optimization stage 2 on uj11_alu .......
Finished optimization stage 2 on uj11_alu (CPU Time 0h:00m:00s, Memory Used current: 192MB peak: 192MB)

For a summary of runtime per design unit, please see file:
==========================================================
@L: /tmp/uj11-cp2-20260908/build/cp2/impl1/synwork/layer0.duruntime



At c_ver Exit (Real Time elapsed 0h:00m:00s; CPU Time elapsed 0h:00m:00s; Memory used current: 192MB peak: 192MB)

Process took 0h:00m:01s realtime, 0h:00m:01s cputime

Process completed successfully.
# Tue Sep  8 17:57:17 2026

###########################################################]
###########################################################[

Copyright (C) 1994-2023 Synopsys, Inc.
This Synopsys software and all associated documentation are proprietary to Synopsys, Inc.
and may only be used pursuant to the terms and conditions of a written license agreement
with Synopsys, Inc. All other use, reproduction, modification, or distribution of the
Synopsys software or the associated documentation is strictly prohibited.
Tool: Synplify Pro (R)
Build: V-2023.09L-2
Install: /home/sash/.local/lscc/diamond/3.14/synpbase
OS: Ubuntu 24.04.4 LTS
Hostname: sashz-ubuntu
max virtual memory: unlimited (bytes)
max user processes: 512757
max stack size: 8388608 (bytes)


Implementation : impl1
Synopsys Synopsys Netlist Linker, Version comp202309synp1, Build 349R, Built Sep 17 2024 08:30:48, @5637152

@N|Running in 64-bit mode

At syn_nfilter Exit (Real Time elapsed 0h:00m:00s; CPU Time elapsed 0h:00m:00s; Memory used current: 197MB peak: 197MB)

Process took 0h:00m:01s realtime, 0h:00m:01s cputime

Process completed successfully.
# Tue Sep  8 17:57:17 2026

###########################################################]

For a summary of runtime and memory usage for all design units, please see file:
==========================================================
@L: /tmp/uj11-cp2-20260908/build/cp2/impl1/synwork/cp2_impl1_comp.rt.csv

@END

At c_hdl Exit (Real Time elapsed 0h:00m:00s; CPU Time elapsed 0h:00m:00s; Memory used current: 41MB peak: 41MB)

Process took 0h:00m:01s realtime, 0h:00m:01s cputime

Process completed successfully.
# Tue Sep  8 17:57:17 2026

###########################################################]
###########################################################[

Copyright (C) 1994-2023 Synopsys, Inc.
This Synopsys software and all associated documentation are proprietary to Synopsys, Inc.
and may only be used pursuant to the terms and conditions of a written license agreement
with Synopsys, Inc. All other use, reproduction, modification, or distribution of the
Synopsys software or the associated documentation is strictly prohibited.
Tool: Synplify Pro (R)
Build: V-2023.09L-2
Install: /home/sash/.local/lscc/diamond/3.14/synpbase
OS: Ubuntu 24.04.4 LTS
Hostname: sashz-ubuntu
max virtual memory: unlimited (bytes)
max user processes: 512757
max stack size: 8388608 (bytes)


Implementation : impl1
Synopsys Synopsys Netlist Linker, Version comp202309synp1, Build 349R, Built Sep 17 2024 08:30:48, @5637152

@N|Running in 64-bit mode

At syn_nfilter Exit (Real Time elapsed 0h:00m:00s; CPU Time elapsed 0h:00m:00s; Memory used current: 197MB peak: 197MB)

Process took 0h:00m:01s realtime, 0h:00m:01s cputime

Process completed successfully.
# Tue Sep  8 17:57:18 2026

###########################################################]
Premap Report

# Tue Sep  8 17:57:18 2026


Copyright (C) 1994-2023 Synopsys, Inc.
This Synopsys software and all associated documentation are proprietary to Synopsys, Inc.
and may only be used pursuant to the terms and conditions of a written license agreement
with Synopsys, Inc. All other use, reproduction, modification, or distribution of the
Synopsys software or the associated documentation is strictly prohibited.
Tool: Synplify Pro (R)
Build: V-2023.09L-2
Install: /home/sash/.local/lscc/diamond/3.14/synpbase
OS: Ubuntu 24.04.4 LTS
Hostname: sashz-ubuntu
max virtual memory: unlimited (bytes)
max user processes: 512757
max stack size: 8388608 (bytes)


Implementation : impl1
Synopsys Lattice Technology Pre-mapping, Version map202309lat, Build 191R, Built Sep 17 2024 09:08:23, @5637152


Mapper Startup Complete (Real Time elapsed 0h:00m:00s; CPU Time elapsed 0h:00m:00s; Memory used current: 439MB peak: 439MB)


Done reading skeleton netlist (Real Time elapsed 0h:00m:00s; CPU Time elapsed 0h:00m:00s; Memory used current: 453MB peak: 454MB)

@A: MF827 |No constraint file specified.
@L: /tmp/uj11-cp2-20260908/build/cp2/impl1/cp2_impl1_scck.rpt 
See clock summary report "/tmp/uj11-cp2-20260908/build/cp2/impl1/cp2_impl1_scck.rpt"
@N: MF916 |Option synthesis_strategy=base is enabled. 
@N: MF248 |Running in 64-bit mode.
@N: MF666 |Clock conversion enabled. (Command "set_option -fix_gated_and_generated_clocks 1" in the project file.)

Design Input Complete (Real Time elapsed 0h:00m:00s; CPU Time elapsed 0h:00m:00s; Memory used current: 458MB peak: 459MB)


Mapper Initialization Complete (Real Time elapsed 0h:00m:00s; CPU Time elapsed 0h:00m:00s; Memory used current: 458MB peak: 459MB)


Start loading timing files (Real Time elapsed 0h:00m:00s; CPU Time elapsed 0h:00m:00s; Memory used current: 463MB peak: 463MB)


Finished loading timing files (Real Time elapsed 0h:00m:00s; CPU Time elapsed 0h:00m:00s; Memory used current: 465MB peak: 465MB)

NConnInternalConnection caching is on

Starting HSTDM IP insertion (Real Time elapsed 0h:00m:00s; CPU Time elapsed 0h:00m:00s; Memory used current: 513MB peak: 513MB)


Finished HSTDM IP insertion (Real Time elapsed 0h:00m:00s; CPU Time elapsed 0h:00m:00s; Memory used current: 513MB peak: 513MB)


Started DisTri Cleanup (Real Time elapsed 0h:00m:00s; CPU Time elapsed 0h:00m:00s; Memory used current: 513MB peak: 513MB)


Finished DisTri Cleanup (Real Time elapsed 0h:00m:00s; CPU Time elapsed 0h:00m:00s; Memory used current: 513MB peak: 513MB)


Starting clock optimization phase (Real Time elapsed 0h:00m:00s; CPU Time elapsed 0h:00m:00s; Memory used current: 513MB peak: 513MB)


mixed edge conversion for GCC is OFF

Finished clock optimization phase (Real Time elapsed 0h:00m:00s; CPU Time elapsed 0h:00m:00s; Memory used current: 513MB peak: 513MB)


Starting clock optimization report phase (Real Time elapsed 0h:00m:00s; CPU Time elapsed 0h:00m:00s; Memory used current: 513MB peak: 513MB)


Finished clock optimization report phase (Real Time elapsed 0h:00m:00s; CPU Time elapsed 0h:00m:00s; Memory used current: 513MB peak: 513MB)

@N: FX1184 |Applying syn_allowed_resources blockrams=7 on top level netlist uj11_probe_datapath 

Finished netlist restructuring (Real Time elapsed 0h:00m:00s; CPU Time elapsed 0h:00m:00s; Memory used current: 513MB peak: 513MB)



Clock Summary
******************

          Start                       Requested     Requested     Clock        Clock          Clock
Level     Clock                       Frequency     Period        Type         Group          Load 
---------------------------------------------------------------------------------------------------
0 -       uj11_probe_datapath|clk     1.0 MHz       1000.000      inferred     (multiple)     89   
===================================================================================================



Clock Load Summary
***********************

                            Clock     Source        Clock Pin            Non-clock Pin     Non-clock Pin
Clock                       Load      Pin           Seq Example          Seq Example       Comb Example 
--------------------------------------------------------------------------------------------------------
uj11_probe_datapath|clk     89        clk(port)     stimulus[35:0].C     -                 -            
========================================================================================================

@W: MT529 :"/tmp/uj11-cp2-20260908/rtl/uj11_regfile.v":13:4:13:9|Found inferred clock uj11_probe_datapath|clk which controls 89 sequential elements including dp.rf.words_1[15:0]. This clock has no specified timing constraint which may prevent conversion of gated or generated clocks and may adversely impact design performance. 

ICG Latch Removal Summary:
Number of ICG latches removed: 0
Number of ICG latches not removed:	0


@S |Clock Optimization Summary



#### START OF PREMAP CLOCK OPTIMIZATION REPORT #####[

1 non-gated/non-generated clock tree(s) driving 59 clock pin(s) of sequential element(s)
0 gated/generated clock tree(s) driving 0 clock pin(s) of sequential element(s)
0 instances converted, 0 sequential instances remain driven by gated/generated clocks

=========================== Non-Gated/Non-Generated Clocks ============================
Clock Tree ID     Driving Element     Drive Element Type     Fanout     Sample Instance
---------------------------------------------------------------------------------------
@KP:ckid0_0       clk                 port                   59         observe[4:0]   
=======================================================================================


##### END OF CLOCK OPTIMIZATION REPORT ######


Summary of user generated gated clocks:
0 user generated gated/generated clock tree(s) driving 0 clock pin(s) of sequential element(s)

@N: FX1143 |Skipping assigning INTERNAL_VREF to iobanks, because the table of mapping from pin to iobank is not initialized.
Finished Pre Mapping Phase.

Starting constraint checker (Real Time elapsed 0h:00m:00s; CPU Time elapsed 0h:00m:00s; Memory used current: 513MB peak: 513MB)


Finished constraint checker preprocessing (Real Time elapsed 0h:00m:00s; CPU Time elapsed 0h:00m:00s; Memory used current: 513MB peak: 513MB)


Finished constraint checker (Real Time elapsed 0h:00m:00s; CPU Time elapsed 0h:00m:00s; Memory used current: 513MB peak: 513MB)

Pre-mapping successful!

At Mapper Exit (Real Time elapsed 0h:00m:00s; CPU Time elapsed 0h:00m:00s; Memory used current: 424MB peak: 513MB)

Process took 0h:00m:01s realtime, 0h:00m:01s cputime
# Tue Sep  8 17:57:19 2026

###########################################################]
Map & Optimize Report

# Tue Sep  8 17:57:19 2026


Copyright (C) 1994-2023 Synopsys, Inc.
This Synopsys software and all associated documentation are proprietary to Synopsys, Inc.
and may only be used pursuant to the terms and conditions of a written license agreement
with Synopsys, Inc. All other use, reproduction, modification, or distribution of the
Synopsys software or the associated documentation is strictly prohibited.
Tool: Synplify Pro (R)
Build: V-2023.09L-2
Install: /home/sash/.local/lscc/diamond/3.14/synpbase
OS: Ubuntu 24.04.4 LTS
Hostname: sashz-ubuntu
max virtual memory: unlimited (bytes)
max user processes: 512757
max stack size: 8388608 (bytes)


Implementation : impl1
Synopsys Lattice Technology Mapper, Version map202309lat, Build 191R, Built Sep 17 2024 09:08:23, @5637152


Mapper Startup Complete (Real Time elapsed 0h:00m:00s; CPU Time elapsed 0h:00m:00s; Memory used current: 439MB peak: 439MB)

@N: MF916 |Option synthesis_strategy=base is enabled. 
@N: MF248 |Running in 64-bit mode.
@N: MF666 |Clock conversion enabled. (Command "set_option -fix_gated_and_generated_clocks 1" in the project file.)

Design Input Complete (Real Time elapsed 0h:00m:00s; CPU Time elapsed 0h:00m:00s; Memory used current: 452MB peak: 454MB)


Mapper Initialization Complete (Real Time elapsed 0h:00m:00s; CPU Time elapsed 0h:00m:00s; Memory used current: 452MB peak: 454MB)


Start loading timing files (Real Time elapsed 0h:00m:00s; CPU Time elapsed 0h:00m:00s; Memory used current: 456MB peak: 456MB)


Finished loading timing files (Real Time elapsed 0h:00m:00s; CPU Time elapsed 0h:00m:00s; Memory used current: 464MB peak: 464MB)



Starting Optimization and Mapping (Real Time elapsed 0h:00m:00s; CPU Time elapsed 0h:00m:00s; Memory used current: 510MB peak: 510MB)


Available hyper_sources - for debug and ip models
	None Found


Finished RTL optimizations (Real Time elapsed 0h:00m:00s; CPU Time elapsed 0h:00m:00s; Memory used current: 511MB peak: 511MB)


Starting factoring (Real Time elapsed 0h:00m:00s; CPU Time elapsed 0h:00m:00s; Memory used current: 513MB peak: 513MB)


Finished factoring (Real Time elapsed 0h:00m:00s; CPU Time elapsed 0h:00m:00s; Memory used current: 515MB peak: 515MB)

NConnInternalConnection caching is on

Finished generic timing optimizations - Pass 1 (Real Time elapsed 0h:00m:00s; CPU Time elapsed 0h:00m:00s; Memory used current: 515MB peak: 515MB)

@W: BN161 :"/tmp/uj11-cp2-20260908/synth/machxo2/uj11_probe_datapath.v":4:7:4:25|Net N_19 has multiple drivers .
@W: BN161 :"/tmp/uj11-cp2-20260908/synth/machxo2/uj11_probe_datapath.v":4:7:4:25|Net N_20 has multiple drivers .
@W: BN161 :"/tmp/uj11-cp2-20260908/synth/machxo2/uj11_probe_datapath.v":4:7:4:25|Net N_21 has multiple drivers .
@W: BN161 :"/tmp/uj11-cp2-20260908/synth/machxo2/uj11_probe_datapath.v":4:7:4:25|Net dp.alu.un1_arithmetic_b has multiple drivers .
@W: BN161 :"/tmp/uj11-cp2-20260908/synth/machxo2/uj11_probe_datapath.v":4:7:4:25|Net dp.alu.un1_arithmetic_b_0 has multiple drivers .
@W: BN161 :"/tmp/uj11-cp2-20260908/synth/machxo2/uj11_probe_datapath.v":4:7:4:25|Net N_25 has multiple drivers .
@W: BN161 :"/tmp/uj11-cp2-20260908/synth/machxo2/uj11_probe_datapath.v":4:7:4:25|Net dp.alu.un1_arithmetic_b_1 has multiple drivers .
@W: BN161 :"/tmp/uj11-cp2-20260908/synth/machxo2/uj11_probe_datapath.v":4:7:4:25|Net dp.alu.un1_arithmetic_b_2 has multiple drivers .
@W: BN161 :"/tmp/uj11-cp2-20260908/synth/machxo2/uj11_probe_datapath.v":4:7:4:25|Net N_29 has multiple drivers .
@W: BN161 :"/tmp/uj11-cp2-20260908/synth/machxo2/uj11_probe_datapath.v":4:7:4:25|Net dp.alu.un1_arithmetic_b_3 has multiple drivers .
@W: BN161 :"/tmp/uj11-cp2-20260908/synth/machxo2/uj11_probe_datapath.v":4:7:4:25|Net dp.alu.un1_arithmetic_b_4 has multiple drivers .
@W: BN161 :"/tmp/uj11-cp2-20260908/synth/machxo2/uj11_probe_datapath.v":4:7:4:25|Net N_33 has multiple drivers .
@W: BN161 :"/tmp/uj11-cp2-20260908/synth/machxo2/uj11_probe_datapath.v":4:7:4:25|Net dp.alu.un1_arithmetic_b_5 has multiple drivers .
@W: BN161 :"/tmp/uj11-cp2-20260908/synth/machxo2/uj11_probe_datapath.v":4:7:4:25|Net dp.alu.un1_arithmetic_b_6 has multiple drivers .
@W: BN161 :"/tmp/uj11-cp2-20260908/synth/machxo2/uj11_probe_datapath.v":4:7:4:25|Net N_37 has multiple drivers .
@W: BN161 :"/tmp/uj11-cp2-20260908/synth/machxo2/uj11_probe_datapath.v":4:7:4:25|Net dp.alu.un1_arithmetic_b_7 has multiple drivers .
@W: BN161 :"/tmp/uj11-cp2-20260908/synth/machxo2/uj11_probe_datapath.v":4:7:4:25|Net dp.alu.un1_arithmetic_b_8 has multiple drivers .
@W: BN161 :"/tmp/uj11-cp2-20260908/synth/machxo2/uj11_probe_datapath.v":4:7:4:25|Net N_41 has multiple drivers .
@W: BN161 :"/tmp/uj11-cp2-20260908/synth/machxo2/uj11_probe_datapath.v":4:7:4:25|Net dp.alu.un1_arithmetic_b_9 has multiple drivers .
@W: BN161 :"/tmp/uj11-cp2-20260908/synth/machxo2/uj11_probe_datapath.v":4:7:4:25|Net dp.alu.un1_arithmetic_b_10 has multiple drivers .
@W: BN161 :"/tmp/uj11-cp2-20260908/synth/machxo2/uj11_probe_datapath.v":4:7:4:25|Net N_45 has multiple drivers .
@W: BN161 :"/tmp/uj11-cp2-20260908/synth/machxo2/uj11_probe_datapath.v":4:7:4:25|Net dp.alu.un1_arithmetic_b_11 has multiple drivers .
@W: BN161 :"/tmp/uj11-cp2-20260908/synth/machxo2/uj11_probe_datapath.v":4:7:4:25|Net dp.alu.un1_arithmetic_b_12 has multiple drivers .
@W: BN161 :"/tmp/uj11-cp2-20260908/synth/machxo2/uj11_probe_datapath.v":4:7:4:25|Net N_49 has multiple drivers .
@W: BN161 :"/tmp/uj11-cp2-20260908/synth/machxo2/uj11_probe_datapath.v":4:7:4:25|Net dp.alu.un1_arithmetic_b_13 has multiple drivers .
@W: BN161 :"/tmp/uj11-cp2-20260908/synth/machxo2/uj11_probe_datapath.v":4:7:4:25|Net dp.alu.un1_arithmetic_b_14 has multiple drivers .
@W: BN161 :"/tmp/uj11-cp2-20260908/synth/machxo2/uj11_probe_datapath.v":4:7:4:25|Net N_53 has multiple drivers .
@W: BN161 :"/tmp/uj11-cp2-20260908/synth/machxo2/uj11_probe_datapath.v":4:7:4:25|Net dp.alu.un1_arithmetic_b_15 has multiple drivers .
@W: BN161 :"/tmp/uj11-cp2-20260908/synth/machxo2/uj11_probe_datapath.v":4:7:4:25|Net dp.alu.un1_arithmetic_b_16 has multiple drivers .
@W: BN161 :"/tmp/uj11-cp2-20260908/synth/machxo2/uj11_probe_datapath.v":4:7:4:25|Net N_57 has multiple drivers .
@W: BN161 :"/tmp/uj11-cp2-20260908/synth/machxo2/uj11_probe_datapath.v":4:7:4:25|Net dp.alu.un1_arithmetic_b_17 has multiple drivers .
@W: BN161 :"/tmp/uj11-cp2-20260908/synth/machxo2/uj11_probe_datapath.v":4:7:4:25|Net dp.alu.un1_arithmetic_b_18 has multiple drivers .
@W: BN161 :"/tmp/uj11-cp2-20260908/synth/machxo2/uj11_probe_datapath.v":4:7:4:25|Net N_61 has multiple drivers .
@W: BN161 :"/tmp/uj11-cp2-20260908/synth/machxo2/uj11_probe_datapath.v":4:7:4:25|Net dp.alu.un1_arithmetic_b_19 has multiple drivers .
@W: BN161 :"/tmp/uj11-cp2-20260908/synth/machxo2/uj11_probe_datapath.v":4:7:4:25|Net dp.alu.un1_arithmetic_b_20 has multiple drivers .
@W: BN161 :"/tmp/uj11-cp2-20260908/synth/machxo2/uj11_probe_datapath.v":4:7:4:25|Net N_65 has multiple drivers .
@W: BN161 :"/tmp/uj11-cp2-20260908/synth/machxo2/uj11_probe_datapath.v":4:7:4:25|Net dp.alu.un1_arithmetic_b_21 has multiple drivers .
@W: BN161 :"/tmp/uj11-cp2-20260908/synth/machxo2/uj11_probe_datapath.v":4:7:4:25|Net dp.alu.un1_arithmetic_b_22 has multiple drivers .
@W: BN161 :"/tmp/uj11-cp2-20260908/synth/machxo2/uj11_probe_datapath.v":4:7:4:25|Net N_69 has multiple drivers .
@W: BN161 :"/tmp/uj11-cp2-20260908/synth/machxo2/uj11_probe_datapath.v":4:7:4:25|Net dp.alu.un1_arithmetic_b_23 has multiple drivers .
@W: BN161 :"/tmp/uj11-cp2-20260908/synth/machxo2/uj11_probe_datapath.v":4:7:4:25|Net dp.alu.un1_arithmetic_b_24 has multiple drivers .
@W: BN161 :"/tmp/uj11-cp2-20260908/synth/machxo2/uj11_probe_datapath.v":4:7:4:25|Net N_73 has multiple drivers .
@W: BN161 :"/tmp/uj11-cp2-20260908/synth/machxo2/uj11_probe_datapath.v":4:7:4:25|Net dp.alu.un1_arithmetic_b_25 has multiple drivers .
@W: BN161 :"/tmp/uj11-cp2-20260908/synth/machxo2/uj11_probe_datapath.v":4:7:4:25|Net dp.alu.un1_arithmetic_b_26 has multiple drivers .
@W: BN161 :"/tmp/uj11-cp2-20260908/synth/machxo2/uj11_probe_datapath.v":4:7:4:25|Net N_77 has multiple drivers .
@W: BN161 :"/tmp/uj11-cp2-20260908/synth/machxo2/uj11_probe_datapath.v":4:7:4:25|Net dp.alu.un1_arithmetic_b_27 has multiple drivers .
@W: BN161 :"/tmp/uj11-cp2-20260908/synth/machxo2/uj11_probe_datapath.v":4:7:4:25|Net dp.alu.un1_arithmetic_b_28 has multiple drivers .
@W: BN161 :"/tmp/uj11-cp2-20260908/synth/machxo2/uj11_probe_datapath.v":4:7:4:25|Net N_81 has multiple drivers .
@W: BN161 :"/tmp/uj11-cp2-20260908/synth/machxo2/uj11_probe_datapath.v":4:7:4:25|Net dp.alu.un1_arithmetic_b_29 has multiple drivers .
@W: BN161 :"/tmp/uj11-cp2-20260908/synth/machxo2/uj11_probe_datapath.v":4:7:4:25|Net dp.alu.un1_arithmetic_b_30 has multiple drivers .

Starting Early Timing Optimization (Real Time elapsed 0h:00m:00s; CPU Time elapsed 0h:00m:00s; Memory used current: 516MB peak: 516MB)


Finished Early Timing Optimization (Real Time elapsed 0h:00m:00s; CPU Time elapsed 0h:00m:00s; Memory used current: 516MB peak: 516MB)


Finished generic timing optimizations - Pass 2 (Real Time elapsed 0h:00m:00s; CPU Time elapsed 0h:00m:00s; Memory used current: 516MB peak: 516MB)


Finished preparing to map (Real Time elapsed 0h:00m:00s; CPU Time elapsed 0h:00m:00s; Memory used current: 516MB peak: 516MB)


Finished technology mapping (Real Time elapsed 0h:00m:00s; CPU Time elapsed 0h:00m:00s; Memory used current: 538MB peak: 538MB)

Pass		 CPU time		Worst Slack		Luts / Registers
------------------------------------------------------------
   1		0h:00m:00s		   984.72ns		 340 /        57

Finished technology timing optimizations and critical path resynthesis (Real Time elapsed 0h:00m:00s; CPU Time elapsed 0h:00m:00s; Memory used current: 538MB peak: 538MB)

@N: FX164 |The option to pack registers in the IOB has not been specified. Please set syn_useioff attribute.  
@N: FO126 :"/tmp/uj11-cp2-20260908/rtl/uj11_regfile.v":13:4:13:9|Generating RAM dp.rf.words_1[15:0]
@N: FO126 :"/tmp/uj11-cp2-20260908/rtl/uj11_regfile.v":13:4:13:9|Generating RAM dp.rf.words[15:0]

Finished restoring hierarchy (Real Time elapsed 0h:00m:00s; CPU Time elapsed 0h:00m:00s; Memory used current: 538MB peak: 538MB)


Starting CDBProcessSetClockGroups... (Real Time elapsed 0h:00m:00s; CPU Time elapsed 0h:00m:00s; Memory used current: 538MB peak: 538MB)


Finished with CDBProcessSetClockGroups (Real Time elapsed 0h:00m:00s; CPU Time elapsed 0h:00m:00s; Memory used current: 538MB peak: 538MB)


Start Writing Netlists (Real Time elapsed 0h:00m:00s; CPU Time elapsed 0h:00m:00s; Memory used current: 538MB peak: 538MB)

Writing Analyst data base /tmp/uj11-cp2-20260908/build/cp2/impl1/synwork/cp2_impl1_m.srm

Finished Writing Netlist Databases (Real Time elapsed 0h:00m:00s; CPU Time elapsed 0h:00m:00s; Memory used current: 538MB peak: 538MB)

Writing EDIF Netlist and constraint files
@N: FX1056 |Writing EDF file: /tmp/uj11-cp2-20260908/build/cp2/impl1/cp2_impl1.edi
@N: BW106 |Synplicity Constraint File capacitance units using default value of 1pF 

Finished Writing EDIF Netlist and constraint files (Real Time elapsed 0h:00m:00s; CPU Time elapsed 0h:00m:01s; Memory used current: 545MB peak: 545MB)


Finished Writing Netlists (Real Time elapsed 0h:00m:00s; CPU Time elapsed 0h:00m:01s; Memory used current: 545MB peak: 545MB)


Start final timing analysis (Real Time elapsed 0h:00m:01s; CPU Time elapsed 0h:00m:01s; Memory used current: 545MB peak: 545MB)

@W: MT420 |Found inferred clock uj11_probe_datapath|clk with period 1000.00ns. Please declare a user-defined clock on port clk.


##### START OF TIMING REPORT #####[
# Timing report written on Tue Sep  8 17:57:20 2026
#


Top view:               uj11_probe_datapath
Requested Frequency:    1.0 MHz
Wire load mode:         top
Paths requested:        5
Constraint File(s):    
@N: MT320 |This timing report is an estimate of place and route data. For final timing results, use the FPGA vendor place and route report.

@N: MT322 |Clock constraints include only register-to-register paths associated with each individual clock.



Performance Summary
*******************


Worst slack in design: 983.789

                            Requested     Estimated     Requested     Estimated                 Clock        Clock     
Starting Clock              Frequency     Frequency     Period        Period        Slack       Type         Group     
-----------------------------------------------------------------------------------------------------------------------
uj11_probe_datapath|clk     1.0 MHz       61.7 MHz      1000.000      16.211        983.789     inferred     (multiple)
=======================================================================================================================





Clock Relationships
*******************

Clocks                                            |    rise  to  rise     |    fall  to  fall   |    rise  to  fall   |    fall  to  rise 
------------------------------------------------------------------------------------------------------------------------------------------
Starting                 Ending                   |  constraint  slack    |  constraint  slack  |  constraint  slack  |  constraint  slack
------------------------------------------------------------------------------------------------------------------------------------------
uj11_probe_datapath|clk  uj11_probe_datapath|clk  |  1000.000    983.789  |  No paths    -      |  No paths    -      |  No paths    -    
==========================================================================================================================================
 Note: 'No paths' indicates there are no paths in the design for that pair of clock edges.
       'Diff grp' indicates that paths exist but the starting clock and ending clock are in different clock groups.



Interface Information 
*********************

No IO constraint found



====================================
Detailed Report for Clock: uj11_probe_datapath|clk
====================================



Starting Points with Worst Slack
********************************

                    Starting                                                          Arrival            
Instance            Reference                   Type         Pin     Net              Time        Slack  
                    Clock                                                                                
---------------------------------------------------------------------------------------------------------
stimulus[14]        uj11_probe_datapath|clk     FD1S3IX      Q       stimulus[14]     1.355       983.789
stimulus[18]        uj11_probe_datapath|clk     FD1S3IX      Q       stimulus[18]     1.108       984.036
stimulus[19]        uj11_probe_datapath|clk     FD1S3IX      Q       stimulus[19]     1.108       984.179
stimulus[20]        uj11_probe_datapath|clk     FD1S3IX      Q       stimulus[20]     1.108       984.179
stimulus[21]        uj11_probe_datapath|clk     FD1S3IX      Q       stimulus[21]     1.108       984.322
stimulus[22]        uj11_probe_datapath|clk     FD1S3IX      Q       stimulus[22]     1.108       984.322
dp.rf.words_ram     uj11_probe_datapath|clk     DPR16X4C     DO3     ra[3]            1.108       984.322
stimulus[23]        uj11_probe_datapath|clk     FD1S3IX      Q       stimulus[23]     1.108       984.465
stimulus[24]        uj11_probe_datapath|clk     FD1S3IX      Q       stimulus[24]     1.108       984.465
stimulus[12]        uj11_probe_datapath|clk     FD1S3IX      Q       stimulus[12]     1.324       984.837
=========================================================================================================


Ending Points with Worst Slack
******************************

                        Starting                                                           Required            
Instance                Reference                   Type         Pin     Net               Time         Slack  
                        Clock                                                                                  
---------------------------------------------------------------------------------------------------------------
observe[0]              uj11_probe_datapath|clk     FD1S3IX      D       observe_2[0]      1000.089     983.789
observe[1]              uj11_probe_datapath|clk     FD1S3IX      D       observe_2[1]      999.894      985.090
dp.rf.words_1_ram_2     uj11_probe_datapath|clk     SPR16X4C     DI2     writeback[14]     1000.000     986.283
dp.rf.words_ram_2       uj11_probe_datapath|clk     DPR16X4C     DI2     writeback[14]     1000.000     986.283
dp.rf.words_1_ram_1     uj11_probe_datapath|clk     SPR16X4C     DI2     writeback[10]     1000.000     986.497
dp.rf.words_ram_1       uj11_probe_datapath|clk     DPR16X4C     DI2     writeback[10]     1000.000     986.497
dp.rf.words_1_ram_2     uj11_probe_datapath|clk     SPR16X4C     DI0     writeback[12]     1000.000     986.569
dp.rf.words_ram_2       uj11_probe_datapath|clk     DPR16X4C     DI0     writeback[12]     1000.000     986.569
dp.rf.words_1_ram_1     uj11_probe_datapath|clk     SPR16X4C     DI0     writeback[8]      1000.000     986.680
dp.rf.words_ram_1       uj11_probe_datapath|clk     DPR16X4C     DI0     writeback[8]      1000.000     986.680
===============================================================================================================



Worst Path Information
***********************


Path information for path number 1: 
      Requested Period:                      1000.000
    - Setup time:                            -0.089
    + Clock delay at ending point:           0.000 (ideal)
    = Required time:                         1000.089

    - Propagation time:                      16.300
    - Clock delay at starting point:         0.000 (ideal)
    = Slack (critical) :                     983.789

    Number of logic level(s):                17
    Starting point:                          stimulus[14] / Q
    Ending point:                            observe[0] / D
    The start point is clocked by            uj11_probe_datapath|clk [rising] (rise=0.000 fall=500.000 period=1000.000) on pin CK
    The end   point is clocked by            uj11_probe_datapath|clk [rising] (rise=0.000 fall=500.000 period=1000.000) on pin CK

Instance / Net                                   Pin      Pin               Arrival      No. of    
Name                                Type         Name     Dir     Delay     Time         Fan Out(s)
---------------------------------------------------------------------------------------------------
stimulus[14]                        FD1S3IX      Q        Out     1.355     1.355 r      -         
stimulus[14]                        Net          -        -       -         -            51        
dp.rhs_2[0]                         ORCALUT4     B        In      0.000     1.355 r      -         
dp.rhs_2[0]                         ORCALUT4     Z        Out     1.017     2.372 r      -         
N_88                                Net          -        -       -         -            1         
dp.rhs_4[0]                         ORCALUT4     A        In      0.000     2.372 r      -         
dp.rhs_4[0]                         ORCALUT4     Z        Out     1.017     3.389 r      -         
N_120_0                             Net          -        -       -         -            1         
dp.rhs_5[0]                         PFUMX        ALUT     In      0.000     3.389 r      -         
dp.rhs_5[0]                         PFUMX        Z        Out     0.350     3.739 r      -         
rhs[0]                              Net          -        -       -         -            3         
dp.alu.un1_arithmetic_b_0_b         ORCALUT4     A        In      0.000     3.739 r      -         
dp.alu.un1_arithmetic_b_0_b         ORCALUT4     Z        Out     1.017     4.756 r      -         
un1_arithmetic_b_0_b                Net          -        -       -         -            1         
dp.alu.un1_arithmetic_b_cry_0_0     CCU2D        C1       In      0.000     4.756 r      -         
dp.alu.un1_arithmetic_b_cry_0_0     CCU2D        COUT     Out     1.544     6.300 r      -         
un1_arithmetic_b_cry_0              Net          -        -       -         -            1         
dp.alu.un1_arithmetic_b_cry_1_0     CCU2D        CIN      In      0.000     6.300 r      -         
dp.alu.un1_arithmetic_b_cry_1_0     CCU2D        COUT     Out     0.143     6.443 r      -         
un1_arithmetic_b_cry_2              Net          -        -       -         -            1         
dp.alu.un1_arithmetic_b_cry_3_0     CCU2D        CIN      In      0.000     6.443 r      -         
dp.alu.un1_arithmetic_b_cry_3_0     CCU2D        COUT     Out     0.143     6.586 r      -         
un1_arithmetic_b_cry_4              Net          -        -       -         -            1         
dp.alu.un1_arithmetic_b_cry_5_0     CCU2D        CIN      In      0.000     6.586 r      -         
dp.alu.un1_arithmetic_b_cry_5_0     CCU2D        COUT     Out     0.143     6.729 r      -         
un1_arithmetic_b_cry_6              Net          -        -       -         -            1         
dp.alu.un1_arithmetic_b_cry_7_0     CCU2D        CIN      In      0.000     6.729 r      -         
dp.alu.un1_arithmetic_b_cry_7_0     CCU2D        S1       Out     1.621     8.350 r      -         
un1_arithmetic_b_cry_7_0_S1         Net          -        -       -         -            2         
dp.alu.result_8_0[8]                ORCALUT4     A        In      0.000     8.350 r      -         
dp.alu.result_8_0[8]                ORCALUT4     Z        Out     1.017     9.366 r      -         
N_148                               Net          -        -       -         -            1         
dp.alu.result_12[8]                 ORCALUT4     A        In      0.000     9.366 r      -         
dp.alu.result_12[8]                 ORCALUT4     Z        Out     1.017     10.383 r     -         
N_212                               Net          -        -       -         -            1         
dp.alu.result_13[8]                 ORCALUT4     B        In      0.000     10.383 r     -         
dp.alu.result_13[8]                 ORCALUT4     Z        Out     1.233     11.616 r     -         
result[8]                           Net          -        -       -         -            6         
observe_2_6_RNO[0]                  ORCALUT4     B        In      0.000     11.616 r     -         
observe_2_6_RNO[0]                  ORCALUT4     Z        Out     1.017     12.633 r     -         
observe_2_0[0]                      Net          -        -       -         -            1         
observe_2_6[0]                      ORCALUT4     B        In      0.000     12.633 r     -         
observe_2_6[0]                      ORCALUT4     Z        Out     1.017     13.649 r     -         
observe_2_6[0]                      Net          -        -       -         -            1         
observe_2_18[0]                     ORCALUT4     A        In      0.000     13.649 r     -         
observe_2_18[0]                     ORCALUT4     Z        Out     1.017     14.666 r     -         
observe_2_18[0]                     Net          -        -       -         -            1         
observe_2_21[0]                     ORCALUT4     A        In      0.000     14.666 r     -         
observe_2_21[0]                     ORCALUT4     Z        Out     1.017     15.683 r     -         
observe_2_21[0]                     Net          -        -       -         -            1         
observe_2[0]                        ORCALUT4     C        In      0.000     15.683 r     -         
observe_2[0]                        ORCALUT4     Z        Out     0.617     16.300 r     -         
observe_2[0]                        Net          -        -       -         -            1         
observe[0]                          FD1S3IX      D        In      0.000     16.300 r     -         
===================================================================================================



##### END OF TIMING REPORT #####]

Timing exceptions that could not be applied

Finished final timing analysis (Real Time elapsed 0h:00m:01s; CPU Time elapsed 0h:00m:01s; Memory used current: 545MB peak: 545MB)


Finished timing report (Real Time elapsed 0h:00m:01s; CPU Time elapsed 0h:00m:01s; Memory used current: 545MB peak: 545MB)

---------------------------------------
Resource Usage Report
Part: lcmxo2_1200hc-4

Register bits: 57 of 1280 (4%)
PIC Latch:       0
I/O cells:       4


Details:
CCU2D:          9
DPR16X4C:       4
FD1P3IX:        16
FD1S3IX:        40
GSR:            1
IB:             3
IFS1P3IX:       1
L6MUX21:        5
OB:             1
ORCALUT4:       333
PFUMX:          58
PUR:            1
SPR16X4C:       4
VHI:            4
VLO:            4
Mapper successful!

At Mapper Exit (Real Time elapsed 0h:00m:01s; CPU Time elapsed 0h:00m:01s; Memory used current: 457MB peak: 545MB)

Process took 0h:00m:01s realtime, 0h:00m:01s cputime
# Tue Sep  8 17:57:20 2026

###########################################################]


Synthesis exit by 0.

edif2ngd  -l "MachXO2" -d LCMXO2-1200HC -path "/tmp/uj11-cp2-20260908/build/cp2/impl1" -path "/tmp/uj11-cp2-20260908/build/cp2"   "/tmp/uj11-cp2-20260908/build/cp2/impl1/cp2_impl1.edi" "cp2_impl1.ngo"   
edif2ngd:  version Diamond (64-bit) 3.14.0.75.2

Copyright (c) 1991-1994 by NeoCAD Inc. All rights reserved.
Copyright (c) 1995 AT&T Corp.   All rights reserved.
Copyright (c) 1995-2001 Lucent Technologies Inc.  All rights reserved.
Copyright (c) 2001 Agere Systems   All rights reserved.
Copyright (c) 2002-2024 Lattice Semiconductor Corporation,  All rights reserved.
Writing the design to cp2_impl1.ngo...

Total CPU Time: 0 secs  
Total REAL Time: 0 secs  
Peak Memory Usage: 32 MB


ngdbuild  -a "MachXO2" -d LCMXO2-1200HC  -p "/home/sash/.local/lscc/diamond/3.14/ispfpga/xo2c00/data"  -p "/tmp/uj11-cp2-20260908/build/cp2/impl1" -p "/tmp/uj11-cp2-20260908/build/cp2"  "cp2_impl1.ngo" "cp2_impl1.ngd"  	
ngdbuild:  version Diamond (64-bit) 3.14.0.75.2

Copyright (c) 1991-1994 by NeoCAD Inc. All rights reserved.
Copyright (c) 1995 AT&T Corp.   All rights reserved.
Copyright (c) 1995-2001 Lucent Technologies Inc.  All rights reserved.
Copyright (c) 2001 Agere Systems   All rights reserved.
Copyright (c) 2002-2024 Lattice Semiconductor Corporation,  All rights reserved.
Reading 'cp2_impl1.ngo' ...
Loading NGL library '/home/sash/.local/lscc/diamond/3.14/ispfpga/xo2c00a/data/xo2alib.ngl'...
Loading NGL library '/home/sash/.local/lscc/diamond/3.14/ispfpga/xo2c00/data/xo2clib.ngl'...
Loading NGL library '/home/sash/.local/lscc/diamond/3.14/ispfpga/mg5g00/data/mg5glib.ngl'...
Loading NGL library '/home/sash/.local/lscc/diamond/3.14/ispfpga/or5g00/data/orc5glib.ngl'...


Running DRC...

DRC complete with no errors or warnings

Design Results:
    483 blocks expanded
Complete the first expansion.
Writing 'cp2_impl1.ngd' ...
Total CPU Time: 0 secs 
Total REAL Time: 0 secs 
Peak Memory Usage: 68 MB


map -a "MachXO2" -p LCMXO2-1200HC -t QFN32 -s 4 -oc Commercial   "cp2_impl1.ngd" -o "cp2_impl1_map.ncd" -pr "cp2_impl1.prf" -mp "cp2_impl1.mrp" -lpf "/tmp/uj11-cp2-20260908/build/cp2/impl1/cp2_impl1_synplify.lpf" -lpf "/tmp/uj11-cp2-20260908/synth/machxo2/uj11.lpf"  -c 0 -pe          
map:  version Diamond (64-bit) 3.14.0.75.2

Copyright (c) 1991-1994 by NeoCAD Inc. All rights reserved.
Copyright (c) 1995 AT&T Corp.   All rights reserved.
Copyright (c) 1995-2001 Lucent Technologies Inc.  All rights reserved.
Copyright (c) 2001 Agere Systems   All rights reserved.
Copyright (c) 2002-2024 Lattice Semiconductor Corporation,  All rights reserved.
   Process the file: cp2_impl1.ngd
   Picdevice="LCMXO2-1200HC"

   Pictype="QFN32"

   Picspeed=4

   Remove unused logic

   Do not produce over sized NCDs.

Part used: LCMXO2-1200HCQFN32, Performance used: 4.

Loading device for application map from file 'xo2c1200.nph' in environment: /home/sash/.local/lscc/diamond/3.14/ispfpga.
Package Status:                     Final          Version 1.44.

Running general design DRC...

Removing unused logic...

Optimizing...




Design Summary:
   Number of registers:     57 out of  1346 (4%)
      PFU registers:           56 out of  1280 (4%)
      PIO registers:            1 out of    66 (2%)
   Number of SLICEs:       200 out of   640 (31%)
      SLICEs as Logic/ROM:    176 out of   640 (28%)
      SLICEs as RAM:           24 out of   480 (5%)
      SLICEs as Carry:          9 out of   640 (1%)
   Number of LUT4s:        399 out of  1280 (31%)
      Number used as logic LUTs:        333
      Number used as distributed RAM:    48
      Number used as ripple logic:       18
      Number used as shift registers:     0
   Number of PIO sites used: 4 + 4(JTAG) out of 22 (36%)
   Number of block RAMs:  0 out of 7 (0%)
   Number of GSRs:        0 out of 1 (0%)
   EFB used :        No
   JTAG used :       No
   Readback used :   No
   Oscillator used : No
   Startup used :    No
   POR :             On
   Bandgap :         On
   Number of Power Controller:  0 out of 1 (0%)
   Number of Dynamic Bank Controller (BCINRD):  0 out of 4 (0%)
   Number of Dynamic Bank Controller (BCLVDSO):  0 out of 1 (0%)
   Number of DCCA:  0 out of 8 (0%)
   Number of DCMA:  0 out of 2 (0%)
   Number of PLLs:  0 out of 1 (0%)
   Number of DQSDLLs:  0 out of 2 (0%)
   Number of CLKDIVC:  0 out of 4 (0%)
   Number of ECLKSYNCA:  0 out of 4 (0%)
   Number of ECLKBRIDGECS:  0 out of 2 (0%)
   Notes:-
      1. Total number of LUT4s = (Number of logic LUT4s) + 2*(Number of distributed RAMs) + 2*(Number of ripple logic)
      2. Number of logic LUT4s does not include count of distributed RAM and ripple logic.
   Number of clocks:  1
     Net clk_c: 49 loads, 49 rising, 0 falling (Driver: PIO clk )
   Number of Clock Enables:  1
     Net dp/un1_q21_i: 11 loads, 11 LSLICEs
   Number of LSRs:  1
     Net reset_c: 33 loads, 32 LSLICEs
   Number of nets driven by tri-state buffers:  0
   Top 10 highest fanout non-clock nets:
     Net stimulus[11]: 76 loads
     Net stimulus[8]: 63 loads
     Net stimulus[10]: 57 loads
     Net stimulus[14]: 52 loads
     Net dp/lhs_sn_N_4: 36 loads
     Net stimulus[13]: 36 loads
     Net reset_c: 34 loads
     Net stimulus[12]: 34 loads
     Net stimulus[17]: 32 loads
     Net stimulus[9]: 32 loads
 

   Number of warnings:  0
   Number of errors:    0



Total CPU Time: 0 secs  
Total REAL Time: 0 secs  
Peak Memory Usage: 151 MB

Dumping design to file cp2_impl1_map.ncd.

mpartrce -p "cp2_impl1.p2t" -f "cp2_impl1.p3t" -tf "cp2_impl1.pt" "cp2_impl1_map.ncd" "cp2_impl1.ncd"

---- MParTrce Tool ----
Removing old design directory at request of -rem command line option to this program.
Running par. Please wait . . .

Lattice Place and Route Report for Design "cp2_impl1_map.ncd"
Tue Sep  8 17:57:21 2026

PAR: Place And Route Diamond (64-bit) 3.14.0.75.2.
Command Line: par -w -l 5 -i 6 -t 1 -c 0 -e 0 -exp parUseNBR=1:parCDP=0:parCDR=0:parPathBased=OFF:parASE=1 cp2_impl1_map.ncd cp2_impl1.dir/5_1.ncd cp2_impl1.prf
Preference file: cp2_impl1.prf.
Placement level-cost: 5-1.
Routing Iterations: 6

Loading design for application par from file cp2_impl1_map.ncd.
Design name: uj11_probe_datapath
NCD version: 3.3
Vendor:      LATTICE
Device:      LCMXO2-1200HC
Package:     QFN32
Performance: 4
Loading device for application par from file 'xo2c1200.nph' in environment: /home/sash/.local/lscc/diamond/3.14/ispfpga.
Package Status:                     Final          Version 1.44.
Performance Hardware Data Status:   Final          Version 36.4.
License checked out.


Ignore Preference Error(s):  True
Device utilization summary:

   PIO (prelim)    4+4(JTAG)/108     7% used
                   4+4(JTAG)/22      36% bonded
   IOLOGIC            1/108          <1% used

   SLICE            200/640          31% used



Number of Signals: 461
Number of Connections: 1679

Pin Constraint Summary:
   0 out of 4 pins locked (0% locked).

The following 1 signal is selected to use the primary clock routing resources:
    clk_c (driver: clk, clk load #: 49)


The following 2 signals are selected to use the secondary clock routing resources:
    reset_c (driver: reset, clk load #: 0, sr load #: 33, ce load #: 0)
    dp/un1_q21_i (driver: dp/SLICE_181, clk load #: 0, sr load #: 0, ce load #: 11)

No signal is selected as Global Set/Reset.
.
Starting Placer Phase 0.
..............
Finished Placer Phase 0.  REAL time: 0 secs 

Starting Placer Phase 1.
...................
Placer score = 109934.
Finished Placer Phase 1.  REAL time: 2 secs 

Starting Placer Phase 2.
.
Placer score =  106993
Finished Placer Phase 2.  REAL time: 2 secs 


------------------ Clock Report ------------------

Global Clock Resources:
  CLK_PIN    : 2 out of 8 (25%)
  PLL        : 0 out of 1 (0%)
  DCM        : 0 out of 2 (0%)
  DCC        : 0 out of 8 (0%)

Global Clocks:
  PRIMARY "clk_c" from comp "clk" on CLK_PIN site "13 (PB11A)", clk load = 49
  SECONDARY "reset_c" from comp "reset" on CLK_PIN site "4 (PL9A)", clk load = 0, ce load = 0, sr load = 33
  SECONDARY "dp/un1_q21_i" from F0 on comp "dp/SLICE_181" on site "R7C12B", clk load = 0, ce load = 11, sr load = 0

  PRIMARY  : 1 out of 8 (12%)
  SECONDARY: 2 out of 8 (25%)

Edge Clocks:
  No edge clock selected.

--------------- End of Clock Report ---------------


I/O Usage Summary (final):
   4 + 4(JTAG) out of 108 (7.4%) PIO sites used.
   4 + 4(JTAG) out of 22 (36.4%) bonded PIO sites used.
   Number of PIO comps: 4; differential: 0.
   Number of Vref pins used: 0.

I/O Bank Usage Summary:
+----------+--------------+------------+-----------+
| I/O Bank | Usage        | Bank Vccio | Bank Vref |
+----------+--------------+------------+-----------+
| 0        | 1 / 9 ( 11%) | 3.3V       | -         |
| 1        | 0 / 2 (  0%) | -          | -         |
| 2        | 2 / 9 ( 22%) | 3.3V       | -         |
| 3        | 1 / 2 ( 50%) | 3.3V       | -         |
+----------+--------------+------------+-----------+

Total placer CPU time: 2 secs 

Dumping design to file cp2_impl1.dir/5_1.ncd.

0 connections routed; 1679 unrouted.
Starting router resource preassignment

Completed router resource preassignment. Real time: 3 secs 

Start NBR router at Tue Sep 08 17:57:24 +04 2026

*****************************************************************
Info: NBR allows conflicts(one node used by more than one signal)
      in the earlier iterations. In each iteration, it tries to  
      solve the conflicts while keeping the critical connections 
      routed as short as possible. The routing process is said to
      be completed when no conflicts exist and all connections   
      are routed.                                                
Note: NBR uses a different method to calculate timing slacks. The
      worst slack and total negative slack may not be the same as
      that in TRCE report. You should always run TRCE to verify  
      your design.                                               
*****************************************************************

Start NBR special constraint process at Tue Sep 08 17:57:24 +04 2026

Start NBR section for initial routing at Tue Sep 08 17:57:24 +04 2026
Level 1, iteration 1
11(0.01%) conflicts; 1373(81.77%) untouched conns; 589744 (nbr) score; 
Estimated worst slack/total negative slack<setup>: -3.123ns/-589.744ns; real time: 3 secs 
Level 2, iteration 1
31(0.04%) conflicts; 1044(62.18%) untouched conns; 204579 (nbr) score; 
Estimated worst slack/total negative slack<setup>: -1.943ns/-204.579ns; real time: 3 secs 
Level 3, iteration 1
29(0.03%) conflicts; 539(32.10%) untouched conns; 221911 (nbr) score; 
Estimated worst slack/total negative slack<setup>: -1.989ns/-221.911ns; real time: 3 secs 
Level 4, iteration 1
24(0.03%) conflicts; 0(0.00%) untouched conn; 229458 (nbr) score; 
Estimated worst slack/total negative slack<setup>: -1.996ns/-229.458ns; real time: 3 secs 

Info: Initial congestion level at 75% usage is 0
Info: Initial congestion area  at 75% usage is 0 (0.00%)

Start NBR section for normal routing at Tue Sep 08 17:57:24 +04 2026
Level 1, iteration 1
11(0.01%) conflicts; 19(1.13%) untouched conns; 222915 (nbr) score; 
Estimated worst slack/total negative slack<setup>: -1.933ns/-222.915ns; real time: 3 secs 
Level 2, iteration 1
9(0.01%) conflicts; 20(1.19%) untouched conns; 223157 (nbr) score; 
Estimated worst slack/total negative slack<setup>: -1.933ns/-223.157ns; real time: 3 secs 
Level 3, iteration 1
9(0.01%) conflicts; 19(1.13%) untouched conns; 223157 (nbr) score; 
Estimated worst slack/total negative slack<setup>: -1.933ns/-223.157ns; real time: 3 secs 
Level 4, iteration 1
16(0.02%) conflicts; 0(0.00%) untouched conn; 224691 (nbr) score; 
Estimated worst slack/total negative slack<setup>: -1.933ns/-224.691ns; real time: 3 secs 
Level 4, iteration 2
8(0.01%) conflicts; 0(0.00%) untouched conn; 230387 (nbr) score; 
Estimated worst slack/total negative slack<setup>: -1.933ns/-230.387ns; real time: 3 secs 
Level 4, iteration 3
5(0.01%) conflicts; 0(0.00%) untouched conn; 231799 (nbr) score; 
Estimated worst slack/total negative slack<setup>: -1.933ns/-231.799ns; real time: 3 secs 
Level 4, iteration 4
4(0.00%) conflicts; 0(0.00%) untouched conn; 231799 (nbr) score; 
Estimated worst slack/total negative slack<setup>: -1.933ns/-231.799ns; real time: 3 secs 
Level 4, iteration 5
6(0.01%) conflicts; 0(0.00%) untouched conn; 235325 (nbr) score; 
Estimated worst slack/total negative slack<setup>: -1.933ns/-235.325ns; real time: 3 secs 
Level 4, iteration 6
3(0.00%) conflicts; 0(0.00%) untouched conn; 235325 (nbr) score; 
Estimated worst slack/total negative slack<setup>: -1.933ns/-235.325ns; real time: 3 secs 
Level 4, iteration 7
2(0.00%) conflicts; 0(0.00%) untouched conn; 245154 (nbr) score; 
Estimated worst slack/total negative slack<setup>: -1.933ns/-245.154ns; real time: 3 secs 
Level 4, iteration 8
2(0.00%) conflicts; 0(0.00%) untouched conn; 245154 (nbr) score; 
Estimated worst slack/total negative slack<setup>: -1.933ns/-245.154ns; real time: 3 secs 
Level 4, iteration 9
2(0.00%) conflicts; 0(0.00%) untouched conn; 245154 (nbr) score; 
Estimated worst slack/total negative slack<setup>: -1.933ns/-245.154ns; real time: 3 secs 
Level 4, iteration 10
2(0.00%) conflicts; 0(0.00%) untouched conn; 245154 (nbr) score; 
Estimated worst slack/total negative slack<setup>: -1.933ns/-245.154ns; real time: 3 secs 
Level 4, iteration 11
5(0.01%) conflicts; 0(0.00%) untouched conn; 288195 (nbr) score; 
Estimated worst slack/total negative slack<setup>: -1.965ns/-288.196ns; real time: 3 secs 
Level 4, iteration 12
12(0.01%) conflicts; 0(0.00%) untouched conn; 288195 (nbr) score; 
Estimated worst slack/total negative slack<setup>: -1.965ns/-288.196ns; real time: 3 secs 
Level 4, iteration 13
7(0.01%) conflicts; 0(0.00%) untouched conn; 287607 (nbr) score; 
Estimated worst slack/total negative slack<setup>: -2.274ns/-287.607ns; real time: 3 secs 
Level 4, iteration 14
2(0.00%) conflicts; 0(0.00%) untouched conn; 287607 (nbr) score; 
Estimated worst slack/total negative slack<setup>: -2.274ns/-287.607ns; real time: 3 secs 
Level 4, iteration 15
1(0.00%) conflict; 0(0.00%) untouched conn; 317463 (nbr) score; 
Estimated worst slack/total negative slack<setup>: -2.274ns/-317.463ns; real time: 3 secs 
Level 4, iteration 16
0(0.00%) conflict; 0(0.00%) untouched conn; 317463 (nbr) score; 
Estimated worst slack/total negative slack<setup>: -2.274ns/-317.463ns; real time: 3 secs 

Start NBR section for performance tuning (iteration 1) at Tue Sep 08 17:57:24 +04 2026
Level 4, iteration 1
2(0.00%) conflicts; 0(0.00%) untouched conn; 256067 (nbr) score; 
Estimated worst slack/total negative slack<setup>: -1.933ns/-256.067ns; real time: 3 secs 
Level 4, iteration 2
0(0.00%) conflict; 0(0.00%) untouched conn; 330322 (nbr) score; 
Estimated worst slack/total negative slack<setup>: -2.198ns/-330.323ns; real time: 3 secs 
Level 4, iteration 3
2(0.00%) conflicts; 0(0.00%) untouched conn; 332642 (nbr) score; 
Estimated worst slack/total negative slack<setup>: -2.326ns/-332.642ns; real time: 3 secs 

Start NBR section for re-routing at Tue Sep 08 17:57:24 +04 2026
Level 4, iteration 1
0(0.00%) conflict; 0(0.00%) untouched conn; 320265 (nbr) score; 
Estimated worst slack/total negative slack<setup>: -2.274ns/-320.265ns; real time: 4 secs 

Start NBR section for post-routing at Tue Sep 08 17:57:25 +04 2026

End NBR router with 0 unrouted connection

NBR Summary
-----------
  Number of unrouted connections : 0 (0.00%)
  Number of connections with timing violations : 293 (17.45%)
  Estimated worst slack<setup> : -2.274ns
  Timing score<setup> : 432083
-----------
Notes: The timing info is calculated for SETUP only and all PAR_ADJs are ignored.



Total CPU time 4 secs 
Total REAL time: 4 secs 
Completely routed.
End of route.  1679 routed (100.00%); 0 unrouted.

Hold time timing score: 0, hold timing errors: 0

Timing score: 432083 

Dumping design to file cp2_impl1.dir/5_1.ncd.


PAR_SUMMARY::Run status = Completed
PAR_SUMMARY::Number of unrouted conns = 0
PAR_SUMMARY::Worst  slack<setup/<ns>> = -2.274
PAR_SUMMARY::Timing score<setup/<ns>> = 432.083
PAR_SUMMARY::Worst  slack<hold /<ns>> = 0.219
PAR_SUMMARY::Timing score<hold /<ns>> = 0.000
PAR_SUMMARY::Number of errors = 0

Total CPU  time to completion: 4 secs 
Total REAL time to completion: 4 secs 

par done!

Note: user must run 'Trace' for timing closure signoff.

Copyright (c) 1991-1994 by NeoCAD Inc. All rights reserved.
Copyright (c) 1995 AT&T Corp.   All rights reserved.
Copyright (c) 1995-2001 Lucent Technologies Inc.  All rights reserved.
Copyright (c) 2001 Agere Systems   All rights reserved.
Copyright (c) 2002-2024 Lattice Semiconductor Corporation,  All rights reserved.
Exiting par with exit code 0
Exiting mpartrce with exit code 0

trce -f "cp2_impl1.pt" -o "cp2_impl1.twr" "cp2_impl1.ncd" "cp2_impl1.prf"
trce:  version Diamond (64-bit) 3.14.0.75.2

Copyright (c) 1991-1994 by NeoCAD Inc. All rights reserved.
Copyright (c) 1995 AT&T Corp.   All rights reserved.
Copyright (c) 1995-2001 Lucent Technologies Inc.  All rights reserved.
Copyright (c) 2001 Agere Systems   All rights reserved.
Copyright (c) 2002-2024 Lattice Semiconductor Corporation,  All rights reserved.

Loading design for application trce from file cp2_impl1.ncd.
Design name: uj11_probe_datapath
NCD version: 3.3
Vendor:      LATTICE
Device:      LCMXO2-1200HC
Package:     QFN32
Performance: 4
Loading device for application trce from file 'xo2c1200.nph' in environment: /home/sash/.local/lscc/diamond/3.14/ispfpga.
Package Status:                     Final          Version 1.44.
Performance Hardware Data Status:   Final          Version 36.4.
Setup and Hold Report

--------------------------------------------------------------------------------
Lattice TRACE Report - Setup, Version Diamond (64-bit) 3.14.0.75.2
Tue Sep  8 17:57:27 2026

Copyright (c) 1991-1994 by NeoCAD Inc. All rights reserved.
Copyright (c) 1995 AT&T Corp.   All rights reserved.
Copyright (c) 1995-2001 Lucent Technologies Inc.  All rights reserved.
Copyright (c) 2001 Agere Systems   All rights reserved.
Copyright (c) 2002-2024 Lattice Semiconductor Corporation,  All rights reserved.

Report Information
------------------
Command line:    trce -v 10 -c -u 0 -gt -sethld -sp 4 -sphld m -o cp2_impl1.twr cp2_impl1.ncd cp2_impl1.prf 
Design file:     cp2_impl1.ncd
Preference file: cp2_impl1.prf
Device,speed:    LCMXO2-1200HC,4
Report level:    verbose report, limited to 10 items per preference
--------------------------------------------------------------------------------

BLOCK ASYNCPATHS
BLOCK RESETPATHS
--------------------------------------------------------------------------------



Timing summary (Setup):
---------------

Timing errors: 751  Score: 432083
Cumulative negative slack: 432083

Constraints cover 136324 paths, 1 nets, and 1637 connections (97.50% coverage)

--------------------------------------------------------------------------------
Lattice TRACE Report - Hold, Version Diamond (64-bit) 3.14.0.75.2
Tue Sep  8 17:57:27 2026

Copyright (c) 1991-1994 by NeoCAD Inc. All rights reserved.
Copyright (c) 1995 AT&T Corp.   All rights reserved.
Copyright (c) 1995-2001 Lucent Technologies Inc.  All rights reserved.
Copyright (c) 2001 Agere Systems   All rights reserved.
Copyright (c) 2002-2024 Lattice Semiconductor Corporation,  All rights reserved.

Report Information
------------------
Command line:    trce -v 10 -c -u 0 -gt -sethld -sp 4 -sphld m -o cp2_impl1.twr cp2_impl1.ncd cp2_impl1.prf 
Design file:     cp2_impl1.ncd
Preference file: cp2_impl1.prf
Device,speed:    LCMXO2-1200HC,m
Report level:    verbose report, limited to 10 items per preference
--------------------------------------------------------------------------------

BLOCK ASYNCPATHS
BLOCK RESETPATHS
--------------------------------------------------------------------------------



Timing summary (Hold):
---------------

Timing errors: 0  Score: 0
Cumulative negative slack: 0

Constraints cover 136324 paths, 1 nets, and 1637 connections (97.50% coverage)



Timing summary (Setup and Hold):
---------------

Timing errors: 751 (setup), 0 (hold)
Score: 432083 (setup), 0 (hold)
Cumulative negative slack: 432083 (432083+0)
--------------------------------------------------------------------------------

--------------------------------------------------------------------------------

Total CPU Time: 0 secs 
Total REAL Time: 0 secs 
Peak Memory Usage: 123 MB

Nothing is executed for the "PAR - PARTrace" process
