SD image: /Users/sash/Work/PROJECTS/k1801vm1/uJ11-fpga/build/cp75-fp11/rt11-final/test.dsk (53790 sectors), read-only backing, 256-sector RAM overlay
CP75 progress 20000000 phase0 PC004466 UART0
CP75 progress 40000000 phase0 PC160430 UART24
CP75 progress 60000000 phase0 PC160430 UART66
CP75 progress 80000000 phase1 PC070324 UART96
CP75 progress 100000000 phase1 PC001422 UART175
CP75 progress 120000000 phase1 PC143312 UART241
CP75 progress 140000000 phase1 PC001322 UART471
CP75 progress 160000000 phase2 PC004466 UART541
CP75 progress 180000000 phase2 PC136600 UART541
CP75 progress 200000000 phase2 PC120264 UART603
CP75 progress 220000000 phase2 PC160432 UART627
CP75 progress 240000000 phase3 PC015034 UART853
CP75 progress 260000000 phase3 PC031542 UART1130
CP75 progress 280000000 phase3 PC031566 UART1666
CP75 progress 300000000 phase3 PC031476 UART2038
CP75 progress 320000000 phase3 PC014722 UART2582
CP75 progress 340000000 phase3 PC031542 UART2968
CP75 progress 360000000 phase3 PC031552 UART3362
CP75 progress 380000000 phase3 PC031576 UART3884
CP75 progress 400000000 phase3 PC031562 UART4270
CP75 progress 420000000 phase3 PC014356 UART4719
CP75 progress 440000000 phase3 PC015032 UART5200
CP75 progress 460000000 phase3 PC031550 UART5594
CP75 progress 480000000 phase3 PC031506 UART6116
CP75 progress 500000000 phase3 PC041532 UART6407
CP75 progress 520000000 phase4 PC005276 UART6533
CP75 progress 540000000 phase4 PC004466 UART6533
CP75 progress 560000000 phase4 PC160430 UART6557
CP75 progress 580000000 phase4 PC160432 UART6599
CP75 progress 600000000 phase4 PC070324 UART6629
CP75 progress 620000000 phase5 PC004466 UART6726
CP75 progress 640000000 phase5 PC160226 UART6726
CP75 progress 660000000 phase5 PC120264 UART6788
CP75 progress 680000000 phase5 PC160432 UART6812
PASS CP75 RT11 modules: 80 checks, 689803088 clocks, 6825 UART bytes
- build/cp75-fp11/rt11-final/tb.v:225: Verilog $finish
- S i m u l a t i o n   R e p o r t: Verilator 5.050 2026-07-01
- Verilator: $finish at 7s; walltime 787.090 s; speed 8.764 ms/s
- Verilator: cpu 786.421 s on 1 threads; allocated 2 MB
