
Loading design for application trce from file cp43d_impl1.ncd.
Design name: uj11_hc1200_microcomp
NCD version: 3.3
Vendor:      LATTICE
Device:      LCMXO2-1200HC
Package:     QFN32
Performance: 4
Loading device for application trce from file 'xo2c1200.nph' in environment: /home/sash/.local/lscc/diamond/3.14/ispfpga.
Package Status:                     Final          Version 1.44.
Performance Hardware Data Status:   Final          Version 36.4.
Setup and Hold Report

--------------------------------------------------------------------------------
Lattice TRACE Report - Setup, Version Diamond (64-bit) 3.14.0.75.2
Thu Sep 10 18:34:27 2026

Copyright (c) 1991-1994 by NeoCAD Inc. All rights reserved.
Copyright (c) 1995 AT&T Corp.   All rights reserved.
Copyright (c) 1995-2001 Lucent Technologies Inc.  All rights reserved.
Copyright (c) 2001 Agere Systems   All rights reserved.
Copyright (c) 2002-2024 Lattice Semiconductor Corporation,  All rights reserved.

Report Information
------------------
Command line:    trce -v 10 -c -u 0 -gt -sethld -sp 4 -sphld m -o cp43d_impl1.twr cp43d_impl1.ncd cp43d_impl1.prf 
Design file:     cp43d_impl1.ncd
Preference file: cp43d_impl1.prf
Device,speed:    LCMXO2-1200HC,4
Report level:    verbose report, limited to 10 items per preference
--------------------------------------------------------------------------------

BLOCK ASYNCPATHS
BLOCK RESETPATHS
--------------------------------------------------------------------------------



================================================================================
Preference: FREQUENCY NET "clk" 29.560000 MHz ;
            4096 items scored, 0 timing errors detected.
--------------------------------------------------------------------------------


Passed: The following path meets requirements by 1.431ns

 Logical Details:  Cell type  Pin type       Cell/ASIC name  (clock net +/-)

   Source:         DP8KC      Port           system/cpu/engine/rom/lane_2(ASIC)  (from clk +)
   Destination:    FF         Data in        system/bus/fixed_uart.console/rx_irq_o  (to clk +)

   Delay:              31.943ns  (45.0% logic, 55.0% route), 20 logic levels.

 Constraint Details:

     31.943ns physical path delay system/cpu/engine/rom/lane_2 to system/bus/fixed_uart.console/SLICE_250 meets
     33.829ns delay constraint less
      0.173ns skew and
      0.282ns CE_SET requirement (totaling 33.374ns) by 1.431ns

 Physical Path Details:

      Data path system/cpu/engine/rom/lane_2 to system/bus/fixed_uart.console/SLICE_250:

   Name    Fanout   Delay (ns)          Site               Resource
C2Q_DEL     ---     4.979 EBR_R6C14.CLKA to EBR_R6C14.DOA8 system/cpu/engine/rom/lane_2 (from clk)
ROUTE         4     1.516 EBR_R6C14.DOA8 to      R7C10D.D1 system/cpu/engine/a_select_2[0]
CTOF_DEL    ---     0.495      R7C10D.D1 to      R7C10D.F1 system/cpu/engine/SLICE_411
ROUTE         1     1.004      R7C10D.F1 to      R7C10D.B0 system/cpu/engine/un6_select_register[0]
CTOF_DEL    ---     0.495      R7C10D.B0 to      R7C10D.F0 system/cpu/engine/SLICE_411
ROUTE        16     1.365      R7C10D.F0 to      R7C12A.A1 system/cpu/engine/select_register_5[0]
CTOF_DEL    ---     0.495      R7C12A.A1 to      R7C12A.F1 system/cpu/engine/SLICE_42
ROUTE        17     1.055      R7C12A.F1 to      R9C12B.B1 system/address[13]
CTOF_DEL    ---     0.495      R9C12B.B1 to      R9C12B.F1 system/bus/SLICE_446
ROUTE        16     0.804      R9C12B.F1 to     R10C12B.C0 system/bus/io_page
CTOF_DEL    ---     0.495     R10C12B.C0 to     R10C12B.F0 system/SLICE_239
ROUTE         2     0.753     R10C12B.F0 to     R10C11C.C1 system/bus/service_dma_selected_1
CTOF_DEL    ---     0.495     R10C11C.C1 to     R10C11C.F1 system/bus/SLICE_449
ROUTE        14     0.799     R10C11C.F1 to      R8C11C.C1 system/bus/service_dma_selecteddup
CTOF_DEL    ---     0.495      R8C11C.C1 to      R8C11C.F1 system/bus/SLICE_455
ROUTE         9     1.222      R8C11C.F1 to      R10C9C.C1 system/bus/rk_selecteddup
CTOF_DEL    ---     0.495      R10C9C.C1 to      R10C9C.F1 system/bus/SLICE_380
ROUTE         5     1.016      R10C9C.F1 to     R10C11B.A1 system/bus/rk_fixed_selecteddup
CTOF_DEL    ---     0.495     R10C11B.A1 to     R10C11B.F1 system/bus/SLICE_381
ROUTE         6     0.680     R10C11B.F1 to     R10C10D.D0 system/acknowledgedup
CTOF_DEL    ---     0.495     R10C10D.D0 to     R10C10D.F0 system/SLICE_383
ROUTE         1     0.436     R10C10D.F0 to     R10C10D.C1 system/acknowledge_0dup
CTOF_DEL    ---     0.495     R10C10D.C1 to     R10C10D.F1 system/SLICE_383
ROUTE         1     0.645     R10C10D.F1 to     R10C12A.D1 system/cpu/engine/effective_ackdup
CTOF_DEL    ---     0.495     R10C12A.D1 to     R10C12A.F1 system/SLICE_94
ROUTE         1     0.766     R10C12A.F1 to     R10C13C.C0 system/cpu/engine/un1_completedup
CTOF_DEL    ---     0.495     R10C13C.C0 to     R10C13C.F0 system/cpu/engine/SLICE_365
ROUTE         2     0.965     R10C13C.F0 to     R10C15D.D1 system/cpu/engine/step_1dup
CTOF_DEL    ---     0.495     R10C15D.D1 to     R10C15D.F1 system/cpu/engine/SLICE_533
ROUTE         8     0.982     R10C15D.F1 to      R9C14D.D1 system/cpu/engine/stepdup
CTOF_DEL    ---     0.495      R9C14D.D1 to      R9C14D.F1 system/cpu/engine/SLICE_406
ROUTE         8     0.685      R9C14D.F1 to      R9C12A.D1 system/irq_ackdup
CTOF_DEL    ---     0.495      R9C12A.D1 to      R9C12A.F1 system/SLICE_382
ROUTE         2     0.775      R9C12A.F1 to      R9C10C.C1 system/device_ack
CTOF_DEL    ---     0.495      R9C10C.C1 to      R9C10C.F1 system/bus/SLICE_457
ROUTE         3     0.445      R9C10C.F1 to      R9C10C.C0 system/bus/vic_strobe
CTOF_DEL    ---     0.495      R9C10C.C0 to      R9C10C.F0 system/bus/SLICE_457
ROUTE         2     0.993      R9C10C.F0 to       R9C8B.A1 system/bus/rx_irq_ack
CTOF_DEL    ---     0.495       R9C8B.A1 to       R9C8B.F1 system/bus/fixed_uart.console/SLICE_95
ROUTE         1     0.653       R9C8B.F1 to       R9C8A.CE system/bus/fixed_uart.console/un1_rx_full8_1_i (to clk)
                  --------
                   31.943   (45.0% logic, 55.0% route), 20 logic levels.

 Clock Skew Details: 

      Source Clock Path oscillator to system/cpu/engine/rom/lane_2:

   Name    Fanout   Delay (ns)          Site               Resource
ROUTE       252     3.714        OSC.OSC to EBR_R6C14.CLKA clk
                  --------
                    3.714   (0.0% logic, 100.0% route), 0 logic levels.

      Destination Clock Path oscillator to system/bus/fixed_uart.console/SLICE_250:

   Name    Fanout   Delay (ns)          Site               Resource
ROUTE       252     3.541        OSC.OSC to      R9C8A.CLK clk
                  --------
                    3.541   (0.0% logic, 100.0% route), 0 logic levels.


Passed: The following path meets requirements by 1.495ns

 Logical Details:  Cell type  Pin type       Cell/ASIC name  (clock net +/-)

   Source:         DP8KC      Port           system/cpu/engine/rom/lane_2(ASIC)  (from clk +)
   Destination:    FF         Data in        system/bus/fixed_uart.console/rx_irq_o  (to clk +)

   Delay:              31.879ns  (45.1% logic, 54.9% route), 20 logic levels.

 Constraint Details:

     31.879ns physical path delay system/cpu/engine/rom/lane_2 to system/bus/fixed_uart.console/SLICE_250 meets
     33.829ns delay constraint less
      0.173ns skew and
      0.282ns CE_SET requirement (totaling 33.374ns) by 1.495ns

 Physical Path Details:

      Data path system/cpu/engine/rom/lane_2 to system/bus/fixed_uart.console/SLICE_250:

   Name    Fanout   Delay (ns)          Site               Resource
C2Q_DEL     ---     4.979 EBR_R6C14.CLKA to EBR_R6C14.DOA8 system/cpu/engine/rom/lane_2 (from clk)
ROUTE         4     1.516 EBR_R6C14.DOA8 to      R7C10D.D1 system/cpu/engine/a_select_2[0]
CTOF_DEL    ---     0.495      R7C10D.D1 to      R7C10D.F1 system/cpu/engine/SLICE_411
ROUTE         1     1.004      R7C10D.F1 to      R7C10D.B0 system/cpu/engine/un6_select_register[0]
CTOF_DEL    ---     0.495      R7C10D.B0 to      R7C10D.F0 system/cpu/engine/SLICE_411
ROUTE        16     1.365      R7C10D.F0 to      R7C12B.A1 system/cpu/engine/select_register_5[0]
CTOF_DEL    ---     0.495      R7C12B.A1 to      R7C12B.F1 system/cpu/engine/SLICE_43
ROUTE        10     0.991      R7C12B.F1 to      R9C12B.D1 system/address[15]
CTOF_DEL    ---     0.495      R9C12B.D1 to      R9C12B.F1 system/bus/SLICE_446
ROUTE        16     0.804      R9C12B.F1 to     R10C12B.C0 system/bus/io_page
CTOF_DEL    ---     0.495     R10C12B.C0 to     R10C12B.F0 system/SLICE_239
ROUTE         2     0.753     R10C12B.F0 to     R10C11C.C1 system/bus/service_dma_selected_1
CTOF_DEL    ---     0.495     R10C11C.C1 to     R10C11C.F1 system/bus/SLICE_449
ROUTE        14     0.799     R10C11C.F1 to      R8C11C.C1 system/bus/service_dma_selecteddup
CTOF_DEL    ---     0.495      R8C11C.C1 to      R8C11C.F1 system/bus/SLICE_455
ROUTE         9     1.222      R8C11C.F1 to      R10C9C.C1 system/bus/rk_selecteddup
CTOF_DEL    ---     0.495      R10C9C.C1 to      R10C9C.F1 system/bus/SLICE_380
ROUTE         5     1.016      R10C9C.F1 to     R10C11B.A1 system/bus/rk_fixed_selecteddup
CTOF_DEL    ---     0.495     R10C11B.A1 to     R10C11B.F1 system/bus/SLICE_381
ROUTE         6     0.680     R10C11B.F1 to     R10C10D.D0 system/acknowledgedup
CTOF_DEL    ---     0.495     R10C10D.D0 to     R10C10D.F0 system/SLICE_383
ROUTE         1     0.436     R10C10D.F0 to     R10C10D.C1 system/acknowledge_0dup
CTOF_DEL    ---     0.495     R10C10D.C1 to     R10C10D.F1 system/SLICE_383
ROUTE         1     0.645     R10C10D.F1 to     R10C12A.D1 system/cpu/engine/effective_ackdup
CTOF_DEL    ---     0.495     R10C12A.D1 to     R10C12A.F1 system/SLICE_94
ROUTE         1     0.766     R10C12A.F1 to     R10C13C.C0 system/cpu/engine/un1_completedup
CTOF_DEL    ---     0.495     R10C13C.C0 to     R10C13C.F0 system/cpu/engine/SLICE_365
ROUTE         2     0.965     R10C13C.F0 to     R10C15D.D1 system/cpu/engine/step_1dup
CTOF_DEL    ---     0.495     R10C15D.D1 to     R10C15D.F1 system/cpu/engine/SLICE_533
ROUTE         8     0.982     R10C15D.F1 to      R9C14D.D1 system/cpu/engine/stepdup
CTOF_DEL    ---     0.495      R9C14D.D1 to      R9C14D.F1 system/cpu/engine/SLICE_406
ROUTE         8     0.685      R9C14D.F1 to      R9C12A.D1 system/irq_ackdup
CTOF_DEL    ---     0.495      R9C12A.D1 to      R9C12A.F1 system/SLICE_382
ROUTE         2     0.775      R9C12A.F1 to      R9C10C.C1 system/device_ack
CTOF_DEL    ---     0.495      R9C10C.C1 to      R9C10C.F1 system/bus/SLICE_457
ROUTE         3     0.445      R9C10C.F1 to      R9C10C.C0 system/bus/vic_strobe
CTOF_DEL    ---     0.495      R9C10C.C0 to      R9C10C.F0 system/bus/SLICE_457
ROUTE         2     0.993      R9C10C.F0 to       R9C8B.A1 system/bus/rx_irq_ack
CTOF_DEL    ---     0.495       R9C8B.A1 to       R9C8B.F1 system/bus/fixed_uart.console/SLICE_95
ROUTE         1     0.653       R9C8B.F1 to       R9C8A.CE system/bus/fixed_uart.console/un1_rx_full8_1_i (to clk)
                  --------
                   31.879   (45.1% logic, 54.9% route), 20 logic levels.

 Clock Skew Details: 

      Source Clock Path oscillator to system/cpu/engine/rom/lane_2:

   Name    Fanout   Delay (ns)          Site               Resource
ROUTE       252     3.714        OSC.OSC to EBR_R6C14.CLKA clk
                  --------
                    3.714   (0.0% logic, 100.0% route), 0 logic levels.

      Destination Clock Path oscillator to system/bus/fixed_uart.console/SLICE_250:

   Name    Fanout   Delay (ns)          Site               Resource
ROUTE       252     3.541        OSC.OSC to      R9C8A.CLK clk
                  --------
                    3.541   (0.0% logic, 100.0% route), 0 logic levels.


Passed: The following path meets requirements by 1.571ns

 Logical Details:  Cell type  Pin type       Cell/ASIC name  (clock net +/-)

   Source:         DP8KC      Port           system/cpu/engine/rom/lane_3(ASIC)  (from clk +)
   Destination:    FF         Data in        system/bus/fixed_uart.console/rx_irq_o  (to clk +)

   Delay:              31.803ns  (43.7% logic, 56.3% route), 19 logic levels.

 Constraint Details:

     31.803ns physical path delay system/cpu/engine/rom/lane_3 to system/bus/fixed_uart.console/SLICE_250 meets
     33.829ns delay constraint less
      0.173ns skew and
      0.282ns CE_SET requirement (totaling 33.374ns) by 1.571ns

 Physical Path Details:

      Data path system/cpu/engine/rom/lane_3 to system/bus/fixed_uart.console/SLICE_250:

   Name    Fanout   Delay (ns)          Site               Resource
C2Q_DEL     ---     4.979 EBR_R6C10.CLKA to EBR_R6C10.DOA6 system/cpu/engine/rom/lane_3 (from clk)
ROUTE        48     2.158 EBR_R6C10.DOA6 to      R9C17C.D0 system/cpu/engine/uword[33]
CTOF_DEL    ---     0.495      R9C17C.D0 to      R9C17C.F0 system/cpu/engine/SLICE_638
ROUTE        13     1.507      R9C17C.F0 to      R9C13A.A1 system/cpu/engine/writing_1
CTOF_DEL    ---     0.495      R9C13A.A1 to      R9C13A.F1 system/cpu/engine/SLICE_566
ROUTE         2     0.635      R9C13A.F1 to      R9C13A.D0 system/cpu/engine/writing_0
CTOF_DEL    ---     0.495      R9C13A.D0 to      R9C13A.F0 system/cpu/engine/SLICE_566
ROUTE         3     1.520      R9C13A.F0 to     R10C10C.C1 system/mem_write_fc_2
CTOF_DEL    ---     0.495     R10C10C.C1 to     R10C10C.F1 system/SLICE_364
ROUTE        42     1.032     R10C10C.F1 to     R10C11C.B1 system/runningdup_RNIF11EE1
CTOF_DEL    ---     0.495     R10C11C.B1 to     R10C11C.F1 system/bus/SLICE_449
ROUTE        14     0.799     R10C11C.F1 to      R8C11C.C1 system/bus/service_dma_selecteddup
CTOF_DEL    ---     0.495      R8C11C.C1 to      R8C11C.F1 system/bus/SLICE_455
ROUTE         9     1.222      R8C11C.F1 to      R10C9C.C1 system/bus/rk_selecteddup
CTOF_DEL    ---     0.495      R10C9C.C1 to      R10C9C.F1 system/bus/SLICE_380
ROUTE         5     1.016      R10C9C.F1 to     R10C11B.A1 system/bus/rk_fixed_selecteddup
CTOF_DEL    ---     0.495     R10C11B.A1 to     R10C11B.F1 system/bus/SLICE_381
ROUTE         6     0.680     R10C11B.F1 to     R10C10D.D0 system/acknowledgedup
CTOF_DEL    ---     0.495     R10C10D.D0 to     R10C10D.F0 system/SLICE_383
ROUTE         1     0.436     R10C10D.F0 to     R10C10D.C1 system/acknowledge_0dup
CTOF_DEL    ---     0.495     R10C10D.C1 to     R10C10D.F1 system/SLICE_383
ROUTE         1     0.645     R10C10D.F1 to     R10C12A.D1 system/cpu/engine/effective_ackdup
CTOF_DEL    ---     0.495     R10C12A.D1 to     R10C12A.F1 system/SLICE_94
ROUTE         1     0.766     R10C12A.F1 to     R10C13C.C0 system/cpu/engine/un1_completedup
CTOF_DEL    ---     0.495     R10C13C.C0 to     R10C13C.F0 system/cpu/engine/SLICE_365
ROUTE         2     0.965     R10C13C.F0 to     R10C15D.D1 system/cpu/engine/step_1dup
CTOF_DEL    ---     0.495     R10C15D.D1 to     R10C15D.F1 system/cpu/engine/SLICE_533
ROUTE         8     0.982     R10C15D.F1 to      R9C14D.D1 system/cpu/engine/stepdup
CTOF_DEL    ---     0.495      R9C14D.D1 to      R9C14D.F1 system/cpu/engine/SLICE_406
ROUTE         8     0.685      R9C14D.F1 to      R9C12A.D1 system/irq_ackdup
CTOF_DEL    ---     0.495      R9C12A.D1 to      R9C12A.F1 system/SLICE_382
ROUTE         2     0.775      R9C12A.F1 to      R9C10C.C1 system/device_ack
CTOF_DEL    ---     0.495      R9C10C.C1 to      R9C10C.F1 system/bus/SLICE_457
ROUTE         3     0.445      R9C10C.F1 to      R9C10C.C0 system/bus/vic_strobe
CTOF_DEL    ---     0.495      R9C10C.C0 to      R9C10C.F0 system/bus/SLICE_457
ROUTE         2     0.993      R9C10C.F0 to       R9C8B.A1 system/bus/rx_irq_ack
CTOF_DEL    ---     0.495       R9C8B.A1 to       R9C8B.F1 system/bus/fixed_uart.console/SLICE_95
ROUTE         1     0.653       R9C8B.F1 to       R9C8A.CE system/bus/fixed_uart.console/un1_rx_full8_1_i (to clk)
                  --------
                   31.803   (43.7% logic, 56.3% route), 19 logic levels.

 Clock Skew Details: 

      Source Clock Path oscillator to system/cpu/engine/rom/lane_3:

   Name    Fanout   Delay (ns)          Site               Resource
ROUTE       252     3.714        OSC.OSC to EBR_R6C10.CLKA clk
                  --------
                    3.714   (0.0% logic, 100.0% route), 0 logic levels.

      Destination Clock Path oscillator to system/bus/fixed_uart.console/SLICE_250:

   Name    Fanout   Delay (ns)          Site               Resource
ROUTE       252     3.541        OSC.OSC to      R9C8A.CLK clk
                  --------
                    3.541   (0.0% logic, 100.0% route), 0 logic levels.


Passed: The following path meets requirements by 1.661ns

 Logical Details:  Cell type  Pin type       Cell/ASIC name  (clock net +/-)

   Source:         DP8KC      Port           system/cpu/engine/rom/lane_3(ASIC)  (from clk +)
   Destination:    FF         Data in        system/bus/fixed_uart.console/rx_irq_o  (to clk +)

   Delay:              31.713ns  (43.8% logic, 56.2% route), 19 logic levels.

 Constraint Details:

     31.713ns physical path delay system/cpu/engine/rom/lane_3 to system/bus/fixed_uart.console/SLICE_250 meets
     33.829ns delay constraint less
      0.173ns skew and
      0.282ns CE_SET requirement (totaling 33.374ns) by 1.661ns

 Physical Path Details:

      Data path system/cpu/engine/rom/lane_3 to system/bus/fixed_uart.console/SLICE_250:

   Name    Fanout   Delay (ns)          Site               Resource
C2Q_DEL     ---     4.979 EBR_R6C10.CLKA to EBR_R6C10.DOA7 system/cpu/engine/rom/lane_3 (from clk)
ROUTE        30     2.068 EBR_R6C10.DOA7 to      R9C17C.C0 system/cpu/uword[34]
CTOF_DEL    ---     0.495      R9C17C.C0 to      R9C17C.F0 system/cpu/engine/SLICE_638
ROUTE        13     1.507      R9C17C.F0 to      R9C13A.A1 system/cpu/engine/writing_1
CTOF_DEL    ---     0.495      R9C13A.A1 to      R9C13A.F1 system/cpu/engine/SLICE_566
ROUTE         2     0.635      R9C13A.F1 to      R9C13A.D0 system/cpu/engine/writing_0
CTOF_DEL    ---     0.495      R9C13A.D0 to      R9C13A.F0 system/cpu/engine/SLICE_566
ROUTE         3     1.520      R9C13A.F0 to     R10C10C.C1 system/mem_write_fc_2
CTOF_DEL    ---     0.495     R10C10C.C1 to     R10C10C.F1 system/SLICE_364
ROUTE        42     1.032     R10C10C.F1 to     R10C11C.B1 system/runningdup_RNIF11EE1
CTOF_DEL    ---     0.495     R10C11C.B1 to     R10C11C.F1 system/bus/SLICE_449
ROUTE        14     0.799     R10C11C.F1 to      R8C11C.C1 system/bus/service_dma_selecteddup
CTOF_DEL    ---     0.495      R8C11C.C1 to      R8C11C.F1 system/bus/SLICE_455
ROUTE         9     1.222      R8C11C.F1 to      R10C9C.C1 system/bus/rk_selecteddup
CTOF_DEL    ---     0.495      R10C9C.C1 to      R10C9C.F1 system/bus/SLICE_380
ROUTE         5     1.016      R10C9C.F1 to     R10C11B.A1 system/bus/rk_fixed_selecteddup
CTOF_DEL    ---     0.495     R10C11B.A1 to     R10C11B.F1 system/bus/SLICE_381
ROUTE         6     0.680     R10C11B.F1 to     R10C10D.D0 system/acknowledgedup
CTOF_DEL    ---     0.495     R10C10D.D0 to     R10C10D.F0 system/SLICE_383
ROUTE         1     0.436     R10C10D.F0 to     R10C10D.C1 system/acknowledge_0dup
CTOF_DEL    ---     0.495     R10C10D.C1 to     R10C10D.F1 system/SLICE_383
ROUTE         1     0.645     R10C10D.F1 to     R10C12A.D1 system/cpu/engine/effective_ackdup
CTOF_DEL    ---     0.495     R10C12A.D1 to     R10C12A.F1 system/SLICE_94
ROUTE         1     0.766     R10C12A.F1 to     R10C13C.C0 system/cpu/engine/un1_completedup
CTOF_DEL    ---     0.495     R10C13C.C0 to     R10C13C.F0 system/cpu/engine/SLICE_365
ROUTE         2     0.965     R10C13C.F0 to     R10C15D.D1 system/cpu/engine/step_1dup
CTOF_DEL    ---     0.495     R10C15D.D1 to     R10C15D.F1 system/cpu/engine/SLICE_533
ROUTE         8     0.982     R10C15D.F1 to      R9C14D.D1 system/cpu/engine/stepdup
CTOF_DEL    ---     0.495      R9C14D.D1 to      R9C14D.F1 system/cpu/engine/SLICE_406
ROUTE         8     0.685      R9C14D.F1 to      R9C12A.D1 system/irq_ackdup
CTOF_DEL    ---     0.495      R9C12A.D1 to      R9C12A.F1 system/SLICE_382
ROUTE         2     0.775      R9C12A.F1 to      R9C10C.C1 system/device_ack
CTOF_DEL    ---     0.495      R9C10C.C1 to      R9C10C.F1 system/bus/SLICE_457
ROUTE         3     0.445      R9C10C.F1 to      R9C10C.C0 system/bus/vic_strobe
CTOF_DEL    ---     0.495      R9C10C.C0 to      R9C10C.F0 system/bus/SLICE_457
ROUTE         2     0.993      R9C10C.F0 to       R9C8B.A1 system/bus/rx_irq_ack
CTOF_DEL    ---     0.495       R9C8B.A1 to       R9C8B.F1 system/bus/fixed_uart.console/SLICE_95
ROUTE         1     0.653       R9C8B.F1 to       R9C8A.CE system/bus/fixed_uart.console/un1_rx_full8_1_i (to clk)
                  --------
                   31.713   (43.8% logic, 56.2% route), 19 logic levels.

 Clock Skew Details: 

      Source Clock Path oscillator to system/cpu/engine/rom/lane_3:

   Name    Fanout   Delay (ns)          Site               Resource
ROUTE       252     3.714        OSC.OSC to EBR_R6C10.CLKA clk
                  --------
                    3.714   (0.0% logic, 100.0% route), 0 logic levels.

      Destination Clock Path oscillator to system/bus/fixed_uart.console/SLICE_250:

   Name    Fanout   Delay (ns)          Site               Resource
ROUTE       252     3.541        OSC.OSC to      R9C8A.CLK clk
                  --------
                    3.541   (0.0% logic, 100.0% route), 0 logic levels.


Passed: The following path meets requirements by 1.690ns

 Logical Details:  Cell type  Pin type       Cell/ASIC name  (clock net +/-)

   Source:         DP8KC      Port           system/cpu/engine/rom/lane_2(ASIC)  (from clk +)
   Destination:    FF         Data in        system/bus/fixed_uart.console/rx_irq_o  (to clk +)

   Delay:              31.684ns  (45.4% logic, 54.6% route), 20 logic levels.

 Constraint Details:

     31.684ns physical path delay system/cpu/engine/rom/lane_2 to system/bus/fixed_uart.console/SLICE_250 meets
     33.829ns delay constraint less
      0.173ns skew and
      0.282ns CE_SET requirement (totaling 33.374ns) by 1.690ns

 Physical Path Details:

      Data path system/cpu/engine/rom/lane_2 to system/bus/fixed_uart.console/SLICE_250:

   Name    Fanout   Delay (ns)          Site               Resource
C2Q_DEL     ---     4.979 EBR_R6C14.CLKA to EBR_R6C14.DOA8 system/cpu/engine/rom/lane_2 (from clk)
ROUTE         4     1.516 EBR_R6C14.DOA8 to      R7C10D.D1 system/cpu/engine/a_select_2[0]
CTOF_DEL    ---     0.495      R7C10D.D1 to      R7C10D.F1 system/cpu/engine/SLICE_411
ROUTE         1     1.004      R7C10D.F1 to      R7C10D.B0 system/cpu/engine/un6_select_register[0]
CTOF_DEL    ---     0.495      R7C10D.B0 to      R7C10D.F0 system/cpu/engine/SLICE_411
ROUTE        16     1.365      R7C10D.F0 to      R7C12B.A0 system/cpu/engine/select_register_5[0]
CTOF_DEL    ---     0.495      R7C12B.A0 to      R7C12B.F0 system/cpu/engine/SLICE_43
ROUTE        10     0.796      R7C12B.F0 to      R9C12B.C1 system/address[14]
CTOF_DEL    ---     0.495      R9C12B.C1 to      R9C12B.F1 system/bus/SLICE_446
ROUTE        16     0.804      R9C12B.F1 to     R10C12B.C0 system/bus/io_page
CTOF_DEL    ---     0.495     R10C12B.C0 to     R10C12B.F0 system/SLICE_239
ROUTE         2     0.753     R10C12B.F0 to     R10C11C.C1 system/bus/service_dma_selected_1
CTOF_DEL    ---     0.495     R10C11C.C1 to     R10C11C.F1 system/bus/SLICE_449
ROUTE        14     0.799     R10C11C.F1 to      R8C11C.C1 system/bus/service_dma_selecteddup
CTOF_DEL    ---     0.495      R8C11C.C1 to      R8C11C.F1 system/bus/SLICE_455
ROUTE         9     1.222      R8C11C.F1 to      R10C9C.C1 system/bus/rk_selecteddup
CTOF_DEL    ---     0.495      R10C9C.C1 to      R10C9C.F1 system/bus/SLICE_380
ROUTE         5     1.016      R10C9C.F1 to     R10C11B.A1 system/bus/rk_fixed_selecteddup
CTOF_DEL    ---     0.495     R10C11B.A1 to     R10C11B.F1 system/bus/SLICE_381
ROUTE         6     0.680     R10C11B.F1 to     R10C10D.D0 system/acknowledgedup
CTOF_DEL    ---     0.495     R10C10D.D0 to     R10C10D.F0 system/SLICE_383
ROUTE         1     0.436     R10C10D.F0 to     R10C10D.C1 system/acknowledge_0dup
CTOF_DEL    ---     0.495     R10C10D.C1 to     R10C10D.F1 system/SLICE_383
ROUTE         1     0.645     R10C10D.F1 to     R10C12A.D1 system/cpu/engine/effective_ackdup
CTOF_DEL    ---     0.495     R10C12A.D1 to     R10C12A.F1 system/SLICE_94
ROUTE         1     0.766     R10C12A.F1 to     R10C13C.C0 system/cpu/engine/un1_completedup
CTOF_DEL    ---     0.495     R10C13C.C0 to     R10C13C.F0 system/cpu/engine/SLICE_365
ROUTE         2     0.965     R10C13C.F0 to     R10C15D.D1 system/cpu/engine/step_1dup
CTOF_DEL    ---     0.495     R10C15D.D1 to     R10C15D.F1 system/cpu/engine/SLICE_533
ROUTE         8     0.982     R10C15D.F1 to      R9C14D.D1 system/cpu/engine/stepdup
CTOF_DEL    ---     0.495      R9C14D.D1 to      R9C14D.F1 system/cpu/engine/SLICE_406
ROUTE         8     0.685      R9C14D.F1 to      R9C12A.D1 system/irq_ackdup
CTOF_DEL    ---     0.495      R9C12A.D1 to      R9C12A.F1 system/SLICE_382
ROUTE         2     0.775      R9C12A.F1 to      R9C10C.C1 system/device_ack
CTOF_DEL    ---     0.495      R9C10C.C1 to      R9C10C.F1 system/bus/SLICE_457
ROUTE         3     0.445      R9C10C.F1 to      R9C10C.C0 system/bus/vic_strobe
CTOF_DEL    ---     0.495      R9C10C.C0 to      R9C10C.F0 system/bus/SLICE_457
ROUTE         2     0.993      R9C10C.F0 to       R9C8B.A1 system/bus/rx_irq_ack
CTOF_DEL    ---     0.495       R9C8B.A1 to       R9C8B.F1 system/bus/fixed_uart.console/SLICE_95
ROUTE         1     0.653       R9C8B.F1 to       R9C8A.CE system/bus/fixed_uart.console/un1_rx_full8_1_i (to clk)
                  --------
                   31.684   (45.4% logic, 54.6% route), 20 logic levels.

 Clock Skew Details: 

      Source Clock Path oscillator to system/cpu/engine/rom/lane_2:

   Name    Fanout   Delay (ns)          Site               Resource
ROUTE       252     3.714        OSC.OSC to EBR_R6C14.CLKA clk
                  --------
                    3.714   (0.0% logic, 100.0% route), 0 logic levels.

      Destination Clock Path oscillator to system/bus/fixed_uart.console/SLICE_250:

   Name    Fanout   Delay (ns)          Site               Resource
ROUTE       252     3.541        OSC.OSC to      R9C8A.CLK clk
                  --------
                    3.541   (0.0% logic, 100.0% route), 0 logic levels.


Passed: The following path meets requirements by 1.702ns

 Logical Details:  Cell type  Pin type       Cell/ASIC name  (clock net +/-)

   Source:         DP8KC      Port           system/cpu/engine/rom/lane_2(ASIC)  (from clk +)
   Destination:    FF         Data in        system/bus/fixed_uart.console/rx_irq_o  (to clk +)

   Delay:              31.672ns  (45.4% logic, 54.6% route), 20 logic levels.

 Constraint Details:

     31.672ns physical path delay system/cpu/engine/rom/lane_2 to system/bus/fixed_uart.console/SLICE_250 meets
     33.829ns delay constraint less
      0.173ns skew and
      0.282ns CE_SET requirement (totaling 33.374ns) by 1.702ns

 Physical Path Details:

      Data path system/cpu/engine/rom/lane_2 to system/bus/fixed_uart.console/SLICE_250:

   Name    Fanout   Delay (ns)          Site               Resource
C2Q_DEL     ---     4.979 EBR_R6C14.CLKA to EBR_R6C14.DOA8 system/cpu/engine/rom/lane_2 (from clk)
ROUTE         4     1.782 EBR_R6C14.DOA8 to      R8C12B.D1 system/cpu/engine/a_select_2[0]
CTOF_DEL    ---     0.495      R8C12B.D1 to      R8C12B.F1 system/cpu/engine/SLICE_670
ROUTE         1     0.744      R8C12B.F1 to      R7C12D.C1 system/cpu/engine/un6_select_register[1]
CTOF_DEL    ---     0.495      R7C12D.C1 to      R7C12D.F1 system/cpu/engine/SLICE_524
ROUTE        18     1.088      R7C12D.F1 to      R7C12A.B1 system/cpu/engine/select_register_5[1]
CTOF_DEL    ---     0.495      R7C12A.B1 to      R7C12A.F1 system/cpu/engine/SLICE_42
ROUTE        17     1.055      R7C12A.F1 to      R9C12B.B1 system/address[13]
CTOF_DEL    ---     0.495      R9C12B.B1 to      R9C12B.F1 system/bus/SLICE_446
ROUTE        16     0.804      R9C12B.F1 to     R10C12B.C0 system/bus/io_page
CTOF_DEL    ---     0.495     R10C12B.C0 to     R10C12B.F0 system/SLICE_239
ROUTE         2     0.753     R10C12B.F0 to     R10C11C.C1 system/bus/service_dma_selected_1
CTOF_DEL    ---     0.495     R10C11C.C1 to     R10C11C.F1 system/bus/SLICE_449
ROUTE        14     0.799     R10C11C.F1 to      R8C11C.C1 system/bus/service_dma_selecteddup
CTOF_DEL    ---     0.495      R8C11C.C1 to      R8C11C.F1 system/bus/SLICE_455
ROUTE         9     1.222      R8C11C.F1 to      R10C9C.C1 system/bus/rk_selecteddup
CTOF_DEL    ---     0.495      R10C9C.C1 to      R10C9C.F1 system/bus/SLICE_380
ROUTE         5     1.016      R10C9C.F1 to     R10C11B.A1 system/bus/rk_fixed_selecteddup
CTOF_DEL    ---     0.495     R10C11B.A1 to     R10C11B.F1 system/bus/SLICE_381
ROUTE         6     0.680     R10C11B.F1 to     R10C10D.D0 system/acknowledgedup
CTOF_DEL    ---     0.495     R10C10D.D0 to     R10C10D.F0 system/SLICE_383
ROUTE         1     0.436     R10C10D.F0 to     R10C10D.C1 system/acknowledge_0dup
CTOF_DEL    ---     0.495     R10C10D.C1 to     R10C10D.F1 system/SLICE_383
ROUTE         1     0.645     R10C10D.F1 to     R10C12A.D1 system/cpu/engine/effective_ackdup
CTOF_DEL    ---     0.495     R10C12A.D1 to     R10C12A.F1 system/SLICE_94
ROUTE         1     0.766     R10C12A.F1 to     R10C13C.C0 system/cpu/engine/un1_completedup
CTOF_DEL    ---     0.495     R10C13C.C0 to     R10C13C.F0 system/cpu/engine/SLICE_365
ROUTE         2     0.965     R10C13C.F0 to     R10C15D.D1 system/cpu/engine/step_1dup
CTOF_DEL    ---     0.495     R10C15D.D1 to     R10C15D.F1 system/cpu/engine/SLICE_533
ROUTE         8     0.982     R10C15D.F1 to      R9C14D.D1 system/cpu/engine/stepdup
CTOF_DEL    ---     0.495      R9C14D.D1 to      R9C14D.F1 system/cpu/engine/SLICE_406
ROUTE         8     0.685      R9C14D.F1 to      R9C12A.D1 system/irq_ackdup
CTOF_DEL    ---     0.495      R9C12A.D1 to      R9C12A.F1 system/SLICE_382
ROUTE         2     0.775      R9C12A.F1 to      R9C10C.C1 system/device_ack
CTOF_DEL    ---     0.495      R9C10C.C1 to      R9C10C.F1 system/bus/SLICE_457
ROUTE         3     0.445      R9C10C.F1 to      R9C10C.C0 system/bus/vic_strobe
CTOF_DEL    ---     0.495      R9C10C.C0 to      R9C10C.F0 system/bus/SLICE_457
ROUTE         2     0.993      R9C10C.F0 to       R9C8B.A1 system/bus/rx_irq_ack
CTOF_DEL    ---     0.495       R9C8B.A1 to       R9C8B.F1 system/bus/fixed_uart.console/SLICE_95
ROUTE         1     0.653       R9C8B.F1 to       R9C8A.CE system/bus/fixed_uart.console/un1_rx_full8_1_i (to clk)
                  --------
                   31.672   (45.4% logic, 54.6% route), 20 logic levels.

 Clock Skew Details: 

      Source Clock Path oscillator to system/cpu/engine/rom/lane_2:

   Name    Fanout   Delay (ns)          Site               Resource
ROUTE       252     3.714        OSC.OSC to EBR_R6C14.CLKA clk
                  --------
                    3.714   (0.0% logic, 100.0% route), 0 logic levels.

      Destination Clock Path oscillator to system/bus/fixed_uart.console/SLICE_250:

   Name    Fanout   Delay (ns)          Site               Resource
ROUTE       252     3.541        OSC.OSC to      R9C8A.CLK clk
                  --------
                    3.541   (0.0% logic, 100.0% route), 0 logic levels.


Passed: The following path meets requirements by 1.766ns

 Logical Details:  Cell type  Pin type       Cell/ASIC name  (clock net +/-)

   Source:         DP8KC      Port           system/cpu/engine/rom/lane_2(ASIC)  (from clk +)
   Destination:    FF         Data in        system/bus/fixed_uart.console/rx_irq_o  (to clk +)

   Delay:              31.608ns  (45.5% logic, 54.5% route), 20 logic levels.

 Constraint Details:

     31.608ns physical path delay system/cpu/engine/rom/lane_2 to system/bus/fixed_uart.console/SLICE_250 meets
     33.829ns delay constraint less
      0.173ns skew and
      0.282ns CE_SET requirement (totaling 33.374ns) by 1.766ns

 Physical Path Details:

      Data path system/cpu/engine/rom/lane_2 to system/bus/fixed_uart.console/SLICE_250:

   Name    Fanout   Delay (ns)          Site               Resource
C2Q_DEL     ---     4.979 EBR_R6C14.CLKA to EBR_R6C14.DOA8 system/cpu/engine/rom/lane_2 (from clk)
ROUTE         4     1.782 EBR_R6C14.DOA8 to      R8C12B.D1 system/cpu/engine/a_select_2[0]
CTOF_DEL    ---     0.495      R8C12B.D1 to      R8C12B.F1 system/cpu/engine/SLICE_670
ROUTE         1     0.744      R8C12B.F1 to      R7C12D.C1 system/cpu/engine/un6_select_register[1]
CTOF_DEL    ---     0.495      R7C12D.C1 to      R7C12D.F1 system/cpu/engine/SLICE_524
ROUTE        18     1.088      R7C12D.F1 to      R7C12B.B1 system/cpu/engine/select_register_5[1]
CTOF_DEL    ---     0.495      R7C12B.B1 to      R7C12B.F1 system/cpu/engine/SLICE_43
ROUTE        10     0.991      R7C12B.F1 to      R9C12B.D1 system/address[15]
CTOF_DEL    ---     0.495      R9C12B.D1 to      R9C12B.F1 system/bus/SLICE_446
ROUTE        16     0.804      R9C12B.F1 to     R10C12B.C0 system/bus/io_page
CTOF_DEL    ---     0.495     R10C12B.C0 to     R10C12B.F0 system/SLICE_239
ROUTE         2     0.753     R10C12B.F0 to     R10C11C.C1 system/bus/service_dma_selected_1
CTOF_DEL    ---     0.495     R10C11C.C1 to     R10C11C.F1 system/bus/SLICE_449
ROUTE        14     0.799     R10C11C.F1 to      R8C11C.C1 system/bus/service_dma_selecteddup
CTOF_DEL    ---     0.495      R8C11C.C1 to      R8C11C.F1 system/bus/SLICE_455
ROUTE         9     1.222      R8C11C.F1 to      R10C9C.C1 system/bus/rk_selecteddup
CTOF_DEL    ---     0.495      R10C9C.C1 to      R10C9C.F1 system/bus/SLICE_380
ROUTE         5     1.016      R10C9C.F1 to     R10C11B.A1 system/bus/rk_fixed_selecteddup
CTOF_DEL    ---     0.495     R10C11B.A1 to     R10C11B.F1 system/bus/SLICE_381
ROUTE         6     0.680     R10C11B.F1 to     R10C10D.D0 system/acknowledgedup
CTOF_DEL    ---     0.495     R10C10D.D0 to     R10C10D.F0 system/SLICE_383
ROUTE         1     0.436     R10C10D.F0 to     R10C10D.C1 system/acknowledge_0dup
CTOF_DEL    ---     0.495     R10C10D.C1 to     R10C10D.F1 system/SLICE_383
ROUTE         1     0.645     R10C10D.F1 to     R10C12A.D1 system/cpu/engine/effective_ackdup
CTOF_DEL    ---     0.495     R10C12A.D1 to     R10C12A.F1 system/SLICE_94
ROUTE         1     0.766     R10C12A.F1 to     R10C13C.C0 system/cpu/engine/un1_completedup
CTOF_DEL    ---     0.495     R10C13C.C0 to     R10C13C.F0 system/cpu/engine/SLICE_365
ROUTE         2     0.965     R10C13C.F0 to     R10C15D.D1 system/cpu/engine/step_1dup
CTOF_DEL    ---     0.495     R10C15D.D1 to     R10C15D.F1 system/cpu/engine/SLICE_533
ROUTE         8     0.982     R10C15D.F1 to      R9C14D.D1 system/cpu/engine/stepdup
CTOF_DEL    ---     0.495      R9C14D.D1 to      R9C14D.F1 system/cpu/engine/SLICE_406
ROUTE         8     0.685      R9C14D.F1 to      R9C12A.D1 system/irq_ackdup
CTOF_DEL    ---     0.495      R9C12A.D1 to      R9C12A.F1 system/SLICE_382
ROUTE         2     0.775      R9C12A.F1 to      R9C10C.C1 system/device_ack
CTOF_DEL    ---     0.495      R9C10C.C1 to      R9C10C.F1 system/bus/SLICE_457
ROUTE         3     0.445      R9C10C.F1 to      R9C10C.C0 system/bus/vic_strobe
CTOF_DEL    ---     0.495      R9C10C.C0 to      R9C10C.F0 system/bus/SLICE_457
ROUTE         2     0.993      R9C10C.F0 to       R9C8B.A1 system/bus/rx_irq_ack
CTOF_DEL    ---     0.495       R9C8B.A1 to       R9C8B.F1 system/bus/fixed_uart.console/SLICE_95
ROUTE         1     0.653       R9C8B.F1 to       R9C8A.CE system/bus/fixed_uart.console/un1_rx_full8_1_i (to clk)
                  --------
                   31.608   (45.5% logic, 54.5% route), 20 logic levels.

 Clock Skew Details: 

      Source Clock Path oscillator to system/cpu/engine/rom/lane_2:

   Name    Fanout   Delay (ns)          Site               Resource
ROUTE       252     3.714        OSC.OSC to EBR_R6C14.CLKA clk
                  --------
                    3.714   (0.0% logic, 100.0% route), 0 logic levels.

      Destination Clock Path oscillator to system/bus/fixed_uart.console/SLICE_250:

   Name    Fanout   Delay (ns)          Site               Resource
ROUTE       252     3.541        OSC.OSC to      R9C8A.CLK clk
                  --------
                    3.541   (0.0% logic, 100.0% route), 0 logic levels.


Passed: The following path meets requirements by 1.774ns

 Logical Details:  Cell type  Pin type       Cell/ASIC name  (clock net +/-)

   Source:         DP8KC      Port           system/cpu/engine/rom/lane_2(ASIC)  (from clk +)
   Destination:    FF         Data in        system/bus/fixed_uart.console/tx_irq_o  (to clk +)

   Delay:              31.600ns  (44.0% logic, 56.0% route), 19 logic levels.

 Constraint Details:

     31.600ns physical path delay system/cpu/engine/rom/lane_2 to system/bus/fixed_uart.console/SLICE_253 meets
     33.829ns delay constraint less
      0.173ns skew and
      0.282ns CE_SET requirement (totaling 33.374ns) by 1.774ns

 Physical Path Details:

      Data path system/cpu/engine/rom/lane_2 to system/bus/fixed_uart.console/SLICE_253:

   Name    Fanout   Delay (ns)          Site               Resource
C2Q_DEL     ---     4.979 EBR_R6C14.CLKA to EBR_R6C14.DOA8 system/cpu/engine/rom/lane_2 (from clk)
ROUTE         4     1.516 EBR_R6C14.DOA8 to      R7C10D.D1 system/cpu/engine/a_select_2[0]
CTOF_DEL    ---     0.495      R7C10D.D1 to      R7C10D.F1 system/cpu/engine/SLICE_411
ROUTE         1     1.004      R7C10D.F1 to      R7C10D.B0 system/cpu/engine/un6_select_register[0]
CTOF_DEL    ---     0.495      R7C10D.B0 to      R7C10D.F0 system/cpu/engine/SLICE_411
ROUTE        16     1.365      R7C10D.F0 to      R7C12A.A1 system/cpu/engine/select_register_5[0]
CTOF_DEL    ---     0.495      R7C12A.A1 to      R7C12A.F1 system/cpu/engine/SLICE_42
ROUTE        17     1.055      R7C12A.F1 to      R9C12B.B1 system/address[13]
CTOF_DEL    ---     0.495      R9C12B.B1 to      R9C12B.F1 system/bus/SLICE_446
ROUTE        16     0.804      R9C12B.F1 to     R10C12B.C0 system/bus/io_page
CTOF_DEL    ---     0.495     R10C12B.C0 to     R10C12B.F0 system/SLICE_239
ROUTE         2     0.753     R10C12B.F0 to     R10C11C.C1 system/bus/service_dma_selected_1
CTOF_DEL    ---     0.495     R10C11C.C1 to     R10C11C.F1 system/bus/SLICE_449
ROUTE        14     0.799     R10C11C.F1 to      R8C11C.C1 system/bus/service_dma_selecteddup
CTOF_DEL    ---     0.495      R8C11C.C1 to      R8C11C.F1 system/bus/SLICE_455
ROUTE         9     1.222      R8C11C.F1 to      R10C9C.C1 system/bus/rk_selecteddup
CTOF_DEL    ---     0.495      R10C9C.C1 to      R10C9C.F1 system/bus/SLICE_380
ROUTE         5     1.016      R10C9C.F1 to     R10C11B.A1 system/bus/rk_fixed_selecteddup
CTOF_DEL    ---     0.495     R10C11B.A1 to     R10C11B.F1 system/bus/SLICE_381
ROUTE         6     0.680     R10C11B.F1 to     R10C10D.D0 system/acknowledgedup
CTOF_DEL    ---     0.495     R10C10D.D0 to     R10C10D.F0 system/SLICE_383
ROUTE         1     0.436     R10C10D.F0 to     R10C10D.C1 system/acknowledge_0dup
CTOF_DEL    ---     0.495     R10C10D.C1 to     R10C10D.F1 system/SLICE_383
ROUTE         1     0.645     R10C10D.F1 to     R10C12A.D1 system/cpu/engine/effective_ackdup
CTOF_DEL    ---     0.495     R10C12A.D1 to     R10C12A.F1 system/SLICE_94
ROUTE         1     0.766     R10C12A.F1 to     R10C13C.C0 system/cpu/engine/un1_completedup
CTOF_DEL    ---     0.495     R10C13C.C0 to     R10C13C.F0 system/cpu/engine/SLICE_365
ROUTE         2     0.965     R10C13C.F0 to     R10C15D.D1 system/cpu/engine/step_1dup
CTOF_DEL    ---     0.495     R10C15D.D1 to     R10C15D.F1 system/cpu/engine/SLICE_533
ROUTE         8     0.982     R10C15D.F1 to      R9C14D.D1 system/cpu/engine/stepdup
CTOF_DEL    ---     0.495      R9C14D.D1 to      R9C14D.F1 system/cpu/engine/SLICE_406
ROUTE         8     0.685      R9C14D.F1 to      R9C12A.D1 system/irq_ackdup
CTOF_DEL    ---     0.495      R9C12A.D1 to      R9C12A.F1 system/SLICE_382
ROUTE         2     0.775      R9C12A.F1 to      R9C10C.C1 system/device_ack
CTOF_DEL    ---     0.495      R9C10C.C1 to      R9C10C.F1 system/bus/SLICE_457
ROUTE         3     1.174      R9C10C.F1 to       R9C5C.D1 system/bus/vic_strobe
CTOF_DEL    ---     0.495       R9C5C.D1 to       R9C5C.F1 system/bus/fixed_uart.console/SLICE_111
ROUTE         1     1.069       R9C5C.F1 to       R9C4D.CE system/bus/fixed_uart.console/un1_tx_ack_i_1_i (to clk)
                  --------
                   31.600   (44.0% logic, 56.0% route), 19 logic levels.

 Clock Skew Details: 

      Source Clock Path oscillator to system/cpu/engine/rom/lane_2:

   Name    Fanout   Delay (ns)          Site               Resource
ROUTE       252     3.714        OSC.OSC to EBR_R6C14.CLKA clk
                  --------
                    3.714   (0.0% logic, 100.0% route), 0 logic levels.

      Destination Clock Path oscillator to system/bus/fixed_uart.console/SLICE_253:

   Name    Fanout   Delay (ns)          Site               Resource
ROUTE       252     3.541        OSC.OSC to      R9C4D.CLK clk
                  --------
                    3.541   (0.0% logic, 100.0% route), 0 logic levels.


Passed: The following path meets requirements by 1.838ns

 Logical Details:  Cell type  Pin type       Cell/ASIC name  (clock net +/-)

   Source:         DP8KC      Port           system/cpu/engine/rom/lane_2(ASIC)  (from clk +)
   Destination:    FF         Data in        system/bus/fixed_uart.console/tx_irq_o  (to clk +)

   Delay:              31.536ns  (44.0% logic, 56.0% route), 19 logic levels.

 Constraint Details:

     31.536ns physical path delay system/cpu/engine/rom/lane_2 to system/bus/fixed_uart.console/SLICE_253 meets
     33.829ns delay constraint less
      0.173ns skew and
      0.282ns CE_SET requirement (totaling 33.374ns) by 1.838ns

 Physical Path Details:

      Data path system/cpu/engine/rom/lane_2 to system/bus/fixed_uart.console/SLICE_253:

   Name    Fanout   Delay (ns)          Site               Resource
C2Q_DEL     ---     4.979 EBR_R6C14.CLKA to EBR_R6C14.DOA8 system/cpu/engine/rom/lane_2 (from clk)
ROUTE         4     1.516 EBR_R6C14.DOA8 to      R7C10D.D1 system/cpu/engine/a_select_2[0]
CTOF_DEL    ---     0.495      R7C10D.D1 to      R7C10D.F1 system/cpu/engine/SLICE_411
ROUTE         1     1.004      R7C10D.F1 to      R7C10D.B0 system/cpu/engine/un6_select_register[0]
CTOF_DEL    ---     0.495      R7C10D.B0 to      R7C10D.F0 system/cpu/engine/SLICE_411
ROUTE        16     1.365      R7C10D.F0 to      R7C12B.A1 system/cpu/engine/select_register_5[0]
CTOF_DEL    ---     0.495      R7C12B.A1 to      R7C12B.F1 system/cpu/engine/SLICE_43
ROUTE        10     0.991      R7C12B.F1 to      R9C12B.D1 system/address[15]
CTOF_DEL    ---     0.495      R9C12B.D1 to      R9C12B.F1 system/bus/SLICE_446
ROUTE        16     0.804      R9C12B.F1 to     R10C12B.C0 system/bus/io_page
CTOF_DEL    ---     0.495     R10C12B.C0 to     R10C12B.F0 system/SLICE_239
ROUTE         2     0.753     R10C12B.F0 to     R10C11C.C1 system/bus/service_dma_selected_1
CTOF_DEL    ---     0.495     R10C11C.C1 to     R10C11C.F1 system/bus/SLICE_449
ROUTE        14     0.799     R10C11C.F1 to      R8C11C.C1 system/bus/service_dma_selecteddup
CTOF_DEL    ---     0.495      R8C11C.C1 to      R8C11C.F1 system/bus/SLICE_455
ROUTE         9     1.222      R8C11C.F1 to      R10C9C.C1 system/bus/rk_selecteddup
CTOF_DEL    ---     0.495      R10C9C.C1 to      R10C9C.F1 system/bus/SLICE_380
ROUTE         5     1.016      R10C9C.F1 to     R10C11B.A1 system/bus/rk_fixed_selecteddup
CTOF_DEL    ---     0.495     R10C11B.A1 to     R10C11B.F1 system/bus/SLICE_381
ROUTE         6     0.680     R10C11B.F1 to     R10C10D.D0 system/acknowledgedup
CTOF_DEL    ---     0.495     R10C10D.D0 to     R10C10D.F0 system/SLICE_383
ROUTE         1     0.436     R10C10D.F0 to     R10C10D.C1 system/acknowledge_0dup
CTOF_DEL    ---     0.495     R10C10D.C1 to     R10C10D.F1 system/SLICE_383
ROUTE         1     0.645     R10C10D.F1 to     R10C12A.D1 system/cpu/engine/effective_ackdup
CTOF_DEL    ---     0.495     R10C12A.D1 to     R10C12A.F1 system/SLICE_94
ROUTE         1     0.766     R10C12A.F1 to     R10C13C.C0 system/cpu/engine/un1_completedup
CTOF_DEL    ---     0.495     R10C13C.C0 to     R10C13C.F0 system/cpu/engine/SLICE_365
ROUTE         2     0.965     R10C13C.F0 to     R10C15D.D1 system/cpu/engine/step_1dup
CTOF_DEL    ---     0.495     R10C15D.D1 to     R10C15D.F1 system/cpu/engine/SLICE_533
ROUTE         8     0.982     R10C15D.F1 to      R9C14D.D1 system/cpu/engine/stepdup
CTOF_DEL    ---     0.495      R9C14D.D1 to      R9C14D.F1 system/cpu/engine/SLICE_406
ROUTE         8     0.685      R9C14D.F1 to      R9C12A.D1 system/irq_ackdup
CTOF_DEL    ---     0.495      R9C12A.D1 to      R9C12A.F1 system/SLICE_382
ROUTE         2     0.775      R9C12A.F1 to      R9C10C.C1 system/device_ack
CTOF_DEL    ---     0.495      R9C10C.C1 to      R9C10C.F1 system/bus/SLICE_457
ROUTE         3     1.174      R9C10C.F1 to       R9C5C.D1 system/bus/vic_strobe
CTOF_DEL    ---     0.495       R9C5C.D1 to       R9C5C.F1 system/bus/fixed_uart.console/SLICE_111
ROUTE         1     1.069       R9C5C.F1 to       R9C4D.CE system/bus/fixed_uart.console/un1_tx_ack_i_1_i (to clk)
                  --------
                   31.536   (44.0% logic, 56.0% route), 19 logic levels.

 Clock Skew Details: 

      Source Clock Path oscillator to system/cpu/engine/rom/lane_2:

   Name    Fanout   Delay (ns)          Site               Resource
ROUTE       252     3.714        OSC.OSC to EBR_R6C14.CLKA clk
                  --------
                    3.714   (0.0% logic, 100.0% route), 0 logic levels.

      Destination Clock Path oscillator to system/bus/fixed_uart.console/SLICE_253:

   Name    Fanout   Delay (ns)          Site               Resource
ROUTE       252     3.541        OSC.OSC to      R9C4D.CLK clk
                  --------
                    3.541   (0.0% logic, 100.0% route), 0 logic levels.


Passed: The following path meets requirements by 1.914ns

 Logical Details:  Cell type  Pin type       Cell/ASIC name  (clock net +/-)

   Source:         DP8KC      Port           system/cpu/engine/rom/lane_3(ASIC)  (from clk +)
   Destination:    FF         Data in        system/bus/fixed_uart.console/tx_irq_o  (to clk +)

   Delay:              31.460ns  (42.6% logic, 57.4% route), 18 logic levels.

 Constraint Details:

     31.460ns physical path delay system/cpu/engine/rom/lane_3 to system/bus/fixed_uart.console/SLICE_253 meets
     33.829ns delay constraint less
      0.173ns skew and
      0.282ns CE_SET requirement (totaling 33.374ns) by 1.914ns

 Physical Path Details:

      Data path system/cpu/engine/rom/lane_3 to system/bus/fixed_uart.console/SLICE_253:

   Name    Fanout   Delay (ns)          Site               Resource
C2Q_DEL     ---     4.979 EBR_R6C10.CLKA to EBR_R6C10.DOA6 system/cpu/engine/rom/lane_3 (from clk)
ROUTE        48     2.158 EBR_R6C10.DOA6 to      R9C17C.D0 system/cpu/engine/uword[33]
CTOF_DEL    ---     0.495      R9C17C.D0 to      R9C17C.F0 system/cpu/engine/SLICE_638
ROUTE        13     1.507      R9C17C.F0 to      R9C13A.A1 system/cpu/engine/writing_1
CTOF_DEL    ---     0.495      R9C13A.A1 to      R9C13A.F1 system/cpu/engine/SLICE_566
ROUTE         2     0.635      R9C13A.F1 to      R9C13A.D0 system/cpu/engine/writing_0
CTOF_DEL    ---     0.495      R9C13A.D0 to      R9C13A.F0 system/cpu/engine/SLICE_566
ROUTE         3     1.520      R9C13A.F0 to     R10C10C.C1 system/mem_write_fc_2
CTOF_DEL    ---     0.495     R10C10C.C1 to     R10C10C.F1 system/SLICE_364
ROUTE        42     1.032     R10C10C.F1 to     R10C11C.B1 system/runningdup_RNIF11EE1
CTOF_DEL    ---     0.495     R10C11C.B1 to     R10C11C.F1 system/bus/SLICE_449
ROUTE        14     0.799     R10C11C.F1 to      R8C11C.C1 system/bus/service_dma_selecteddup
CTOF_DEL    ---     0.495      R8C11C.C1 to      R8C11C.F1 system/bus/SLICE_455
ROUTE         9     1.222      R8C11C.F1 to      R10C9C.C1 system/bus/rk_selecteddup
CTOF_DEL    ---     0.495      R10C9C.C1 to      R10C9C.F1 system/bus/SLICE_380
ROUTE         5     1.016      R10C9C.F1 to     R10C11B.A1 system/bus/rk_fixed_selecteddup
CTOF_DEL    ---     0.495     R10C11B.A1 to     R10C11B.F1 system/bus/SLICE_381
ROUTE         6     0.680     R10C11B.F1 to     R10C10D.D0 system/acknowledgedup
CTOF_DEL    ---     0.495     R10C10D.D0 to     R10C10D.F0 system/SLICE_383
ROUTE         1     0.436     R10C10D.F0 to     R10C10D.C1 system/acknowledge_0dup
CTOF_DEL    ---     0.495     R10C10D.C1 to     R10C10D.F1 system/SLICE_383
ROUTE         1     0.645     R10C10D.F1 to     R10C12A.D1 system/cpu/engine/effective_ackdup
CTOF_DEL    ---     0.495     R10C12A.D1 to     R10C12A.F1 system/SLICE_94
ROUTE         1     0.766     R10C12A.F1 to     R10C13C.C0 system/cpu/engine/un1_completedup
CTOF_DEL    ---     0.495     R10C13C.C0 to     R10C13C.F0 system/cpu/engine/SLICE_365
ROUTE         2     0.965     R10C13C.F0 to     R10C15D.D1 system/cpu/engine/step_1dup
CTOF_DEL    ---     0.495     R10C15D.D1 to     R10C15D.F1 system/cpu/engine/SLICE_533
ROUTE         8     0.982     R10C15D.F1 to      R9C14D.D1 system/cpu/engine/stepdup
CTOF_DEL    ---     0.495      R9C14D.D1 to      R9C14D.F1 system/cpu/engine/SLICE_406
ROUTE         8     0.685      R9C14D.F1 to      R9C12A.D1 system/irq_ackdup
CTOF_DEL    ---     0.495      R9C12A.D1 to      R9C12A.F1 system/SLICE_382
ROUTE         2     0.775      R9C12A.F1 to      R9C10C.C1 system/device_ack
CTOF_DEL    ---     0.495      R9C10C.C1 to      R9C10C.F1 system/bus/SLICE_457
ROUTE         3     1.174      R9C10C.F1 to       R9C5C.D1 system/bus/vic_strobe
CTOF_DEL    ---     0.495       R9C5C.D1 to       R9C5C.F1 system/bus/fixed_uart.console/SLICE_111
ROUTE         1     1.069       R9C5C.F1 to       R9C4D.CE system/bus/fixed_uart.console/un1_tx_ack_i_1_i (to clk)
                  --------
                   31.460   (42.6% logic, 57.4% route), 18 logic levels.

 Clock Skew Details: 

      Source Clock Path oscillator to system/cpu/engine/rom/lane_3:

   Name    Fanout   Delay (ns)          Site               Resource
ROUTE       252     3.714        OSC.OSC to EBR_R6C10.CLKA clk
                  --------
                    3.714   (0.0% logic, 100.0% route), 0 logic levels.

      Destination Clock Path oscillator to system/bus/fixed_uart.console/SLICE_253:

   Name    Fanout   Delay (ns)          Site               Resource
ROUTE       252     3.541        OSC.OSC to      R9C4D.CLK clk
                  --------
                    3.541   (0.0% logic, 100.0% route), 0 logic levels.

Report:   30.866MHz is the maximum frequency for this preference.


================================================================================
Preference: Unconstrained: CLOCK_DOMAIN
            0 unconstrained paths found
--------------------------------------------------------------------------------


================================================================================
Preference: Unconstrained: INPUT_SETUP
            8 unconstrained paths found
--------------------------------------------------------------------------------

Unconstrained Preference:
   INPUT_SETUP PORT "res" CLKNET "clk" 

Report:    4.963ns delay res to SLICE_490 (4.230ns delay and 0.733ns setup)

   Name    Fanout   Delay (ns)          Site               Resource
PADI_DEL    ---     1.132          4.PAD to        4.PADDI res
ROUTE         1     3.098        4.PADDI to     R7C14B.LSR res_c (to clk)
                  --------
                    4.230   (26.8% logic, 73.2% route), 1 logic levels.

Unconstrained Preference:
   INPUT_SETUP PORT "gpio_key_row[0]" CLKNET "clk" 

Report:    2.292ns delay gpio_key_row[0] to gpio_key_row[0]_MGIOL (1.697ns delay and 0.595ns setup)

   Name    Fanout   Delay (ns)          Site               Resource
PADI_DEL    ---     1.132         29.PAD to       29.PADDI gpio_key_row[0]
ROUTE         1     0.565       29.PADDI to    IOL_T11D.DI gpio_key_row_in[0] (to clk)
                  --------
                    1.697   (66.7% logic, 33.3% route), 1 logic levels.

Unconstrained Preference:
   INPUT_SETUP PORT "gpio_key_row[1]" CLKNET "clk" 

Report:    2.292ns delay gpio_key_row[1] to gpio_key_row[1]_MGIOL (1.697ns delay and 0.595ns setup)

   Name    Fanout   Delay (ns)          Site               Resource
PADI_DEL    ---     1.132         30.PAD to       30.PADDI gpio_key_row[1]
ROUTE         1     0.565       30.PADDI to    IOL_T11C.DI gpio_key_row_in[1] (to clk)
                  --------
                    1.697   (66.7% logic, 33.3% route), 1 logic levels.

Unconstrained Preference:
   INPUT_SETUP PORT "gpio_key_row[2]" CLKNET "clk" 

Report:    2.292ns delay gpio_key_row[2] to gpio_key_row[2]_MGIOL (1.697ns delay and 0.595ns setup)

   Name    Fanout   Delay (ns)          Site               Resource
PADI_DEL    ---     1.132         32.PAD to       32.PADDI gpio_key_row[2]
ROUTE         1     0.565       32.PADDI to    IOL_T10D.DI gpio_key_row_in[2] (to clk)
                  --------
                    1.697   (66.7% logic, 33.3% route), 1 logic levels.

Unconstrained Preference:
   INPUT_SETUP PORT "gpio_key_row[3]" CLKNET "clk" 

Report:    2.292ns delay gpio_key_row[3] to gpio_key_row[3]_MGIOL (1.697ns delay and 0.595ns setup)

   Name    Fanout   Delay (ns)          Site               Resource
PADI_DEL    ---     1.132          1.PAD to        1.PADDI gpio_key_row[3]
ROUTE         1     0.565        1.PADDI to    IOL_T10C.DI gpio_key_row_in[3] (to clk)
                  --------
                    1.697   (66.7% logic, 33.3% route), 1 logic levels.

Unconstrained Preference:
   INPUT_SETUP PORT "rx" CLKNET "clk" 

Report:    2.292ns delay rx to rx_MGIOL (1.697ns delay and 0.595ns setup)

   Name    Fanout   Delay (ns)          Site               Resource
PADI_DEL    ---     1.132         25.PAD to       25.PADDI rx
ROUTE         1     0.565       25.PADDI to    IOL_T15D.DI rx_c (to clk)
                  --------
                    1.697   (66.7% logic, 33.3% route), 1 logic levels.

Unconstrained Preference:
   INPUT_SETUP PORT "sd_miso" CLKNET "clk" 

Report:    2.292ns delay sd_miso to sd_miso_MGIOL (1.697ns delay and 0.595ns setup)

   Name    Fanout   Delay (ns)          Site               Resource
PADI_DEL    ---     1.132         28.PAD to       28.PADDI sd_miso
ROUTE         1     0.565       28.PADDI to    IOL_T12C.DI sd_miso_c (to clk)
                  --------
                    1.697   (66.7% logic, 33.3% route), 1 logic levels.

Unconstrained Preference:
   INPUT_SETUP PORT "gpio_miso" CLKNET "clk" 

Report:    2.111ns delay gpio_miso to gpio_miso_MGIOL (1.516ns delay and 0.595ns setup)

   Name    Fanout   Delay (ns)          Site               Resource
PADI_DEL    ---     1.132         10.PAD to       10.PADDI gpio_miso
ROUTE         1     0.384       10.PADDI to     IOL_B6D.DI gpio_miso_c (to clk)
                  --------
                    1.516   (74.7% logic, 25.3% route), 1 logic levels.


================================================================================
Preference: Unconstrained: CLOCK_TO_OUT
            18 unconstrained paths found
--------------------------------------------------------------------------------

Unconstrained Preference:
   CLOCK_TO_OUT PORT "tx" CLKNET "clk" 

Report:    8.435ns delay system/bus/fixed_uart.console/SLICE_665 to tx

   Name    Fanout   Delay (ns)          Site               Resource
REG_DEL     ---     0.452     R10C3C.CLK to      R10C3C.Q0 system/bus/fixed_uart.console/SLICE_665 (from clk)
ROUTE         2     1.845      R10C3C.Q0 to       R9C5B.B1 system/bus/fixed_uart.console/tx_break
CTOF_DEL    ---     0.495       R9C5B.B1 to       R9C5B.F1 system/bus/fixed_uart.console/SLICE_117
ROUTE         1     2.846       R9C5B.F1 to       23.PADDO tx_c
DOPAD_DEL   ---     2.797       23.PADDO to         23.PAD tx
                  --------
                    8.435   (44.4% logic, 55.6% route), 3 logic levels.

Unconstrained Preference:
   CLOCK_TO_OUT PORT "sd_mosi" CLKNET "clk" 

Report:    7.858ns delay system/bus/byte_sd/SLICE_88 to sd_mosi

   Name    Fanout   Delay (ns)          Site               Resource
REG_DEL     ---     0.452      R7C5A.CLK to       R7C5A.Q1 system/bus/byte_sd/SLICE_88 (from clk)
ROUTE         1     1.793       R7C5A.Q1 to      R5C11A.C1 system/bus/byte_sd/tx_shift[7]
CTOF_DEL    ---     0.495      R5C11A.C1 to      R5C11A.F1 system/SLICE_60
ROUTE         1     2.321      R5C11A.F1 to       21.PADDO sd_mosi_c
DOPAD_DEL   ---     2.797       21.PADDO to         21.PAD sd_mosi
                  --------
                    7.858   (47.6% logic, 52.4% route), 3 logic levels.

Unconstrained Preference:
   CLOCK_TO_OUT PORT "tx" CLKNET "clk" 

Report:    7.747ns delay system/bus/fixed_uart.console/SLICE_113 to tx

   Name    Fanout   Delay (ns)          Site               Resource
REG_DEL     ---     0.452     R10C5C.CLK to      R10C5C.Q0 system/bus/fixed_uart.console/SLICE_113 (from clk)
ROUTE         1     1.157      R10C5C.Q0 to       R9C5B.D1 system/bus/fixed_uart.console/tx_shift[0]
CTOF_DEL    ---     0.495       R9C5B.D1 to       R9C5B.F1 system/bus/fixed_uart.console/SLICE_117
ROUTE         1     2.846       R9C5B.F1 to       23.PADDO tx_c
DOPAD_DEL   ---     2.797       23.PADDO to         23.PAD tx
                  --------
                    7.747   (48.3% logic, 51.7% route), 3 logic levels.

Unconstrained Preference:
   CLOCK_TO_OUT PORT "sd_mosi" CLKNET "clk" 

Report:    7.743ns delay system/bus/byte_sd/SLICE_78 to sd_mosi

   Name    Fanout   Delay (ns)          Site               Resource
REG_DEL     ---     0.452      R7C4B.CLK to       R7C4B.Q0 system/bus/byte_sd/SLICE_78 (from clk)
ROUTE        23     1.678       R7C4B.Q0 to      R5C11A.D1 system/bus/byte_sd/busy
CTOF_DEL    ---     0.495      R5C11A.D1 to      R5C11A.F1 system/SLICE_60
ROUTE         1     2.321      R5C11A.F1 to       21.PADDO sd_mosi_c
DOPAD_DEL   ---     2.797       21.PADDO to         21.PAD sd_mosi
                  --------
                    7.743   (48.4% logic, 51.6% route), 3 logic levels.

Unconstrained Preference:
   CLOCK_TO_OUT PORT "tx" CLKNET "clk" 

Report:    7.644ns delay system/bus/fixed_uart.console/SLICE_104 to tx

   Name    Fanout   Delay (ns)          Site               Resource
REG_DEL     ---     0.452     R10C5D.CLK to      R10C5D.Q0 system/bus/fixed_uart.console/SLICE_104 (from clk)
ROUTE        20     1.054      R10C5D.Q0 to       R9C5B.A1 system/bus/fixed_uart.console/tx_busy
CTOF_DEL    ---     0.495       R9C5B.A1 to       R9C5B.F1 system/bus/fixed_uart.console/SLICE_117
ROUTE         1     2.846       R9C5B.F1 to       23.PADDO tx_c
DOPAD_DEL   ---     2.797       23.PADDO to         23.PAD tx
                  --------
                    7.644   (49.0% logic, 51.0% route), 3 logic levels.

Unconstrained Preference:
   CLOCK_TO_OUT PORT "gpio_key_row[3]" CLKNET "clk" 

Report:    6.896ns delay system/SLICE_144 to gpio_key_row[3]

   Name    Fanout   Delay (ns)          Site               Resource
REG_DEL     ---     0.452     R5C10D.CLK to      R5C10D.Q0 system/SLICE_144 (from clk)
ROUTE         2     2.264      R5C10D.Q0 to        1.PADDT system/bus/host_miso_oe
TDTS_DEL    ---     4.180        1.PADDT to          1.PAD gpio_key_row[3]
                  --------
                    6.896   (67.2% logic, 32.8% route), 2 logic levels.

Unconstrained Preference:
   CLOCK_TO_OUT PORT "sd_sck" CLKNET "clk" 

Report:    6.170ns delay system/bus/byte_sd/SLICE_69 to sd_sck

   Name    Fanout   Delay (ns)          Site               Resource
REG_DEL     ---     0.452      R7C3C.CLK to       R7C3C.Q0 system/bus/byte_sd/SLICE_69 (from clk)
ROUTE         9     2.921       R7C3C.Q0 to       27.PADDO sd_sck_c
DOPAD_DEL   ---     2.797       27.PADDO to         27.PAD sd_sck
                  --------
                    6.170   (52.7% logic, 47.3% route), 2 logic levels.

Unconstrained Preference:
   CLOCK_TO_OUT PORT "gpio_clk" CLKNET "clk" 

Report:    5.820ns delay system/SLICE_61 to gpio_clk

   Name    Fanout   Delay (ns)          Site               Resource
REG_DEL     ---     0.452     R3C12A.CLK to      R3C12A.Q0 system/SLICE_61 (from clk)
ROUTE         2     2.571      R3C12A.Q0 to       12.PADDO gpio_clk_c
DOPAD_DEL   ---     2.797       12.PADDO to         12.PAD gpio_clk
                  --------
                    5.820   (55.8% logic, 44.2% route), 2 logic levels.

Unconstrained Preference:
   CLOCK_TO_OUT PORT "gpio_din" CLKNET "clk" 

Report:    5.609ns delay system/SLICE_62 to gpio_din

   Name    Fanout   Delay (ns)          Site               Resource
REG_DEL     ---     0.452     R5C11D.CLK to      R5C11D.Q0 system/SLICE_62 (from clk)
ROUTE         2     2.360      R5C11D.Q0 to       16.PADDO gpio_din_c
DOPAD_DEL   ---     2.797       16.PADDO to         16.PAD gpio_din
                  --------
                    5.609   (57.9% logic, 42.1% route), 2 logic levels.

Unconstrained Preference:
   CLOCK_TO_OUT PORT "gpio_reg_latch" CLKNET "clk" 

Report:    5.483ns delay system/SLICE_64 to gpio_reg_latch

   Name    Fanout   Delay (ns)          Site               Resource
REG_DEL     ---     0.452     R5C10A.CLK to      R5C10A.Q0 system/SLICE_64 (from clk)
ROUTE         3     2.234      R5C10A.Q0 to       20.PADDO gpio_reg_latch_c
DOPAD_DEL   ---     2.797       20.PADDO to         20.PAD gpio_reg_latch
                  --------
                    5.483   (59.3% logic, 40.7% route), 2 logic levels.

Unconstrained Preference:
   CLOCK_TO_OUT PORT "gpio_ce" CLKNET "clk" 

Report:    5.423ns delay system/SLICE_60 to gpio_ce

   Name    Fanout   Delay (ns)          Site               Resource
REG_DEL     ---     0.452     R5C11A.CLK to      R5C11A.Q0 system/SLICE_60 (from clk)
ROUTE         3     2.174      R5C11A.Q0 to       14.PADDO gpio_ce_c
DOPAD_DEL   ---     2.797       14.PADDO to         14.PAD gpio_ce
                  --------
                    5.423   (59.9% logic, 40.1% route), 2 logic levels.

Unconstrained Preference:
   CLOCK_TO_OUT PORT "gpio_rs" CLKNET "clk" 

Report:    5.311ns delay system/SLICE_65 to gpio_rs

   Name    Fanout   Delay (ns)          Site               Resource
REG_DEL     ---     0.452     R5C10C.CLK to      R5C10C.Q0 system/SLICE_65 (from clk)
ROUTE         2     2.062      R5C10C.Q0 to       11.PADDO gpio_rs_c
DOPAD_DEL   ---     2.797       11.PADDO to         11.PAD gpio_rs
                  --------
                    5.311   (61.2% logic, 38.8% route), 2 logic levels.

Unconstrained Preference:
   CLOCK_TO_OUT PORT "gpio_msck" CLKNET "clk" 

Report:    5.131ns delay system/bus/guest_memory/SLICE_63 to gpio_msck

   Name    Fanout   Delay (ns)          Site               Resource
REG_DEL     ---     0.452      R5C2C.CLK to       R5C2C.Q0 system/bus/guest_memory/SLICE_63 (from clk)
ROUTE         4     1.882       R5C2C.Q0 to        9.PADDO gpio_msck_c
DOPAD_DEL   ---     2.797        9.PADDO to          9.PAD gpio_msck
                  --------
                    5.131   (63.3% logic, 36.7% route), 2 logic levels.

Unconstrained Preference:
   CLOCK_TO_OUT PORT "gpio_key_row[3]" CLKNET "clk" 

Report:    5.118ns delay system/SLICE_66 to gpio_key_row[3]

   Name    Fanout   Delay (ns)          Site               Resource
REG_DEL     ---     0.452      R3C8B.CLK to       R3C8B.Q0 system/SLICE_66 (from clk)
ROUTE         3     1.869       R3C8B.Q0 to        1.PADDO host_miso
DOPAD_DEL   ---     2.797        1.PADDO to          1.PAD gpio_key_row[3]
                  --------
                    5.118   (63.5% logic, 36.5% route), 2 logic levels.

Unconstrained Preference:
   CLOCK_TO_OUT PORT "sd_cs_n" CLKNET "clk" 

Report:    4.888ns delay system/SLICE_68 to sd_cs_n

   Name    Fanout   Delay (ns)          Site               Resource
REG_DEL     ---     0.452      R7C6B.CLK to       R7C6B.Q0 system/SLICE_68 (from clk)
ROUTE         2     1.639       R7C6B.Q0 to        5.PADDO sd_cs_n_c
DOPAD_DEL   ---     2.797        5.PADDO to          5.PAD sd_cs_n
                  --------
                    4.888   (66.5% logic, 33.5% route), 2 logic levels.

Unconstrained Preference:
   CLOCK_TO_OUT PORT "gpio_blank" CLKNET "clk" 

Report:    4.611ns delay system/SLICE_59 to gpio_blank

   Name    Fanout   Delay (ns)          Site               Resource
REG_DEL     ---     0.452     R5C11C.CLK to      R5C11C.Q0 system/SLICE_59 (from clk)
ROUTE         2     1.362      R5C11C.Q0 to       13.PADDO gpio_blank_c
DOPAD_DEL   ---     2.797       13.PADDO to         13.PAD gpio_blank
                  --------
                    4.611   (70.5% logic, 29.5% route), 2 logic levels.

Unconstrained Preference:
   CLOCK_TO_OUT PORT "gpio_mcs" CLKNET "clk" 

Report:    3.407ns delay gpio_mcs_MGIOL to gpio_mcs

   Name    Fanout   Delay (ns)          Site               Resource
C2OUT_DEL   ---     0.567    IOL_B4C.CLK to  IOL_B4C.IOLDO gpio_mcs_MGIOL (from clk)
ROUTE         1     0.043  IOL_B4C.IOLDO to        8.IOLDO gpio_mcs_c
OP0PAD_DEL  ---     2.797        8.IOLDO to          8.PAD gpio_mcs
                  --------
                    3.407   (98.7% logic, 1.3% route), 2 logic levels.

Unconstrained Preference:
   CLOCK_TO_OUT PORT "gpio_mosi" CLKNET "clk" 

Report:    3.407ns delay gpio_mosi_MGIOL to gpio_mosi

   Name    Fanout   Delay (ns)          Site               Resource
C2OUT_DEL   ---     0.567   IOL_B20D.CLK to IOL_B20D.IOLDO gpio_mosi_MGIOL (from clk)
ROUTE         1     0.043 IOL_B20D.IOLDO to       17.IOLDO gpio_mosi_c
OP0PAD_DEL  ---     2.797       17.IOLDO to         17.PAD gpio_mosi
                  --------
                    3.407   (98.7% logic, 1.3% route), 2 logic levels.


================================================================================
Preference: Unconstrained: MAXDELAY
            0 unconstrained paths found
--------------------------------------------------------------------------------

Report Summary
--------------
----------------------------------------------------------------------------
Preference                              |   Constraint|       Actual|Levels
----------------------------------------------------------------------------
                                        |             |             |
FREQUENCY NET "clk" 29.560000 MHz ;     |   29.560 MHz|   30.866 MHz|  20  
                                        |             |             |
----------------------------------------------------------------------------


All preferences were met.


Clock Domains Analysis
------------------------

Found 1 clocks:

Clock Domain: clk   Source: oscillator.OSC   Loads: 252
   Covered under: FREQUENCY NET "clk" 29.560000 MHz ;


--------------------------------------------------------------------------------
                Connections not covered by the preferences
--------------------------------------------------------------------------------

     Delay                        Element                 Net

    0.565ns pio_key_row[0].PADDI to _key_row[0]_MGIOL.DI gpio_key_row_in[0]
    0.565ns        sd_miso.PADDI to     sd_miso_MGIOL.DI sd_miso_c
    0.565ns             rx.PADDI to          rx_MGIOL.DI rx_c
    0.565ns pio_key_row[1].PADDI to _key_row[1]_MGIOL.DI gpio_key_row_in[1]
    0.565ns pio_key_row[2].PADDI to _key_row[2]_MGIOL.DI gpio_key_row_in[2]
    0.565ns pio_key_row[3].PADDI to _key_row[3]_MGIOL.DI gpio_key_row_in[3]
    0.384ns      gpio_miso.PADDI to   gpio_miso_MGIOL.DI gpio_miso_c
    3.098ns            res.PADDI to        SLICE_490.LSR res_c

--------------------------------------------------------------------------------


Timing summary (Setup):
---------------

Timing errors: 0  Score: 0
Cumulative negative slack: 0

Constraints cover 3294368 paths, 1 nets, and 5553 connections (99.86% coverage)

--------------------------------------------------------------------------------
Lattice TRACE Report - Hold, Version Diamond (64-bit) 3.14.0.75.2
Thu Sep 10 18:34:27 2026

Copyright (c) 1991-1994 by NeoCAD Inc. All rights reserved.
Copyright (c) 1995 AT&T Corp.   All rights reserved.
Copyright (c) 1995-2001 Lucent Technologies Inc.  All rights reserved.
Copyright (c) 2001 Agere Systems   All rights reserved.
Copyright (c) 2002-2024 Lattice Semiconductor Corporation,  All rights reserved.

Report Information
------------------
Command line:    trce -v 10 -c -u 0 -gt -sethld -sp 4 -sphld m -o cp43d_impl1.twr cp43d_impl1.ncd cp43d_impl1.prf 
Design file:     cp43d_impl1.ncd
Preference file: cp43d_impl1.prf
Device,speed:    LCMXO2-1200HC,m
Report level:    verbose report, limited to 10 items per preference
--------------------------------------------------------------------------------

BLOCK ASYNCPATHS
BLOCK RESETPATHS
--------------------------------------------------------------------------------



================================================================================
Preference: FREQUENCY NET "clk" 29.560000 MHz ;
            4096 items scored, 0 timing errors detected.
--------------------------------------------------------------------------------


Passed: The following path meets requirements by 0.292ns

 Logical Details:  Cell type  Pin type       Cell/ASIC name  (clock net +/-)

   Source:         Sync_RAM   Q              system/cpu/engine/dp/rf/words_ram_2/RAM1  (from clk +)
   Destination:    FF         Data in        system/cpu/engine/mmu_page[1]  (to clk +)

   Delay:               0.279ns  (98.9% logic, 1.1% route), 1 logic levels.

 Constraint Details:

      0.279ns physical path delay system/cpu/engine/SLICE_43 to system/cpu/engine/SLICE_43 meets
     -0.013ns DIN_HLD and
      0.000ns delay constraint less
      0.000ns skew requirement (totaling -0.013ns) by 0.292ns

 Physical Path Details:

      Data path system/cpu/engine/SLICE_43 to system/cpu/engine/SLICE_43:

   Name    Fanout   Delay (ns)          Site               Resource
CLKTOF_DEL  ---     0.276     R7C12B.WCK to      R7C12B.F0 system/cpu/engine/SLICE_43 (from clk)
ROUTE        10     0.003      R7C12B.F0 to     R7C12B.DI0 system/address[14] (to clk)
                  --------
                    0.279   (98.9% logic, 1.1% route), 1 logic levels.

 Clock Skew Details: 

      Source Clock Path oscillator to system/cpu/engine/SLICE_43:

   Name    Fanout   Delay (ns)          Site               Resource
ROUTE       252     1.216        OSC.OSC to     R7C12B.WCK clk
                  --------
                    1.216   (0.0% logic, 100.0% route), 0 logic levels.

      Destination Clock Path oscillator to system/cpu/engine/SLICE_43:

   Name    Fanout   Delay (ns)          Site               Resource
ROUTE       252     1.216        OSC.OSC to     R7C12B.CLK clk
                  --------
                    1.216   (0.0% logic, 100.0% route), 0 logic levels.


Passed: The following path meets requirements by 0.293ns

 Logical Details:  Cell type  Pin type       Cell/ASIC name  (clock net +/-)

   Source:         Sync_RAM   Q              system/cpu/engine/dp/rf/words_ram_2/RAM0  (from clk +)
   Destination:    FF         Data in        system/cpu/engine/mmu_page[0]  (to clk +)

   Delay:               0.280ns  (98.6% logic, 1.4% route), 1 logic levels.

 Constraint Details:

      0.280ns physical path delay system/cpu/engine/SLICE_42 to system/cpu/engine/SLICE_42 meets
     -0.013ns DIN_HLD and
      0.000ns delay constraint less
      0.000ns skew requirement (totaling -0.013ns) by 0.293ns

 Physical Path Details:

      Data path system/cpu/engine/SLICE_42 to system/cpu/engine/SLICE_42:

   Name    Fanout   Delay (ns)          Site               Resource
CLKTOF_DEL  ---     0.276     R7C12A.WCK to      R7C12A.F1 system/cpu/engine/SLICE_42 (from clk)
ROUTE        17     0.004      R7C12A.F1 to     R7C12A.DI1 system/address[13] (to clk)
                  --------
                    0.280   (98.6% logic, 1.4% route), 1 logic levels.

 Clock Skew Details: 

      Source Clock Path oscillator to system/cpu/engine/SLICE_42:

   Name    Fanout   Delay (ns)          Site               Resource
ROUTE       252     1.216        OSC.OSC to     R7C12A.WCK clk
                  --------
                    1.216   (0.0% logic, 100.0% route), 0 logic levels.

      Destination Clock Path oscillator to system/cpu/engine/SLICE_42:

   Name    Fanout   Delay (ns)          Site               Resource
ROUTE       252     1.216        OSC.OSC to     R7C12A.CLK clk
                  --------
                    1.216   (0.0% logic, 100.0% route), 0 logic levels.


Passed: The following path meets requirements by 0.294ns

 Logical Details:  Cell type  Pin type       Cell/ASIC name  (clock net +/-)

   Source:         Sync_RAM   Q              system/cpu/engine/dp/rf/words_ram_2/RAM1  (from clk +)
   Destination:    FF         Data in        system/cpu/engine/mmu_page[2]  (to clk +)

   Delay:               0.281ns  (98.2% logic, 1.8% route), 1 logic levels.

 Constraint Details:

      0.281ns physical path delay system/cpu/engine/SLICE_43 to system/cpu/engine/SLICE_43 meets
     -0.013ns DIN_HLD and
      0.000ns delay constraint less
      0.000ns skew requirement (totaling -0.013ns) by 0.294ns

 Physical Path Details:

      Data path system/cpu/engine/SLICE_43 to system/cpu/engine/SLICE_43:

   Name    Fanout   Delay (ns)          Site               Resource
CLKTOF_DEL  ---     0.276     R7C12B.WCK to      R7C12B.F1 system/cpu/engine/SLICE_43 (from clk)
ROUTE        10     0.005      R7C12B.F1 to     R7C12B.DI1 system/address[15] (to clk)
                  --------
                    0.281   (98.2% logic, 1.8% route), 1 logic levels.

 Clock Skew Details: 

      Source Clock Path oscillator to system/cpu/engine/SLICE_43:

   Name    Fanout   Delay (ns)          Site               Resource
ROUTE       252     1.216        OSC.OSC to     R7C12B.WCK clk
                  --------
                    1.216   (0.0% logic, 100.0% route), 0 logic levels.

      Destination Clock Path oscillator to system/cpu/engine/SLICE_43:

   Name    Fanout   Delay (ns)          Site               Resource
ROUTE       252     1.216        OSC.OSC to     R7C12B.CLK clk
                  --------
                    1.216   (0.0% logic, 100.0% route), 0 logic levels.


Passed: The following path meets requirements by 0.304ns

 Logical Details:  Cell type  Pin type       Cell/ASIC name  (clock net +/-)

   Source:         FF         Q              reset_sync[1]  (from clk +)
   Destination:    FF         Data in        reset_sync[0]  (to clk +)

   Delay:               0.285ns  (46.7% logic, 53.3% route), 1 logic levels.

 Constraint Details:

      0.285ns physical path delay SLICE_490 to SLICE_490 meets
     -0.019ns M_HLD and
      0.000ns delay constraint less
      0.000ns skew requirement (totaling -0.019ns) by 0.304ns

 Physical Path Details:

      Data path SLICE_490 to SLICE_490:

   Name    Fanout   Delay (ns)          Site               Resource
REG_DEL     ---     0.133     R7C14B.CLK to      R7C14B.Q1 SLICE_490 (from clk)
ROUTE         1     0.152      R7C14B.Q1 to      R7C14B.M0 reset_sync[1] (to clk)
                  --------
                    0.285   (46.7% logic, 53.3% route), 1 logic levels.

 Clock Skew Details: 

      Source Clock Path oscillator to SLICE_490:

   Name    Fanout   Delay (ns)          Site               Resource
ROUTE       252     1.216        OSC.OSC to     R7C14B.CLK clk
                  --------
                    1.216   (0.0% logic, 100.0% route), 0 logic levels.

      Destination Clock Path oscillator to SLICE_490:

   Name    Fanout   Delay (ns)          Site               Resource
ROUTE       252     1.216        OSC.OSC to     R7C14B.CLK clk
                  --------
                    1.216   (0.0% logic, 100.0% route), 0 logic levels.


Passed: The following path meets requirements by 0.306ns

 Logical Details:  Cell type  Pin type       Cell/ASIC name  (clock net +/-)

   Source:         FF         Q              system/bus/fixed_uart.console/rx_shift[1]  (from clk +)
   Destination:    FF         Data in        system/bus/fixed_uart.console/rx_shift[0]  (to clk +)

   Delay:               0.287ns  (46.3% logic, 53.7% route), 1 logic levels.

 Constraint Details:

      0.287ns physical path delay system/SLICE_640 to system/SLICE_640 meets
     -0.019ns M_HLD and
      0.000ns delay constraint less
      0.000ns skew requirement (totaling -0.019ns) by 0.306ns

 Physical Path Details:

      Data path system/SLICE_640 to system/SLICE_640:

   Name    Fanout   Delay (ns)          Site               Resource
REG_DEL     ---     0.133     R10C6D.CLK to      R10C6D.Q1 system/SLICE_640 (from clk)
ROUTE         2     0.154      R10C6D.Q1 to      R10C6D.M0 system/bus/fixed_uart.console/rx_shift[1] (to clk)
                  --------
                    0.287   (46.3% logic, 53.7% route), 1 logic levels.

 Clock Skew Details: 

      Source Clock Path oscillator to system/SLICE_640:

   Name    Fanout   Delay (ns)          Site               Resource
ROUTE       252     1.216        OSC.OSC to     R10C6D.CLK clk
                  --------
                    1.216   (0.0% logic, 100.0% route), 0 logic levels.

      Destination Clock Path oscillator to system/SLICE_640:

   Name    Fanout   Delay (ns)          Site               Resource
ROUTE       252     1.216        OSC.OSC to     R10C6D.CLK clk
                  --------
                    1.216   (0.0% logic, 100.0% route), 0 logic levels.


Passed: The following path meets requirements by 0.306ns

 Logical Details:  Cell type  Pin type       Cell/ASIC name  (clock net +/-)

   Source:         FF         Q              system/bus/byte_sd/rx_shift[2]  (from clk +)
   Destination:    FF         Data in        system/bus/byte_sd/rdata_1[2]  (to clk +)

   Delay:               0.287ns  (46.3% logic, 53.7% route), 1 logic levels.

 Constraint Details:

      0.287ns physical path delay system/bus/SLICE_599 to system/bus/byte_sd/SLICE_581 meets
     -0.019ns M_HLD and
      0.000ns delay constraint less
      0.000ns skew requirement (totaling -0.019ns) by 0.306ns

 Physical Path Details:

      Data path system/bus/SLICE_599 to system/bus/byte_sd/SLICE_581:

   Name    Fanout   Delay (ns)          Site               Resource
REG_DEL     ---     0.133      R8C3D.CLK to       R8C3D.Q1 system/bus/SLICE_599 (from clk)
ROUTE         2     0.154       R8C3D.Q1 to       R8C3C.M0 system/bus/byte_sd/rdata_8[2] (to clk)
                  --------
                    0.287   (46.3% logic, 53.7% route), 1 logic levels.

 Clock Skew Details: 

      Source Clock Path oscillator to system/bus/SLICE_599:

   Name    Fanout   Delay (ns)          Site               Resource
ROUTE       252     1.216        OSC.OSC to      R8C3D.CLK clk
                  --------
                    1.216   (0.0% logic, 100.0% route), 0 logic levels.

      Destination Clock Path oscillator to system/bus/byte_sd/SLICE_581:

   Name    Fanout   Delay (ns)          Site               Resource
ROUTE       252     1.216        OSC.OSC to      R8C3C.CLK clk
                  --------
                    1.216   (0.0% logic, 100.0% route), 0 logic levels.


Passed: The following path meets requirements by 0.306ns

 Logical Details:  Cell type  Pin type       Cell/ASIC name  (clock net +/-)

   Source:         FF         Q              system/bus/byte_sd/rx_shift[1]  (from clk +)
   Destination:    FF         Data in        system/bus/byte_sd/rx_shift[2]  (to clk +)

   Delay:               0.287ns  (46.3% logic, 53.7% route), 1 logic levels.

 Constraint Details:

      0.287ns physical path delay system/bus/SLICE_599 to system/bus/SLICE_599 meets
     -0.019ns M_HLD and
      0.000ns delay constraint less
      0.000ns skew requirement (totaling -0.019ns) by 0.306ns

 Physical Path Details:

      Data path system/bus/SLICE_599 to system/bus/SLICE_599:

   Name    Fanout   Delay (ns)          Site               Resource
REG_DEL     ---     0.133      R8C3D.CLK to       R8C3D.Q0 system/bus/SLICE_599 (from clk)
ROUTE         2     0.154       R8C3D.Q0 to       R8C3D.M1 system/bus/byte_sd/rx_shift[1] (to clk)
                  --------
                    0.287   (46.3% logic, 53.7% route), 1 logic levels.

 Clock Skew Details: 

      Source Clock Path oscillator to system/bus/SLICE_599:

   Name    Fanout   Delay (ns)          Site               Resource
ROUTE       252     1.216        OSC.OSC to      R8C3D.CLK clk
                  --------
                    1.216   (0.0% logic, 100.0% route), 0 logic levels.

      Destination Clock Path oscillator to system/bus/SLICE_599:

   Name    Fanout   Delay (ns)          Site               Resource
ROUTE       252     1.216        OSC.OSC to      R8C3D.CLK clk
                  --------
                    1.216   (0.0% logic, 100.0% route), 0 logic levels.


Passed: The following path meets requirements by 0.306ns

 Logical Details:  Cell type  Pin type       Cell/ASIC name  (clock net +/-)

   Source:         FF         Q              system/bus/fixed_uart.console/rx_shift[7]  (from clk +)
   Destination:    FF         Data in        system/bus/fixed_uart.console/rx_shift[6]  (to clk +)

   Delay:               0.287ns  (46.3% logic, 53.7% route), 1 logic levels.

 Constraint Details:

      0.287ns physical path delay system/bus/fixed_uart.console/SLICE_666 to system/bus/fixed_uart.console/SLICE_666 meets
     -0.019ns M_HLD and
      0.000ns delay constraint less
      0.000ns skew requirement (totaling -0.019ns) by 0.306ns

 Physical Path Details:

      Data path system/bus/fixed_uart.console/SLICE_666 to system/bus/fixed_uart.console/SLICE_666:

   Name    Fanout   Delay (ns)          Site               Resource
REG_DEL     ---     0.133      R9C3D.CLK to       R9C3D.Q1 system/bus/fixed_uart.console/SLICE_666 (from clk)
ROUTE         2     0.154       R9C3D.Q1 to       R9C3D.M0 system/bus/fixed_uart.console/rx_shift[7] (to clk)
                  --------
                    0.287   (46.3% logic, 53.7% route), 1 logic levels.

 Clock Skew Details: 

      Source Clock Path oscillator to system/bus/fixed_uart.console/SLICE_666:

   Name    Fanout   Delay (ns)          Site               Resource
ROUTE       252     1.216        OSC.OSC to      R9C3D.CLK clk
                  --------
                    1.216   (0.0% logic, 100.0% route), 0 logic levels.

      Destination Clock Path oscillator to system/bus/fixed_uart.console/SLICE_666:

   Name    Fanout   Delay (ns)          Site               Resource
ROUTE       252     1.216        OSC.OSC to      R9C3D.CLK clk
                  --------
                    1.216   (0.0% logic, 100.0% route), 0 logic levels.


Passed: The following path meets requirements by 0.306ns

 Logical Details:  Cell type  Pin type       Cell/ASIC name  (clock net +/-)

   Source:         FF         Q              system/bus/byte_sd/rx_shift[3]  (from clk +)
   Destination:    FF         Data in        system/bus/byte_sd/rx_shift[4]  (to clk +)

   Delay:               0.287ns  (46.3% logic, 53.7% route), 1 logic levels.

 Constraint Details:

      0.287ns physical path delay system/bus/SLICE_417 to system/bus/SLICE_417 meets
     -0.019ns M_HLD and
      0.000ns delay constraint less
      0.000ns skew requirement (totaling -0.019ns) by 0.306ns

 Physical Path Details:

      Data path system/bus/SLICE_417 to system/bus/SLICE_417:

   Name    Fanout   Delay (ns)          Site               Resource
REG_DEL     ---     0.133     R10C3B.CLK to      R10C3B.Q0 system/bus/SLICE_417 (from clk)
ROUTE         2     0.154      R10C3B.Q0 to      R10C3B.M1 system/bus/byte_sd/rdata_8[3] (to clk)
                  --------
                    0.287   (46.3% logic, 53.7% route), 1 logic levels.

 Clock Skew Details: 

      Source Clock Path oscillator to system/bus/SLICE_417:

   Name    Fanout   Delay (ns)          Site               Resource
ROUTE       252     1.216        OSC.OSC to     R10C3B.CLK clk
                  --------
                    1.216   (0.0% logic, 100.0% route), 0 logic levels.

      Destination Clock Path oscillator to system/bus/SLICE_417:

   Name    Fanout   Delay (ns)          Site               Resource
ROUTE       252     1.216        OSC.OSC to     R10C3B.CLK clk
                  --------
                    1.216   (0.0% logic, 100.0% route), 0 logic levels.


Passed: The following path meets requirements by 0.306ns

 Logical Details:  Cell type  Pin type       Cell/ASIC name  (clock net +/-)

   Source:         FF         Q              system/bus/fixed_uart.console/rx_shift[5]  (from clk +)
   Destination:    FF         Data in        system/bus/fixed_uart.console/rx_shift[4]  (to clk +)

   Delay:               0.287ns  (46.3% logic, 53.7% route), 1 logic levels.

 Constraint Details:

      0.287ns physical path delay system/bus/fixed_uart.console/SLICE_368 to system/bus/fixed_uart.console/SLICE_368 meets
     -0.019ns M_HLD and
      0.000ns delay constraint less
      0.000ns skew requirement (totaling -0.019ns) by 0.306ns

 Physical Path Details:

      Data path system/bus/fixed_uart.console/SLICE_368 to system/bus/fixed_uart.console/SLICE_368:

   Name    Fanout   Delay (ns)          Site               Resource
REG_DEL     ---     0.133     R10C5B.CLK to      R10C5B.Q1 system/bus/fixed_uart.console/SLICE_368 (from clk)
ROUTE         2     0.154      R10C5B.Q1 to      R10C5B.M0 system/bus/fixed_uart.console/rx_shift[5] (to clk)
                  --------
                    0.287   (46.3% logic, 53.7% route), 1 logic levels.

 Clock Skew Details: 

      Source Clock Path oscillator to system/bus/fixed_uart.console/SLICE_368:

   Name    Fanout   Delay (ns)          Site               Resource
ROUTE       252     1.216        OSC.OSC to     R10C5B.CLK clk
                  --------
                    1.216   (0.0% logic, 100.0% route), 0 logic levels.

      Destination Clock Path oscillator to system/bus/fixed_uart.console/SLICE_368:

   Name    Fanout   Delay (ns)          Site               Resource
ROUTE       252     1.216        OSC.OSC to     R10C5B.CLK clk
                  --------
                    1.216   (0.0% logic, 100.0% route), 0 logic levels.

Report Summary
--------------
----------------------------------------------------------------------------
Preference(MIN Delays)                  |   Constraint|       Actual|Levels
----------------------------------------------------------------------------
                                        |             |             |
FREQUENCY NET "clk" 29.560000 MHz ;     |     0.000 ns|     0.292 ns|   1  
                                        |             |             |
----------------------------------------------------------------------------


All preferences were met.


Clock Domains Analysis
------------------------

Found 1 clocks:

Clock Domain: clk   Source: oscillator.OSC   Loads: 252
   Covered under: FREQUENCY NET "clk" 29.560000 MHz ;


--------------------------------------------------------------------------------
                Connections not covered by the preferences
--------------------------------------------------------------------------------

     Delay                        Element                 Net

    0.177ns pio_key_row[0].PADDI to _key_row[0]_MGIOL.DI gpio_key_row_in[0]
    0.177ns        sd_miso.PADDI to     sd_miso_MGIOL.DI sd_miso_c
    0.177ns             rx.PADDI to          rx_MGIOL.DI rx_c
    0.177ns pio_key_row[1].PADDI to _key_row[1]_MGIOL.DI gpio_key_row_in[1]
    0.177ns pio_key_row[2].PADDI to _key_row[2]_MGIOL.DI gpio_key_row_in[2]
    0.177ns pio_key_row[3].PADDI to _key_row[3]_MGIOL.DI gpio_key_row_in[3]
    0.127ns      gpio_miso.PADDI to   gpio_miso_MGIOL.DI gpio_miso_c
    1.041ns            res.PADDI to        SLICE_490.LSR res_c

--------------------------------------------------------------------------------


Timing summary (Hold):
---------------

Timing errors: 0  Score: 0
Cumulative negative slack: 0

Constraints cover 3294368 paths, 1 nets, and 5553 connections (99.86% coverage)



Timing summary (Setup and Hold):
---------------

Timing errors: 0 (setup), 0 (hold)
Score: 0 (setup), 0 (hold)
Cumulative negative slack: 0 (0+0)
--------------------------------------------------------------------------------

--------------------------------------------------------------------------------

