
Loading design for application trce from file cp58a_impl1.ncd.
Design name: uj11_hc1200_microcomp
NCD version: 3.3
Vendor:      LATTICE
Device:      LCMXO2-1200HC
Package:     QFN32
Performance: 4
Loading device for application trce from file 'xo2c1200.nph' in environment: /home/sash/.local/lscc/diamond/3.14/ispfpga.
Package Status:                     Final          Version 1.44.
Performance Hardware Data Status:   Final          Version 36.4.
Setup and Hold Report

--------------------------------------------------------------------------------
Lattice TRACE Report - Setup, Version Diamond (64-bit) 3.14.0.75.2
Sat Sep 12 14:12:08 2026

Copyright (c) 1991-1994 by NeoCAD Inc. All rights reserved.
Copyright (c) 1995 AT&T Corp.   All rights reserved.
Copyright (c) 1995-2001 Lucent Technologies Inc.  All rights reserved.
Copyright (c) 2001 Agere Systems   All rights reserved.
Copyright (c) 2002-2024 Lattice Semiconductor Corporation,  All rights reserved.

Report Information
------------------
Command line:    trce -v 10 -c -u 0 -gt -sethld -sp 4 -sphld m -o cp58a_impl1.twr cp58a_impl1.ncd cp58a_impl1.prf 
Design file:     cp58a_impl1.ncd
Preference file: cp58a_impl1.prf
Device,speed:    LCMXO2-1200HC,4
Report level:    verbose report, limited to 10 items per preference
--------------------------------------------------------------------------------

BLOCK ASYNCPATHS
BLOCK RESETPATHS
--------------------------------------------------------------------------------



================================================================================
Preference: FREQUENCY NET "clk" 29.560000 MHz ;
            4096 items scored, 0 timing errors detected.
--------------------------------------------------------------------------------


Passed: The following path meets requirements by 1.301ns

 Logical Details:  Cell type  Pin type       Cell/ASIC name  (clock net +/-)

   Source:         DP8KC      Port           system/cpu/engine/rom/lane_2(ASIC)  (from clk +)
   Destination:    DP8KC      Port           system/cpu/engine/rom/lane_3(ASIC)  (to clk +)

   Delay:              32.554ns  (40.3% logic, 59.7% route), 17 logic levels.

 Constraint Details:

     32.554ns physical path delay system/cpu/engine/rom/lane_2 to system/cpu/engine/rom/lane_3 meets
     33.829ns delay constraint less
      0.000ns skew and
     -0.026ns ADDR_SET requirement (totaling 33.855ns) by 1.301ns

 Physical Path Details:

      Data path system/cpu/engine/rom/lane_2 to system/cpu/engine/rom/lane_3:

   Name    Fanout   Delay (ns)          Site               Resource
C2Q_DEL     ---     4.979 EBR_R6C14.CLKA to EBR_R6C14.DOA8 system/cpu/engine/rom/lane_2 (from clk)
ROUTE         4     1.508 EBR_R6C14.DOA8 to      R8C10A.D1 system/cpu/engine/a_select_2[0]
CTOF_DEL    ---     0.495      R8C10A.D1 to      R8C10A.F1 system/cpu/engine/SLICE_403
ROUTE         1     0.747      R8C10A.F1 to      R8C10A.C0 system/cpu/engine/un6_select_register[0]
CTOF_DEL    ---     0.495      R8C10A.C0 to      R8C10A.F0 system/cpu/engine/SLICE_403
ROUTE        16     1.828      R8C10A.F0 to      R7C10B.A1 system/cpu/engine/select_register_5[0]
CTOF_DEL    ---     0.495      R7C10B.A1 to      R7C10B.F1 system/cpu/engine/dp/rf/words_ram/SLICE_45
ROUTE        27     1.816      R7C10B.F1 to      R8C11D.B1 system/address[3]
CTOF_DEL    ---     0.495      R8C11D.B1 to      R8C11D.F1 system/bus/SLICE_615
ROUTE         1     1.383      R8C11D.F1 to      R8C10D.A1 system/bus/un1_address_28_1_0
CTOF_DEL    ---     0.495      R8C10D.A1 to      R8C10D.F1 system/bus/SLICE_478
ROUTE         4     1.013      R8C10D.F1 to      R8C10D.B0 system/bus/un1_address_28
CTOF_DEL    ---     0.495      R8C10D.B0 to      R8C10D.F0 system/bus/SLICE_478
ROUTE         4     0.635      R8C10D.F0 to      R8C10B.D0 system/bus/immediate_io_response_3
CTOF_DEL    ---     0.495      R8C10B.D0 to      R8C10B.F0 system/bus/SLICE_468
ROUTE         2     1.467      R8C10B.F0 to      R8C16D.D0 system/bus/immediate_io_responsedupdup
CTOF_DEL    ---     0.495      R8C16D.D0 to      R8C16D.F0 system/SLICE_385
ROUTE         3     0.453      R8C16D.F0 to      R8C16C.C1 system/acknowledgedupdup
CTOF_DEL    ---     0.495      R8C16C.C1 to      R8C16C.F1 system/cpu/engine/SLICE_564
ROUTE         3     0.453      R8C16C.F1 to      R8C16C.C0 system/cpu/engine/un1_mem_ack_fcdupdup
CTOF_DEL    ---     0.495      R8C16C.C0 to      R8C16C.F0 system/cpu/engine/SLICE_564
ROUTE         4     1.174      R8C16C.F0 to       R8C8B.D1 system/cpu/engine/un1_memory_op_1dupdup_RNIM7B9Q
CTOOFX_DEL  ---     0.721       R8C8B.D1 to     R8C8B.OFX0 system/cpu/engine/seq/predicates_pmux_6/SLICE_292
ROUTE         1     0.623     R8C8B.OFX0 to       R8C9D.D0 system/cpu/engine/seq/N_78
CTOF_DEL    ---     0.495       R8C9D.D0 to       R8C9D.F0 system/cpu/engine/seq/SLICE_524
ROUTE         2     1.582       R8C9D.F0 to      R8C19D.D0 system/cpu/engine/seq/condition
CTOF_DEL    ---     0.495      R8C19D.D0 to      R8C19D.F0 system/cpu/engine/seq/SLICE_505
ROUTE         1     0.436      R8C19D.F0 to      R8C19C.C1 system/cpu/engine/seq/un1_next_address33
CTOF_DEL    ---     0.495      R8C19C.C1 to      R8C19C.F1 system/cpu/engine/seq/SLICE_502
ROUTE        10     1.005      R8C19C.F1 to      R7C18D.D1 system/cpu/engine/seq/next_address_4_sqmuxa
CTOF_DEL    ---     0.495      R7C18D.D1 to      R7C18D.F1 system/SLICE_83
ROUTE         1     1.023      R7C18D.F1 to      R9C18A.B1 system/cpu/engine/seq/uword_m[18]
CTOF_DEL    ---     0.495      R9C18A.B1 to      R9C18A.F1 system/cpu/engine/seq/SLICE_242
ROUTE         5     2.283      R9C18A.F1 to *R_R6C10.ADA10 system/cpu/engine/next_address[7] (to clk)
                  --------
                   32.554   (40.3% logic, 59.7% route), 17 logic levels.

 Clock Skew Details: 

      Source Clock Path oscillator to system/cpu/engine/rom/lane_2:

   Name    Fanout   Delay (ns)          Site               Resource
ROUTE       245     3.714        OSC.OSC to EBR_R6C14.CLKA clk
                  --------
                    3.714   (0.0% logic, 100.0% route), 0 logic levels.

      Destination Clock Path oscillator to system/cpu/engine/rom/lane_3:

   Name    Fanout   Delay (ns)          Site               Resource
ROUTE       245     3.714        OSC.OSC to EBR_R6C10.CLKA clk
                  --------
                    3.714   (0.0% logic, 100.0% route), 0 logic levels.


Passed: The following path meets requirements by 1.377ns

 Logical Details:  Cell type  Pin type       Cell/ASIC name  (clock net +/-)

   Source:         DP8KC      Port           system/cpu/engine/rom/lane_2(ASIC)  (from clk +)
   Destination:    DP8KC      Port           system/cpu/engine/rom/lane_2(ASIC)  (to clk +)

   Delay:              32.478ns  (40.4% logic, 59.6% route), 17 logic levels.

 Constraint Details:

     32.478ns physical path delay system/cpu/engine/rom/lane_2 to system/cpu/engine/rom/lane_2 meets
     33.829ns delay constraint less
      0.000ns skew and
     -0.026ns ADDR_SET requirement (totaling 33.855ns) by 1.377ns

 Physical Path Details:

      Data path system/cpu/engine/rom/lane_2 to system/cpu/engine/rom/lane_2:

   Name    Fanout   Delay (ns)          Site               Resource
C2Q_DEL     ---     4.979 EBR_R6C14.CLKA to EBR_R6C14.DOA8 system/cpu/engine/rom/lane_2 (from clk)
ROUTE         4     1.508 EBR_R6C14.DOA8 to      R8C10A.D1 system/cpu/engine/a_select_2[0]
CTOF_DEL    ---     0.495      R8C10A.D1 to      R8C10A.F1 system/cpu/engine/SLICE_403
ROUTE         1     0.747      R8C10A.F1 to      R8C10A.C0 system/cpu/engine/un6_select_register[0]
CTOF_DEL    ---     0.495      R8C10A.C0 to      R8C10A.F0 system/cpu/engine/SLICE_403
ROUTE        16     1.828      R8C10A.F0 to      R7C10B.A1 system/cpu/engine/select_register_5[0]
CTOF_DEL    ---     0.495      R7C10B.A1 to      R7C10B.F1 system/cpu/engine/dp/rf/words_ram/SLICE_45
ROUTE        27     1.816      R7C10B.F1 to      R8C11D.B1 system/address[3]
CTOF_DEL    ---     0.495      R8C11D.B1 to      R8C11D.F1 system/bus/SLICE_615
ROUTE         1     1.383      R8C11D.F1 to      R8C10D.A1 system/bus/un1_address_28_1_0
CTOF_DEL    ---     0.495      R8C10D.A1 to      R8C10D.F1 system/bus/SLICE_478
ROUTE         4     1.013      R8C10D.F1 to      R8C10D.B0 system/bus/un1_address_28
CTOF_DEL    ---     0.495      R8C10D.B0 to      R8C10D.F0 system/bus/SLICE_478
ROUTE         4     0.635      R8C10D.F0 to      R8C10B.D0 system/bus/immediate_io_response_3
CTOF_DEL    ---     0.495      R8C10B.D0 to      R8C10B.F0 system/bus/SLICE_468
ROUTE         2     1.467      R8C10B.F0 to      R8C16D.D0 system/bus/immediate_io_responsedupdup
CTOF_DEL    ---     0.495      R8C16D.D0 to      R8C16D.F0 system/SLICE_385
ROUTE         3     0.453      R8C16D.F0 to      R8C16C.C1 system/acknowledgedupdup
CTOF_DEL    ---     0.495      R8C16C.C1 to      R8C16C.F1 system/cpu/engine/SLICE_564
ROUTE         3     0.453      R8C16C.F1 to      R8C16C.C0 system/cpu/engine/un1_mem_ack_fcdupdup
CTOF_DEL    ---     0.495      R8C16C.C0 to      R8C16C.F0 system/cpu/engine/SLICE_564
ROUTE         4     1.174      R8C16C.F0 to       R8C8B.D1 system/cpu/engine/un1_memory_op_1dupdup_RNIM7B9Q
CTOOFX_DEL  ---     0.721       R8C8B.D1 to     R8C8B.OFX0 system/cpu/engine/seq/predicates_pmux_6/SLICE_292
ROUTE         1     0.623     R8C8B.OFX0 to       R8C9D.D0 system/cpu/engine/seq/N_78
CTOF_DEL    ---     0.495       R8C9D.D0 to       R8C9D.F0 system/cpu/engine/seq/SLICE_524
ROUTE         2     1.582       R8C9D.F0 to      R8C19D.D0 system/cpu/engine/seq/condition
CTOF_DEL    ---     0.495      R8C19D.D0 to      R8C19D.F0 system/cpu/engine/seq/SLICE_505
ROUTE         1     0.436      R8C19D.F0 to      R8C19C.C1 system/cpu/engine/seq/un1_next_address33
CTOF_DEL    ---     0.495      R8C19C.C1 to      R8C19C.F1 system/cpu/engine/seq/SLICE_502
ROUTE        10     1.005      R8C19C.F1 to      R7C18D.D1 system/cpu/engine/seq/next_address_4_sqmuxa
CTOF_DEL    ---     0.495      R7C18D.D1 to      R7C18D.F1 system/SLICE_83
ROUTE         1     1.023      R7C18D.F1 to      R9C18A.B1 system/cpu/engine/seq/uword_m[18]
CTOF_DEL    ---     0.495      R9C18A.B1 to      R9C18A.F1 system/cpu/engine/seq/SLICE_242
ROUTE         5     2.207      R9C18A.F1 to *R_R6C14.ADA10 system/cpu/engine/next_address[7] (to clk)
                  --------
                   32.478   (40.4% logic, 59.6% route), 17 logic levels.

 Clock Skew Details: 

      Source Clock Path oscillator to system/cpu/engine/rom/lane_2:

   Name    Fanout   Delay (ns)          Site               Resource
ROUTE       245     3.714        OSC.OSC to EBR_R6C14.CLKA clk
                  --------
                    3.714   (0.0% logic, 100.0% route), 0 logic levels.

      Destination Clock Path oscillator to system/cpu/engine/rom/lane_2:

   Name    Fanout   Delay (ns)          Site               Resource
ROUTE       245     3.714        OSC.OSC to EBR_R6C14.CLKA clk
                  --------
                    3.714   (0.0% logic, 100.0% route), 0 logic levels.


Passed: The following path meets requirements by 1.439ns

 Logical Details:  Cell type  Pin type       Cell/ASIC name  (clock net +/-)

   Source:         DP8KC      Port           system/cpu/engine/rom/lane_2(ASIC)  (from clk +)
   Destination:    DP8KC      Port           system/cpu/engine/rom/lane_3(ASIC)  (to clk +)

   Delay:              32.416ns  (40.5% logic, 59.5% route), 17 logic levels.

 Constraint Details:

     32.416ns physical path delay system/cpu/engine/rom/lane_2 to system/cpu/engine/rom/lane_3 meets
     33.829ns delay constraint less
      0.000ns skew and
     -0.026ns ADDR_SET requirement (totaling 33.855ns) by 1.439ns

 Physical Path Details:

      Data path system/cpu/engine/rom/lane_2 to system/cpu/engine/rom/lane_3:

   Name    Fanout   Delay (ns)          Site               Resource
C2Q_DEL     ---     4.979 EBR_R6C14.CLKA to EBR_R6C14.DOA8 system/cpu/engine/rom/lane_2 (from clk)
ROUTE         4     1.789 EBR_R6C14.DOA8 to      R8C12A.D1 system/cpu/engine/a_select_2[0]
CTOF_DEL    ---     0.495      R8C12A.D1 to      R8C12A.F1 system/cpu/engine/SLICE_665
ROUTE         1     0.744      R8C12A.F1 to      R8C11A.C1 system/cpu/engine/un6_select_register[1]
CTOF_DEL    ---     0.495      R8C11A.C1 to      R8C11A.F1 system/cpu/engine/SLICE_397
ROUTE        18     1.412      R8C11A.F1 to      R7C10B.B1 system/cpu/engine/un30_d_axb1
CTOF_DEL    ---     0.495      R7C10B.B1 to      R7C10B.F1 system/cpu/engine/dp/rf/words_ram/SLICE_45
ROUTE        27     1.816      R7C10B.F1 to      R8C11D.B1 system/address[3]
CTOF_DEL    ---     0.495      R8C11D.B1 to      R8C11D.F1 system/bus/SLICE_615
ROUTE         1     1.383      R8C11D.F1 to      R8C10D.A1 system/bus/un1_address_28_1_0
CTOF_DEL    ---     0.495      R8C10D.A1 to      R8C10D.F1 system/bus/SLICE_478
ROUTE         4     1.013      R8C10D.F1 to      R8C10D.B0 system/bus/un1_address_28
CTOF_DEL    ---     0.495      R8C10D.B0 to      R8C10D.F0 system/bus/SLICE_478
ROUTE         4     0.635      R8C10D.F0 to      R8C10B.D0 system/bus/immediate_io_response_3
CTOF_DEL    ---     0.495      R8C10B.D0 to      R8C10B.F0 system/bus/SLICE_468
ROUTE         2     1.467      R8C10B.F0 to      R8C16D.D0 system/bus/immediate_io_responsedupdup
CTOF_DEL    ---     0.495      R8C16D.D0 to      R8C16D.F0 system/SLICE_385
ROUTE         3     0.453      R8C16D.F0 to      R8C16C.C1 system/acknowledgedupdup
CTOF_DEL    ---     0.495      R8C16C.C1 to      R8C16C.F1 system/cpu/engine/SLICE_564
ROUTE         3     0.453      R8C16C.F1 to      R8C16C.C0 system/cpu/engine/un1_mem_ack_fcdupdup
CTOF_DEL    ---     0.495      R8C16C.C0 to      R8C16C.F0 system/cpu/engine/SLICE_564
ROUTE         4     1.174      R8C16C.F0 to       R8C8B.D1 system/cpu/engine/un1_memory_op_1dupdup_RNIM7B9Q
CTOOFX_DEL  ---     0.721       R8C8B.D1 to     R8C8B.OFX0 system/cpu/engine/seq/predicates_pmux_6/SLICE_292
ROUTE         1     0.623     R8C8B.OFX0 to       R8C9D.D0 system/cpu/engine/seq/N_78
CTOF_DEL    ---     0.495       R8C9D.D0 to       R8C9D.F0 system/cpu/engine/seq/SLICE_524
ROUTE         2     1.582       R8C9D.F0 to      R8C19D.D0 system/cpu/engine/seq/condition
CTOF_DEL    ---     0.495      R8C19D.D0 to      R8C19D.F0 system/cpu/engine/seq/SLICE_505
ROUTE         1     0.436      R8C19D.F0 to      R8C19C.C1 system/cpu/engine/seq/un1_next_address33
CTOF_DEL    ---     0.495      R8C19C.C1 to      R8C19C.F1 system/cpu/engine/seq/SLICE_502
ROUTE        10     1.005      R8C19C.F1 to      R7C18D.D1 system/cpu/engine/seq/next_address_4_sqmuxa
CTOF_DEL    ---     0.495      R7C18D.D1 to      R7C18D.F1 system/SLICE_83
ROUTE         1     1.023      R7C18D.F1 to      R9C18A.B1 system/cpu/engine/seq/uword_m[18]
CTOF_DEL    ---     0.495      R9C18A.B1 to      R9C18A.F1 system/cpu/engine/seq/SLICE_242
ROUTE         5     2.283      R9C18A.F1 to *R_R6C10.ADA10 system/cpu/engine/next_address[7] (to clk)
                  --------
                   32.416   (40.5% logic, 59.5% route), 17 logic levels.

 Clock Skew Details: 

      Source Clock Path oscillator to system/cpu/engine/rom/lane_2:

   Name    Fanout   Delay (ns)          Site               Resource
ROUTE       245     3.714        OSC.OSC to EBR_R6C14.CLKA clk
                  --------
                    3.714   (0.0% logic, 100.0% route), 0 logic levels.

      Destination Clock Path oscillator to system/cpu/engine/rom/lane_3:

   Name    Fanout   Delay (ns)          Site               Resource
ROUTE       245     3.714        OSC.OSC to EBR_R6C10.CLKA clk
                  --------
                    3.714   (0.0% logic, 100.0% route), 0 logic levels.


Passed: The following path meets requirements by 1.515ns

 Logical Details:  Cell type  Pin type       Cell/ASIC name  (clock net +/-)

   Source:         DP8KC      Port           system/cpu/engine/rom/lane_2(ASIC)  (from clk +)
   Destination:    DP8KC      Port           system/cpu/engine/rom/lane_2(ASIC)  (to clk +)

   Delay:              32.340ns  (40.6% logic, 59.4% route), 17 logic levels.

 Constraint Details:

     32.340ns physical path delay system/cpu/engine/rom/lane_2 to system/cpu/engine/rom/lane_2 meets
     33.829ns delay constraint less
      0.000ns skew and
     -0.026ns ADDR_SET requirement (totaling 33.855ns) by 1.515ns

 Physical Path Details:

      Data path system/cpu/engine/rom/lane_2 to system/cpu/engine/rom/lane_2:

   Name    Fanout   Delay (ns)          Site               Resource
C2Q_DEL     ---     4.979 EBR_R6C14.CLKA to EBR_R6C14.DOA8 system/cpu/engine/rom/lane_2 (from clk)
ROUTE         4     1.789 EBR_R6C14.DOA8 to      R8C12A.D1 system/cpu/engine/a_select_2[0]
CTOF_DEL    ---     0.495      R8C12A.D1 to      R8C12A.F1 system/cpu/engine/SLICE_665
ROUTE         1     0.744      R8C12A.F1 to      R8C11A.C1 system/cpu/engine/un6_select_register[1]
CTOF_DEL    ---     0.495      R8C11A.C1 to      R8C11A.F1 system/cpu/engine/SLICE_397
ROUTE        18     1.412      R8C11A.F1 to      R7C10B.B1 system/cpu/engine/un30_d_axb1
CTOF_DEL    ---     0.495      R7C10B.B1 to      R7C10B.F1 system/cpu/engine/dp/rf/words_ram/SLICE_45
ROUTE        27     1.816      R7C10B.F1 to      R8C11D.B1 system/address[3]
CTOF_DEL    ---     0.495      R8C11D.B1 to      R8C11D.F1 system/bus/SLICE_615
ROUTE         1     1.383      R8C11D.F1 to      R8C10D.A1 system/bus/un1_address_28_1_0
CTOF_DEL    ---     0.495      R8C10D.A1 to      R8C10D.F1 system/bus/SLICE_478
ROUTE         4     1.013      R8C10D.F1 to      R8C10D.B0 system/bus/un1_address_28
CTOF_DEL    ---     0.495      R8C10D.B0 to      R8C10D.F0 system/bus/SLICE_478
ROUTE         4     0.635      R8C10D.F0 to      R8C10B.D0 system/bus/immediate_io_response_3
CTOF_DEL    ---     0.495      R8C10B.D0 to      R8C10B.F0 system/bus/SLICE_468
ROUTE         2     1.467      R8C10B.F0 to      R8C16D.D0 system/bus/immediate_io_responsedupdup
CTOF_DEL    ---     0.495      R8C16D.D0 to      R8C16D.F0 system/SLICE_385
ROUTE         3     0.453      R8C16D.F0 to      R8C16C.C1 system/acknowledgedupdup
CTOF_DEL    ---     0.495      R8C16C.C1 to      R8C16C.F1 system/cpu/engine/SLICE_564
ROUTE         3     0.453      R8C16C.F1 to      R8C16C.C0 system/cpu/engine/un1_mem_ack_fcdupdup
CTOF_DEL    ---     0.495      R8C16C.C0 to      R8C16C.F0 system/cpu/engine/SLICE_564
ROUTE         4     1.174      R8C16C.F0 to       R8C8B.D1 system/cpu/engine/un1_memory_op_1dupdup_RNIM7B9Q
CTOOFX_DEL  ---     0.721       R8C8B.D1 to     R8C8B.OFX0 system/cpu/engine/seq/predicates_pmux_6/SLICE_292
ROUTE         1     0.623     R8C8B.OFX0 to       R8C9D.D0 system/cpu/engine/seq/N_78
CTOF_DEL    ---     0.495       R8C9D.D0 to       R8C9D.F0 system/cpu/engine/seq/SLICE_524
ROUTE         2     1.582       R8C9D.F0 to      R8C19D.D0 system/cpu/engine/seq/condition
CTOF_DEL    ---     0.495      R8C19D.D0 to      R8C19D.F0 system/cpu/engine/seq/SLICE_505
ROUTE         1     0.436      R8C19D.F0 to      R8C19C.C1 system/cpu/engine/seq/un1_next_address33
CTOF_DEL    ---     0.495      R8C19C.C1 to      R8C19C.F1 system/cpu/engine/seq/SLICE_502
ROUTE        10     1.005      R8C19C.F1 to      R7C18D.D1 system/cpu/engine/seq/next_address_4_sqmuxa
CTOF_DEL    ---     0.495      R7C18D.D1 to      R7C18D.F1 system/SLICE_83
ROUTE         1     1.023      R7C18D.F1 to      R9C18A.B1 system/cpu/engine/seq/uword_m[18]
CTOF_DEL    ---     0.495      R9C18A.B1 to      R9C18A.F1 system/cpu/engine/seq/SLICE_242
ROUTE         5     2.207      R9C18A.F1 to *R_R6C14.ADA10 system/cpu/engine/next_address[7] (to clk)
                  --------
                   32.340   (40.6% logic, 59.4% route), 17 logic levels.

 Clock Skew Details: 

      Source Clock Path oscillator to system/cpu/engine/rom/lane_2:

   Name    Fanout   Delay (ns)          Site               Resource
ROUTE       245     3.714        OSC.OSC to EBR_R6C14.CLKA clk
                  --------
                    3.714   (0.0% logic, 100.0% route), 0 logic levels.

      Destination Clock Path oscillator to system/cpu/engine/rom/lane_2:

   Name    Fanout   Delay (ns)          Site               Resource
ROUTE       245     3.714        OSC.OSC to EBR_R6C14.CLKA clk
                  --------
                    3.714   (0.0% logic, 100.0% route), 0 logic levels.


Passed: The following path meets requirements by 1.623ns

 Logical Details:  Cell type  Pin type       Cell/ASIC name  (clock net +/-)

   Source:         DP8KC      Port           system/cpu/engine/rom/lane_2(ASIC)  (from clk +)
   Destination:    DP8KC      Port           system/cpu/engine/rom/lane_3(ASIC)  (to clk +)

   Delay:              32.232ns  (40.0% logic, 60.0% route), 17 logic levels.

 Constraint Details:

     32.232ns physical path delay system/cpu/engine/rom/lane_2 to system/cpu/engine/rom/lane_3 meets
     33.829ns delay constraint less
      0.000ns skew and
     -0.026ns ADDR_SET requirement (totaling 33.855ns) by 1.623ns

 Physical Path Details:

      Data path system/cpu/engine/rom/lane_2 to system/cpu/engine/rom/lane_3:

   Name    Fanout   Delay (ns)          Site               Resource
C2Q_DEL     ---     4.979 EBR_R6C14.CLKA to EBR_R6C14.DOA8 system/cpu/engine/rom/lane_2 (from clk)
ROUTE         4     1.508 EBR_R6C14.DOA8 to      R8C10A.D1 system/cpu/engine/a_select_2[0]
CTOF_DEL    ---     0.495      R8C10A.D1 to      R8C10A.F1 system/cpu/engine/SLICE_403
ROUTE         1     0.747      R8C10A.F1 to      R8C10A.C0 system/cpu/engine/un6_select_register[0]
CTOF_DEL    ---     0.495      R8C10A.C0 to      R8C10A.F0 system/cpu/engine/SLICE_403
ROUTE        16     1.828      R8C10A.F0 to      R7C10B.A1 system/cpu/engine/select_register_5[0]
CTOF_DEL    ---     0.495      R7C10B.A1 to      R7C10B.F1 system/cpu/engine/dp/rf/words_ram/SLICE_45
ROUTE        27     1.816      R7C10B.F1 to      R8C11D.B1 system/address[3]
CTOF_DEL    ---     0.495      R8C11D.B1 to      R8C11D.F1 system/bus/SLICE_615
ROUTE         1     1.383      R8C11D.F1 to      R8C10D.A1 system/bus/un1_address_28_1_0
CTOF_DEL    ---     0.495      R8C10D.A1 to      R8C10D.F1 system/bus/SLICE_478
ROUTE         4     1.013      R8C10D.F1 to      R8C10D.B0 system/bus/un1_address_28
CTOF_DEL    ---     0.495      R8C10D.B0 to      R8C10D.F0 system/bus/SLICE_478
ROUTE         4     0.635      R8C10D.F0 to      R8C10B.D0 system/bus/immediate_io_response_3
CTOF_DEL    ---     0.495      R8C10B.D0 to      R8C10B.F0 system/bus/SLICE_468
ROUTE         2     1.467      R8C10B.F0 to      R8C16D.D0 system/bus/immediate_io_responsedupdup
CTOF_DEL    ---     0.495      R8C16D.D0 to      R8C16D.F0 system/SLICE_385
ROUTE         3     0.453      R8C16D.F0 to      R8C16C.C1 system/acknowledgedupdup
CTOF_DEL    ---     0.495      R8C16C.C1 to      R8C16C.F1 system/cpu/engine/SLICE_564
ROUTE         3     0.640      R8C16C.F1 to      R8C17B.D1 system/cpu/engine/un1_mem_ack_fcdupdup
CTOF_DEL    ---     0.495      R8C17B.D1 to      R8C17B.F1 system/SLICE_419
ROUTE         5     1.089      R8C17B.F1 to     R10C19A.D1 system/cpu/engine/fault_redirectdup
CTOF_DEL    ---     0.495     R10C19A.D1 to     R10C19A.F1 system/cpu/engine/seq/SLICE_501
ROUTE         9     1.238     R10C19A.F1 to      R8C21A.C1 system/cpu/engine/seq/next_address_3_sqmuxa_3
CTOF_DEL    ---     0.495      R8C21A.C1 to      R8C21A.F1 system/cpu/engine/seq/SLICE_526
ROUTE         5     0.710      R8C21A.F1 to      R8C21A.B0 system/cpu/engine/seq/next_address_9_sqmuxa
CTOF_DEL    ---     0.495      R8C21A.B0 to      R8C21A.F0 system/cpu/engine/seq/SLICE_526
ROUTE         1     0.315      R8C21A.F0 to      R8C21B.D0 system/cpu/engine/seq/next_address_0_iv_2[2]
CTOF_DEL    ---     0.495      R8C21B.D0 to      R8C21B.F0 system/cpu/engine/seq/SLICE_519
ROUTE         1     0.986      R8C21B.F0 to     R10C21D.A0 system/cpu/engine/seq/next_address_0_iv_4[2]
CTOF_DEL    ---     0.495     R10C21D.A0 to     R10C21D.F0 system/cpu/engine/seq/SLICE_509
ROUTE         1     1.336     R10C21D.F0 to      R8C20D.B0 system/cpu/engine/seq/next_address_0_iv_5[2]
CTOF_DEL    ---     0.495      R8C20D.B0 to      R8C20D.F0 system/cpu/engine/seq/SLICE_240
ROUTE         5     2.169      R8C20D.F0 to EBR_R6C10.ADA5 system/cpu/engine/next_address_0_iv_i[2] (to clk)
                  --------
                   32.232   (40.0% logic, 60.0% route), 17 logic levels.

 Clock Skew Details: 

      Source Clock Path oscillator to system/cpu/engine/rom/lane_2:

   Name    Fanout   Delay (ns)          Site               Resource
ROUTE       245     3.714        OSC.OSC to EBR_R6C14.CLKA clk
                  --------
                    3.714   (0.0% logic, 100.0% route), 0 logic levels.

      Destination Clock Path oscillator to system/cpu/engine/rom/lane_3:

   Name    Fanout   Delay (ns)          Site               Resource
ROUTE       245     3.714        OSC.OSC to EBR_R6C10.CLKA clk
                  --------
                    3.714   (0.0% logic, 100.0% route), 0 logic levels.


Passed: The following path meets requirements by 1.659ns

 Logical Details:  Cell type  Pin type       Cell/ASIC name  (clock net +/-)

   Source:         DP8KC      Port           system/cpu/engine/rom/lane_2(ASIC)  (from clk +)
   Destination:    DP8KC      Port           system/cpu/engine/rom/lane_3(ASIC)  (to clk +)

   Delay:              32.196ns  (40.8% logic, 59.2% route), 17 logic levels.

 Constraint Details:

     32.196ns physical path delay system/cpu/engine/rom/lane_2 to system/cpu/engine/rom/lane_3 meets
     33.829ns delay constraint less
      0.000ns skew and
     -0.026ns ADDR_SET requirement (totaling 33.855ns) by 1.659ns

 Physical Path Details:

      Data path system/cpu/engine/rom/lane_2 to system/cpu/engine/rom/lane_3:

   Name    Fanout   Delay (ns)          Site               Resource
C2Q_DEL     ---     4.979 EBR_R6C14.CLKA to EBR_R6C14.DOA8 system/cpu/engine/rom/lane_2 (from clk)
ROUTE         4     1.508 EBR_R6C14.DOA8 to      R8C10A.D1 system/cpu/engine/a_select_2[0]
CTOF_DEL    ---     0.495      R8C10A.D1 to      R8C10A.F1 system/cpu/engine/SLICE_403
ROUTE         1     0.747      R8C10A.F1 to      R8C10A.C0 system/cpu/engine/un6_select_register[0]
CTOF_DEL    ---     0.495      R8C10A.C0 to      R8C10A.F0 system/cpu/engine/SLICE_403
ROUTE        16     1.828      R8C10A.F0 to      R7C10B.A1 system/cpu/engine/select_register_5[0]
CTOF_DEL    ---     0.495      R7C10B.A1 to      R7C10B.F1 system/cpu/engine/dp/rf/words_ram/SLICE_45
ROUTE        27     1.816      R7C10B.F1 to      R8C11D.B1 system/address[3]
CTOF_DEL    ---     0.495      R8C11D.B1 to      R8C11D.F1 system/bus/SLICE_615
ROUTE         1     1.383      R8C11D.F1 to      R8C10D.A1 system/bus/un1_address_28_1_0
CTOF_DEL    ---     0.495      R8C10D.A1 to      R8C10D.F1 system/bus/SLICE_478
ROUTE         4     1.013      R8C10D.F1 to      R8C10D.B0 system/bus/un1_address_28
CTOF_DEL    ---     0.495      R8C10D.B0 to      R8C10D.F0 system/bus/SLICE_478
ROUTE         4     0.635      R8C10D.F0 to      R8C10B.D0 system/bus/immediate_io_response_3
CTOF_DEL    ---     0.495      R8C10B.D0 to      R8C10B.F0 system/bus/SLICE_468
ROUTE         2     1.467      R8C10B.F0 to      R8C16D.D0 system/bus/immediate_io_responsedupdup
CTOF_DEL    ---     0.495      R8C16D.D0 to      R8C16D.F0 system/SLICE_385
ROUTE         3     0.453      R8C16D.F0 to      R8C16C.C1 system/acknowledgedupdup
CTOF_DEL    ---     0.495      R8C16C.C1 to      R8C16C.F1 system/cpu/engine/SLICE_564
ROUTE         3     0.453      R8C16C.F1 to      R8C16C.C0 system/cpu/engine/un1_mem_ack_fcdupdup
CTOF_DEL    ---     0.495      R8C16C.C0 to      R8C16C.F0 system/cpu/engine/SLICE_564
ROUTE         4     1.174      R8C16C.F0 to       R8C8B.D1 system/cpu/engine/un1_memory_op_1dupdup_RNIM7B9Q
CTOOFX_DEL  ---     0.721       R8C8B.D1 to     R8C8B.OFX0 system/cpu/engine/seq/predicates_pmux_6/SLICE_292
ROUTE         1     0.623     R8C8B.OFX0 to       R8C9D.D0 system/cpu/engine/seq/N_78
CTOF_DEL    ---     0.495       R8C9D.D0 to       R8C9D.F0 system/cpu/engine/seq/SLICE_524
ROUTE         2     1.582       R8C9D.F0 to      R8C19D.D0 system/cpu/engine/seq/condition
CTOF_DEL    ---     0.495      R8C19D.D0 to      R8C19D.F0 system/cpu/engine/seq/SLICE_505
ROUTE         1     0.436      R8C19D.F0 to      R8C19C.C1 system/cpu/engine/seq/un1_next_address33
CTOF_DEL    ---     0.495      R8C19C.C1 to      R8C19C.F1 system/cpu/engine/seq/SLICE_502
ROUTE        10     1.075      R8C19C.F1 to      R9C19D.B0 system/cpu/engine/seq/next_address_4_sqmuxa
CTOF_DEL    ---     0.495      R9C19D.B0 to      R9C19D.F0 system/cpu/engine/seq/SLICE_625
ROUTE         1     0.747      R9C19D.F0 to      R9C19B.C0 system/cpu/engine/seq/uword_i_m[15]
CTOF_DEL    ---     0.495      R9C19B.C0 to      R9C19B.F0 system/cpu/engine/seq/SLICE_241
ROUTE         5     2.131      R9C19B.F0 to EBR_R6C10.ADA7 system/cpu/engine/next_address_1_iv_i[4] (to clk)
                  --------
                   32.196   (40.8% logic, 59.2% route), 17 logic levels.

 Clock Skew Details: 

      Source Clock Path oscillator to system/cpu/engine/rom/lane_2:

   Name    Fanout   Delay (ns)          Site               Resource
ROUTE       245     3.714        OSC.OSC to EBR_R6C14.CLKA clk
                  --------
                    3.714   (0.0% logic, 100.0% route), 0 logic levels.

      Destination Clock Path oscillator to system/cpu/engine/rom/lane_3:

   Name    Fanout   Delay (ns)          Site               Resource
ROUTE       245     3.714        OSC.OSC to EBR_R6C10.CLKA clk
                  --------
                    3.714   (0.0% logic, 100.0% route), 0 logic levels.


Passed: The following path meets requirements by 1.670ns

 Logical Details:  Cell type  Pin type       Cell/ASIC name  (clock net +/-)

   Source:         DP8KC      Port           system/cpu/engine/rom/lane_2(ASIC)  (from clk +)
   Destination:    DP8KC      Port           system/cpu/engine/rom/lane_3(ASIC)  (to clk +)

   Delay:              32.185ns  (40.8% logic, 59.2% route), 17 logic levels.

 Constraint Details:

     32.185ns physical path delay system/cpu/engine/rom/lane_2 to system/cpu/engine/rom/lane_3 meets
     33.829ns delay constraint less
      0.000ns skew and
     -0.026ns ADDR_SET requirement (totaling 33.855ns) by 1.670ns

 Physical Path Details:

      Data path system/cpu/engine/rom/lane_2 to system/cpu/engine/rom/lane_3:

   Name    Fanout   Delay (ns)          Site               Resource
C2Q_DEL     ---     4.979 EBR_R6C14.CLKA to EBR_R6C14.DOA8 system/cpu/engine/rom/lane_2 (from clk)
ROUTE         4     1.056 EBR_R6C14.DOA8 to      R8C16B.C1 system/cpu/engine/a_select_2[0]
CTOF_DEL    ---     0.495      R8C16B.C1 to      R8C16B.F1 system/cpu/engine/SLICE_653
ROUTE         2     1.079      R8C16B.F1 to      R8C12D.D1 system/cpu/engine/un6_select_register[2]
CTOF_DEL    ---     0.495      R8C12D.D1 to      R8C12D.F1 system/cpu/engine/SLICE_536
ROUTE        17     1.579      R8C12D.F1 to      R7C10B.C1 system/cpu/engine/un30_d_axb2
CTOF_DEL    ---     0.495      R7C10B.C1 to      R7C10B.F1 system/cpu/engine/dp/rf/words_ram/SLICE_45
ROUTE        27     1.816      R7C10B.F1 to      R8C11D.B1 system/address[3]
CTOF_DEL    ---     0.495      R8C11D.B1 to      R8C11D.F1 system/bus/SLICE_615
ROUTE         1     1.383      R8C11D.F1 to      R8C10D.A1 system/bus/un1_address_28_1_0
CTOF_DEL    ---     0.495      R8C10D.A1 to      R8C10D.F1 system/bus/SLICE_478
ROUTE         4     1.013      R8C10D.F1 to      R8C10D.B0 system/bus/un1_address_28
CTOF_DEL    ---     0.495      R8C10D.B0 to      R8C10D.F0 system/bus/SLICE_478
ROUTE         4     0.635      R8C10D.F0 to      R8C10B.D0 system/bus/immediate_io_response_3
CTOF_DEL    ---     0.495      R8C10B.D0 to      R8C10B.F0 system/bus/SLICE_468
ROUTE         2     1.467      R8C10B.F0 to      R8C16D.D0 system/bus/immediate_io_responsedupdup
CTOF_DEL    ---     0.495      R8C16D.D0 to      R8C16D.F0 system/SLICE_385
ROUTE         3     0.453      R8C16D.F0 to      R8C16C.C1 system/acknowledgedupdup
CTOF_DEL    ---     0.495      R8C16C.C1 to      R8C16C.F1 system/cpu/engine/SLICE_564
ROUTE         3     0.453      R8C16C.F1 to      R8C16C.C0 system/cpu/engine/un1_mem_ack_fcdupdup
CTOF_DEL    ---     0.495      R8C16C.C0 to      R8C16C.F0 system/cpu/engine/SLICE_564
ROUTE         4     1.174      R8C16C.F0 to       R8C8B.D1 system/cpu/engine/un1_memory_op_1dupdup_RNIM7B9Q
CTOOFX_DEL  ---     0.721       R8C8B.D1 to     R8C8B.OFX0 system/cpu/engine/seq/predicates_pmux_6/SLICE_292
ROUTE         1     0.623     R8C8B.OFX0 to       R8C9D.D0 system/cpu/engine/seq/N_78
CTOF_DEL    ---     0.495       R8C9D.D0 to       R8C9D.F0 system/cpu/engine/seq/SLICE_524
ROUTE         2     1.582       R8C9D.F0 to      R8C19D.D0 system/cpu/engine/seq/condition
CTOF_DEL    ---     0.495      R8C19D.D0 to      R8C19D.F0 system/cpu/engine/seq/SLICE_505
ROUTE         1     0.436      R8C19D.F0 to      R8C19C.C1 system/cpu/engine/seq/un1_next_address33
CTOF_DEL    ---     0.495      R8C19C.C1 to      R8C19C.F1 system/cpu/engine/seq/SLICE_502
ROUTE        10     1.005      R8C19C.F1 to      R7C18D.D1 system/cpu/engine/seq/next_address_4_sqmuxa
CTOF_DEL    ---     0.495      R7C18D.D1 to      R7C18D.F1 system/SLICE_83
ROUTE         1     1.023      R7C18D.F1 to      R9C18A.B1 system/cpu/engine/seq/uword_m[18]
CTOF_DEL    ---     0.495      R9C18A.B1 to      R9C18A.F1 system/cpu/engine/seq/SLICE_242
ROUTE         5     2.283      R9C18A.F1 to *R_R6C10.ADA10 system/cpu/engine/next_address[7] (to clk)
                  --------
                   32.185   (40.8% logic, 59.2% route), 17 logic levels.

 Clock Skew Details: 

      Source Clock Path oscillator to system/cpu/engine/rom/lane_2:

   Name    Fanout   Delay (ns)          Site               Resource
ROUTE       245     3.714        OSC.OSC to EBR_R6C14.CLKA clk
                  --------
                    3.714   (0.0% logic, 100.0% route), 0 logic levels.

      Destination Clock Path oscillator to system/cpu/engine/rom/lane_3:

   Name    Fanout   Delay (ns)          Site               Resource
ROUTE       245     3.714        OSC.OSC to EBR_R6C10.CLKA clk
                  --------
                    3.714   (0.0% logic, 100.0% route), 0 logic levels.


Passed: The following path meets requirements by 1.698ns

 Logical Details:  Cell type  Pin type       Cell/ASIC name  (clock net +/-)

   Source:         DP8KC      Port           system/cpu/engine/rom/lane_2(ASIC)  (from clk +)
   Destination:    DP8KC      Port           system/cpu/engine/rom/lane_3(ASIC)  (to clk +)

   Delay:              32.157ns  (40.8% logic, 59.2% route), 17 logic levels.

 Constraint Details:

     32.157ns physical path delay system/cpu/engine/rom/lane_2 to system/cpu/engine/rom/lane_3 meets
     33.829ns delay constraint less
      0.000ns skew and
     -0.026ns ADDR_SET requirement (totaling 33.855ns) by 1.698ns

 Physical Path Details:

      Data path system/cpu/engine/rom/lane_2 to system/cpu/engine/rom/lane_3:

   Name    Fanout   Delay (ns)          Site               Resource
C2Q_DEL     ---     4.979 EBR_R6C14.CLKA to EBR_R6C14.DOA8 system/cpu/engine/rom/lane_2 (from clk)
ROUTE         4     1.508 EBR_R6C14.DOA8 to      R8C10A.D1 system/cpu/engine/a_select_2[0]
CTOF_DEL    ---     0.495      R8C10A.D1 to      R8C10A.F1 system/cpu/engine/SLICE_403
ROUTE         1     0.747      R8C10A.F1 to      R8C10A.C0 system/cpu/engine/un6_select_register[0]
CTOF_DEL    ---     0.495      R8C10A.C0 to      R8C10A.F0 system/cpu/engine/SLICE_403
ROUTE        16     1.828      R8C10A.F0 to      R7C10B.A1 system/cpu/engine/select_register_5[0]
CTOF_DEL    ---     0.495      R7C10B.A1 to      R7C10B.F1 system/cpu/engine/dp/rf/words_ram/SLICE_45
ROUTE        27     1.816      R7C10B.F1 to      R8C11D.B1 system/address[3]
CTOF_DEL    ---     0.495      R8C11D.B1 to      R8C11D.F1 system/bus/SLICE_615
ROUTE         1     1.383      R8C11D.F1 to      R8C10D.A1 system/bus/un1_address_28_1_0
CTOF_DEL    ---     0.495      R8C10D.A1 to      R8C10D.F1 system/bus/SLICE_478
ROUTE         4     1.013      R8C10D.F1 to      R8C10D.B0 system/bus/un1_address_28
CTOF_DEL    ---     0.495      R8C10D.B0 to      R8C10D.F0 system/bus/SLICE_478
ROUTE         4     0.635      R8C10D.F0 to      R8C10B.D0 system/bus/immediate_io_response_3
CTOF_DEL    ---     0.495      R8C10B.D0 to      R8C10B.F0 system/bus/SLICE_468
ROUTE         2     1.467      R8C10B.F0 to      R8C16D.D0 system/bus/immediate_io_responsedupdup
CTOF_DEL    ---     0.495      R8C16D.D0 to      R8C16D.F0 system/SLICE_385
ROUTE         3     0.453      R8C16D.F0 to      R8C16C.C1 system/acknowledgedupdup
CTOF_DEL    ---     0.495      R8C16C.C1 to      R8C16C.F1 system/cpu/engine/SLICE_564
ROUTE         3     0.453      R8C16C.F1 to      R8C16C.C0 system/cpu/engine/un1_mem_ack_fcdupdup
CTOF_DEL    ---     0.495      R8C16C.C0 to      R8C16C.F0 system/cpu/engine/SLICE_564
ROUTE         4     1.174      R8C16C.F0 to       R8C8B.D1 system/cpu/engine/un1_memory_op_1dupdup_RNIM7B9Q
CTOOFX_DEL  ---     0.721       R8C8B.D1 to     R8C8B.OFX0 system/cpu/engine/seq/predicates_pmux_6/SLICE_292
ROUTE         1     0.623     R8C8B.OFX0 to       R8C9D.D0 system/cpu/engine/seq/N_78
CTOF_DEL    ---     0.495       R8C9D.D0 to       R8C9D.F0 system/cpu/engine/seq/SLICE_524
ROUTE         2     1.582       R8C9D.F0 to      R8C19D.D0 system/cpu/engine/seq/condition
CTOF_DEL    ---     0.495      R8C19D.D0 to      R8C19D.F0 system/cpu/engine/seq/SLICE_505
ROUTE         1     0.436      R8C19D.F0 to      R8C19C.C1 system/cpu/engine/seq/un1_next_address33
CTOF_DEL    ---     0.495      R8C19C.C1 to      R8C19C.F1 system/cpu/engine/seq/SLICE_502
ROUTE        10     1.075      R8C19C.F1 to      R9C19D.B1 system/cpu/engine/seq/next_address_4_sqmuxa
CTOF_DEL    ---     0.495      R9C19D.B1 to      R9C19D.F1 system/cpu/engine/seq/SLICE_625
ROUTE         1     1.004      R9C19D.F1 to      R9C19B.B1 system/cpu/engine/seq/uword_i_m[16]
CTOF_DEL    ---     0.495      R9C19B.B1 to      R9C19B.F1 system/cpu/engine/seq/SLICE_241
ROUTE         5     1.835      R9C19B.F1 to EBR_R6C10.ADA8 system/cpu/engine/next_address_0_iv_i[5] (to clk)
                  --------
                   32.157   (40.8% logic, 59.2% route), 17 logic levels.

 Clock Skew Details: 

      Source Clock Path oscillator to system/cpu/engine/rom/lane_2:

   Name    Fanout   Delay (ns)          Site               Resource
ROUTE       245     3.714        OSC.OSC to EBR_R6C14.CLKA clk
                  --------
                    3.714   (0.0% logic, 100.0% route), 0 logic levels.

      Destination Clock Path oscillator to system/cpu/engine/rom/lane_3:

   Name    Fanout   Delay (ns)          Site               Resource
ROUTE       245     3.714        OSC.OSC to EBR_R6C10.CLKA clk
                  --------
                    3.714   (0.0% logic, 100.0% route), 0 logic levels.


Passed: The following path meets requirements by 1.728ns

 Logical Details:  Cell type  Pin type       Cell/ASIC name  (clock net +/-)

   Source:         DP8KC      Port           system/cpu/engine/rom/lane_2(ASIC)  (from clk +)
   Destination:    DP8KC      Port           system/cpu/engine/rom/lane_3(ASIC)  (to clk +)

   Delay:              32.127ns  (40.2% logic, 59.8% route), 17 logic levels.

 Constraint Details:

     32.127ns physical path delay system/cpu/engine/rom/lane_2 to system/cpu/engine/rom/lane_3 meets
     33.829ns delay constraint less
      0.000ns skew and
     -0.026ns ADDR_SET requirement (totaling 33.855ns) by 1.728ns

 Physical Path Details:

      Data path system/cpu/engine/rom/lane_2 to system/cpu/engine/rom/lane_3:

   Name    Fanout   Delay (ns)          Site               Resource
C2Q_DEL     ---     4.979 EBR_R6C14.CLKA to EBR_R6C14.DOA8 system/cpu/engine/rom/lane_2 (from clk)
ROUTE         4     1.508 EBR_R6C14.DOA8 to      R8C10A.D1 system/cpu/engine/a_select_2[0]
CTOF_DEL    ---     0.495      R8C10A.D1 to      R8C10A.F1 system/cpu/engine/SLICE_403
ROUTE         1     0.747      R8C10A.F1 to      R8C10A.C0 system/cpu/engine/un6_select_register[0]
CTOF_DEL    ---     0.495      R8C10A.C0 to      R8C10A.F0 system/cpu/engine/SLICE_403
ROUTE        16     1.828      R8C10A.F0 to      R7C10B.A1 system/cpu/engine/select_register_5[0]
CTOF_DEL    ---     0.495      R7C10B.A1 to      R7C10B.F1 system/cpu/engine/dp/rf/words_ram/SLICE_45
ROUTE        27     1.816      R7C10B.F1 to      R8C11D.B1 system/address[3]
CTOF_DEL    ---     0.495      R8C11D.B1 to      R8C11D.F1 system/bus/SLICE_615
ROUTE         1     1.383      R8C11D.F1 to      R8C10D.A1 system/bus/un1_address_28_1_0
CTOF_DEL    ---     0.495      R8C10D.A1 to      R8C10D.F1 system/bus/SLICE_478
ROUTE         4     1.013      R8C10D.F1 to      R8C10D.B0 system/bus/un1_address_28
CTOF_DEL    ---     0.495      R8C10D.B0 to      R8C10D.F0 system/bus/SLICE_478
ROUTE         4     0.635      R8C10D.F0 to      R8C10B.D0 system/bus/immediate_io_response_3
CTOF_DEL    ---     0.495      R8C10B.D0 to      R8C10B.F0 system/bus/SLICE_468
ROUTE         2     1.467      R8C10B.F0 to      R8C16D.D0 system/bus/immediate_io_responsedupdup
CTOF_DEL    ---     0.495      R8C16D.D0 to      R8C16D.F0 system/SLICE_385
ROUTE         3     0.453      R8C16D.F0 to      R8C16C.C1 system/acknowledgedupdup
CTOF_DEL    ---     0.495      R8C16C.C1 to      R8C16C.F1 system/cpu/engine/SLICE_564
ROUTE         3     0.640      R8C16C.F1 to      R8C17B.D1 system/cpu/engine/un1_mem_ack_fcdupdup
CTOF_DEL    ---     0.495      R8C17B.D1 to      R8C17B.F1 system/SLICE_419
ROUTE         5     0.989      R8C17B.F1 to      R8C19B.D0 system/cpu/engine/fault_redirectdup
CTOF_DEL    ---     0.495      R8C19B.D0 to      R8C19B.F0 system/cpu/engine/seq/SLICE_646
ROUTE         3     0.974      R8C19B.F0 to      R9C21B.D1 system/cpu/engine/seq/next_address_2_sqmuxa_1
CTOF_DEL    ---     0.495      R9C21B.D1 to      R9C21B.F1 system/cpu/engine/seq/SLICE_528
ROUTE        10     1.046      R9C21B.F1 to      R7C21D.A0 system/cpu/engine/seq/next_address_7_sqmuxa
CTOF_DEL    ---     0.495      R7C21D.A0 to      R7C21D.F0 system/cpu/engine/SLICE_529
ROUTE         1     1.355      R7C21D.F0 to     R10C21B.D0 system/cpu/engine/seq/dispatch_address_i_m[1]
CTOF_DEL    ---     0.495     R10C21B.D0 to     R10C21B.F0 system/cpu/engine/seq/SLICE_520
ROUTE         1     0.744     R10C21B.F0 to     R10C20A.C0 system/cpu/engine/seq/next_address_0_iv_5[1]
CTOF_DEL    ---     0.495     R10C20A.C0 to     R10C20A.F0 system/cpu/engine/seq/SLICE_510
ROUTE         1     0.766     R10C20A.F0 to      R8C20A.C1 system/cpu/engine/seq/next_address_0_iv_6[1]
CTOF_DEL    ---     0.495      R8C20A.C1 to      R8C20A.F1 system/cpu/engine/seq/SLICE_239
ROUTE         5     1.864      R8C20A.F1 to EBR_R6C10.ADA4 system/cpu/engine/next_address_0_iv_i[1] (to clk)
                  --------
                   32.127   (40.2% logic, 59.8% route), 17 logic levels.

 Clock Skew Details: 

      Source Clock Path oscillator to system/cpu/engine/rom/lane_2:

   Name    Fanout   Delay (ns)          Site               Resource
ROUTE       245     3.714        OSC.OSC to EBR_R6C14.CLKA clk
                  --------
                    3.714   (0.0% logic, 100.0% route), 0 logic levels.

      Destination Clock Path oscillator to system/cpu/engine/rom/lane_3:

   Name    Fanout   Delay (ns)          Site               Resource
ROUTE       245     3.714        OSC.OSC to EBR_R6C10.CLKA clk
                  --------
                    3.714   (0.0% logic, 100.0% route), 0 logic levels.


Passed: The following path meets requirements by 1.744ns

 Logical Details:  Cell type  Pin type       Cell/ASIC name  (clock net +/-)

   Source:         DP8KC      Port           system/cpu/engine/rom/lane_2(ASIC)  (from clk +)
   Destination:    DP8KC      Port           system/cpu/engine/rom/lane_2(ASIC)  (to clk +)

   Delay:              32.111ns  (40.9% logic, 59.1% route), 17 logic levels.

 Constraint Details:

     32.111ns physical path delay system/cpu/engine/rom/lane_2 to system/cpu/engine/rom/lane_2 meets
     33.829ns delay constraint less
      0.000ns skew and
     -0.026ns ADDR_SET requirement (totaling 33.855ns) by 1.744ns

 Physical Path Details:

      Data path system/cpu/engine/rom/lane_2 to system/cpu/engine/rom/lane_2:

   Name    Fanout   Delay (ns)          Site               Resource
C2Q_DEL     ---     4.979 EBR_R6C14.CLKA to EBR_R6C14.DOA8 system/cpu/engine/rom/lane_2 (from clk)
ROUTE         4     1.508 EBR_R6C14.DOA8 to      R8C10A.D1 system/cpu/engine/a_select_2[0]
CTOF_DEL    ---     0.495      R8C10A.D1 to      R8C10A.F1 system/cpu/engine/SLICE_403
ROUTE         1     0.747      R8C10A.F1 to      R8C10A.C0 system/cpu/engine/un6_select_register[0]
CTOF_DEL    ---     0.495      R8C10A.C0 to      R8C10A.F0 system/cpu/engine/SLICE_403
ROUTE        16     1.828      R8C10A.F0 to      R7C10B.A1 system/cpu/engine/select_register_5[0]
CTOF_DEL    ---     0.495      R7C10B.A1 to      R7C10B.F1 system/cpu/engine/dp/rf/words_ram/SLICE_45
ROUTE        27     1.816      R7C10B.F1 to      R8C11D.B1 system/address[3]
CTOF_DEL    ---     0.495      R8C11D.B1 to      R8C11D.F1 system/bus/SLICE_615
ROUTE         1     1.383      R8C11D.F1 to      R8C10D.A1 system/bus/un1_address_28_1_0
CTOF_DEL    ---     0.495      R8C10D.A1 to      R8C10D.F1 system/bus/SLICE_478
ROUTE         4     1.013      R8C10D.F1 to      R8C10D.B0 system/bus/un1_address_28
CTOF_DEL    ---     0.495      R8C10D.B0 to      R8C10D.F0 system/bus/SLICE_478
ROUTE         4     0.635      R8C10D.F0 to      R8C10B.D0 system/bus/immediate_io_response_3
CTOF_DEL    ---     0.495      R8C10B.D0 to      R8C10B.F0 system/bus/SLICE_468
ROUTE         2     1.467      R8C10B.F0 to      R8C16D.D0 system/bus/immediate_io_responsedupdup
CTOF_DEL    ---     0.495      R8C16D.D0 to      R8C16D.F0 system/SLICE_385
ROUTE         3     0.453      R8C16D.F0 to      R8C16C.C1 system/acknowledgedupdup
CTOF_DEL    ---     0.495      R8C16C.C1 to      R8C16C.F1 system/cpu/engine/SLICE_564
ROUTE         3     0.453      R8C16C.F1 to      R8C16C.C0 system/cpu/engine/un1_mem_ack_fcdupdup
CTOF_DEL    ---     0.495      R8C16C.C0 to      R8C16C.F0 system/cpu/engine/SLICE_564
ROUTE         4     1.174      R8C16C.F0 to       R8C8B.D1 system/cpu/engine/un1_memory_op_1dupdup_RNIM7B9Q
CTOOFX_DEL  ---     0.721       R8C8B.D1 to     R8C8B.OFX0 system/cpu/engine/seq/predicates_pmux_6/SLICE_292
ROUTE         1     0.623     R8C8B.OFX0 to       R8C9D.D0 system/cpu/engine/seq/N_78
CTOF_DEL    ---     0.495       R8C9D.D0 to       R8C9D.F0 system/cpu/engine/seq/SLICE_524
ROUTE         2     1.582       R8C9D.F0 to      R8C19D.D0 system/cpu/engine/seq/condition
CTOF_DEL    ---     0.495      R8C19D.D0 to      R8C19D.F0 system/cpu/engine/seq/SLICE_505
ROUTE         1     0.436      R8C19D.F0 to      R8C19C.C1 system/cpu/engine/seq/un1_next_address33
CTOF_DEL    ---     0.495      R8C19C.C1 to      R8C19C.F1 system/cpu/engine/seq/SLICE_502
ROUTE        10     1.075      R8C19C.F1 to      R9C19D.B0 system/cpu/engine/seq/next_address_4_sqmuxa
CTOF_DEL    ---     0.495      R9C19D.B0 to      R9C19D.F0 system/cpu/engine/seq/SLICE_625
ROUTE         1     0.747      R9C19D.F0 to      R9C19B.C0 system/cpu/engine/seq/uword_i_m[15]
CTOF_DEL    ---     0.495      R9C19B.C0 to      R9C19B.F0 system/cpu/engine/seq/SLICE_241
ROUTE         5     2.046      R9C19B.F0 to EBR_R6C14.ADA7 system/cpu/engine/next_address_1_iv_i[4] (to clk)
                  --------
                   32.111   (40.9% logic, 59.1% route), 17 logic levels.

 Clock Skew Details: 

      Source Clock Path oscillator to system/cpu/engine/rom/lane_2:

   Name    Fanout   Delay (ns)          Site               Resource
ROUTE       245     3.714        OSC.OSC to EBR_R6C14.CLKA clk
                  --------
                    3.714   (0.0% logic, 100.0% route), 0 logic levels.

      Destination Clock Path oscillator to system/cpu/engine/rom/lane_2:

   Name    Fanout   Delay (ns)          Site               Resource
ROUTE       245     3.714        OSC.OSC to EBR_R6C14.CLKA clk
                  --------
                    3.714   (0.0% logic, 100.0% route), 0 logic levels.

Report:   30.743MHz is the maximum frequency for this preference.


================================================================================
Preference: Unconstrained: CLOCK_DOMAIN
            0 unconstrained paths found
--------------------------------------------------------------------------------


================================================================================
Preference: Unconstrained: INPUT_SETUP
            10 unconstrained paths found
--------------------------------------------------------------------------------

Unconstrained Preference:
   INPUT_SETUP PORT "res" CLKNET "clk" 

Report:    5.471ns delay res to SLICE_661 (4.738ns delay and 0.733ns setup)

   Name    Fanout   Delay (ns)          Site               Resource
PADI_DEL    ---     1.132          4.PAD to        4.PADDI res
ROUTE         1     3.606        4.PADDI to     R7C14C.LSR res_c (to clk)
                  --------
                    4.738   (23.9% logic, 76.1% route), 1 logic levels.

Unconstrained Preference:
   INPUT_SETUP PORT "gpio_miso" CLKNET "clk" 

Report:    4.415ns delay gpio_miso to system/bus/guest_memory/SLICE_130 (4.249ns delay and 0.166ns setup)

   Name    Fanout   Delay (ns)          Site               Resource
PADI_DEL    ---     1.132         10.PAD to       10.PADDI gpio_miso
ROUTE         3     2.622       10.PADDI to       R3C9D.A0 gpio_miso_c
CTOF_DEL    ---     0.495       R3C9D.A0 to       R3C9D.F0 system/bus/guest_memory/SLICE_130
ROUTE         1     0.000       R3C9D.F0 to      R3C9D.DI0 system/bus/guest_memory/rdata_9[8] (to clk)
                  --------
                    4.249   (38.3% logic, 61.7% route), 2 logic levels.

Unconstrained Preference:
   INPUT_SETUP PORT "gpio_miso" CLKNET "clk" 

Report:    4.100ns delay gpio_miso to system/bus/SLICE_427 (3.752ns delay and 0.348ns setup)

   Name    Fanout   Delay (ns)          Site               Resource
PADI_DEL    ---     1.132         10.PAD to       10.PADDI gpio_miso
ROUTE         3     2.620       10.PADDI to       R4C9B.M0 gpio_miso_c (to clk)
                  --------
                    3.752   (30.2% logic, 69.8% route), 1 logic levels.

Unconstrained Preference:
   INPUT_SETUP PORT "gpio_key_row[0]" CLKNET "clk" 

Report:    2.292ns delay gpio_key_row[0] to gpio_key_row[0]_MGIOL (1.697ns delay and 0.595ns setup)

   Name    Fanout   Delay (ns)          Site               Resource
PADI_DEL    ---     1.132         29.PAD to       29.PADDI gpio_key_row[0]
ROUTE         1     0.565       29.PADDI to    IOL_T11D.DI gpio_key_row_in[0] (to clk)
                  --------
                    1.697   (66.7% logic, 33.3% route), 1 logic levels.

Unconstrained Preference:
   INPUT_SETUP PORT "gpio_key_row[1]" CLKNET "clk" 

Report:    2.292ns delay gpio_key_row[1] to gpio_key_row[1]_MGIOL (1.697ns delay and 0.595ns setup)

   Name    Fanout   Delay (ns)          Site               Resource
PADI_DEL    ---     1.132         30.PAD to       30.PADDI gpio_key_row[1]
ROUTE         1     0.565       30.PADDI to    IOL_T11C.DI gpio_key_row_in[1] (to clk)
                  --------
                    1.697   (66.7% logic, 33.3% route), 1 logic levels.

Unconstrained Preference:
   INPUT_SETUP PORT "gpio_key_row[2]" CLKNET "clk" 

Report:    2.292ns delay gpio_key_row[2] to gpio_key_row[2]_MGIOL (1.697ns delay and 0.595ns setup)

   Name    Fanout   Delay (ns)          Site               Resource
PADI_DEL    ---     1.132         32.PAD to       32.PADDI gpio_key_row[2]
ROUTE         1     0.565       32.PADDI to    IOL_T10D.DI gpio_key_row_in[2] (to clk)
                  --------
                    1.697   (66.7% logic, 33.3% route), 1 logic levels.

Unconstrained Preference:
   INPUT_SETUP PORT "gpio_key_row[3]" CLKNET "clk" 

Report:    2.292ns delay gpio_key_row[3] to gpio_key_row[3]_MGIOL (1.697ns delay and 0.595ns setup)

   Name    Fanout   Delay (ns)          Site               Resource
PADI_DEL    ---     1.132          1.PAD to        1.PADDI gpio_key_row[3]
ROUTE         1     0.565        1.PADDI to    IOL_T10C.DI gpio_key_row_in[3] (to clk)
                  --------
                    1.697   (66.7% logic, 33.3% route), 1 logic levels.

Unconstrained Preference:
   INPUT_SETUP PORT "rx" CLKNET "clk" 

Report:    2.292ns delay rx to rx_MGIOL (1.697ns delay and 0.595ns setup)

   Name    Fanout   Delay (ns)          Site               Resource
PADI_DEL    ---     1.132         25.PAD to       25.PADDI rx
ROUTE         1     0.565       25.PADDI to    IOL_T15D.DI rx_c (to clk)
                  --------
                    1.697   (66.7% logic, 33.3% route), 1 logic levels.

Unconstrained Preference:
   INPUT_SETUP PORT "sd_miso" CLKNET "clk" 

Report:    2.292ns delay sd_miso to sd_miso_MGIOL (1.697ns delay and 0.595ns setup)

   Name    Fanout   Delay (ns)          Site               Resource
PADI_DEL    ---     1.132         28.PAD to       28.PADDI sd_miso
ROUTE         1     0.565       28.PADDI to    IOL_T12C.DI sd_miso_c (to clk)
                  --------
                    1.697   (66.7% logic, 33.3% route), 1 logic levels.

Unconstrained Preference:
   INPUT_SETUP PORT "gpio_miso" CLKNET "clk" 

Report:    2.111ns delay gpio_miso to gpio_miso_MGIOL (1.516ns delay and 0.595ns setup)

   Name    Fanout   Delay (ns)          Site               Resource
PADI_DEL    ---     1.132         10.PAD to       10.PADDI gpio_miso
ROUTE         3     0.384       10.PADDI to     IOL_B6D.DI gpio_miso_c (to clk)
                  --------
                    1.516   (74.7% logic, 25.3% route), 1 logic levels.


================================================================================
Preference: Unconstrained: CLOCK_TO_OUT
            18 unconstrained paths found
--------------------------------------------------------------------------------

Unconstrained Preference:
   CLOCK_TO_OUT PORT "sd_mosi" CLKNET "clk" 

Report:    7.167ns delay system/bus/byte_sd/SLICE_93 to sd_mosi

   Name    Fanout   Delay (ns)          Site               Resource
REG_DEL     ---     0.452     R3C16D.CLK to      R3C16D.Q1 system/bus/byte_sd/SLICE_93 (from clk)
ROUTE         1     1.656      R3C16D.Q1 to      R4C18A.D1 system/bus/byte_sd/tx_shift[7]
CTOF_DEL    ---     0.495      R4C18A.D1 to      R4C18A.F1 system/bus/byte_sd/SLICE_635
ROUTE         1     1.767      R4C18A.F1 to       21.PADDO sd_mosi_c
DOPAD_DEL   ---     2.797       21.PADDO to         21.PAD sd_mosi
                  --------
                    7.167   (52.2% logic, 47.8% route), 3 logic levels.

Unconstrained Preference:
   CLOCK_TO_OUT PORT "tx" CLKNET "clk" 

Report:    7.047ns delay system/bus/fixed_uart.console/SLICE_109 to tx

   Name    Fanout   Delay (ns)          Site               Resource
REG_DEL     ---     0.452     R3C18B.CLK to      R3C18B.Q0 system/bus/fixed_uart.console/SLICE_109 (from clk)
ROUTE        20     1.982      R3C18B.Q0 to      R2C17A.B1 system/bus/fixed_uart.console/tx_busy
CTOF_DEL    ---     0.495      R2C17A.B1 to      R2C17A.F1 system/bus/fixed_uart.console/SLICE_122
ROUTE         1     1.321      R2C17A.F1 to       23.PADDO tx_c
DOPAD_DEL   ---     2.797       23.PADDO to         23.PAD tx
                  --------
                    7.047   (53.1% logic, 46.9% route), 3 logic levels.

Unconstrained Preference:
   CLOCK_TO_OUT PORT "gpio_ce" CLKNET "clk" 

Report:    6.867ns delay system/SLICE_65 to gpio_ce

   Name    Fanout   Delay (ns)          Site               Resource
REG_DEL     ---     0.452      R7C7D.CLK to       R7C7D.Q0 system/SLICE_65 (from clk)
ROUTE         3     3.618       R7C7D.Q0 to       14.PADDO gpio_ce_c
DOPAD_DEL   ---     2.797       14.PADDO to         14.PAD gpio_ce
                  --------
                    6.867   (47.3% logic, 52.7% route), 2 logic levels.

Unconstrained Preference:
   CLOCK_TO_OUT PORT "sd_mosi" CLKNET "clk" 

Report:    6.609ns delay system/bus/byte_sd/SLICE_82 to sd_mosi

   Name    Fanout   Delay (ns)          Site               Resource
REG_DEL     ---     0.452     R4C17A.CLK to      R4C17A.Q0 system/bus/byte_sd/SLICE_82 (from clk)
ROUTE        24     1.098      R4C17A.Q0 to      R4C18A.B1 system/bus/byte_sd/busy
CTOF_DEL    ---     0.495      R4C18A.B1 to      R4C18A.F1 system/bus/byte_sd/SLICE_635
ROUTE         1     1.767      R4C18A.F1 to       21.PADDO sd_mosi_c
DOPAD_DEL   ---     2.797       21.PADDO to         21.PAD sd_mosi
                  --------
                    6.609   (56.7% logic, 43.3% route), 3 logic levels.

Unconstrained Preference:
   CLOCK_TO_OUT PORT "gpio_key_row[3]" CLKNET "clk" 

Report:    6.081ns delay system/SLICE_157 to gpio_key_row[3]

   Name    Fanout   Delay (ns)          Site               Resource
REG_DEL     ---     0.452     R5C10B.CLK to      R5C10B.Q0 system/SLICE_157 (from clk)
ROUTE         3     1.449      R5C10B.Q0 to        1.PADDT system/bus/host_miso_oe
TDTS_DEL    ---     4.180        1.PADDT to          1.PAD gpio_key_row[3]
                  --------
                    6.081   (76.2% logic, 23.8% route), 2 logic levels.

Unconstrained Preference:
   CLOCK_TO_OUT PORT "tx" CLKNET "clk" 

Report:    6.032ns delay system/bus/fixed_uart.console/SLICE_118 to tx

   Name    Fanout   Delay (ns)          Site               Resource
REG_DEL     ---     0.452     R2C17C.CLK to      R2C17C.Q0 system/bus/fixed_uart.console/SLICE_118 (from clk)
ROUTE         1     0.967      R2C17C.Q0 to      R2C17A.A1 system/bus/fixed_uart.console/tx_shift[0]
CTOF_DEL    ---     0.495      R2C17A.A1 to      R2C17A.F1 system/bus/fixed_uart.console/SLICE_122
ROUTE         1     1.321      R2C17A.F1 to       23.PADDO tx_c
DOPAD_DEL   ---     2.797       23.PADDO to         23.PAD tx
                  --------
                    6.032   (62.1% logic, 37.9% route), 3 logic levels.

Unconstrained Preference:
   CLOCK_TO_OUT PORT "tx" CLKNET "clk" 

Report:    6.030ns delay system/bus/fixed_uart.console/SLICE_373 to tx

   Name    Fanout   Delay (ns)          Site               Resource
REG_DEL     ---     0.452     R3C18C.CLK to      R3C18C.Q0 system/bus/fixed_uart.console/SLICE_373 (from clk)
ROUTE         2     0.965      R3C18C.Q0 to      R2C17A.D1 system/bus/fixed_uart.console/tx_break
CTOF_DEL    ---     0.495      R2C17A.D1 to      R2C17A.F1 system/bus/fixed_uart.console/SLICE_122
ROUTE         1     1.321      R2C17A.F1 to       23.PADDO tx_c
DOPAD_DEL   ---     2.797       23.PADDO to         23.PAD tx
                  --------
                    6.030   (62.1% logic, 37.9% route), 3 logic levels.

Unconstrained Preference:
   CLOCK_TO_OUT PORT "gpio_din" CLKNET "clk" 

Report:    6.016ns delay system/SLICE_67 to gpio_din

   Name    Fanout   Delay (ns)          Site               Resource
REG_DEL     ---     0.452      R5C7B.CLK to       R5C7B.Q0 system/SLICE_67 (from clk)
ROUTE         3     2.767       R5C7B.Q0 to       16.PADDO gpio_din_c
DOPAD_DEL   ---     2.797       16.PADDO to         16.PAD gpio_din
                  --------
                    6.016   (54.0% logic, 46.0% route), 2 logic levels.

Unconstrained Preference:
   CLOCK_TO_OUT PORT "gpio_blank" CLKNET "clk" 

Report:    5.635ns delay system/SLICE_64 to gpio_blank

   Name    Fanout   Delay (ns)          Site               Resource
REG_DEL     ---     0.452      R7C8D.CLK to       R7C8D.Q0 system/SLICE_64 (from clk)
ROUTE         2     2.386       R7C8D.Q0 to       13.PADDO gpio_blank_c
DOPAD_DEL   ---     2.797       13.PADDO to         13.PAD gpio_blank
                  --------
                    5.635   (57.7% logic, 42.3% route), 2 logic levels.

Unconstrained Preference:
   CLOCK_TO_OUT PORT "gpio_reg_latch" CLKNET "clk" 

Report:    5.598ns delay system/SLICE_69 to gpio_reg_latch

   Name    Fanout   Delay (ns)          Site               Resource
REG_DEL     ---     0.452      R5C9D.CLK to       R5C9D.Q0 system/SLICE_69 (from clk)
ROUTE         3     2.349       R5C9D.Q0 to       20.PADDO gpio_reg_latch_c
DOPAD_DEL   ---     2.797       20.PADDO to         20.PAD gpio_reg_latch
                  --------
                    5.598   (58.0% logic, 42.0% route), 2 logic levels.

Unconstrained Preference:
   CLOCK_TO_OUT PORT "gpio_mcs" CLKNET "clk" 

Report:    5.543ns delay system/bus/guest_memory/SLICE_68 to gpio_mcs

   Name    Fanout   Delay (ns)          Site               Resource
REG_DEL     ---     0.452      R3C8A.CLK to       R3C8A.Q0 system/bus/guest_memory/SLICE_68 (from clk)
ROUTE         3     2.294       R3C8A.Q0 to        8.PADDO gpio_mcs_c
DOPAD_DEL   ---     2.797        8.PADDO to          8.PAD gpio_mcs
                  --------
                    5.543   (58.6% logic, 41.4% route), 2 logic levels.

Unconstrained Preference:
   CLOCK_TO_OUT PORT "gpio_key_row[3]" CLKNET "clk" 

Report:    5.490ns delay system/SLICE_71 to gpio_key_row[3]

   Name    Fanout   Delay (ns)          Site               Resource
REG_DEL     ---     0.452      R5C8B.CLK to       R5C8B.Q0 system/SLICE_71 (from clk)
ROUTE         3     2.241       R5C8B.Q0 to        1.PADDO host_miso
DOPAD_DEL   ---     2.797        1.PADDO to          1.PAD gpio_key_row[3]
                  --------
                    5.490   (59.2% logic, 40.8% route), 2 logic levels.

Unconstrained Preference:
   CLOCK_TO_OUT PORT "sd_sck" CLKNET "clk" 

Report:    5.287ns delay system/bus/byte_sd/SLICE_74 to sd_sck

   Name    Fanout   Delay (ns)          Site               Resource
REG_DEL     ---     0.452     R4C18C.CLK to      R4C18C.Q0 system/bus/byte_sd/SLICE_74 (from clk)
ROUTE         5     2.038      R4C18C.Q0 to       27.PADDO sd_sck_c
DOPAD_DEL   ---     2.797       27.PADDO to         27.PAD sd_sck
                  --------
                    5.287   (61.5% logic, 38.5% route), 2 logic levels.

Unconstrained Preference:
   CLOCK_TO_OUT PORT "sd_cs_n" CLKNET "clk" 

Report:    5.011ns delay system/SLICE_73 to sd_cs_n

   Name    Fanout   Delay (ns)          Site               Resource
REG_DEL     ---     0.452     R9C10C.CLK to      R9C10C.Q0 system/SLICE_73 (from clk)
ROUTE         2     1.762      R9C10C.Q0 to        5.PADDO sd_cs_n_c
DOPAD_DEL   ---     2.797        5.PADDO to          5.PAD sd_cs_n
                  --------
                    5.011   (64.8% logic, 35.2% route), 2 logic levels.

Unconstrained Preference:
   CLOCK_TO_OUT PORT "gpio_clk" CLKNET "clk" 

Report:    4.611ns delay system/SLICE_66 to gpio_clk

   Name    Fanout   Delay (ns)          Site               Resource
REG_DEL     ---     0.452      R5C7C.CLK to       R5C7C.Q0 system/SLICE_66 (from clk)
ROUTE         2     1.362       R5C7C.Q0 to       12.PADDO gpio_clk_c
DOPAD_DEL   ---     2.797       12.PADDO to         12.PAD gpio_clk
                  --------
                    4.611   (70.5% logic, 29.5% route), 2 logic levels.

Unconstrained Preference:
   CLOCK_TO_OUT PORT "gpio_rs" CLKNET "clk" 

Report:    4.595ns delay system/SLICE_70 to gpio_rs

   Name    Fanout   Delay (ns)          Site               Resource
REG_DEL     ---     0.452      R8C7D.CLK to       R8C7D.Q0 system/SLICE_70 (from clk)
ROUTE         3     1.346       R8C7D.Q0 to       11.PADDO gpio_rs_c
DOPAD_DEL   ---     2.797       11.PADDO to         11.PAD gpio_rs
                  --------
                    4.595   (70.7% logic, 29.3% route), 2 logic levels.

Unconstrained Preference:
   CLOCK_TO_OUT PORT "gpio_msck" CLKNET "clk" 

Report:    4.084ns delay gpio_msck_MGIOL to gpio_msck

   Name    Fanout   Delay (ns)          Site               Resource
C2OUT_DEL   ---     1.244    IOL_B6C.CLK to  IOL_B6C.IOLDO gpio_msck_MGIOL (from clk)
ROUTE         1     0.043  IOL_B6C.IOLDO to        9.IOLDO gpio_msck_c
OP0PAD_DEL  ---     2.797        9.IOLDO to          9.PAD gpio_msck
                  --------
                    4.084   (98.9% logic, 1.1% route), 2 logic levels.

Unconstrained Preference:
   CLOCK_TO_OUT PORT "gpio_mosi" CLKNET "clk" 

Report:    3.407ns delay gpio_mosi_MGIOL to gpio_mosi

   Name    Fanout   Delay (ns)          Site               Resource
C2OUT_DEL   ---     0.567   IOL_B20D.CLK to IOL_B20D.IOLDO gpio_mosi_MGIOL (from clk)
ROUTE         1     0.043 IOL_B20D.IOLDO to       17.IOLDO gpio_mosi_c
OP0PAD_DEL  ---     2.797       17.IOLDO to         17.PAD gpio_mosi
                  --------
                    3.407   (98.7% logic, 1.3% route), 2 logic levels.


================================================================================
Preference: Unconstrained: MAXDELAY
            0 unconstrained paths found
--------------------------------------------------------------------------------

Report Summary
--------------
----------------------------------------------------------------------------
Preference                              |   Constraint|       Actual|Levels
----------------------------------------------------------------------------
                                        |             |             |
FREQUENCY NET "clk" 29.560000 MHz ;     |   29.560 MHz|   30.743 MHz|  17  
                                        |             |             |
----------------------------------------------------------------------------


All preferences were met.


Clock Domains Analysis
------------------------

Found 1 clocks:

Clock Domain: clk   Source: oscillator.OSC   Loads: 245
   Covered under: FREQUENCY NET "clk" 29.560000 MHz ;


--------------------------------------------------------------------------------
                Connections not covered by the preferences
--------------------------------------------------------------------------------

     Delay                        Element                 Net

    0.565ns pio_key_row[0].PADDI to _key_row[0]_MGIOL.DI gpio_key_row_in[0]
    0.565ns        sd_miso.PADDI to     sd_miso_MGIOL.DI sd_miso_c
    0.565ns             rx.PADDI to          rx_MGIOL.DI rx_c
    2.622ns      gpio_miso.PADDI to _memory/SLICE_130.A0 gpio_miso_c
    2.620ns      gpio_miso.PADDI to tem/bus/SLICE_427.M0 gpio_miso_c
    0.384ns      gpio_miso.PADDI to   gpio_miso_MGIOL.DI gpio_miso_c
    0.565ns pio_key_row[1].PADDI to _key_row[1]_MGIOL.DI gpio_key_row_in[1]
    0.565ns pio_key_row[2].PADDI to _key_row[2]_MGIOL.DI gpio_key_row_in[2]
    0.565ns pio_key_row[3].PADDI to _key_row[3]_MGIOL.DI gpio_key_row_in[3]
    3.606ns            res.PADDI to        SLICE_661.LSR res_c

--------------------------------------------------------------------------------


Timing summary (Setup):
---------------

Timing errors: 0  Score: 0
Cumulative negative slack: 0

Constraints cover 2514492 paths, 1 nets, and 5426 connections (99.82% coverage)

--------------------------------------------------------------------------------
Lattice TRACE Report - Hold, Version Diamond (64-bit) 3.14.0.75.2
Sat Sep 12 14:12:08 2026

Copyright (c) 1991-1994 by NeoCAD Inc. All rights reserved.
Copyright (c) 1995 AT&T Corp.   All rights reserved.
Copyright (c) 1995-2001 Lucent Technologies Inc.  All rights reserved.
Copyright (c) 2001 Agere Systems   All rights reserved.
Copyright (c) 2002-2024 Lattice Semiconductor Corporation,  All rights reserved.

Report Information
------------------
Command line:    trce -v 10 -c -u 0 -gt -sethld -sp 4 -sphld m -o cp58a_impl1.twr cp58a_impl1.ncd cp58a_impl1.prf 
Design file:     cp58a_impl1.ncd
Preference file: cp58a_impl1.prf
Device,speed:    LCMXO2-1200HC,m
Report level:    verbose report, limited to 10 items per preference
--------------------------------------------------------------------------------

BLOCK ASYNCPATHS
BLOCK RESETPATHS
--------------------------------------------------------------------------------



================================================================================
Preference: FREQUENCY NET "clk" 29.560000 MHz ;
            4096 items scored, 0 timing errors detected.
--------------------------------------------------------------------------------


Passed: The following path meets requirements by 0.293ns

 Logical Details:  Cell type  Pin type       Cell/ASIC name  (clock net +/-)

   Source:         Sync_RAM   Q              system/cpu/engine/dp/rf/words_ram/RAM0  (from clk +)
   Destination:    FF         Data in        system/cpu/engine/service_ready[1]  (to clk +)

   Delay:               0.280ns  (98.6% logic, 1.4% route), 1 logic levels.

 Constraint Details:

      0.280ns physical path delay system/cpu/engine/SLICE_44 to system/cpu/engine/SLICE_44 meets
     -0.013ns DIN_HLD and
      0.000ns delay constraint less
      0.000ns skew requirement (totaling -0.013ns) by 0.293ns

 Physical Path Details:

      Data path system/cpu/engine/SLICE_44 to system/cpu/engine/SLICE_44:

   Name    Fanout   Delay (ns)          Site               Resource
CLKTOF_DEL  ---     0.276     R7C10A.WCK to      R7C10A.F1 system/cpu/engine/SLICE_44 (from clk)
ROUTE        41     0.004      R7C10A.F1 to     R7C10A.DI1 system/address[1] (to clk)
                  --------
                    0.280   (98.6% logic, 1.4% route), 1 logic levels.

 Clock Skew Details: 

      Source Clock Path oscillator to system/cpu/engine/SLICE_44:

   Name    Fanout   Delay (ns)          Site               Resource
ROUTE       245     1.216        OSC.OSC to     R7C10A.WCK clk
                  --------
                    1.216   (0.0% logic, 100.0% route), 0 logic levels.

      Destination Clock Path oscillator to system/cpu/engine/SLICE_44:

   Name    Fanout   Delay (ns)          Site               Resource
ROUTE       245     1.216        OSC.OSC to     R7C10A.CLK clk
                  --------
                    1.216   (0.0% logic, 100.0% route), 0 logic levels.


Passed: The following path meets requirements by 0.293ns

 Logical Details:  Cell type  Pin type       Cell/ASIC name  (clock net +/-)

   Source:         Sync_RAM   Q              system/cpu/engine/dp/rf/words_ram/RAM0  (from clk +)
   Destination:    FF         Data in        system/cpu/engine/service_ready[0]  (to clk +)

   Delay:               0.280ns  (98.6% logic, 1.4% route), 1 logic levels.

 Constraint Details:

      0.280ns physical path delay system/cpu/engine/SLICE_44 to system/cpu/engine/SLICE_44 meets
     -0.013ns DIN_HLD and
      0.000ns delay constraint less
      0.000ns skew requirement (totaling -0.013ns) by 0.293ns

 Physical Path Details:

      Data path system/cpu/engine/SLICE_44 to system/cpu/engine/SLICE_44:

   Name    Fanout   Delay (ns)          Site               Resource
CLKTOF_DEL  ---     0.276     R7C10A.WCK to      R7C10A.F0 system/cpu/engine/SLICE_44 (from clk)
ROUTE        54     0.004      R7C10A.F0 to     R7C10A.DI0 system/address[0] (to clk)
                  --------
                    0.280   (98.6% logic, 1.4% route), 1 logic levels.

 Clock Skew Details: 

      Source Clock Path oscillator to system/cpu/engine/SLICE_44:

   Name    Fanout   Delay (ns)          Site               Resource
ROUTE       245     1.216        OSC.OSC to     R7C10A.WCK clk
                  --------
                    1.216   (0.0% logic, 100.0% route), 0 logic levels.

      Destination Clock Path oscillator to system/cpu/engine/SLICE_44:

   Name    Fanout   Delay (ns)          Site               Resource
ROUTE       245     1.216        OSC.OSC to     R7C10A.CLK clk
                  --------
                    1.216   (0.0% logic, 100.0% route), 0 logic levels.


Passed: The following path meets requirements by 0.304ns

 Logical Details:  Cell type  Pin type       Cell/ASIC name  (clock net +/-)

   Source:         FF         Q              reset_sync[1]  (from clk +)
   Destination:    FF         Data in        reset_sync[0]  (to clk +)

   Delay:               0.285ns  (46.7% logic, 53.3% route), 1 logic levels.

 Constraint Details:

      0.285ns physical path delay SLICE_661 to SLICE_661 meets
     -0.019ns M_HLD and
      0.000ns delay constraint less
      0.000ns skew requirement (totaling -0.019ns) by 0.304ns

 Physical Path Details:

      Data path SLICE_661 to SLICE_661:

   Name    Fanout   Delay (ns)          Site               Resource
REG_DEL     ---     0.133     R7C14C.CLK to      R7C14C.Q1 SLICE_661 (from clk)
ROUTE         1     0.152      R7C14C.Q1 to      R7C14C.M0 reset_sync[1] (to clk)
                  --------
                    0.285   (46.7% logic, 53.3% route), 1 logic levels.

 Clock Skew Details: 

      Source Clock Path oscillator to SLICE_661:

   Name    Fanout   Delay (ns)          Site               Resource
ROUTE       245     1.216        OSC.OSC to     R7C14C.CLK clk
                  --------
                    1.216   (0.0% logic, 100.0% route), 0 logic levels.

      Destination Clock Path oscillator to SLICE_661:

   Name    Fanout   Delay (ns)          Site               Resource
ROUTE       245     1.216        OSC.OSC to     R7C14C.CLK clk
                  --------
                    1.216   (0.0% logic, 100.0% route), 0 logic levels.


Passed: The following path meets requirements by 0.304ns

 Logical Details:  Cell type  Pin type       Cell/ASIC name  (clock net +/-)

   Source:         FF         Q              system/bus/fixed_uart.console/rx_shift[0]  (from clk +)
   Destination:    FF         Data in        system/bus/fixed_uart.console/rx_buffer[0]  (to clk +)

   Delay:               0.285ns  (46.7% logic, 53.3% route), 1 logic levels.

 Constraint Details:

      0.285ns physical path delay system/bus/fixed_uart.console/SLICE_609 to system/bus/fixed_uart.console/SLICE_411 meets
     -0.019ns M_HLD and
      0.000ns delay constraint less
      0.000ns skew requirement (totaling -0.019ns) by 0.304ns

 Physical Path Details:

      Data path system/bus/fixed_uart.console/SLICE_609 to system/bus/fixed_uart.console/SLICE_411:

   Name    Fanout   Delay (ns)          Site               Resource
REG_DEL     ---     0.133     R3C21B.CLK to      R3C21B.Q0 system/bus/fixed_uart.console/SLICE_609 (from clk)
ROUTE         1     0.152      R3C21B.Q0 to      R3C21D.M0 system/bus/fixed_uart.console/rx_shift[0] (to clk)
                  --------
                    0.285   (46.7% logic, 53.3% route), 1 logic levels.

 Clock Skew Details: 

      Source Clock Path oscillator to system/bus/fixed_uart.console/SLICE_609:

   Name    Fanout   Delay (ns)          Site               Resource
ROUTE       245     1.216        OSC.OSC to     R3C21B.CLK clk
                  --------
                    1.216   (0.0% logic, 100.0% route), 0 logic levels.

      Destination Clock Path oscillator to system/bus/fixed_uart.console/SLICE_411:

   Name    Fanout   Delay (ns)          Site               Resource
ROUTE       245     1.216        OSC.OSC to     R3C21D.CLK clk
                  --------
                    1.216   (0.0% logic, 100.0% route), 0 logic levels.


Passed: The following path meets requirements by 0.304ns

 Logical Details:  Cell type  Pin type       Cell/ASIC name  (clock net +/-)

   Source:         FF         Q              system/bus/fixed_uart.console/cts_sync[0]  (from clk +)
   Destination:    FF         Data in        system/bus/fixed_uart.console/cts_sync[1]  (to clk +)

   Delay:               0.285ns  (46.7% logic, 53.3% route), 1 logic levels.

 Constraint Details:

      0.285ns physical path delay system/bus/fixed_uart.console/SLICE_94 to system/bus/fixed_uart.console/SLICE_94 meets
     -0.019ns M_HLD and
      0.000ns delay constraint less
      0.000ns skew requirement (totaling -0.019ns) by 0.304ns

 Physical Path Details:

      Data path system/bus/fixed_uart.console/SLICE_94 to system/bus/fixed_uart.console/SLICE_94:

   Name    Fanout   Delay (ns)          Site               Resource
REG_DEL     ---     0.133     R3C21C.CLK to      R3C21C.Q0 system/bus/fixed_uart.console/SLICE_94 (from clk)
ROUTE         1     0.152      R3C21C.Q0 to      R3C21C.M1 system/bus/fixed_uart.console/cts_sync[0] (to clk)
                  --------
                    0.285   (46.7% logic, 53.3% route), 1 logic levels.

 Clock Skew Details: 

      Source Clock Path oscillator to system/bus/fixed_uart.console/SLICE_94:

   Name    Fanout   Delay (ns)          Site               Resource
ROUTE       245     1.216        OSC.OSC to     R3C21C.CLK clk
                  --------
                    1.216   (0.0% logic, 100.0% route), 0 logic levels.

      Destination Clock Path oscillator to system/bus/fixed_uart.console/SLICE_94:

   Name    Fanout   Delay (ns)          Site               Resource
ROUTE       245     1.216        OSC.OSC to     R3C21C.CLK clk
                  --------
                    1.216   (0.0% logic, 100.0% route), 0 logic levels.


Passed: The following path meets requirements by 0.306ns

 Logical Details:  Cell type  Pin type       Cell/ASIC name  (clock net +/-)

   Source:         FF         Q              system/bus/fixed_uart.console/rx_shift[6]  (from clk +)
   Destination:    FF         Data in        system/bus/fixed_uart.console/rx_shift[5]  (to clk +)

   Delay:               0.287ns  (46.3% logic, 53.7% route), 1 logic levels.

 Constraint Details:

      0.287ns physical path delay system/bus/fixed_uart.console/SLICE_592 to system/bus/fixed_uart.console/SLICE_413 meets
     -0.019ns M_HLD and
      0.000ns delay constraint less
      0.000ns skew requirement (totaling -0.019ns) by 0.306ns

 Physical Path Details:

      Data path system/bus/fixed_uart.console/SLICE_592 to system/bus/fixed_uart.console/SLICE_413:

   Name    Fanout   Delay (ns)          Site               Resource
REG_DEL     ---     0.133     R3C19D.CLK to      R3C19D.Q0 system/bus/fixed_uart.console/SLICE_592 (from clk)
ROUTE         2     0.154      R3C19D.Q0 to      R3C19C.M1 system/bus/fixed_uart.console/rx_shift[6] (to clk)
                  --------
                    0.287   (46.3% logic, 53.7% route), 1 logic levels.

 Clock Skew Details: 

      Source Clock Path oscillator to system/bus/fixed_uart.console/SLICE_592:

   Name    Fanout   Delay (ns)          Site               Resource
ROUTE       245     1.216        OSC.OSC to     R3C19D.CLK clk
                  --------
                    1.216   (0.0% logic, 100.0% route), 0 logic levels.

      Destination Clock Path oscillator to system/bus/fixed_uart.console/SLICE_413:

   Name    Fanout   Delay (ns)          Site               Resource
ROUTE       245     1.216        OSC.OSC to     R3C19C.CLK clk
                  --------
                    1.216   (0.0% logic, 100.0% route), 0 logic levels.


Passed: The following path meets requirements by 0.306ns

 Logical Details:  Cell type  Pin type       Cell/ASIC name  (clock net +/-)

   Source:         FF         Q              system/bus/byte_sd/rx_shift[1]  (from clk +)
   Destination:    FF         Data in        system/bus/byte_sd/rx_shift[2]  (to clk +)

   Delay:               0.287ns  (46.3% logic, 53.7% route), 1 logic levels.

 Constraint Details:

      0.287ns physical path delay system/bus/byte_sd/SLICE_593 to system/bus/byte_sd/SLICE_593 meets
     -0.019ns M_HLD and
      0.000ns delay constraint less
      0.000ns skew requirement (totaling -0.019ns) by 0.306ns

 Physical Path Details:

      Data path system/bus/byte_sd/SLICE_593 to system/bus/byte_sd/SLICE_593:

   Name    Fanout   Delay (ns)          Site               Resource
REG_DEL     ---     0.133     R4C18B.CLK to      R4C18B.Q0 system/bus/byte_sd/SLICE_593 (from clk)
ROUTE         2     0.154      R4C18B.Q0 to      R4C18B.M1 system/bus/byte_sd/rx_shift[1] (to clk)
                  --------
                    0.287   (46.3% logic, 53.7% route), 1 logic levels.

 Clock Skew Details: 

      Source Clock Path oscillator to system/bus/byte_sd/SLICE_593:

   Name    Fanout   Delay (ns)          Site               Resource
ROUTE       245     1.216        OSC.OSC to     R4C18B.CLK clk
                  --------
                    1.216   (0.0% logic, 100.0% route), 0 logic levels.

      Destination Clock Path oscillator to system/bus/byte_sd/SLICE_593:

   Name    Fanout   Delay (ns)          Site               Resource
ROUTE       245     1.216        OSC.OSC to     R4C18B.CLK clk
                  --------
                    1.216   (0.0% logic, 100.0% route), 0 logic levels.


Passed: The following path meets requirements by 0.306ns

 Logical Details:  Cell type  Pin type       Cell/ASIC name  (clock net +/-)

   Source:         FF         Q              system/bus/byte_sd/rx_shift[3]  (from clk +)
   Destination:    FF         Data in        system/bus/byte_sd/rx_shift[4]  (to clk +)

   Delay:               0.287ns  (46.3% logic, 53.7% route), 1 logic levels.

 Constraint Details:

      0.287ns physical path delay system/bus/byte_sd/SLICE_416 to system/bus/byte_sd/SLICE_416 meets
     -0.019ns M_HLD and
      0.000ns delay constraint less
      0.000ns skew requirement (totaling -0.019ns) by 0.306ns

 Physical Path Details:

      Data path system/bus/byte_sd/SLICE_416 to system/bus/byte_sd/SLICE_416:

   Name    Fanout   Delay (ns)          Site               Resource
REG_DEL     ---     0.133     R4C17B.CLK to      R4C17B.Q0 system/bus/byte_sd/SLICE_416 (from clk)
ROUTE         2     0.154      R4C17B.Q0 to      R4C17B.M1 system/bus/byte_sd/rdata_8[3] (to clk)
                  --------
                    0.287   (46.3% logic, 53.7% route), 1 logic levels.

 Clock Skew Details: 

      Source Clock Path oscillator to system/bus/byte_sd/SLICE_416:

   Name    Fanout   Delay (ns)          Site               Resource
ROUTE       245     1.216        OSC.OSC to     R4C17B.CLK clk
                  --------
                    1.216   (0.0% logic, 100.0% route), 0 logic levels.

      Destination Clock Path oscillator to system/bus/byte_sd/SLICE_416:

   Name    Fanout   Delay (ns)          Site               Resource
ROUTE       245     1.216        OSC.OSC to     R4C17B.CLK clk
                  --------
                    1.216   (0.0% logic, 100.0% route), 0 logic levels.


Passed: The following path meets requirements by 0.306ns

 Logical Details:  Cell type  Pin type       Cell/ASIC name  (clock net +/-)

   Source:         FF         Q              system/bus/byte_sd/rx_shift[6]  (from clk +)
   Destination:    FF         Data in        system/bus/byte_sd/rdata_1[6]  (to clk +)

   Delay:               0.287ns  (46.3% logic, 53.7% route), 1 logic levels.

 Constraint Details:

      0.287ns physical path delay system/SLICE_418 to system/bus/byte_sd/SLICE_376 meets
     -0.019ns M_HLD and
      0.000ns delay constraint less
      0.000ns skew requirement (totaling -0.019ns) by 0.306ns

 Physical Path Details:

      Data path system/SLICE_418 to system/bus/byte_sd/SLICE_376:

   Name    Fanout   Delay (ns)          Site               Resource
REG_DEL     ---     0.133     R4C16B.CLK to      R4C16B.Q1 system/SLICE_418 (from clk)
ROUTE         2     0.154      R4C16B.Q1 to      R4C16C.M0 system/bus/byte_sd/rdata_8[6] (to clk)
                  --------
                    0.287   (46.3% logic, 53.7% route), 1 logic levels.

 Clock Skew Details: 

      Source Clock Path oscillator to system/SLICE_418:

   Name    Fanout   Delay (ns)          Site               Resource
ROUTE       245     1.216        OSC.OSC to     R4C16B.CLK clk
                  --------
                    1.216   (0.0% logic, 100.0% route), 0 logic levels.

      Destination Clock Path oscillator to system/bus/byte_sd/SLICE_376:

   Name    Fanout   Delay (ns)          Site               Resource
ROUTE       245     1.216        OSC.OSC to     R4C16C.CLK clk
                  --------
                    1.216   (0.0% logic, 100.0% route), 0 logic levels.


Passed: The following path meets requirements by 0.306ns

 Logical Details:  Cell type  Pin type       Cell/ASIC name  (clock net +/-)

   Source:         FF         Q              system/bus/guest_memory/rx[0]  (from clk +)
   Destination:    FF         Data in        system/bus/guest_memory/rx[1]  (to clk +)

   Delay:               0.287ns  (46.3% logic, 53.7% route), 1 logic levels.

 Constraint Details:

      0.287ns physical path delay system/bus/SLICE_427 to system/bus/SLICE_427 meets
     -0.019ns M_HLD and
      0.000ns delay constraint less
      0.000ns skew requirement (totaling -0.019ns) by 0.306ns

 Physical Path Details:

      Data path system/bus/SLICE_427 to system/bus/SLICE_427:

   Name    Fanout   Delay (ns)          Site               Resource
REG_DEL     ---     0.133      R4C9B.CLK to       R4C9B.Q0 system/bus/SLICE_427 (from clk)
ROUTE         3     0.154       R4C9B.Q0 to       R4C9B.M1 system/bus/guest_memory/rx[0] (to clk)
                  --------
                    0.287   (46.3% logic, 53.7% route), 1 logic levels.

 Clock Skew Details: 

      Source Clock Path oscillator to system/bus/SLICE_427:

   Name    Fanout   Delay (ns)          Site               Resource
ROUTE       245     1.216        OSC.OSC to      R4C9B.CLK clk
                  --------
                    1.216   (0.0% logic, 100.0% route), 0 logic levels.

      Destination Clock Path oscillator to system/bus/SLICE_427:

   Name    Fanout   Delay (ns)          Site               Resource
ROUTE       245     1.216        OSC.OSC to      R4C9B.CLK clk
                  --------
                    1.216   (0.0% logic, 100.0% route), 0 logic levels.

Report Summary
--------------
----------------------------------------------------------------------------
Preference(MIN Delays)                  |   Constraint|       Actual|Levels
----------------------------------------------------------------------------
                                        |             |             |
FREQUENCY NET "clk" 29.560000 MHz ;     |     0.000 ns|     0.293 ns|   1  
                                        |             |             |
----------------------------------------------------------------------------


All preferences were met.


Clock Domains Analysis
------------------------

Found 1 clocks:

Clock Domain: clk   Source: oscillator.OSC   Loads: 245
   Covered under: FREQUENCY NET "clk" 29.560000 MHz ;


--------------------------------------------------------------------------------
                Connections not covered by the preferences
--------------------------------------------------------------------------------

     Delay                        Element                 Net

    0.177ns pio_key_row[0].PADDI to _key_row[0]_MGIOL.DI gpio_key_row_in[0]
    0.177ns        sd_miso.PADDI to     sd_miso_MGIOL.DI sd_miso_c
    0.177ns             rx.PADDI to          rx_MGIOL.DI rx_c
    0.848ns      gpio_miso.PADDI to _memory/SLICE_130.A0 gpio_miso_c
    0.864ns      gpio_miso.PADDI to tem/bus/SLICE_427.M0 gpio_miso_c
    0.127ns      gpio_miso.PADDI to   gpio_miso_MGIOL.DI gpio_miso_c
    0.177ns pio_key_row[1].PADDI to _key_row[1]_MGIOL.DI gpio_key_row_in[1]
    0.177ns pio_key_row[2].PADDI to _key_row[2]_MGIOL.DI gpio_key_row_in[2]
    0.177ns pio_key_row[3].PADDI to _key_row[3]_MGIOL.DI gpio_key_row_in[3]
    1.186ns            res.PADDI to        SLICE_661.LSR res_c

--------------------------------------------------------------------------------


Timing summary (Hold):
---------------

Timing errors: 0  Score: 0
Cumulative negative slack: 0

Constraints cover 2514492 paths, 1 nets, and 5426 connections (99.82% coverage)



Timing summary (Setup and Hold):
---------------

Timing errors: 0 (setup), 0 (hold)
Score: 0 (setup), 0 (hold)
Cumulative negative slack: 0 (0+0)
--------------------------------------------------------------------------------

--------------------------------------------------------------------------------

