
 /----------------------------------------------------------------------------\
 |  yosys -- Yosys Open SYnthesis Suite                                       |
 |  Copyright (C) 2012 - 2026  Claire Xenia Wolf <claire@yosyshq.com>         |
 |  Distributed under an ISC-like license, type "license" to see terms        |
 \----------------------------------------------------------------------------/
 Yosys 0.69 (git sha1 9f75ca1f9, Release, Clang /workspace/YoWASP/yosys/wasi-sdk-33.0-x86_64-linux/share/cmake/../..//bin/clang++ 22.1.0)

-- Executing script file `proof.ys' --

1. Executing Verilog-2005 frontend: gold.v
Parsing SystemVerilog input from `gold.v' to AST representation.
Generating RTLIL representation for module `\gold'.
Successfully finished Verilog frontend.

2. Executing Verilog-2005 frontend: gate.v
Parsing SystemVerilog input from `gate.v' to AST representation.
Generating RTLIL representation for module `\gate'.
Successfully finished Verilog frontend.

3. Executing Verilog-2005 frontend: miter.v
Parsing SystemVerilog input from `miter.v' to AST representation.
Generating RTLIL representation for module `\miter'.
Successfully finished Verilog frontend.

4. Executing PREP pass.

4.1. Executing HIERARCHY pass (managing design hierarchy).

4.1.1. Analyzing design hierarchy..
Top module:  \miter
Used module:     \gate
Used module:     \gold

4.1.2. Analyzing design hierarchy..
Top module:  \miter
Used module:     \gate
Used module:     \gold
Removed 0 unused modules.

4.2. Executing PROC pass (convert processes to netlists).

4.2.1. Executing PROC_CLEAN pass (remove empty switches from decision trees).
Cleaned up 0 empty switches.

4.2.2. Executing PROC_RMDEAD pass (remove dead branches from decision trees).
Marked 7 switch rules as full_case in process $proc$gate.v:68$95 in module gate.
Marked 1 switch rules as full_case in process $proc$gate.v:58$93 in module gate.
Marked 7 switch rules as full_case in process $proc$gold.v:66$23 in module gold.
Marked 1 switch rules as full_case in process $proc$gold.v:56$21 in module gold.
Removed a total of 0 dead cases.

4.2.3. Executing PROC_PRUNE pass (remove redundant assignments in processes).
Removed 4 redundant assignments.
Promoted 2 assignments to connections.

4.2.4. Executing PROC_INIT pass (extract init attributes).

4.2.5. Executing PROC_ARST pass (detect async resets in processes).

4.2.6. Executing PROC_ROM pass (convert switches to ROMs).
Converted 0 switches.
<suppressed ~27 debug messages>

4.2.7. Executing PROC_MUX pass (convert decision trees to multiplexers).
Creating decoders for process `\gate.$proc$gate.v:68$95'.
     1/14: $0\rdata[15:0] [15:8]
     2/14: $0\rdata[15:0] [7:0]
     3/14: $0\ready[0:0]
     4/14: $0\divider[0:0]
     5/14: $0\bit_count[2:0]
     6/14: $0\tx[6:0]
     7/14: $0\next_word[14:0]
     8/14: $0\seen[0:0]
     9/14: $0\active[0:0]
    10/14: $0\state[3:0]
    11/14: $0\spi_mosi[0:0]
    12/14: $0\spi_sck[0:0]
    13/14: $0\spi_cs_n[0:0]
    14/14: $0\error[0:0]
Creating decoders for process `\gate.$proc$gate.v:58$93'.
     1/1: $1\next_byte[7:0]
Creating decoders for process `\gold.$proc$gold.v:66$23'.
     1/15: $0\rdata[15:0] [15:8]
     2/15: $0\rdata[15:0] [7:0]
     3/15: $0\ready[0:0]
     4/15: $0\divider[0:0]
     5/15: $0\bit_count[2:0]
     6/15: $0\rx[7:0]
     7/15: $0\tx[6:0]
     8/15: $0\next_word[14:0]
     9/15: $0\seen[0:0]
    10/15: $0\active[0:0]
    11/15: $0\state[3:0]
    12/15: $0\spi_mosi[0:0]
    13/15: $0\spi_sck[0:0]
    14/15: $0\spi_cs_n[0:0]
    15/15: $0\error[0:0]
Creating decoders for process `\gold.$proc$gold.v:56$21'.
     1/1: $1\next_byte[7:0]

4.2.8. Executing PROC_DLATCH pass (convert process syncs to latches).
No latch inferred for signal `\gate.\next_byte' from process `\gate.$proc$gate.v:58$93'.
No latch inferred for signal `\gold.\next_byte' from process `\gold.$proc$gold.v:56$21'.

4.2.9. Executing PROC_DFF pass (convert process syncs to FFs).
Creating register for signal `\gate.\rdata' using process `\gate.$proc$gate.v:68$95'.
  created $dff cell `$procdff$683' with positive edge clock.
Creating register for signal `\gate.\ready' using process `\gate.$proc$gate.v:68$95'.
  created $dff cell `$procdff$684' with positive edge clock.
Creating register for signal `\gate.\error' using process `\gate.$proc$gate.v:68$95'.
  created $dff cell `$procdff$685' with positive edge clock.
Creating register for signal `\gate.\spi_cs_n' using process `\gate.$proc$gate.v:68$95'.
  created $dff cell `$procdff$686' with positive edge clock.
Creating register for signal `\gate.\spi_sck' using process `\gate.$proc$gate.v:68$95'.
  created $dff cell `$procdff$687' with positive edge clock.
Creating register for signal `\gate.\spi_mosi' using process `\gate.$proc$gate.v:68$95'.
  created $dff cell `$procdff$688' with positive edge clock.
Creating register for signal `\gate.\state' using process `\gate.$proc$gate.v:68$95'.
  created $dff cell `$procdff$689' with positive edge clock.
Creating register for signal `\gate.\active' using process `\gate.$proc$gate.v:68$95'.
  created $dff cell `$procdff$690' with positive edge clock.
Creating register for signal `\gate.\seen' using process `\gate.$proc$gate.v:68$95'.
  created $dff cell `$procdff$691' with positive edge clock.
Creating register for signal `\gate.\next_word' using process `\gate.$proc$gate.v:68$95'.
  created $dff cell `$procdff$692' with positive edge clock.
Creating register for signal `\gate.\tx' using process `\gate.$proc$gate.v:68$95'.
  created $dff cell `$procdff$693' with positive edge clock.
Creating register for signal `\gate.\bit_count' using process `\gate.$proc$gate.v:68$95'.
  created $dff cell `$procdff$694' with positive edge clock.
Creating register for signal `\gate.\divider' using process `\gate.$proc$gate.v:68$95'.
  created $dff cell `$procdff$695' with positive edge clock.
Creating register for signal `\gold.\rdata' using process `\gold.$proc$gold.v:66$23'.
  created $dff cell `$procdff$696' with positive edge clock.
Creating register for signal `\gold.\ready' using process `\gold.$proc$gold.v:66$23'.
  created $dff cell `$procdff$697' with positive edge clock.
Creating register for signal `\gold.\error' using process `\gold.$proc$gold.v:66$23'.
  created $dff cell `$procdff$698' with positive edge clock.
Creating register for signal `\gold.\spi_cs_n' using process `\gold.$proc$gold.v:66$23'.
  created $dff cell `$procdff$699' with positive edge clock.
Creating register for signal `\gold.\spi_sck' using process `\gold.$proc$gold.v:66$23'.
  created $dff cell `$procdff$700' with positive edge clock.
Creating register for signal `\gold.\spi_mosi' using process `\gold.$proc$gold.v:66$23'.
  created $dff cell `$procdff$701' with positive edge clock.
Creating register for signal `\gold.\state' using process `\gold.$proc$gold.v:66$23'.
  created $dff cell `$procdff$702' with positive edge clock.
Creating register for signal `\gold.\active' using process `\gold.$proc$gold.v:66$23'.
  created $dff cell `$procdff$703' with positive edge clock.
Creating register for signal `\gold.\seen' using process `\gold.$proc$gold.v:66$23'.
  created $dff cell `$procdff$704' with positive edge clock.
Creating register for signal `\gold.\next_word' using process `\gold.$proc$gold.v:66$23'.
  created $dff cell `$procdff$705' with positive edge clock.
Creating register for signal `\gold.\tx' using process `\gold.$proc$gold.v:66$23'.
  created $dff cell `$procdff$706' with positive edge clock.
Creating register for signal `\gold.\rx' using process `\gold.$proc$gold.v:66$23'.
  created $dff cell `$procdff$707' with positive edge clock.
Creating register for signal `\gold.\bit_count' using process `\gold.$proc$gold.v:66$23'.
  created $dff cell `$procdff$708' with positive edge clock.
Creating register for signal `\gold.\divider' using process `\gold.$proc$gold.v:66$23'.
  created $dff cell `$procdff$709' with positive edge clock.

4.2.10. Executing PROC_MEMWR pass (convert process memory writes to cells).

4.2.11. Executing PROC_CLEAN pass (remove empty switches from decision trees).
Found and cleaned up 12 empty switches in `\gate.$proc$gate.v:68$95'.
Removing empty process `gate.$proc$gate.v:68$95'.
Found and cleaned up 1 empty switch in `\gate.$proc$gate.v:58$93'.
Removing empty process `gate.$proc$gate.v:58$93'.
Found and cleaned up 13 empty switches in `\gold.$proc$gold.v:66$23'.
Removing empty process `gold.$proc$gold.v:66$23'.
Found and cleaned up 1 empty switch in `\gold.$proc$gold.v:56$21'.
Removing empty process `gold.$proc$gold.v:56$21'.
Cleaned up 27 empty switches.

4.2.12. Executing OPT_EXPR pass (perform const folding).
Optimizing module miter.
<suppressed ~1 debug messages>
Optimizing module gate.
<suppressed ~30 debug messages>
Optimizing module gold.
<suppressed ~32 debug messages>

4.3. Executing FLATTEN pass (flatten design).
Deleting now unused module gate.
Deleting now unused module gold.
<suppressed ~2 debug messages>

4.4. Executing FUTURE pass.

4.5. Executing OPT_EXPR pass (perform const folding).
Optimizing module miter.

4.6. Executing OPT_CLEAN pass (remove unused cells and wires).
Finding unused cells or wires in module \miter..
Removed 7 unused cells and 219 unused wires.
<suppressed ~10 debug messages>

4.7. Executing CHECK pass (checking for obvious problems).
Checking module miter...
Found and reported 0 problems.

4.8. Executing OPT pass (performing simple optimizations).

4.8.1. Executing OPT_EXPR pass (perform const folding).
Optimizing module miter.

4.8.2. Executing OPT_MERGE pass (detect identical cells).
Finding identical cells in module `\miter'.
Computing hashes of 419 cells of `\miter'.
Finding duplicate cells in `\miter'.
Computing hashes of 336 cells of `\miter'.
Finding duplicate cells in `\miter'.
Computing hashes of 320 cells of `\miter'.
Finding duplicate cells in `\miter'.
Computing hashes of 319 cells of `\miter'.
Finding duplicate cells in `\miter'.
Computing hashes of 318 cells of `\miter'.
Finding duplicate cells in `\miter'.
Computing hashes of 317 cells of `\miter'.
Finding duplicate cells in `\miter'.
Computing hashes of 316 cells of `\miter'.
Finding duplicate cells in `\miter'.
Computing hashes of 315 cells of `\miter'.
Finding duplicate cells in `\miter'.
Computing hashes of 314 cells of `\miter'.
Finding duplicate cells in `\miter'.
<suppressed ~315 debug messages>
Removed a total of 105 cells.

4.8.3. Executing OPT_MUXTREE pass (detect dead branches in mux trees).
Running muxtree optimizer on module \miter..
  Creating internal representation of mux trees.
  Evaluating internal representation of mux trees.
      Replacing known input bits on port B of cell $flatten\dut_gate.$procmux$317: \dut_gate.active -> 1'1
      Replacing known input bits on port A of cell $flatten\dut_gate.$procmux$315: \dut_gate.active -> 1'1
      Replacing known input bits on port A of cell $flatten\dut_gate.$procmux$312: \dut_gate.active -> 1'1
      Replacing known input bits on port B of cell $flatten\dut_gate.$procmux$305: { \dut_gate.active \dut_gate.active \dut_gate.active } -> 3'000
      Replacing known input bits on port B of cell $flatten\dut_gold.$procmux$578: \dut_gold.active -> 1'1
      Replacing known input bits on port A of cell $flatten\dut_gold.$procmux$576: \dut_gold.active -> 1'1
      Replacing known input bits on port A of cell $flatten\dut_gold.$procmux$573: \dut_gold.active -> 1'1
      Replacing known input bits on port B of cell $flatten\dut_gold.$procmux$566: { \dut_gold.active \dut_gold.active \dut_gold.active } -> 3'000
  Analyzing evaluation results.
Removed 0 multiplexer ports.
<suppressed ~208 debug messages>

4.8.4. Executing OPT_REDUCE pass (consolidate $*mux and $reduce_* inputs).
  Optimizing cells in module \miter.
    New ctrl vector for $pmux cell $flatten\dut_gate.$procmux$305: $auto$opt_reduce.cc:137:opt_pmux$713
    New ctrl vector for $pmux cell $flatten\dut_gate.$procmux$350: $auto$opt_reduce.cc:137:opt_pmux$715
    New ctrl vector for $pmux cell $flatten\dut_gate.$procmux$370: $auto$opt_reduce.cc:137:opt_pmux$717
    New ctrl vector for $pmux cell $flatten\dut_gate.$procmux$261: $auto$opt_reduce.cc:137:opt_pmux$719
    New ctrl vector for $pmux cell $flatten\dut_gate.$procmux$227: $auto$opt_reduce.cc:137:opt_pmux$721
    New ctrl vector for $pmux cell $flatten\dut_gate.$procmux$241: $auto$opt_reduce.cc:137:opt_pmux$723
    New ctrl vector for $pmux cell $flatten\dut_gold.$procmux$476: $auto$opt_reduce.cc:137:opt_pmux$725
    New ctrl vector for $pmux cell $flatten\dut_gold.$procmux$490: $auto$opt_reduce.cc:137:opt_pmux$727
    New ctrl vector for $pmux cell $flatten\dut_gold.$procmux$522: $auto$opt_reduce.cc:137:opt_pmux$729
    New ctrl vector for $pmux cell $flatten\dut_gold.$procmux$566: $auto$opt_reduce.cc:137:opt_pmux$731
    New ctrl vector for $pmux cell $flatten\dut_gold.$procmux$611: $auto$opt_reduce.cc:137:opt_pmux$733
    New ctrl vector for $pmux cell $flatten\dut_gold.$procmux$631: $auto$opt_reduce.cc:137:opt_pmux$735
  Optimizing cells in module \miter.
Performed a total of 12 changes.

4.8.5. Executing OPT_MERGE pass (detect identical cells).
Finding identical cells in module `\miter'.
Computing hashes of 326 cells of `\miter'.
Finding duplicate cells in `\miter'.
Computing hashes of 315 cells of `\miter'.
Finding duplicate cells in `\miter'.
Computing hashes of 313 cells of `\miter'.
Finding duplicate cells in `\miter'.
<suppressed ~39 debug messages>
Removed a total of 13 cells.

4.8.6. Executing OPT_CLEAN pass (remove unused cells and wires).
Finding unused cells or wires in module \miter..
Removed 0 unused cells and 102 unused wires.
<suppressed ~1 debug messages>

4.8.7. Executing OPT_EXPR pass (perform const folding).
Optimizing module miter.

4.8.8. Rerunning OPT passes. (Maybe there is more to do..)

4.8.9. Executing OPT_MUXTREE pass (detect dead branches in mux trees).
Running muxtree optimizer on module \miter..
  Creating internal representation of mux trees.
  Evaluating internal representation of mux trees.
  Analyzing evaluation results.
Removed 0 multiplexer ports.
<suppressed ~216 debug messages>

4.8.10. Executing OPT_REDUCE pass (consolidate $*mux and $reduce_* inputs).
  Optimizing cells in module \miter.
Performed a total of 0 changes.

4.8.11. Executing OPT_MERGE pass (detect identical cells).
Finding identical cells in module `\miter'.
Computing hashes of 313 cells of `\miter'.
Finding duplicate cells in `\miter'.
Removed a total of 0 cells.

4.8.12. Executing OPT_CLEAN pass (remove unused cells and wires).
Finding unused cells or wires in module \miter..

4.8.13. Executing OPT_EXPR pass (perform const folding).
Optimizing module miter.

4.8.14. Finished fast OPT passes. (There is nothing left to do.)

4.9. Executing WREDUCE pass (reducing word size of cells).
Removed top 30 bits (of 32) from port B of cell miter.$ge$miter.v:28$147 ($ge).
Removed top 28 bits (of 32) from port B of cell miter.$le$miter.v:28$148 ($le).
Removed top 28 bits (of 32) from port B of cell miter.$le$miter.v:32$154 ($le).
Removed top 3 bits (of 4) from port B of cell miter.$flatten\dut_gold.$procmux$682_CMP0 ($eq).
Removed top 2 bits (of 4) from port B of cell miter.$flatten\dut_gold.$procmux$681_CMP0 ($eq).
Removed top 1 bits (of 4) from port B of cell miter.$flatten\dut_gold.$procmux$680_CMP0 ($eq).
Removed top 1 bits (of 4) from port B of cell miter.$flatten\dut_gold.$procmux$679_CMP0 ($eq).
Removed top 1 bits (of 4) from port B of cell miter.$flatten\dut_gold.$procmux$678_CMP0 ($eq).
Removed top 2 bits (of 4) from port B of cell miter.$flatten\dut_gold.$procmux$478_CMP0 ($eq).
Removed top 1 bits (of 4) from mux cell miter.$flatten\dut_gold.$ternary$gold.v:113$42 ($mux).
Removed top 1 bits (of 4) from port B of cell miter.$flatten\dut_gold.$eq$gold.v:89$29 ($eq).
Removed top 1 bits (of 4) from port A of cell miter.$flatten\dut_gold.$add$gold.v:53$19 ($add).
Removed top 3 bits (of 4) from port B of cell miter.$flatten\dut_gold.$add$gold.v:53$19 ($add).
Removed top 3 bits (of 4) from port B of cell miter.$flatten\dut_gate.$procmux$421_CMP0 ($eq).
Removed top 2 bits (of 4) from port B of cell miter.$flatten\dut_gate.$procmux$420_CMP0 ($eq).
Removed top 1 bits (of 4) from port B of cell miter.$flatten\dut_gate.$procmux$419_CMP0 ($eq).
Removed top 1 bits (of 4) from port B of cell miter.$flatten\dut_gate.$procmux$418_CMP0 ($eq).
Removed top 1 bits (of 4) from port B of cell miter.$flatten\dut_gate.$procmux$417_CMP0 ($eq).
Removed top 2 bits (of 4) from port B of cell miter.$flatten\dut_gate.$procmux$229_CMP0 ($eq).
Removed top 1 bits (of 4) from mux cell miter.$flatten\dut_gate.$ternary$gate.v:114$113 ($mux).
Removed top 1 bits (of 4) from port B of cell miter.$flatten\dut_gate.$eq$gate.v:91$101 ($eq).
Removed top 1 bits (of 4) from wire miter.$flatten\dut_gold.$ternary$gold.v:113$42_Y.
Removed top 1 bits (of 4) from wire miter.$flatten\dut_gate.$ternary$gate.v:114$113_Y.
Removed top 16 bits (of 48) from wire miter.gate_control.
Removed top 16 bits (of 48) from wire miter.gold_control.

4.10. Executing OPT_CLEAN pass (remove unused cells and wires).
Finding unused cells or wires in module \miter..
Removed 0 unused cells and 4 unused wires.
<suppressed ~1 debug messages>

4.11. Executing MEMORY_COLLECT pass (generating $mem cells).

4.12. Executing OPT pass (performing simple optimizations).

4.12.1. Executing OPT_EXPR pass (perform const folding).
Optimizing module miter.

4.12.2. Executing OPT_MERGE pass (detect identical cells).
Finding identical cells in module `\miter'.
Computing hashes of 313 cells of `\miter'.
Finding duplicate cells in `\miter'.
Removed a total of 0 cells.

4.12.3. Executing OPT_CLEAN pass (remove unused cells and wires).
Finding unused cells or wires in module \miter..

4.12.4. Finished fast OPT passes.

4.13. Executing SORT pass.

4.14. Printing statistics.

=== miter ===

        +----------Local Count, excluding submodules.
        | 
      352 wires
     1319 wire bits
       96 public wires
      571 public wire bits
       12 ports
       42 port bits
      313 cells
        7   $add
        2   $and
       27   $dff
       27   $eq
        1   $ge
        2   $le
       24   $logic_and
       20   $logic_not
        4   $logic_or
      152   $mux
        1   $ne
        8   $pmux
       14   $reduce_and
        2   $reduce_bool
        4   $reduce_or
        2   $scopeinfo
        1   $shr
        1   $sub
       14   $xor

4.15. Executing CHECK pass (checking for obvious problems).
Checking module miter...
Found and reported 0 problems.

5. Executing OPT pass (performing simple optimizations).

5.1. Executing OPT_EXPR pass (perform const folding).
Optimizing module miter.

5.2. Executing OPT_MERGE pass (detect identical cells).
Finding identical cells in module `\miter'.
Computing hashes of 313 cells of `\miter'.
Finding duplicate cells in `\miter'.
Removed a total of 0 cells.

5.3. Executing OPT_MUXTREE pass (detect dead branches in mux trees).
Running muxtree optimizer on module \miter..
  Creating internal representation of mux trees.
  Evaluating internal representation of mux trees.
  Analyzing evaluation results.
Removed 0 multiplexer ports.
<suppressed ~216 debug messages>

5.4. Executing OPT_REDUCE pass (consolidate $*mux and $reduce_* inputs).
  Optimizing cells in module \miter.
Performed a total of 0 changes.

5.5. Executing OPT_MERGE pass (detect identical cells).
Finding identical cells in module `\miter'.
Computing hashes of 313 cells of `\miter'.
Finding duplicate cells in `\miter'.
Removed a total of 0 cells.

5.6. Executing OPT_DFF pass (perform DFF optimizations).
Adding SRST signal on $flatten\dut_gold.$procdff$709 ($dff) from module miter (D = $flatten\dut_gold.$procmux$484_Y, Q = \dut_gold.divider, rval = 1'0).
Adding EN signal on $auto$ff.cc:337:slice$740 ($sdff) from module miter (D = $flatten\dut_gold.$procmux$484_Y, Q = \dut_gold.divider).
Adding SRST signal on $flatten\dut_gold.$procdff$708 ($dff) from module miter (D = $flatten\dut_gold.$procmux$504_Y, Q = \dut_gold.bit_count, rval = 3'000).
Adding EN signal on $auto$ff.cc:337:slice$744 ($sdff) from module miter (D = $flatten\dut_gold.$procmux$504_Y, Q = \dut_gold.bit_count).
Adding SRST signal on $flatten\dut_gold.$procdff$707 ($dff) from module miter (D = $flatten\dut_gold.$procmux$516_Y, Q = \dut_gold.rx, rval = 8'00000000).
Adding EN signal on $auto$ff.cc:337:slice$756 ($sdff) from module miter (D = { \dut_gold.rx [6:0] \spi_miso }, Q = \dut_gold.rx).
Adding SRST signal on $flatten\dut_gold.$procdff$706 ($dff) from module miter (D = $flatten\dut_gold.$procmux$536_Y, Q = \dut_gold.tx, rval = 7'0000000).
Adding EN signal on $auto$ff.cc:337:slice$764 ($sdff) from module miter (D = $flatten\dut_gold.$procmux$536_Y, Q = \dut_gold.tx).
Adding SRST signal on $flatten\dut_gold.$procdff$705 ($dff) from module miter (D = $flatten\dut_gold.$procmux$545_Y, Q = \dut_gold.next_word, rval = 15'000000000000000).
Adding EN signal on $auto$ff.cc:337:slice$776 ($sdff) from module miter (D = \dut_gate.advanced_word, Q = \dut_gold.next_word).
Adding SRST signal on $flatten\dut_gold.$procdff$704 ($dff) from module miter (D = $flatten\dut_gold.$procmux$560_Y, Q = \dut_gold.seen, rval = 1'0).
Adding SRST signal on $flatten\dut_gold.$procdff$703 ($dff) from module miter (D = $flatten\dut_gold.$procmux$580_Y, Q = \dut_gold.active, rval = 1'0).
Adding SRST signal on $flatten\dut_gold.$procdff$702 ($dff) from module miter (D = $flatten\dut_gold.$procmux$605_Y, Q = \dut_gold.state, rval = 4'0000).
Adding EN signal on $auto$ff.cc:337:slice$784 ($sdff) from module miter (D = $flatten\dut_gold.$procmux$605_Y, Q = \dut_gold.state).
Adding SRST signal on $flatten\dut_gold.$procdff$701 ($dff) from module miter (D = $flatten\dut_gold.$procmux$625_Y, Q = \dut_gold.spi_mosi, rval = 1'0).
Adding EN signal on $auto$ff.cc:337:slice$800 ($sdff) from module miter (D = $flatten\dut_gold.$procmux$625_Y, Q = \dut_gold.spi_mosi).
Adding SRST signal on $flatten\dut_gold.$procdff$700 ($dff) from module miter (D = $flatten\dut_gold.$procmux$638_Y, Q = \dut_gold.spi_sck, rval = 1'0).
Adding EN signal on $auto$ff.cc:337:slice$812 ($sdff) from module miter (D = $flatten\dut_gold.$procmux$638_Y, Q = \dut_gold.spi_sck).
Adding SRST signal on $flatten\dut_gold.$procdff$699 ($dff) from module miter (D = $flatten\dut_gold.$procmux$653_Y, Q = \dut_gold.spi_cs_n, rval = 1'1).
Adding EN signal on $auto$ff.cc:337:slice$820 ($sdff) from module miter (D = $flatten\dut_gold.$procmux$644_Y, Q = \dut_gold.spi_cs_n).
Adding SRST signal on $flatten\dut_gold.$procdff$698 ($dff) from module miter (D = $flatten\dut_gold.$procmux$466_Y, Q = \dut_gold.error, rval = 1'0).
Adding SRST signal on $flatten\dut_gold.$procdff$697 ($dff) from module miter (D = $flatten\dut_gold.$procmux$461_Y, Q = \dut_gold.ready, rval = 1'0).
Adding SRST signal on $flatten\dut_gold.$procdff$696 ($dff) from module miter (D = { $flatten\dut_gold.$procmux$438_Y $flatten\dut_gold.$procmux$455_Y }, Q = \dut_gold.rdata, rval = 16'0000000000000000).
Adding EN signal on $auto$ff.cc:337:slice$836 ($sdff) from module miter (D = \dut_gold.rx, Q = \dut_gold.rdata [7:0]).
Adding EN signal on $auto$ff.cc:337:slice$836 ($sdff) from module miter (D = $flatten\dut_gold.$procmux$429_Y, Q = \dut_gold.rdata [15:8]).
Adding SRST signal on $flatten\dut_gate.$procdff$695 ($dff) from module miter (D = $flatten\dut_gate.$procmux$235_Y, Q = \dut_gate.divider, rval = 1'0).
Adding EN signal on $auto$ff.cc:337:slice$851 ($sdff) from module miter (D = $flatten\dut_gate.$procmux$235_Y, Q = \dut_gate.divider).
Adding SRST signal on $flatten\dut_gate.$procdff$694 ($dff) from module miter (D = $flatten\dut_gate.$procmux$255_Y, Q = \dut_gate.bit_count, rval = 3'000).
Adding EN signal on $auto$ff.cc:337:slice$855 ($sdff) from module miter (D = $flatten\dut_gate.$procmux$255_Y, Q = \dut_gate.bit_count).
Adding SRST signal on $flatten\dut_gate.$procdff$693 ($dff) from module miter (D = $flatten\dut_gate.$procmux$275_Y, Q = \dut_gate.tx, rval = 7'0000000).
Adding EN signal on $auto$ff.cc:337:slice$867 ($sdff) from module miter (D = $flatten\dut_gate.$procmux$275_Y, Q = \dut_gate.tx).
Adding SRST signal on $flatten\dut_gate.$procdff$692 ($dff) from module miter (D = $flatten\dut_gate.$procmux$284_Y, Q = \dut_gate.next_word, rval = 15'000000000000000).
Adding EN signal on $auto$ff.cc:337:slice$879 ($sdff) from module miter (D = \dut_gate.advanced_word, Q = \dut_gate.next_word).
Adding SRST signal on $flatten\dut_gate.$procdff$691 ($dff) from module miter (D = $flatten\dut_gate.$procmux$299_Y, Q = \dut_gate.seen, rval = 1'0).
Adding SRST signal on $flatten\dut_gate.$procdff$690 ($dff) from module miter (D = $flatten\dut_gate.$procmux$319_Y, Q = \dut_gate.active, rval = 1'0).
Adding SRST signal on $flatten\dut_gate.$procdff$689 ($dff) from module miter (D = $flatten\dut_gate.$procmux$344_Y, Q = \dut_gate.state, rval = 4'0000).
Adding EN signal on $auto$ff.cc:337:slice$887 ($sdff) from module miter (D = $flatten\dut_gate.$procmux$344_Y, Q = \dut_gate.state).
Adding SRST signal on $flatten\dut_gate.$procdff$688 ($dff) from module miter (D = $flatten\dut_gate.$procmux$364_Y, Q = \dut_gate.spi_mosi, rval = 1'0).
Adding EN signal on $auto$ff.cc:337:slice$903 ($sdff) from module miter (D = $flatten\dut_gate.$procmux$364_Y, Q = \dut_gate.spi_mosi).
Adding SRST signal on $flatten\dut_gate.$procdff$687 ($dff) from module miter (D = $flatten\dut_gate.$procmux$377_Y, Q = \dut_gate.spi_sck, rval = 1'0).
Adding EN signal on $auto$ff.cc:337:slice$915 ($sdff) from module miter (D = $flatten\dut_gate.$procmux$377_Y, Q = \dut_gate.spi_sck).
Adding SRST signal on $flatten\dut_gate.$procdff$686 ($dff) from module miter (D = $flatten\dut_gate.$procmux$392_Y, Q = \dut_gate.spi_cs_n, rval = 1'1).
Adding EN signal on $auto$ff.cc:337:slice$923 ($sdff) from module miter (D = $flatten\dut_gate.$procmux$383_Y, Q = \dut_gate.spi_cs_n).
Adding SRST signal on $flatten\dut_gate.$procdff$685 ($dff) from module miter (D = $flatten\dut_gate.$procmux$217_Y, Q = \dut_gate.error, rval = 1'0).
Adding SRST signal on $flatten\dut_gate.$procdff$684 ($dff) from module miter (D = $flatten\dut_gate.$procmux$212_Y, Q = \dut_gate.ready, rval = 1'0).
Adding SRST signal on $flatten\dut_gate.$procdff$683 ($dff) from module miter (D = { $flatten\dut_gate.$procmux$189_Y $flatten\dut_gate.$procmux$206_Y }, Q = \dut_gate.rdata, rval = 16'0000000000000000).
Adding EN signal on $auto$ff.cc:337:slice$939 ($sdff) from module miter (D = \dut_gate.rdata [15:8], Q = \dut_gate.rdata [7:0]).
Adding EN signal on $auto$ff.cc:337:slice$939 ($sdff) from module miter (D = $flatten\dut_gate.$procmux$185_Y, Q = \dut_gate.rdata [15:8]).

5.7. Executing OPT_CLEAN pass (remove unused cells and wires).
Finding unused cells or wires in module \miter..
Removed 60 unused cells and 58 unused wires.
<suppressed ~61 debug messages>

5.8. Executing OPT_EXPR pass (perform const folding).
Optimizing module miter.
<suppressed ~4 debug messages>

5.9. Rerunning OPT passes. (Maybe there is more to do..)

5.10. Executing OPT_MUXTREE pass (detect dead branches in mux trees).
Running muxtree optimizer on module \miter..
  Creating internal representation of mux trees.
  Evaluating internal representation of mux trees.
  Analyzing evaluation results.
Removed 0 multiplexer ports.
<suppressed ~141 debug messages>

5.11. Executing OPT_REDUCE pass (consolidate $*mux and $reduce_* inputs).
  Optimizing cells in module \miter.
Performed a total of 0 changes.

5.12. Executing OPT_MERGE pass (detect identical cells).
Finding identical cells in module `\miter'.
Computing hashes of 339 cells of `\miter'.
Finding duplicate cells in `\miter'.
Computing hashes of 308 cells of `\miter'.
Finding duplicate cells in `\miter'.
Computing hashes of 304 cells of `\miter'.
Finding duplicate cells in `\miter'.
<suppressed ~105 debug messages>
Removed a total of 35 cells.

5.13. Executing OPT_DFF pass (perform DFF optimizations).

5.14. Executing OPT_CLEAN pass (remove unused cells and wires).
Finding unused cells or wires in module \miter..
Removed 0 unused cells and 35 unused wires.
<suppressed ~1 debug messages>

5.15. Executing OPT_EXPR pass (perform const folding).
Optimizing module miter.

5.16. Rerunning OPT passes. (Maybe there is more to do..)

5.17. Executing OPT_MUXTREE pass (detect dead branches in mux trees).
Running muxtree optimizer on module \miter..
  Creating internal representation of mux trees.
  Evaluating internal representation of mux trees.
  Analyzing evaluation results.
Removed 0 multiplexer ports.
<suppressed ~145 debug messages>

5.18. Executing OPT_REDUCE pass (consolidate $*mux and $reduce_* inputs).
  Optimizing cells in module \miter.
Performed a total of 0 changes.

5.19. Executing OPT_MERGE pass (detect identical cells).
Finding identical cells in module `\miter'.
Computing hashes of 304 cells of `\miter'.
Finding duplicate cells in `\miter'.
Removed a total of 0 cells.

5.20. Executing OPT_DFF pass (perform DFF optimizations).

5.21. Executing OPT_CLEAN pass (remove unused cells and wires).
Finding unused cells or wires in module \miter..

5.22. Executing OPT_EXPR pass (perform const folding).
Optimizing module miter.

5.23. Finished fast OPT passes. (There is nothing left to do.)

6. Executing SAT pass (solving SAT problems in the circuit).
Using SAT solver `minisat`.

Setting up time step 1:
Import set-constraint for this timestep: \rst = 1'1
Final constraint equation: \rst = 1'1
Imported 304 cells to SAT database.
Final init constraint equation: { \dut_gate.rdata [7:0] \dut_gold.divider \dut_gold.bit_count \dut_gold.rx \dut_gold.tx \dut_gold.next_word \dut_gold.seen \dut_gold.active \dut_gold.state \dut_gold.spi_mosi \dut_gold.spi_sck \dut_gold.spi_cs_n \dut_gold.error \dut_gold.ready \dut_gold.rdata \dut_gate.divider \dut_gate.bit_count \dut_gate.tx \dut_gate.next_word \dut_gate.seen \dut_gate.active \dut_gate.state \dut_gate.spi_mosi \dut_gate.spi_sck \dut_gate.spi_cs_n \dut_gate.error \dut_gate.ready \dut_gate.rdata [15:8] } = 114'000000000000000000000000000000000000000000000000000000000000000000000000000000000000000000000000000000000000000000

Setting up time step 2:
Final constraint equation: { } = { }
Imported 304 cells to SAT database.

Setting up time step 1:
Final constraint equation: { } = { }
Imported 304 cells to SAT database.
Import proof-constraint: \ok = 1'1
Final proof equation: \ok = 1'1

** Trying induction with length 1 **

Setting up time step 3:
Final constraint equation: { } = { }
Imported 304 cells to SAT database.
Import proof-constraint: \ok = 1'1
Final proof equation: \ok = 1'1

[base case 1] Solving problem with 13296 variables and 36563 clauses..
Base case for induction length 1 proven.

Setting up time step 2:
Final constraint equation: { } = { }
Imported 304 cells to SAT database.
Import proof-constraint: \ok = 1'1
Final proof equation: \ok = 1'1

[induction step 1] Solving problem with 8435 variables and 22974 clauses..
Induction step proven: SUCCESS!

                  /$$$$$$      /$$$$$$$$     /$$$$$$$    
                 /$$__  $$    | $$_____/    | $$__  $$   
                | $$  \ $$    | $$          | $$  \ $$   
                | $$  | $$    | $$$$$       | $$  | $$   
                | $$  | $$    | $$__/       | $$  | $$   
                | $$/$$ $$    | $$          | $$  | $$   
                |  $$$$$$/ /$$| $$$$$$$$ /$$| $$$$$$$//$$
                 \____ $$$|__/|________/|__/|_______/|__/
                       \__/                              

End of script. Logfile hash: 65892a90fc, time: 0.13s, user: 0.13s, system: 0.00s
Yosys 0.69 (git sha1 9f75ca1f9, Release, Clang /workspace/YoWASP/yosys/wasi-sdk-33.0-x86_64-linux/share/cmake/../..//bin/clang++ 22.1.0)
Time spent: 49% 1x sat (0 sec), 9% 8x opt_clean (0 sec), ...
