PANEL progress1000000 key-1 last177777 cand177777 cnt000000 PC023462 outputsfe rows0
KEY start 16 cycles1869044 last177777
PANEL progress2000000 key-1 last000020 cand000020 cnt000002 PC014700 outputs86 rows0
KEY done 16 cycles2098701 last177777
KEY start 19 cycles2098701 last177777
KEY done 19 cycles2473619 last177777
KEY start 18 cycles2473619 last177777
KEY done 18 cycles2848458 last177777
KEY start 19 cycles2848458 last177777
PANEL progress3000000 key-1 last000023 cand000023 cnt000002 PC023452 outputs86 rows0
KEY done 19 cycles3066453 last177777
KEY start 7 cycles3066453 last177777
KEY done 7 cycles3295310 last177777
KEY start 19 cycles3295310 last177777
KEY done 19 cycles3830593 last177777
PANEL progress4000000 key-1 last177777 cand177777 cnt000002 PC023464 outputs86 rows0
KEY start 18 cycles4083297 last177777
KEY done 18 cycles4308586 last177777
KEY start 17 cycles4308586 last177777
KEY done 17 cycles4523503 last177777
KEY start 17 cycles4798861 last177777
PANEL progress5000000 key-1 last000021 cand177777 cnt000000 PC023464 outputs26 rows0
KEY done 17 cycles5023692 last177777
KEY start 18 cycles5023692 last177777
KEY done 18 cycles5238977 last177777
KEY start 18 cycles5238977 last177777
KEY done 18 cycles5454272 last177777
KEY start 18 cycles5454272 last177777
KEY done 18 cycles5669586 last177777
KEY start 18 cycles5669586 last177777
KEY done 18 cycles5884904 last177777
KEY start 18 cycles5884904 last177777
PANEL progress6000000 key-1 last000022 cand000022 cnt000002 PC014572 outputs86 rows0
KEY done 18 cycles6100241 last177777
KEY start 18 cycles6100241 last177777
KEY done 18 cycles6315555 last177777
KEY start 18 cycles6315555 last177777
KEY done 18 cycles6530864 last177777
KEY start 18 cycles6530864 last177777
KEY done 18 cycles6746225 last177777
KEY start 18 cycles6746225 last177777
KEY done 18 cycles6961593 last177777
KEY start 18 cycles6961593 last177777
PANEL progress7000000 key-1 last000022 cand000022 cnt000002 PC023456 outputs86 rows0
KEY done 18 cycles7176977 last177777
KEY start 18 cycles7176977 last177777
KEY done 18 cycles7392338 last177777
KEY start 18 cycles7392338 last177777
KEY done 18 cycles7607721 last177777
KEY start 18 cycles7607721 last177777
KEY done 18 cycles7823129 last177777
KEY start 18 cycles7823129 last177777
PANEL progress8000000 key-1 last000022 cand000022 cnt000002 PC023564 outputs16 rows0
KEY done 18 cycles8038535 last177777
KEY start 18 cycles8038535 last177777
KEY done 18 cycles8253990 last177777
KEY start 18 cycles8253990 last177777
KEY done 18 cycles8469476 last177777
KEY start 18 cycles8469476 last177777
KEY done 18 cycles8684990 last177777
KEY start 18 cycles8684990 last177777
KEY done 18 cycles8900532 last177777
KEY start 18 cycles8900532 last177777
PANEL progress9000000 key-1 last000022 cand000022 cnt000002 PC023472 outputs86 rows0
KEY done 18 cycles9116084 last177777
KEY start 18 cycles9116084 last177777
KEY done 18 cycles9331655 last177777
KEY start 18 cycles9331655 last177777
KEY done 18 cycles9547224 last177777
KEY start 18 cycles9547224 last177777
KEY done 18 cycles9762793 last177777
KEY start 17 cycles9762793 last177777
KEY done 17 cycles9977587 last177777
KEY start 17 cycles9977587 last177777
PANEL progress10000000 key17 last177777 cand000021 cnt000001 PC023500 outputs46 rows0
KEY done 17 cycles10192390 last177777
KEY start 17 cycles10192390 last177777
KEY done 17 cycles10407184 last177777
KEY start 17 cycles10407184 last177777
KEY done 17 cycles10621969 last177777
KEY start 17 cycles10621969 last177777
KEY done 17 cycles10836742 last177777
KEY start 17 cycles10836742 last177777
PANEL progress11000000 key-1 last000021 cand000021 cnt000002 PC023500 outputs86 rows0
KEY done 17 cycles11051485 last177777
KEY start 17 cycles11051485 last177777
KEY done 17 cycles11266249 last177777
KEY start 17 cycles11266249 last177777
KEY done 17 cycles11481007 last177777
KEY start 17 cycles11481007 last177777
KEY done 17 cycles11695762 last177777
KEY start 17 cycles11695762 last177777
KEY done 17 cycles11910559 last177777
KEY start 17 cycles11910559 last177777
PANEL progress12000000 key-1 last000021 cand000021 cnt000002 PC023504 outputs86 rows0
KEY done 17 cycles12125359 last177777
KEY start 17 cycles12125359 last177777
KEY done 17 cycles12340171 last177777
KEY start 17 cycles12340171 last177777
KEY done 17 cycles12554950 last177777
KEY start 17 cycles12554950 last177777
KEY done 17 cycles12769753 last177777
KEY start 17 cycles12769753 last177777
KEY done 17 cycles12984598 last177777
KEY start 17 cycles12984598 last177777
PANEL progress13000000 key17 last177777 cand000021 cnt000001 PC023426 outputs0e rows0
KEY done 17 cycles13199443 last177777
KEY start 17 cycles13199443 last177777
KEY done 17 cycles13414303 last177777
KEY start 17 cycles13414303 last177777
KEY done 17 cycles13629163 last177777
KEY start 17 cycles13629163 last177777
KEY done 17 cycles13844032 last177777
KEY start 17 cycles13844032 last177777
PANEL progress14000000 key-1 last000021 cand000021 cnt000002 PC023472 outputs86 rows0
KEY done 17 cycles14058898 last177777
KEY start 17 cycles14058898 last177777
KEY done 17 cycles14273749 last177777
PANEL progress15000000 key-1 last177777 cand177777 cnt000002 PC014700 outputs86 rows0
PANEL progress16000000 key-1 last177777 cand177777 cnt000002 PC023456 outputs86 rows0
PANEL progress17000000 key-1 last177777 cand177777 cnt000002 PC023470 outputs86 rows0
PANEL progress18000000 key-1 last177777 cand177777 cnt000002 PC023432 outputs86 rows0
PANEL progress19000000 key-1 last177777 cand177777 cnt000002 PC023452 outputs86 rows0
PANEL progress20000000 key-1 last177777 cand177777 cnt000002 PC023452 outputs86 rows0
PANEL progress21000000 key-1 last177777 cand177777 cnt000002 PC023440 outputs86 rows0
PANEL progress22000000 key18 last000022 cand000022 cnt000002 PC023470 outputs16 rows0
PANEL progress23000000 key18 last000022 cand000022 cnt000002 PC023470 outputs0e rows0
KEY start 17 cycles23774776 last177777
PANEL progress24000000 key-1 last177777 cand177777 cnt000002 PC023502 outputs46 rows0
KEY done 17 cycles24000011 last177777
KEY start 18 cycles24000011 last177777
KEY done 18 cycles24214907 last177777
KEY start 18 cycles24818971 last177777
PANEL progress25000000 key-1 last000022 cand000022 cnt000002 PC014700 outputs86 rows0
KEY done 18 cycles25044236 last177777
KEY start 19 cycles25044236 last177777
KEY done 19 cycles25426344 last177777
PASS CP64 scroll regression: 97 windows; photo line, panel/UART edges, held key, remap, ENTER, padding, context
PASS CP64 electrical panel: 3051 checks 25966766 clocks
- /Users/sash/Work/PROJECTS/k1801vm1/uJ11-fpga/build/cp64-panel-scroll-fix/odt_cases.vh:4052: Verilog $finish
PASS CP64 monitor: 3051 checks 57 commands 25966766 clocks
- /Users/sash/Work/PROJECTS/k1801vm1/uJ11-fpga/build/cp64-panel-scroll-fix/tb.v:133: Verilog $finish
- S i m u l a t i o n   R e p o r t: Verilator 5.050 2026-07-01
- Verilator: $finish at 260ms; walltime 10.765 s; speed 24.121 ms/s
- Verilator: cpu 10.740 s on 1 threads; allocated 3 MB
