
Loading design for application trce from file cp52b_impl1.ncd.
Design name: uj11_hc1200_microcomp
NCD version: 3.3
Vendor:      LATTICE
Device:      LCMXO2-1200HC
Package:     QFN32
Performance: 4
Loading device for application trce from file 'xo2c1200.nph' in environment: /home/sash/.local/lscc/diamond/3.14/ispfpga.
Package Status:                     Final          Version 1.44.
Performance Hardware Data Status:   Final          Version 36.4.
Setup and Hold Report

--------------------------------------------------------------------------------
Lattice TRACE Report - Setup, Version Diamond (64-bit) 3.14.0.75.2
Fri Sep 11 11:18:13 2026

Copyright (c) 1991-1994 by NeoCAD Inc. All rights reserved.
Copyright (c) 1995 AT&T Corp.   All rights reserved.
Copyright (c) 1995-2001 Lucent Technologies Inc.  All rights reserved.
Copyright (c) 2001 Agere Systems   All rights reserved.
Copyright (c) 2002-2024 Lattice Semiconductor Corporation,  All rights reserved.

Report Information
------------------
Command line:    trce -v 10 -c -u 0 -gt -sethld -sp 4 -sphld m -o cp52b_impl1.twr cp52b_impl1.ncd cp52b_impl1.prf 
Design file:     cp52b_impl1.ncd
Preference file: cp52b_impl1.prf
Device,speed:    LCMXO2-1200HC,4
Report level:    verbose report, limited to 10 items per preference
--------------------------------------------------------------------------------

BLOCK ASYNCPATHS
BLOCK RESETPATHS
--------------------------------------------------------------------------------



================================================================================
Preference: FREQUENCY NET "clk" 29.560000 MHz ;
            4096 items scored, 0 timing errors detected.
--------------------------------------------------------------------------------


Passed: The following path meets requirements by 0.544ns

 Logical Details:  Cell type  Pin type       Cell/ASIC name  (clock net +/-)

   Source:         DP8KC      Port           system/cpu/engine/rom/lane_2(ASIC)  (from clk +)
   Destination:    FF         Data in        system/bus/fixed_uart.console/rx_irq_o  (to clk +)

   Delay:              32.830ns  (42.3% logic, 57.7% route), 19 logic levels.

 Constraint Details:

     32.830ns physical path delay system/cpu/engine/rom/lane_2 to system/bus/fixed_uart.console/SLICE_251 meets
     33.829ns delay constraint less
      0.173ns skew and
      0.282ns CE_SET requirement (totaling 33.374ns) by 0.544ns

 Physical Path Details:

      Data path system/cpu/engine/rom/lane_2 to system/bus/fixed_uart.console/SLICE_251:

   Name    Fanout   Delay (ns)          Site               Resource
C2Q_DEL     ---     4.979 EBR_R6C10.CLKA to EBR_R6C10.DOA8 system/cpu/engine/rom/lane_2 (from clk)
ROUTE         4     1.374 EBR_R6C10.DOA8 to      R8C12B.C1 system/cpu/engine/a_select_2[0]
CTOF_DEL    ---     0.495      R8C12B.C1 to      R8C12B.F1 system/cpu/engine/SLICE_640
ROUTE         1     0.967      R8C12B.F1 to      R8C12A.A1 system/cpu/engine/un6_select_register[1]
CTOF_DEL    ---     0.495      R8C12A.A1 to      R8C12A.F1 system/cpu/engine/SLICE_518
ROUTE        18     1.583      R8C12A.F1 to      R9C10A.B1 system/cpu/engine/un9_d_axb1
CTOF_DEL    ---     0.495      R9C10A.B1 to      R9C10A.F1 system/cpu/engine/dp/rf/words_ram_2/SLICE_55
ROUTE        21     1.047      R9C10A.F1 to     R10C10B.B1 system/address[13]
CTOF_DEL    ---     0.495     R10C10B.B1 to     R10C10B.F1 system/bus/SLICE_473
ROUTE         2     0.445     R10C10B.F1 to     R10C10B.C0 system/bus/service_program_selected_6
CTOF_DEL    ---     0.495     R10C10B.C0 to     R10C10B.F0 system/bus/SLICE_473
ROUTE         2     1.422     R10C10B.F0 to      R8C12D.A1 system/bus/service_dma_selected_0
CTOF_DEL    ---     0.495      R8C12D.A1 to      R8C12D.F1 system/bus/SLICE_386
ROUTE        17     1.127      R8C12D.F1 to       R8C9D.D0 system/bus/service_dma_selecteddup
CTOF_DEL    ---     0.495       R8C9D.D0 to       R8C9D.F0 system/bus/SLICE_449
ROUTE         2     1.392       R8C9D.F0 to       R8C8A.A1 system/bus/un1_address_24_RNIOUCDB
CTOF_DEL    ---     0.495       R8C8A.A1 to       R8C8A.F1 system/bus/SLICE_437
ROUTE         2     1.051       R8C8A.F1 to      R8C10D.D0 system/bus/acknowledgedup_1_0
CTOF_DEL    ---     0.495      R8C10D.D0 to      R8C10D.F0 system/SLICE_393
ROUTE         5     1.185      R8C10D.F0 to      R8C15B.D1 system/acknowledgedup
CTOF_DEL    ---     0.495      R8C15B.D1 to      R8C15B.F1 system/cpu/engine/SLICE_403
ROUTE         2     0.445      R8C15B.F1 to      R8C15A.C1 system/cpu/engine/acknowledgedup_0
CTOF_DEL    ---     0.495      R8C15A.C1 to      R8C15A.F1 system/cpu/engine/SLICE_523
ROUTE         1     0.626      R8C15A.F1 to      R8C15A.D0 system/cpu/engine/effective_ackdup
CTOF_DEL    ---     0.495      R8C15A.D0 to      R8C15A.F0 system/cpu/engine/SLICE_523
ROUTE         1     0.623      R8C15A.F0 to      R9C15A.D1 system/cpu/engine/un1_completedup
CTOF_DEL    ---     0.495      R9C15A.D1 to      R9C15A.F1 system/cpu/engine/SLICE_405
ROUTE        10     1.123      R9C15A.F1 to     R10C14D.C1 system/cpu/engine/stepdup
CTOF_DEL    ---     0.495     R10C14D.C1 to     R10C14D.F1 system/cpu/engine/SLICE_407
ROUTE         7     0.989     R10C14D.F1 to     R10C11B.D1 system/irq_ackdup
CTOF_DEL    ---     0.495     R10C11B.D1 to     R10C11B.F1 system/SLICE_389
ROUTE         2     0.967     R10C11B.F1 to      R8C11D.D1 system/device_ack
CTOF_DEL    ---     0.495      R8C11D.D1 to      R8C11D.F1 system/bus/SLICE_455
ROUTE         3     0.453      R8C11D.F1 to      R8C11D.C0 system/bus/vic_strobe
CTOF_DEL    ---     0.495      R8C11D.C0 to      R8C11D.F0 system/bus/SLICE_455
ROUTE         2     1.469      R8C11D.F0 to       R8C5A.D1 system/bus/rx_irq_ack
CTOF_DEL    ---     0.495       R8C5A.D1 to       R8C5A.F1 system/bus/fixed_uart.console/SLICE_110
ROUTE         1     0.653       R8C5A.F1 to       R8C5C.CE system/bus/fixed_uart.console/un1_rx_full8_1_i (to clk)
                  --------
                   32.830   (42.3% logic, 57.7% route), 19 logic levels.

 Clock Skew Details: 

      Source Clock Path oscillator to system/cpu/engine/rom/lane_2:

   Name    Fanout   Delay (ns)          Site               Resource
ROUTE       242     3.714        OSC.OSC to EBR_R6C10.CLKA clk
                  --------
                    3.714   (0.0% logic, 100.0% route), 0 logic levels.

      Destination Clock Path oscillator to system/bus/fixed_uart.console/SLICE_251:

   Name    Fanout   Delay (ns)          Site               Resource
ROUTE       242     3.541        OSC.OSC to      R8C5C.CLK clk
                  --------
                    3.541   (0.0% logic, 100.0% route), 0 logic levels.


Passed: The following path meets requirements by 0.602ns

 Logical Details:  Cell type  Pin type       Cell/ASIC name  (clock net +/-)

   Source:         DP8KC      Port           system/cpu/engine/rom/lane_2(ASIC)  (from clk +)
   Destination:    FF         Data in        system/bus/fixed_uart.console/rx_irq_o  (to clk +)

   Delay:              32.772ns  (42.4% logic, 57.6% route), 19 logic levels.

 Constraint Details:

     32.772ns physical path delay system/cpu/engine/rom/lane_2 to system/bus/fixed_uart.console/SLICE_251 meets
     33.829ns delay constraint less
      0.173ns skew and
      0.282ns CE_SET requirement (totaling 33.374ns) by 0.602ns

 Physical Path Details:

      Data path system/cpu/engine/rom/lane_2 to system/bus/fixed_uart.console/SLICE_251:

   Name    Fanout   Delay (ns)          Site               Resource
C2Q_DEL     ---     4.979 EBR_R6C10.CLKA to EBR_R6C10.DOA8 system/cpu/engine/rom/lane_2 (from clk)
ROUTE         4     1.374 EBR_R6C10.DOA8 to      R8C12B.C1 system/cpu/engine/a_select_2[0]
CTOF_DEL    ---     0.495      R8C12B.C1 to      R8C12B.F1 system/cpu/engine/SLICE_640
ROUTE         1     0.967      R8C12B.F1 to      R8C12A.A1 system/cpu/engine/un6_select_register[1]
CTOF_DEL    ---     0.495      R8C12A.A1 to      R8C12A.F1 system/cpu/engine/SLICE_518
ROUTE        18     1.498      R8C12A.F1 to      R9C10B.B1 system/cpu/engine/un9_d_axb1
CTOF_DEL    ---     0.495      R9C10B.B1 to      R9C10B.F1 system/cpu/engine/dp/rf/words_ram_2/SLICE_56
ROUTE        16     1.074      R9C10B.F1 to     R10C10B.D1 system/address[15]
CTOF_DEL    ---     0.495     R10C10B.D1 to     R10C10B.F1 system/bus/SLICE_473
ROUTE         2     0.445     R10C10B.F1 to     R10C10B.C0 system/bus/service_program_selected_6
CTOF_DEL    ---     0.495     R10C10B.C0 to     R10C10B.F0 system/bus/SLICE_473
ROUTE         2     1.422     R10C10B.F0 to      R8C12D.A1 system/bus/service_dma_selected_0
CTOF_DEL    ---     0.495      R8C12D.A1 to      R8C12D.F1 system/bus/SLICE_386
ROUTE        17     1.127      R8C12D.F1 to       R8C9D.D0 system/bus/service_dma_selecteddup
CTOF_DEL    ---     0.495       R8C9D.D0 to       R8C9D.F0 system/bus/SLICE_449
ROUTE         2     1.392       R8C9D.F0 to       R8C8A.A1 system/bus/un1_address_24_RNIOUCDB
CTOF_DEL    ---     0.495       R8C8A.A1 to       R8C8A.F1 system/bus/SLICE_437
ROUTE         2     1.051       R8C8A.F1 to      R8C10D.D0 system/bus/acknowledgedup_1_0
CTOF_DEL    ---     0.495      R8C10D.D0 to      R8C10D.F0 system/SLICE_393
ROUTE         5     1.185      R8C10D.F0 to      R8C15B.D1 system/acknowledgedup
CTOF_DEL    ---     0.495      R8C15B.D1 to      R8C15B.F1 system/cpu/engine/SLICE_403
ROUTE         2     0.445      R8C15B.F1 to      R8C15A.C1 system/cpu/engine/acknowledgedup_0
CTOF_DEL    ---     0.495      R8C15A.C1 to      R8C15A.F1 system/cpu/engine/SLICE_523
ROUTE         1     0.626      R8C15A.F1 to      R8C15A.D0 system/cpu/engine/effective_ackdup
CTOF_DEL    ---     0.495      R8C15A.D0 to      R8C15A.F0 system/cpu/engine/SLICE_523
ROUTE         1     0.623      R8C15A.F0 to      R9C15A.D1 system/cpu/engine/un1_completedup
CTOF_DEL    ---     0.495      R9C15A.D1 to      R9C15A.F1 system/cpu/engine/SLICE_405
ROUTE        10     1.123      R9C15A.F1 to     R10C14D.C1 system/cpu/engine/stepdup
CTOF_DEL    ---     0.495     R10C14D.C1 to     R10C14D.F1 system/cpu/engine/SLICE_407
ROUTE         7     0.989     R10C14D.F1 to     R10C11B.D1 system/irq_ackdup
CTOF_DEL    ---     0.495     R10C11B.D1 to     R10C11B.F1 system/SLICE_389
ROUTE         2     0.967     R10C11B.F1 to      R8C11D.D1 system/device_ack
CTOF_DEL    ---     0.495      R8C11D.D1 to      R8C11D.F1 system/bus/SLICE_455
ROUTE         3     0.453      R8C11D.F1 to      R8C11D.C0 system/bus/vic_strobe
CTOF_DEL    ---     0.495      R8C11D.C0 to      R8C11D.F0 system/bus/SLICE_455
ROUTE         2     1.469      R8C11D.F0 to       R8C5A.D1 system/bus/rx_irq_ack
CTOF_DEL    ---     0.495       R8C5A.D1 to       R8C5A.F1 system/bus/fixed_uart.console/SLICE_110
ROUTE         1     0.653       R8C5A.F1 to       R8C5C.CE system/bus/fixed_uart.console/un1_rx_full8_1_i (to clk)
                  --------
                   32.772   (42.4% logic, 57.6% route), 19 logic levels.

 Clock Skew Details: 

      Source Clock Path oscillator to system/cpu/engine/rom/lane_2:

   Name    Fanout   Delay (ns)          Site               Resource
ROUTE       242     3.714        OSC.OSC to EBR_R6C10.CLKA clk
                  --------
                    3.714   (0.0% logic, 100.0% route), 0 logic levels.

      Destination Clock Path oscillator to system/bus/fixed_uart.console/SLICE_251:

   Name    Fanout   Delay (ns)          Site               Resource
ROUTE       242     3.541        OSC.OSC to      R8C5C.CLK clk
                  --------
                    3.541   (0.0% logic, 100.0% route), 0 logic levels.


Passed: The following path meets requirements by 0.878ns

 Logical Details:  Cell type  Pin type       Cell/ASIC name  (clock net +/-)

   Source:         DP8KC      Port           system/cpu/engine/rom/lane_2(ASIC)  (from clk +)
   Destination:    FF         Data in        system/bus/fixed_uart.console/rx_irq_o  (to clk +)

   Delay:              32.496ns  (42.7% logic, 57.3% route), 19 logic levels.

 Constraint Details:

     32.496ns physical path delay system/cpu/engine/rom/lane_2 to system/bus/fixed_uart.console/SLICE_251 meets
     33.829ns delay constraint less
      0.173ns skew and
      0.282ns CE_SET requirement (totaling 33.374ns) by 0.878ns

 Physical Path Details:

      Data path system/cpu/engine/rom/lane_2 to system/bus/fixed_uart.console/SLICE_251:

   Name    Fanout   Delay (ns)          Site               Resource
C2Q_DEL     ---     4.979 EBR_R6C10.CLKA to EBR_R6C10.DOA8 system/cpu/engine/rom/lane_2 (from clk)
ROUTE         4     1.667 EBR_R6C10.DOA8 to       R7C9C.D1 system/cpu/engine/a_select_2[0]
CTOF_DEL    ---     0.495       R7C9C.D1 to       R7C9C.F1 system/cpu/engine/SLICE_409
ROUTE         1     0.436       R7C9C.F1 to       R7C9C.C0 system/cpu/engine/un6_select_register[0]
CTOF_DEL    ---     0.495       R7C9C.C0 to       R7C9C.F0 system/cpu/engine/SLICE_409
ROUTE        16     1.460       R7C9C.F0 to      R9C10B.A1 system/cpu/engine/select_register_5[0]
CTOF_DEL    ---     0.495      R9C10B.A1 to      R9C10B.F1 system/cpu/engine/dp/rf/words_ram_2/SLICE_56
ROUTE        16     1.074      R9C10B.F1 to     R10C10B.D1 system/address[15]
CTOF_DEL    ---     0.495     R10C10B.D1 to     R10C10B.F1 system/bus/SLICE_473
ROUTE         2     0.445     R10C10B.F1 to     R10C10B.C0 system/bus/service_program_selected_6
CTOF_DEL    ---     0.495     R10C10B.C0 to     R10C10B.F0 system/bus/SLICE_473
ROUTE         2     1.422     R10C10B.F0 to      R8C12D.A1 system/bus/service_dma_selected_0
CTOF_DEL    ---     0.495      R8C12D.A1 to      R8C12D.F1 system/bus/SLICE_386
ROUTE        17     1.127      R8C12D.F1 to       R8C9D.D0 system/bus/service_dma_selecteddup
CTOF_DEL    ---     0.495       R8C9D.D0 to       R8C9D.F0 system/bus/SLICE_449
ROUTE         2     1.392       R8C9D.F0 to       R8C8A.A1 system/bus/un1_address_24_RNIOUCDB
CTOF_DEL    ---     0.495       R8C8A.A1 to       R8C8A.F1 system/bus/SLICE_437
ROUTE         2     1.051       R8C8A.F1 to      R8C10D.D0 system/bus/acknowledgedup_1_0
CTOF_DEL    ---     0.495      R8C10D.D0 to      R8C10D.F0 system/SLICE_393
ROUTE         5     1.185      R8C10D.F0 to      R8C15B.D1 system/acknowledgedup
CTOF_DEL    ---     0.495      R8C15B.D1 to      R8C15B.F1 system/cpu/engine/SLICE_403
ROUTE         2     0.445      R8C15B.F1 to      R8C15A.C1 system/cpu/engine/acknowledgedup_0
CTOF_DEL    ---     0.495      R8C15A.C1 to      R8C15A.F1 system/cpu/engine/SLICE_523
ROUTE         1     0.626      R8C15A.F1 to      R8C15A.D0 system/cpu/engine/effective_ackdup
CTOF_DEL    ---     0.495      R8C15A.D0 to      R8C15A.F0 system/cpu/engine/SLICE_523
ROUTE         1     0.623      R8C15A.F0 to      R9C15A.D1 system/cpu/engine/un1_completedup
CTOF_DEL    ---     0.495      R9C15A.D1 to      R9C15A.F1 system/cpu/engine/SLICE_405
ROUTE        10     1.123      R9C15A.F1 to     R10C14D.C1 system/cpu/engine/stepdup
CTOF_DEL    ---     0.495     R10C14D.C1 to     R10C14D.F1 system/cpu/engine/SLICE_407
ROUTE         7     0.989     R10C14D.F1 to     R10C11B.D1 system/irq_ackdup
CTOF_DEL    ---     0.495     R10C11B.D1 to     R10C11B.F1 system/SLICE_389
ROUTE         2     0.967     R10C11B.F1 to      R8C11D.D1 system/device_ack
CTOF_DEL    ---     0.495      R8C11D.D1 to      R8C11D.F1 system/bus/SLICE_455
ROUTE         3     0.453      R8C11D.F1 to      R8C11D.C0 system/bus/vic_strobe
CTOF_DEL    ---     0.495      R8C11D.C0 to      R8C11D.F0 system/bus/SLICE_455
ROUTE         2     1.469      R8C11D.F0 to       R8C5A.D1 system/bus/rx_irq_ack
CTOF_DEL    ---     0.495       R8C5A.D1 to       R8C5A.F1 system/bus/fixed_uart.console/SLICE_110
ROUTE         1     0.653       R8C5A.F1 to       R8C5C.CE system/bus/fixed_uart.console/un1_rx_full8_1_i (to clk)
                  --------
                   32.496   (42.7% logic, 57.3% route), 19 logic levels.

 Clock Skew Details: 

      Source Clock Path oscillator to system/cpu/engine/rom/lane_2:

   Name    Fanout   Delay (ns)          Site               Resource
ROUTE       242     3.714        OSC.OSC to EBR_R6C10.CLKA clk
                  --------
                    3.714   (0.0% logic, 100.0% route), 0 logic levels.

      Destination Clock Path oscillator to system/bus/fixed_uart.console/SLICE_251:

   Name    Fanout   Delay (ns)          Site               Resource
ROUTE       242     3.541        OSC.OSC to      R8C5C.CLK clk
                  --------
                    3.541   (0.0% logic, 100.0% route), 0 logic levels.


Passed: The following path meets requirements by 0.915ns

 Logical Details:  Cell type  Pin type       Cell/ASIC name  (clock net +/-)

   Source:         DP8KC      Port           system/cpu/engine/rom/lane_2(ASIC)  (from clk +)
   Destination:    FF         Data in        system/bus/fixed_uart.console/rx_irq_o  (to clk +)

   Delay:              32.459ns  (42.8% logic, 57.2% route), 19 logic levels.

 Constraint Details:

     32.459ns physical path delay system/cpu/engine/rom/lane_2 to system/bus/fixed_uart.console/SLICE_251 meets
     33.829ns delay constraint less
      0.173ns skew and
      0.282ns CE_SET requirement (totaling 33.374ns) by 0.915ns

 Physical Path Details:

      Data path system/cpu/engine/rom/lane_2 to system/bus/fixed_uart.console/SLICE_251:

   Name    Fanout   Delay (ns)          Site               Resource
C2Q_DEL     ---     4.979 EBR_R6C10.CLKA to EBR_R6C10.DOA8 system/cpu/engine/rom/lane_2 (from clk)
ROUTE         4     1.374 EBR_R6C10.DOA8 to      R8C12B.C1 system/cpu/engine/a_select_2[0]
CTOF_DEL    ---     0.495      R8C12B.C1 to      R8C12B.F1 system/cpu/engine/SLICE_640
ROUTE         1     0.967      R8C12B.F1 to      R8C12A.A1 system/cpu/engine/un6_select_register[1]
CTOF_DEL    ---     0.495      R8C12A.A1 to      R8C12A.F1 system/cpu/engine/SLICE_518
ROUTE        18     1.498      R8C12A.F1 to      R9C10B.B0 system/cpu/engine/un9_d_axb1
CTOF_DEL    ---     0.495      R9C10B.B0 to      R9C10B.F0 system/cpu/engine/dp/rf/words_ram_2/SLICE_56
ROUTE        11     0.761      R9C10B.F0 to     R10C10B.C1 system/address[14]
CTOF_DEL    ---     0.495     R10C10B.C1 to     R10C10B.F1 system/bus/SLICE_473
ROUTE         2     0.445     R10C10B.F1 to     R10C10B.C0 system/bus/service_program_selected_6
CTOF_DEL    ---     0.495     R10C10B.C0 to     R10C10B.F0 system/bus/SLICE_473
ROUTE         2     1.422     R10C10B.F0 to      R8C12D.A1 system/bus/service_dma_selected_0
CTOF_DEL    ---     0.495      R8C12D.A1 to      R8C12D.F1 system/bus/SLICE_386
ROUTE        17     1.127      R8C12D.F1 to       R8C9D.D0 system/bus/service_dma_selecteddup
CTOF_DEL    ---     0.495       R8C9D.D0 to       R8C9D.F0 system/bus/SLICE_449
ROUTE         2     1.392       R8C9D.F0 to       R8C8A.A1 system/bus/un1_address_24_RNIOUCDB
CTOF_DEL    ---     0.495       R8C8A.A1 to       R8C8A.F1 system/bus/SLICE_437
ROUTE         2     1.051       R8C8A.F1 to      R8C10D.D0 system/bus/acknowledgedup_1_0
CTOF_DEL    ---     0.495      R8C10D.D0 to      R8C10D.F0 system/SLICE_393
ROUTE         5     1.185      R8C10D.F0 to      R8C15B.D1 system/acknowledgedup
CTOF_DEL    ---     0.495      R8C15B.D1 to      R8C15B.F1 system/cpu/engine/SLICE_403
ROUTE         2     0.445      R8C15B.F1 to      R8C15A.C1 system/cpu/engine/acknowledgedup_0
CTOF_DEL    ---     0.495      R8C15A.C1 to      R8C15A.F1 system/cpu/engine/SLICE_523
ROUTE         1     0.626      R8C15A.F1 to      R8C15A.D0 system/cpu/engine/effective_ackdup
CTOF_DEL    ---     0.495      R8C15A.D0 to      R8C15A.F0 system/cpu/engine/SLICE_523
ROUTE         1     0.623      R8C15A.F0 to      R9C15A.D1 system/cpu/engine/un1_completedup
CTOF_DEL    ---     0.495      R9C15A.D1 to      R9C15A.F1 system/cpu/engine/SLICE_405
ROUTE        10     1.123      R9C15A.F1 to     R10C14D.C1 system/cpu/engine/stepdup
CTOF_DEL    ---     0.495     R10C14D.C1 to     R10C14D.F1 system/cpu/engine/SLICE_407
ROUTE         7     0.989     R10C14D.F1 to     R10C11B.D1 system/irq_ackdup
CTOF_DEL    ---     0.495     R10C11B.D1 to     R10C11B.F1 system/SLICE_389
ROUTE         2     0.967     R10C11B.F1 to      R8C11D.D1 system/device_ack
CTOF_DEL    ---     0.495      R8C11D.D1 to      R8C11D.F1 system/bus/SLICE_455
ROUTE         3     0.453      R8C11D.F1 to      R8C11D.C0 system/bus/vic_strobe
CTOF_DEL    ---     0.495      R8C11D.C0 to      R8C11D.F0 system/bus/SLICE_455
ROUTE         2     1.469      R8C11D.F0 to       R8C5A.D1 system/bus/rx_irq_ack
CTOF_DEL    ---     0.495       R8C5A.D1 to       R8C5A.F1 system/bus/fixed_uart.console/SLICE_110
ROUTE         1     0.653       R8C5A.F1 to       R8C5C.CE system/bus/fixed_uart.console/un1_rx_full8_1_i (to clk)
                  --------
                   32.459   (42.8% logic, 57.2% route), 19 logic levels.

 Clock Skew Details: 

      Source Clock Path oscillator to system/cpu/engine/rom/lane_2:

   Name    Fanout   Delay (ns)          Site               Resource
ROUTE       242     3.714        OSC.OSC to EBR_R6C10.CLKA clk
                  --------
                    3.714   (0.0% logic, 100.0% route), 0 logic levels.

      Destination Clock Path oscillator to system/bus/fixed_uart.console/SLICE_251:

   Name    Fanout   Delay (ns)          Site               Resource
ROUTE       242     3.541        OSC.OSC to      R8C5C.CLK clk
                  --------
                    3.541   (0.0% logic, 100.0% route), 0 logic levels.


Passed: The following path meets requirements by 1.026ns

 Logical Details:  Cell type  Pin type       Cell/ASIC name  (clock net +/-)

   Source:         DP8KC      Port           system/cpu/engine/rom/lane_2(ASIC)  (from clk +)
   Destination:    FF         Data in        system/bus/fixed_uart.console/rx_irq_o  (to clk +)

   Delay:              32.348ns  (42.9% logic, 57.1% route), 19 logic levels.

 Constraint Details:

     32.348ns physical path delay system/cpu/engine/rom/lane_2 to system/bus/fixed_uart.console/SLICE_251 meets
     33.829ns delay constraint less
      0.173ns skew and
      0.282ns CE_SET requirement (totaling 33.374ns) by 1.026ns

 Physical Path Details:

      Data path system/cpu/engine/rom/lane_2 to system/bus/fixed_uart.console/SLICE_251:

   Name    Fanout   Delay (ns)          Site               Resource
C2Q_DEL     ---     4.979 EBR_R6C10.CLKA to EBR_R6C10.DOA8 system/cpu/engine/rom/lane_2 (from clk)
ROUTE         4     1.667 EBR_R6C10.DOA8 to       R7C9C.D1 system/cpu/engine/a_select_2[0]
CTOF_DEL    ---     0.495       R7C9C.D1 to       R7C9C.F1 system/cpu/engine/SLICE_409
ROUTE         1     0.436       R7C9C.F1 to       R7C9C.C0 system/cpu/engine/un6_select_register[0]
CTOF_DEL    ---     0.495       R7C9C.C0 to       R7C9C.F0 system/cpu/engine/SLICE_409
ROUTE        16     1.339       R7C9C.F0 to      R9C10A.A1 system/cpu/engine/select_register_5[0]
CTOF_DEL    ---     0.495      R9C10A.A1 to      R9C10A.F1 system/cpu/engine/dp/rf/words_ram_2/SLICE_55
ROUTE        21     1.047      R9C10A.F1 to     R10C10B.B1 system/address[13]
CTOF_DEL    ---     0.495     R10C10B.B1 to     R10C10B.F1 system/bus/SLICE_473
ROUTE         2     0.445     R10C10B.F1 to     R10C10B.C0 system/bus/service_program_selected_6
CTOF_DEL    ---     0.495     R10C10B.C0 to     R10C10B.F0 system/bus/SLICE_473
ROUTE         2     1.422     R10C10B.F0 to      R8C12D.A1 system/bus/service_dma_selected_0
CTOF_DEL    ---     0.495      R8C12D.A1 to      R8C12D.F1 system/bus/SLICE_386
ROUTE        17     1.127      R8C12D.F1 to       R8C9D.D0 system/bus/service_dma_selecteddup
CTOF_DEL    ---     0.495       R8C9D.D0 to       R8C9D.F0 system/bus/SLICE_449
ROUTE         2     1.392       R8C9D.F0 to       R8C8A.A1 system/bus/un1_address_24_RNIOUCDB
CTOF_DEL    ---     0.495       R8C8A.A1 to       R8C8A.F1 system/bus/SLICE_437
ROUTE         2     1.051       R8C8A.F1 to      R8C10D.D0 system/bus/acknowledgedup_1_0
CTOF_DEL    ---     0.495      R8C10D.D0 to      R8C10D.F0 system/SLICE_393
ROUTE         5     1.185      R8C10D.F0 to      R8C15B.D1 system/acknowledgedup
CTOF_DEL    ---     0.495      R8C15B.D1 to      R8C15B.F1 system/cpu/engine/SLICE_403
ROUTE         2     0.445      R8C15B.F1 to      R8C15A.C1 system/cpu/engine/acknowledgedup_0
CTOF_DEL    ---     0.495      R8C15A.C1 to      R8C15A.F1 system/cpu/engine/SLICE_523
ROUTE         1     0.626      R8C15A.F1 to      R8C15A.D0 system/cpu/engine/effective_ackdup
CTOF_DEL    ---     0.495      R8C15A.D0 to      R8C15A.F0 system/cpu/engine/SLICE_523
ROUTE         1     0.623      R8C15A.F0 to      R9C15A.D1 system/cpu/engine/un1_completedup
CTOF_DEL    ---     0.495      R9C15A.D1 to      R9C15A.F1 system/cpu/engine/SLICE_405
ROUTE        10     1.123      R9C15A.F1 to     R10C14D.C1 system/cpu/engine/stepdup
CTOF_DEL    ---     0.495     R10C14D.C1 to     R10C14D.F1 system/cpu/engine/SLICE_407
ROUTE         7     0.989     R10C14D.F1 to     R10C11B.D1 system/irq_ackdup
CTOF_DEL    ---     0.495     R10C11B.D1 to     R10C11B.F1 system/SLICE_389
ROUTE         2     0.967     R10C11B.F1 to      R8C11D.D1 system/device_ack
CTOF_DEL    ---     0.495      R8C11D.D1 to      R8C11D.F1 system/bus/SLICE_455
ROUTE         3     0.453      R8C11D.F1 to      R8C11D.C0 system/bus/vic_strobe
CTOF_DEL    ---     0.495      R8C11D.C0 to      R8C11D.F0 system/bus/SLICE_455
ROUTE         2     1.469      R8C11D.F0 to       R8C5A.D1 system/bus/rx_irq_ack
CTOF_DEL    ---     0.495       R8C5A.D1 to       R8C5A.F1 system/bus/fixed_uart.console/SLICE_110
ROUTE         1     0.653       R8C5A.F1 to       R8C5C.CE system/bus/fixed_uart.console/un1_rx_full8_1_i (to clk)
                  --------
                   32.348   (42.9% logic, 57.1% route), 19 logic levels.

 Clock Skew Details: 

      Source Clock Path oscillator to system/cpu/engine/rom/lane_2:

   Name    Fanout   Delay (ns)          Site               Resource
ROUTE       242     3.714        OSC.OSC to EBR_R6C10.CLKA clk
                  --------
                    3.714   (0.0% logic, 100.0% route), 0 logic levels.

      Destination Clock Path oscillator to system/bus/fixed_uart.console/SLICE_251:

   Name    Fanout   Delay (ns)          Site               Resource
ROUTE       242     3.541        OSC.OSC to      R8C5C.CLK clk
                  --------
                    3.541   (0.0% logic, 100.0% route), 0 logic levels.


Passed: The following path meets requirements by 1.187ns

 Logical Details:  Cell type  Pin type       Cell/ASIC name  (clock net +/-)

   Source:         DP8KC      Port           system/cpu/engine/rom/lane_2(ASIC)  (from clk +)
   Destination:    DP8KC      Port           system/cpu/engine/rom/lane_2(ASIC)  (to clk +)

   Delay:              32.668ns  (40.2% logic, 59.8% route), 17 logic levels.

 Constraint Details:

     32.668ns physical path delay system/cpu/engine/rom/lane_2 to system/cpu/engine/rom/lane_2 meets
     33.829ns delay constraint less
      0.000ns skew and
     -0.026ns ADDR_SET requirement (totaling 33.855ns) by 1.187ns

 Physical Path Details:

      Data path system/cpu/engine/rom/lane_2 to system/cpu/engine/rom/lane_2:

   Name    Fanout   Delay (ns)          Site               Resource
C2Q_DEL     ---     4.979 EBR_R6C10.CLKA to EBR_R6C10.DOA8 system/cpu/engine/rom/lane_2 (from clk)
ROUTE         4     1.374 EBR_R6C10.DOA8 to      R8C12B.C1 system/cpu/engine/a_select_2[0]
CTOF_DEL    ---     0.495      R8C12B.C1 to      R8C12B.F1 system/cpu/engine/SLICE_640
ROUTE         1     0.967      R8C12B.F1 to      R8C12A.A1 system/cpu/engine/un6_select_register[1]
CTOF_DEL    ---     0.495      R8C12A.A1 to      R8C12A.F1 system/cpu/engine/SLICE_518
ROUTE        18     1.583      R8C12A.F1 to      R9C10A.B1 system/cpu/engine/un9_d_axb1
CTOF_DEL    ---     0.495      R9C10A.B1 to      R9C10A.F1 system/cpu/engine/dp/rf/words_ram_2/SLICE_55
ROUTE        21     1.047      R9C10A.F1 to     R10C10B.B1 system/address[13]
CTOF_DEL    ---     0.495     R10C10B.B1 to     R10C10B.F1 system/bus/SLICE_473
ROUTE         2     0.445     R10C10B.F1 to     R10C10B.C0 system/bus/service_program_selected_6
CTOF_DEL    ---     0.495     R10C10B.C0 to     R10C10B.F0 system/bus/SLICE_473
ROUTE         2     1.422     R10C10B.F0 to      R8C12D.A1 system/bus/service_dma_selected_0
CTOF_DEL    ---     0.495      R8C12D.A1 to      R8C12D.F1 system/bus/SLICE_386
ROUTE        17     1.127      R8C12D.F1 to       R8C9D.D0 system/bus/service_dma_selecteddup
CTOF_DEL    ---     0.495       R8C9D.D0 to       R8C9D.F0 system/bus/SLICE_449
ROUTE         2     1.392       R8C9D.F0 to       R8C8A.A1 system/bus/un1_address_24_RNIOUCDB
CTOF_DEL    ---     0.495       R8C8A.A1 to       R8C8A.F1 system/bus/SLICE_437
ROUTE         2     1.051       R8C8A.F1 to      R8C10D.D0 system/bus/acknowledgedup_1_0
CTOF_DEL    ---     0.495      R8C10D.D0 to      R8C10D.F0 system/SLICE_393
ROUTE         5     0.445      R8C10D.F0 to      R8C10D.C1 system/acknowledgedup
CTOF_DEL    ---     0.495      R8C10D.C1 to      R8C10D.F1 system/SLICE_393
ROUTE         8     1.477      R8C10D.F1 to      R8C17A.D1 system/cpu/engine/un1_bus_fault_2dup
CTOOFX_DEL  ---     0.721      R8C17A.D1 to    R8C17A.OFX0 system/cpu/engine/seq/predicates_pmux_6/SLICE_293
ROUTE         1     0.626    R8C17A.OFX0 to      R8C17B.D1 system/cpu/engine/seq/N_66
CTOF_DEL    ---     0.495      R8C17B.D1 to      R8C17B.F1 system/cpu/engine/seq/SLICE_522
ROUTE         2     0.773      R8C17B.F1 to     R10C17B.C1 system/cpu/engine/seq/condition
CTOF_DEL    ---     0.495     R10C17B.C1 to     R10C17B.F1 system/cpu/engine/seq/SLICE_517
ROUTE         1     1.023     R10C17B.F1 to     R10C19A.B1 system/cpu/engine/seq/next_address_2_sqmuxa_1
CTOF_DEL    ---     0.495     R10C19A.B1 to     R10C19A.F1 system/cpu/engine/seq/SLICE_492
ROUTE        10     1.123     R10C19A.F1 to      R9C20D.D0 system/cpu/engine/seq/next_address_2_sqmuxa
CTOF_DEL    ---     0.495      R9C20D.D0 to      R9C20D.F0 system/cpu/engine/seq/SLICE_616
ROUTE         1     0.693      R9C20D.F0 to      R9C20B.B1 system/cpu/engine/seq/un1_upc_m[3]
CTOF_DEL    ---     0.495      R9C20B.B1 to      R9C20B.F1 system/cpu/engine/seq/SLICE_240
ROUTE         5     2.975      R9C20B.F1 to EBR_R6C10.ADA6 system/cpu/engine/next_address[3] (to clk)
                  --------
                   32.668   (40.2% logic, 59.8% route), 17 logic levels.

 Clock Skew Details: 

      Source Clock Path oscillator to system/cpu/engine/rom/lane_2:

   Name    Fanout   Delay (ns)          Site               Resource
ROUTE       242     3.714        OSC.OSC to EBR_R6C10.CLKA clk
                  --------
                    3.714   (0.0% logic, 100.0% route), 0 logic levels.

      Destination Clock Path oscillator to system/cpu/engine/rom/lane_2:

   Name    Fanout   Delay (ns)          Site               Resource
ROUTE       242     3.714        OSC.OSC to EBR_R6C10.CLKA clk
                  --------
                    3.714   (0.0% logic, 100.0% route), 0 logic levels.


Passed: The following path meets requirements by 1.191ns

 Logical Details:  Cell type  Pin type       Cell/ASIC name  (clock net +/-)

   Source:         DP8KC      Port           system/cpu/engine/rom/lane_2(ASIC)  (from clk +)
   Destination:    FF         Data in        system/bus/fixed_uart.console/rx_irq_o  (to clk +)

   Delay:              32.183ns  (43.2% logic, 56.8% route), 19 logic levels.

 Constraint Details:

     32.183ns physical path delay system/cpu/engine/rom/lane_2 to system/bus/fixed_uart.console/SLICE_251 meets
     33.829ns delay constraint less
      0.173ns skew and
      0.282ns CE_SET requirement (totaling 33.374ns) by 1.191ns

 Physical Path Details:

      Data path system/cpu/engine/rom/lane_2 to system/bus/fixed_uart.console/SLICE_251:

   Name    Fanout   Delay (ns)          Site               Resource
C2Q_DEL     ---     4.979 EBR_R6C10.CLKA to EBR_R6C10.DOA8 system/cpu/engine/rom/lane_2 (from clk)
ROUTE         4     1.667 EBR_R6C10.DOA8 to       R7C9C.D1 system/cpu/engine/a_select_2[0]
CTOF_DEL    ---     0.495       R7C9C.D1 to       R7C9C.F1 system/cpu/engine/SLICE_409
ROUTE         1     0.436       R7C9C.F1 to       R7C9C.C0 system/cpu/engine/un6_select_register[0]
CTOF_DEL    ---     0.495       R7C9C.C0 to       R7C9C.F0 system/cpu/engine/SLICE_409
ROUTE        16     1.460       R7C9C.F0 to      R9C10B.A0 system/cpu/engine/select_register_5[0]
CTOF_DEL    ---     0.495      R9C10B.A0 to      R9C10B.F0 system/cpu/engine/dp/rf/words_ram_2/SLICE_56
ROUTE        11     0.761      R9C10B.F0 to     R10C10B.C1 system/address[14]
CTOF_DEL    ---     0.495     R10C10B.C1 to     R10C10B.F1 system/bus/SLICE_473
ROUTE         2     0.445     R10C10B.F1 to     R10C10B.C0 system/bus/service_program_selected_6
CTOF_DEL    ---     0.495     R10C10B.C0 to     R10C10B.F0 system/bus/SLICE_473
ROUTE         2     1.422     R10C10B.F0 to      R8C12D.A1 system/bus/service_dma_selected_0
CTOF_DEL    ---     0.495      R8C12D.A1 to      R8C12D.F1 system/bus/SLICE_386
ROUTE        17     1.127      R8C12D.F1 to       R8C9D.D0 system/bus/service_dma_selecteddup
CTOF_DEL    ---     0.495       R8C9D.D0 to       R8C9D.F0 system/bus/SLICE_449
ROUTE         2     1.392       R8C9D.F0 to       R8C8A.A1 system/bus/un1_address_24_RNIOUCDB
CTOF_DEL    ---     0.495       R8C8A.A1 to       R8C8A.F1 system/bus/SLICE_437
ROUTE         2     1.051       R8C8A.F1 to      R8C10D.D0 system/bus/acknowledgedup_1_0
CTOF_DEL    ---     0.495      R8C10D.D0 to      R8C10D.F0 system/SLICE_393
ROUTE         5     1.185      R8C10D.F0 to      R8C15B.D1 system/acknowledgedup
CTOF_DEL    ---     0.495      R8C15B.D1 to      R8C15B.F1 system/cpu/engine/SLICE_403
ROUTE         2     0.445      R8C15B.F1 to      R8C15A.C1 system/cpu/engine/acknowledgedup_0
CTOF_DEL    ---     0.495      R8C15A.C1 to      R8C15A.F1 system/cpu/engine/SLICE_523
ROUTE         1     0.626      R8C15A.F1 to      R8C15A.D0 system/cpu/engine/effective_ackdup
CTOF_DEL    ---     0.495      R8C15A.D0 to      R8C15A.F0 system/cpu/engine/SLICE_523
ROUTE         1     0.623      R8C15A.F0 to      R9C15A.D1 system/cpu/engine/un1_completedup
CTOF_DEL    ---     0.495      R9C15A.D1 to      R9C15A.F1 system/cpu/engine/SLICE_405
ROUTE        10     1.123      R9C15A.F1 to     R10C14D.C1 system/cpu/engine/stepdup
CTOF_DEL    ---     0.495     R10C14D.C1 to     R10C14D.F1 system/cpu/engine/SLICE_407
ROUTE         7     0.989     R10C14D.F1 to     R10C11B.D1 system/irq_ackdup
CTOF_DEL    ---     0.495     R10C11B.D1 to     R10C11B.F1 system/SLICE_389
ROUTE         2     0.967     R10C11B.F1 to      R8C11D.D1 system/device_ack
CTOF_DEL    ---     0.495      R8C11D.D1 to      R8C11D.F1 system/bus/SLICE_455
ROUTE         3     0.453      R8C11D.F1 to      R8C11D.C0 system/bus/vic_strobe
CTOF_DEL    ---     0.495      R8C11D.C0 to      R8C11D.F0 system/bus/SLICE_455
ROUTE         2     1.469      R8C11D.F0 to       R8C5A.D1 system/bus/rx_irq_ack
CTOF_DEL    ---     0.495       R8C5A.D1 to       R8C5A.F1 system/bus/fixed_uart.console/SLICE_110
ROUTE         1     0.653       R8C5A.F1 to       R8C5C.CE system/bus/fixed_uart.console/un1_rx_full8_1_i (to clk)
                  --------
                   32.183   (43.2% logic, 56.8% route), 19 logic levels.

 Clock Skew Details: 

      Source Clock Path oscillator to system/cpu/engine/rom/lane_2:

   Name    Fanout   Delay (ns)          Site               Resource
ROUTE       242     3.714        OSC.OSC to EBR_R6C10.CLKA clk
                  --------
                    3.714   (0.0% logic, 100.0% route), 0 logic levels.

      Destination Clock Path oscillator to system/bus/fixed_uart.console/SLICE_251:

   Name    Fanout   Delay (ns)          Site               Resource
ROUTE       242     3.541        OSC.OSC to      R8C5C.CLK clk
                  --------
                    3.541   (0.0% logic, 100.0% route), 0 logic levels.


Passed: The following path meets requirements by 1.245ns

 Logical Details:  Cell type  Pin type       Cell/ASIC name  (clock net +/-)

   Source:         DP8KC      Port           system/cpu/engine/rom/lane_2(ASIC)  (from clk +)
   Destination:    DP8KC      Port           system/cpu/engine/rom/lane_2(ASIC)  (to clk +)

   Delay:              32.610ns  (40.2% logic, 59.8% route), 17 logic levels.

 Constraint Details:

     32.610ns physical path delay system/cpu/engine/rom/lane_2 to system/cpu/engine/rom/lane_2 meets
     33.829ns delay constraint less
      0.000ns skew and
     -0.026ns ADDR_SET requirement (totaling 33.855ns) by 1.245ns

 Physical Path Details:

      Data path system/cpu/engine/rom/lane_2 to system/cpu/engine/rom/lane_2:

   Name    Fanout   Delay (ns)          Site               Resource
C2Q_DEL     ---     4.979 EBR_R6C10.CLKA to EBR_R6C10.DOA8 system/cpu/engine/rom/lane_2 (from clk)
ROUTE         4     1.374 EBR_R6C10.DOA8 to      R8C12B.C1 system/cpu/engine/a_select_2[0]
CTOF_DEL    ---     0.495      R8C12B.C1 to      R8C12B.F1 system/cpu/engine/SLICE_640
ROUTE         1     0.967      R8C12B.F1 to      R8C12A.A1 system/cpu/engine/un6_select_register[1]
CTOF_DEL    ---     0.495      R8C12A.A1 to      R8C12A.F1 system/cpu/engine/SLICE_518
ROUTE        18     1.498      R8C12A.F1 to      R9C10B.B1 system/cpu/engine/un9_d_axb1
CTOF_DEL    ---     0.495      R9C10B.B1 to      R9C10B.F1 system/cpu/engine/dp/rf/words_ram_2/SLICE_56
ROUTE        16     1.074      R9C10B.F1 to     R10C10B.D1 system/address[15]
CTOF_DEL    ---     0.495     R10C10B.D1 to     R10C10B.F1 system/bus/SLICE_473
ROUTE         2     0.445     R10C10B.F1 to     R10C10B.C0 system/bus/service_program_selected_6
CTOF_DEL    ---     0.495     R10C10B.C0 to     R10C10B.F0 system/bus/SLICE_473
ROUTE         2     1.422     R10C10B.F0 to      R8C12D.A1 system/bus/service_dma_selected_0
CTOF_DEL    ---     0.495      R8C12D.A1 to      R8C12D.F1 system/bus/SLICE_386
ROUTE        17     1.127      R8C12D.F1 to       R8C9D.D0 system/bus/service_dma_selecteddup
CTOF_DEL    ---     0.495       R8C9D.D0 to       R8C9D.F0 system/bus/SLICE_449
ROUTE         2     1.392       R8C9D.F0 to       R8C8A.A1 system/bus/un1_address_24_RNIOUCDB
CTOF_DEL    ---     0.495       R8C8A.A1 to       R8C8A.F1 system/bus/SLICE_437
ROUTE         2     1.051       R8C8A.F1 to      R8C10D.D0 system/bus/acknowledgedup_1_0
CTOF_DEL    ---     0.495      R8C10D.D0 to      R8C10D.F0 system/SLICE_393
ROUTE         5     0.445      R8C10D.F0 to      R8C10D.C1 system/acknowledgedup
CTOF_DEL    ---     0.495      R8C10D.C1 to      R8C10D.F1 system/SLICE_393
ROUTE         8     1.477      R8C10D.F1 to      R8C17A.D1 system/cpu/engine/un1_bus_fault_2dup
CTOOFX_DEL  ---     0.721      R8C17A.D1 to    R8C17A.OFX0 system/cpu/engine/seq/predicates_pmux_6/SLICE_293
ROUTE         1     0.626    R8C17A.OFX0 to      R8C17B.D1 system/cpu/engine/seq/N_66
CTOF_DEL    ---     0.495      R8C17B.D1 to      R8C17B.F1 system/cpu/engine/seq/SLICE_522
ROUTE         2     0.773      R8C17B.F1 to     R10C17B.C1 system/cpu/engine/seq/condition
CTOF_DEL    ---     0.495     R10C17B.C1 to     R10C17B.F1 system/cpu/engine/seq/SLICE_517
ROUTE         1     1.023     R10C17B.F1 to     R10C19A.B1 system/cpu/engine/seq/next_address_2_sqmuxa_1
CTOF_DEL    ---     0.495     R10C19A.B1 to     R10C19A.F1 system/cpu/engine/seq/SLICE_492
ROUTE        10     1.123     R10C19A.F1 to      R9C20D.D0 system/cpu/engine/seq/next_address_2_sqmuxa
CTOF_DEL    ---     0.495      R9C20D.D0 to      R9C20D.F0 system/cpu/engine/seq/SLICE_616
ROUTE         1     0.693      R9C20D.F0 to      R9C20B.B1 system/cpu/engine/seq/un1_upc_m[3]
CTOF_DEL    ---     0.495      R9C20B.B1 to      R9C20B.F1 system/cpu/engine/seq/SLICE_240
ROUTE         5     2.975      R9C20B.F1 to EBR_R6C10.ADA6 system/cpu/engine/next_address[3] (to clk)
                  --------
                   32.610   (40.2% logic, 59.8% route), 17 logic levels.

 Clock Skew Details: 

      Source Clock Path oscillator to system/cpu/engine/rom/lane_2:

   Name    Fanout   Delay (ns)          Site               Resource
ROUTE       242     3.714        OSC.OSC to EBR_R6C10.CLKA clk
                  --------
                    3.714   (0.0% logic, 100.0% route), 0 logic levels.

      Destination Clock Path oscillator to system/cpu/engine/rom/lane_2:

   Name    Fanout   Delay (ns)          Site               Resource
ROUTE       242     3.714        OSC.OSC to EBR_R6C10.CLKA clk
                  --------
                    3.714   (0.0% logic, 100.0% route), 0 logic levels.


Passed: The following path meets requirements by 1.262ns

 Logical Details:  Cell type  Pin type       Cell/ASIC name  (clock net +/-)

   Source:         DP8KC      Port           system/cpu/engine/rom/lane_2(ASIC)  (from clk +)
   Destination:    FF         Data in        system/bus/fixed_uart.console/rx_irq_o  (to clk +)

   Delay:              32.112ns  (41.7% logic, 58.3% route), 18 logic levels.

 Constraint Details:

     32.112ns physical path delay system/cpu/engine/rom/lane_2 to system/bus/fixed_uart.console/SLICE_251 meets
     33.829ns delay constraint less
      0.173ns skew and
      0.282ns CE_SET requirement (totaling 33.374ns) by 1.262ns

 Physical Path Details:

      Data path system/cpu/engine/rom/lane_2 to system/bus/fixed_uart.console/SLICE_251:

   Name    Fanout   Delay (ns)          Site               Resource
C2Q_DEL     ---     4.979 EBR_R6C10.CLKA to EBR_R6C10.DOA8 system/cpu/engine/rom/lane_2 (from clk)
ROUTE         4     1.374 EBR_R6C10.DOA8 to      R8C12B.C1 system/cpu/engine/a_select_2[0]
CTOF_DEL    ---     0.495      R8C12B.C1 to      R8C12B.F1 system/cpu/engine/SLICE_640
ROUTE         1     0.967      R8C12B.F1 to      R8C12A.A1 system/cpu/engine/un6_select_register[1]
CTOF_DEL    ---     0.495      R8C12A.A1 to      R8C12A.F1 system/cpu/engine/SLICE_518
ROUTE        18     1.825      R8C12A.F1 to      R9C12A.B1 system/cpu/engine/un9_d_axb1
CTOF_DEL    ---     0.495      R9C12A.B1 to      R9C12A.F1 system/cpu/engine/dp/rf/words_ram_1/SLICE_58
ROUTE        13     1.794      R9C12A.F1 to      R10C9D.A1 system/address[9]
CTOF_DEL    ---     0.495      R10C9D.A1 to      R10C9D.F1 system/bus/SLICE_595
ROUTE         2     1.015      R10C9D.F1 to       R9C9D.B1 system/bus/un1_address_24_8
CTOF_DEL    ---     0.495       R9C9D.B1 to       R9C9D.F1 system/bus/SLICE_469
ROUTE         4     0.767       R9C9D.F1 to       R8C9D.C0 system/bus/un1_address_24
CTOF_DEL    ---     0.495       R8C9D.C0 to       R8C9D.F0 system/bus/SLICE_449
ROUTE         2     1.392       R8C9D.F0 to       R8C8A.A1 system/bus/un1_address_24_RNIOUCDB
CTOF_DEL    ---     0.495       R8C8A.A1 to       R8C8A.F1 system/bus/SLICE_437
ROUTE         2     1.051       R8C8A.F1 to      R8C10D.D0 system/bus/acknowledgedup_1_0
CTOF_DEL    ---     0.495      R8C10D.D0 to      R8C10D.F0 system/SLICE_393
ROUTE         5     1.185      R8C10D.F0 to      R8C15B.D1 system/acknowledgedup
CTOF_DEL    ---     0.495      R8C15B.D1 to      R8C15B.F1 system/cpu/engine/SLICE_403
ROUTE         2     0.445      R8C15B.F1 to      R8C15A.C1 system/cpu/engine/acknowledgedup_0
CTOF_DEL    ---     0.495      R8C15A.C1 to      R8C15A.F1 system/cpu/engine/SLICE_523
ROUTE         1     0.626      R8C15A.F1 to      R8C15A.D0 system/cpu/engine/effective_ackdup
CTOF_DEL    ---     0.495      R8C15A.D0 to      R8C15A.F0 system/cpu/engine/SLICE_523
ROUTE         1     0.623      R8C15A.F0 to      R9C15A.D1 system/cpu/engine/un1_completedup
CTOF_DEL    ---     0.495      R9C15A.D1 to      R9C15A.F1 system/cpu/engine/SLICE_405
ROUTE        10     1.123      R9C15A.F1 to     R10C14D.C1 system/cpu/engine/stepdup
CTOF_DEL    ---     0.495     R10C14D.C1 to     R10C14D.F1 system/cpu/engine/SLICE_407
ROUTE         7     0.989     R10C14D.F1 to     R10C11B.D1 system/irq_ackdup
CTOF_DEL    ---     0.495     R10C11B.D1 to     R10C11B.F1 system/SLICE_389
ROUTE         2     0.967     R10C11B.F1 to      R8C11D.D1 system/device_ack
CTOF_DEL    ---     0.495      R8C11D.D1 to      R8C11D.F1 system/bus/SLICE_455
ROUTE         3     0.453      R8C11D.F1 to      R8C11D.C0 system/bus/vic_strobe
CTOF_DEL    ---     0.495      R8C11D.C0 to      R8C11D.F0 system/bus/SLICE_455
ROUTE         2     1.469      R8C11D.F0 to       R8C5A.D1 system/bus/rx_irq_ack
CTOF_DEL    ---     0.495       R8C5A.D1 to       R8C5A.F1 system/bus/fixed_uart.console/SLICE_110
ROUTE         1     0.653       R8C5A.F1 to       R8C5C.CE system/bus/fixed_uart.console/un1_rx_full8_1_i (to clk)
                  --------
                   32.112   (41.7% logic, 58.3% route), 18 logic levels.

 Clock Skew Details: 

      Source Clock Path oscillator to system/cpu/engine/rom/lane_2:

   Name    Fanout   Delay (ns)          Site               Resource
ROUTE       242     3.714        OSC.OSC to EBR_R6C10.CLKA clk
                  --------
                    3.714   (0.0% logic, 100.0% route), 0 logic levels.

      Destination Clock Path oscillator to system/bus/fixed_uart.console/SLICE_251:

   Name    Fanout   Delay (ns)          Site               Resource
ROUTE       242     3.541        OSC.OSC to      R8C5C.CLK clk
                  --------
                    3.541   (0.0% logic, 100.0% route), 0 logic levels.


Passed: The following path meets requirements by 1.293ns

 Logical Details:  Cell type  Pin type       Cell/ASIC name  (clock net +/-)

   Source:         DP8KC      Port           system/cpu/engine/rom/lane_2(ASIC)  (from clk +)
   Destination:    FF         Data in        system/bus/fixed_uart.console/rx_irq_o  (to clk +)

   Delay:              32.081ns  (43.3% logic, 56.7% route), 19 logic levels.

 Constraint Details:

     32.081ns physical path delay system/cpu/engine/rom/lane_2 to system/bus/fixed_uart.console/SLICE_251 meets
     33.829ns delay constraint less
      0.173ns skew and
      0.282ns CE_SET requirement (totaling 33.374ns) by 1.293ns

 Physical Path Details:

      Data path system/cpu/engine/rom/lane_2 to system/bus/fixed_uart.console/SLICE_251:

   Name    Fanout   Delay (ns)          Site               Resource
C2Q_DEL     ---     4.979 EBR_R6C10.CLKA to EBR_R6C10.DOA8 system/cpu/engine/rom/lane_2 (from clk)
ROUTE         4     1.374 EBR_R6C10.DOA8 to      R8C12B.C1 system/cpu/engine/a_select_2[0]
CTOF_DEL    ---     0.495      R8C12B.C1 to      R8C12B.F1 system/cpu/engine/SLICE_640
ROUTE         1     0.967      R8C12B.F1 to      R8C12A.A1 system/cpu/engine/un6_select_register[1]
CTOF_DEL    ---     0.495      R8C12A.A1 to      R8C12A.F1 system/cpu/engine/SLICE_518
ROUTE        18     1.583      R8C12A.F1 to      R9C10A.B1 system/cpu/engine/un9_d_axb1
CTOF_DEL    ---     0.495      R9C10A.B1 to      R9C10A.F1 system/cpu/engine/dp/rf/words_ram_2/SLICE_55
ROUTE        21     1.047      R9C10A.F1 to     R10C10B.B1 system/address[13]
CTOF_DEL    ---     0.495     R10C10B.B1 to     R10C10B.F1 system/bus/SLICE_473
ROUTE         2     0.445     R10C10B.F1 to     R10C10B.C0 system/bus/service_program_selected_6
CTOF_DEL    ---     0.495     R10C10B.C0 to     R10C10B.F0 system/bus/SLICE_473
ROUTE         2     1.422     R10C10B.F0 to      R8C12D.A1 system/bus/service_dma_selected_0
CTOF_DEL    ---     0.495      R8C12D.A1 to      R8C12D.F1 system/bus/SLICE_386
ROUTE        17     1.127      R8C12D.F1 to       R8C8C.D1 system/bus/service_dma_selecteddup
CTOF_DEL    ---     0.495       R8C8C.D1 to       R8C8C.F1 system/bus/SLICE_422
ROUTE         4     0.643       R8C8C.F1 to       R8C8A.D1 system/bus/boot_release_armed7_1_0_RNINTKDD
CTOF_DEL    ---     0.495       R8C8A.D1 to       R8C8A.F1 system/bus/SLICE_437
ROUTE         2     1.051       R8C8A.F1 to      R8C10D.D0 system/bus/acknowledgedup_1_0
CTOF_DEL    ---     0.495      R8C10D.D0 to      R8C10D.F0 system/SLICE_393
ROUTE         5     1.185      R8C10D.F0 to      R8C15B.D1 system/acknowledgedup
CTOF_DEL    ---     0.495      R8C15B.D1 to      R8C15B.F1 system/cpu/engine/SLICE_403
ROUTE         2     0.445      R8C15B.F1 to      R8C15A.C1 system/cpu/engine/acknowledgedup_0
CTOF_DEL    ---     0.495      R8C15A.C1 to      R8C15A.F1 system/cpu/engine/SLICE_523
ROUTE         1     0.626      R8C15A.F1 to      R8C15A.D0 system/cpu/engine/effective_ackdup
CTOF_DEL    ---     0.495      R8C15A.D0 to      R8C15A.F0 system/cpu/engine/SLICE_523
ROUTE         1     0.623      R8C15A.F0 to      R9C15A.D1 system/cpu/engine/un1_completedup
CTOF_DEL    ---     0.495      R9C15A.D1 to      R9C15A.F1 system/cpu/engine/SLICE_405
ROUTE        10     1.123      R9C15A.F1 to     R10C14D.C1 system/cpu/engine/stepdup
CTOF_DEL    ---     0.495     R10C14D.C1 to     R10C14D.F1 system/cpu/engine/SLICE_407
ROUTE         7     0.989     R10C14D.F1 to     R10C11B.D1 system/irq_ackdup
CTOF_DEL    ---     0.495     R10C11B.D1 to     R10C11B.F1 system/SLICE_389
ROUTE         2     0.967     R10C11B.F1 to      R8C11D.D1 system/device_ack
CTOF_DEL    ---     0.495      R8C11D.D1 to      R8C11D.F1 system/bus/SLICE_455
ROUTE         3     0.453      R8C11D.F1 to      R8C11D.C0 system/bus/vic_strobe
CTOF_DEL    ---     0.495      R8C11D.C0 to      R8C11D.F0 system/bus/SLICE_455
ROUTE         2     1.469      R8C11D.F0 to       R8C5A.D1 system/bus/rx_irq_ack
CTOF_DEL    ---     0.495       R8C5A.D1 to       R8C5A.F1 system/bus/fixed_uart.console/SLICE_110
ROUTE         1     0.653       R8C5A.F1 to       R8C5C.CE system/bus/fixed_uart.console/un1_rx_full8_1_i (to clk)
                  --------
                   32.081   (43.3% logic, 56.7% route), 19 logic levels.

 Clock Skew Details: 

      Source Clock Path oscillator to system/cpu/engine/rom/lane_2:

   Name    Fanout   Delay (ns)          Site               Resource
ROUTE       242     3.714        OSC.OSC to EBR_R6C10.CLKA clk
                  --------
                    3.714   (0.0% logic, 100.0% route), 0 logic levels.

      Destination Clock Path oscillator to system/bus/fixed_uart.console/SLICE_251:

   Name    Fanout   Delay (ns)          Site               Resource
ROUTE       242     3.541        OSC.OSC to      R8C5C.CLK clk
                  --------
                    3.541   (0.0% logic, 100.0% route), 0 logic levels.

Report:   30.044MHz is the maximum frequency for this preference.


================================================================================
Preference: Unconstrained: CLOCK_DOMAIN
            0 unconstrained paths found
--------------------------------------------------------------------------------


================================================================================
Preference: Unconstrained: INPUT_SETUP
            8 unconstrained paths found
--------------------------------------------------------------------------------

Unconstrained Preference:
   INPUT_SETUP PORT "res" CLKNET "clk" 

Report:    4.963ns delay res to SLICE_392 (4.230ns delay and 0.733ns setup)

   Name    Fanout   Delay (ns)          Site               Resource
PADI_DEL    ---     1.132          4.PAD to        4.PADDI res
ROUTE         1     3.098        4.PADDI to     R7C14D.LSR res_c (to clk)
                  --------
                    4.230   (26.8% logic, 73.2% route), 1 logic levels.

Unconstrained Preference:
   INPUT_SETUP PORT "gpio_key_row[0]" CLKNET "clk" 

Report:    2.292ns delay gpio_key_row[0] to gpio_key_row[0]_MGIOL (1.697ns delay and 0.595ns setup)

   Name    Fanout   Delay (ns)          Site               Resource
PADI_DEL    ---     1.132         29.PAD to       29.PADDI gpio_key_row[0]
ROUTE         1     0.565       29.PADDI to    IOL_T11D.DI gpio_key_row_in[0] (to clk)
                  --------
                    1.697   (66.7% logic, 33.3% route), 1 logic levels.

Unconstrained Preference:
   INPUT_SETUP PORT "gpio_key_row[1]" CLKNET "clk" 

Report:    2.292ns delay gpio_key_row[1] to gpio_key_row[1]_MGIOL (1.697ns delay and 0.595ns setup)

   Name    Fanout   Delay (ns)          Site               Resource
PADI_DEL    ---     1.132         30.PAD to       30.PADDI gpio_key_row[1]
ROUTE         1     0.565       30.PADDI to    IOL_T11C.DI gpio_key_row_in[1] (to clk)
                  --------
                    1.697   (66.7% logic, 33.3% route), 1 logic levels.

Unconstrained Preference:
   INPUT_SETUP PORT "gpio_key_row[2]" CLKNET "clk" 

Report:    2.292ns delay gpio_key_row[2] to gpio_key_row[2]_MGIOL (1.697ns delay and 0.595ns setup)

   Name    Fanout   Delay (ns)          Site               Resource
PADI_DEL    ---     1.132         32.PAD to       32.PADDI gpio_key_row[2]
ROUTE         1     0.565       32.PADDI to    IOL_T10D.DI gpio_key_row_in[2] (to clk)
                  --------
                    1.697   (66.7% logic, 33.3% route), 1 logic levels.

Unconstrained Preference:
   INPUT_SETUP PORT "gpio_key_row[3]" CLKNET "clk" 

Report:    2.292ns delay gpio_key_row[3] to gpio_key_row[3]_MGIOL (1.697ns delay and 0.595ns setup)

   Name    Fanout   Delay (ns)          Site               Resource
PADI_DEL    ---     1.132          1.PAD to        1.PADDI gpio_key_row[3]
ROUTE         1     0.565        1.PADDI to    IOL_T10C.DI gpio_key_row_in[3] (to clk)
                  --------
                    1.697   (66.7% logic, 33.3% route), 1 logic levels.

Unconstrained Preference:
   INPUT_SETUP PORT "rx" CLKNET "clk" 

Report:    2.292ns delay rx to rx_MGIOL (1.697ns delay and 0.595ns setup)

   Name    Fanout   Delay (ns)          Site               Resource
PADI_DEL    ---     1.132         25.PAD to       25.PADDI rx
ROUTE         1     0.565       25.PADDI to    IOL_T15D.DI rx_c (to clk)
                  --------
                    1.697   (66.7% logic, 33.3% route), 1 logic levels.

Unconstrained Preference:
   INPUT_SETUP PORT "sd_miso" CLKNET "clk" 

Report:    2.292ns delay sd_miso to sd_miso_MGIOL (1.697ns delay and 0.595ns setup)

   Name    Fanout   Delay (ns)          Site               Resource
PADI_DEL    ---     1.132         28.PAD to       28.PADDI sd_miso
ROUTE         1     0.565       28.PADDI to    IOL_T12C.DI sd_miso_c (to clk)
                  --------
                    1.697   (66.7% logic, 33.3% route), 1 logic levels.

Unconstrained Preference:
   INPUT_SETUP PORT "gpio_miso" CLKNET "clk" 

Report:    2.111ns delay gpio_miso to gpio_miso_MGIOL (1.516ns delay and 0.595ns setup)

   Name    Fanout   Delay (ns)          Site               Resource
PADI_DEL    ---     1.132         10.PAD to       10.PADDI gpio_miso
ROUTE         1     0.384       10.PADDI to     IOL_B6D.DI gpio_miso_c (to clk)
                  --------
                    1.516   (74.7% logic, 25.3% route), 1 logic levels.


================================================================================
Preference: Unconstrained: CLOCK_TO_OUT
            18 unconstrained paths found
--------------------------------------------------------------------------------

Unconstrained Preference:
   CLOCK_TO_OUT PORT "tx" CLKNET "clk" 

Report:    8.246ns delay system/bus/fixed_uart.console/SLICE_119 to tx

   Name    Fanout   Delay (ns)          Site               Resource
REG_DEL     ---     0.452      R2C3B.CLK to       R2C3B.Q0 system/bus/fixed_uart.console/SLICE_119 (from clk)
ROUTE        20     1.587       R2C3B.Q0 to       R3C4A.D1 system/bus/fixed_uart.console/tx_busy
CTOF_DEL    ---     0.495       R3C4A.D1 to       R3C4A.F1 system/bus/fixed_uart.console/SLICE_132
ROUTE         1     2.915       R3C4A.F1 to       23.PADDO tx_c
DOPAD_DEL   ---     2.797       23.PADDO to         23.PAD tx
                  --------
                    8.246   (45.4% logic, 54.6% route), 3 logic levels.

Unconstrained Preference:
   CLOCK_TO_OUT PORT "gpio_key_row[3]" CLKNET "clk" 

Report:    8.172ns delay system/SLICE_160 to gpio_key_row[3]

   Name    Fanout   Delay (ns)          Site               Resource
REG_DEL     ---     0.452      R7C6A.CLK to       R7C6A.Q0 system/SLICE_160 (from clk)
ROUTE         2     3.540       R7C6A.Q0 to        1.PADDT system/bus/host_miso_oe
TDTS_DEL    ---     4.180        1.PADDT to          1.PAD gpio_key_row[3]
                  --------
                    8.172   (56.7% logic, 43.3% route), 2 logic levels.

Unconstrained Preference:
   CLOCK_TO_OUT PORT "tx" CLKNET "clk" 

Report:    7.633ns delay system/bus/fixed_uart.console/SLICE_582 to tx

   Name    Fanout   Delay (ns)          Site               Resource
REG_DEL     ---     0.452      R3C4D.CLK to       R3C4D.Q0 system/bus/fixed_uart.console/SLICE_582 (from clk)
ROUTE         2     0.974       R3C4D.Q0 to       R3C4A.A1 system/bus/fixed_uart.console/tx_break
CTOF_DEL    ---     0.495       R3C4A.A1 to       R3C4A.F1 system/bus/fixed_uart.console/SLICE_132
ROUTE         1     2.915       R3C4A.F1 to       23.PADDO tx_c
DOPAD_DEL   ---     2.797       23.PADDO to         23.PAD tx
                  --------
                    7.633   (49.1% logic, 50.9% route), 3 logic levels.

Unconstrained Preference:
   CLOCK_TO_OUT PORT "tx" CLKNET "clk" 

Report:    7.406ns delay system/bus/fixed_uart.console/SLICE_128 to tx

   Name    Fanout   Delay (ns)          Site               Resource
REG_DEL     ---     0.452      R3C4C.CLK to       R3C4C.Q0 system/bus/fixed_uart.console/SLICE_128 (from clk)
ROUTE         1     0.747       R3C4C.Q0 to       R3C4A.C1 system/bus/fixed_uart.console/tx_shift[0]
CTOF_DEL    ---     0.495       R3C4A.C1 to       R3C4A.F1 system/bus/fixed_uart.console/SLICE_132
ROUTE         1     2.915       R3C4A.F1 to       23.PADDO tx_c
DOPAD_DEL   ---     2.797       23.PADDO to         23.PAD tx
                  --------
                    7.406   (50.6% logic, 49.4% route), 3 logic levels.

Unconstrained Preference:
   CLOCK_TO_OUT PORT "sd_mosi" CLKNET "clk" 

Report:    7.069ns delay system/bus/byte_sd/SLICE_90 to sd_mosi

   Name    Fanout   Delay (ns)          Site               Resource
REG_DEL     ---     0.452     R4C10A.CLK to      R4C10A.Q0 system/bus/byte_sd/SLICE_90 (from clk)
ROUTE        25     1.401      R4C10A.Q0 to       R5C9C.B0 system/bus/byte_sd/busy
CTOF_DEL    ---     0.495       R5C9C.B0 to       R5C9C.F0 system/bus/byte_sd/SLICE_610
ROUTE         1     1.924       R5C9C.F0 to       21.PADDO sd_mosi_c
DOPAD_DEL   ---     2.797       21.PADDO to         21.PAD sd_mosi
                  --------
                    7.069   (53.0% logic, 47.0% route), 3 logic levels.

Unconstrained Preference:
   CLOCK_TO_OUT PORT "gpio_din" CLKNET "clk" 

Report:    6.776ns delay system/SLICE_75 to gpio_din

   Name    Fanout   Delay (ns)          Site               Resource
REG_DEL     ---     0.452      R5C7B.CLK to       R5C7B.Q0 system/SLICE_75 (from clk)
ROUTE         2     3.527       R5C7B.Q0 to       16.PADDO gpio_din_c
DOPAD_DEL   ---     2.797       16.PADDO to         16.PAD gpio_din
                  --------
                    6.776   (47.9% logic, 52.1% route), 2 logic levels.

Unconstrained Preference:
   CLOCK_TO_OUT PORT "sd_mosi" CLKNET "clk" 

Report:    6.412ns delay system/bus/byte_sd/SLICE_101 to sd_mosi

   Name    Fanout   Delay (ns)          Site               Resource
REG_DEL     ---     0.452      R5C8C.CLK to       R5C8C.Q1 system/bus/byte_sd/SLICE_101 (from clk)
ROUTE         1     0.744       R5C8C.Q1 to       R5C9C.C0 system/bus/byte_sd/tx_shift[7]
CTOF_DEL    ---     0.495       R5C9C.C0 to       R5C9C.F0 system/bus/byte_sd/SLICE_610
ROUTE         1     1.924       R5C9C.F0 to       21.PADDO sd_mosi_c
DOPAD_DEL   ---     2.797       21.PADDO to         21.PAD sd_mosi
                  --------
                    6.412   (58.4% logic, 41.6% route), 3 logic levels.

Unconstrained Preference:
   CLOCK_TO_OUT PORT "sd_cs_n" CLKNET "clk" 

Report:    6.053ns delay system/SLICE_82 to sd_cs_n

   Name    Fanout   Delay (ns)          Site               Resource
REG_DEL     ---     0.452      R4C5A.CLK to       R4C5A.Q0 system/SLICE_82 (from clk)
ROUTE         2     2.804       R4C5A.Q0 to        5.PADDO sd_cs_n_c
DOPAD_DEL   ---     2.797        5.PADDO to          5.PAD sd_cs_n
                  --------
                    6.053   (53.7% logic, 46.3% route), 2 logic levels.

Unconstrained Preference:
   CLOCK_TO_OUT PORT "gpio_key_row[3]" CLKNET "clk" 

Report:    5.646ns delay system/SLICE_80 to gpio_key_row[3]

   Name    Fanout   Delay (ns)          Site               Resource
REG_DEL     ---     0.452     R8C13D.CLK to      R8C13D.Q0 system/SLICE_80 (from clk)
ROUTE         3     2.397      R8C13D.Q0 to        1.PADDO host_miso
DOPAD_DEL   ---     2.797        1.PADDO to          1.PAD gpio_key_row[3]
                  --------
                    5.646   (57.5% logic, 42.5% route), 2 logic levels.

Unconstrained Preference:
   CLOCK_TO_OUT PORT "sd_sck" CLKNET "clk" 

Report:    5.532ns delay system/bus/byte_sd/SLICE_83 to sd_sck

   Name    Fanout   Delay (ns)          Site               Resource
REG_DEL     ---     0.452     R4C12D.CLK to      R4C12D.Q0 system/bus/byte_sd/SLICE_83 (from clk)
ROUTE         5     2.283      R4C12D.Q0 to       27.PADDO sd_sck_c
DOPAD_DEL   ---     2.797       27.PADDO to         27.PAD sd_sck
                  --------
                    5.532   (58.7% logic, 41.3% route), 2 logic levels.

Unconstrained Preference:
   CLOCK_TO_OUT PORT "gpio_mcs" CLKNET "clk" 

Report:    5.364ns delay system/bus/guest_memory/SLICE_76 to gpio_mcs

   Name    Fanout   Delay (ns)          Site               Resource
REG_DEL     ---     0.452      R8C4A.CLK to       R8C4A.Q0 system/bus/guest_memory/SLICE_76 (from clk)
ROUTE         2     2.115       R8C4A.Q0 to        8.PADDO gpio_mcs_c
DOPAD_DEL   ---     2.797        8.PADDO to          8.PAD gpio_mcs
                  --------
                    5.364   (60.6% logic, 39.4% route), 2 logic levels.

Unconstrained Preference:
   CLOCK_TO_OUT PORT "gpio_reg_latch" CLKNET "clk" 

Report:    5.180ns delay system/SLICE_78 to gpio_reg_latch

   Name    Fanout   Delay (ns)          Site               Resource
REG_DEL     ---     0.452     R5C11D.CLK to      R5C11D.Q0 system/SLICE_78 (from clk)
ROUTE         3     1.931      R5C11D.Q0 to       20.PADDO gpio_reg_latch_c
DOPAD_DEL   ---     2.797       20.PADDO to         20.PAD gpio_reg_latch
                  --------
                    5.180   (62.7% logic, 37.3% route), 2 logic levels.

Unconstrained Preference:
   CLOCK_TO_OUT PORT "gpio_rs" CLKNET "clk" 

Report:    5.127ns delay system/SLICE_79 to gpio_rs

   Name    Fanout   Delay (ns)          Site               Resource
REG_DEL     ---     0.452      R5C6D.CLK to       R5C6D.Q0 system/SLICE_79 (from clk)
ROUTE         3     1.878       R5C6D.Q0 to       11.PADDO gpio_rs_c
DOPAD_DEL   ---     2.797       11.PADDO to         11.PAD gpio_rs
                  --------
                    5.127   (63.4% logic, 36.6% route), 2 logic levels.

Unconstrained Preference:
   CLOCK_TO_OUT PORT "gpio_blank" CLKNET "clk" 

Report:    5.038ns delay system/SLICE_72 to gpio_blank

   Name    Fanout   Delay (ns)          Site               Resource
REG_DEL     ---     0.452      R5C8A.CLK to       R5C8A.Q0 system/SLICE_72 (from clk)
ROUTE         2     1.789       R5C8A.Q0 to       13.PADDO gpio_blank_c
DOPAD_DEL   ---     2.797       13.PADDO to         13.PAD gpio_blank
                  --------
                    5.038   (64.5% logic, 35.5% route), 2 logic levels.

Unconstrained Preference:
   CLOCK_TO_OUT PORT "gpio_ce" CLKNET "clk" 

Report:    5.022ns delay system/SLICE_73 to gpio_ce

   Name    Fanout   Delay (ns)          Site               Resource
REG_DEL     ---     0.452     R7C12D.CLK to      R7C12D.Q0 system/SLICE_73 (from clk)
ROUTE         3     1.773      R7C12D.Q0 to       14.PADDO gpio_ce_c
DOPAD_DEL   ---     2.797       14.PADDO to         14.PAD gpio_ce
                  --------
                    5.022   (64.7% logic, 35.3% route), 2 logic levels.

Unconstrained Preference:
   CLOCK_TO_OUT PORT "gpio_clk" CLKNET "clk" 

Report:    4.928ns delay system/SLICE_74 to gpio_clk

   Name    Fanout   Delay (ns)          Site               Resource
REG_DEL     ---     0.452      R5C9D.CLK to       R5C9D.Q0 system/SLICE_74 (from clk)
ROUTE         3     1.679       R5C9D.Q0 to       12.PADDO gpio_clk_c
DOPAD_DEL   ---     2.797       12.PADDO to         12.PAD gpio_clk
                  --------
                    4.928   (65.9% logic, 34.1% route), 2 logic levels.

Unconstrained Preference:
   CLOCK_TO_OUT PORT "gpio_msck" CLKNET "clk" 

Report:    4.609ns delay system/bus/guest_memory/SLICE_77 to gpio_msck

   Name    Fanout   Delay (ns)          Site               Resource
REG_DEL     ---     0.452      R8C4C.CLK to       R8C4C.Q0 system/bus/guest_memory/SLICE_77 (from clk)
ROUTE         5     1.360       R8C4C.Q0 to        9.PADDO gpio_msck_c
DOPAD_DEL   ---     2.797        9.PADDO to          9.PAD gpio_msck
                  --------
                    4.609   (70.5% logic, 29.5% route), 2 logic levels.

Unconstrained Preference:
   CLOCK_TO_OUT PORT "gpio_mosi" CLKNET "clk" 

Report:    3.407ns delay gpio_mosi_MGIOL to gpio_mosi

   Name    Fanout   Delay (ns)          Site               Resource
C2OUT_DEL   ---     0.567   IOL_B20D.CLK to IOL_B20D.IOLDO gpio_mosi_MGIOL (from clk)
ROUTE         1     0.043 IOL_B20D.IOLDO to       17.IOLDO gpio_mosi_c
OP0PAD_DEL  ---     2.797       17.IOLDO to         17.PAD gpio_mosi
                  --------
                    3.407   (98.7% logic, 1.3% route), 2 logic levels.


================================================================================
Preference: Unconstrained: MAXDELAY
            0 unconstrained paths found
--------------------------------------------------------------------------------

Report Summary
--------------
----------------------------------------------------------------------------
Preference                              |   Constraint|       Actual|Levels
----------------------------------------------------------------------------
                                        |             |             |
FREQUENCY NET "clk" 29.560000 MHz ;     |   29.560 MHz|   30.044 MHz|  19  
                                        |             |             |
----------------------------------------------------------------------------


All preferences were met.


Clock Domains Analysis
------------------------

Found 1 clocks:

Clock Domain: clk   Source: oscillator.OSC   Loads: 242
   Covered under: FREQUENCY NET "clk" 29.560000 MHz ;


--------------------------------------------------------------------------------
                Connections not covered by the preferences
--------------------------------------------------------------------------------

     Delay                        Element                 Net

    0.565ns pio_key_row[0].PADDI to _key_row[0]_MGIOL.DI gpio_key_row_in[0]
    0.565ns        sd_miso.PADDI to     sd_miso_MGIOL.DI sd_miso_c
    0.565ns             rx.PADDI to          rx_MGIOL.DI rx_c
    0.565ns pio_key_row[1].PADDI to _key_row[1]_MGIOL.DI gpio_key_row_in[1]
    0.565ns pio_key_row[2].PADDI to _key_row[2]_MGIOL.DI gpio_key_row_in[2]
    0.565ns pio_key_row[3].PADDI to _key_row[3]_MGIOL.DI gpio_key_row_in[3]
    0.384ns      gpio_miso.PADDI to   gpio_miso_MGIOL.DI gpio_miso_c
    3.098ns            res.PADDI to        SLICE_392.LSR res_c

--------------------------------------------------------------------------------


Timing summary (Setup):
---------------

Timing errors: 0  Score: 0
Cumulative negative slack: 0

Constraints cover 3789414 paths, 1 nets, and 5242 connections (99.85% coverage)

--------------------------------------------------------------------------------
Lattice TRACE Report - Hold, Version Diamond (64-bit) 3.14.0.75.2
Fri Sep 11 11:18:13 2026

Copyright (c) 1991-1994 by NeoCAD Inc. All rights reserved.
Copyright (c) 1995 AT&T Corp.   All rights reserved.
Copyright (c) 1995-2001 Lucent Technologies Inc.  All rights reserved.
Copyright (c) 2001 Agere Systems   All rights reserved.
Copyright (c) 2002-2024 Lattice Semiconductor Corporation,  All rights reserved.

Report Information
------------------
Command line:    trce -v 10 -c -u 0 -gt -sethld -sp 4 -sphld m -o cp52b_impl1.twr cp52b_impl1.ncd cp52b_impl1.prf 
Design file:     cp52b_impl1.ncd
Preference file: cp52b_impl1.prf
Device,speed:    LCMXO2-1200HC,m
Report level:    verbose report, limited to 10 items per preference
--------------------------------------------------------------------------------

BLOCK ASYNCPATHS
BLOCK RESETPATHS
--------------------------------------------------------------------------------



================================================================================
Preference: FREQUENCY NET "clk" 29.560000 MHz ;
            4096 items scored, 0 timing errors detected.
--------------------------------------------------------------------------------


Passed: The following path meets requirements by 0.293ns

 Logical Details:  Cell type  Pin type       Cell/ASIC name  (clock net +/-)

   Source:         Sync_RAM   Q              system/cpu/engine/dp/rf/words_ram/RAM0  (from clk +)
   Destination:    FF         Data in        system/bus/boot_release_armed  (to clk +)

   Delay:               0.280ns  (98.6% logic, 1.4% route), 1 logic levels.

 Constraint Details:

      0.280ns physical path delay system/SLICE_52 to system/SLICE_52 meets
     -0.013ns DIN_HLD and
      0.000ns delay constraint less
      0.000ns skew requirement (totaling -0.013ns) by 0.293ns

 Physical Path Details:

      Data path system/SLICE_52 to system/SLICE_52:

   Name    Fanout   Delay (ns)          Site               Resource
CLKTOF_DEL  ---     0.276      R8C9A.WCK to       R8C9A.F1 system/SLICE_52 (from clk)
ROUTE        40     0.004       R8C9A.F1 to      R8C9A.DI1 system/address[1] (to clk)
                  --------
                    0.280   (98.6% logic, 1.4% route), 1 logic levels.

 Clock Skew Details: 

      Source Clock Path oscillator to system/SLICE_52:

   Name    Fanout   Delay (ns)          Site               Resource
ROUTE       242     1.216        OSC.OSC to      R8C9A.WCK clk
                  --------
                    1.216   (0.0% logic, 100.0% route), 0 logic levels.

      Destination Clock Path oscillator to system/SLICE_52:

   Name    Fanout   Delay (ns)          Site               Resource
ROUTE       242     1.216        OSC.OSC to      R8C9A.CLK clk
                  --------
                    1.216   (0.0% logic, 100.0% route), 0 logic levels.


Passed: The following path meets requirements by 0.304ns

 Logical Details:  Cell type  Pin type       Cell/ASIC name  (clock net +/-)

   Source:         FF         Q              reset_sync[1]  (from clk +)
   Destination:    FF         Data in        reset_sync[0]  (to clk +)

   Delay:               0.285ns  (46.7% logic, 53.3% route), 1 logic levels.

 Constraint Details:

      0.285ns physical path delay SLICE_392 to SLICE_392 meets
     -0.019ns M_HLD and
      0.000ns delay constraint less
      0.000ns skew requirement (totaling -0.019ns) by 0.304ns

 Physical Path Details:

      Data path SLICE_392 to SLICE_392:

   Name    Fanout   Delay (ns)          Site               Resource
REG_DEL     ---     0.133     R7C14D.CLK to      R7C14D.Q1 SLICE_392 (from clk)
ROUTE         1     0.152      R7C14D.Q1 to      R7C14D.M0 reset_sync[1] (to clk)
                  --------
                    0.285   (46.7% logic, 53.3% route), 1 logic levels.

 Clock Skew Details: 

      Source Clock Path oscillator to SLICE_392:

   Name    Fanout   Delay (ns)          Site               Resource
ROUTE       242     1.216        OSC.OSC to     R7C14D.CLK clk
                  --------
                    1.216   (0.0% logic, 100.0% route), 0 logic levels.

      Destination Clock Path oscillator to SLICE_392:

   Name    Fanout   Delay (ns)          Site               Resource
ROUTE       242     1.216        OSC.OSC to     R7C14D.CLK clk
                  --------
                    1.216   (0.0% logic, 100.0% route), 0 logic levels.


Passed: The following path meets requirements by 0.304ns

 Logical Details:  Cell type  Pin type       Cell/ASIC name  (clock net +/-)

   Source:         FF         Q              system/bus/fixed_uart.console/cts_sync[0]  (from clk +)
   Destination:    FF         Data in        system/bus/fixed_uart.console/cts_sync[1]  (to clk +)

   Delay:               0.285ns  (46.7% logic, 53.3% route), 1 logic levels.

 Constraint Details:

      0.285ns physical path delay system/bus/fixed_uart.console/SLICE_102 to system/bus/fixed_uart.console/SLICE_102 meets
     -0.019ns M_HLD and
      0.000ns delay constraint less
      0.000ns skew requirement (totaling -0.019ns) by 0.304ns

 Physical Path Details:

      Data path system/bus/fixed_uart.console/SLICE_102 to system/bus/fixed_uart.console/SLICE_102:

   Name    Fanout   Delay (ns)          Site               Resource
REG_DEL     ---     0.133      R2C4D.CLK to       R2C4D.Q0 system/bus/fixed_uart.console/SLICE_102 (from clk)
ROUTE         1     0.152       R2C4D.Q0 to       R2C4D.M1 system/bus/fixed_uart.console/cts_sync[0] (to clk)
                  --------
                    0.285   (46.7% logic, 53.3% route), 1 logic levels.

 Clock Skew Details: 

      Source Clock Path oscillator to system/bus/fixed_uart.console/SLICE_102:

   Name    Fanout   Delay (ns)          Site               Resource
ROUTE       242     1.216        OSC.OSC to      R2C4D.CLK clk
                  --------
                    1.216   (0.0% logic, 100.0% route), 0 logic levels.

      Destination Clock Path oscillator to system/bus/fixed_uart.console/SLICE_102:

   Name    Fanout   Delay (ns)          Site               Resource
ROUTE       242     1.216        OSC.OSC to      R2C4D.CLK clk
                  --------
                    1.216   (0.0% logic, 100.0% route), 0 logic levels.


Passed: The following path meets requirements by 0.306ns

 Logical Details:  Cell type  Pin type       Cell/ASIC name  (clock net +/-)

   Source:         FF         Q              system/bus/timebase/state[17]  (from clk +)
   Destination:    FF         Data in        system/bus/timebase/state[18]  (to clk +)

   Delay:               0.287ns  (46.3% logic, 53.7% route), 1 logic levels.

 Constraint Details:

      0.287ns physical path delay SLICE_188 to SLICE_188 meets
     -0.019ns M_HLD and
      0.000ns delay constraint less
      0.000ns skew requirement (totaling -0.019ns) by 0.306ns

 Physical Path Details:

      Data path SLICE_188 to SLICE_188:

   Name    Fanout   Delay (ns)          Site               Resource
REG_DEL     ---     0.133    R10C11D.CLK to     R10C11D.Q0 SLICE_188 (from clk)
ROUTE         2     0.154     R10C11D.Q0 to     R10C11D.M1 system/bus/timebase/state[17] (to clk)
                  --------
                    0.287   (46.3% logic, 53.7% route), 1 logic levels.

 Clock Skew Details: 

      Source Clock Path oscillator to SLICE_188:

   Name    Fanout   Delay (ns)          Site               Resource
ROUTE       242     1.216        OSC.OSC to    R10C11D.CLK clk
                  --------
                    1.216   (0.0% logic, 100.0% route), 0 logic levels.

      Destination Clock Path oscillator to SLICE_188:

   Name    Fanout   Delay (ns)          Site               Resource
ROUTE       242     1.216        OSC.OSC to    R10C11D.CLK clk
                  --------
                    1.216   (0.0% logic, 100.0% route), 0 logic levels.


Passed: The following path meets requirements by 0.306ns

 Logical Details:  Cell type  Pin type       Cell/ASIC name  (clock net +/-)

   Source:         FF         Q              system/bus/fixed_uart.console/rx_shift[3]  (from clk +)
   Destination:    FF         Data in        system/bus/fixed_uart.console/rx_shift[2]  (to clk +)

   Delay:               0.287ns  (46.3% logic, 53.7% route), 1 logic levels.

 Constraint Details:

      0.287ns physical path delay system/bus/fixed_uart.console/SLICE_417 to system/bus/fixed_uart.console/SLICE_417 meets
     -0.019ns M_HLD and
      0.000ns delay constraint less
      0.000ns skew requirement (totaling -0.019ns) by 0.306ns

 Physical Path Details:

      Data path system/bus/fixed_uart.console/SLICE_417 to system/bus/fixed_uart.console/SLICE_417:

   Name    Fanout   Delay (ns)          Site               Resource
REG_DEL     ---     0.133      R2C3D.CLK to       R2C3D.Q1 system/bus/fixed_uart.console/SLICE_417 (from clk)
ROUTE         2     0.154       R2C3D.Q1 to       R2C3D.M0 system/bus/fixed_uart.console/rx_shift[3] (to clk)
                  --------
                    0.287   (46.3% logic, 53.7% route), 1 logic levels.

 Clock Skew Details: 

      Source Clock Path oscillator to system/bus/fixed_uart.console/SLICE_417:

   Name    Fanout   Delay (ns)          Site               Resource
ROUTE       242     1.216        OSC.OSC to      R2C3D.CLK clk
                  --------
                    1.216   (0.0% logic, 100.0% route), 0 logic levels.

      Destination Clock Path oscillator to system/bus/fixed_uart.console/SLICE_417:

   Name    Fanout   Delay (ns)          Site               Resource
ROUTE       242     1.216        OSC.OSC to      R2C3D.CLK clk
                  --------
                    1.216   (0.0% logic, 100.0% route), 0 logic levels.


Passed: The following path meets requirements by 0.306ns

 Logical Details:  Cell type  Pin type       Cell/ASIC name  (clock net +/-)

   Source:         FF         Q              system/bus/byte_sd/rx_shift[1]  (from clk +)
   Destination:    FF         Data in        system/bus/byte_sd/rx_shift[2]  (to clk +)

   Delay:               0.287ns  (46.3% logic, 53.7% route), 1 logic levels.

 Constraint Details:

      0.287ns physical path delay system/bus/byte_sd/SLICE_377 to system/bus/byte_sd/SLICE_377 meets
     -0.019ns M_HLD and
      0.000ns delay constraint less
      0.000ns skew requirement (totaling -0.019ns) by 0.306ns

 Physical Path Details:

      Data path system/bus/byte_sd/SLICE_377 to system/bus/byte_sd/SLICE_377:

   Name    Fanout   Delay (ns)          Site               Resource
REG_DEL     ---     0.133     R4C10B.CLK to      R4C10B.Q0 system/bus/byte_sd/SLICE_377 (from clk)
ROUTE         2     0.154      R4C10B.Q0 to      R4C10B.M1 system/bus/byte_sd/rx_shift[1] (to clk)
                  --------
                    0.287   (46.3% logic, 53.7% route), 1 logic levels.

 Clock Skew Details: 

      Source Clock Path oscillator to system/bus/byte_sd/SLICE_377:

   Name    Fanout   Delay (ns)          Site               Resource
ROUTE       242     1.216        OSC.OSC to     R4C10B.CLK clk
                  --------
                    1.216   (0.0% logic, 100.0% route), 0 logic levels.

      Destination Clock Path oscillator to system/bus/byte_sd/SLICE_377:

   Name    Fanout   Delay (ns)          Site               Resource
ROUTE       242     1.216        OSC.OSC to     R4C10B.CLK clk
                  --------
                    1.216   (0.0% logic, 100.0% route), 0 logic levels.


Passed: The following path meets requirements by 0.306ns

 Logical Details:  Cell type  Pin type       Cell/ASIC name  (clock net +/-)

   Source:         FF         Q              system/bus/byte_sd/rx_shift[5]  (from clk +)
   Destination:    FF         Data in        system/bus/byte_sd/rx_shift[6]  (to clk +)

   Delay:               0.287ns  (46.3% logic, 53.7% route), 1 logic levels.

 Constraint Details:

      0.287ns physical path delay system/bus/byte_sd/SLICE_421 to system/bus/byte_sd/SLICE_421 meets
     -0.019ns M_HLD and
      0.000ns delay constraint less
      0.000ns skew requirement (totaling -0.019ns) by 0.306ns

 Physical Path Details:

      Data path system/bus/byte_sd/SLICE_421 to system/bus/byte_sd/SLICE_421:

   Name    Fanout   Delay (ns)          Site               Resource
REG_DEL     ---     0.133     R4C11A.CLK to      R4C11A.Q0 system/bus/byte_sd/SLICE_421 (from clk)
ROUTE         2     0.154      R4C11A.Q0 to      R4C11A.M1 system/bus/byte_sd/rdata_8[5] (to clk)
                  --------
                    0.287   (46.3% logic, 53.7% route), 1 logic levels.

 Clock Skew Details: 

      Source Clock Path oscillator to system/bus/byte_sd/SLICE_421:

   Name    Fanout   Delay (ns)          Site               Resource
ROUTE       242     1.216        OSC.OSC to     R4C11A.CLK clk
                  --------
                    1.216   (0.0% logic, 100.0% route), 0 logic levels.

      Destination Clock Path oscillator to system/bus/byte_sd/SLICE_421:

   Name    Fanout   Delay (ns)          Site               Resource
ROUTE       242     1.216        OSC.OSC to     R4C11A.CLK clk
                  --------
                    1.216   (0.0% logic, 100.0% route), 0 logic levels.


Passed: The following path meets requirements by 0.306ns

 Logical Details:  Cell type  Pin type       Cell/ASIC name  (clock net +/-)

   Source:         FF         Q              system/bus/fixed_uart.console/rx_shift[7]  (from clk +)
   Destination:    FF         Data in        system/bus/fixed_uart.console/rx_shift[6]  (to clk +)

   Delay:               0.287ns  (46.3% logic, 53.7% route), 1 logic levels.

 Constraint Details:

      0.287ns physical path delay system/bus/fixed_uart.console/SLICE_415 to system/bus/fixed_uart.console/SLICE_415 meets
     -0.019ns M_HLD and
      0.000ns delay constraint less
      0.000ns skew requirement (totaling -0.019ns) by 0.306ns

 Physical Path Details:

      Data path system/bus/fixed_uart.console/SLICE_415 to system/bus/fixed_uart.console/SLICE_415:

   Name    Fanout   Delay (ns)          Site               Resource
REG_DEL     ---     0.133      R4C3A.CLK to       R4C3A.Q1 system/bus/fixed_uart.console/SLICE_415 (from clk)
ROUTE         2     0.154       R4C3A.Q1 to       R4C3A.M0 system/bus/fixed_uart.console/rx_shift[7] (to clk)
                  --------
                    0.287   (46.3% logic, 53.7% route), 1 logic levels.

 Clock Skew Details: 

      Source Clock Path oscillator to system/bus/fixed_uart.console/SLICE_415:

   Name    Fanout   Delay (ns)          Site               Resource
ROUTE       242     1.216        OSC.OSC to      R4C3A.CLK clk
                  --------
                    1.216   (0.0% logic, 100.0% route), 0 logic levels.

      Destination Clock Path oscillator to system/bus/fixed_uart.console/SLICE_415:

   Name    Fanout   Delay (ns)          Site               Resource
ROUTE       242     1.216        OSC.OSC to      R4C3A.CLK clk
                  --------
                    1.216   (0.0% logic, 100.0% route), 0 logic levels.


Passed: The following path meets requirements by 0.306ns

 Logical Details:  Cell type  Pin type       Cell/ASIC name  (clock net +/-)

   Source:         FF         Q              system/bus/timebase/state[11]  (from clk +)
   Destination:    FF         Data in        system/bus/timebase/state[12]  (to clk +)

   Delay:               0.287ns  (46.3% logic, 53.7% route), 1 logic levels.

 Constraint Details:

      0.287ns physical path delay system/bus/timebase/SLICE_633 to system/bus/timebase/SLICE_633 meets
     -0.019ns M_HLD and
      0.000ns delay constraint less
      0.000ns skew requirement (totaling -0.019ns) by 0.306ns

 Physical Path Details:

      Data path system/bus/timebase/SLICE_633 to system/bus/timebase/SLICE_633:

   Name    Fanout   Delay (ns)          Site               Resource
REG_DEL     ---     0.133    R10C11A.CLK to     R10C11A.Q0 system/bus/timebase/SLICE_633 (from clk)
ROUTE         2     0.154     R10C11A.Q0 to     R10C11A.M1 system/bus/timebase/state[11] (to clk)
                  --------
                    0.287   (46.3% logic, 53.7% route), 1 logic levels.

 Clock Skew Details: 

      Source Clock Path oscillator to system/bus/timebase/SLICE_633:

   Name    Fanout   Delay (ns)          Site               Resource
ROUTE       242     1.216        OSC.OSC to    R10C11A.CLK clk
                  --------
                    1.216   (0.0% logic, 100.0% route), 0 logic levels.

      Destination Clock Path oscillator to system/bus/timebase/SLICE_633:

   Name    Fanout   Delay (ns)          Site               Resource
ROUTE       242     1.216        OSC.OSC to    R10C11A.CLK clk
                  --------
                    1.216   (0.0% logic, 100.0% route), 0 logic levels.


Passed: The following path meets requirements by 0.306ns

 Logical Details:  Cell type  Pin type       Cell/ASIC name  (clock net +/-)

   Source:         FF         Q              system/bus/byte_sd/rx_shift[3]  (from clk +)
   Destination:    FF         Data in        system/bus/byte_sd/rx_shift[4]  (to clk +)

   Delay:               0.287ns  (46.3% logic, 53.7% route), 1 logic levels.

 Constraint Details:

      0.287ns physical path delay system/bus/byte_sd/SLICE_583 to system/bus/byte_sd/SLICE_583 meets
     -0.019ns M_HLD and
      0.000ns delay constraint less
      0.000ns skew requirement (totaling -0.019ns) by 0.306ns

 Physical Path Details:

      Data path system/bus/byte_sd/SLICE_583 to system/bus/byte_sd/SLICE_583:

   Name    Fanout   Delay (ns)          Site               Resource
REG_DEL     ---     0.133     R4C12A.CLK to      R4C12A.Q0 system/bus/byte_sd/SLICE_583 (from clk)
ROUTE         2     0.154      R4C12A.Q0 to      R4C12A.M1 system/bus/byte_sd/rdata_8[3] (to clk)
                  --------
                    0.287   (46.3% logic, 53.7% route), 1 logic levels.

 Clock Skew Details: 

      Source Clock Path oscillator to system/bus/byte_sd/SLICE_583:

   Name    Fanout   Delay (ns)          Site               Resource
ROUTE       242     1.216        OSC.OSC to     R4C12A.CLK clk
                  --------
                    1.216   (0.0% logic, 100.0% route), 0 logic levels.

      Destination Clock Path oscillator to system/bus/byte_sd/SLICE_583:

   Name    Fanout   Delay (ns)          Site               Resource
ROUTE       242     1.216        OSC.OSC to     R4C12A.CLK clk
                  --------
                    1.216   (0.0% logic, 100.0% route), 0 logic levels.

Report Summary
--------------
----------------------------------------------------------------------------
Preference(MIN Delays)                  |   Constraint|       Actual|Levels
----------------------------------------------------------------------------
                                        |             |             |
FREQUENCY NET "clk" 29.560000 MHz ;     |     0.000 ns|     0.293 ns|   1  
                                        |             |             |
----------------------------------------------------------------------------


All preferences were met.


Clock Domains Analysis
------------------------

Found 1 clocks:

Clock Domain: clk   Source: oscillator.OSC   Loads: 242
   Covered under: FREQUENCY NET "clk" 29.560000 MHz ;


--------------------------------------------------------------------------------
                Connections not covered by the preferences
--------------------------------------------------------------------------------

     Delay                        Element                 Net

    0.177ns pio_key_row[0].PADDI to _key_row[0]_MGIOL.DI gpio_key_row_in[0]
    0.177ns        sd_miso.PADDI to     sd_miso_MGIOL.DI sd_miso_c
    0.177ns             rx.PADDI to          rx_MGIOL.DI rx_c
    0.177ns pio_key_row[1].PADDI to _key_row[1]_MGIOL.DI gpio_key_row_in[1]
    0.177ns pio_key_row[2].PADDI to _key_row[2]_MGIOL.DI gpio_key_row_in[2]
    0.177ns pio_key_row[3].PADDI to _key_row[3]_MGIOL.DI gpio_key_row_in[3]
    0.127ns      gpio_miso.PADDI to   gpio_miso_MGIOL.DI gpio_miso_c
    1.041ns            res.PADDI to        SLICE_392.LSR res_c

--------------------------------------------------------------------------------


Timing summary (Hold):
---------------

Timing errors: 0  Score: 0
Cumulative negative slack: 0

Constraints cover 3789414 paths, 1 nets, and 5242 connections (99.85% coverage)



Timing summary (Setup and Hold):
---------------

Timing errors: 0 (setup), 0 (hold)
Score: 0 (setup), 0 (hold)
Cumulative negative slack: 0 (0+0)
--------------------------------------------------------------------------------

--------------------------------------------------------------------------------

