UJFP11	MACRO V05.03b  00:00  Page 1


      1						.TITLE UJFP11
      2						.IDENT /00.10/
      3					; CP76 FP11-A firmware: conversions. Absolute HALT FRAM, CP67 module ABI3.
      4					; LDFPS/STFPS/STST support all eight word addressing modes.
      5					; Full documented FP11 instruction families; ordinary code in HALT FRAM.
      6	000000					.ASECT
      7		060000 				.=60000
      8	060000	000137 	060022 		INIT:	JMP @#COLD
      9	060004	125110 	000002 		SIGN:	.WORD 125110,2
     10					; CP77 read-only debugger descriptor v1. FPS/FEC/FEA precede six 8-byte ACs.
     11					; No published address depends on the length of the implementation below.
     12	060010	125104 	000001 	070304 	DBGH:	.WORD 125104,1,FPS,ACS,MEMEND
	060016	070312 	070720
     13		000100 			CPC=100
     14		000102 			CPSW=102
     15		147757 			FPSMSK=147757
     16						.MACRO JNE DST,?OK
     17						BEQ OK
     18						JMP DST
     19					OK:
     20						.ENDM
     21						.MACRO JMI DST,?OK
     22						BPL OK
     23						JMP DST
     24					OK:
     25						.ENDM
     26						.MACRO JGE DST,?OK
     27						BLT OK
     28						JMP DST
     29					OK:
     30						.ENDM
     31						.MACRO JEQ DST,?OK
     32						BNE OK
     33						JMP DST
     34					OK:
     35						.ENDM
     36					; The generic walker owns its fault vector until we return RTS PC.
     37	060022	000043 			COLD:	.WORD 43
     38	060024	032700 	000400 			BIT #400,R0
     39	060030	001443 				BEQ CFAIL
     40	060032	023727 	000122 	007000 		CMP @#122,#7000
     41	060040	001037 				BNE CFAIL
     42	060042	042700 	177770 			BIC #177770,R0
     43	060046	010003 				MOV R0,R3
     44	060050	012701 	070304 			MOV #IMMEND,R1
     45	060054	012702 	000206 			MOV #<MEMEND-IMMEND>/2,R2
     46	060060	005011 			1$:	CLR (R1)
     47	060062	005721 				TST (R1)+
     48	060064	001025 				BNE CFAIL
     49	060066	077204 				SOB R2,1$
     50	060070	012737 	060146 	000010 		MOV #ENTER,@#10
     51	060076	023727 	000010 	060146 		CMP @#10,#ENTER
     52	060104	001015 				BNE CFAIL
     53	060106	012737 	000340 	000012 		MOV #340,@#12
     54	060114	023727 	000012 	000340 		CMP @#12,#340
     55	060122	001006 				BNE CFAIL
     56					; Ready is published last; preserve installed ODT/debug bits.
UJFP11	MACRO V05.03b  00:00  Page 1-1


     57	060124	010300 				MOV R3,R0
     58	060126	052700 	000002 			BIS #2,R0
     59	060132	000042 				.WORD 42
     60	060134	005000 				CLR R0
     61	060136	000207 				RTS PC
     62	060140	012700 	000001 		CFAIL:	MOV #1,R0
     63	060144	000207 				RTS PC
     64
     65					; No use of the USER stack, even when its address is odd.
     66	060146	010067 	010220 		ENTER:	MOV R0,REGS
     67	060152	010167 	010216 			MOV R1,REGS+2
     68	060156	010267 	010214 			MOV R2,REGS+4
     69	060162	010367 	010212 			MOV R3,REGS+6
     70	060166	010467 	010210 			MOV R4,REGS+10
     71	060172	010567 	010206 			MOV R5,REGS+12
     72	060176	010667 	010204 			MOV SP,REGS+14
     73	060202	013767 	000100 	010200 		MOV @#CPC,REGS+16
     74	060210	013767 	000102 	010174 		MOV @#CPSW,REGS+20
     75	060216	012706 	070720 			MOV #STKTOP,SP
     76	060222	013767 	000004 	010164 		MOV @#4,OLDVEC
     77	060230	013767 	000006 	010160 		MOV @#6,OLDVEC+2
     78	060236	005067 	010164 			CLR INTRAP
     79	060242	012737 	070126 	000004 		MOV #BUSERR,@#4
     80	060250	012737 	000340 	000006 		MOV #340,@#6
     81					; HALT entry supplies PC after the opcode. Decode its RAM word, without
     82					; consuming an extension word or changing the saved architectural PC.
     83	060256	016705 	010126 			MOV REGS+16,R5
     84	060262	162705 	000002 			SUB #2,R5
     85	060266	010567 	010126 			MOV R5,OPADDR
     86	060272	000021 				.WORD 21
     87	060274	010067 	010122 			MOV R0,OPCODE
     88	060300	020027 	170000 			CMP R0,#170000
     89	060304	001503 				BEQ CFCC
     90	060306	020027 	170001 			CMP R0,#170001
     91	060312	001513 				BEQ SETF
     92	060314	020027 	170002 			CMP R0,#170002
     93	060320	001515 				BEQ SETI
     94	060322	020027 	170011 			CMP R0,#170011
     95	060326	001517 				BEQ SETD
     96	060330	020027 	170012 			CMP R0,#170012
     97	060334	001521 				BEQ SETL
     98	060336	010004 				MOV R0,R4
     99	060340	042704 	000077 			BIC #77,R4
    100	060344	020427 	170100 			CMP R4,#170100
    101	060350	001520 				BEQ XFER
    102	060352	020427 	170200 			CMP R4,#170200
    103	060356	001515 				BEQ XFER
    104	060360	020427 	170300 			CMP R4,#170300
    105	060364	001512 				BEQ XFER
    106	060366	020427 	170400 			CMP R4,#170400
    107	060372	001507 				BEQ XFER
    108	060374	020427 	170500 			CMP R4,#170500
    109	060400	001504 				BEQ XFER
    110	060402	020427 	170600 			CMP R4,#170600
    111	060406	001501 				BEQ XFER
    112	060410	020427 	170700 			CMP R4,#170700
    113	060414	001476 				BEQ XFER
UJFP11	MACRO V05.03b  00:00  Page 1-2


    114	060416	042704 	000300 			BIC #300,R4
    115	060422	020427 	173400 			CMP R4,#173400
    116	060426	001471 				BEQ XFER
    117	060430	020427 	172400 			CMP R4,#172400
    118	060434	001466 				BEQ XFER
    119	060436	020427 	174000 			CMP R4,#174000
    120	060442	001463 				BEQ XFER
    121	060444	020427 	172000 			CMP R4,#172000
    122	060450	001460 				BEQ XFER
    123	060452	020427 	173000 			CMP R4,#173000
    124	060456	001455 				BEQ XFER
    125	060460	020427 	171000 			CMP R4,#171000
    126	060464	001452 				BEQ XFER
    127	060466	020427 	174400 			CMP R4,#174400
    128	060472	001447 				BEQ XFER
    129	060474	020427 	171400 			CMP R4,#171400
    130	060500	001444 				BEQ XFER
    131	060502	020427 	175000 			CMP R4,#175000
    132	060506	103041 				BHIS XFER
    133	060510	000167 	007342 			JMP UNIMPL
    134	060514	016700 	007564 		CFCC:	MOV FPS,R0
    135	060520	042700 	177760 			BIC #177760,R0
    136	060524	042767 	000017 	007660 		BIC #17,REGS+20
    137	060532	050067 	007654 			BIS R0,REGS+20
    138	060536	000167 	007452 			JMP RETURN
    139	060542	042767 	000200 	007534 	SETF:	BIC #200,FPS
    140	060550	000167 	007440 			JMP RETURN
    141	060554	042767 	000100 	007522 	SETI:	BIC #100,FPS
    142	060562	000167 	007426 			JMP RETURN
    143	060566	052767 	000200 	007510 	SETD:	BIS #200,FPS
    144	060574	000167 	007414 			JMP RETURN
    145	060600	052767 	000100 	007476 	SETL:	BIS #100,FPS
    146	060606	000167 	007402 			JMP RETURN
    147					; R1 addresses the saved CPU register, R2 is mode*2, R3 operand bytes.
    148					; R0/R5 alone are clobbered by the inter-bank instructions.
    149	060612	016701 	007604 		XFER:	MOV OPCODE,R1
    150	060616	042701 	177770 			BIC #177770,R1
    151	060622	006301 				ASL R1
    152	060624	062701 	070372 			ADD #REGS,R1
    153	060630	016702 	007566 			MOV OPCODE,R2
    154	060634	042702 	177707 			BIC #177707,R2
    155	060640	006202 				ASR R2
    156	060642	006202 				ASR R2
    157	060644	012703 	000002 			MOV #2,R3
    158	060650	020427 	175000 			CMP R4,#175000
    159	060654	103402 				BLO XOLD
    160	060656	000167 	004732 			JMP CSIZE
    161	060662	032704 	007400 		XOLD:	BIT #7400,R4
    162	060666	001006 				BNE FSET
    163	060670	020427 	170300 			CMP R4,#170300
    164	060674	001040 				BNE XD
    165	060676	012703 	000004 			MOV #4,R3
    166	060702	000424 				BR IMMLEN
    167	060704	016700 	007512 		FSET:	MOV OPCODE,R0
    168	060710	042700 	177477 			BIC #177477,R0
    169	060714	006200 				ASR R0
    170	060716	006200 				ASR R0
UJFP11	MACRO V05.03b  00:00  Page 1-3


    171	060720	006200 				ASR R0
    172	060722	062700 	070312 			ADD #ACS,R0
    173	060726	010067 	007502 			MOV R0,ACPTR
    174	060732	012703 	000004 			MOV #4,R3
    175	060736	032767 	000200 	007340 		BIT #200,FPS
    176	060744	001401 				BEQ FSIZE
    177	060746	006303 				ASL R3
    178	060750	010367 	007462 		FSIZE:	MOV R3,FLEN
    179	060754	016700 	007442 		IMMLEN:	MOV OPCODE,R0
    180	060760	042700 	177700 			BIC #177700,R0
    181	060764	020027 	000027 			CMP R0,#27
    182	060770	001002 				BNE XD
    183	060772	012703 	000002 			MOV #2,R3
    184	060776	005067 	007426 		XD:	CLR CHGPTR
    185	061002	011105 				MOV (R1),R5
    186	061004	000172 	061010 			JMP @EATAB(R2)
    187	061010	061030 	061230 	061124 	EATAB:	.WORD REG,EA,EAINC,EAIND,EADEC,EADDEF,EAIDX,EAIDXD
	061016	061136 	061152 	061164
	061024	061200 	061200
    188	061030	020427 	175000 		REG:	CMP R4,#175000
    189	061034	103402 				BLO ROLD
    190	061036	000167 	004766 			JMP CREG
    191	061042	032704 	007400 		ROLD:	BIT #7400,R4
    192	061046					JNE FREG
    193	061054	020427 	170100 			CMP R4,#170100
    194	061060	001007 				BNE REGST
    195	061062	011167 	007216 			MOV (R1),FPS
    196	061066	042767 	030020 	007210 		BIC #<177777-FPSMSK>,FPS
    197	061074	000167 	007114 			JMP RETURN
    198	061100	016700 	007200 		REGST:	MOV FPS,R0
    199	061104	020427 	170200 			CMP R4,#170200
    200	061110	001402 				BEQ REGSAV
    201	061112	016700 	007170 			MOV FEC,R0
    202	061116	010011 			REGSAV:	MOV R0,(R1)
    203	061120	000167 	007070 			JMP RETURN
    204	061124	010500 			EAINC:	MOV R5,R0
    205	061126	060300 				ADD R3,R0
    206	061130	004767 	000236 			JSR PC,CHANGE
    207	061134	000435 				BR EA
    208	061136	010500 			EAIND:	MOV R5,R0
    209	061140	062700 	000002 			ADD #2,R0
    210	061144	004767 	000222 			JSR PC,CHANGE
    211	061150	000425 				BR INDIRECT
    212	061152	160305 			EADEC:	SUB R3,R5
    213	061154	010500 				MOV R5,R0
    214	061156	004767 	000210 			JSR PC,CHANGE
    215	061162	000422 				BR EA
    216	061164	162705 	000002 		EADDEF:	SUB #2,R5
    217	061170	010500 				MOV R5,R0
    218	061172	004767 	000174 			JSR PC,CHANGE
    219	061176	000412 				BR INDIRECT
    220	061200				EAIDX:
    221	061200	016705 	007204 		EAIDXD:	MOV REGS+16,R5
    222	061204	000021 				.WORD 21
    223					; Failed extension read never reaches the PC update. Index R7 uses PC+2.
    224	061206	010567 	007176 			MOV R5,REGS+16
    225	061212	061100 				ADD (R1),R0
UJFP11	MACRO V05.03b  00:00  Page 1-4


    226	061214	010005 				MOV R0,R5
    227	061216	020227 	000014 			CMP R2,#14
    228	061222	001402 				BEQ EA
    229	061224				INDIRECT:
    230	061224	000021 				.WORD 21
    231	061226	010005 				MOV R0,R5
    232	061230	020427 	175000 		EA:	CMP R4,#175000
    233	061234	103402 				BLO EAOLD
    234	061236	000167 	004742 			JMP CMEM
    235	061242	032704 	007400 		EAOLD:	BIT #7400,R4
    236	061246					JNE FMEM
    237	061254	020427 	170100 			CMP R4,#170100
    238	061260	001007 				BNE MEMST
    239	061262	000021 				.WORD 21
    240	061264	010067 	007014 			MOV R0,FPS
    241	061270	042767 	030020 	007006 		BIC #<177777-FPSMSK>,FPS
    242	061276	000422 				BR COMMIT
    243	061300	016700 	007000 		MEMST:	MOV FPS,R0
    244	061304	020427 	170200 			CMP R4,#170200
    245	061310	001402 				BEQ STORE1
    246	061312	016700 	006770 			MOV FEC,R0
    247	061316	062705 	000002 		STORE1:	ADD #2,R5
    248	061322	000031 				.WORD 31
    249	061324	020327 	000004 			CMP R3,#4
    250	061330	001005 				BNE COMMIT
    251	061332	016700 	006752 			MOV FEA,R0
    252	061336	062705 	000004 			ADD #4,R5
    253	061342	000031 				.WORD 31
    254	061344	004767 	000004 		COMMIT:	JSR PC,UPD
    255	061350	000167 	006640 			JMP RETURN
    256	061354	005767 	007050 		UPD:	TST CHGPTR
    257	061360	001403 				BEQ URET
    258	061362	016777 	007044 	007040 		MOV CHGVAL,@CHGPTR
    259	061370	000207 			URET:	RTS PC
    260					; Match J11: R0-R6 autoupdates commit after all operand accesses succeed.
    261					; PC changes are immediate, including an absolute/immediate pointer fetch.
    262	061372	020127 	070410 		CHANGE:	CMP R1,#REGS+16
    263	061376	001002 				BNE PENDING
    264	061400	010011 				MOV R0,(R1)
    265	061402	000207 				RTS PC
    266	061404				PENDING:
    267	061404	010167 	007020 			MOV R1,CHGPTR
    268	061410	010067 	007016 			MOV R0,CHGVAL
    269	061414	000207 				RTS PC
    270					; Mode 0 names floating accumulators, not CPU registers. AC6/7 are illegal.
    271	061416	010105 			FREG:	MOV R1,R5
    272	061420	162705 	070372 			SUB #REGS,R5
    273	061424	020527 	000014 			CMP R5,#14
    274	061430	103402 				BLO FRVALID
    275	061432	000167 	006420 			JMP UNIMPL
    276	061436	006305 			FRVALID:	ASL R5
    277	061440	006305 				ASL R5
    278	061442	062705 	070312 			ADD #ACS,R5
    279	061446	020427 	174000 			CMP R4,#174000
    280	061452	001004 				BNE FRLOAD
    281	061454	010501 				MOV R5,R1
    282	061456	016705 	006752 			MOV ACPTR,R5
UJFP11	MACRO V05.03b  00:00  Page 1-5


    283	061462	000405 				BR FRCOPY
    284	061464	020427 	172400 		FRLOAD:	CMP R4,#172400
    285	061470	001022 				BNE FREGIN
    286	061472	016701 	006736 			MOV ACPTR,R1
    287					; Both operands are validated ACs in HALT FRAM. Preserve the first source
    288					; word for LDF flags; F mode must neither read nor overwrite the low half.
    289					; No USER addressing side effects exist on this path, including self-copy.
    290	061476	012500 			FRCOPY:	MOV (R5)+,R0
    291	061500	010021 				MOV R0,(R1)+
    292	061502	012521 				MOV (R5)+,(R1)+
    293	061504	032767 	000200 	006572 		BIT #200,FPS
    294	061512	001402 				BEQ FRCEND
    295	061514	012521 				MOV (R5)+,(R1)+
    296	061516	011511 				MOV (R5),(R1)
    297	061520	020427 	174000 		FRCEND:	CMP R4,#174000
    298	061524	001402 				BEQ FRRET
    299	061526	004767 	000626 			JSR PC,SETCC
    300	061532	000167 	006456 		FRRET:	JMP RETURN
    301	061536	010567 	006700 		FREGIN:	MOV R5,EADDR
    302	061542	004767 	000570 			JSR PC,ZBUF
    303	061546	020427 	170400 			CMP R4,#170400
    304	061552					JEQ FEXEC
    305	061560	012701 	070444 			MOV #FBUF,R1
    306	061564	016702 	006646 			MOV FLEN,R2
    307	061570	006202 				ASR R2
    308	061572	012521 			FRIN:	MOV (R5)+,(R1)+
    309	061574	077202 				SOB R2,FRIN
    310	061576	000167 	000162 			JMP FEXEC
    311					; Buffer all words before modifying AC/FPS. CLR never reads its destination.
    312	061602	010567 	006634 		FMEM:	MOV R5,EADDR
    313	061606	020427 	174000 			CMP R4,#174000
    314	061612					JEQ FSTORE
    315	061620	004767 	000512 			JSR PC,ZBUF
    316	061624	020427 	170400 			CMP R4,#170400
    317	061630					JEQ FEXEC
    318	061636	012701 	070444 			MOV #FBUF,R1
    319	061642	010302 				MOV R3,R2
    320	061644	006202 				ASR R2
    321	061646	000021 			FREAD:	.WORD 21
    322	061650	010021 				MOV R0,(R1)+
    323	061652	077203 				SOB R2,FREAD
    324					; Undefined-variable detection applies to memory/immediate, not AC sources.
    325	061654	016700 	006564 			MOV FBUF,R0
    326	061660	100041 				BPL FEXEC
    327	061662	032700 	077600 			BIT #77600,R0
    328	061666	001036 				BNE FEXEC
    329	061670	032767 	004000 	006406 		BIT #4000,FPS
    330	061676	001432 				BEQ FEXEC
    331					; FP11-A unary UV exceptions complete the operation first (DEC 1981
    332					; pp. 320/334). Arithmetic/compare/load cancel before execution.
    333	061700	020427 	170600 			CMP R4,#170600
    334	061704	001421 				BEQ FUWR
    335	061706	020427 	170700 			CMP R4,#170700
    336	061712	001416 				BEQ FUWR
    337					; TST retains the sign while setting flags (FP11-A manual 5.3.8).
    338	061714	020427 	172400 			CMP R4,#172400
    339	061720	001403 				BEQ FUVCC
UJFP11	MACRO V05.03b  00:00  Page 1-6


    340	061722	020427 	170500 			CMP R4,#170500
    341	061726	001002 				BNE FUV
    342	061730				FUVCC:
    343	061730	004767 	000424 			JSR PC,SETCC
    344	061734	004767 	177414 		FUV:	JSR PC,UPD
    345	061740	012700 	000014 			MOV #14,R0
    346	061744	000167 	006112 			JMP FPERR
    347	061750	004767 	000362 		FUWR:	JSR PC,ZBUF
    348	061754	012704 	170610 			MOV #170610,R4
    349	061760	000167 	000162 			JMP UWRITE
    350	061764	020427 	172000 		FEXEC:	CMP R4,#172000
    351	061770					JEQ ARITH
    352	061776	020427 	173000 			CMP R4,#173000
    353	062002					JEQ ARITH
    354	062010	020427 	172400 			CMP R4,#172400
    355	062014	001511 				BEQ FLOAD
    356	062016	020427 	173400 			CMP R4,#173400
    357	062022					JEQ FCOMP
    358	062030	020427 	170500 			CMP R4,#170500
    359	062034	001466 				BEQ FFLAGS
    360	062036	020427 	170400 			CMP R4,#170400
    361	062042	001441 				BEQ UWRITE
    362	062044	020427 	171000 			CMP R4,#171000
    363	062050					JEQ ARITH
    364	062056	020427 	174400 			CMP R4,#174400
    365	062062					JEQ ARITH
    366	062070	020427 	171400 			CMP R4,#171400
    367	062074					JEQ ARITH
    368	062102	032767 	077600 	006334 		BIT #77600,FBUF
    369	062110	001003 				BNE USIGN
    370	062112	004767 	000220 			JSR PC,ZBUF
    371	062116	000413 				BR UWRITE
    372	062120	020427 	170600 		USIGN:	CMP R4,#170600
    373	062124	001004 				BNE UNEG
    374	062126	042767 	100000 	006310 		BIC #100000,FBUF
    375	062134	000404 				BR UWRITE
    376	062136	012700 	100000 		UNEG:	MOV #100000,R0
    377	062142	074067 	006276 			XOR R0,FBUF
    378	062146	016705 	006270 		UWRITE:	MOV EADDR,R5
    379	062152	012701 	070444 			MOV #FBUF,R1
    380	062156	016702 	006254 			MOV FLEN,R2
    381	062162	006202 				ASR R2
    382	062164	032767 	000070 	006230 		BIT #70,OPCODE
    383	062172	001003 				BNE USTORE
    384	062174	012125 			URCOPY:	MOV (R1)+,(R5)+
    385	062176	077202 				SOB R2,URCOPY
    386	062200	000404 				BR FFLAGS
    387	062202	010302 			USTORE:	MOV R3,R2
    388	062204	006202 				ASR R2
    389	062206	004767 	000104 			JSR PC,WRITE
    390	062212	016700 	006226 		FFLAGS:	MOV FBUF,R0
    391	062216	004767 	000136 			JSR PC,SETCC
    392	062222	020427 	170610 			CMP R4,#170610
    393	062226					JEQ FUV
    394	062234	000167 	177104 			JMP COMMIT
    395	062240	012705 	070444 		FLOAD:	MOV #FBUF,R5
    396	062244	016701 	006164 			MOV ACPTR,R1
UJFP11	MACRO V05.03b  00:00  Page 1-7


    397	062250	016702 	006162 		FCOPY:	MOV FLEN,R2
    398	062254	006202 				ASR R2
    399	062256	012521 			FCOPY1:	MOV (R5)+,(R1)+
    400	062260	077202 				SOB R2,FCOPY1
    401	062262	020427 	174000 			CMP R4,#174000
    402	062266					JEQ COMMIT
    403	062274	000746 				BR FFLAGS
    404	062276	016701 	006132 		FSTORE:	MOV ACPTR,R1
    405	062302	010302 				MOV R3,R2
    406	062304	006202 				ASR R2
    407	062306	004767 	000004 			JSR PC,WRITE
    408	062312	000167 	177026 			JMP COMMIT
    409					; R5=USER destination, R1=HALT source, R2=word count. No FPS commit on fault.
    410	062316	062705 	000002 		WRITE:	ADD #2,R5
    411	062322	012100 			FWRITE:	MOV (R1)+,R0
    412	062324	000031 				.WORD 31
    413	062326	062705 	000004 			ADD #4,R5
    414	062332	077205 				SOB R2,FWRITE
    415	062334	000207 				RTS PC
    416	062336	005067 	006102 		ZBUF:	CLR FBUF
    417	062342	005067 	006100 			CLR FBUF+2
    418	062346	005067 	006076 			CLR FBUF+4
    419	062352	005067 	006074 			CLR FBUF+6
    420	062356	000207 				RTS PC
    421	062360	042767 	000017 	005716 	SETCC:	BIC #17,FPS
    422	062366	005700 				TST R0
    423	062370	100003 				BPL FZERO
    424	062372	052767 	000010 	005704 		BIS #10,FPS
    425	062400	032700 	077600 		FZERO:	BIT #77600,R0
    426	062404	001003 				BNE FCCRET
    427	062406	052767 	000004 	005670 		BIS #4,FPS
    428	062414	000207 			FCCRET:	RTS PC
    429					; Compare FSRC - AC, treating any zero exponent as exact zero. AC is only
    430					; changed when both operands are zero; its low half is preserved in F mode.
    431	062416	032767 	077600 	006020 	FCOMP:	BIT #77600,FBUF
    432	062424	001002 				BNE CSRC
    433	062426	004767 	177704 			JSR PC,ZBUF
    434	062432	016705 	005776 		CSRC:	MOV ACPTR,R5
    435	062436	032715 	077600 			BIT #77600,(R5)
    436	062442	001002 				BNE CAC
    437	062444	012705 	062572 			MOV #ZEROS,R5
    438	062450	005004 			CAC:	CLR R4
    439	062452	016700 	005766 			MOV FBUF,R0
    440	062456	100002 				BPL CSIGN
    441	062460	012704 	000010 			MOV #10,R4
    442	062464	011501 			CSIGN:	MOV (R5),R1
    443	062466	074001 				XOR R0,R1
    444	062470	100431 				BMI CDONE
    445	062472	012701 	070444 			MOV #FBUF,R1
    446	062476	016702 	005734 			MOV FLEN,R2
    447	062502	006202 				ASR R2
    448	062504	022125 			CLOOP:	CMP (R1)+,(R5)+
    449	062506	103417 				BLO CLESS
    450	062510	101021 				BHI CDONE
    451	062512	077204 				SOB R2,CLOOP
    452	062514	012704 	000004 			MOV #4,R4
    453	062520	005767 	005720 			TST FBUF
UJFP11	MACRO V05.03b  00:00  Page 1-8


    454	062524	001013 				BNE CDONE
    455	062526	016701 	005702 			MOV ACPTR,R1
    456	062532	016702 	005700 			MOV FLEN,R2
    457	062536	006202 				ASR R2
    458	062540	005021 			CZERO:	CLR (R1)+
    459	062542	077202 				SOB R2,CZERO
    460	062544	000403 				BR CDONE
    461	062546	012700 	000010 		CLESS:	MOV #10,R0
    462	062552	074004 				XOR R0,R4
    463	062554	042767 	000017 	005522 	CDONE:	BIC #17,FPS
    464	062562	050467 	005516 			BIS R4,FPS
    465	062566	000167 	176552 			JMP COMMIT
    466	062572	000000 	000000 	000000 	ZEROS:	.WORD 0,0,0,0
	062600	000000
    467					; Two 64-bit integer mantissas in little-word order: hidden bit 62,
    468					; seven low guard bits. The same width serves F and D; F ignores AC[31:0].
    469					; No host floating arithmetic, FPGA additions or new microinstructions.
    470	062602	005067 	005706 		ARITH:	CLR AERR
    471	062606	005067 	005704 			CLR AOVF
    472	062612	016705 	005616 			MOV ACPTR,R5
    473	062616	012701 	070454 			MOV #AMAN,R1
    474	062622	004767 	005064 			JSR PC,UNPACK
    475	062626	010067 	005652 			MOV R0,AEXP
    476	062632	010367 	005652 			MOV R3,ASIGN
    477	062636	012705 	070444 			MOV #FBUF,R5
    478	062642	012701 	070464 			MOV #BMAN,R1
    479	062646	004767 	005040 			JSR PC,UNPACK
    480	062652	010067 	005630 			MOV R0,BEXP
    481	062656	010367 	005630 			MOV R3,BSIGN
    482	062662	020427 	171000 			CMP R4,#171000
    483	062666					JEQ AMULT
    484	062674	020427 	174400 			CMP R4,#174400
    485	062700					JEQ ADIV
    486	062706	020427 	171400 			CMP R4,#171400
    487	062712					JEQ AMULT
    488	062720	020427 	173000 			CMP R4,#173000
    489	062724	001007 				BNE ASORT
    490	062726	005767 	005554 			TST BEXP
    491	062732	001404 				BEQ ASORT
    492	062734	012700 	100000 			MOV #100000,R0
    493	062740	074067 	005546 			XOR R0,BSIGN
    494	062744	026767 	005534 	005534 	ASORT:	CMP AEXP,BEXP
    495	062752	103414 				BLO ASWAP
    496	062754	101043 				BHI AREADY
    497	062756	012701 	070464 			MOV #AMAN+10,R1
    498	062762	012702 	070474 			MOV #BMAN+10,R2
    499	062766	012703 	000004 			MOV #4,R3
    500	062772	024142 			ACMPL:	CMP -(R1),-(R2)
    501	062774	103403 				BLO ASWAP
    502	062776	101032 				BHI AREADY
    503	063000	077304 				SOB R3,ACMPL
    504	063002	000430 				BR AREADY
    505	063004	012701 	070454 		ASWAP:	MOV #AMAN,R1
    506	063010	012702 	070464 			MOV #BMAN,R2
    507	063014	012703 	000004 			MOV #4,R3
    508	063020	011100 			ASWPL:	MOV (R1),R0
    509	063022	011221 				MOV (R2),(R1)+
UJFP11	MACRO V05.03b  00:00  Page 1-9


    510	063024	010022 				MOV R0,(R2)+
    511	063026	077304 				SOB R3,ASWPL
    512	063030	016700 	005450 			MOV AEXP,R0
    513	063034	016767 	005446 	005442 		MOV BEXP,AEXP
    514	063042	010067 	005440 			MOV R0,BEXP
    515	063046	016700 	005436 			MOV ASIGN,R0
    516	063052	016767 	005434 	005430 		MOV BSIGN,ASIGN
    517	063060	010067 	005426 			MOV R0,BSIGN
    518	063064	005767 	005414 		AREADY:	TST AEXP
    519	063070					JEQ AZERO
    520	063076	005767 	005404 			TST BEXP
    521	063102					JEQ APACK
    522	063110	016702 	005370 			MOV AEXP,R2
    523	063114	166702 	005366 			SUB BEXP,R2
    524	063120	020227 	000100 			CMP R2,#64.
    525	063124					JGE APACK
    526	063132	005702 				TST R2
    527	063134	001412 				BEQ ALIGNED
    528	063136	000241 			ASHIFT:	CLC
    529	063140	006067 	005326 			ROR BMAN+6
    530	063144	006067 	005320 			ROR BMAN+4
    531	063150	006067 	005312 			ROR BMAN+2
    532	063154	006067 	005304 			ROR BMAN
    533	063160	077212 				SOB R2,ASHIFT
    534	063162	016700 	005322 		ALIGNED:	MOV ASIGN,R0
    535	063166	016701 	005320 			MOV BSIGN,R1
    536	063172	074100 				XOR R1,R0
    537	063174					JMI ASUB
    538					; Propagate each word's carry before adding the next source word.
    539	063202	066767 	005256 	005244 		ADD BMAN,AMAN
    540	063210	103010 				BCC AA1
    541	063212	005267 	005240 			INC AMAN+2
    542	063216	001005 				BNE AA1
    543	063220	005267 	005234 			INC AMAN+4
    544	063224	001002 				BNE AA1
    545	063226	005267 	005230 			INC AMAN+6
    546	063232	066767 	005230 	005216 	AA1:	ADD BMAN+2,AMAN+2
    547	063240	103005 				BCC AA2
    548	063242	005267 	005212 			INC AMAN+4
    549	063246	001002 				BNE AA2
    550	063250	005267 	005206 			INC AMAN+6
    551	063254	066767 	005210 	005176 	AA2:	ADD BMAN+4,AMAN+4
    552	063262	103002 				BCC AA3
    553	063264	005267 	005172 			INC AMAN+6
    554	063270	066767 	005176 	005164 	AA3:	ADD BMAN+6,AMAN+6
    555	063276	000501 				BR ACARRY
    556	063300	166767 	005160 	005146 	ASUB:	SUB BMAN,AMAN
    557	063306	103016 				BCC AS1
    558	063310	005367 	005142 			DEC AMAN+2
    559	063314	026727 	005136 	177777 		CMP AMAN+2,#177777
    560	063322	001010 				BNE AS1
    561	063324	005367 	005130 			DEC AMAN+4
    562	063330	026727 	005124 	177777 		CMP AMAN+4,#177777
    563	063336	001002 				BNE AS1
    564	063340	005367 	005116 			DEC AMAN+6
    565	063344	166767 	005116 	005104 	AS1:	SUB BMAN+2,AMAN+2
    566	063352	103010 				BCC AS2
UJFP11	MACRO V05.03b  00:00  Page 1-10


    567	063354	005367 	005100 			DEC AMAN+4
    568	063360	026727 	005074 	177777 		CMP AMAN+4,#177777
    569	063366	001002 				BNE AS2
    570	063370	005367 	005066 			DEC AMAN+6
    571	063374	166767 	005070 	005056 	AS2:	SUB BMAN+4,AMAN+4
    572	063402	103002 				BCC AS3
    573	063404	005367 	005052 			DEC AMAN+6
    574	063410	166767 	005056 	005044 	AS3:	SUB BMAN+6,AMAN+6
    575	063416	016700 	005032 			MOV AMAN,R0
    576	063422	056700 	005030 			BIS AMAN+2,R0
    577	063426	056700 	005026 			BIS AMAN+4,R0
    578	063432	056700 	005024 			BIS AMAN+6,R0
    579	063436					JEQ AZERO
    580	063444	032767 	040000 	005010 	ANORM:	BIT #40000,AMAN+6
    581	063452	001022 				BNE AROUND
    582	063454	006367 	004774 			ASL AMAN
    583	063460	006167 	004772 			ROL AMAN+2
    584	063464	006167 	004770 			ROL AMAN+4
    585	063470	006167 	004766 			ROL AMAN+6
    586	063474	005367 	005004 			DEC AEXP
    587	063500	000761 				BR ANORM
    588	063502	005767 	004754 		ACARRY:	TST AMAN+6
    589	063506	100004 				BPL AROUND
    590	063510	004767 	000364 			JSR PC,ARIGHT
    591	063514	005267 	004764 			INC AEXP
    592	063520	032767 	000040 	004556 	AROUND:	BIT #40,FPS
    593	063526	001042 				BNE APACK
    594	063530	032767 	000200 	004546 		BIT #200,FPS
    595	063536	001416 				BEQ AFROUND
    596	063540	032767 	000100 	004706 		BIT #100,AMAN
    597	063546	001432 				BEQ APACK
    598	063550	062767 	000200 	004676 		ADD #200,AMAN
    599	063556	005567 	004674 			ADC AMAN+2
    600	063562	005567 	004672 			ADC AMAN+4
    601	063566	005567 	004670 			ADC AMAN+6
    602	063572	000411 				BR ARCARR
    603	063574	032767 	000100 	004656 	AFROUND:	BIT #100,AMAN+4
    604	063602	001414 				BEQ APACK
    605	063604	062767 	000200 	004646 		ADD #200,AMAN+4
    606	063612	005567 	004644 			ADC AMAN+6
    607	063616	005767 	004640 		ARCARR:	TST AMAN+6
    608	063622	100004 				BPL APACK
    609	063624	004767 	000250 			JSR PC,ARIGHT
    610	063630	005267 	004650 			INC AEXP
    611	063634	012702 	000007 		APACK:	MOV #7,R2
    612	063640	004767 	000234 		APSHFT:	JSR PC,ARIGHT
    613	063644	077203 				SOB R2,APSHFT
    614	063646	016700 	004632 			MOV AEXP,R0
    615	063652	042700 	177400 			BIC #177400,R0
    616	063656	072027 	000007 			ASH #7,R0
    617	063662	056700 	004622 			BIS ASIGN,R0
    618	063666	042767 	177600 	004566 		BIC #177600,AMAN+6
    619	063674	056700 	004562 			BIS AMAN+6,R0
    620	063700	010067 	004540 			MOV R0,FBUF
    621	063704	016767 	004550 	004534 		MOV AMAN+4,FBUF+2
    622	063712	016767 	004540 	004530 		MOV AMAN+2,FBUF+4
    623	063720	016767 	004530 	004524 		MOV AMAN,FBUF+6
UJFP11	MACRO V05.03b  00:00  Page 1-11


    624	063726	026727 	004552 	000377 		CMP AEXP,#377
    625	063734	003013 				BGT AOVER
    626	063736	005767 	004542 			TST AEXP
    627	063742	003025 				BGT ACOMIT
    628	063744	032767 	002000 	004332 		BIT #2000,FPS
    629	063752	001417 				BEQ AZERO
    630	063754	012767 	000012 	004532 		MOV #12,AERR
    631	063762	000415 				BR ACOMIT
    632	063764	012767 	000002 	004524 	AOVER:	MOV #2,AOVF
    633	063772	032767 	001000 	004304 		BIT #1000,FPS
    634	064000	001404 				BEQ AZERO
    635	064002	012767 	000010 	004504 		MOV #10,AERR
    636	064010	000402 				BR ACOMIT
    637	064012	004767 	176320 		AZERO:	JSR PC,ZBUF
    638	064016	016701 	004412 		ACOMIT:	MOV ACPTR,R1
    639	064022	012705 	070444 			MOV #FBUF,R5
    640	064026	016702 	004404 			MOV FLEN,R2
    641	064032	006202 				ASR R2
    642	064034	012521 			ARES:	MOV (R5)+,(R1)+
    643	064036	077202 				SOB R2,ARES
    644	064040	016700 	004400 			MOV FBUF,R0
    645	064044	004767 	176310 			JSR PC,SETCC
    646	064050	056767 	004442 	004226 		BIS AOVF,FPS
    647	064056	004767 	175272 			JSR PC,UPD
    648	064062	016700 	004426 			MOV AERR,R0
    649	064066					JNE FPERR
    650	064074	000167 	004114 			JMP RETURN
    651	064100	000241 			ARIGHT:	CLC
    652	064102	006067 	004354 			ROR AMAN+6
    653	064106	006067 	004346 			ROR AMAN+4
    654	064112	006067 	004340 			ROR AMAN+2
    655	064116	006067 	004332 			ROR AMAN
    656	064122	000207 				RTS PC
    657					; Shift/add multiply retains seven guard bits. Each right shift discards
    658					; only bits below the retained product, including after one normalization.
    659					; PMAN is the product/quotient; operands remain private until ACOMIT.
    660	064124	005767 	004354 		AMULT:	TST AEXP
    661	064130					JEQ MZERO
    662	064136	005767 	004344 			TST BEXP
    663	064142					JEQ MZERO
    664	064150	066767 	004332 	004326 		ADD BEXP,AEXP
    665	064156	162767 	000200 	004320 		SUB #128.,AEXP
    666	064164	004767 	000602 			JSR PC,MDINIT
    667					; BMAN becomes the unguarded 56-bit multiplier (24 bits in F mode).
    668	064170	012702 	000007 			MOV #7,R2
    669	064174	004767 	000624 		MSHIFT:	JSR PC,BRIGHT
    670	064200	077203 				SOB R2,MSHIFT
    671	064202	012704 	000070 			MOV #56.,R4
    672	064206	032767 	000200 	004070 		BIT #200,FPS
    673	064214	001014 				BNE MLOOP
    674	064216	016767 	004246 	004240 		MOV BMAN+4,BMAN
    675	064224	016767 	004242 	004234 		MOV BMAN+6,BMAN+2
    676	064232	005067 	004232 			CLR BMAN+4
    677	064236	005067 	004230 			CLR BMAN+6
    678	064242	012704 	000030 			MOV #24.,R4
    679	064246	004767 	000552 		MLOOP:	JSR PC,BRIGHT
    680	064252	103036 				BCC MRIGHT
UJFP11	MACRO V05.03b  00:00  Page 1-12


    681	064254	066767 	004174 	004212 		ADD AMAN,PMAN
    682	064262	103010 				BCC MA1
    683	064264	005267 	004206 			INC PMAN+2
    684	064270	001005 				BNE MA1
    685	064272	005267 	004202 			INC PMAN+4
    686	064276	001002 				BNE MA1
    687	064300	005267 	004176 			INC PMAN+6
    688	064304	066767 	004146 	004164 	MA1:	ADD AMAN+2,PMAN+2
    689	064312	103005 				BCC MA2
    690	064314	005267 	004160 			INC PMAN+4
    691	064320	001002 				BNE MA2
    692	064322	005267 	004154 			INC PMAN+6
    693	064326	066767 	004126 	004144 	MA2:	ADD AMAN+4,PMAN+4
    694	064334	103002 				BCC MA3
    695	064336	005267 	004140 			INC PMAN+6
    696	064342	066767 	004114 	004132 	MA3:	ADD AMAN+6,PMAN+6
    697	064350	000241 			MRIGHT:	CLC
    698	064352	006067 	004124 			ROR PMAN+6
    699	064356	006067 	004116 			ROR PMAN+4
    700	064362	006067 	004110 			ROR PMAN+2
    701	064366	006067 	004102 			ROR PMAN
    702	064372	077453 				SOB R4,MLOOP
    703	064374	012704 	063444 			MOV #ANORM,R4
    704	064400	032767 	000400 	004014 		BIT #400,OPCODE
    705	064406	001554 				BEQ MDONE
    706	064410	012704 	065050 			MOV #MNORM,R4
    707	064414	000551 				BR MDONE
    708					; DIV by exponent-zero source precedes dividend zero. No AC or NZVC write;
    709					; successful EA autoupdates still commit, including when FID inhibits trap.
    710	064416	005767 	004064 		ADIV:	TST BEXP
    711	064422	001006 				BNE DNONZ
    712	064424	004767 	174724 			JSR PC,UPD
    713	064430	012700 	000004 			MOV #4,R0
    714	064434	000167 	003422 			JMP FPERR
    715	064440	005767 	004040 		DNONZ:	TST AEXP
    716	064444					JEQ AZERO
    717	064452	166767 	004030 	004024 		SUB BEXP,AEXP
    718	064460	062767 	000201 	004016 		ADD #129.,AEXP
    719	064466	004767 	000300 			JSR PC,MDINIT
    720	064472	012705 	070474 			MOV #PMAN,R5
    721	064476	012704 	000077 			MOV #63.,R4
    722	064502	032767 	000200 	003574 		BIT #200,FPS
    723	064510	001004 				BNE DLOOP
    724	064512	062705 	000004 			ADD #4,R5
    725	064516	012704 	000037 			MOV #31.,R4
    726					; Restoring division: remainder < 2*divisor fits unsigned 64 bits. F builds
    727					; the quotient in PMAN[63:32]; D uses all words. No premature rounding.
    728	064522	006367 	003746 		DLOOP:	ASL PMAN
    729	064526	006167 	003744 			ROL PMAN+2
    730	064532	006167 	003742 			ROL PMAN+4
    731	064536	006167 	003740 			ROL PMAN+6
    732	064542	012701 	070464 			MOV #AMAN+10,R1
    733	064546	012702 	070474 			MOV #BMAN+10,R2
    734	064552	012703 	000004 			MOV #4,R3
    735	064556	024142 			DCMPL:	CMP -(R1),-(R2)
    736	064560	103453 				BLO DNEXT
    737	064562	101001 				BHI DSUB
UJFP11	MACRO V05.03b  00:00  Page 1-13


    738	064564	077304 				SOB R3,DCMPL
    739	064566	166767 	003672 	003660 	DSUB:	SUB BMAN,AMAN
    740	064574	103016 				BCC DS1
    741	064576	005367 	003654 			DEC AMAN+2
    742	064602	026727 	003650 	177777 		CMP AMAN+2,#177777
    743	064610	001010 				BNE DS1
    744	064612	005367 	003642 			DEC AMAN+4
    745	064616	026727 	003636 	177777 		CMP AMAN+4,#177777
    746	064624	001002 				BNE DS1
    747	064626	005367 	003630 			DEC AMAN+6
    748	064632	166767 	003630 	003616 	DS1:	SUB BMAN+2,AMAN+2
    749	064640	103010 				BCC DS2
    750	064642	005367 	003612 			DEC AMAN+4
    751	064646	026727 	003606 	177777 		CMP AMAN+4,#177777
    752	064654	001002 				BNE DS2
    753	064656	005367 	003600 			DEC AMAN+6
    754	064662	166767 	003602 	003570 	DS2:	SUB BMAN+4,AMAN+4
    755	064670	103002 				BCC DS3
    756	064672	005367 	003564 			DEC AMAN+6
    757	064676	166767 	003570 	003556 	DS3:	SUB BMAN+6,AMAN+6
    758	064704	052715 	000001 			BIS #1,(R5)
    759	064710	006367 	003540 		DNEXT:	ASL AMAN
    760	064714	006167 	003536 			ROL AMAN+2
    761	064720	006167 	003534 			ROL AMAN+4
    762	064724	006167 	003532 			ROL AMAN+6
    763	064730	005304 				DEC R4
    764	064732	001273 				BNE DLOOP
    765	064734	012704 	063444 			MOV #ANORM,R4
    766	064740	016767 	003530 	003506 	MDONE:	MOV PMAN,AMAN
    767	064746	016767 	003524 	003502 		MOV PMAN+2,AMAN+2
    768	064754	016767 	003520 	003476 		MOV PMAN+4,AMAN+4
    769	064762	016767 	003514 	003472 		MOV PMAN+6,AMAN+6
    770	064770	000114 				JMP (R4)
    771	064772	016700 	003514 		MDINIT:	MOV BSIGN,R0
    772	064776	074067 	003506 			XOR R0,ASIGN
    773	065002	005067 	003466 			CLR PMAN
    774	065006	005067 	003464 			CLR PMAN+2
    775	065012	005067 	003462 			CLR PMAN+4
    776	065016	005067 	003460 			CLR PMAN+6
    777	065022	000207 				RTS PC
    778	065024	000241 			BRIGHT:	CLC
    779	065026	006067 	003440 			ROR BMAN+6
    780	065032	006067 	003432 			ROR BMAN+4
    781	065036	006067 	003424 			ROR BMAN+2
    782	065042	006067 	003416 			ROR BMAN
    783	065046	000207 				RTS PC
    784					; FP11-A MOD develops 48 exact F bits / 59 D product bits (DEC 1978
    785					; table 5-2, DEC 1983 pp.147-149). Discard four CP74 guard positions
    786					; BEFORE the optional normalization; F's exact product already has zeros.
    787	065050	042767 	000017 	003376 	MNORM:	BIC #17,AMAN
    788	065056	032767 	040000 	003376 		BIT #40000,AMAN+6
    789	065064	001012 				BNE MSPLIT
    790	065066	006367 	003362 			ASL AMAN
    791	065072	006167 	003360 			ROL AMAN+2
    792	065076	006167 	003356 			ROL AMAN+4
    793	065102	006167 	003354 			ROL AMAN+6
    794	065106	005367 	003372 			DEC AEXP
UJFP11	MACRO V05.03b  00:00  Page 1-14


    795	065112	026727 	003366 	000200 	MSPLIT:	CMP AEXP,#128.
    796	065120	003004 				BGT MWHOLE
    797	065122	004767 	000272 			JSR PC,MZINT
    798	065126	000167 	176366 			JMP AROUND
    799	065132	016767 	003316 	003324 	MWHOLE:	MOV AMAN,BMAN
    800	065140	016767 	003312 	003320 		MOV AMAN+2,BMAN+2
    801	065146	016767 	003306 	003314 		MOV AMAN+4,BMAN+4
    802	065154	016767 	003302 	003310 		MOV AMAN+6,BMAN+6
    803	065162	012700 	000230 			MOV #152.,R0
    804	065166	032767 	000200 	003110 		BIT #200,FPS
    805	065174	001402 				BEQ MLIMIT
    806	065176	062700 	000040 			ADD #32.,R0
    807	065202	026700 	003276 		MLIMIT:	CMP AEXP,R0
    808	065206	003404 				BLE MMASK
    809					; Product >= 2**L: integer is always chopped, fractional result is zero.
    810	065210	004767 	000240 			JSR PC,MPINT
    811	065214	000167 	176572 			JMP AZERO
    812	065220	016704 	003260 		MMASK:	MOV AEXP,R4
    813	065224	162704 	000200 			SUB #128.,R4
    814	065230	012767 	177777 	003236 		MOV #177777,PMAN
    815	065236	016767 	003232 	003232 		MOV PMAN,PMAN+2
    816	065244	016767 	003224 	003226 		MOV PMAN,PMAN+4
    817	065252	012767 	077777 	003222 		MOV #77777,PMAN+6
    818	065260	000241 			MMLOOP:	CLC
    819	065262	006067 	003214 			ROR PMAN+6
    820	065266	006067 	003206 			ROR PMAN+4
    821	065272	006067 	003200 			ROR PMAN+2
    822	065276	006067 	003172 			ROR PMAN
    823	065302	077412 				SOB R4,MMLOOP
    824					; BMAN keeps the integer bits; AMAN keeps the fractional bits. Sources
    825					; have already been buffered, including aliases with the second AC.
    826	065304	012701 	070454 			MOV #AMAN,R1
    827	065310	012702 	070464 			MOV #BMAN,R2
    828	065314	012703 	070474 			MOV #PMAN,R3
    829	065320	012704 	000004 			MOV #4,R4
    830	065324	012300 			MAND:	MOV (R3)+,R0
    831	065326	040022 				BIC R0,(R2)+
    832	065330	005100 				COM R0
    833	065332	040021 				BIC R0,(R1)+
    834	065334	077405 				SOB R4,MAND
    835	065336	004767 	000112 			JSR PC,MPINT
    836	065342	016700 	003106 			MOV AMAN,R0
    837	065346	056700 	003104 			BIS AMAN+2,R0
    838	065352	056700 	003102 			BIS AMAN+4,R0
    839	065356	056700 	003100 			BIS AMAN+6,R0
    840	065362					JEQ AZERO
    841	065370	000167 	176050 			JMP ANORM
    842					; Only MUL/MOD reach this zero shortcut. MOD also clears its integer AC.
    843	065374	032767 	000400 	003020 	MZERO:	BIT #400,OPCODE
    844	065402					JEQ AZERO
    845	065410	004767 	000004 			JSR PC,MZINT
    846	065414	000167 	176372 			JMP AZERO
    847					; Store a positive exact integer zero only for even destination AC.
    848	065420	032767 	000100 	002774 	MZINT:	BIT #100,OPCODE
    849	065426	001011 				BNE MIRET
    850	065430	016701 	003000 			MOV ACPTR,R1
    851	065434	062701 	000010 			ADD #10,R1
UJFP11	MACRO V05.03b  00:00  Page 1-15


    852	065440	016702 	002772 			MOV FLEN,R2
    853	065444	006202 				ASR R2
    854	065446	005021 			MZLOOP:	CLR (R1)+
    855	065450	077202 				SOB R2,MZLOOP
    856	065452	000207 			MIRET:	RTS PC
    857					; Pack BMAN WITHOUT rounding. Even when AC is odd (integer discarded),
    858					; overflow sets FV/FEC. Fractional AC/FPS commit and trap happen later.
    859	065454	026727 	003024 	000377 	MPINT:	CMP AEXP,#377
    860	065462	003412 				BLE MIPACK
    861	065464	012767 	000002 	003024 		MOV #2,AOVF
    862	065472	032767 	001000 	002604 		BIT #1000,FPS
    863	065500	001747 				BEQ MZINT
    864	065502	012767 	000010 	003004 		MOV #10,AERR
    865	065510	032767 	000100 	002704 	MIPACK:	BIT #100,OPCODE
    866	065516	001355 				BNE MIRET
    867	065520	012702 	000007 			MOV #7,R2
    868	065524	004767 	177274 		MISHFT:	JSR PC,BRIGHT
    869	065530	077203 				SOB R2,MISHFT
    870	065532	016700 	002746 			MOV AEXP,R0
    871	065536	042700 	177400 			BIC #177400,R0
    872	065542	072027 	000007 			ASH #7,R0
    873	065546	056700 	002736 			BIS ASIGN,R0
    874	065552	042767 	177600 	002712 		BIC #177600,BMAN+6
    875	065560	050067 	002706 			BIS R0,BMAN+6
    876	065564	016701 	002644 			MOV ACPTR,R1
    877	065570	062701 	000010 			ADD #10,R1
    878	065574	012705 	070474 			MOV #BMAN+10,R5
    879	065600	016702 	002632 			MOV FLEN,R2
    880	065604	006202 				ASR R2
    881	065606	014521 			MICOPY:	MOV -(R5),(R1)+
    882	065610	077202 				SOB R2,MICOPY
    883	065612	000207 				RTS PC
    884					; CP76 conversion operand widths. R1/R2 retain the shared EA inputs.
    885					; CLEN is actual USER operand length; FLEN is floating result width.
    886	065614	005067 	002674 		CSIZE:	CLR AERR
    887	065620	005067 	002672 			CLR AOVF
    888	065624	005067 	002656 			CLR BEXP
    889	065630	016700 	002566 			MOV OPCODE,R0
    890	065634	042700 	177477 			BIC #177477,R0
    891	065640	006200 				ASR R0
    892	065642	006200 				ASR R0
    893	065644	006200 				ASR R0
    894	065646	062700 	070312 			ADD #ACS,R0
    895	065652	010067 	002556 			MOV R0,ACPTR
    896	065656	012767 	000004 	002552 		MOV #4,FLEN
    897	065664	032767 	000200 	002412 		BIT #200,FPS
    898	065672	001403 				BEQ CTYPE
    899	065674	012767 	000010 	002534 		MOV #10,FLEN
    900	065702	020427 	176000 		CTYPE:	CMP R4,#176000
    901	065706	001420 				BEQ CSTSIZE
    902	065710	020427 	177400 			CMP R4,#177400
    903	065714	001424 				BEQ CLDSIZE
    904	065716	020427 	175400 			CMP R4,#175400
    905	065722	001403 				BEQ CISIZE
    906	065724	020427 	177000 			CMP R4,#177000
    907	065730	001022 				BNE CSHORT
    908	065732	032767 	000100 	002344 	CISIZE:	BIT #100,FPS
UJFP11	MACRO V05.03b  00:00  Page 1-16


    909	065740	001416 				BEQ CSHORT
    910	065742	012703 	000004 			MOV #4,R3
    911	065746	000413 				BR CSHORT
    912	065750	012703 	000014 		CSTSIZE:	MOV #14,R3
    913	065754	166703 	002456 			SUB FLEN,R3
    914	065760	010367 	002452 			MOV R3,FLEN
    915	065764	000404 				BR CSHORT
    916	065766	012703 	000014 		CLDSIZE:	MOV #14,R3
    917	065772	166703 	002440 			SUB FLEN,R3
    918	065776	016700 	002420 		CSHORT:	MOV OPCODE,R0
    919	066002	042700 	177700 			BIC #177700,R0
    920	066006	020027 	000027 			CMP R0,#27
    921	066012	001002 				BNE CSIZED
    922	066014	012703 	000002 			MOV #2,R3
    923	066020	010367 	002414 		CSIZED:	MOV R3,CLEN
    924	066024	000167 	172746 			JMP XD
    925	066030	010167 	002406 		CREG:	MOV R1,EADDR
    926	066034	020427 	176000 			CMP R4,#176000
    927	066040	001423 				BEQ CRFLOAT
    928	066042	020427 	177400 			CMP R4,#177400
    929	066046	001420 				BEQ CRFLOAT
    930	066050	004767 	174262 			JSR PC,ZBUF
    931	066054	020427 	175000 			CMP R4,#175000
    932	066060					JEQ CSTE
    933	066066	020427 	175400 			CMP R4,#175400
    934	066072					JEQ CSTI
    935	066100	011167 	002340 			MOV (R1),FBUF
    936	066104	000167 	000224 			JMP CEXEC
    937	066110	010105 			CRFLOAT:	MOV R1,R5
    938	066112	162705 	070372 			SUB #REGS,R5
    939	066116	020527 	000014 			CMP R5,#14
    940	066122	103402 				BLO CRVALID
    941	066124	000167 	001726 			JMP UNIMPL
    942	066130	006305 			CRVALID:	ASL R5
    943	066132	006305 				ASL R5
    944	066134	062705 	070312 			ADD #ACS,R5
    945	066140	010567 	002276 			MOV R5,EADDR
    946	066144	004767 	174166 			JSR PC,ZBUF
    947	066150	020427 	176000 			CMP R4,#176000
    948	066154					JEQ CSTF
    949	066162	016702 	002252 			MOV CLEN,R2
    950	066166	006202 				ASR R2
    951	066170	012701 	070444 			MOV #FBUF,R1
    952	066174	012521 			CRREAD:	MOV (R5)+,(R1)+
    953	066176	077202 				SOB R2,CRREAD
    954	066200	000167 	000130 			JMP CEXEC
    955	066204	010567 	002232 		CMEM:	MOV R5,EADDR
    956	066210	004767 	174122 			JSR PC,ZBUF
    957	066214	020427 	175000 			CMP R4,#175000
    958	066220					JEQ CSTE
    959	066226	020427 	175400 			CMP R4,#175400
    960	066232					JEQ CSTI
    961	066240	020427 	176000 			CMP R4,#176000
    962	066244					JEQ CSTF
    963	066252	012701 	070444 			MOV #FBUF,R1
    964	066256	016702 	002156 			MOV CLEN,R2
    965	066262	006202 				ASR R2
UJFP11	MACRO V05.03b  00:00  Page 1-17


    966	066264	000021 			CMREAD:	.WORD 21
    967	066266	010021 				MOV R0,(R1)+
    968	066270	077203 				SOB R2,CMREAD
    969	066272	020427 	177400 			CMP R4,#177400
    970	066276	001016 				BNE CEXEC
    971	066300	016700 	002140 			MOV FBUF,R0
    972	066304	100013 				BPL CEXEC
    973	066306	032700 	077600 			BIT #77600,R0
    974	066312	001010 				BNE CEXEC
    975	066314	032767 	004000 	001762 		BIT #4000,FPS
    976	066322	001404 				BEQ CEXEC
    977					; DEC 1983 p143: flags reflect fetched -0 even when FIUV aborts LDC.
    978	066324	004767 	174030 			JSR PC,SETCC
    979	066330	000167 	173400 			JMP FUV
    980	066334	020427 	176400 		CEXEC:	CMP R4,#176400
    981	066340					JEQ CLDE
    982	066346	020427 	177000 			CMP R4,#177000
    983	066352					JEQ CLDI
    984					; LDC F/D: canonical zero; retain the fetched -0 sign in condition codes.
    985	066360	032767 	077600 	002056 		BIT #77600,FBUF
    986	066366	001021 				BNE CROUND
    987	066370	005767 	002050 			TST FBUF
    988	066374	100003 				BPL CZLOAD
    989	066376	012767 	000010 	002102 		MOV #10,BEXP
    990	066404	004767 	173726 		CZLOAD:	JSR PC,ZBUF
    991	066410	000410 				BR CROUND
    992	066412	004767 	000250 		CSTF:	JSR PC,CGETAC
    993	066416	032767 	077600 	002020 		BIT #77600,FBUF
    994	066424	001002 				BNE CROUND
    995	066426	004767 	173704 			JSR PC,ZBUF
    996	066432	026727 	002000 	000004 	CROUND:	CMP FLEN,#4
    997	066440	001043 				BNE CREADY
    998	066442	032767 	000040 	001634 		BIT #40,FPS
    999	066450	001037 				BNE CREADY
   1000	066452	005767 	001772 			TST FBUF+4
   1001	066456	100034 				BPL CREADY
   1002	066460	016700 	001760 			MOV FBUF,R0
   1003	066464	062767 	000001 	001754 		ADD #1,FBUF+2
   1004	066472	005567 	001746 			ADC FBUF
   1005	066476	016701 	001742 			MOV FBUF,R1
   1006	066502	074100 				XOR R1,R0
   1007	066504	100021 				BPL CREADY
   1008	066506	012700 	100000 			MOV #100000,R0
   1009	066512	074067 	001726 			XOR R0,FBUF
   1010	066516	012767 	000002 	001772 		MOV #2,AOVF
   1011	066524	032767 	001000 	001552 		BIT #1000,FPS
   1012	066532	001003 				BNE CROVF
   1013	066534	004767 	173576 			JSR PC,ZBUF
   1014	066540	000403 				BR CREADY
   1015	066542	012767 	000010 	001744 	CROVF:	MOV #10,AERR
   1016	066550	020427 	176000 		CREADY:	CMP R4,#176000
   1017	066554	001403 				BEQ CFSTORE
   1018	066556	016705 	001652 			MOV ACPTR,R5
   1019	066562	000416 				BR CFCOPY
   1020	066564	016705 	001652 		CFSTORE:	MOV EADDR,R5
   1021	066570	032767 	000070 	001624 		BIT #70,OPCODE
   1022	066576	001410 				BEQ CFCOPY
UJFP11	MACRO V05.03b  00:00  Page 1-18


   1023	066600	012701 	070444 			MOV #FBUF,R1
   1024	066604	016702 	001630 			MOV CLEN,R2
   1025	066610	006202 				ASR R2
   1026	066612	004767 	173500 			JSR PC,WRITE
   1027	066616	000407 				BR CFCOM
   1028	066620	012701 	070444 		CFCOPY:	MOV #FBUF,R1
   1029	066624	016702 	001606 			MOV FLEN,R2
   1030	066630	006202 				ASR R2
   1031	066632	012125 			CFCPLP:	MOV (R1)+,(R5)+
   1032	066634	077202 				SOB R2,CFCPLP
   1033	066636	016700 	001602 		CFCOM:	MOV FBUF,R0
   1034	066642	004767 	173512 			JSR PC,SETCC
   1035	066646	056767 	001644 	001430 		BIS AOVF,FPS
   1036	066654	056767 	001626 	001422 		BIS BEXP,FPS
   1037	066662	000167 	001002 			JMP CFIN
   1038					; Copy the current precision AC into a zero-padded FBUF.
   1039	066666	016705 	001542 		CGETAC:	MOV ACPTR,R5
   1040	066672	012701 	070444 			MOV #FBUF,R1
   1041	066676	012702 	000002 			MOV #2,R2
   1042	066702	032767 	000200 	001374 		BIT #200,FPS
   1043	066710	001402 				BEQ CGLOOP
   1044	066712	012702 	000004 			MOV #4,R2
   1045	066716	012521 			CGLOOP:	MOV (R5)+,(R1)+
   1046	066720	077202 				SOB R2,CGLOOP
   1047	066722	000207 				RTS PC
   1048	066724	016767 	001514 	001554 	CLDE:	MOV FBUF,BEXP
   1049	066732	004767 	177730 			JSR PC,CGETAC
   1050	066736	016700 	001544 			MOV BEXP,R0
   1051	066742	062700 	000200 			ADD #200,R0
   1052	066746	042700 	177400 			BIC #177400,R0
   1053	066752	072027 	000007 			ASH #7,R0
   1054	066756	042767 	077600 	001460 		BIC #77600,FBUF
   1055	066764	050067 	001454 			BIS R0,FBUF
   1056	066770	026727 	001512 	000177 		CMP BEXP,#177
   1057	066776	003014 				BGT CEOVER
   1058	067000	026727 	001502 	177600 		CMP BEXP,#177600
   1059	067006	003025 				BGT CEOK
   1060	067010	032767 	002000 	001266 		BIT #2000,FPS
   1061	067016	001417 				BEQ CEZERO
   1062	067020	012767 	000012 	001466 		MOV #12,AERR
   1063	067026	000415 				BR CEOK
   1064	067030	012767 	000002 	001460 	CEOVER:	MOV #2,AOVF
   1065	067036	032767 	001000 	001240 		BIT #1000,FPS
   1066	067044	001404 				BEQ CEZERO
   1067	067046	012767 	000010 	001440 		MOV #10,AERR
   1068	067054	000402 				BR CEOK
   1069	067056	004767 	173254 		CEZERO:	JSR PC,ZBUF
   1070	067062	000167 	174730 		CEOK:	JMP ACOMIT
   1071					; Integer is left justified: short in FBUF, long in FBUF:FBUF+2.
   1072	067066	005067 	001362 		CLDI:	CLR AMAN
   1073	067072	005067 	001360 			CLR AMAN+2
   1074	067076	016767 	001344 	001354 		MOV FBUF+2,AMAN+4
   1075	067104	016767 	001334 	001350 		MOV FBUF,AMAN+6
   1076	067112	016767 	001326 	001370 		MOV FBUF,ASIGN
   1077	067120	042767 	077777 	001362 		BIC #77777,ASIGN
   1078	067126	001411 				BEQ CIZTEST
   1079	067130	005167 	001324 			COM AMAN+4
UJFP11	MACRO V05.03b  00:00  Page 1-19


   1080	067134	005167 	001322 			COM AMAN+6
   1081	067140	062767 	000001 	001312 		ADD #1,AMAN+4
   1082	067146	005567 	001310 			ADC AMAN+6
   1083	067152	016700 	001302 		CIZTEST:	MOV AMAN+4,R0
   1084	067156	056700 	001300 			BIS AMAN+6,R0
   1085	067162					JEQ AZERO
   1086	067170	012767 	000220 	001306 		MOV #144.,AEXP
   1087	067176	032767 	000100 	001100 		BIT #100,FPS
   1088	067204	001403 				BEQ CINTN
   1089	067206	012767 	000240 	001270 		MOV #160.,AEXP
   1090	067214	004767 	174660 		CINTN:	JSR PC,ARIGHT
   1091	067220	000167 	174220 			JMP ANORM
   1092	067224	017700 	001204 		CSTE:	MOV @ACPTR,R0
   1093	067230	042700 	100177 			BIC #100177,R0
   1094	067234	072027 	177771 			ASH #-7,R0
   1095	067240	162700 	000200 			SUB #200,R0
   1096	067244	010067 	001174 			MOV R0,FBUF
   1097	067250	000535 				BR CICC
   1098					; Always chop the magnitude towards zero; the most negative integer fits.
   1099	067252	016705 	001156 		CSTI:	MOV ACPTR,R5
   1100	067256	012701 	070454 			MOV #AMAN,R1
   1101	067262	004767 	000424 			JSR PC,UNPACK
   1102	067266	010367 	001216 			MOV R3,ASIGN
   1103	067272	020027 	000200 			CMP R0,#128.
   1104	067276	003520 				BLE CIZERO
   1105	067300	012701 	000220 			MOV #144.,R1
   1106	067304	032767 	000100 	000772 		BIT #100,FPS
   1107	067312	001402 				BEQ CILIMIT
   1108	067314	012701 	000240 			MOV #160.,R1
   1109	067320	020001 			CILIMIT:	CMP R0,R1
   1110	067322	003074 				BGT CIERR
   1111	067324	012704 	000277 			MOV #191.,R4
   1112	067330	160004 				SUB R0,R4
   1113	067332	004767 	174542 		CISHFT:	JSR PC,ARIGHT
   1114	067336	077403 				SOB R4,CISHFT
   1115	067340	032767 	000100 	000736 		BIT #100,FPS
   1116	067346	001011 				BNE CILONG
   1117	067350	016700 	001100 			MOV AMAN,R0
   1118	067354	005767 	001130 			TST ASIGN
   1119	067360	001421 				BEQ CIPOS
   1120	067362	020027 	100000 			CMP R0,#100000
   1121	067366	101052 				BHI CIERR
   1122	067370	000417 				BR CISIGN
   1123	067372	016700 	001060 		CILONG:	MOV AMAN+2,R0
   1124	067376	005767 	001106 			TST ASIGN
   1125	067402	001410 				BEQ CIPOS
   1126	067404	020027 	100000 			CMP R0,#100000
   1127	067410	101041 				BHI CIERR
   1128	067412	103406 				BLO CISIGN
   1129	067414	005767 	001034 			TST AMAN
   1130	067420	001035 				BNE CIERR
   1131	067422	000402 				BR CISIGN
   1132	067424	005700 			CIPOS:	TST R0
   1133	067426	100432 				BMI CIERR
   1134	067430	005767 	001054 		CISIGN:	TST ASIGN
   1135	067434	001411 				BEQ CIPACK
   1136	067436	005167 	001012 			COM AMAN
UJFP11	MACRO V05.03b  00:00  Page 1-20


   1137	067442	005167 	001010 			COM AMAN+2
   1138	067446	062767 	000001 	001000 		ADD #1,AMAN
   1139	067454	005567 	000776 			ADC AMAN+2
   1140	067460	016767 	000770 	000756 	CIPACK:	MOV AMAN,FBUF
   1141	067466	032767 	000100 	000610 		BIT #100,FPS
   1142	067474	001423 				BEQ CICC
   1143	067476	016767 	000752 	000742 		MOV AMAN,FBUF+2
   1144	067504	016767 	000746 	000732 		MOV AMAN+2,FBUF
   1145	067512	000414 				BR CICC
   1146	067514	012767 	000001 	000764 	CIERR:	MOV #1,BEXP
   1147	067522	032767 	000400 	000554 		BIT #400,FPS
   1148	067530	001403 				BEQ CIZERO
   1149	067532	012767 	000006 	000754 		MOV #6,AERR
   1150	067540	004767 	172572 		CIZERO:	JSR PC,ZBUF
   1151	067544	005767 	000674 		CICC:	TST FBUF
   1152	067550	100003 				BPL CIZFLAG
   1153	067552	052767 	000010 	000726 		BIS #10,BEXP
   1154	067560	016700 	000660 		CIZFLAG:	MOV FBUF,R0
   1155	067564	056700 	000656 			BIS FBUF+2,R0
   1156	067570	001003 				BNE CISTORE
   1157	067572	052767 	000004 	000706 		BIS #4,BEXP
   1158	067600	016705 	000636 		CISTORE:	MOV EADDR,R5
   1159	067604	032767 	000070 	000610 		BIT #70,OPCODE
   1160	067612	001003 				BNE CIMEM
   1161	067614	016715 	000624 			MOV FBUF,(R5)
   1162	067620	000407 				BR CICOM
   1163	067622	012701 	070444 		CIMEM:	MOV #FBUF,R1
   1164	067626	016702 	000606 			MOV CLEN,R2
   1165	067632	006202 				ASR R2
   1166	067634	004767 	172456 			JSR PC,WRITE
   1167					; Both FPS and CPU NZVC commit only after all operand stores succeed.
   1168	067640	042767 	000017 	000544 	CICOM:	BIC #17,REGS+20
   1169	067646	056767 	000634 	000536 		BIS BEXP,REGS+20
   1170	067654	042767 	000017 	000422 		BIC #17,FPS
   1171	067662	056767 	000620 	000414 		BIS BEXP,FPS
   1172	067670	004767 	171460 		CFIN:	JSR PC,UPD
   1173	067674	016700 	000614 			MOV AERR,R0
   1174	067700					JNE FPERR
   1175	067706	000167 	000302 			JMP RETURN
   1176					; R5=raw operand, R1=64-bit output; returns R0=exponent, R3=sign.
   1177					; Exponent-zero encodings become exact positive zero before arithmetic.
   1178	067712	012500 			UNPACK:	MOV (R5)+,R0
   1179	067714	010003 				MOV R0,R3
   1180	067716	042703 	077777 			BIC #77777,R3
   1181	067722	010061 	000006 			MOV R0,6(R1)
   1182	067726	042761 	177600 	000006 		BIC #177600,6(R1)
   1183	067734	052761 	000200 	000006 		BIS #200,6(R1)
   1184	067742	042700 	100177 			BIC #100177,R0
   1185	067746	072027 	177771 			ASH #-7,R0
   1186	067752	012561 	000004 			MOV (R5)+,4(R1)
   1187	067756	005061 	000002 			CLR 2(R1)
   1188	067762	005011 				CLR (R1)
   1189	067764	032767 	000200 	000312 		BIT #200,FPS
   1190	067772	001403 				BEQ UPZERO
   1191	067774	012561 	000002 			MOV (R5)+,2(R1)
   1192	070000	011511 				MOV (R5),(R1)
   1193	070002	005700 			UPZERO:	TST R0
UJFP11	MACRO V05.03b  00:00  Page 1-21


   1194	070004	001011 				BNE UPSHFT
   1195	070006	005011 				CLR (R1)
   1196	070010	005061 	000002 			CLR 2(R1)
   1197	070014	005061 	000004 			CLR 4(R1)
   1198	070020	005061 	000006 			CLR 6(R1)
   1199	070024	005003 				CLR R3
   1200	070026	000207 				RTS PC
   1201	070030	012702 	000007 		UPSHFT:	MOV #7,R2
   1202	070034	006311 			UPLOOP:	ASL (R1)
   1203	070036	006161 	000002 			ROL 2(R1)
   1204	070042	006161 	000004 			ROL 4(R1)
   1205	070046	006161 	000006 			ROL 6(R1)
   1206	070052	077210 				SOB R2,UPLOOP
   1207	070054	000207 				RTS PC
   1208					; Reserved controls and invalid AC6/AC7 encodings report illegal FP opcode.
   1209	070056	012700 	000002 		UNIMPL:	MOV #2,R0
   1210	070062	010067 	000220 		FPERR:	MOV R0,FEC
   1211	070066	016767 	000326 	000214 		MOV OPADDR,FEA
   1212	070074	052767 	100000 	000202 		BIS #100000,FPS
   1213	070102	032767 	040000 	000174 		BIT #40000,FPS
   1214	070110					JNE RETURN
   1215	070116	012767 	000244 	000300 		MOV #244,TVEC
   1216	070124	000406 				BR TRAP
   1217	070126	005767 	000274 		BUSERR:	TST INTRAP
   1218	070132	001063 				BNE FATAL
   1219	070134	012767 	000004 	000262 		MOV #4,TVEC
   1220					; Construct the usual unbanked CPU frame: PSW then PC, then read the vector.
   1221					; A fault during this construction is terminal, as with the base CPU.
   1222	070142	012767 	000001 	000256 	TRAP:	MOV #1,INTRAP
   1223	070150	016705 	000232 			MOV REGS+14,R5
   1224	070154	016700 	000232 			MOV REGS+20,R0
   1225	070160	000031 				.WORD 31
   1226	070162	016700 	000222 			MOV REGS+16,R0
   1227	070166	000031 				.WORD 31
   1228	070170	010567 	000212 			MOV R5,REGS+14
   1229	070174	016705 	000224 			MOV TVEC,R5
   1230	070200	000021 				.WORD 21
   1231	070202	010067 	000202 			MOV R0,REGS+16
   1232	070206	000021 				.WORD 21
   1233	070210	010067 	000176 			MOV R0,REGS+20
   1234	070214	016737 	000174 	000004 	RETURN:	MOV OLDVEC,@#4
   1235	070222	016737 	000170 	000006 		MOV OLDVEC+2,@#6
   1236	070230	016737 	000154 	000100 		MOV REGS+16,@#CPC
   1237	070236	016737 	000150 	000102 		MOV REGS+20,@#CPSW
   1238	070244	016700 	000122 			MOV REGS,R0
   1239	070250	016701 	000120 			MOV REGS+2,R1
   1240	070254	016702 	000116 			MOV REGS+4,R2
   1241	070260	016703 	000114 			MOV REGS+6,R3
   1242	070264	016704 	000112 			MOV REGS+10,R4
   1243	070270	016705 	000110 			MOV REGS+12,R5
   1244	070274	016706 	000106 			MOV REGS+14,SP
   1245	070300	000010 				.WORD 10
   1246	070302	000000 			FATAL:	HALT
   1247					; Mutable state is excluded from the retained image checksum.
   1248	070304				IMMEND:
   1249	070304				FPS:	.BLKW 1
   1250	070306				FEC:	.BLKW 1
UJFP11	MACRO V05.03b  00:00  Page 1-22


   1251	070310				FEA:	.BLKW 1
   1252	070312				ACS:	.BLKW 24.
   1253	070372				REGS:	.BLKW 9.
   1254	070414				OLDVEC:	.BLKW 2
   1255	070420				OPADDR:	.BLKW 1
   1256	070422				OPCODE:	.BLKW 1
   1257	070424				TVEC:	.BLKW 1
   1258	070426				INTRAP:	.BLKW 1
   1259	070430				CHGPTR:	.BLKW 1
   1260	070432				CHGVAL:	.BLKW 1
   1261	070434				ACPTR:	.BLKW 1
   1262	070436				FLEN:	.BLKW 1
   1263	070440				CLEN:	.BLKW 1
   1264	070442				EADDR:	.BLKW 1
   1265	070444				FBUF:	.BLKW 4
   1266	070454				AMAN:	.BLKW 4
   1267	070464				BMAN:	.BLKW 4
   1268	070474				PMAN:	.BLKW 4
   1269	070504				AEXP:	.BLKW 1
   1270	070506				BEXP:	.BLKW 1
   1271	070510				ASIGN:	.BLKW 1
   1272	070512				BSIGN:	.BLKW 1
   1273	070514				AERR:	.BLKW 1
   1274	070516				AOVF:	.BLKW 1
   1275	070520				STACK:	.BLKW 64.
   1276	070720				STKTOP:
   1277	070720				MEMEND:
   1278		060000 				.END INIT
UJFP11	MACRO V05.03b  00:00  Page 1-23
Symbol table

AA1     063232   	CEZERO  067056   	CRREAD  066174   	FMEM    061602   	MSPLIT  065112
AA2     063254   	CFAIL   060140   	CRVALI  066130   	FPERR   070062   	MWHOLE  065132
AA3     063270   	CFCC    060514   	CSHORT  065776   	FPS     070304   	MZERO   065374
ACARRY  063502   	CFCOM   066636   	CSIGN   062464   	FPSMSK= 147757   	MZINT   065420
ACMPL   062772   	CFCOPY  066620   	CSIZE   065614   	FRCEND  061520   	MZLOOP  065446
ACOMIT  064016   	CFCPLP  066632   	CSIZED  066020   	FRCOPY  061476   	OLDVEC  070414
ACPTR   070434   	CFIN    067670   	CSRC    062432   	FREAD   061646   	OPADDR  070420
ACS     070312   	CFSTOR  066564   	CSTE    067224   	FREG    061416   	OPCODE  070422
ADIV    064416   	CGETAC  066666   	CSTF    066412   	FREGIN  061536   	PENDIN  061404
AERR    070514   	CGLOOP  066716   	CSTI    067252   	FRIN    061572   	PMAN    070474
AEXP    070504   	CHANGE  061372   	CSTSIZ  065750   	FRLOAD  061464   	REG     061030
AFROUN  063574   	CHGPTR  070430   	CTYPE   065702   	FRRET   061532   	REGS    070372
ALIGNE  063162   	CHGVAL  070432   	CZERO   062540   	FRVALI  061436   	REGSAV  061116
AMAN    070454   	CICC    067544   	CZLOAD  066404   	FSET    060704   	REGST   061100
AMULT   064124   	CICOM   067640   	DBGH    060010   	FSIZE   060750   	RETURN  070214
ANORM   063444   	CIERR   067514   	DCMPL   064556   	FSTORE  062276   	ROLD    061042
AOVER   063764   	CILIMI  067320   	DLOOP   064522   	FUV     061734   	SETCC   062360
AOVF    070516   	CILONG  067372   	DNEXT   064710   	FUVCC   061730   	SETD    060566
APACK   063634   	CIMEM   067622   	DNONZ   064440   	FUWR    061750   	SETF    060542
APSHFT  063640   	CINTN   067214   	DSUB    064566   	FWRITE  062322   	SETI    060554
ARCARR  063616   	CIPACK  067460   	DS1     064632   	FZERO   062400   	SETL    060600
AREADY  063064   	CIPOS   067424   	DS2     064662   	IMMEND  070304   	SIGN    060004
ARES    064034   	CISHFT  067332   	DS3     064676   	IMMLEN  060754   	STACK   070520
ARIGHT  064100   	CISIGN  067430   	EA      061230   	INDIRE  061224   	STKTOP  070720
ARITH   062602   	CISIZE  065732   	EADDEF  061164   	INIT    060000   	STORE1  061316
AROUND  063520   	CISTOR  067600   	EADDR   070442   	INTRAP  070426   	TRAP    070142
ASHIFT  063136   	CIZERO  067540   	EADEC   061152   	MAND    065324   	TVEC    070424
ASIGN   070510   	CIZFLA  067560   	EAIDX   061200   	MA1     064304   	UNEG    062136
ASORT   062744   	CIZTES  067152   	EAIDXD  061200   	MA2     064326   	UNIMPL  070056
ASUB    063300   	CLDE    066724   	EAINC   061124   	MA3     064342   	UNPACK  067712
ASWAP   063004   	CLDI    067066   	EAIND   061136   	MDINIT  064772   	UPD     061354
ASWPL   063020   	CLDSIZ  065766   	EAOLD   061242   	MDONE   064740   	UPLOOP  070034
AS1     063344   	CLEN    070440   	EATAB   061010   	MEMEND  070720   	UPSHFT  070030
AS2     063374   	CLESS   062546   	ENTER   060146   	MEMST   061300   	UPZERO  070002
AS3     063410   	CLOOP   062504   	FATAL   070302   	MICOPY  065606   	URCOPY  062174
AZERO   064012   	CMEM    066204   	FBUF    070444   	MIPACK  065510   	URET    061370
BEXP    070506   	CMREAD  066264   	FCCRET  062414   	MIRET   065452   	USIGN   062120
BMAN    070464   	COLD    060022   	FCOMP   062416   	MISHFT  065524   	USTORE  062202
BRIGHT  065024   	COMMIT  061344   	FCOPY   062250   	MLIMIT  065202   	UWRITE  062146
BSIGN   070512   	CPC   = 000100   	FCOPY1  062256   	MLOOP   064246   	WRITE   062316
BUSERR  070126   	CPSW  = 000102   	FEA     070310   	MMASK   065220   	XD      060776
CAC     062450   	CREADY  066550   	FEC     070306   	MMLOOP  065260   	XFER    060612
CDONE   062554   	CREG    066030   	FEXEC   061764   	MNORM   065050   	XOLD    060662
CEOK    067062   	CRFLOA  066110   	FFLAGS  062212   	MPINT   065454   	ZBUF    062336
CEOVER  067030   	CROUND  066432   	FLEN    070436   	MRIGHT  064350   	ZEROS   062572
CEXEC   066334   	CROVF   066542   	FLOAD   062240   	MSHIFT  064174

. ABS.	070720    000	(RW,I,GBL,ABS,OVR)
      	000000    001	(RW,I,LCL,REL,CON)
Errors detected:  0

*** Assembler statistics


Work  file  reads: 0
Work  file writes: 0
Size of work file: 188 Words  ( 1 Pages)
UJFP11	MACRO V05.03b  00:00  Page 1-24
Symbol table

Size of core pool: 10240 Words  ( 40 Pages)
Operating  system: RT-11

Elapsed time: 00:00:00.05
FP11,FP11=FP11
                                                                                                                                                                                               