
Loading design for application trce from file cp30d_impl1.ncd.
Design name: uj11_hc1200_microcomp
NCD version: 3.3
Vendor:      LATTICE
Device:      LCMXO2-1200HC
Package:     QFN32
Performance: 4
Loading device for application trce from file 'xo2c1200.nph' in environment: /home/sash/.local/lscc/diamond/3.14/ispfpga.
Package Status:                     Final          Version 1.44.
Performance Hardware Data Status:   Final          Version 36.4.
Setup and Hold Report

--------------------------------------------------------------------------------
Lattice TRACE Report - Setup, Version Diamond (64-bit) 3.14.0.75.2
Thu Sep 10 01:53:18 2026

Copyright (c) 1991-1994 by NeoCAD Inc. All rights reserved.
Copyright (c) 1995 AT&T Corp.   All rights reserved.
Copyright (c) 1995-2001 Lucent Technologies Inc.  All rights reserved.
Copyright (c) 2001 Agere Systems   All rights reserved.
Copyright (c) 2002-2024 Lattice Semiconductor Corporation,  All rights reserved.

Report Information
------------------
Command line:    trce -v 10 -c -u 0 -gt -sethld -sp 4 -sphld m -o cp30d_impl1.twr cp30d_impl1.ncd cp30d_impl1.prf 
Design file:     cp30d_impl1.ncd
Preference file: cp30d_impl1.prf
Device,speed:    LCMXO2-1200HC,4
Report level:    verbose report, limited to 10 items per preference
--------------------------------------------------------------------------------

BLOCK ASYNCPATHS
BLOCK RESETPATHS
--------------------------------------------------------------------------------



================================================================================
Preference: FREQUENCY NET "clk" 29.560000 MHz ;
            4096 items scored, 0 timing errors detected.
--------------------------------------------------------------------------------


Passed: The following path meets requirements by 1.864ns

 Logical Details:  Cell type  Pin type       Cell/ASIC name  (clock net +/-)

   Source:         DP8KC      Port           system/cpu/engine/rom/lane_2(ASIC)  (from clk +)
   Destination:    DP8KC      Port           system/cpu/engine/rom/lane_1(ASIC)  (to clk +)

   Delay:              31.991ns  (38.8% logic, 61.2% route), 16 logic levels.

 Constraint Details:

     31.991ns physical path delay system/cpu/engine/rom/lane_2 to system/cpu/engine/rom/lane_1 meets
     33.829ns delay constraint less
      0.000ns skew and
     -0.026ns ADDR_SET requirement (totaling 33.855ns) by 1.864ns

 Physical Path Details:

      Data path system/cpu/engine/rom/lane_2 to system/cpu/engine/rom/lane_1:

   Name    Fanout   Delay (ns)          Site               Resource
C2Q_DEL     ---     4.979 EBR_R6C17.CLKA to EBR_R6C17.DOA8 system/cpu/engine/rom/lane_2 (from clk)
ROUTE         4     1.818 EBR_R6C17.DOA8 to      R7C13C.D1 system/cpu/engine/a_select_2[0]
CTOF_DEL    ---     0.495      R7C13C.D1 to      R7C13C.F1 system/cpu/engine/SLICE_330
ROUTE         1     0.967      R7C13C.F1 to      R7C13C.A0 system/cpu/engine/un6_select_register[0]
CTOF_DEL    ---     0.495      R7C13C.A0 to      R7C13C.F0 system/cpu/engine/SLICE_330
ROUTE        16     1.508      R7C13C.F0 to      R7C16B.A1 system/cpu/engine/select_register_5[0]
CTOF_DEL    ---     0.495      R7C16B.A1 to      R7C16B.F1 system/cpu/engine/dp/rf/words_ram_1/SLICE_46
ROUTE        10     1.473      R7C16B.F1 to      R9C18C.B0 system/address[11]
CTOF_DEL    ---     0.495      R9C18C.B0 to      R9C18C.F0 system/SLICE_597
ROUTE         2     0.753      R9C18C.F0 to      R9C17A.C0 system/bus/rk_selected_2
CTOF_DEL    ---     0.495      R9C17A.C0 to      R9C17A.F0 system/bus/SLICE_449
ROUTE         7     1.196      R9C17A.F0 to     R10C14D.D1 system/bus/rk_selected_3
CTOF_DEL    ---     0.495     R10C14D.D1 to     R10C14D.F1 system/bus/SLICE_428
ROUTE         5     0.975     R10C14D.F1 to     R10C17D.D0 system/bus/rk_ds_selecteddupdup
CTOF_DEL    ---     0.495     R10C17D.D0 to     R10C17D.F0 system/SLICE_430
ROUTE         5     0.669     R10C17D.F0 to     R10C16C.D0 system/rk_fixed_selecteddupdup
CTOF_DEL    ---     0.495     R10C16C.D0 to     R10C16C.F0 system/SLICE_308
ROUTE         2     0.976     R10C16C.F0 to     R10C16C.A1 system/acknowledge_4dupdup
CTOF_DEL    ---     0.495     R10C16C.A1 to     R10C16C.F1 system/SLICE_308
ROUTE         5     2.080     R10C16C.F1 to      R2C10D.B1 system/cpu/engine/un1_mem_ack_fc_0dup
CTOF_DEL    ---     0.495      R2C10D.B1 to      R2C10D.F1 system/cpu/engine/SLICE_463
ROUTE         6     0.999      R2C10D.F1 to      R4C10B.D0 system/cpu/engine/fault_redirectdup
CTOF_DEL    ---     0.495      R4C10B.D0 to      R4C10B.F0 system/cpu/engine/seq/SLICE_311
ROUTE         8     1.956      R4C10B.F0 to      R3C15C.A1 system/cpu/engine/seq/next_address_1_sqmuxa_1
CTOF_DEL    ---     0.495      R3C15C.A1 to      R3C15C.F1 system/cpu/engine/seq/SLICE_484
ROUTE         1     0.436      R3C15C.F1 to      R3C15C.C0 system/cpu/engine/seq/next_address_0_iv_0[7]
CTOF_DEL    ---     0.495      R3C15C.C0 to      R3C15C.F0 system/cpu/engine/seq/SLICE_484
ROUTE         1     0.747      R3C15C.F0 to      R3C15B.C0 system/cpu/engine/seq/next_address_0_iv_2[7]
CTOF_DEL    ---     0.495      R3C15B.C0 to      R3C15B.F0 system/cpu/engine/seq/SLICE_468
ROUTE         1     0.693      R3C15B.F0 to      R3C15A.B1 system/cpu/engine/seq/next_address_0_iv_5[7]
CTOF_DEL    ---     0.495      R3C15A.B1 to      R3C15A.F1 system/cpu/engine/seq/SLICE_223
ROUTE         5     2.341      R3C15A.F1 to EBR_R6C4.ADA10 system/cpu/engine/next_address[7] (to clk)
                  --------
                   31.991   (38.8% logic, 61.2% route), 16 logic levels.

 Clock Skew Details: 

      Source Clock Path oscillator to system/cpu/engine/rom/lane_2:

   Name    Fanout   Delay (ns)          Site               Resource
ROUTE       238     3.714        OSC.OSC to EBR_R6C17.CLKA clk
                  --------
                    3.714   (0.0% logic, 100.0% route), 0 logic levels.

      Destination Clock Path oscillator to system/cpu/engine/rom/lane_1:

   Name    Fanout   Delay (ns)          Site               Resource
ROUTE       238     3.714        OSC.OSC to  EBR_R6C4.CLKA clk
                  --------
                    3.714   (0.0% logic, 100.0% route), 0 logic levels.


Passed: The following path meets requirements by 1.900ns

 Logical Details:  Cell type  Pin type       Cell/ASIC name  (clock net +/-)

   Source:         DP8KC      Port           system/cpu/engine/rom/lane_2(ASIC)  (from clk +)
   Destination:    DP8KC      Port           system/cpu/engine/rom/lane_1(ASIC)  (to clk +)

   Delay:              31.955ns  (38.8% logic, 61.2% route), 16 logic levels.

 Constraint Details:

     31.955ns physical path delay system/cpu/engine/rom/lane_2 to system/cpu/engine/rom/lane_1 meets
     33.829ns delay constraint less
      0.000ns skew and
     -0.026ns ADDR_SET requirement (totaling 33.855ns) by 1.900ns

 Physical Path Details:

      Data path system/cpu/engine/rom/lane_2 to system/cpu/engine/rom/lane_1:

   Name    Fanout   Delay (ns)          Site               Resource
C2Q_DEL     ---     4.979 EBR_R6C17.CLKA to EBR_R6C17.DOA8 system/cpu/engine/rom/lane_2 (from clk)
ROUTE         4     1.818 EBR_R6C17.DOA8 to      R7C13C.D1 system/cpu/engine/a_select_2[0]
CTOF_DEL    ---     0.495      R7C13C.D1 to      R7C13C.F1 system/cpu/engine/SLICE_330
ROUTE         1     0.967      R7C13C.F1 to      R7C13C.A0 system/cpu/engine/un6_select_register[0]
CTOF_DEL    ---     0.495      R7C13C.A0 to      R7C13C.F0 system/cpu/engine/SLICE_330
ROUTE        16     1.508      R7C13C.F0 to      R7C16B.A0 system/cpu/engine/select_register_5[0]
CTOF_DEL    ---     0.495      R7C16B.A0 to      R7C16B.F0 system/cpu/engine/dp/rf/words_ram_1/SLICE_46
ROUTE        12     1.437      R7C16B.F0 to      R9C18C.D0 system/address[10]
CTOF_DEL    ---     0.495      R9C18C.D0 to      R9C18C.F0 system/SLICE_597
ROUTE         2     0.753      R9C18C.F0 to      R9C17A.C0 system/bus/rk_selected_2
CTOF_DEL    ---     0.495      R9C17A.C0 to      R9C17A.F0 system/bus/SLICE_449
ROUTE         7     1.196      R9C17A.F0 to     R10C14D.D1 system/bus/rk_selected_3
CTOF_DEL    ---     0.495     R10C14D.D1 to     R10C14D.F1 system/bus/SLICE_428
ROUTE         5     0.975     R10C14D.F1 to     R10C17D.D0 system/bus/rk_ds_selecteddupdup
CTOF_DEL    ---     0.495     R10C17D.D0 to     R10C17D.F0 system/SLICE_430
ROUTE         5     0.669     R10C17D.F0 to     R10C16C.D0 system/rk_fixed_selecteddupdup
CTOF_DEL    ---     0.495     R10C16C.D0 to     R10C16C.F0 system/SLICE_308
ROUTE         2     0.976     R10C16C.F0 to     R10C16C.A1 system/acknowledge_4dupdup
CTOF_DEL    ---     0.495     R10C16C.A1 to     R10C16C.F1 system/SLICE_308
ROUTE         5     2.080     R10C16C.F1 to      R2C10D.B1 system/cpu/engine/un1_mem_ack_fc_0dup
CTOF_DEL    ---     0.495      R2C10D.B1 to      R2C10D.F1 system/cpu/engine/SLICE_463
ROUTE         6     0.999      R2C10D.F1 to      R4C10B.D0 system/cpu/engine/fault_redirectdup
CTOF_DEL    ---     0.495      R4C10B.D0 to      R4C10B.F0 system/cpu/engine/seq/SLICE_311
ROUTE         8     1.956      R4C10B.F0 to      R3C15C.A1 system/cpu/engine/seq/next_address_1_sqmuxa_1
CTOF_DEL    ---     0.495      R3C15C.A1 to      R3C15C.F1 system/cpu/engine/seq/SLICE_484
ROUTE         1     0.436      R3C15C.F1 to      R3C15C.C0 system/cpu/engine/seq/next_address_0_iv_0[7]
CTOF_DEL    ---     0.495      R3C15C.C0 to      R3C15C.F0 system/cpu/engine/seq/SLICE_484
ROUTE         1     0.747      R3C15C.F0 to      R3C15B.C0 system/cpu/engine/seq/next_address_0_iv_2[7]
CTOF_DEL    ---     0.495      R3C15B.C0 to      R3C15B.F0 system/cpu/engine/seq/SLICE_468
ROUTE         1     0.693      R3C15B.F0 to      R3C15A.B1 system/cpu/engine/seq/next_address_0_iv_5[7]
CTOF_DEL    ---     0.495      R3C15A.B1 to      R3C15A.F1 system/cpu/engine/seq/SLICE_223
ROUTE         5     2.341      R3C15A.F1 to EBR_R6C4.ADA10 system/cpu/engine/next_address[7] (to clk)
                  --------
                   31.955   (38.8% logic, 61.2% route), 16 logic levels.

 Clock Skew Details: 

      Source Clock Path oscillator to system/cpu/engine/rom/lane_2:

   Name    Fanout   Delay (ns)          Site               Resource
ROUTE       238     3.714        OSC.OSC to EBR_R6C17.CLKA clk
                  --------
                    3.714   (0.0% logic, 100.0% route), 0 logic levels.

      Destination Clock Path oscillator to system/cpu/engine/rom/lane_1:

   Name    Fanout   Delay (ns)          Site               Resource
ROUTE       238     3.714        OSC.OSC to  EBR_R6C4.CLKA clk
                  --------
                    3.714   (0.0% logic, 100.0% route), 0 logic levels.


Passed: The following path meets requirements by 1.902ns

 Logical Details:  Cell type  Pin type       Cell/ASIC name  (clock net +/-)

   Source:         DP8KC      Port           system/cpu/engine/rom/lane_2(ASIC)  (from clk +)
   Destination:    DP8KC      Port           system/cpu/engine/rom/lane_1(ASIC)  (to clk +)

   Delay:              31.953ns  (38.8% logic, 61.2% route), 16 logic levels.

 Constraint Details:

     31.953ns physical path delay system/cpu/engine/rom/lane_2 to system/cpu/engine/rom/lane_1 meets
     33.829ns delay constraint less
      0.000ns skew and
     -0.026ns ADDR_SET requirement (totaling 33.855ns) by 1.902ns

 Physical Path Details:

      Data path system/cpu/engine/rom/lane_2 to system/cpu/engine/rom/lane_1:

   Name    Fanout   Delay (ns)          Site               Resource
C2Q_DEL     ---     4.979 EBR_R6C17.CLKA to EBR_R6C17.DOA8 system/cpu/engine/rom/lane_2 (from clk)
ROUTE         4     1.818 EBR_R6C17.DOA8 to      R7C13C.D1 system/cpu/engine/a_select_2[0]
CTOF_DEL    ---     0.495      R7C13C.D1 to      R7C13C.F1 system/cpu/engine/SLICE_330
ROUTE         1     0.967      R7C13C.F1 to      R7C13C.A0 system/cpu/engine/un6_select_register[0]
CTOF_DEL    ---     0.495      R7C13C.A0 to      R7C13C.F0 system/cpu/engine/SLICE_330
ROUTE        16     1.508      R7C13C.F0 to      R7C16A.A1 system/cpu/engine/select_register_5[0]
CTOF_DEL    ---     0.495      R7C16A.A1 to      R7C16A.F1 system/cpu/engine/dp/rf/words_ram_1/SLICE_45
ROUTE        13     1.435      R7C16A.F1 to      R9C18C.A0 system/address[9]
CTOF_DEL    ---     0.495      R9C18C.A0 to      R9C18C.F0 system/SLICE_597
ROUTE         2     0.753      R9C18C.F0 to      R9C17A.C0 system/bus/rk_selected_2
CTOF_DEL    ---     0.495      R9C17A.C0 to      R9C17A.F0 system/bus/SLICE_449
ROUTE         7     1.196      R9C17A.F0 to     R10C14D.D1 system/bus/rk_selected_3
CTOF_DEL    ---     0.495     R10C14D.D1 to     R10C14D.F1 system/bus/SLICE_428
ROUTE         5     0.975     R10C14D.F1 to     R10C17D.D0 system/bus/rk_ds_selecteddupdup
CTOF_DEL    ---     0.495     R10C17D.D0 to     R10C17D.F0 system/SLICE_430
ROUTE         5     0.669     R10C17D.F0 to     R10C16C.D0 system/rk_fixed_selecteddupdup
CTOF_DEL    ---     0.495     R10C16C.D0 to     R10C16C.F0 system/SLICE_308
ROUTE         2     0.976     R10C16C.F0 to     R10C16C.A1 system/acknowledge_4dupdup
CTOF_DEL    ---     0.495     R10C16C.A1 to     R10C16C.F1 system/SLICE_308
ROUTE         5     2.080     R10C16C.F1 to      R2C10D.B1 system/cpu/engine/un1_mem_ack_fc_0dup
CTOF_DEL    ---     0.495      R2C10D.B1 to      R2C10D.F1 system/cpu/engine/SLICE_463
ROUTE         6     0.999      R2C10D.F1 to      R4C10B.D0 system/cpu/engine/fault_redirectdup
CTOF_DEL    ---     0.495      R4C10B.D0 to      R4C10B.F0 system/cpu/engine/seq/SLICE_311
ROUTE         8     1.956      R4C10B.F0 to      R3C15C.A1 system/cpu/engine/seq/next_address_1_sqmuxa_1
CTOF_DEL    ---     0.495      R3C15C.A1 to      R3C15C.F1 system/cpu/engine/seq/SLICE_484
ROUTE         1     0.436      R3C15C.F1 to      R3C15C.C0 system/cpu/engine/seq/next_address_0_iv_0[7]
CTOF_DEL    ---     0.495      R3C15C.C0 to      R3C15C.F0 system/cpu/engine/seq/SLICE_484
ROUTE         1     0.747      R3C15C.F0 to      R3C15B.C0 system/cpu/engine/seq/next_address_0_iv_2[7]
CTOF_DEL    ---     0.495      R3C15B.C0 to      R3C15B.F0 system/cpu/engine/seq/SLICE_468
ROUTE         1     0.693      R3C15B.F0 to      R3C15A.B1 system/cpu/engine/seq/next_address_0_iv_5[7]
CTOF_DEL    ---     0.495      R3C15A.B1 to      R3C15A.F1 system/cpu/engine/seq/SLICE_223
ROUTE         5     2.341      R3C15A.F1 to EBR_R6C4.ADA10 system/cpu/engine/next_address[7] (to clk)
                  --------
                   31.953   (38.8% logic, 61.2% route), 16 logic levels.

 Clock Skew Details: 

      Source Clock Path oscillator to system/cpu/engine/rom/lane_2:

   Name    Fanout   Delay (ns)          Site               Resource
ROUTE       238     3.714        OSC.OSC to EBR_R6C17.CLKA clk
                  --------
                    3.714   (0.0% logic, 100.0% route), 0 logic levels.

      Destination Clock Path oscillator to system/cpu/engine/rom/lane_1:

   Name    Fanout   Delay (ns)          Site               Resource
ROUTE       238     3.714        OSC.OSC to  EBR_R6C4.CLKA clk
                  --------
                    3.714   (0.0% logic, 100.0% route), 0 logic levels.


Passed: The following path meets requirements by 2.000ns

 Logical Details:  Cell type  Pin type       Cell/ASIC name  (clock net +/-)

   Source:         DP8KC      Port           system/cpu/engine/rom/lane_2(ASIC)  (from clk +)
   Destination:    DP8KC      Port           system/cpu/engine/rom/lane_1(ASIC)  (to clk +)

   Delay:              31.855ns  (38.9% logic, 61.1% route), 16 logic levels.

 Constraint Details:

     31.855ns physical path delay system/cpu/engine/rom/lane_2 to system/cpu/engine/rom/lane_1 meets
     33.829ns delay constraint less
      0.000ns skew and
     -0.026ns ADDR_SET requirement (totaling 33.855ns) by 2.000ns

 Physical Path Details:

      Data path system/cpu/engine/rom/lane_2 to system/cpu/engine/rom/lane_1:

   Name    Fanout   Delay (ns)          Site               Resource
C2Q_DEL     ---     4.979 EBR_R6C17.CLKA to EBR_R6C17.DOA8 system/cpu/engine/rom/lane_2 (from clk)
ROUTE         4     1.818 EBR_R6C17.DOA8 to      R7C13C.D1 system/cpu/engine/a_select_2[0]
CTOF_DEL    ---     0.495      R7C13C.D1 to      R7C13C.F1 system/cpu/engine/SLICE_330
ROUTE         1     0.967      R7C13C.F1 to      R7C13C.A0 system/cpu/engine/un6_select_register[0]
CTOF_DEL    ---     0.495      R7C13C.A0 to      R7C13C.F0 system/cpu/engine/SLICE_330
ROUTE        16     1.508      R7C13C.F0 to      R7C16B.A1 system/cpu/engine/select_register_5[0]
CTOF_DEL    ---     0.495      R7C16B.A1 to      R7C16B.F1 system/cpu/engine/dp/rf/words_ram_1/SLICE_46
ROUTE        10     1.473      R7C16B.F1 to      R9C18C.B0 system/address[11]
CTOF_DEL    ---     0.495      R9C18C.B0 to      R9C18C.F0 system/SLICE_597
ROUTE         2     0.753      R9C18C.F0 to      R9C17A.C0 system/bus/rk_selected_2
CTOF_DEL    ---     0.495      R9C17A.C0 to      R9C17A.F0 system/bus/SLICE_449
ROUTE         7     1.196      R9C17A.F0 to     R10C14D.D1 system/bus/rk_selected_3
CTOF_DEL    ---     0.495     R10C14D.D1 to     R10C14D.F1 system/bus/SLICE_428
ROUTE         5     0.975     R10C14D.F1 to     R10C17D.D0 system/bus/rk_ds_selecteddupdup
CTOF_DEL    ---     0.495     R10C17D.D0 to     R10C17D.F0 system/SLICE_430
ROUTE         5     0.669     R10C17D.F0 to     R10C16C.D0 system/rk_fixed_selecteddupdup
CTOF_DEL    ---     0.495     R10C16C.D0 to     R10C16C.F0 system/SLICE_308
ROUTE         2     0.976     R10C16C.F0 to     R10C16C.A1 system/acknowledge_4dupdup
CTOF_DEL    ---     0.495     R10C16C.A1 to     R10C16C.F1 system/SLICE_308
ROUTE         5     2.080     R10C16C.F1 to      R2C10D.B1 system/cpu/engine/un1_mem_ack_fc_0dup
CTOF_DEL    ---     0.495      R2C10D.B1 to      R2C10D.F1 system/cpu/engine/SLICE_463
ROUTE         6     0.999      R2C10D.F1 to      R4C10B.D0 system/cpu/engine/fault_redirectdup
CTOF_DEL    ---     0.495      R4C10B.D0 to      R4C10B.F0 system/cpu/engine/seq/SLICE_311
ROUTE         8     1.546      R4C10B.F0 to      R4C15D.D1 system/cpu/engine/seq/next_address_1_sqmuxa_1
CTOF_DEL    ---     0.495      R4C15D.D1 to      R4C15D.F1 system/cpu/engine/seq/SLICE_483
ROUTE         1     0.436      R4C15D.F1 to      R4C15D.C0 system/cpu/engine/seq/next_address_0_iv_0[6]
CTOF_DEL    ---     0.495      R4C15D.C0 to      R4C15D.F0 system/cpu/engine/seq/SLICE_483
ROUTE         1     0.747      R4C15D.F0 to      R4C15B.C0 system/cpu/engine/seq/next_address_0_iv_2[6]
CTOF_DEL    ---     0.495      R4C15B.C0 to      R4C15B.F0 system/cpu/engine/seq/SLICE_467
ROUTE         1     0.964      R4C15B.F0 to      R3C15A.A0 system/cpu/engine/seq/next_address_0_iv_5[6]
CTOF_DEL    ---     0.495      R3C15A.A0 to      R3C15A.F0 system/cpu/engine/seq/SLICE_223
ROUTE         5     2.344      R3C15A.F0 to  EBR_R6C4.ADA9 system/cpu/engine/next_address[6] (to clk)
                  --------
                   31.855   (38.9% logic, 61.1% route), 16 logic levels.

 Clock Skew Details: 

      Source Clock Path oscillator to system/cpu/engine/rom/lane_2:

   Name    Fanout   Delay (ns)          Site               Resource
ROUTE       238     3.714        OSC.OSC to EBR_R6C17.CLKA clk
                  --------
                    3.714   (0.0% logic, 100.0% route), 0 logic levels.

      Destination Clock Path oscillator to system/cpu/engine/rom/lane_1:

   Name    Fanout   Delay (ns)          Site               Resource
ROUTE       238     3.714        OSC.OSC to  EBR_R6C4.CLKA clk
                  --------
                    3.714   (0.0% logic, 100.0% route), 0 logic levels.


Passed: The following path meets requirements by 2.028ns

 Logical Details:  Cell type  Pin type       Cell/ASIC name  (clock net +/-)

   Source:         DP8KC      Port           system/cpu/engine/rom/lane_2(ASIC)  (from clk +)
   Destination:    DP8KC      Port           system/cpu/engine/rom/lane_1(ASIC)  (to clk +)

   Delay:              31.827ns  (39.0% logic, 61.0% route), 16 logic levels.

 Constraint Details:

     31.827ns physical path delay system/cpu/engine/rom/lane_2 to system/cpu/engine/rom/lane_1 meets
     33.829ns delay constraint less
      0.000ns skew and
     -0.026ns ADDR_SET requirement (totaling 33.855ns) by 2.028ns

 Physical Path Details:

      Data path system/cpu/engine/rom/lane_2 to system/cpu/engine/rom/lane_1:

   Name    Fanout   Delay (ns)          Site               Resource
C2Q_DEL     ---     4.979 EBR_R6C17.CLKA to EBR_R6C17.DOA8 system/cpu/engine/rom/lane_2 (from clk)
ROUTE         4     1.818 EBR_R6C17.DOA8 to      R7C13C.D1 system/cpu/engine/a_select_2[0]
CTOF_DEL    ---     0.495      R7C13C.D1 to      R7C13C.F1 system/cpu/engine/SLICE_330
ROUTE         1     0.967      R7C13C.F1 to      R7C13C.A0 system/cpu/engine/un6_select_register[0]
CTOF_DEL    ---     0.495      R7C13C.A0 to      R7C13C.F0 system/cpu/engine/SLICE_330
ROUTE        16     1.508      R7C13C.F0 to      R7C17B.A1 system/cpu/engine/select_register_5[0]
CTOF_DEL    ---     0.495      R7C17B.A1 to      R7C17B.F1 system/cpu/engine/dp/rf/words_ram_0/SLICE_49
ROUTE        14     1.360      R7C17B.F1 to      R9C17A.B1 system/address[7]
CTOF_DEL    ---     0.495      R9C17A.B1 to      R9C17A.F1 system/bus/SLICE_449
ROUTE         2     0.702      R9C17A.F1 to      R9C17A.B0 system/bus/rk_selected_0
CTOF_DEL    ---     0.495      R9C17A.B0 to      R9C17A.F0 system/bus/SLICE_449
ROUTE         7     1.196      R9C17A.F0 to     R10C14D.D1 system/bus/rk_selected_3
CTOF_DEL    ---     0.495     R10C14D.D1 to     R10C14D.F1 system/bus/SLICE_428
ROUTE         5     0.975     R10C14D.F1 to     R10C17D.D0 system/bus/rk_ds_selecteddupdup
CTOF_DEL    ---     0.495     R10C17D.D0 to     R10C17D.F0 system/SLICE_430
ROUTE         5     0.669     R10C17D.F0 to     R10C16C.D0 system/rk_fixed_selecteddupdup
CTOF_DEL    ---     0.495     R10C16C.D0 to     R10C16C.F0 system/SLICE_308
ROUTE         2     0.976     R10C16C.F0 to     R10C16C.A1 system/acknowledge_4dupdup
CTOF_DEL    ---     0.495     R10C16C.A1 to     R10C16C.F1 system/SLICE_308
ROUTE         5     2.080     R10C16C.F1 to      R2C10D.B1 system/cpu/engine/un1_mem_ack_fc_0dup
CTOF_DEL    ---     0.495      R2C10D.B1 to      R2C10D.F1 system/cpu/engine/SLICE_463
ROUTE         6     0.999      R2C10D.F1 to      R4C10B.D0 system/cpu/engine/fault_redirectdup
CTOF_DEL    ---     0.495      R4C10B.D0 to      R4C10B.F0 system/cpu/engine/seq/SLICE_311
ROUTE         8     1.956      R4C10B.F0 to      R3C15C.A1 system/cpu/engine/seq/next_address_1_sqmuxa_1
CTOF_DEL    ---     0.495      R3C15C.A1 to      R3C15C.F1 system/cpu/engine/seq/SLICE_484
ROUTE         1     0.436      R3C15C.F1 to      R3C15C.C0 system/cpu/engine/seq/next_address_0_iv_0[7]
CTOF_DEL    ---     0.495      R3C15C.C0 to      R3C15C.F0 system/cpu/engine/seq/SLICE_484
ROUTE         1     0.747      R3C15C.F0 to      R3C15B.C0 system/cpu/engine/seq/next_address_0_iv_2[7]
CTOF_DEL    ---     0.495      R3C15B.C0 to      R3C15B.F0 system/cpu/engine/seq/SLICE_468
ROUTE         1     0.693      R3C15B.F0 to      R3C15A.B1 system/cpu/engine/seq/next_address_0_iv_5[7]
CTOF_DEL    ---     0.495      R3C15A.B1 to      R3C15A.F1 system/cpu/engine/seq/SLICE_223
ROUTE         5     2.341      R3C15A.F1 to EBR_R6C4.ADA10 system/cpu/engine/next_address[7] (to clk)
                  --------
                   31.827   (39.0% logic, 61.0% route), 16 logic levels.

 Clock Skew Details: 

      Source Clock Path oscillator to system/cpu/engine/rom/lane_2:

   Name    Fanout   Delay (ns)          Site               Resource
ROUTE       238     3.714        OSC.OSC to EBR_R6C17.CLKA clk
                  --------
                    3.714   (0.0% logic, 100.0% route), 0 logic levels.

      Destination Clock Path oscillator to system/cpu/engine/rom/lane_1:

   Name    Fanout   Delay (ns)          Site               Resource
ROUTE       238     3.714        OSC.OSC to  EBR_R6C4.CLKA clk
                  --------
                    3.714   (0.0% logic, 100.0% route), 0 logic levels.


Passed: The following path meets requirements by 2.036ns

 Logical Details:  Cell type  Pin type       Cell/ASIC name  (clock net +/-)

   Source:         DP8KC      Port           system/cpu/engine/rom/lane_2(ASIC)  (from clk +)
   Destination:    DP8KC      Port           system/cpu/engine/rom/lane_1(ASIC)  (to clk +)

   Delay:              31.819ns  (39.0% logic, 61.0% route), 16 logic levels.

 Constraint Details:

     31.819ns physical path delay system/cpu/engine/rom/lane_2 to system/cpu/engine/rom/lane_1 meets
     33.829ns delay constraint less
      0.000ns skew and
     -0.026ns ADDR_SET requirement (totaling 33.855ns) by 2.036ns

 Physical Path Details:

      Data path system/cpu/engine/rom/lane_2 to system/cpu/engine/rom/lane_1:

   Name    Fanout   Delay (ns)          Site               Resource
C2Q_DEL     ---     4.979 EBR_R6C17.CLKA to EBR_R6C17.DOA8 system/cpu/engine/rom/lane_2 (from clk)
ROUTE         4     1.818 EBR_R6C17.DOA8 to      R7C13C.D1 system/cpu/engine/a_select_2[0]
CTOF_DEL    ---     0.495      R7C13C.D1 to      R7C13C.F1 system/cpu/engine/SLICE_330
ROUTE         1     0.967      R7C13C.F1 to      R7C13C.A0 system/cpu/engine/un6_select_register[0]
CTOF_DEL    ---     0.495      R7C13C.A0 to      R7C13C.F0 system/cpu/engine/SLICE_330
ROUTE        16     1.508      R7C13C.F0 to      R7C16B.A0 system/cpu/engine/select_register_5[0]
CTOF_DEL    ---     0.495      R7C16B.A0 to      R7C16B.F0 system/cpu/engine/dp/rf/words_ram_1/SLICE_46
ROUTE        12     1.437      R7C16B.F0 to      R9C18C.D0 system/address[10]
CTOF_DEL    ---     0.495      R9C18C.D0 to      R9C18C.F0 system/SLICE_597
ROUTE         2     0.753      R9C18C.F0 to      R9C17A.C0 system/bus/rk_selected_2
CTOF_DEL    ---     0.495      R9C17A.C0 to      R9C17A.F0 system/bus/SLICE_449
ROUTE         7     1.196      R9C17A.F0 to     R10C14D.D1 system/bus/rk_selected_3
CTOF_DEL    ---     0.495     R10C14D.D1 to     R10C14D.F1 system/bus/SLICE_428
ROUTE         5     0.975     R10C14D.F1 to     R10C17D.D0 system/bus/rk_ds_selecteddupdup
CTOF_DEL    ---     0.495     R10C17D.D0 to     R10C17D.F0 system/SLICE_430
ROUTE         5     0.669     R10C17D.F0 to     R10C16C.D0 system/rk_fixed_selecteddupdup
CTOF_DEL    ---     0.495     R10C16C.D0 to     R10C16C.F0 system/SLICE_308
ROUTE         2     0.976     R10C16C.F0 to     R10C16C.A1 system/acknowledge_4dupdup
CTOF_DEL    ---     0.495     R10C16C.A1 to     R10C16C.F1 system/SLICE_308
ROUTE         5     2.080     R10C16C.F1 to      R2C10D.B1 system/cpu/engine/un1_mem_ack_fc_0dup
CTOF_DEL    ---     0.495      R2C10D.B1 to      R2C10D.F1 system/cpu/engine/SLICE_463
ROUTE         6     0.999      R2C10D.F1 to      R4C10B.D0 system/cpu/engine/fault_redirectdup
CTOF_DEL    ---     0.495      R4C10B.D0 to      R4C10B.F0 system/cpu/engine/seq/SLICE_311
ROUTE         8     1.546      R4C10B.F0 to      R4C15D.D1 system/cpu/engine/seq/next_address_1_sqmuxa_1
CTOF_DEL    ---     0.495      R4C15D.D1 to      R4C15D.F1 system/cpu/engine/seq/SLICE_483
ROUTE         1     0.436      R4C15D.F1 to      R4C15D.C0 system/cpu/engine/seq/next_address_0_iv_0[6]
CTOF_DEL    ---     0.495      R4C15D.C0 to      R4C15D.F0 system/cpu/engine/seq/SLICE_483
ROUTE         1     0.747      R4C15D.F0 to      R4C15B.C0 system/cpu/engine/seq/next_address_0_iv_2[6]
CTOF_DEL    ---     0.495      R4C15B.C0 to      R4C15B.F0 system/cpu/engine/seq/SLICE_467
ROUTE         1     0.964      R4C15B.F0 to      R3C15A.A0 system/cpu/engine/seq/next_address_0_iv_5[6]
CTOF_DEL    ---     0.495      R3C15A.A0 to      R3C15A.F0 system/cpu/engine/seq/SLICE_223
ROUTE         5     2.344      R3C15A.F0 to  EBR_R6C4.ADA9 system/cpu/engine/next_address[6] (to clk)
                  --------
                   31.819   (39.0% logic, 61.0% route), 16 logic levels.

 Clock Skew Details: 

      Source Clock Path oscillator to system/cpu/engine/rom/lane_2:

   Name    Fanout   Delay (ns)          Site               Resource
ROUTE       238     3.714        OSC.OSC to EBR_R6C17.CLKA clk
                  --------
                    3.714   (0.0% logic, 100.0% route), 0 logic levels.

      Destination Clock Path oscillator to system/cpu/engine/rom/lane_1:

   Name    Fanout   Delay (ns)          Site               Resource
ROUTE       238     3.714        OSC.OSC to  EBR_R6C4.CLKA clk
                  --------
                    3.714   (0.0% logic, 100.0% route), 0 logic levels.


Passed: The following path meets requirements by 2.038ns

 Logical Details:  Cell type  Pin type       Cell/ASIC name  (clock net +/-)

   Source:         DP8KC      Port           system/cpu/engine/rom/lane_2(ASIC)  (from clk +)
   Destination:    DP8KC      Port           system/cpu/engine/rom/lane_1(ASIC)  (to clk +)

   Delay:              31.817ns  (39.0% logic, 61.0% route), 16 logic levels.

 Constraint Details:

     31.817ns physical path delay system/cpu/engine/rom/lane_2 to system/cpu/engine/rom/lane_1 meets
     33.829ns delay constraint less
      0.000ns skew and
     -0.026ns ADDR_SET requirement (totaling 33.855ns) by 2.038ns

 Physical Path Details:

      Data path system/cpu/engine/rom/lane_2 to system/cpu/engine/rom/lane_1:

   Name    Fanout   Delay (ns)          Site               Resource
C2Q_DEL     ---     4.979 EBR_R6C17.CLKA to EBR_R6C17.DOA8 system/cpu/engine/rom/lane_2 (from clk)
ROUTE         4     1.818 EBR_R6C17.DOA8 to      R7C13C.D1 system/cpu/engine/a_select_2[0]
CTOF_DEL    ---     0.495      R7C13C.D1 to      R7C13C.F1 system/cpu/engine/SLICE_330
ROUTE         1     0.967      R7C13C.F1 to      R7C13C.A0 system/cpu/engine/un6_select_register[0]
CTOF_DEL    ---     0.495      R7C13C.A0 to      R7C13C.F0 system/cpu/engine/SLICE_330
ROUTE        16     1.508      R7C13C.F0 to      R7C16A.A1 system/cpu/engine/select_register_5[0]
CTOF_DEL    ---     0.495      R7C16A.A1 to      R7C16A.F1 system/cpu/engine/dp/rf/words_ram_1/SLICE_45
ROUTE        13     1.435      R7C16A.F1 to      R9C18C.A0 system/address[9]
CTOF_DEL    ---     0.495      R9C18C.A0 to      R9C18C.F0 system/SLICE_597
ROUTE         2     0.753      R9C18C.F0 to      R9C17A.C0 system/bus/rk_selected_2
CTOF_DEL    ---     0.495      R9C17A.C0 to      R9C17A.F0 system/bus/SLICE_449
ROUTE         7     1.196      R9C17A.F0 to     R10C14D.D1 system/bus/rk_selected_3
CTOF_DEL    ---     0.495     R10C14D.D1 to     R10C14D.F1 system/bus/SLICE_428
ROUTE         5     0.975     R10C14D.F1 to     R10C17D.D0 system/bus/rk_ds_selecteddupdup
CTOF_DEL    ---     0.495     R10C17D.D0 to     R10C17D.F0 system/SLICE_430
ROUTE         5     0.669     R10C17D.F0 to     R10C16C.D0 system/rk_fixed_selecteddupdup
CTOF_DEL    ---     0.495     R10C16C.D0 to     R10C16C.F0 system/SLICE_308
ROUTE         2     0.976     R10C16C.F0 to     R10C16C.A1 system/acknowledge_4dupdup
CTOF_DEL    ---     0.495     R10C16C.A1 to     R10C16C.F1 system/SLICE_308
ROUTE         5     2.080     R10C16C.F1 to      R2C10D.B1 system/cpu/engine/un1_mem_ack_fc_0dup
CTOF_DEL    ---     0.495      R2C10D.B1 to      R2C10D.F1 system/cpu/engine/SLICE_463
ROUTE         6     0.999      R2C10D.F1 to      R4C10B.D0 system/cpu/engine/fault_redirectdup
CTOF_DEL    ---     0.495      R4C10B.D0 to      R4C10B.F0 system/cpu/engine/seq/SLICE_311
ROUTE         8     1.546      R4C10B.F0 to      R4C15D.D1 system/cpu/engine/seq/next_address_1_sqmuxa_1
CTOF_DEL    ---     0.495      R4C15D.D1 to      R4C15D.F1 system/cpu/engine/seq/SLICE_483
ROUTE         1     0.436      R4C15D.F1 to      R4C15D.C0 system/cpu/engine/seq/next_address_0_iv_0[6]
CTOF_DEL    ---     0.495      R4C15D.C0 to      R4C15D.F0 system/cpu/engine/seq/SLICE_483
ROUTE         1     0.747      R4C15D.F0 to      R4C15B.C0 system/cpu/engine/seq/next_address_0_iv_2[6]
CTOF_DEL    ---     0.495      R4C15B.C0 to      R4C15B.F0 system/cpu/engine/seq/SLICE_467
ROUTE         1     0.964      R4C15B.F0 to      R3C15A.A0 system/cpu/engine/seq/next_address_0_iv_5[6]
CTOF_DEL    ---     0.495      R3C15A.A0 to      R3C15A.F0 system/cpu/engine/seq/SLICE_223
ROUTE         5     2.344      R3C15A.F0 to  EBR_R6C4.ADA9 system/cpu/engine/next_address[6] (to clk)
                  --------
                   31.817   (39.0% logic, 61.0% route), 16 logic levels.

 Clock Skew Details: 

      Source Clock Path oscillator to system/cpu/engine/rom/lane_2:

   Name    Fanout   Delay (ns)          Site               Resource
ROUTE       238     3.714        OSC.OSC to EBR_R6C17.CLKA clk
                  --------
                    3.714   (0.0% logic, 100.0% route), 0 logic levels.

      Destination Clock Path oscillator to system/cpu/engine/rom/lane_1:

   Name    Fanout   Delay (ns)          Site               Resource
ROUTE       238     3.714        OSC.OSC to  EBR_R6C4.CLKA clk
                  --------
                    3.714   (0.0% logic, 100.0% route), 0 logic levels.


Passed: The following path meets requirements by 2.041ns

 Logical Details:  Cell type  Pin type       Cell/ASIC name  (clock net +/-)

   Source:         DP8KC      Port           system/cpu/engine/rom/lane_2(ASIC)  (from clk +)
   Destination:    DP8KC      Port           system/cpu/engine/rom/lane_0(ASIC)  (to clk +)

   Delay:              31.814ns  (39.0% logic, 61.0% route), 16 logic levels.

 Constraint Details:

     31.814ns physical path delay system/cpu/engine/rom/lane_2 to system/cpu/engine/rom/lane_0 meets
     33.829ns delay constraint less
      0.000ns skew and
     -0.026ns ADDR_SET requirement (totaling 33.855ns) by 2.041ns

 Physical Path Details:

      Data path system/cpu/engine/rom/lane_2 to system/cpu/engine/rom/lane_0:

   Name    Fanout   Delay (ns)          Site               Resource
C2Q_DEL     ---     4.979 EBR_R6C17.CLKA to EBR_R6C17.DOA8 system/cpu/engine/rom/lane_2 (from clk)
ROUTE         4     1.818 EBR_R6C17.DOA8 to      R7C13C.D1 system/cpu/engine/a_select_2[0]
CTOF_DEL    ---     0.495      R7C13C.D1 to      R7C13C.F1 system/cpu/engine/SLICE_330
ROUTE         1     0.967      R7C13C.F1 to      R7C13C.A0 system/cpu/engine/un6_select_register[0]
CTOF_DEL    ---     0.495      R7C13C.A0 to      R7C13C.F0 system/cpu/engine/SLICE_330
ROUTE        16     1.508      R7C13C.F0 to      R7C16B.A1 system/cpu/engine/select_register_5[0]
CTOF_DEL    ---     0.495      R7C16B.A1 to      R7C16B.F1 system/cpu/engine/dp/rf/words_ram_1/SLICE_46
ROUTE        10     1.473      R7C16B.F1 to      R9C18C.B0 system/address[11]
CTOF_DEL    ---     0.495      R9C18C.B0 to      R9C18C.F0 system/SLICE_597
ROUTE         2     0.753      R9C18C.F0 to      R9C17A.C0 system/bus/rk_selected_2
CTOF_DEL    ---     0.495      R9C17A.C0 to      R9C17A.F0 system/bus/SLICE_449
ROUTE         7     1.196      R9C17A.F0 to     R10C14D.D1 system/bus/rk_selected_3
CTOF_DEL    ---     0.495     R10C14D.D1 to     R10C14D.F1 system/bus/SLICE_428
ROUTE         5     0.975     R10C14D.F1 to     R10C17D.D0 system/bus/rk_ds_selecteddupdup
CTOF_DEL    ---     0.495     R10C17D.D0 to     R10C17D.F0 system/SLICE_430
ROUTE         5     0.669     R10C17D.F0 to     R10C16C.D0 system/rk_fixed_selecteddupdup
CTOF_DEL    ---     0.495     R10C16C.D0 to     R10C16C.F0 system/SLICE_308
ROUTE         2     0.976     R10C16C.F0 to     R10C16C.A1 system/acknowledge_4dupdup
CTOF_DEL    ---     0.495     R10C16C.A1 to     R10C16C.F1 system/SLICE_308
ROUTE         5     2.080     R10C16C.F1 to      R2C10D.B1 system/cpu/engine/un1_mem_ack_fc_0dup
CTOF_DEL    ---     0.495      R2C10D.B1 to      R2C10D.F1 system/cpu/engine/SLICE_463
ROUTE         6     0.999      R2C10D.F1 to      R4C10B.D0 system/cpu/engine/fault_redirectdup
CTOF_DEL    ---     0.495      R4C10B.D0 to      R4C10B.F0 system/cpu/engine/seq/SLICE_311
ROUTE         8     1.056      R4C10B.F0 to      R2C10C.B1 system/cpu/engine/seq/next_address_1_sqmuxa_1
CTOF_DEL    ---     0.495      R2C10C.B1 to      R2C10C.F1 system/cpu/engine/seq/SLICE_482
ROUTE         1     0.436      R2C10C.F1 to      R2C10C.C0 system/cpu/engine/seq/next_address_0_iv_0[3]
CTOF_DEL    ---     0.495      R2C10C.C0 to      R2C10C.F0 system/cpu/engine/seq/SLICE_482
ROUTE         1     0.744      R2C10C.F0 to      R2C11C.C0 system/cpu/engine/seq/next_address_0_iv_2[3]
CTOF_DEL    ---     0.495      R2C11C.C0 to      R2C11C.F0 system/cpu/engine/seq/SLICE_466
ROUTE         1     1.506      R2C11C.F0 to      R4C11D.C1 system/cpu/engine/seq/next_address_0_iv_5[3]
CTOF_DEL    ---     0.495      R4C11D.C1 to      R4C11D.F1 system/cpu/engine/seq/SLICE_221
ROUTE         5     2.254      R4C11D.F1 to EBR_R6C20.ADA6 system/cpu/engine/next_address[3] (to clk)
                  --------
                   31.814   (39.0% logic, 61.0% route), 16 logic levels.

 Clock Skew Details: 

      Source Clock Path oscillator to system/cpu/engine/rom/lane_2:

   Name    Fanout   Delay (ns)          Site               Resource
ROUTE       238     3.714        OSC.OSC to EBR_R6C17.CLKA clk
                  --------
                    3.714   (0.0% logic, 100.0% route), 0 logic levels.

      Destination Clock Path oscillator to system/cpu/engine/rom/lane_0:

   Name    Fanout   Delay (ns)          Site               Resource
ROUTE       238     3.714        OSC.OSC to EBR_R6C20.CLKA clk
                  --------
                    3.714   (0.0% logic, 100.0% route), 0 logic levels.


Passed: The following path meets requirements by 2.074ns

 Logical Details:  Cell type  Pin type       Cell/ASIC name  (clock net +/-)

   Source:         DP8KC      Port           system/cpu/engine/rom/lane_3(ASIC)  (from clk +)
   Destination:    DP8KC      Port           system/cpu/engine/rom/lane_1(ASIC)  (to clk +)

   Delay:              31.781ns  (40.6% logic, 59.4% route), 17 logic levels.

 Constraint Details:

     31.781ns physical path delay system/cpu/engine/rom/lane_3 to system/cpu/engine/rom/lane_1 meets
     33.829ns delay constraint less
      0.000ns skew and
     -0.026ns ADDR_SET requirement (totaling 33.855ns) by 2.074ns

 Physical Path Details:

      Data path system/cpu/engine/rom/lane_3 to system/cpu/engine/rom/lane_1:

   Name    Fanout   Delay (ns)          Site               Resource
C2Q_DEL     ---     4.979 EBR_R6C14.CLKA to EBR_R6C14.DOA8 system/cpu/engine/rom/lane_3 (from clk)
ROUTE        40     1.568 EBR_R6C14.DOA8 to      R5C15B.B1 system/uword[35]
CTOF_DEL    ---     0.495      R5C15B.B1 to      R5C15B.F1 system/cpu/engine/SLICE_668
ROUTE         2     0.632      R5C15B.F1 to      R5C14D.D1 system/cpu/engine/writing_0_0
CTOF_DEL    ---     0.495      R5C14D.D1 to      R5C14D.F1 system/SLICE_455
ROUTE         2     0.702      R5C14D.F1 to      R5C14C.B0 system/writing
CTOF_DEL    ---     0.495      R5C14C.B0 to      R5C14C.F0 system/cpu/engine/SLICE_328
ROUTE         9     0.988      R5C14C.F0 to      R5C16D.D0 system/cpu/engine/memory_op
CTOF_DEL    ---     0.495      R5C16D.D0 to      R5C16D.F0 system/cpu/engine/SLICE_571
ROUTE         7     1.538      R5C16D.F0 to      R8C14D.A1 system/mem_requestdupdup_0
CTOF_DEL    ---     0.495      R8C14D.A1 to      R8C14D.F1 system/SLICE_299
ROUTE        22     0.791      R8C14D.F1 to      R9C14D.C1 system/mem_writedupdup
CTOF_DEL    ---     0.495      R9C14D.C1 to      R9C14D.F1 system/bus/SLICE_304
ROUTE        12     0.791      R9C14D.F1 to     R10C14D.C1 system/bus/service_dma_selecteddupdup
CTOF_DEL    ---     0.495     R10C14D.C1 to     R10C14D.F1 system/bus/SLICE_428
ROUTE         5     0.975     R10C14D.F1 to     R10C17D.D0 system/bus/rk_ds_selecteddupdup
CTOF_DEL    ---     0.495     R10C17D.D0 to     R10C17D.F0 system/SLICE_430
ROUTE         5     0.669     R10C17D.F0 to     R10C16C.D0 system/rk_fixed_selecteddupdup
CTOF_DEL    ---     0.495     R10C16C.D0 to     R10C16C.F0 system/SLICE_308
ROUTE         2     0.976     R10C16C.F0 to     R10C16C.A1 system/acknowledge_4dupdup
CTOF_DEL    ---     0.495     R10C16C.A1 to     R10C16C.F1 system/SLICE_308
ROUTE         5     2.080     R10C16C.F1 to      R2C10D.B1 system/cpu/engine/un1_mem_ack_fc_0dup
CTOF_DEL    ---     0.495      R2C10D.B1 to      R2C10D.F1 system/cpu/engine/SLICE_463
ROUTE         6     0.999      R2C10D.F1 to      R4C10B.D0 system/cpu/engine/fault_redirectdup
CTOF_DEL    ---     0.495      R4C10B.D0 to      R4C10B.F0 system/cpu/engine/seq/SLICE_311
ROUTE         8     1.956      R4C10B.F0 to      R3C15C.A1 system/cpu/engine/seq/next_address_1_sqmuxa_1
CTOF_DEL    ---     0.495      R3C15C.A1 to      R3C15C.F1 system/cpu/engine/seq/SLICE_484
ROUTE         1     0.436      R3C15C.F1 to      R3C15C.C0 system/cpu/engine/seq/next_address_0_iv_0[7]
CTOF_DEL    ---     0.495      R3C15C.C0 to      R3C15C.F0 system/cpu/engine/seq/SLICE_484
ROUTE         1     0.747      R3C15C.F0 to      R3C15B.C0 system/cpu/engine/seq/next_address_0_iv_2[7]
CTOF_DEL    ---     0.495      R3C15B.C0 to      R3C15B.F0 system/cpu/engine/seq/SLICE_468
ROUTE         1     0.693      R3C15B.F0 to      R3C15A.B1 system/cpu/engine/seq/next_address_0_iv_5[7]
CTOF_DEL    ---     0.495      R3C15A.B1 to      R3C15A.F1 system/cpu/engine/seq/SLICE_223
ROUTE         5     2.341      R3C15A.F1 to EBR_R6C4.ADA10 system/cpu/engine/next_address[7] (to clk)
                  --------
                   31.781   (40.6% logic, 59.4% route), 17 logic levels.

 Clock Skew Details: 

      Source Clock Path oscillator to system/cpu/engine/rom/lane_3:

   Name    Fanout   Delay (ns)          Site               Resource
ROUTE       238     3.714        OSC.OSC to EBR_R6C14.CLKA clk
                  --------
                    3.714   (0.0% logic, 100.0% route), 0 logic levels.

      Destination Clock Path oscillator to system/cpu/engine/rom/lane_1:

   Name    Fanout   Delay (ns)          Site               Resource
ROUTE       238     3.714        OSC.OSC to  EBR_R6C4.CLKA clk
                  --------
                    3.714   (0.0% logic, 100.0% route), 0 logic levels.


Passed: The following path meets requirements by 2.077ns

 Logical Details:  Cell type  Pin type       Cell/ASIC name  (clock net +/-)

   Source:         DP8KC      Port           system/cpu/engine/rom/lane_2(ASIC)  (from clk +)
   Destination:    DP8KC      Port           system/cpu/engine/rom/lane_0(ASIC)  (to clk +)

   Delay:              31.778ns  (39.0% logic, 61.0% route), 16 logic levels.

 Constraint Details:

     31.778ns physical path delay system/cpu/engine/rom/lane_2 to system/cpu/engine/rom/lane_0 meets
     33.829ns delay constraint less
      0.000ns skew and
     -0.026ns ADDR_SET requirement (totaling 33.855ns) by 2.077ns

 Physical Path Details:

      Data path system/cpu/engine/rom/lane_2 to system/cpu/engine/rom/lane_0:

   Name    Fanout   Delay (ns)          Site               Resource
C2Q_DEL     ---     4.979 EBR_R6C17.CLKA to EBR_R6C17.DOA8 system/cpu/engine/rom/lane_2 (from clk)
ROUTE         4     1.818 EBR_R6C17.DOA8 to      R7C13C.D1 system/cpu/engine/a_select_2[0]
CTOF_DEL    ---     0.495      R7C13C.D1 to      R7C13C.F1 system/cpu/engine/SLICE_330
ROUTE         1     0.967      R7C13C.F1 to      R7C13C.A0 system/cpu/engine/un6_select_register[0]
CTOF_DEL    ---     0.495      R7C13C.A0 to      R7C13C.F0 system/cpu/engine/SLICE_330
ROUTE        16     1.508      R7C13C.F0 to      R7C16B.A0 system/cpu/engine/select_register_5[0]
CTOF_DEL    ---     0.495      R7C16B.A0 to      R7C16B.F0 system/cpu/engine/dp/rf/words_ram_1/SLICE_46
ROUTE        12     1.437      R7C16B.F0 to      R9C18C.D0 system/address[10]
CTOF_DEL    ---     0.495      R9C18C.D0 to      R9C18C.F0 system/SLICE_597
ROUTE         2     0.753      R9C18C.F0 to      R9C17A.C0 system/bus/rk_selected_2
CTOF_DEL    ---     0.495      R9C17A.C0 to      R9C17A.F0 system/bus/SLICE_449
ROUTE         7     1.196      R9C17A.F0 to     R10C14D.D1 system/bus/rk_selected_3
CTOF_DEL    ---     0.495     R10C14D.D1 to     R10C14D.F1 system/bus/SLICE_428
ROUTE         5     0.975     R10C14D.F1 to     R10C17D.D0 system/bus/rk_ds_selecteddupdup
CTOF_DEL    ---     0.495     R10C17D.D0 to     R10C17D.F0 system/SLICE_430
ROUTE         5     0.669     R10C17D.F0 to     R10C16C.D0 system/rk_fixed_selecteddupdup
CTOF_DEL    ---     0.495     R10C16C.D0 to     R10C16C.F0 system/SLICE_308
ROUTE         2     0.976     R10C16C.F0 to     R10C16C.A1 system/acknowledge_4dupdup
CTOF_DEL    ---     0.495     R10C16C.A1 to     R10C16C.F1 system/SLICE_308
ROUTE         5     2.080     R10C16C.F1 to      R2C10D.B1 system/cpu/engine/un1_mem_ack_fc_0dup
CTOF_DEL    ---     0.495      R2C10D.B1 to      R2C10D.F1 system/cpu/engine/SLICE_463
ROUTE         6     0.999      R2C10D.F1 to      R4C10B.D0 system/cpu/engine/fault_redirectdup
CTOF_DEL    ---     0.495      R4C10B.D0 to      R4C10B.F0 system/cpu/engine/seq/SLICE_311
ROUTE         8     1.056      R4C10B.F0 to      R2C10C.B1 system/cpu/engine/seq/next_address_1_sqmuxa_1
CTOF_DEL    ---     0.495      R2C10C.B1 to      R2C10C.F1 system/cpu/engine/seq/SLICE_482
ROUTE         1     0.436      R2C10C.F1 to      R2C10C.C0 system/cpu/engine/seq/next_address_0_iv_0[3]
CTOF_DEL    ---     0.495      R2C10C.C0 to      R2C10C.F0 system/cpu/engine/seq/SLICE_482
ROUTE         1     0.744      R2C10C.F0 to      R2C11C.C0 system/cpu/engine/seq/next_address_0_iv_2[3]
CTOF_DEL    ---     0.495      R2C11C.C0 to      R2C11C.F0 system/cpu/engine/seq/SLICE_466
ROUTE         1     1.506      R2C11C.F0 to      R4C11D.C1 system/cpu/engine/seq/next_address_0_iv_5[3]
CTOF_DEL    ---     0.495      R4C11D.C1 to      R4C11D.F1 system/cpu/engine/seq/SLICE_221
ROUTE         5     2.254      R4C11D.F1 to EBR_R6C20.ADA6 system/cpu/engine/next_address[3] (to clk)
                  --------
                   31.778   (39.0% logic, 61.0% route), 16 logic levels.

 Clock Skew Details: 

      Source Clock Path oscillator to system/cpu/engine/rom/lane_2:

   Name    Fanout   Delay (ns)          Site               Resource
ROUTE       238     3.714        OSC.OSC to EBR_R6C17.CLKA clk
                  --------
                    3.714   (0.0% logic, 100.0% route), 0 logic levels.

      Destination Clock Path oscillator to system/cpu/engine/rom/lane_0:

   Name    Fanout   Delay (ns)          Site               Resource
ROUTE       238     3.714        OSC.OSC to EBR_R6C20.CLKA clk
                  --------
                    3.714   (0.0% logic, 100.0% route), 0 logic levels.

Report:   31.284MHz is the maximum frequency for this preference.


================================================================================
Preference: Unconstrained: CLOCK_DOMAIN
            0 unconstrained paths found
--------------------------------------------------------------------------------


================================================================================
Preference: Unconstrained: INPUT_SETUP
            8 unconstrained paths found
--------------------------------------------------------------------------------

Unconstrained Preference:
   INPUT_SETUP PORT "res" CLKNET "clk" 

Report:    5.035ns delay res to SLICE_434 (4.302ns delay and 0.733ns setup)

   Name    Fanout   Delay (ns)          Site               Resource
PADI_DEL    ---     1.132          4.PAD to        4.PADDI res
ROUTE         1     3.170        4.PADDI to     R8C14A.LSR res_c (to clk)
                  --------
                    4.302   (26.3% logic, 73.7% route), 1 logic levels.

Unconstrained Preference:
   INPUT_SETUP PORT "gpio_key_row[0]" CLKNET "clk" 

Report:    2.292ns delay gpio_key_row[0] to gpio_key_row[0]_MGIOL (1.697ns delay and 0.595ns setup)

   Name    Fanout   Delay (ns)          Site               Resource
PADI_DEL    ---     1.132         29.PAD to       29.PADDI gpio_key_row[0]
ROUTE         1     0.565       29.PADDI to    IOL_T11D.DI gpio_key_row_in[0] (to clk)
                  --------
                    1.697   (66.7% logic, 33.3% route), 1 logic levels.

Unconstrained Preference:
   INPUT_SETUP PORT "gpio_key_row[1]" CLKNET "clk" 

Report:    2.292ns delay gpio_key_row[1] to gpio_key_row[1]_MGIOL (1.697ns delay and 0.595ns setup)

   Name    Fanout   Delay (ns)          Site               Resource
PADI_DEL    ---     1.132         30.PAD to       30.PADDI gpio_key_row[1]
ROUTE         1     0.565       30.PADDI to    IOL_T11C.DI gpio_key_row_in[1] (to clk)
                  --------
                    1.697   (66.7% logic, 33.3% route), 1 logic levels.

Unconstrained Preference:
   INPUT_SETUP PORT "gpio_key_row[2]" CLKNET "clk" 

Report:    2.292ns delay gpio_key_row[2] to gpio_key_row[2]_MGIOL (1.697ns delay and 0.595ns setup)

   Name    Fanout   Delay (ns)          Site               Resource
PADI_DEL    ---     1.132         32.PAD to       32.PADDI gpio_key_row[2]
ROUTE         1     0.565       32.PADDI to    IOL_T10D.DI gpio_key_row_in[2] (to clk)
                  --------
                    1.697   (66.7% logic, 33.3% route), 1 logic levels.

Unconstrained Preference:
   INPUT_SETUP PORT "gpio_key_row[3]" CLKNET "clk" 

Report:    2.292ns delay gpio_key_row[3] to gpio_key_row[3]_MGIOL (1.697ns delay and 0.595ns setup)

   Name    Fanout   Delay (ns)          Site               Resource
PADI_DEL    ---     1.132          1.PAD to        1.PADDI gpio_key_row[3]
ROUTE         1     0.565        1.PADDI to    IOL_T10C.DI gpio_key_row_in[3] (to clk)
                  --------
                    1.697   (66.7% logic, 33.3% route), 1 logic levels.

Unconstrained Preference:
   INPUT_SETUP PORT "rx" CLKNET "clk" 

Report:    2.292ns delay rx to rx_MGIOL (1.697ns delay and 0.595ns setup)

   Name    Fanout   Delay (ns)          Site               Resource
PADI_DEL    ---     1.132         25.PAD to       25.PADDI rx
ROUTE         1     0.565       25.PADDI to    IOL_T15D.DI rx_c (to clk)
                  --------
                    1.697   (66.7% logic, 33.3% route), 1 logic levels.

Unconstrained Preference:
   INPUT_SETUP PORT "sd_miso" CLKNET "clk" 

Report:    2.292ns delay sd_miso to sd_miso_MGIOL (1.697ns delay and 0.595ns setup)

   Name    Fanout   Delay (ns)          Site               Resource
PADI_DEL    ---     1.132         28.PAD to       28.PADDI sd_miso
ROUTE         1     0.565       28.PADDI to    IOL_T12C.DI sd_miso_c (to clk)
                  --------
                    1.697   (66.7% logic, 33.3% route), 1 logic levels.

Unconstrained Preference:
   INPUT_SETUP PORT "gpio_miso" CLKNET "clk" 

Report:    2.111ns delay gpio_miso to gpio_miso_MGIOL (1.516ns delay and 0.595ns setup)

   Name    Fanout   Delay (ns)          Site               Resource
PADI_DEL    ---     1.132         10.PAD to       10.PADDI gpio_miso
ROUTE         1     0.384       10.PADDI to     IOL_B6D.DI gpio_miso_c (to clk)
                  --------
                    1.516   (74.7% logic, 25.3% route), 1 logic levels.


================================================================================
Preference: Unconstrained: CLOCK_TO_OUT
            18 unconstrained paths found
--------------------------------------------------------------------------------

Unconstrained Preference:
   CLOCK_TO_OUT PORT "sd_mosi" CLKNET "clk" 

Report:    8.361ns delay system/bus/byte_sd/SLICE_76 to sd_mosi

   Name    Fanout   Delay (ns)          Site               Resource
REG_DEL     ---     0.452     R4C20A.CLK to      R4C20A.Q0 system/bus/byte_sd/SLICE_76 (from clk)
ROUTE        23     2.889      R4C20A.Q0 to      R4C16A.B1 system/bus/byte_sd/busy
CTOF_DEL    ---     0.495      R4C16A.B1 to      R4C16A.F1 system/SLICE_65
ROUTE         1     1.728      R4C16A.F1 to       21.PADDO sd_mosi_c
DOPAD_DEL   ---     2.797       21.PADDO to         21.PAD sd_mosi
                  --------
                    8.361   (44.8% logic, 55.2% route), 3 logic levels.

Unconstrained Preference:
   CLOCK_TO_OUT PORT "gpio_reg_latch" CLKNET "clk" 

Report:    7.408ns delay system/SLICE_64 to gpio_reg_latch

   Name    Fanout   Delay (ns)          Site               Resource
REG_DEL     ---     0.452      R9C8D.CLK to       R9C8D.Q0 system/SLICE_64 (from clk)
ROUTE         3     4.159       R9C8D.Q0 to       20.PADDO gpio_reg_latch_c
DOPAD_DEL   ---     2.797       20.PADDO to         20.PAD gpio_reg_latch
                  --------
                    7.408   (43.9% logic, 56.1% route), 2 logic levels.

Unconstrained Preference:
   CLOCK_TO_OUT PORT "tx" CLKNET "clk" 

Report:    7.214ns delay system/bus/fixed_uart.console/SLICE_106 to tx

   Name    Fanout   Delay (ns)          Site               Resource
REG_DEL     ---     0.452     R2C19B.CLK to      R2C19B.Q0 system/bus/fixed_uart.console/SLICE_106 (from clk)
ROUTE        20     1.752      R2C19B.Q0 to      R2C18B.C1 system/bus/fixed_uart.console/tx_busy
CTOF_DEL    ---     0.495      R2C18B.C1 to      R2C18B.F1 system/bus/fixed_uart.console/SLICE_119
ROUTE         1     1.718      R2C18B.F1 to       23.PADDO tx_c
DOPAD_DEL   ---     2.797       23.PADDO to         23.PAD tx
                  --------
                    7.214   (51.9% logic, 48.1% route), 3 logic levels.

Unconstrained Preference:
   CLOCK_TO_OUT PORT "gpio_key_row[3]" CLKNET "clk" 

Report:    7.085ns delay system/SLICE_142 to gpio_key_row[3]

   Name    Fanout   Delay (ns)          Site               Resource
REG_DEL     ---     0.452     R4C18A.CLK to      R4C18A.Q0 system/SLICE_142 (from clk)
ROUTE         3     2.453      R4C18A.Q0 to        1.PADDT system/bus/host_miso_oe
TDTS_DEL    ---     4.180        1.PADDT to          1.PAD gpio_key_row[3]
                  --------
                    7.085   (65.4% logic, 34.6% route), 2 logic levels.

Unconstrained Preference:
   CLOCK_TO_OUT PORT "sd_cs_n" CLKNET "clk" 

Report:    6.834ns delay system/SLICE_68 to sd_cs_n

   Name    Fanout   Delay (ns)          Site               Resource
REG_DEL     ---     0.452     R4C19C.CLK to      R4C19C.Q0 system/SLICE_68 (from clk)
ROUTE         2     3.585      R4C19C.Q0 to        5.PADDO sd_cs_n_c
DOPAD_DEL   ---     2.797        5.PADDO to          5.PAD sd_cs_n
                  --------
                    6.834   (47.5% logic, 52.5% route), 2 logic levels.

Unconstrained Preference:
   CLOCK_TO_OUT PORT "sd_sck" CLKNET "clk" 

Report:    6.833ns delay system/bus/byte_sd/SLICE_69 to sd_sck

   Name    Fanout   Delay (ns)          Site               Resource
REG_DEL     ---     0.452     R4C21C.CLK to      R4C21C.Q0 system/bus/byte_sd/SLICE_69 (from clk)
ROUTE         9     3.584      R4C21C.Q0 to       27.PADDO sd_sck_c
DOPAD_DEL   ---     2.797       27.PADDO to         27.PAD sd_sck
                  --------
                    6.833   (47.5% logic, 52.5% route), 2 logic levels.

Unconstrained Preference:
   CLOCK_TO_OUT PORT "tx" CLKNET "clk" 

Report:    6.805ns delay system/bus/fixed_uart.console/SLICE_614 to tx

   Name    Fanout   Delay (ns)          Site               Resource
REG_DEL     ---     0.452     R3C19D.CLK to      R3C19D.Q0 system/bus/fixed_uart.console/SLICE_614 (from clk)
ROUTE         2     1.343      R3C19D.Q0 to      R2C18B.B1 system/bus/fixed_uart.console/tx_break
CTOF_DEL    ---     0.495      R2C18B.B1 to      R2C18B.F1 system/bus/fixed_uart.console/SLICE_119
ROUTE         1     1.718      R2C18B.F1 to       23.PADDO tx_c
DOPAD_DEL   ---     2.797       23.PADDO to         23.PAD tx
                  --------
                    6.805   (55.0% logic, 45.0% route), 3 logic levels.

Unconstrained Preference:
   CLOCK_TO_OUT PORT "sd_mosi" CLKNET "clk" 

Report:    6.771ns delay system/bus/byte_sd/SLICE_86 to sd_mosi

   Name    Fanout   Delay (ns)          Site               Resource
REG_DEL     ---     0.452     R4C19B.CLK to      R4C19B.Q1 system/bus/byte_sd/SLICE_86 (from clk)
ROUTE         1     1.299      R4C19B.Q1 to      R4C16A.A1 system/bus/byte_sd/tx_shift[7]
CTOF_DEL    ---     0.495      R4C16A.A1 to      R4C16A.F1 system/SLICE_65
ROUTE         1     1.728      R4C16A.F1 to       21.PADDO sd_mosi_c
DOPAD_DEL   ---     2.797       21.PADDO to         21.PAD sd_mosi
                  --------
                    6.771   (55.3% logic, 44.7% route), 3 logic levels.

Unconstrained Preference:
   CLOCK_TO_OUT PORT "tx" CLKNET "clk" 

Report:    6.448ns delay system/bus/fixed_uart.console/SLICE_115 to tx

   Name    Fanout   Delay (ns)          Site               Resource
REG_DEL     ---     0.452     R2C19C.CLK to      R2C19C.Q0 system/bus/fixed_uart.console/SLICE_115 (from clk)
ROUTE         1     0.986      R2C19C.Q0 to      R2C18B.A1 system/bus/fixed_uart.console/tx_shift[0]
CTOF_DEL    ---     0.495      R2C18B.A1 to      R2C18B.F1 system/bus/fixed_uart.console/SLICE_119
ROUTE         1     1.718      R2C18B.F1 to       23.PADDO tx_c
DOPAD_DEL   ---     2.797       23.PADDO to         23.PAD tx
                  --------
                    6.448   (58.1% logic, 41.9% route), 3 logic levels.

Unconstrained Preference:
   CLOCK_TO_OUT PORT "gpio_rs" CLKNET "clk" 

Report:    6.254ns delay system/SLICE_65 to gpio_rs

   Name    Fanout   Delay (ns)          Site               Resource
REG_DEL     ---     0.452     R4C16A.CLK to      R4C16A.Q0 system/SLICE_65 (from clk)
ROUTE         3     3.005      R4C16A.Q0 to       11.PADDO gpio_rs_c
DOPAD_DEL   ---     2.797       11.PADDO to         11.PAD gpio_rs
                  --------
                    6.254   (52.0% logic, 48.0% route), 2 logic levels.

Unconstrained Preference:
   CLOCK_TO_OUT PORT "gpio_din" CLKNET "clk" 

Report:    5.922ns delay system/SLICE_62 to gpio_din

   Name    Fanout   Delay (ns)          Site               Resource
REG_DEL     ---     0.452     R4C18C.CLK to      R4C18C.Q0 system/SLICE_62 (from clk)
ROUTE         3     2.673      R4C18C.Q0 to       16.PADDO gpio_din_c
DOPAD_DEL   ---     2.797       16.PADDO to         16.PAD gpio_din
                  --------
                    5.922   (54.9% logic, 45.1% route), 2 logic levels.

Unconstrained Preference:
   CLOCK_TO_OUT PORT "gpio_blank" CLKNET "clk" 

Report:    5.492ns delay system/SLICE_59 to gpio_blank

   Name    Fanout   Delay (ns)          Site               Resource
REG_DEL     ---     0.452      R8C9A.CLK to       R8C9A.Q0 system/SLICE_59 (from clk)
ROUTE         3     2.243       R8C9A.Q0 to       13.PADDO gpio_blank_c
DOPAD_DEL   ---     2.797       13.PADDO to         13.PAD gpio_blank
                  --------
                    5.492   (59.2% logic, 40.8% route), 2 logic levels.

Unconstrained Preference:
   CLOCK_TO_OUT PORT "gpio_ce" CLKNET "clk" 

Report:    4.918ns delay system/SLICE_60 to gpio_ce

   Name    Fanout   Delay (ns)          Site               Resource
REG_DEL     ---     0.452      R9C9A.CLK to       R9C9A.Q0 system/SLICE_60 (from clk)
ROUTE         3     1.669       R9C9A.Q0 to       14.PADDO gpio_ce_c
DOPAD_DEL   ---     2.797       14.PADDO to         14.PAD gpio_ce
                  --------
                    4.918   (66.1% logic, 33.9% route), 2 logic levels.

Unconstrained Preference:
   CLOCK_TO_OUT PORT "gpio_msck" CLKNET "clk" 

Report:    4.805ns delay system/bus/guest_memory/SLICE_63 to gpio_msck

   Name    Fanout   Delay (ns)          Site               Resource
REG_DEL     ---     0.452     R10C5A.CLK to      R10C5A.Q0 system/bus/guest_memory/SLICE_63 (from clk)
ROUTE         5     1.556      R10C5A.Q0 to        9.PADDO gpio_msck_c
DOPAD_DEL   ---     2.797        9.PADDO to          9.PAD gpio_msck
                  --------
                    4.805   (67.6% logic, 32.4% route), 2 logic levels.

Unconstrained Preference:
   CLOCK_TO_OUT PORT "gpio_key_row[3]" CLKNET "clk" 

Report:    4.798ns delay system/SLICE_66 to gpio_key_row[3]

   Name    Fanout   Delay (ns)          Site               Resource
REG_DEL     ---     0.452     R9C10D.CLK to      R9C10D.Q0 system/SLICE_66 (from clk)
ROUTE         3     1.549      R9C10D.Q0 to        1.PADDO host_miso
DOPAD_DEL   ---     2.797        1.PADDO to          1.PAD gpio_key_row[3]
                  --------
                    4.798   (67.7% logic, 32.3% route), 2 logic levels.

Unconstrained Preference:
   CLOCK_TO_OUT PORT "gpio_clk" CLKNET "clk" 

Report:    4.396ns delay system/SLICE_61 to gpio_clk

   Name    Fanout   Delay (ns)          Site               Resource
REG_DEL     ---     0.452      R9C8A.CLK to       R9C8A.Q0 system/SLICE_61 (from clk)
ROUTE         4     1.147       R9C8A.Q0 to       12.PADDO gpio_clk_c
DOPAD_DEL   ---     2.797       12.PADDO to         12.PAD gpio_clk
                  --------
                    4.396   (73.9% logic, 26.1% route), 2 logic levels.

Unconstrained Preference:
   CLOCK_TO_OUT PORT "gpio_mcs" CLKNET "clk" 

Report:    3.407ns delay gpio_mcs_MGIOL to gpio_mcs

   Name    Fanout   Delay (ns)          Site               Resource
C2OUT_DEL   ---     0.567    IOL_B4C.CLK to  IOL_B4C.IOLDO gpio_mcs_MGIOL (from clk)
ROUTE         1     0.043  IOL_B4C.IOLDO to        8.IOLDO gpio_mcs_c
OP0PAD_DEL  ---     2.797        8.IOLDO to          8.PAD gpio_mcs
                  --------
                    3.407   (98.7% logic, 1.3% route), 2 logic levels.

Unconstrained Preference:
   CLOCK_TO_OUT PORT "gpio_mosi" CLKNET "clk" 

Report:    3.407ns delay gpio_mosi_MGIOL to gpio_mosi

   Name    Fanout   Delay (ns)          Site               Resource
C2OUT_DEL   ---     0.567   IOL_B20D.CLK to IOL_B20D.IOLDO gpio_mosi_MGIOL (from clk)
ROUTE         1     0.043 IOL_B20D.IOLDO to       17.IOLDO gpio_mosi_c
OP0PAD_DEL  ---     2.797       17.IOLDO to         17.PAD gpio_mosi
                  --------
                    3.407   (98.7% logic, 1.3% route), 2 logic levels.


================================================================================
Preference: Unconstrained: MAXDELAY
            0 unconstrained paths found
--------------------------------------------------------------------------------

Report Summary
--------------
----------------------------------------------------------------------------
Preference                              |   Constraint|       Actual|Levels
----------------------------------------------------------------------------
                                        |             |             |
FREQUENCY NET "clk" 29.560000 MHz ;     |   29.560 MHz|   31.284 MHz|  16  
                                        |             |             |
----------------------------------------------------------------------------


All preferences were met.


Clock Domains Analysis
------------------------

Found 1 clocks:

Clock Domain: clk   Source: oscillator.OSC   Loads: 238
   Covered under: FREQUENCY NET "clk" 29.560000 MHz ;


--------------------------------------------------------------------------------
                Connections not covered by the preferences
--------------------------------------------------------------------------------

     Delay                        Element                 Net

    0.565ns pio_key_row[0].PADDI to _key_row[0]_MGIOL.DI gpio_key_row_in[0]
    0.565ns        sd_miso.PADDI to     sd_miso_MGIOL.DI sd_miso_c
    0.565ns             rx.PADDI to          rx_MGIOL.DI rx_c
    0.565ns pio_key_row[1].PADDI to _key_row[1]_MGIOL.DI gpio_key_row_in[1]
    0.565ns pio_key_row[2].PADDI to _key_row[2]_MGIOL.DI gpio_key_row_in[2]
    0.565ns pio_key_row[3].PADDI to _key_row[3]_MGIOL.DI gpio_key_row_in[3]
    0.384ns      gpio_miso.PADDI to   gpio_miso_MGIOL.DI gpio_miso_c
    3.170ns            res.PADDI to        SLICE_434.LSR res_c

--------------------------------------------------------------------------------


Timing summary (Setup):
---------------

Timing errors: 0  Score: 0
Cumulative negative slack: 0

Constraints cover 3888776 paths, 1 nets, and 5574 connections (99.86% coverage)

--------------------------------------------------------------------------------
Lattice TRACE Report - Hold, Version Diamond (64-bit) 3.14.0.75.2
Thu Sep 10 01:53:18 2026

Copyright (c) 1991-1994 by NeoCAD Inc. All rights reserved.
Copyright (c) 1995 AT&T Corp.   All rights reserved.
Copyright (c) 1995-2001 Lucent Technologies Inc.  All rights reserved.
Copyright (c) 2001 Agere Systems   All rights reserved.
Copyright (c) 2002-2024 Lattice Semiconductor Corporation,  All rights reserved.

Report Information
------------------
Command line:    trce -v 10 -c -u 0 -gt -sethld -sp 4 -sphld m -o cp30d_impl1.twr cp30d_impl1.ncd cp30d_impl1.prf 
Design file:     cp30d_impl1.ncd
Preference file: cp30d_impl1.prf
Device,speed:    LCMXO2-1200HC,m
Report level:    verbose report, limited to 10 items per preference
--------------------------------------------------------------------------------

BLOCK ASYNCPATHS
BLOCK RESETPATHS
--------------------------------------------------------------------------------



================================================================================
Preference: FREQUENCY NET "clk" 29.560000 MHz ;
            4096 items scored, 0 timing errors detected.
--------------------------------------------------------------------------------


Passed: The following path meets requirements by 0.294ns

 Logical Details:  Cell type  Pin type       Cell/ASIC name  (clock net +/-)

   Source:         Sync_RAM   Q              system/cpu/engine/dp/rf/words_ram/RAM0  (from clk +)
   Destination:    FF         Data in        system/bus/boot_release_armed  (to clk +)

   Delay:               0.281ns  (98.2% logic, 1.8% route), 1 logic levels.

 Constraint Details:

      0.281ns physical path delay system/SLICE_39 to system/SLICE_39 meets
     -0.013ns DIN_HLD and
      0.000ns delay constraint less
      0.000ns skew requirement (totaling -0.013ns) by 0.294ns

 Physical Path Details:

      Data path system/SLICE_39 to system/SLICE_39:

   Name    Fanout   Delay (ns)          Site               Resource
CLKTOF_DEL  ---     0.276     R7C14A.WCK to      R7C14A.F1 system/SLICE_39 (from clk)
ROUTE        39     0.005      R7C14A.F1 to     R7C14A.DI1 system/address[1] (to clk)
                  --------
                    0.281   (98.2% logic, 1.8% route), 1 logic levels.

 Clock Skew Details: 

      Source Clock Path oscillator to system/SLICE_39:

   Name    Fanout   Delay (ns)          Site               Resource
ROUTE       238     1.216        OSC.OSC to     R7C14A.WCK clk
                  --------
                    1.216   (0.0% logic, 100.0% route), 0 logic levels.

      Destination Clock Path oscillator to system/SLICE_39:

   Name    Fanout   Delay (ns)          Site               Resource
ROUTE       238     1.216        OSC.OSC to     R7C14A.CLK clk
                  --------
                    1.216   (0.0% logic, 100.0% route), 0 logic levels.


Passed: The following path meets requirements by 0.304ns

 Logical Details:  Cell type  Pin type       Cell/ASIC name  (clock net +/-)

   Source:         FF         Q              reset_sync[1]  (from clk +)
   Destination:    FF         Data in        reset_sync[0]  (to clk +)

   Delay:               0.285ns  (46.7% logic, 53.3% route), 1 logic levels.

 Constraint Details:

      0.285ns physical path delay SLICE_434 to SLICE_434 meets
     -0.019ns M_HLD and
      0.000ns delay constraint less
      0.000ns skew requirement (totaling -0.019ns) by 0.304ns

 Physical Path Details:

      Data path SLICE_434 to SLICE_434:

   Name    Fanout   Delay (ns)          Site               Resource
REG_DEL     ---     0.133     R8C14A.CLK to      R8C14A.Q1 SLICE_434 (from clk)
ROUTE         1     0.152      R8C14A.Q1 to      R8C14A.M0 reset_sync[1] (to clk)
                  --------
                    0.285   (46.7% logic, 53.3% route), 1 logic levels.

 Clock Skew Details: 

      Source Clock Path oscillator to SLICE_434:

   Name    Fanout   Delay (ns)          Site               Resource
ROUTE       238     1.216        OSC.OSC to     R8C14A.CLK clk
                  --------
                    1.216   (0.0% logic, 100.0% route), 0 logic levels.

      Destination Clock Path oscillator to SLICE_434:

   Name    Fanout   Delay (ns)          Site               Resource
ROUTE       238     1.216        OSC.OSC to     R8C14A.CLK clk
                  --------
                    1.216   (0.0% logic, 100.0% route), 0 logic levels.


Passed: The following path meets requirements by 0.304ns

 Logical Details:  Cell type  Pin type       Cell/ASIC name  (clock net +/-)

   Source:         FF         Q              system/bus/byte_sd/rx_shift[7]  (from clk +)
   Destination:    FF         Data in        system/bus/byte_sd/rdata_1[7]  (to clk +)

   Delay:               0.285ns  (46.7% logic, 53.3% route), 1 logic levels.

 Constraint Details:

      0.285ns physical path delay system/bus/SLICE_344 to system/bus/SLICE_339 meets
     -0.019ns M_HLD and
      0.000ns delay constraint less
      0.000ns skew requirement (totaling -0.019ns) by 0.304ns

 Physical Path Details:

      Data path system/bus/SLICE_344 to system/bus/SLICE_339:

   Name    Fanout   Delay (ns)          Site               Resource
REG_DEL     ---     0.133     R7C19B.CLK to      R7C19B.Q0 system/bus/SLICE_344 (from clk)
ROUTE         1     0.152      R7C19B.Q0 to      R7C19D.M1 system/bus/byte_sd/rdata_8[7] (to clk)
                  --------
                    0.285   (46.7% logic, 53.3% route), 1 logic levels.

 Clock Skew Details: 

      Source Clock Path oscillator to system/bus/SLICE_344:

   Name    Fanout   Delay (ns)          Site               Resource
ROUTE       238     1.216        OSC.OSC to     R7C19B.CLK clk
                  --------
                    1.216   (0.0% logic, 100.0% route), 0 logic levels.

      Destination Clock Path oscillator to system/bus/SLICE_339:

   Name    Fanout   Delay (ns)          Site               Resource
ROUTE       238     1.216        OSC.OSC to     R7C19D.CLK clk
                  --------
                    1.216   (0.0% logic, 100.0% route), 0 logic levels.


Passed: The following path meets requirements by 0.304ns

 Logical Details:  Cell type  Pin type       Cell/ASIC name  (clock net +/-)

   Source:         FF         Q              system/bus/fixed_uart.console/cts_sync[0]  (from clk +)
   Destination:    FF         Data in        system/bus/fixed_uart.console/cts_sync[1]  (to clk +)

   Delay:               0.285ns  (46.7% logic, 53.3% route), 1 logic levels.

 Constraint Details:

      0.285ns physical path delay system/bus/fixed_uart.console/SLICE_87 to system/bus/fixed_uart.console/SLICE_87 meets
     -0.019ns M_HLD and
      0.000ns delay constraint less
      0.000ns skew requirement (totaling -0.019ns) by 0.304ns

 Physical Path Details:

      Data path system/bus/fixed_uart.console/SLICE_87 to system/bus/fixed_uart.console/SLICE_87:

   Name    Fanout   Delay (ns)          Site               Resource
REG_DEL     ---     0.133     R2C21B.CLK to      R2C21B.Q0 system/bus/fixed_uart.console/SLICE_87 (from clk)
ROUTE         1     0.152      R2C21B.Q0 to      R2C21B.M1 system/bus/fixed_uart.console/cts_sync[0] (to clk)
                  --------
                    0.285   (46.7% logic, 53.3% route), 1 logic levels.

 Clock Skew Details: 

      Source Clock Path oscillator to system/bus/fixed_uart.console/SLICE_87:

   Name    Fanout   Delay (ns)          Site               Resource
ROUTE       238     1.216        OSC.OSC to     R2C21B.CLK clk
                  --------
                    1.216   (0.0% logic, 100.0% route), 0 logic levels.

      Destination Clock Path oscillator to system/bus/fixed_uart.console/SLICE_87:

   Name    Fanout   Delay (ns)          Site               Resource
ROUTE       238     1.216        OSC.OSC to     R2C21B.CLK clk
                  --------
                    1.216   (0.0% logic, 100.0% route), 0 logic levels.


Passed: The following path meets requirements by 0.306ns

 Logical Details:  Cell type  Pin type       Cell/ASIC name  (clock net +/-)

   Source:         FF         Q              system/bus/byte_sd/rx_shift[4]  (from clk +)
   Destination:    FF         Data in        system/bus/byte_sd/rx_shift[5]  (to clk +)

   Delay:               0.287ns  (46.3% logic, 53.7% route), 1 logic levels.

 Constraint Details:

      0.287ns physical path delay system/bus/SLICE_343 to system/bus/SLICE_338 meets
     -0.019ns M_HLD and
      0.000ns delay constraint less
      0.000ns skew requirement (totaling -0.019ns) by 0.306ns

 Physical Path Details:

      Data path system/bus/SLICE_343 to system/bus/SLICE_338:

   Name    Fanout   Delay (ns)          Site               Resource
REG_DEL     ---     0.133     R7C20A.CLK to      R7C20A.Q1 system/bus/SLICE_343 (from clk)
ROUTE         2     0.154      R7C20A.Q1 to      R7C20B.M0 system/bus/byte_sd/rdata_8[4] (to clk)
                  --------
                    0.287   (46.3% logic, 53.7% route), 1 logic levels.

 Clock Skew Details: 

      Source Clock Path oscillator to system/bus/SLICE_343:

   Name    Fanout   Delay (ns)          Site               Resource
ROUTE       238     1.216        OSC.OSC to     R7C20A.CLK clk
                  --------
                    1.216   (0.0% logic, 100.0% route), 0 logic levels.

      Destination Clock Path oscillator to system/bus/SLICE_338:

   Name    Fanout   Delay (ns)          Site               Resource
ROUTE       238     1.216        OSC.OSC to     R7C20B.CLK clk
                  --------
                    1.216   (0.0% logic, 100.0% route), 0 logic levels.


Passed: The following path meets requirements by 0.306ns

 Logical Details:  Cell type  Pin type       Cell/ASIC name  (clock net +/-)

   Source:         FF         Q              system/bus/timebase/state[12]  (from clk +)
   Destination:    FF         Data in        system/bus/timebase/state[13]  (to clk +)

   Delay:               0.287ns  (46.3% logic, 53.7% route), 1 logic levels.

 Constraint Details:

      0.287ns physical path delay system/bus/timebase/SLICE_367 to system/bus/timebase/SLICE_367 meets
     -0.019ns M_HLD and
      0.000ns delay constraint less
      0.000ns skew requirement (totaling -0.019ns) by 0.306ns

 Physical Path Details:

      Data path system/bus/timebase/SLICE_367 to system/bus/timebase/SLICE_367:

   Name    Fanout   Delay (ns)          Site               Resource
REG_DEL     ---     0.133     R8C13A.CLK to      R8C13A.Q0 system/bus/timebase/SLICE_367 (from clk)
ROUTE         2     0.154      R8C13A.Q0 to      R8C13A.M1 system/bus/timebase/state[12] (to clk)
                  --------
                    0.287   (46.3% logic, 53.7% route), 1 logic levels.

 Clock Skew Details: 

      Source Clock Path oscillator to system/bus/timebase/SLICE_367:

   Name    Fanout   Delay (ns)          Site               Resource
ROUTE       238     1.216        OSC.OSC to     R8C13A.CLK clk
                  --------
                    1.216   (0.0% logic, 100.0% route), 0 logic levels.

      Destination Clock Path oscillator to system/bus/timebase/SLICE_367:

   Name    Fanout   Delay (ns)          Site               Resource
ROUTE       238     1.216        OSC.OSC to     R8C13A.CLK clk
                  --------
                    1.216   (0.0% logic, 100.0% route), 0 logic levels.


Passed: The following path meets requirements by 0.306ns

 Logical Details:  Cell type  Pin type       Cell/ASIC name  (clock net +/-)

   Source:         FF         Q              system/bus/byte_sd/rx_shift[5]  (from clk +)
   Destination:    FF         Data in        system/bus/byte_sd/rx_shift[6]  (to clk +)

   Delay:               0.287ns  (46.3% logic, 53.7% route), 1 logic levels.

 Constraint Details:

      0.287ns physical path delay system/bus/SLICE_338 to system/bus/SLICE_338 meets
     -0.019ns M_HLD and
      0.000ns delay constraint less
      0.000ns skew requirement (totaling -0.019ns) by 0.306ns

 Physical Path Details:

      Data path system/bus/SLICE_338 to system/bus/SLICE_338:

   Name    Fanout   Delay (ns)          Site               Resource
REG_DEL     ---     0.133     R7C20B.CLK to      R7C20B.Q0 system/bus/SLICE_338 (from clk)
ROUTE         2     0.154      R7C20B.Q0 to      R7C20B.M1 system/bus/byte_sd/rdata_8[5] (to clk)
                  --------
                    0.287   (46.3% logic, 53.7% route), 1 logic levels.

 Clock Skew Details: 

      Source Clock Path oscillator to system/bus/SLICE_338:

   Name    Fanout   Delay (ns)          Site               Resource
ROUTE       238     1.216        OSC.OSC to     R7C20B.CLK clk
                  --------
                    1.216   (0.0% logic, 100.0% route), 0 logic levels.

      Destination Clock Path oscillator to system/bus/SLICE_338:

   Name    Fanout   Delay (ns)          Site               Resource
ROUTE       238     1.216        OSC.OSC to     R7C20B.CLK clk
                  --------
                    1.216   (0.0% logic, 100.0% route), 0 logic levels.


Passed: The following path meets requirements by 0.306ns

 Logical Details:  Cell type  Pin type       Cell/ASIC name  (clock net +/-)

   Source:         FF         Q              system/bus/timebase/state[16]  (from clk +)
   Destination:    FF         Data in        system/bus/timebase/state[17]  (to clk +)

   Delay:               0.287ns  (46.3% logic, 53.7% route), 1 logic levels.

 Constraint Details:

      0.287ns physical path delay system/bus/SLICE_440 to system/bus/SLICE_440 meets
     -0.019ns M_HLD and
      0.000ns delay constraint less
      0.000ns skew requirement (totaling -0.019ns) by 0.306ns

 Physical Path Details:

      Data path system/bus/SLICE_440 to system/bus/SLICE_440:

   Name    Fanout   Delay (ns)          Site               Resource
REG_DEL     ---     0.133     R9C13C.CLK to      R9C13C.Q0 system/bus/SLICE_440 (from clk)
ROUTE         2     0.154      R9C13C.Q0 to      R9C13C.M1 system/bus/timebase/state[16] (to clk)
                  --------
                    0.287   (46.3% logic, 53.7% route), 1 logic levels.

 Clock Skew Details: 

      Source Clock Path oscillator to system/bus/SLICE_440:

   Name    Fanout   Delay (ns)          Site               Resource
ROUTE       238     1.216        OSC.OSC to     R9C13C.CLK clk
                  --------
                    1.216   (0.0% logic, 100.0% route), 0 logic levels.

      Destination Clock Path oscillator to system/bus/SLICE_440:

   Name    Fanout   Delay (ns)          Site               Resource
ROUTE       238     1.216        OSC.OSC to     R9C13C.CLK clk
                  --------
                    1.216   (0.0% logic, 100.0% route), 0 logic levels.


Passed: The following path meets requirements by 0.306ns

 Logical Details:  Cell type  Pin type       Cell/ASIC name  (clock net +/-)

   Source:         FF         Q              system/bus/fixed_uart.console/rx_shift[5]  (from clk +)
   Destination:    FF         Data in        system/bus/fixed_uart.console/rx_shift[4]  (to clk +)

   Delay:               0.287ns  (46.3% logic, 53.7% route), 1 logic levels.

 Constraint Details:

      0.287ns physical path delay system/bus/fixed_uart.console/SLICE_349 to system/bus/fixed_uart.console/SLICE_349 meets
     -0.019ns M_HLD and
      0.000ns delay constraint less
      0.000ns skew requirement (totaling -0.019ns) by 0.306ns

 Physical Path Details:

      Data path system/bus/fixed_uart.console/SLICE_349 to system/bus/fixed_uart.console/SLICE_349:

   Name    Fanout   Delay (ns)          Site               Resource
REG_DEL     ---     0.133     R3C20C.CLK to      R3C20C.Q1 system/bus/fixed_uart.console/SLICE_349 (from clk)
ROUTE         2     0.154      R3C20C.Q1 to      R3C20C.M0 system/bus/fixed_uart.console/rx_shift[5] (to clk)
                  --------
                    0.287   (46.3% logic, 53.7% route), 1 logic levels.

 Clock Skew Details: 

      Source Clock Path oscillator to system/bus/fixed_uart.console/SLICE_349:

   Name    Fanout   Delay (ns)          Site               Resource
ROUTE       238     1.216        OSC.OSC to     R3C20C.CLK clk
                  --------
                    1.216   (0.0% logic, 100.0% route), 0 logic levels.

      Destination Clock Path oscillator to system/bus/fixed_uart.console/SLICE_349:

   Name    Fanout   Delay (ns)          Site               Resource
ROUTE       238     1.216        OSC.OSC to     R3C20C.CLK clk
                  --------
                    1.216   (0.0% logic, 100.0% route), 0 logic levels.


Passed: The following path meets requirements by 0.306ns

 Logical Details:  Cell type  Pin type       Cell/ASIC name  (clock net +/-)

   Source:         FF         Q              system/bus/byte_sd/rx_shift[3]  (from clk +)
   Destination:    FF         Data in        system/bus/byte_sd/rx_shift[4]  (to clk +)

   Delay:               0.287ns  (46.3% logic, 53.7% route), 1 logic levels.

 Constraint Details:

      0.287ns physical path delay system/bus/SLICE_343 to system/bus/SLICE_343 meets
     -0.019ns M_HLD and
      0.000ns delay constraint less
      0.000ns skew requirement (totaling -0.019ns) by 0.306ns

 Physical Path Details:

      Data path system/bus/SLICE_343 to system/bus/SLICE_343:

   Name    Fanout   Delay (ns)          Site               Resource
REG_DEL     ---     0.133     R7C20A.CLK to      R7C20A.Q0 system/bus/SLICE_343 (from clk)
ROUTE         2     0.154      R7C20A.Q0 to      R7C20A.M1 system/bus/byte_sd/rdata_8[3] (to clk)
                  --------
                    0.287   (46.3% logic, 53.7% route), 1 logic levels.

 Clock Skew Details: 

      Source Clock Path oscillator to system/bus/SLICE_343:

   Name    Fanout   Delay (ns)          Site               Resource
ROUTE       238     1.216        OSC.OSC to     R7C20A.CLK clk
                  --------
                    1.216   (0.0% logic, 100.0% route), 0 logic levels.

      Destination Clock Path oscillator to system/bus/SLICE_343:

   Name    Fanout   Delay (ns)          Site               Resource
ROUTE       238     1.216        OSC.OSC to     R7C20A.CLK clk
                  --------
                    1.216   (0.0% logic, 100.0% route), 0 logic levels.

Report Summary
--------------
----------------------------------------------------------------------------
Preference(MIN Delays)                  |   Constraint|       Actual|Levels
----------------------------------------------------------------------------
                                        |             |             |
FREQUENCY NET "clk" 29.560000 MHz ;     |     0.000 ns|     0.294 ns|   1  
                                        |             |             |
----------------------------------------------------------------------------


All preferences were met.


Clock Domains Analysis
------------------------

Found 1 clocks:

Clock Domain: clk   Source: oscillator.OSC   Loads: 238
   Covered under: FREQUENCY NET "clk" 29.560000 MHz ;


--------------------------------------------------------------------------------
                Connections not covered by the preferences
--------------------------------------------------------------------------------

     Delay                        Element                 Net

    0.177ns pio_key_row[0].PADDI to _key_row[0]_MGIOL.DI gpio_key_row_in[0]
    0.177ns        sd_miso.PADDI to     sd_miso_MGIOL.DI sd_miso_c
    0.177ns             rx.PADDI to          rx_MGIOL.DI rx_c
    0.177ns pio_key_row[1].PADDI to _key_row[1]_MGIOL.DI gpio_key_row_in[1]
    0.177ns pio_key_row[2].PADDI to _key_row[2]_MGIOL.DI gpio_key_row_in[2]
    0.177ns pio_key_row[3].PADDI to _key_row[3]_MGIOL.DI gpio_key_row_in[3]
    0.127ns      gpio_miso.PADDI to   gpio_miso_MGIOL.DI gpio_miso_c
    1.048ns            res.PADDI to        SLICE_434.LSR res_c

--------------------------------------------------------------------------------


Timing summary (Hold):
---------------

Timing errors: 0  Score: 0
Cumulative negative slack: 0

Constraints cover 3888776 paths, 1 nets, and 5574 connections (99.86% coverage)



Timing summary (Setup and Hold):
---------------

Timing errors: 0 (setup), 0 (hold)
Score: 0 (setup), 0 (hold)
Cumulative negative slack: 0 (0+0)
--------------------------------------------------------------------------------

--------------------------------------------------------------------------------

