
      Lattice Mapping Report File for Design Module 'uj11_probe_engine'


Design Information
------------------

Command line:   map -a MachXO2 -p LCMXO2-1200HC -t QFN32 -s 4 -oc Commercial
     cp3_impl1.ngd -o cp3_impl1_map.ncd -pr cp3_impl1.prf -mp cp3_impl1.mrp -lpf
     /tmp/uj11-cp3r2-20260908/build/cp3/impl1/cp3_impl1_synplify.lpf -lpf
     /tmp/uj11-cp3r2-20260908/synth/machxo2/uj11.lpf -c 0 -pe 
Target Vendor:  LATTICE
Target Device:  LCMXO2-1200HCQFN32
Target Performance:   4
Mapper:  xo2c00,  version:  Diamond (64-bit) 3.14.0.75.2
Mapped on:  09/08/26  18:14:30

Design Summary
--------------

   Number of registers:    303 out of  1346 (23%)
      PFU registers:          302 out of  1280 (24%)
      PIO registers:            1 out of    66 (2%)
   Number of SLICEs:       305 out of   640 (48%)
      SLICEs as Logic/ROM:    281 out of   640 (44%)
      SLICEs as RAM:           24 out of   480 (5%)
      SLICEs as Carry:         15 out of   640 (2%)
   Number of LUT4s:        610 out of  1280 (48%)
      Number used as logic LUTs:        532
      Number used as distributed RAM:    48
      Number used as ripple logic:       30
      Number used as shift registers:     0
   Number of PIO sites used: 4 + 4(JTAG) out of 22 (36%)
   Number of block RAMs:  4 out of 7 (57%)
   Number of GSRs:        0 out of 1 (0%)
   EFB used :        No
   JTAG used :       No
   Readback used :   No
   Oscillator used : No
   Startup used :    No
   POR :             On
   Bandgap :         On
   Number of Power Controller:  0 out of 1 (0%)
   Number of Dynamic Bank Controller (BCINRD):  0 out of 4 (0%)
   Number of Dynamic Bank Controller (BCLVDSO):  0 out of 1 (0%)
   Number of DCCA:  0 out of 8 (0%)
   Number of DCMA:  0 out of 2 (0%)
   Number of PLLs:  0 out of 1 (0%)
   Number of DQSDLLs:  0 out of 2 (0%)
   Number of CLKDIVC:  0 out of 4 (0%)
   Number of ECLKSYNCA:  0 out of 4 (0%)
   Number of ECLKBRIDGECS:  0 out of 2 (0%)
   Notes:-
      1. Total number of LUT4s = (Number of logic LUT4s) + 2*(Number of
     distributed RAMs) + 2*(Number of ripple logic)
      2. Number of logic LUT4s does not include count of distributed RAM and
     ripple logic.
   Number of clocks:  1
     Net clk_c: 185 loads, 185 rising, 0 falling (Driver: PIO clk )
   Number of Clock Enables:  10
     Net engine/un1_bus_fault_2_i: 1 loads, 1 LSLICEs
     Net engine/un1_reset: 8 loads, 0 LSLICEs

                                    Page 1




Design:  uj11_probe_engine                             Date:  09/08/26  18:14:30

Design Summary (cont)
---------------------
     Net engine/stepdup: 10 loads, 10 LSLICEs
     Net engine/seq/link_valid_0_sqmuxa: 6 loads, 6 LSLICEs
     Net engine/seq/link_valid_en: 1 loads, 1 LSLICEs
     Net engine/status/un1_psw15_i: 2 loads, 2 LSLICEs
     Net engine/status/pswce[4]: 11 loads, 11 LSLICEs
     Net engine/dp/un1_q20_i: 9 loads, 9 LSLICEs
     Net engine/mdr6: 8 loads, 8 LSLICEs
     Net engine/ir6: 8 loads, 8 LSLICEs
   Number of LSRs:  1
     Net reset_c: 164 loads, 163 LSLICEs
   Number of nets driven by tri-state buffers:  0
   Top 10 highest fanout non-clock nets:
     Net reset_c: 177 loads
     Net uword[35]: 86 loads
     Net engine/operation[3]: 82 loads
     Net engine/operation[2]: 52 loads
     Net uword[31]: 44 loads
     Net engine/fetching: 33 loads
     Net engine/operation[0]: 33 loads
     Net uword[11]: 32 loads
     Net engine/dp/un17_writeback: 30 loads
     Net uword[34]: 29 loads




   Number of warnings:  0
   Number of errors:    0
     

Design Errors/Warnings
----------------------

   No errors or warnings present.

IO (PIO) Attributes
-------------------

+---------------------+-----------+-----------+------------+
| IO Name             | Direction | Levelmode | IO         |
|                     |           |  IO_TYPE  | Register   |
+---------------------+-----------+-----------+------------+
| serial_out          | OUTPUT    | LVCMOS33  |            |
+---------------------+-----------+-----------+------------+
| clk                 | INPUT     | LVCMOS33  |            |
+---------------------+-----------+-----------+------------+
| serial_in           | INPUT     | LVCMOS33  | IN         |
+---------------------+-----------+-----------+------------+
| reset               | INPUT     | LVCMOS33  |            |
+---------------------+-----------+-----------+------------+

Removed logic
-------------

Block VCC undriven or does not drive anything - clipped.
Block GSR_INST undriven or does not drive anything - clipped.

                                    Page 2




Design:  uj11_probe_engine                             Date:  09/08/26  18:14:30

Removed logic (cont)
--------------------
Block GND undriven or does not drive anything - clipped.
Block engine/VCC undriven or does not drive anything - clipped.
Block engine/GND undriven or does not drive anything - clipped.
Block engine/dp/GND undriven or does not drive anything - clipped.
Block engine/dp/VCC undriven or does not drive anything - clipped.
Block engine/dp/alu/VCC undriven or does not drive anything - clipped.
Block engine/dp/rf/GND undriven or does not drive anything - clipped.
Block engine/dp/rf/VCC undriven or does not drive anything - clipped.
Block engine/status/GND undriven or does not drive anything - clipped.
Block engine/status/VCC undriven or does not drive anything - clipped.
Block engine/memory/VCC undriven or does not drive anything - clipped.
Block engine/memory/GND undriven or does not drive anything - clipped.
Signal engine/dp/alu/GND undriven or does not drive anything - clipped.
Signal engine/seq/GND undriven or does not drive anything - clipped.
Signal engine/rom/VCC undriven or does not drive anything - clipped.
Signal engine/rom/GND undriven or does not drive anything - clipped.
Signal VCC undriven or does not drive anything - clipped.
Signal engine/dp/alu/un1_arithmetic_b_cry_0_0_S0 undriven or does not drive
     anything - clipped.
Signal engine/dp/alu/N_1 undriven or does not drive anything - clipped.
Signal engine/dp/alu/un1_arithmetic_b_cry_15_0_COUT undriven or does not drive
     anything - clipped.
Signal engine/seq/un1_upc_s_9_0_S1 undriven or does not drive anything -
     clipped.
Signal engine/seq/un1_upc_s_9_0_COUT undriven or does not drive anything -
     clipped.
Signal engine/seq/un1_upc_cry_0_0_S1 undriven or does not drive anything -
     clipped.
Signal engine/seq/un1_upc_cry_0_0_S0 undriven or does not drive anything -
     clipped.
Signal engine/seq/N_1 undriven or does not drive anything - clipped.
Signal engine/rom/lane_2_DOB8 undriven or does not drive anything - clipped.
Signal engine/rom/lane_2_DOB7 undriven or does not drive anything - clipped.
Signal engine/rom/lane_2_DOB6 undriven or does not drive anything - clipped.
Signal engine/rom/lane_2_DOB5 undriven or does not drive anything - clipped.
Signal engine/rom/lane_2_DOB4 undriven or does not drive anything - clipped.
Signal engine/rom/lane_2_DOB3 undriven or does not drive anything - clipped.
Signal engine/rom/lane_2_DOB2 undriven or does not drive anything - clipped.
Signal engine/rom/lane_2_DOB1 undriven or does not drive anything - clipped.
Signal engine/rom/lane_2_DOB0 undriven or does not drive anything - clipped.
Signal engine/rom/lane_1_DOB8 undriven or does not drive anything - clipped.
Signal engine/rom/lane_1_DOB7 undriven or does not drive anything - clipped.
Signal engine/rom/lane_1_DOB6 undriven or does not drive anything - clipped.
Signal engine/rom/lane_1_DOB5 undriven or does not drive anything - clipped.
Signal engine/rom/lane_1_DOB4 undriven or does not drive anything - clipped.
Signal engine/rom/lane_1_DOB3 undriven or does not drive anything - clipped.
Signal engine/rom/lane_1_DOB2 undriven or does not drive anything - clipped.
Signal engine/rom/lane_1_DOB1 undriven or does not drive anything - clipped.
Signal engine/rom/lane_1_DOB0 undriven or does not drive anything - clipped.
Signal engine/rom/lane_0_DOB8 undriven or does not drive anything - clipped.
Signal engine/rom/lane_0_DOB7 undriven or does not drive anything - clipped.
Signal engine/rom/lane_0_DOB6 undriven or does not drive anything - clipped.
Signal engine/rom/lane_0_DOB5 undriven or does not drive anything - clipped.
Signal engine/rom/lane_0_DOB4 undriven or does not drive anything - clipped.
Signal engine/rom/lane_0_DOB3 undriven or does not drive anything - clipped.
Signal engine/rom/lane_0_DOB2 undriven or does not drive anything - clipped.

                                    Page 3




Design:  uj11_probe_engine                             Date:  09/08/26  18:14:30

Removed logic (cont)
--------------------
Signal engine/rom/lane_0_DOB1 undriven or does not drive anything - clipped.
Signal engine/rom/lane_0_DOB0 undriven or does not drive anything - clipped.
Signal engine/rom/lane_3_DOB8 undriven or does not drive anything - clipped.
Signal engine/rom/lane_3_DOB7 undriven or does not drive anything - clipped.
Signal engine/rom/lane_3_DOB6 undriven or does not drive anything - clipped.
Signal engine/rom/lane_3_DOB5 undriven or does not drive anything - clipped.
Signal engine/rom/lane_3_DOB4 undriven or does not drive anything - clipped.
Signal engine/rom/lane_3_DOB3 undriven or does not drive anything - clipped.
Signal engine/rom/lane_3_DOB2 undriven or does not drive anything - clipped.
Signal engine/rom/lane_3_DOB1 undriven or does not drive anything - clipped.
Signal engine/rom/lane_3_DOB0 undriven or does not drive anything - clipped.
Block engine/dp/alu/GND was optimized away.
Block engine/seq/GND was optimized away.
Block engine/rom/VCC was optimized away.
Block engine/rom/GND was optimized away.

Memory Usage
------------

/:
    EBRs: 0
    RAM SLICEs: 16
    Logic SLICEs: 91
    PFU Registers: 214
/engine/dp/rf/words_1_ram:
    EBRs: 0
    RAM SLICEs: 1
    Logic SLICEs: 0
    PFU Registers: 0
/engine/dp/rf/words_1_ram_0:
    EBRs: 0
    RAM SLICEs: 1
    Logic SLICEs: 0
    PFU Registers: 0
/engine/dp/rf/words_1_ram_1:
    EBRs: 0
    RAM SLICEs: 1
    Logic SLICEs: 0
    PFU Registers: 0
/engine/dp/rf/words_1_ram_2:
    EBRs: 0
    RAM SLICEs: 1
    Logic SLICEs: 0
    PFU Registers: 0
/engine/dp/rf/words_ram:
    EBRs: 0
    RAM SLICEs: 1
    Logic SLICEs: 0
    PFU Registers: 0
/engine/dp/rf/words_ram_0:
    EBRs: 0
    RAM SLICEs: 1
    Logic SLICEs: 0
    PFU Registers: 0
/engine/dp/rf/words_ram_1:
    EBRs: 0

                                    Page 4




Design:  uj11_probe_engine                             Date:  09/08/26  18:14:30

Memory Usage (cont)
-------------------
    RAM SLICEs: 1
    Logic SLICEs: 0
    PFU Registers: 0
/engine/dp/rf/words_ram_2:
    EBRs: 0
    RAM SLICEs: 1
    Logic SLICEs: 0
    PFU Registers: 0
/engine/rom:
    EBRs: 4
    RAM SLICEs: 0
    Logic SLICEs: 0
    PFU Registers: 0
    -Contains EBR lane_3:  TYPE= DP8KC,  Width_A= 9,  Depth_A= 1024,  REGMODE_A=
         NOREG,  REGMODE_B= NOREG,  RESETMODE= SYNC,  ASYNC_RESET_RELEASE= SYNC,
         WRITEMODE_A= NORMAL,  WRITEMODE_B= NORMAL,  GSR= DISABLED
    -Contains EBR lane_0:  TYPE= DP8KC,  Width_A= 9,  Depth_A= 1024,  REGMODE_A=
         NOREG,  REGMODE_B= NOREG,  RESETMODE= SYNC,  ASYNC_RESET_RELEASE= SYNC,
         WRITEMODE_A= NORMAL,  WRITEMODE_B= NORMAL,  GSR= DISABLED
    -Contains EBR lane_1:  TYPE= DP8KC,  Width_A= 9,  Depth_A= 1024,  REGMODE_A=
         NOREG,  REGMODE_B= NOREG,  RESETMODE= SYNC,  ASYNC_RESET_RELEASE= SYNC,
         WRITEMODE_A= NORMAL,  WRITEMODE_B= NORMAL,  GSR= DISABLED
    -Contains EBR lane_2:  TYPE= DP8KC,  Width_A= 9,  Depth_A= 1024,  REGMODE_A=
         NOREG,  REGMODE_B= NOREG,  RESETMODE= SYNC,  ASYNC_RESET_RELEASE= SYNC,
         WRITEMODE_A= NORMAL,  WRITEMODE_B= NORMAL,  GSR= DISABLED

     

ASIC Components
---------------

Instance Name: engine/rom/lane_3
         Type: DP8KC
Instance Name: engine/rom/lane_0
         Type: DP8KC
Instance Name: engine/rom/lane_1
         Type: DP8KC
Instance Name: engine/rom/lane_2
         Type: DP8KC

Run Time and Memory Usage
-------------------------

   Total CPU Time: 0 secs  
   Total REAL Time: 0 secs  
   Peak Memory Usage: 155 MB
        










                                    Page 5


Copyright (c) 1991-1994 by NeoCAD Inc. All rights reserved.
     Copyright (c) 1995 AT&T Corp.   All rights reserved.
     Copyright (c) 1995-2001 Lucent Technologies Inc.  All rights reserved.
     Copyright (c) 2001 Agere Systems   All rights reserved.
     Copyright (c) 2002-2024 Lattice Semiconductor Corporation,  All rights
     reserved.
