
Loading design for application trce from file cp57e_impl1.ncd.
Design name: uj11_hc1200_microcomp
NCD version: 3.3
Vendor:      LATTICE
Device:      LCMXO2-1200HC
Package:     QFN32
Performance: 4
Loading device for application trce from file 'xo2c1200.nph' in environment: /home/sash/.local/lscc/diamond/3.14/ispfpga.
Package Status:                     Final          Version 1.44.
Performance Hardware Data Status:   Final          Version 36.4.
Setup and Hold Report

--------------------------------------------------------------------------------
Lattice TRACE Report - Setup, Version Diamond (64-bit) 3.14.0.75.2
Sat Sep 12 12:29:18 2026

Copyright (c) 1991-1994 by NeoCAD Inc. All rights reserved.
Copyright (c) 1995 AT&T Corp.   All rights reserved.
Copyright (c) 1995-2001 Lucent Technologies Inc.  All rights reserved.
Copyright (c) 2001 Agere Systems   All rights reserved.
Copyright (c) 2002-2024 Lattice Semiconductor Corporation,  All rights reserved.

Report Information
------------------
Command line:    trce -v 10 -c -u 0 -gt -sethld -sp 4 -sphld m -o cp57e_impl1.twr cp57e_impl1.ncd cp57e_impl1.prf 
Design file:     cp57e_impl1.ncd
Preference file: cp57e_impl1.prf
Device,speed:    LCMXO2-1200HC,4
Report level:    verbose report, limited to 10 items per preference
--------------------------------------------------------------------------------

BLOCK ASYNCPATHS
BLOCK RESETPATHS
--------------------------------------------------------------------------------



================================================================================
Preference: FREQUENCY NET "clk" 29.560000 MHz ;
            4096 items scored, 0 timing errors detected.
--------------------------------------------------------------------------------


Passed: The following path meets requirements by 2.561ns

 Logical Details:  Cell type  Pin type       Cell/ASIC name  (clock net +/-)

   Source:         DP8KC      Port           system/cpu/engine/rom/lane_2(ASIC)  (from clk +)
   Destination:    DP8KC      Port           system/cpu/engine/rom/lane_1(ASIC)  (to clk +)

   Delay:              31.294ns  (38.1% logic, 61.9% route), 15 logic levels.

 Constraint Details:

     31.294ns physical path delay system/cpu/engine/rom/lane_2 to system/cpu/engine/rom/lane_1 meets
     33.829ns delay constraint less
      0.000ns skew and
     -0.026ns ADDR_SET requirement (totaling 33.855ns) by 2.561ns

 Physical Path Details:

      Data path system/cpu/engine/rom/lane_2 to system/cpu/engine/rom/lane_1:

   Name    Fanout   Delay (ns)          Site               Resource
C2Q_DEL     ---     4.979  EBR_R6C7.CLKA to  EBR_R6C7.DOA8 system/cpu/engine/rom/lane_2 (from clk)
ROUTE         4     1.280  EBR_R6C7.DOA8 to       R8C9C.D1 system/cpu/engine/a_select_2[0]
CTOF_DEL    ---     0.495       R8C9C.D1 to       R8C9C.F1 system/cpu/engine/SLICE_671
ROUTE         1     0.693       R8C9C.F1 to       R8C9D.B1 system/cpu/engine/un6_select_register[1]
CTOF_DEL    ---     0.495       R8C9D.B1 to       R8C9D.F1 system/cpu/engine/SLICE_406
ROUTE        18     1.530       R8C9D.F1 to       R7C9B.B1 system/cpu/engine/un30_d_axb1
CTOF_DEL    ---     0.495       R7C9B.B1 to       R7C9B.F1 system/cpu/engine/dp/rf/words_ram_1/SLICE_51
ROUTE        15     2.448       R7C9B.F1 to      R8C15A.B1 system/address[11]
CTOF_DEL    ---     0.495      R8C15A.B1 to      R8C15A.F1 system/bus/SLICE_452
ROUTE         3     1.598      R8C15A.F1 to      R7C19B.C1 system/bus/un1_address_28_8
CTOF_DEL    ---     0.495      R7C19B.C1 to      R7C19B.F1 system/bus/SLICE_424
ROUTE         4     1.672      R7C19B.F1 to      R8C13A.D0 system/bus/un1_address_28_fc
CTOF_DEL    ---     0.495      R8C13A.D0 to      R8C13A.F0 system/bus/SLICE_648
ROUTE         3     1.206      R8C13A.F0 to     R10C12D.C0 system/bus/immediate_io_response_3
CTOF_DEL    ---     0.495     R10C12D.C0 to     R10C12D.F0 system/SLICE_478
ROUTE         4     0.669     R10C12D.F0 to     R10C11D.D0 system/acknowledgedupdup
CTOF_DEL    ---     0.495     R10C11D.D0 to     R10C11D.F0 system/cpu/engine/SLICE_392
ROUTE         3     0.640     R10C11D.F0 to     R10C12D.D1 system/cpu/engine/acknowledgedupdup_0
CTOF_DEL    ---     0.495     R10C12D.D1 to     R10C12D.F1 system/SLICE_478
ROUTE         7     0.996     R10C12D.F1 to      R10C9A.D1 system/cpu/engine/un1_bus_fault_2dupdup
CTOF_DEL    ---     0.495      R10C9A.D1 to      R10C9A.F1 system/cpu/engine/seq/SLICE_514
ROUTE        14     1.021      R10C9A.F1 to      R8C10A.D1 system/cpu/engine/seq/next_address_2_sqmuxa_1
CTOF_DEL    ---     0.495      R8C10A.D1 to      R8C10A.F1 system/cpu/engine/seq/SLICE_519
ROUTE        10     1.244      R8C10A.F1 to       R9C8D.C0 system/cpu/engine/seq/next_address_7_sqmuxa
CTOF_DEL    ---     0.495       R9C8D.C0 to       R9C8D.F0 system/cpu/engine/seq/SLICE_629
ROUTE         1     1.079       R9C8D.F0 to      R9C11C.C0 system/cpu/engine/seq/next_address_0_iv_3[4]
CTOF_DEL    ---     0.495      R9C11C.C0 to      R9C11C.F0 system/cpu/engine/seq/SLICE_515
ROUTE         1     1.163      R9C11C.F0 to       R9C9A.C0 system/cpu/engine/seq/next_address_0_iv_5[4]
CTOF_DEL    ---     0.495       R9C9A.C0 to       R9C9A.F0 system/cpu/engine/seq/SLICE_240
ROUTE         5     2.146       R9C9A.F0 to  EBR_R6C1.ADA7 system/cpu/engine/next_address_0_iv_i[4] (to clk)
                  --------
                   31.294   (38.1% logic, 61.9% route), 15 logic levels.

 Clock Skew Details: 

      Source Clock Path oscillator to system/cpu/engine/rom/lane_2:

   Name    Fanout   Delay (ns)          Site               Resource
ROUTE       245     3.714        OSC.OSC to  EBR_R6C7.CLKA clk
                  --------
                    3.714   (0.0% logic, 100.0% route), 0 logic levels.

      Destination Clock Path oscillator to system/cpu/engine/rom/lane_1:

   Name    Fanout   Delay (ns)          Site               Resource
ROUTE       245     3.714        OSC.OSC to  EBR_R6C1.CLKA clk
                  --------
                    3.714   (0.0% logic, 100.0% route), 0 logic levels.


Passed: The following path meets requirements by 2.594ns

 Logical Details:  Cell type  Pin type       Cell/ASIC name  (clock net +/-)

   Source:         DP8KC      Port           system/cpu/engine/rom/lane_2(ASIC)  (from clk +)
   Destination:    FF         Data in        system/bus/fixed_uart.console/rx_irq_o  (to clk +)

   Delay:              30.780ns  (41.9% logic, 58.1% route), 17 logic levels.

 Constraint Details:

     30.780ns physical path delay system/cpu/engine/rom/lane_2 to system/bus/fixed_uart.console/SLICE_251 meets
     33.829ns delay constraint less
      0.173ns skew and
      0.282ns CE_SET requirement (totaling 33.374ns) by 2.594ns

 Physical Path Details:

      Data path system/cpu/engine/rom/lane_2 to system/bus/fixed_uart.console/SLICE_251:

   Name    Fanout   Delay (ns)          Site               Resource
C2Q_DEL     ---     4.979  EBR_R6C7.CLKA to  EBR_R6C7.DOA8 system/cpu/engine/rom/lane_2 (from clk)
ROUTE         4     1.280  EBR_R6C7.DOA8 to       R8C9C.D1 system/cpu/engine/a_select_2[0]
CTOF_DEL    ---     0.495       R8C9C.D1 to       R8C9C.F1 system/cpu/engine/SLICE_671
ROUTE         1     0.693       R8C9C.F1 to       R8C9D.B1 system/cpu/engine/un6_select_register[1]
CTOF_DEL    ---     0.495       R8C9D.B1 to       R8C9D.F1 system/cpu/engine/SLICE_406
ROUTE        18     1.530       R8C9D.F1 to       R7C9B.B1 system/cpu/engine/un30_d_axb1
CTOF_DEL    ---     0.495       R7C9B.B1 to       R7C9B.F1 system/cpu/engine/dp/rf/words_ram_1/SLICE_51
ROUTE        15     2.448       R7C9B.F1 to      R8C15A.B1 system/address[11]
CTOF_DEL    ---     0.495      R8C15A.B1 to      R8C15A.F1 system/bus/SLICE_452
ROUTE         3     1.598      R8C15A.F1 to      R7C19B.C1 system/bus/un1_address_28_8
CTOF_DEL    ---     0.495      R7C19B.C1 to      R7C19B.F1 system/bus/SLICE_424
ROUTE         4     1.672      R7C19B.F1 to      R8C13A.D0 system/bus/un1_address_28_fc
CTOF_DEL    ---     0.495      R8C13A.D0 to      R8C13A.F0 system/bus/SLICE_648
ROUTE         3     1.206      R8C13A.F0 to     R10C12D.C0 system/bus/immediate_io_response_3
CTOF_DEL    ---     0.495     R10C12D.C0 to     R10C12D.F0 system/SLICE_478
ROUTE         4     0.669     R10C12D.F0 to     R10C11D.D0 system/acknowledgedupdup
CTOF_DEL    ---     0.495     R10C11D.D0 to     R10C11D.F0 system/cpu/engine/SLICE_392
ROUTE         3     0.453     R10C11D.F0 to     R10C11D.C1 system/cpu/engine/acknowledgedupdup_0
CTOF_DEL    ---     0.495     R10C11D.C1 to     R10C11D.F1 system/cpu/engine/SLICE_392
ROUTE         1     0.626     R10C11D.F1 to     R10C11A.D0 system/cpu/engine/un1_mem_ack_1dupdup
CTOF_DEL    ---     0.495     R10C11A.D0 to     R10C11A.F0 system/cpu/engine/SLICE_408
ROUTE         2     1.032     R10C11A.F0 to      R8C11B.B0 system/cpu/engine/readydupdup
CTOF_DEL    ---     0.495      R8C11B.B0 to      R8C11B.F0 system/cpu/engine/SLICE_416
ROUTE         8     1.007      R8C11B.F0 to      R8C13D.D1 system/cpu/engine/stepdupdup
CTOF_DEL    ---     0.495      R8C13D.D1 to      R8C13D.F1 system/cpu/engine/SLICE_407
ROUTE         6     0.643      R8C13D.F1 to      R8C13B.D1 system/irq_ackdup
CTOF_DEL    ---     0.495      R8C13B.D1 to      R8C13B.F1 system/SLICE_386
ROUTE         1     0.436      R8C13B.F1 to      R8C13B.C0 system/device_ack
CTOF_DEL    ---     0.495      R8C13B.C0 to      R8C13B.F0 system/SLICE_386
ROUTE         4     1.300      R8C13B.F0 to      R8C21D.C1 system/bus/vic_strobe
CTOF_DEL    ---     0.495      R8C21D.C1 to      R8C21D.F1 system/bus/SLICE_254
ROUTE         2     0.635      R8C21D.F1 to      R8C21B.D1 system/bus/rx_irq_ack
CTOF_DEL    ---     0.495      R8C21B.D1 to      R8C21B.F1 system/bus/fixed_uart.console/SLICE_102
ROUTE         1     0.653      R8C21B.F1 to      R8C21C.CE system/bus/fixed_uart.console/un1_rx_full8_1_i (to clk)
                  --------
                   30.780   (41.9% logic, 58.1% route), 17 logic levels.

 Clock Skew Details: 

      Source Clock Path oscillator to system/cpu/engine/rom/lane_2:

   Name    Fanout   Delay (ns)          Site               Resource
ROUTE       245     3.714        OSC.OSC to  EBR_R6C7.CLKA clk
                  --------
                    3.714   (0.0% logic, 100.0% route), 0 logic levels.

      Destination Clock Path oscillator to system/bus/fixed_uart.console/SLICE_251:

   Name    Fanout   Delay (ns)          Site               Resource
ROUTE       245     3.541        OSC.OSC to     R8C21C.CLK clk
                  --------
                    3.541   (0.0% logic, 100.0% route), 0 logic levels.


Passed: The following path meets requirements by 2.633ns

 Logical Details:  Cell type  Pin type       Cell/ASIC name  (clock net +/-)

   Source:         DP8KC      Port           system/cpu/engine/rom/lane_2(ASIC)  (from clk +)
   Destination:    DP8KC      Port           system/cpu/engine/rom/lane_0(ASIC)  (to clk +)

   Delay:              31.222ns  (40.5% logic, 59.5% route), 16 logic levels.

 Constraint Details:

     31.222ns physical path delay system/cpu/engine/rom/lane_2 to system/cpu/engine/rom/lane_0 meets
     33.829ns delay constraint less
      0.000ns skew and
     -0.026ns ADDR_SET requirement (totaling 33.855ns) by 2.633ns

 Physical Path Details:

      Data path system/cpu/engine/rom/lane_2 to system/cpu/engine/rom/lane_0:

   Name    Fanout   Delay (ns)          Site               Resource
C2Q_DEL     ---     4.979  EBR_R6C7.CLKA to  EBR_R6C7.DOA8 system/cpu/engine/rom/lane_2 (from clk)
ROUTE         4     1.280  EBR_R6C7.DOA8 to       R8C9C.D1 system/cpu/engine/a_select_2[0]
CTOF_DEL    ---     0.495       R8C9C.D1 to       R8C9C.F1 system/cpu/engine/SLICE_671
ROUTE         1     0.693       R8C9C.F1 to       R8C9D.B1 system/cpu/engine/un6_select_register[1]
CTOF_DEL    ---     0.495       R8C9D.B1 to       R8C9D.F1 system/cpu/engine/SLICE_406
ROUTE        18     1.530       R8C9D.F1 to       R7C9B.B1 system/cpu/engine/un30_d_axb1
CTOF_DEL    ---     0.495       R7C9B.B1 to       R7C9B.F1 system/cpu/engine/dp/rf/words_ram_1/SLICE_51
ROUTE        15     2.448       R7C9B.F1 to      R8C15A.B1 system/address[11]
CTOF_DEL    ---     0.495      R8C15A.B1 to      R8C15A.F1 system/bus/SLICE_452
ROUTE         3     1.598      R8C15A.F1 to      R7C19B.C1 system/bus/un1_address_28_8
CTOF_DEL    ---     0.495      R7C19B.C1 to      R7C19B.F1 system/bus/SLICE_424
ROUTE         4     1.672      R7C19B.F1 to      R8C13A.D0 system/bus/un1_address_28_fc
CTOF_DEL    ---     0.495      R8C13A.D0 to      R8C13A.F0 system/bus/SLICE_648
ROUTE         3     1.206      R8C13A.F0 to     R10C12D.C0 system/bus/immediate_io_response_3
CTOF_DEL    ---     0.495     R10C12D.C0 to     R10C12D.F0 system/SLICE_478
ROUTE         4     0.669     R10C12D.F0 to     R10C11D.D0 system/acknowledgedupdup
CTOF_DEL    ---     0.495     R10C11D.D0 to     R10C11D.F0 system/cpu/engine/SLICE_392
ROUTE         3     0.640     R10C11D.F0 to     R10C12D.D1 system/cpu/engine/acknowledgedupdup_0
CTOF_DEL    ---     0.495     R10C12D.D1 to     R10C12D.F1 system/SLICE_478
ROUTE         7     0.669     R10C12D.F1 to     R10C10B.D1 system/cpu/engine/un1_bus_fault_2dupdup
CTOOFX_DEL  ---     0.721     R10C10B.D1 to   R10C10B.OFX0 system/cpu/engine/seq/predicates_pmux_6/SLICE_293
ROUTE         1     0.958   R10C10B.OFX0 to      R10C8A.D0 system/cpu/engine/seq/N_63
CTOF_DEL    ---     0.495      R10C8A.D0 to      R10C8A.F0 system/cpu/engine/seq/SLICE_528
ROUTE         2     0.967      R10C8A.F0 to       R9C7C.D0 system/cpu/engine/seq/condition
CTOF_DEL    ---     0.495       R9C7C.D0 to       R9C7C.F0 system/cpu/engine/seq/SLICE_522
ROUTE         1     0.958       R9C7C.F0 to       R9C9B.D1 system/cpu/engine/seq/next_address_1_sqmuxa_5
CTOF_DEL    ---     0.495       R9C9B.D1 to       R9C9B.F1 system/cpu/engine/seq/SLICE_511
ROUTE        10     0.364       R9C9B.F1 to       R9C9D.D0 system/cpu/engine/seq/next_address_3_sqmuxa
CTOF_DEL    ---     0.495       R9C9D.D0 to       R9C9D.F0 system/cpu/engine/seq/SLICE_512
ROUTE         1     1.072       R9C9D.F0 to      R10C9C.D1 system/cpu/engine/seq/next_address_2_m[1]
CTOF_DEL    ---     0.495      R10C9C.D1 to      R10C9C.F1 system/cpu/engine/seq/SLICE_238
ROUTE         5     1.868      R10C9C.F1 to  EBR_R6C4.ADA4 system/cpu/engine/next_address[1] (to clk)
                  --------
                   31.222   (40.5% logic, 59.5% route), 16 logic levels.

 Clock Skew Details: 

      Source Clock Path oscillator to system/cpu/engine/rom/lane_2:

   Name    Fanout   Delay (ns)          Site               Resource
ROUTE       245     3.714        OSC.OSC to  EBR_R6C7.CLKA clk
                  --------
                    3.714   (0.0% logic, 100.0% route), 0 logic levels.

      Destination Clock Path oscillator to system/cpu/engine/rom/lane_0:

   Name    Fanout   Delay (ns)          Site               Resource
ROUTE       245     3.714        OSC.OSC to  EBR_R6C4.CLKA clk
                  --------
                    3.714   (0.0% logic, 100.0% route), 0 logic levels.


Passed: The following path meets requirements by 2.633ns

 Logical Details:  Cell type  Pin type       Cell/ASIC name  (clock net +/-)

   Source:         DP8KC      Port           system/cpu/engine/rom/lane_2(ASIC)  (from clk +)
   Destination:    DP8KC      Port           system/cpu/engine/rom/lane_1(ASIC)  (to clk +)

   Delay:              31.222ns  (40.5% logic, 59.5% route), 16 logic levels.

 Constraint Details:

     31.222ns physical path delay system/cpu/engine/rom/lane_2 to system/cpu/engine/rom/lane_1 meets
     33.829ns delay constraint less
      0.000ns skew and
     -0.026ns ADDR_SET requirement (totaling 33.855ns) by 2.633ns

 Physical Path Details:

      Data path system/cpu/engine/rom/lane_2 to system/cpu/engine/rom/lane_1:

   Name    Fanout   Delay (ns)          Site               Resource
C2Q_DEL     ---     4.979  EBR_R6C7.CLKA to  EBR_R6C7.DOA8 system/cpu/engine/rom/lane_2 (from clk)
ROUTE         4     1.280  EBR_R6C7.DOA8 to       R8C9C.D1 system/cpu/engine/a_select_2[0]
CTOF_DEL    ---     0.495       R8C9C.D1 to       R8C9C.F1 system/cpu/engine/SLICE_671
ROUTE         1     0.693       R8C9C.F1 to       R8C9D.B1 system/cpu/engine/un6_select_register[1]
CTOF_DEL    ---     0.495       R8C9D.B1 to       R8C9D.F1 system/cpu/engine/SLICE_406
ROUTE        18     1.530       R8C9D.F1 to       R7C9B.B1 system/cpu/engine/un30_d_axb1
CTOF_DEL    ---     0.495       R7C9B.B1 to       R7C9B.F1 system/cpu/engine/dp/rf/words_ram_1/SLICE_51
ROUTE        15     2.448       R7C9B.F1 to      R8C15A.B1 system/address[11]
CTOF_DEL    ---     0.495      R8C15A.B1 to      R8C15A.F1 system/bus/SLICE_452
ROUTE         3     1.598      R8C15A.F1 to      R7C19B.C1 system/bus/un1_address_28_8
CTOF_DEL    ---     0.495      R7C19B.C1 to      R7C19B.F1 system/bus/SLICE_424
ROUTE         4     1.672      R7C19B.F1 to      R8C13A.D0 system/bus/un1_address_28_fc
CTOF_DEL    ---     0.495      R8C13A.D0 to      R8C13A.F0 system/bus/SLICE_648
ROUTE         3     1.206      R8C13A.F0 to     R10C12D.C0 system/bus/immediate_io_response_3
CTOF_DEL    ---     0.495     R10C12D.C0 to     R10C12D.F0 system/SLICE_478
ROUTE         4     0.669     R10C12D.F0 to     R10C11D.D0 system/acknowledgedupdup
CTOF_DEL    ---     0.495     R10C11D.D0 to     R10C11D.F0 system/cpu/engine/SLICE_392
ROUTE         3     0.640     R10C11D.F0 to     R10C12D.D1 system/cpu/engine/acknowledgedupdup_0
CTOF_DEL    ---     0.495     R10C12D.D1 to     R10C12D.F1 system/SLICE_478
ROUTE         7     0.669     R10C12D.F1 to     R10C10B.D1 system/cpu/engine/un1_bus_fault_2dupdup
CTOOFX_DEL  ---     0.721     R10C10B.D1 to   R10C10B.OFX0 system/cpu/engine/seq/predicates_pmux_6/SLICE_293
ROUTE         1     0.958   R10C10B.OFX0 to      R10C8A.D0 system/cpu/engine/seq/N_63
CTOF_DEL    ---     0.495      R10C8A.D0 to      R10C8A.F0 system/cpu/engine/seq/SLICE_528
ROUTE         2     0.967      R10C8A.F0 to       R9C7C.D0 system/cpu/engine/seq/condition
CTOF_DEL    ---     0.495       R9C7C.D0 to       R9C7C.F0 system/cpu/engine/seq/SLICE_522
ROUTE         1     0.958       R9C7C.F0 to       R9C9B.D1 system/cpu/engine/seq/next_address_1_sqmuxa_5
CTOF_DEL    ---     0.495       R9C9B.D1 to       R9C9B.F1 system/cpu/engine/seq/SLICE_511
ROUTE        10     0.364       R9C9B.F1 to       R9C9D.D0 system/cpu/engine/seq/next_address_3_sqmuxa
CTOF_DEL    ---     0.495       R9C9D.D0 to       R9C9D.F0 system/cpu/engine/seq/SLICE_512
ROUTE         1     1.072       R9C9D.F0 to      R10C9C.D1 system/cpu/engine/seq/next_address_2_m[1]
CTOF_DEL    ---     0.495      R10C9C.D1 to      R10C9C.F1 system/cpu/engine/seq/SLICE_238
ROUTE         5     1.868      R10C9C.F1 to  EBR_R6C1.ADA4 system/cpu/engine/next_address[1] (to clk)
                  --------
                   31.222   (40.5% logic, 59.5% route), 16 logic levels.

 Clock Skew Details: 

      Source Clock Path oscillator to system/cpu/engine/rom/lane_2:

   Name    Fanout   Delay (ns)          Site               Resource
ROUTE       245     3.714        OSC.OSC to  EBR_R6C7.CLKA clk
                  --------
                    3.714   (0.0% logic, 100.0% route), 0 logic levels.

      Destination Clock Path oscillator to system/cpu/engine/rom/lane_1:

   Name    Fanout   Delay (ns)          Site               Resource
ROUTE       245     3.714        OSC.OSC to  EBR_R6C1.CLKA clk
                  --------
                    3.714   (0.0% logic, 100.0% route), 0 logic levels.


Passed: The following path meets requirements by 2.641ns

 Logical Details:  Cell type  Pin type       Cell/ASIC name  (clock net +/-)

   Source:         DP8KC      Port           system/cpu/engine/rom/lane_2(ASIC)  (from clk +)
   Destination:    DP8KC      Port           system/cpu/engine/rom/lane_3(ASIC)  (to clk +)

   Delay:              31.214ns  (40.5% logic, 59.5% route), 16 logic levels.

 Constraint Details:

     31.214ns physical path delay system/cpu/engine/rom/lane_2 to system/cpu/engine/rom/lane_3 meets
     33.829ns delay constraint less
      0.000ns skew and
     -0.026ns ADDR_SET requirement (totaling 33.855ns) by 2.641ns

 Physical Path Details:

      Data path system/cpu/engine/rom/lane_2 to system/cpu/engine/rom/lane_3:

   Name    Fanout   Delay (ns)          Site               Resource
C2Q_DEL     ---     4.979  EBR_R6C7.CLKA to  EBR_R6C7.DOA8 system/cpu/engine/rom/lane_2 (from clk)
ROUTE         4     1.280  EBR_R6C7.DOA8 to       R8C9C.D1 system/cpu/engine/a_select_2[0]
CTOF_DEL    ---     0.495       R8C9C.D1 to       R8C9C.F1 system/cpu/engine/SLICE_671
ROUTE         1     0.693       R8C9C.F1 to       R8C9D.B1 system/cpu/engine/un6_select_register[1]
CTOF_DEL    ---     0.495       R8C9D.B1 to       R8C9D.F1 system/cpu/engine/SLICE_406
ROUTE        18     1.530       R8C9D.F1 to       R7C9B.B1 system/cpu/engine/un30_d_axb1
CTOF_DEL    ---     0.495       R7C9B.B1 to       R7C9B.F1 system/cpu/engine/dp/rf/words_ram_1/SLICE_51
ROUTE        15     2.448       R7C9B.F1 to      R8C15A.B1 system/address[11]
CTOF_DEL    ---     0.495      R8C15A.B1 to      R8C15A.F1 system/bus/SLICE_452
ROUTE         3     1.598      R8C15A.F1 to      R7C19B.C1 system/bus/un1_address_28_8
CTOF_DEL    ---     0.495      R7C19B.C1 to      R7C19B.F1 system/bus/SLICE_424
ROUTE         4     1.672      R7C19B.F1 to      R8C13A.D0 system/bus/un1_address_28_fc
CTOF_DEL    ---     0.495      R8C13A.D0 to      R8C13A.F0 system/bus/SLICE_648
ROUTE         3     1.206      R8C13A.F0 to     R10C12D.C0 system/bus/immediate_io_response_3
CTOF_DEL    ---     0.495     R10C12D.C0 to     R10C12D.F0 system/SLICE_478
ROUTE         4     0.669     R10C12D.F0 to     R10C11D.D0 system/acknowledgedupdup
CTOF_DEL    ---     0.495     R10C11D.D0 to     R10C11D.F0 system/cpu/engine/SLICE_392
ROUTE         3     0.640     R10C11D.F0 to     R10C12D.D1 system/cpu/engine/acknowledgedupdup_0
CTOF_DEL    ---     0.495     R10C12D.D1 to     R10C12D.F1 system/SLICE_478
ROUTE         7     0.669     R10C12D.F1 to     R10C10B.D1 system/cpu/engine/un1_bus_fault_2dupdup
CTOOFX_DEL  ---     0.721     R10C10B.D1 to   R10C10B.OFX0 system/cpu/engine/seq/predicates_pmux_6/SLICE_293
ROUTE         1     0.958   R10C10B.OFX0 to      R10C8A.D0 system/cpu/engine/seq/N_63
CTOF_DEL    ---     0.495      R10C8A.D0 to      R10C8A.F0 system/cpu/engine/seq/SLICE_528
ROUTE         2     0.967      R10C8A.F0 to       R9C7C.D0 system/cpu/engine/seq/condition
CTOF_DEL    ---     0.495       R9C7C.D0 to       R9C7C.F0 system/cpu/engine/seq/SLICE_522
ROUTE         1     0.958       R9C7C.F0 to       R9C9B.D1 system/cpu/engine/seq/next_address_1_sqmuxa_5
CTOF_DEL    ---     0.495       R9C9B.D1 to       R9C9B.F1 system/cpu/engine/seq/SLICE_511
ROUTE        10     0.364       R9C9B.F1 to       R9C9D.D0 system/cpu/engine/seq/next_address_3_sqmuxa
CTOF_DEL    ---     0.495       R9C9D.D0 to       R9C9D.F0 system/cpu/engine/seq/SLICE_512
ROUTE         1     1.072       R9C9D.F0 to      R10C9C.D1 system/cpu/engine/seq/next_address_2_m[1]
CTOF_DEL    ---     0.495      R10C9C.D1 to      R10C9C.F1 system/cpu/engine/seq/SLICE_238
ROUTE         5     1.860      R10C9C.F1 to EBR_R6C10.ADA4 system/cpu/engine/next_address[1] (to clk)
                  --------
                   31.214   (40.5% logic, 59.5% route), 16 logic levels.

 Clock Skew Details: 

      Source Clock Path oscillator to system/cpu/engine/rom/lane_2:

   Name    Fanout   Delay (ns)          Site               Resource
ROUTE       245     3.714        OSC.OSC to  EBR_R6C7.CLKA clk
                  --------
                    3.714   (0.0% logic, 100.0% route), 0 logic levels.

      Destination Clock Path oscillator to system/cpu/engine/rom/lane_3:

   Name    Fanout   Delay (ns)          Site               Resource
ROUTE       245     3.714        OSC.OSC to EBR_R6C10.CLKA clk
                  --------
                    3.714   (0.0% logic, 100.0% route), 0 logic levels.


Passed: The following path meets requirements by 2.697ns

 Logical Details:  Cell type  Pin type       Cell/ASIC name  (clock net +/-)

   Source:         DP8KC      Port           system/cpu/engine/rom/lane_2(ASIC)  (from clk +)
   Destination:    DP8KC      Port           system/cpu/engine/rom/lane_1(ASIC)  (to clk +)

   Delay:              31.158ns  (39.8% logic, 60.2% route), 16 logic levels.

 Constraint Details:

     31.158ns physical path delay system/cpu/engine/rom/lane_2 to system/cpu/engine/rom/lane_1 meets
     33.829ns delay constraint less
      0.000ns skew and
     -0.026ns ADDR_SET requirement (totaling 33.855ns) by 2.697ns

 Physical Path Details:

      Data path system/cpu/engine/rom/lane_2 to system/cpu/engine/rom/lane_1:

   Name    Fanout   Delay (ns)          Site               Resource
C2Q_DEL     ---     4.979  EBR_R6C7.CLKA to  EBR_R6C7.DOA8 system/cpu/engine/rom/lane_2 (from clk)
ROUTE         4     1.280  EBR_R6C7.DOA8 to       R8C9C.D1 system/cpu/engine/a_select_2[0]
CTOF_DEL    ---     0.495       R8C9C.D1 to       R8C9C.F1 system/cpu/engine/SLICE_671
ROUTE         1     0.693       R8C9C.F1 to       R8C9D.B1 system/cpu/engine/un6_select_register[1]
CTOF_DEL    ---     0.495       R8C9D.B1 to       R8C9D.F1 system/cpu/engine/SLICE_406
ROUTE        18     1.530       R8C9D.F1 to       R7C9B.B1 system/cpu/engine/un30_d_axb1
CTOF_DEL    ---     0.495       R7C9B.B1 to       R7C9B.F1 system/cpu/engine/dp/rf/words_ram_1/SLICE_51
ROUTE        15     2.448       R7C9B.F1 to      R8C15A.B1 system/address[11]
CTOF_DEL    ---     0.495      R8C15A.B1 to      R8C15A.F1 system/bus/SLICE_452
ROUTE         3     1.598      R8C15A.F1 to      R7C19B.C1 system/bus/un1_address_28_8
CTOF_DEL    ---     0.495      R7C19B.C1 to      R7C19B.F1 system/bus/SLICE_424
ROUTE         4     1.672      R7C19B.F1 to      R8C13A.D0 system/bus/un1_address_28_fc
CTOF_DEL    ---     0.495      R8C13A.D0 to      R8C13A.F0 system/bus/SLICE_648
ROUTE         3     1.206      R8C13A.F0 to     R10C12D.C0 system/bus/immediate_io_response_3
CTOF_DEL    ---     0.495     R10C12D.C0 to     R10C12D.F0 system/SLICE_478
ROUTE         4     0.669     R10C12D.F0 to     R10C11D.D0 system/acknowledgedupdup
CTOF_DEL    ---     0.495     R10C11D.D0 to     R10C11D.F0 system/cpu/engine/SLICE_392
ROUTE         3     0.640     R10C11D.F0 to     R10C12D.D1 system/cpu/engine/acknowledgedupdup_0
CTOF_DEL    ---     0.495     R10C12D.D1 to     R10C12D.F1 system/SLICE_478
ROUTE         7     0.783     R10C12D.F1 to      R8C12D.C1 system/cpu/engine/un1_bus_fault_2dupdup
CTOF_DEL    ---     0.495      R8C12D.C1 to      R8C12D.F1 system/cpu/engine/SLICE_534
ROUTE         4     0.670      R8C12D.F1 to      R8C10C.D0 system/cpu/engine/fault_redirectdup
CTOF_DEL    ---     0.495      R8C10C.D0 to      R8C10C.F0 system/cpu/engine/seq/SLICE_391
ROUTE        10     1.023      R8C10C.F0 to      R8C12B.D1 system/cpu/engine/seq/next_address_1_sqmuxa_1
CTOF_DEL    ---     0.495      R8C12B.D1 to      R8C12B.F1 system/cpu/engine/seq/SLICE_527
ROUTE         1     1.004      R8C12B.F1 to      R8C12B.B0 system/cpu/engine/seq/next_address_1_iv_0[8]
CTOF_DEL    ---     0.495      R8C12B.B0 to      R8C12B.F0 system/cpu/engine/seq/SLICE_527
ROUTE         1     1.023      R8C12B.F0 to      R8C10A.B0 system/cpu/engine/seq/next_address_1_iv_2[8]
CTOF_DEL    ---     0.495      R8C10A.B0 to      R8C10A.F0 system/cpu/engine/seq/SLICE_519
ROUTE         1     0.744      R8C10A.F0 to       R8C9A.C0 system/cpu/engine/seq/next_address_1_iv_3[8]
CTOF_DEL    ---     0.495       R8C9A.C0 to       R8C9A.F0 system/cpu/engine/seq/SLICE_242
ROUTE         5     1.771       R8C9A.F0 to EBR_R6C1.ADA11 system/cpu/engine/next_address[8] (to clk)
                  --------
                   31.158   (39.8% logic, 60.2% route), 16 logic levels.

 Clock Skew Details: 

      Source Clock Path oscillator to system/cpu/engine/rom/lane_2:

   Name    Fanout   Delay (ns)          Site               Resource
ROUTE       245     3.714        OSC.OSC to  EBR_R6C7.CLKA clk
                  --------
                    3.714   (0.0% logic, 100.0% route), 0 logic levels.

      Destination Clock Path oscillator to system/cpu/engine/rom/lane_1:

   Name    Fanout   Delay (ns)          Site               Resource
ROUTE       245     3.714        OSC.OSC to  EBR_R6C1.CLKA clk
                  --------
                    3.714   (0.0% logic, 100.0% route), 0 logic levels.


Passed: The following path meets requirements by 2.697ns

 Logical Details:  Cell type  Pin type       Cell/ASIC name  (clock net +/-)

   Source:         DP8KC      Port           system/cpu/engine/rom/lane_2(ASIC)  (from clk +)
   Destination:    DP8KC      Port           system/cpu/engine/rom/lane_0(ASIC)  (to clk +)

   Delay:              31.158ns  (39.8% logic, 60.2% route), 16 logic levels.

 Constraint Details:

     31.158ns physical path delay system/cpu/engine/rom/lane_2 to system/cpu/engine/rom/lane_0 meets
     33.829ns delay constraint less
      0.000ns skew and
     -0.026ns ADDR_SET requirement (totaling 33.855ns) by 2.697ns

 Physical Path Details:

      Data path system/cpu/engine/rom/lane_2 to system/cpu/engine/rom/lane_0:

   Name    Fanout   Delay (ns)          Site               Resource
C2Q_DEL     ---     4.979  EBR_R6C7.CLKA to  EBR_R6C7.DOA8 system/cpu/engine/rom/lane_2 (from clk)
ROUTE         4     1.280  EBR_R6C7.DOA8 to       R8C9C.D1 system/cpu/engine/a_select_2[0]
CTOF_DEL    ---     0.495       R8C9C.D1 to       R8C9C.F1 system/cpu/engine/SLICE_671
ROUTE         1     0.693       R8C9C.F1 to       R8C9D.B1 system/cpu/engine/un6_select_register[1]
CTOF_DEL    ---     0.495       R8C9D.B1 to       R8C9D.F1 system/cpu/engine/SLICE_406
ROUTE        18     1.530       R8C9D.F1 to       R7C9B.B1 system/cpu/engine/un30_d_axb1
CTOF_DEL    ---     0.495       R7C9B.B1 to       R7C9B.F1 system/cpu/engine/dp/rf/words_ram_1/SLICE_51
ROUTE        15     2.448       R7C9B.F1 to      R8C15A.B1 system/address[11]
CTOF_DEL    ---     0.495      R8C15A.B1 to      R8C15A.F1 system/bus/SLICE_452
ROUTE         3     1.598      R8C15A.F1 to      R7C19B.C1 system/bus/un1_address_28_8
CTOF_DEL    ---     0.495      R7C19B.C1 to      R7C19B.F1 system/bus/SLICE_424
ROUTE         4     1.672      R7C19B.F1 to      R8C13A.D0 system/bus/un1_address_28_fc
CTOF_DEL    ---     0.495      R8C13A.D0 to      R8C13A.F0 system/bus/SLICE_648
ROUTE         3     1.206      R8C13A.F0 to     R10C12D.C0 system/bus/immediate_io_response_3
CTOF_DEL    ---     0.495     R10C12D.C0 to     R10C12D.F0 system/SLICE_478
ROUTE         4     0.669     R10C12D.F0 to     R10C11D.D0 system/acknowledgedupdup
CTOF_DEL    ---     0.495     R10C11D.D0 to     R10C11D.F0 system/cpu/engine/SLICE_392
ROUTE         3     0.640     R10C11D.F0 to     R10C12D.D1 system/cpu/engine/acknowledgedupdup_0
CTOF_DEL    ---     0.495     R10C12D.D1 to     R10C12D.F1 system/SLICE_478
ROUTE         7     0.783     R10C12D.F1 to      R8C12D.C1 system/cpu/engine/un1_bus_fault_2dupdup
CTOF_DEL    ---     0.495      R8C12D.C1 to      R8C12D.F1 system/cpu/engine/SLICE_534
ROUTE         4     0.670      R8C12D.F1 to      R8C10C.D0 system/cpu/engine/fault_redirectdup
CTOF_DEL    ---     0.495      R8C10C.D0 to      R8C10C.F0 system/cpu/engine/seq/SLICE_391
ROUTE        10     1.023      R8C10C.F0 to      R8C12B.D1 system/cpu/engine/seq/next_address_1_sqmuxa_1
CTOF_DEL    ---     0.495      R8C12B.D1 to      R8C12B.F1 system/cpu/engine/seq/SLICE_527
ROUTE         1     1.004      R8C12B.F1 to      R8C12B.B0 system/cpu/engine/seq/next_address_1_iv_0[8]
CTOF_DEL    ---     0.495      R8C12B.B0 to      R8C12B.F0 system/cpu/engine/seq/SLICE_527
ROUTE         1     1.023      R8C12B.F0 to      R8C10A.B0 system/cpu/engine/seq/next_address_1_iv_2[8]
CTOF_DEL    ---     0.495      R8C10A.B0 to      R8C10A.F0 system/cpu/engine/seq/SLICE_519
ROUTE         1     0.744      R8C10A.F0 to       R8C9A.C0 system/cpu/engine/seq/next_address_1_iv_3[8]
CTOF_DEL    ---     0.495       R8C9A.C0 to       R8C9A.F0 system/cpu/engine/seq/SLICE_242
ROUTE         5     1.771       R8C9A.F0 to EBR_R6C4.ADA11 system/cpu/engine/next_address[8] (to clk)
                  --------
                   31.158   (39.8% logic, 60.2% route), 16 logic levels.

 Clock Skew Details: 

      Source Clock Path oscillator to system/cpu/engine/rom/lane_2:

   Name    Fanout   Delay (ns)          Site               Resource
ROUTE       245     3.714        OSC.OSC to  EBR_R6C7.CLKA clk
                  --------
                    3.714   (0.0% logic, 100.0% route), 0 logic levels.

      Destination Clock Path oscillator to system/cpu/engine/rom/lane_0:

   Name    Fanout   Delay (ns)          Site               Resource
ROUTE       245     3.714        OSC.OSC to  EBR_R6C4.CLKA clk
                  --------
                    3.714   (0.0% logic, 100.0% route), 0 logic levels.


Passed: The following path meets requirements by 2.734ns

 Logical Details:  Cell type  Pin type       Cell/ASIC name  (clock net +/-)

   Source:         DP8KC      Port           system/cpu/engine/rom/lane_2(ASIC)  (from clk +)
   Destination:    DP8KC      Port           system/cpu/engine/rom/lane_3(ASIC)  (to clk +)

   Delay:              31.121ns  (38.3% logic, 61.7% route), 15 logic levels.

 Constraint Details:

     31.121ns physical path delay system/cpu/engine/rom/lane_2 to system/cpu/engine/rom/lane_3 meets
     33.829ns delay constraint less
      0.000ns skew and
     -0.026ns ADDR_SET requirement (totaling 33.855ns) by 2.734ns

 Physical Path Details:

      Data path system/cpu/engine/rom/lane_2 to system/cpu/engine/rom/lane_3:

   Name    Fanout   Delay (ns)          Site               Resource
C2Q_DEL     ---     4.979  EBR_R6C7.CLKA to  EBR_R6C7.DOA8 system/cpu/engine/rom/lane_2 (from clk)
ROUTE         4     1.280  EBR_R6C7.DOA8 to       R8C9C.D1 system/cpu/engine/a_select_2[0]
CTOF_DEL    ---     0.495       R8C9C.D1 to       R8C9C.F1 system/cpu/engine/SLICE_671
ROUTE         1     0.693       R8C9C.F1 to       R8C9D.B1 system/cpu/engine/un6_select_register[1]
CTOF_DEL    ---     0.495       R8C9D.B1 to       R8C9D.F1 system/cpu/engine/SLICE_406
ROUTE        18     1.530       R8C9D.F1 to       R7C9B.B1 system/cpu/engine/un30_d_axb1
CTOF_DEL    ---     0.495       R7C9B.B1 to       R7C9B.F1 system/cpu/engine/dp/rf/words_ram_1/SLICE_51
ROUTE        15     2.448       R7C9B.F1 to      R8C15A.B1 system/address[11]
CTOF_DEL    ---     0.495      R8C15A.B1 to      R8C15A.F1 system/bus/SLICE_452
ROUTE         3     1.598      R8C15A.F1 to      R7C19B.C1 system/bus/un1_address_28_8
CTOF_DEL    ---     0.495      R7C19B.C1 to      R7C19B.F1 system/bus/SLICE_424
ROUTE         4     1.672      R7C19B.F1 to      R8C13A.D0 system/bus/un1_address_28_fc
CTOF_DEL    ---     0.495      R8C13A.D0 to      R8C13A.F0 system/bus/SLICE_648
ROUTE         3     1.206      R8C13A.F0 to     R10C12D.C0 system/bus/immediate_io_response_3
CTOF_DEL    ---     0.495     R10C12D.C0 to     R10C12D.F0 system/SLICE_478
ROUTE         4     0.669     R10C12D.F0 to     R10C11D.D0 system/acknowledgedupdup
CTOF_DEL    ---     0.495     R10C11D.D0 to     R10C11D.F0 system/cpu/engine/SLICE_392
ROUTE         3     0.640     R10C11D.F0 to     R10C12D.D1 system/cpu/engine/acknowledgedupdup_0
CTOF_DEL    ---     0.495     R10C12D.D1 to     R10C12D.F1 system/SLICE_478
ROUTE         7     0.996     R10C12D.F1 to      R10C9A.D1 system/cpu/engine/un1_bus_fault_2dupdup
CTOF_DEL    ---     0.495      R10C9A.D1 to      R10C9A.F1 system/cpu/engine/seq/SLICE_514
ROUTE        14     1.021      R10C9A.F1 to      R8C10A.D1 system/cpu/engine/seq/next_address_2_sqmuxa_1
CTOF_DEL    ---     0.495      R8C10A.D1 to      R8C10A.F1 system/cpu/engine/seq/SLICE_519
ROUTE        10     1.030      R8C10A.F1 to     R10C10C.A0 system/cpu/engine/seq/next_address_7_sqmuxa
CTOF_DEL    ---     0.495     R10C10C.A0 to     R10C10C.F0 system/cpu/engine/seq/SLICE_530
ROUTE         1     1.469     R10C10C.F0 to       R9C9C.D0 system/cpu/engine/seq/next_address_0_iv_3[2]
CTOF_DEL    ---     0.495       R9C9C.D0 to       R9C9C.F0 system/cpu/engine/seq/SLICE_516
ROUTE         1     1.498       R9C9C.F0 to       R8C6A.A0 system/cpu/engine/seq/next_address_0_iv_5[2]
CTOF_DEL    ---     0.495       R8C6A.A0 to       R8C6A.F0 system/cpu/engine/seq/SLICE_239
ROUTE         5     1.462       R8C6A.F0 to EBR_R6C10.ADA5 system/cpu/engine/next_address_0_iv_i[2] (to clk)
                  --------
                   31.121   (38.3% logic, 61.7% route), 15 logic levels.

 Clock Skew Details: 

      Source Clock Path oscillator to system/cpu/engine/rom/lane_2:

   Name    Fanout   Delay (ns)          Site               Resource
ROUTE       245     3.714        OSC.OSC to  EBR_R6C7.CLKA clk
                  --------
                    3.714   (0.0% logic, 100.0% route), 0 logic levels.

      Destination Clock Path oscillator to system/cpu/engine/rom/lane_3:

   Name    Fanout   Delay (ns)          Site               Resource
ROUTE       245     3.714        OSC.OSC to EBR_R6C10.CLKA clk
                  --------
                    3.714   (0.0% logic, 100.0% route), 0 logic levels.


Passed: The following path meets requirements by 2.734ns

 Logical Details:  Cell type  Pin type       Cell/ASIC name  (clock net +/-)

   Source:         DP8KC      Port           system/cpu/engine/rom/lane_2(ASIC)  (from clk +)
   Destination:    DP8KC      Port           system/cpu/engine/rom/lane_2(ASIC)  (to clk +)

   Delay:              31.121ns  (38.3% logic, 61.7% route), 15 logic levels.

 Constraint Details:

     31.121ns physical path delay system/cpu/engine/rom/lane_2 to system/cpu/engine/rom/lane_2 meets
     33.829ns delay constraint less
      0.000ns skew and
     -0.026ns ADDR_SET requirement (totaling 33.855ns) by 2.734ns

 Physical Path Details:

      Data path system/cpu/engine/rom/lane_2 to system/cpu/engine/rom/lane_2:

   Name    Fanout   Delay (ns)          Site               Resource
C2Q_DEL     ---     4.979  EBR_R6C7.CLKA to  EBR_R6C7.DOA8 system/cpu/engine/rom/lane_2 (from clk)
ROUTE         4     1.280  EBR_R6C7.DOA8 to       R8C9C.D1 system/cpu/engine/a_select_2[0]
CTOF_DEL    ---     0.495       R8C9C.D1 to       R8C9C.F1 system/cpu/engine/SLICE_671
ROUTE         1     0.693       R8C9C.F1 to       R8C9D.B1 system/cpu/engine/un6_select_register[1]
CTOF_DEL    ---     0.495       R8C9D.B1 to       R8C9D.F1 system/cpu/engine/SLICE_406
ROUTE        18     1.530       R8C9D.F1 to       R7C9B.B1 system/cpu/engine/un30_d_axb1
CTOF_DEL    ---     0.495       R7C9B.B1 to       R7C9B.F1 system/cpu/engine/dp/rf/words_ram_1/SLICE_51
ROUTE        15     2.448       R7C9B.F1 to      R8C15A.B1 system/address[11]
CTOF_DEL    ---     0.495      R8C15A.B1 to      R8C15A.F1 system/bus/SLICE_452
ROUTE         3     1.598      R8C15A.F1 to      R7C19B.C1 system/bus/un1_address_28_8
CTOF_DEL    ---     0.495      R7C19B.C1 to      R7C19B.F1 system/bus/SLICE_424
ROUTE         4     1.672      R7C19B.F1 to      R8C13A.D0 system/bus/un1_address_28_fc
CTOF_DEL    ---     0.495      R8C13A.D0 to      R8C13A.F0 system/bus/SLICE_648
ROUTE         3     1.206      R8C13A.F0 to     R10C12D.C0 system/bus/immediate_io_response_3
CTOF_DEL    ---     0.495     R10C12D.C0 to     R10C12D.F0 system/SLICE_478
ROUTE         4     0.669     R10C12D.F0 to     R10C11D.D0 system/acknowledgedupdup
CTOF_DEL    ---     0.495     R10C11D.D0 to     R10C11D.F0 system/cpu/engine/SLICE_392
ROUTE         3     0.640     R10C11D.F0 to     R10C12D.D1 system/cpu/engine/acknowledgedupdup_0
CTOF_DEL    ---     0.495     R10C12D.D1 to     R10C12D.F1 system/SLICE_478
ROUTE         7     0.996     R10C12D.F1 to      R10C9A.D1 system/cpu/engine/un1_bus_fault_2dupdup
CTOF_DEL    ---     0.495      R10C9A.D1 to      R10C9A.F1 system/cpu/engine/seq/SLICE_514
ROUTE        14     1.021      R10C9A.F1 to      R8C10A.D1 system/cpu/engine/seq/next_address_2_sqmuxa_1
CTOF_DEL    ---     0.495      R8C10A.D1 to      R8C10A.F1 system/cpu/engine/seq/SLICE_519
ROUTE        10     1.030      R8C10A.F1 to     R10C10C.A0 system/cpu/engine/seq/next_address_7_sqmuxa
CTOF_DEL    ---     0.495     R10C10C.A0 to     R10C10C.F0 system/cpu/engine/seq/SLICE_530
ROUTE         1     1.469     R10C10C.F0 to       R9C9C.D0 system/cpu/engine/seq/next_address_0_iv_3[2]
CTOF_DEL    ---     0.495       R9C9C.D0 to       R9C9C.F0 system/cpu/engine/seq/SLICE_516
ROUTE         1     1.498       R9C9C.F0 to       R8C6A.A0 system/cpu/engine/seq/next_address_0_iv_5[2]
CTOF_DEL    ---     0.495       R8C6A.A0 to       R8C6A.F0 system/cpu/engine/seq/SLICE_239
ROUTE         5     1.462       R8C6A.F0 to  EBR_R6C7.ADA5 system/cpu/engine/next_address_0_iv_i[2] (to clk)
                  --------
                   31.121   (38.3% logic, 61.7% route), 15 logic levels.

 Clock Skew Details: 

      Source Clock Path oscillator to system/cpu/engine/rom/lane_2:

   Name    Fanout   Delay (ns)          Site               Resource
ROUTE       245     3.714        OSC.OSC to  EBR_R6C7.CLKA clk
                  --------
                    3.714   (0.0% logic, 100.0% route), 0 logic levels.

      Destination Clock Path oscillator to system/cpu/engine/rom/lane_2:

   Name    Fanout   Delay (ns)          Site               Resource
ROUTE       245     3.714        OSC.OSC to  EBR_R6C7.CLKA clk
                  --------
                    3.714   (0.0% logic, 100.0% route), 0 logic levels.


Passed: The following path meets requirements by 2.742ns

 Logical Details:  Cell type  Pin type       Cell/ASIC name  (clock net +/-)

   Source:         DP8KC      Port           system/cpu/engine/rom/lane_2(ASIC)  (from clk +)
   Destination:    DP8KC      Port           system/cpu/engine/rom/lane_1(ASIC)  (to clk +)

   Delay:              31.113ns  (38.3% logic, 61.7% route), 15 logic levels.

 Constraint Details:

     31.113ns physical path delay system/cpu/engine/rom/lane_2 to system/cpu/engine/rom/lane_1 meets
     33.829ns delay constraint less
      0.000ns skew and
     -0.026ns ADDR_SET requirement (totaling 33.855ns) by 2.742ns

 Physical Path Details:

      Data path system/cpu/engine/rom/lane_2 to system/cpu/engine/rom/lane_1:

   Name    Fanout   Delay (ns)          Site               Resource
C2Q_DEL     ---     4.979  EBR_R6C7.CLKA to  EBR_R6C7.DOA8 system/cpu/engine/rom/lane_2 (from clk)
ROUTE         4     1.280  EBR_R6C7.DOA8 to       R8C9C.D1 system/cpu/engine/a_select_2[0]
CTOF_DEL    ---     0.495       R8C9C.D1 to       R8C9C.F1 system/cpu/engine/SLICE_671
ROUTE         1     0.693       R8C9C.F1 to       R8C9D.B1 system/cpu/engine/un6_select_register[1]
CTOF_DEL    ---     0.495       R8C9D.B1 to       R8C9D.F1 system/cpu/engine/SLICE_406
ROUTE        18     1.530       R8C9D.F1 to       R7C9B.B1 system/cpu/engine/un30_d_axb1
CTOF_DEL    ---     0.495       R7C9B.B1 to       R7C9B.F1 system/cpu/engine/dp/rf/words_ram_1/SLICE_51
ROUTE        15     2.448       R7C9B.F1 to      R8C15A.B1 system/address[11]
CTOF_DEL    ---     0.495      R8C15A.B1 to      R8C15A.F1 system/bus/SLICE_452
ROUTE         3     1.598      R8C15A.F1 to      R7C19B.C1 system/bus/un1_address_28_8
CTOF_DEL    ---     0.495      R7C19B.C1 to      R7C19B.F1 system/bus/SLICE_424
ROUTE         4     1.672      R7C19B.F1 to      R8C13A.D0 system/bus/un1_address_28_fc
CTOF_DEL    ---     0.495      R8C13A.D0 to      R8C13A.F0 system/bus/SLICE_648
ROUTE         3     1.206      R8C13A.F0 to     R10C12D.C0 system/bus/immediate_io_response_3
CTOF_DEL    ---     0.495     R10C12D.C0 to     R10C12D.F0 system/SLICE_478
ROUTE         4     0.669     R10C12D.F0 to     R10C11D.D0 system/acknowledgedupdup
CTOF_DEL    ---     0.495     R10C11D.D0 to     R10C11D.F0 system/cpu/engine/SLICE_392
ROUTE         3     0.640     R10C11D.F0 to     R10C12D.D1 system/cpu/engine/acknowledgedupdup_0
CTOF_DEL    ---     0.495     R10C12D.D1 to     R10C12D.F1 system/SLICE_478
ROUTE         7     0.996     R10C12D.F1 to      R10C9A.D1 system/cpu/engine/un1_bus_fault_2dupdup
CTOF_DEL    ---     0.495      R10C9A.D1 to      R10C9A.F1 system/cpu/engine/seq/SLICE_514
ROUTE        14     1.021      R10C9A.F1 to      R8C10A.D1 system/cpu/engine/seq/next_address_2_sqmuxa_1
CTOF_DEL    ---     0.495      R8C10A.D1 to      R8C10A.F1 system/cpu/engine/seq/SLICE_519
ROUTE        10     1.030      R8C10A.F1 to     R10C10C.A0 system/cpu/engine/seq/next_address_7_sqmuxa
CTOF_DEL    ---     0.495     R10C10C.A0 to     R10C10C.F0 system/cpu/engine/seq/SLICE_530
ROUTE         1     1.469     R10C10C.F0 to       R9C9C.D0 system/cpu/engine/seq/next_address_0_iv_3[2]
CTOF_DEL    ---     0.495       R9C9C.D0 to       R9C9C.F0 system/cpu/engine/seq/SLICE_516
ROUTE         1     1.498       R9C9C.F0 to       R8C6A.A0 system/cpu/engine/seq/next_address_0_iv_5[2]
CTOF_DEL    ---     0.495       R8C6A.A0 to       R8C6A.F0 system/cpu/engine/seq/SLICE_239
ROUTE         5     1.454       R8C6A.F0 to  EBR_R6C1.ADA5 system/cpu/engine/next_address_0_iv_i[2] (to clk)
                  --------
                   31.113   (38.3% logic, 61.7% route), 15 logic levels.

 Clock Skew Details: 

      Source Clock Path oscillator to system/cpu/engine/rom/lane_2:

   Name    Fanout   Delay (ns)          Site               Resource
ROUTE       245     3.714        OSC.OSC to  EBR_R6C7.CLKA clk
                  --------
                    3.714   (0.0% logic, 100.0% route), 0 logic levels.

      Destination Clock Path oscillator to system/cpu/engine/rom/lane_1:

   Name    Fanout   Delay (ns)          Site               Resource
ROUTE       245     3.714        OSC.OSC to  EBR_R6C1.CLKA clk
                  --------
                    3.714   (0.0% logic, 100.0% route), 0 logic levels.

Report:   31.982MHz is the maximum frequency for this preference.


================================================================================
Preference: Unconstrained: CLOCK_DOMAIN
            0 unconstrained paths found
--------------------------------------------------------------------------------


================================================================================
Preference: Unconstrained: INPUT_SETUP
            10 unconstrained paths found
--------------------------------------------------------------------------------

Unconstrained Preference:
   INPUT_SETUP PORT "gpio_miso" CLKNET "clk" 

Report:    6.772ns delay gpio_miso to system/bus/SLICE_444 (6.424ns delay and 0.348ns setup)

   Name    Fanout   Delay (ns)          Site               Resource
PADI_DEL    ---     1.132         10.PAD to       10.PADDI gpio_miso
ROUTE         3     5.292       10.PADDI to      R4C17D.M0 gpio_miso_c (to clk)
                  --------
                    6.424   (17.6% logic, 82.4% route), 1 logic levels.

Unconstrained Preference:
   INPUT_SETUP PORT "gpio_miso" CLKNET "clk" 

Report:    5.480ns delay gpio_miso to system/bus/guest_memory/SLICE_133 (5.314ns delay and 0.166ns setup)

   Name    Fanout   Delay (ns)          Site               Resource
PADI_DEL    ---     1.132         10.PAD to       10.PADDI gpio_miso
ROUTE         3     3.687       10.PADDI to      R3C17B.C0 gpio_miso_c
CTOF_DEL    ---     0.495      R3C17B.C0 to      R3C17B.F0 system/bus/guest_memory/SLICE_133
ROUTE         1     0.000      R3C17B.F0 to     R3C17B.DI0 system/bus/guest_memory/rdata_9[8] (to clk)
                  --------
                    5.314   (30.6% logic, 69.4% route), 2 logic levels.

Unconstrained Preference:
   INPUT_SETUP PORT "res" CLKNET "clk" 

Report:    4.963ns delay res to SLICE_494 (4.230ns delay and 0.733ns setup)

   Name    Fanout   Delay (ns)          Site               Resource
PADI_DEL    ---     1.132          4.PAD to        4.PADDI res
ROUTE         1     3.098        4.PADDI to     R7C14C.LSR res_c (to clk)
                  --------
                    4.230   (26.8% logic, 73.2% route), 1 logic levels.

Unconstrained Preference:
   INPUT_SETUP PORT "gpio_key_row[0]" CLKNET "clk" 

Report:    2.292ns delay gpio_key_row[0] to gpio_key_row[0]_MGIOL (1.697ns delay and 0.595ns setup)

   Name    Fanout   Delay (ns)          Site               Resource
PADI_DEL    ---     1.132         29.PAD to       29.PADDI gpio_key_row[0]
ROUTE         1     0.565       29.PADDI to    IOL_T11D.DI gpio_key_row_in[0] (to clk)
                  --------
                    1.697   (66.7% logic, 33.3% route), 1 logic levels.

Unconstrained Preference:
   INPUT_SETUP PORT "gpio_key_row[1]" CLKNET "clk" 

Report:    2.292ns delay gpio_key_row[1] to gpio_key_row[1]_MGIOL (1.697ns delay and 0.595ns setup)

   Name    Fanout   Delay (ns)          Site               Resource
PADI_DEL    ---     1.132         30.PAD to       30.PADDI gpio_key_row[1]
ROUTE         1     0.565       30.PADDI to    IOL_T11C.DI gpio_key_row_in[1] (to clk)
                  --------
                    1.697   (66.7% logic, 33.3% route), 1 logic levels.

Unconstrained Preference:
   INPUT_SETUP PORT "gpio_key_row[2]" CLKNET "clk" 

Report:    2.292ns delay gpio_key_row[2] to gpio_key_row[2]_MGIOL (1.697ns delay and 0.595ns setup)

   Name    Fanout   Delay (ns)          Site               Resource
PADI_DEL    ---     1.132         32.PAD to       32.PADDI gpio_key_row[2]
ROUTE         1     0.565       32.PADDI to    IOL_T10D.DI gpio_key_row_in[2] (to clk)
                  --------
                    1.697   (66.7% logic, 33.3% route), 1 logic levels.

Unconstrained Preference:
   INPUT_SETUP PORT "gpio_key_row[3]" CLKNET "clk" 

Report:    2.292ns delay gpio_key_row[3] to gpio_key_row[3]_MGIOL (1.697ns delay and 0.595ns setup)

   Name    Fanout   Delay (ns)          Site               Resource
PADI_DEL    ---     1.132          1.PAD to        1.PADDI gpio_key_row[3]
ROUTE         1     0.565        1.PADDI to    IOL_T10C.DI gpio_key_row_in[3] (to clk)
                  --------
                    1.697   (66.7% logic, 33.3% route), 1 logic levels.

Unconstrained Preference:
   INPUT_SETUP PORT "rx" CLKNET "clk" 

Report:    2.292ns delay rx to rx_MGIOL (1.697ns delay and 0.595ns setup)

   Name    Fanout   Delay (ns)          Site               Resource
PADI_DEL    ---     1.132         25.PAD to       25.PADDI rx
ROUTE         1     0.565       25.PADDI to    IOL_T15D.DI rx_c (to clk)
                  --------
                    1.697   (66.7% logic, 33.3% route), 1 logic levels.

Unconstrained Preference:
   INPUT_SETUP PORT "sd_miso" CLKNET "clk" 

Report:    2.292ns delay sd_miso to sd_miso_MGIOL (1.697ns delay and 0.595ns setup)

   Name    Fanout   Delay (ns)          Site               Resource
PADI_DEL    ---     1.132         28.PAD to       28.PADDI sd_miso
ROUTE         1     0.565       28.PADDI to    IOL_T12C.DI sd_miso_c (to clk)
                  --------
                    1.697   (66.7% logic, 33.3% route), 1 logic levels.

Unconstrained Preference:
   INPUT_SETUP PORT "gpio_miso" CLKNET "clk" 

Report:    2.111ns delay gpio_miso to gpio_miso_MGIOL (1.516ns delay and 0.595ns setup)

   Name    Fanout   Delay (ns)          Site               Resource
PADI_DEL    ---     1.132         10.PAD to       10.PADDI gpio_miso
ROUTE         3     0.384       10.PADDI to     IOL_B6D.DI gpio_miso_c (to clk)
                  --------
                    1.516   (74.7% logic, 25.3% route), 1 logic levels.


================================================================================
Preference: Unconstrained: CLOCK_TO_OUT
            18 unconstrained paths found
--------------------------------------------------------------------------------

Unconstrained Preference:
   CLOCK_TO_OUT PORT "sd_sck" CLKNET "clk" 

Report:    7.938ns delay system/bus/byte_sd/SLICE_74 to sd_sck

   Name    Fanout   Delay (ns)          Site               Resource
REG_DEL     ---     0.452     R7C21B.CLK to      R7C21B.Q0 system/bus/byte_sd/SLICE_74 (from clk)
ROUTE         9     4.689      R7C21B.Q0 to       27.PADDO sd_sck_c
DOPAD_DEL   ---     2.797       27.PADDO to         27.PAD sd_sck
                  --------
                    7.938   (40.9% logic, 59.1% route), 2 logic levels.

Unconstrained Preference:
   CLOCK_TO_OUT PORT "tx" CLKNET "clk" 

Report:    7.498ns delay system/bus/fixed_uart.console/SLICE_112 to tx

   Name    Fanout   Delay (ns)          Site               Resource
REG_DEL     ---     0.452     R8C18C.CLK to      R8C18C.Q0 system/bus/fixed_uart.console/SLICE_112 (from clk)
ROUTE        20     1.807      R8C18C.Q0 to      R5C19C.C1 system/bus/fixed_uart.console/tx_busy
CTOF_DEL    ---     0.495      R5C19C.C1 to      R5C19C.F1 system/bus/fixed_uart.console/SLICE_125
ROUTE         1     1.947      R5C19C.F1 to       23.PADDO tx_c
DOPAD_DEL   ---     2.797       23.PADDO to         23.PAD tx
                  --------
                    7.498   (49.9% logic, 50.1% route), 3 logic levels.

Unconstrained Preference:
   CLOCK_TO_OUT PORT "sd_mosi" CLKNET "clk" 

Report:    7.352ns delay system/bus/byte_sd/SLICE_82 to sd_mosi

   Name    Fanout   Delay (ns)          Site               Resource
REG_DEL     ---     0.452     R9C20B.CLK to      R9C20B.Q0 system/bus/byte_sd/SLICE_82 (from clk)
ROUTE        23     1.921      R9C20B.Q0 to      R7C21B.B1 system/bus/byte_sd/busy
CTOF_DEL    ---     0.495      R7C21B.B1 to      R7C21B.F1 system/bus/byte_sd/SLICE_74
ROUTE         1     1.687      R7C21B.F1 to       21.PADDO sd_mosi_c
DOPAD_DEL   ---     2.797       21.PADDO to         21.PAD sd_mosi
                  --------
                    7.352   (50.9% logic, 49.1% route), 3 logic levels.

Unconstrained Preference:
   CLOCK_TO_OUT PORT "sd_cs_n" CLKNET "clk" 

Report:    7.156ns delay system/SLICE_73 to sd_cs_n

   Name    Fanout   Delay (ns)          Site               Resource
REG_DEL     ---     0.452     R5C15D.CLK to      R5C15D.Q0 system/SLICE_73 (from clk)
ROUTE         2     3.907      R5C15D.Q0 to        5.PADDO sd_cs_n_c
DOPAD_DEL   ---     2.797        5.PADDO to          5.PAD sd_cs_n
                  --------
                    7.156   (45.4% logic, 54.6% route), 2 logic levels.

Unconstrained Preference:
   CLOCK_TO_OUT PORT "gpio_key_row[3]" CLKNET "clk" 

Report:    7.085ns delay system/SLICE_160 to gpio_key_row[3]

   Name    Fanout   Delay (ns)          Site               Resource
REG_DEL     ---     0.452     R4C14A.CLK to      R4C14A.Q0 system/SLICE_160 (from clk)
ROUTE         2     2.453      R4C14A.Q0 to        1.PADDT system/bus/host_miso_oe
TDTS_DEL    ---     4.180        1.PADDT to          1.PAD gpio_key_row[3]
                  --------
                    7.085   (65.4% logic, 34.6% route), 2 logic levels.

Unconstrained Preference:
   CLOCK_TO_OUT PORT "gpio_mcs" CLKNET "clk" 

Report:    6.982ns delay system/bus/guest_memory/SLICE_68 to gpio_mcs

   Name    Fanout   Delay (ns)          Site               Resource
REG_DEL     ---     0.452     R3C18C.CLK to      R3C18C.Q0 system/bus/guest_memory/SLICE_68 (from clk)
ROUTE         3     3.733      R3C18C.Q0 to        8.PADDO gpio_mcs_c
DOPAD_DEL   ---     2.797        8.PADDO to          8.PAD gpio_mcs
                  --------
                    6.982   (46.5% logic, 53.5% route), 2 logic levels.

Unconstrained Preference:
   CLOCK_TO_OUT PORT "tx" CLKNET "clk" 

Report:    6.872ns delay system/bus/fixed_uart.console/SLICE_615 to tx

   Name    Fanout   Delay (ns)          Site               Resource
REG_DEL     ---     0.452     R8C18D.CLK to      R8C18D.Q0 system/bus/fixed_uart.console/SLICE_615 (from clk)
ROUTE         2     1.181      R8C18D.Q0 to      R5C19C.D1 system/bus/fixed_uart.console/tx_break
CTOF_DEL    ---     0.495      R5C19C.D1 to      R5C19C.F1 system/bus/fixed_uart.console/SLICE_125
ROUTE         1     1.947      R5C19C.F1 to       23.PADDO tx_c
DOPAD_DEL   ---     2.797       23.PADDO to         23.PAD tx
                  --------
                    6.872   (54.5% logic, 45.5% route), 3 logic levels.

Unconstrained Preference:
   CLOCK_TO_OUT PORT "tx" CLKNET "clk" 

Report:    6.692ns delay system/bus/fixed_uart.console/SLICE_121 to tx

   Name    Fanout   Delay (ns)          Site               Resource
REG_DEL     ---     0.452     R5C20D.CLK to      R5C20D.Q0 system/bus/fixed_uart.console/SLICE_121 (from clk)
ROUTE         1     1.001      R5C20D.Q0 to      R5C19C.B1 system/bus/fixed_uart.console/tx_shift[0]
CTOF_DEL    ---     0.495      R5C19C.B1 to      R5C19C.F1 system/bus/fixed_uart.console/SLICE_125
ROUTE         1     1.947      R5C19C.F1 to       23.PADDO tx_c
DOPAD_DEL   ---     2.797       23.PADDO to         23.PAD tx
                  --------
                    6.692   (55.9% logic, 44.1% route), 3 logic levels.

Unconstrained Preference:
   CLOCK_TO_OUT PORT "sd_mosi" CLKNET "clk" 

Report:    6.054ns delay system/bus/byte_sd/SLICE_93 to sd_mosi

   Name    Fanout   Delay (ns)          Site               Resource
REG_DEL     ---     0.452     R7C20D.CLK to      R7C20D.Q1 system/bus/byte_sd/SLICE_93 (from clk)
ROUTE         1     0.623      R7C20D.Q1 to      R7C21B.D1 system/bus/byte_sd/tx_shift[7]
CTOF_DEL    ---     0.495      R7C21B.D1 to      R7C21B.F1 system/bus/byte_sd/SLICE_74
ROUTE         1     1.687      R7C21B.F1 to       21.PADDO sd_mosi_c
DOPAD_DEL   ---     2.797       21.PADDO to         21.PAD sd_mosi
                  --------
                    6.054   (61.8% logic, 38.2% route), 3 logic levels.

Unconstrained Preference:
   CLOCK_TO_OUT PORT "gpio_clk" CLKNET "clk" 

Report:    5.928ns delay system/SLICE_66 to gpio_clk

   Name    Fanout   Delay (ns)          Site               Resource
REG_DEL     ---     0.452     R3C13A.CLK to      R3C13A.Q0 system/SLICE_66 (from clk)
ROUTE         3     2.679      R3C13A.Q0 to       12.PADDO gpio_clk_c
DOPAD_DEL   ---     2.797       12.PADDO to         12.PAD gpio_clk
                  --------
                    5.928   (54.8% logic, 45.2% route), 2 logic levels.

Unconstrained Preference:
   CLOCK_TO_OUT PORT "gpio_rs" CLKNET "clk" 

Report:    5.508ns delay system/SLICE_70 to gpio_rs

   Name    Fanout   Delay (ns)          Site               Resource
REG_DEL     ---     0.452     R3C13D.CLK to      R3C13D.Q0 system/SLICE_70 (from clk)
ROUTE         3     2.259      R3C13D.Q0 to       11.PADDO gpio_rs_c
DOPAD_DEL   ---     2.797       11.PADDO to         11.PAD gpio_rs
                  --------
                    5.508   (59.0% logic, 41.0% route), 2 logic levels.

Unconstrained Preference:
   CLOCK_TO_OUT PORT "gpio_key_row[3]" CLKNET "clk" 

Report:    5.490ns delay system/SLICE_71 to gpio_key_row[3]

   Name    Fanout   Delay (ns)          Site               Resource
REG_DEL     ---     0.452     R3C13C.CLK to      R3C13C.Q0 system/SLICE_71 (from clk)
ROUTE         3     2.241      R3C13C.Q0 to        1.PADDO host_miso
DOPAD_DEL   ---     2.797        1.PADDO to          1.PAD gpio_key_row[3]
                  --------
                    5.490   (59.2% logic, 40.8% route), 2 logic levels.

Unconstrained Preference:
   CLOCK_TO_OUT PORT "gpio_ce" CLKNET "clk" 

Report:    5.081ns delay system/SLICE_65 to gpio_ce

   Name    Fanout   Delay (ns)          Site               Resource
REG_DEL     ---     0.452     R4C12D.CLK to      R4C12D.Q0 system/SLICE_65 (from clk)
ROUTE         3     1.832      R4C12D.Q0 to       14.PADDO gpio_ce_c
DOPAD_DEL   ---     2.797       14.PADDO to         14.PAD gpio_ce
                  --------
                    5.081   (63.9% logic, 36.1% route), 2 logic levels.

Unconstrained Preference:
   CLOCK_TO_OUT PORT "gpio_din" CLKNET "clk" 

Report:    5.038ns delay system/SLICE_67 to gpio_din

   Name    Fanout   Delay (ns)          Site               Resource
REG_DEL     ---     0.452     R4C19D.CLK to      R4C19D.Q0 system/SLICE_67 (from clk)
ROUTE         3     1.789      R4C19D.Q0 to       16.PADDO gpio_din_c
DOPAD_DEL   ---     2.797       16.PADDO to         16.PAD gpio_din
                  --------
                    5.038   (64.5% logic, 35.5% route), 2 logic levels.

Unconstrained Preference:
   CLOCK_TO_OUT PORT "gpio_blank" CLKNET "clk" 

Report:    4.914ns delay system/SLICE_64 to gpio_blank

   Name    Fanout   Delay (ns)          Site               Resource
REG_DEL     ---     0.452     R4C12A.CLK to      R4C12A.Q0 system/SLICE_64 (from clk)
ROUTE         2     1.665      R4C12A.Q0 to       13.PADDO gpio_blank_c
DOPAD_DEL   ---     2.797       13.PADDO to         13.PAD gpio_blank
                  --------
                    4.914   (66.1% logic, 33.9% route), 2 logic levels.

Unconstrained Preference:
   CLOCK_TO_OUT PORT "gpio_reg_latch" CLKNET "clk" 

Report:    4.909ns delay system/SLICE_69 to gpio_reg_latch

   Name    Fanout   Delay (ns)          Site               Resource
REG_DEL     ---     0.452     R4C19A.CLK to      R4C19A.Q0 system/SLICE_69 (from clk)
ROUTE         4     1.660      R4C19A.Q0 to       20.PADDO gpio_reg_latch_c
DOPAD_DEL   ---     2.797       20.PADDO to         20.PAD gpio_reg_latch
                  --------
                    4.909   (66.2% logic, 33.8% route), 2 logic levels.

Unconstrained Preference:
   CLOCK_TO_OUT PORT "gpio_msck" CLKNET "clk" 

Report:    4.084ns delay gpio_msck_MGIOL to gpio_msck

   Name    Fanout   Delay (ns)          Site               Resource
C2OUT_DEL   ---     1.244    IOL_B6C.CLK to  IOL_B6C.IOLDO gpio_msck_MGIOL (from clk)
ROUTE         1     0.043  IOL_B6C.IOLDO to        9.IOLDO gpio_msck_c
OP0PAD_DEL  ---     2.797        9.IOLDO to          9.PAD gpio_msck
                  --------
                    4.084   (98.9% logic, 1.1% route), 2 logic levels.

Unconstrained Preference:
   CLOCK_TO_OUT PORT "gpio_mosi" CLKNET "clk" 

Report:    3.407ns delay gpio_mosi_MGIOL to gpio_mosi

   Name    Fanout   Delay (ns)          Site               Resource
C2OUT_DEL   ---     0.567   IOL_B20D.CLK to IOL_B20D.IOLDO gpio_mosi_MGIOL (from clk)
ROUTE         1     0.043 IOL_B20D.IOLDO to       17.IOLDO gpio_mosi_c
OP0PAD_DEL  ---     2.797       17.IOLDO to         17.PAD gpio_mosi
                  --------
                    3.407   (98.7% logic, 1.3% route), 2 logic levels.


================================================================================
Preference: Unconstrained: MAXDELAY
            0 unconstrained paths found
--------------------------------------------------------------------------------

Report Summary
--------------
----------------------------------------------------------------------------
Preference                              |   Constraint|       Actual|Levels
----------------------------------------------------------------------------
                                        |             |             |
FREQUENCY NET "clk" 29.560000 MHz ;     |   29.560 MHz|   31.982 MHz|  15  
                                        |             |             |
----------------------------------------------------------------------------


All preferences were met.


Clock Domains Analysis
------------------------

Found 1 clocks:

Clock Domain: clk   Source: oscillator.OSC   Loads: 245
   Covered under: FREQUENCY NET "clk" 29.560000 MHz ;


--------------------------------------------------------------------------------
                Connections not covered by the preferences
--------------------------------------------------------------------------------

     Delay                        Element                 Net

    0.565ns pio_key_row[0].PADDI to _key_row[0]_MGIOL.DI gpio_key_row_in[0]
    0.565ns        sd_miso.PADDI to     sd_miso_MGIOL.DI sd_miso_c
    0.565ns             rx.PADDI to          rx_MGIOL.DI rx_c
    3.687ns      gpio_miso.PADDI to _memory/SLICE_133.C0 gpio_miso_c
    5.292ns      gpio_miso.PADDI to tem/bus/SLICE_444.M0 gpio_miso_c
    0.384ns      gpio_miso.PADDI to   gpio_miso_MGIOL.DI gpio_miso_c
    0.565ns pio_key_row[1].PADDI to _key_row[1]_MGIOL.DI gpio_key_row_in[1]
    0.565ns pio_key_row[2].PADDI to _key_row[2]_MGIOL.DI gpio_key_row_in[2]
    0.565ns pio_key_row[3].PADDI to _key_row[3]_MGIOL.DI gpio_key_row_in[3]
    3.098ns            res.PADDI to        SLICE_494.LSR res_c

--------------------------------------------------------------------------------


Timing summary (Setup):
---------------

Timing errors: 0  Score: 0
Cumulative negative slack: 0

Constraints cover 3802683 paths, 1 nets, and 5503 connections (99.82% coverage)

--------------------------------------------------------------------------------
Lattice TRACE Report - Hold, Version Diamond (64-bit) 3.14.0.75.2
Sat Sep 12 12:29:18 2026

Copyright (c) 1991-1994 by NeoCAD Inc. All rights reserved.
Copyright (c) 1995 AT&T Corp.   All rights reserved.
Copyright (c) 1995-2001 Lucent Technologies Inc.  All rights reserved.
Copyright (c) 2001 Agere Systems   All rights reserved.
Copyright (c) 2002-2024 Lattice Semiconductor Corporation,  All rights reserved.

Report Information
------------------
Command line:    trce -v 10 -c -u 0 -gt -sethld -sp 4 -sphld m -o cp57e_impl1.twr cp57e_impl1.ncd cp57e_impl1.prf 
Design file:     cp57e_impl1.ncd
Preference file: cp57e_impl1.prf
Device,speed:    LCMXO2-1200HC,m
Report level:    verbose report, limited to 10 items per preference
--------------------------------------------------------------------------------

BLOCK ASYNCPATHS
BLOCK RESETPATHS
--------------------------------------------------------------------------------



================================================================================
Preference: FREQUENCY NET "clk" 29.560000 MHz ;
            4096 items scored, 0 timing errors detected.
--------------------------------------------------------------------------------


Passed: The following path meets requirements by 0.293ns

 Logical Details:  Cell type  Pin type       Cell/ASIC name  (clock net +/-)

   Source:         Sync_RAM   Q              system/cpu/engine/dp/rf/words_ram/RAM0  (from clk +)
   Destination:    FF         Data in        system/cpu/engine/service_ready[0]  (to clk +)

   Delay:               0.280ns  (98.6% logic, 1.4% route), 1 logic levels.

 Constraint Details:

      0.280ns physical path delay system/cpu/engine/SLICE_44 to system/cpu/engine/SLICE_44 meets
     -0.013ns DIN_HLD and
      0.000ns delay constraint less
      0.000ns skew requirement (totaling -0.013ns) by 0.293ns

 Physical Path Details:

      Data path system/cpu/engine/SLICE_44 to system/cpu/engine/SLICE_44:

   Name    Fanout   Delay (ns)          Site               Resource
CLKTOF_DEL  ---     0.276      R8C7A.WCK to       R8C7A.F0 system/cpu/engine/SLICE_44 (from clk)
ROUTE        55     0.004       R8C7A.F0 to      R8C7A.DI0 system/address[0] (to clk)
                  --------
                    0.280   (98.6% logic, 1.4% route), 1 logic levels.

 Clock Skew Details: 

      Source Clock Path oscillator to system/cpu/engine/SLICE_44:

   Name    Fanout   Delay (ns)          Site               Resource
ROUTE       245     1.216        OSC.OSC to      R8C7A.WCK clk
                  --------
                    1.216   (0.0% logic, 100.0% route), 0 logic levels.

      Destination Clock Path oscillator to system/cpu/engine/SLICE_44:

   Name    Fanout   Delay (ns)          Site               Resource
ROUTE       245     1.216        OSC.OSC to      R8C7A.CLK clk
                  --------
                    1.216   (0.0% logic, 100.0% route), 0 logic levels.


Passed: The following path meets requirements by 0.293ns

 Logical Details:  Cell type  Pin type       Cell/ASIC name  (clock net +/-)

   Source:         Sync_RAM   Q              system/cpu/engine/dp/rf/words_ram/RAM0  (from clk +)
   Destination:    FF         Data in        system/cpu/engine/service_ready[1]  (to clk +)

   Delay:               0.280ns  (98.6% logic, 1.4% route), 1 logic levels.

 Constraint Details:

      0.280ns physical path delay system/cpu/engine/SLICE_44 to system/cpu/engine/SLICE_44 meets
     -0.013ns DIN_HLD and
      0.000ns delay constraint less
      0.000ns skew requirement (totaling -0.013ns) by 0.293ns

 Physical Path Details:

      Data path system/cpu/engine/SLICE_44 to system/cpu/engine/SLICE_44:

   Name    Fanout   Delay (ns)          Site               Resource
CLKTOF_DEL  ---     0.276      R8C7A.WCK to       R8C7A.F1 system/cpu/engine/SLICE_44 (from clk)
ROUTE        46     0.004       R8C7A.F1 to      R8C7A.DI1 system/address[1] (to clk)
                  --------
                    0.280   (98.6% logic, 1.4% route), 1 logic levels.

 Clock Skew Details: 

      Source Clock Path oscillator to system/cpu/engine/SLICE_44:

   Name    Fanout   Delay (ns)          Site               Resource
ROUTE       245     1.216        OSC.OSC to      R8C7A.WCK clk
                  --------
                    1.216   (0.0% logic, 100.0% route), 0 logic levels.

      Destination Clock Path oscillator to system/cpu/engine/SLICE_44:

   Name    Fanout   Delay (ns)          Site               Resource
ROUTE       245     1.216        OSC.OSC to      R8C7A.CLK clk
                  --------
                    1.216   (0.0% logic, 100.0% route), 0 logic levels.


Passed: The following path meets requirements by 0.304ns

 Logical Details:  Cell type  Pin type       Cell/ASIC name  (clock net +/-)

   Source:         FF         Q              reset_sync[1]  (from clk +)
   Destination:    FF         Data in        reset_sync[0]  (to clk +)

   Delay:               0.285ns  (46.7% logic, 53.3% route), 1 logic levels.

 Constraint Details:

      0.285ns physical path delay SLICE_494 to SLICE_494 meets
     -0.019ns M_HLD and
      0.000ns delay constraint less
      0.000ns skew requirement (totaling -0.019ns) by 0.304ns

 Physical Path Details:

      Data path SLICE_494 to SLICE_494:

   Name    Fanout   Delay (ns)          Site               Resource
REG_DEL     ---     0.133     R7C14C.CLK to      R7C14C.Q1 SLICE_494 (from clk)
ROUTE         1     0.152      R7C14C.Q1 to      R7C14C.M0 reset_sync[1] (to clk)
                  --------
                    0.285   (46.7% logic, 53.3% route), 1 logic levels.

 Clock Skew Details: 

      Source Clock Path oscillator to SLICE_494:

   Name    Fanout   Delay (ns)          Site               Resource
ROUTE       245     1.216        OSC.OSC to     R7C14C.CLK clk
                  --------
                    1.216   (0.0% logic, 100.0% route), 0 logic levels.

      Destination Clock Path oscillator to SLICE_494:

   Name    Fanout   Delay (ns)          Site               Resource
ROUTE       245     1.216        OSC.OSC to     R7C14C.CLK clk
                  --------
                    1.216   (0.0% logic, 100.0% route), 0 logic levels.


Passed: The following path meets requirements by 0.304ns

 Logical Details:  Cell type  Pin type       Cell/ASIC name  (clock net +/-)

   Source:         FF         Q              system/bus/fixed_uart.console/cts_sync[0]  (from clk +)
   Destination:    FF         Data in        system/bus/fixed_uart.console/cts_sync[1]  (to clk +)

   Delay:               0.285ns  (46.7% logic, 53.3% route), 1 logic levels.

 Constraint Details:

      0.285ns physical path delay system/bus/fixed_uart.console/SLICE_94 to system/bus/fixed_uart.console/SLICE_94 meets
     -0.019ns M_HLD and
      0.000ns delay constraint less
      0.000ns skew requirement (totaling -0.019ns) by 0.304ns

 Physical Path Details:

      Data path system/bus/fixed_uart.console/SLICE_94 to system/bus/fixed_uart.console/SLICE_94:

   Name    Fanout   Delay (ns)          Site               Resource
REG_DEL     ---     0.133     R9C21C.CLK to      R9C21C.Q0 system/bus/fixed_uart.console/SLICE_94 (from clk)
ROUTE         1     0.152      R9C21C.Q0 to      R9C21C.M1 system/bus/fixed_uart.console/cts_sync[0] (to clk)
                  --------
                    0.285   (46.7% logic, 53.3% route), 1 logic levels.

 Clock Skew Details: 

      Source Clock Path oscillator to system/bus/fixed_uart.console/SLICE_94:

   Name    Fanout   Delay (ns)          Site               Resource
ROUTE       245     1.216        OSC.OSC to     R9C21C.CLK clk
                  --------
                    1.216   (0.0% logic, 100.0% route), 0 logic levels.

      Destination Clock Path oscillator to system/bus/fixed_uart.console/SLICE_94:

   Name    Fanout   Delay (ns)          Site               Resource
ROUTE       245     1.216        OSC.OSC to     R9C21C.CLK clk
                  --------
                    1.216   (0.0% logic, 100.0% route), 0 logic levels.


Passed: The following path meets requirements by 0.306ns

 Logical Details:  Cell type  Pin type       Cell/ASIC name  (clock net +/-)

   Source:         FF         Q              system/bus/timebase/state[17]  (from clk +)
   Destination:    FF         Data in        system/bus/timebase/state[18]  (to clk +)

   Delay:               0.287ns  (46.3% logic, 53.7% route), 1 logic levels.

 Constraint Details:

      0.287ns physical path delay SLICE_186 to SLICE_186 meets
     -0.019ns M_HLD and
      0.000ns delay constraint less
      0.000ns skew requirement (totaling -0.019ns) by 0.306ns

 Physical Path Details:

      Data path SLICE_186 to SLICE_186:

   Name    Fanout   Delay (ns)          Site               Resource
REG_DEL     ---     0.133     R2C19A.CLK to      R2C19A.Q0 SLICE_186 (from clk)
ROUTE         2     0.154      R2C19A.Q0 to      R2C19A.M1 system/bus/timebase/state[17] (to clk)
                  --------
                    0.287   (46.3% logic, 53.7% route), 1 logic levels.

 Clock Skew Details: 

      Source Clock Path oscillator to SLICE_186:

   Name    Fanout   Delay (ns)          Site               Resource
ROUTE       245     1.216        OSC.OSC to     R2C19A.CLK clk
                  --------
                    1.216   (0.0% logic, 100.0% route), 0 logic levels.

      Destination Clock Path oscillator to SLICE_186:

   Name    Fanout   Delay (ns)          Site               Resource
ROUTE       245     1.216        OSC.OSC to     R2C19A.CLK clk
                  --------
                    1.216   (0.0% logic, 100.0% route), 0 logic levels.


Passed: The following path meets requirements by 0.306ns

 Logical Details:  Cell type  Pin type       Cell/ASIC name  (clock net +/-)

   Source:         FF         Q              system/bus/timebase/state[1]  (from clk +)
   Destination:    FF         Data in        system/bus/timebase/state[2]  (to clk +)

   Delay:               0.287ns  (46.3% logic, 53.7% route), 1 logic levels.

 Constraint Details:

      0.287ns physical path delay system/SLICE_390 to system/SLICE_390 meets
     -0.019ns M_HLD and
      0.000ns delay constraint less
      0.000ns skew requirement (totaling -0.019ns) by 0.306ns

 Physical Path Details:

      Data path system/SLICE_390 to system/SLICE_390:

   Name    Fanout   Delay (ns)          Site               Resource
REG_DEL     ---     0.133    R10C12B.CLK to     R10C12B.Q0 system/SLICE_390 (from clk)
ROUTE         2     0.154     R10C12B.Q0 to     R10C12B.M1 system/bus/timebase/state[1] (to clk)
                  --------
                    0.287   (46.3% logic, 53.7% route), 1 logic levels.

 Clock Skew Details: 

      Source Clock Path oscillator to system/SLICE_390:

   Name    Fanout   Delay (ns)          Site               Resource
ROUTE       245     1.216        OSC.OSC to    R10C12B.CLK clk
                  --------
                    1.216   (0.0% logic, 100.0% route), 0 logic levels.

      Destination Clock Path oscillator to system/SLICE_390:

   Name    Fanout   Delay (ns)          Site               Resource
ROUTE       245     1.216        OSC.OSC to    R10C12B.CLK clk
                  --------
                    1.216   (0.0% logic, 100.0% route), 0 logic levels.


Passed: The following path meets requirements by 0.306ns

 Logical Details:  Cell type  Pin type       Cell/ASIC name  (clock net +/-)

   Source:         FF         Q              system/bus/byte_sd/rx_shift[1]  (from clk +)
   Destination:    FF         Data in        system/bus/byte_sd/rx_shift[2]  (to clk +)

   Delay:               0.287ns  (46.3% logic, 53.7% route), 1 logic levels.

 Constraint Details:

      0.287ns physical path delay system/SLICE_429 to system/SLICE_429 meets
     -0.019ns M_HLD and
      0.000ns delay constraint less
      0.000ns skew requirement (totaling -0.019ns) by 0.306ns

 Physical Path Details:

      Data path system/SLICE_429 to system/SLICE_429:

   Name    Fanout   Delay (ns)          Site               Resource
REG_DEL     ---     0.133     R7C14D.CLK to      R7C14D.Q0 system/SLICE_429 (from clk)
ROUTE         2     0.154      R7C14D.Q0 to      R7C14D.M1 system/bus/byte_sd/rx_shift[1] (to clk)
                  --------
                    0.287   (46.3% logic, 53.7% route), 1 logic levels.

 Clock Skew Details: 

      Source Clock Path oscillator to system/SLICE_429:

   Name    Fanout   Delay (ns)          Site               Resource
ROUTE       245     1.216        OSC.OSC to     R7C14D.CLK clk
                  --------
                    1.216   (0.0% logic, 100.0% route), 0 logic levels.

      Destination Clock Path oscillator to system/SLICE_429:

   Name    Fanout   Delay (ns)          Site               Resource
ROUTE       245     1.216        OSC.OSC to     R7C14D.CLK clk
                  --------
                    1.216   (0.0% logic, 100.0% route), 0 logic levels.


Passed: The following path meets requirements by 0.306ns

 Logical Details:  Cell type  Pin type       Cell/ASIC name  (clock net +/-)

   Source:         FF         Q              system/bus/fixed_uart.console/rx_shift[7]  (from clk +)
   Destination:    FF         Data in        system/bus/fixed_uart.console/rx_shift[6]  (to clk +)

   Delay:               0.287ns  (46.3% logic, 53.7% route), 1 logic levels.

 Constraint Details:

      0.287ns physical path delay system/bus/SLICE_424 to system/bus/SLICE_424 meets
     -0.019ns M_HLD and
      0.000ns delay constraint less
      0.000ns skew requirement (totaling -0.019ns) by 0.306ns

 Physical Path Details:

      Data path system/bus/SLICE_424 to system/bus/SLICE_424:

   Name    Fanout   Delay (ns)          Site               Resource
REG_DEL     ---     0.133     R7C19B.CLK to      R7C19B.Q1 system/bus/SLICE_424 (from clk)
ROUTE         2     0.154      R7C19B.Q1 to      R7C19B.M0 system/bus/fixed_uart.console/rx_shift[7] (to clk)
                  --------
                    0.287   (46.3% logic, 53.7% route), 1 logic levels.

 Clock Skew Details: 

      Source Clock Path oscillator to system/bus/SLICE_424:

   Name    Fanout   Delay (ns)          Site               Resource
ROUTE       245     1.216        OSC.OSC to     R7C19B.CLK clk
                  --------
                    1.216   (0.0% logic, 100.0% route), 0 logic levels.

      Destination Clock Path oscillator to system/bus/SLICE_424:

   Name    Fanout   Delay (ns)          Site               Resource
ROUTE       245     1.216        OSC.OSC to     R7C19B.CLK clk
                  --------
                    1.216   (0.0% logic, 100.0% route), 0 logic levels.


Passed: The following path meets requirements by 0.306ns

 Logical Details:  Cell type  Pin type       Cell/ASIC name  (clock net +/-)

   Source:         FF         Q              system/bus/fixed_uart.console/rx_shift[3]  (from clk +)
   Destination:    FF         Data in        system/bus/fixed_uart.console/rx_shift[2]  (to clk +)

   Delay:               0.287ns  (46.3% logic, 53.7% route), 1 logic levels.

 Constraint Details:

      0.287ns physical path delay system/bus/fixed_uart.console/SLICE_422 to system/bus/fixed_uart.console/SLICE_422 meets
     -0.019ns M_HLD and
      0.000ns delay constraint less
      0.000ns skew requirement (totaling -0.019ns) by 0.306ns

 Physical Path Details:

      Data path system/bus/fixed_uart.console/SLICE_422 to system/bus/fixed_uart.console/SLICE_422:

   Name    Fanout   Delay (ns)          Site               Resource
REG_DEL     ---     0.133      R9C5C.CLK to       R9C5C.Q1 system/bus/fixed_uart.console/SLICE_422 (from clk)
ROUTE         2     0.154       R9C5C.Q1 to       R9C5C.M0 system/bus/fixed_uart.console/rx_shift[3] (to clk)
                  --------
                    0.287   (46.3% logic, 53.7% route), 1 logic levels.

 Clock Skew Details: 

      Source Clock Path oscillator to system/bus/fixed_uart.console/SLICE_422:

   Name    Fanout   Delay (ns)          Site               Resource
ROUTE       245     1.216        OSC.OSC to      R9C5C.CLK clk
                  --------
                    1.216   (0.0% logic, 100.0% route), 0 logic levels.

      Destination Clock Path oscillator to system/bus/fixed_uart.console/SLICE_422:

   Name    Fanout   Delay (ns)          Site               Resource
ROUTE       245     1.216        OSC.OSC to      R9C5C.CLK clk
                  --------
                    1.216   (0.0% logic, 100.0% route), 0 logic levels.


Passed: The following path meets requirements by 0.306ns

 Logical Details:  Cell type  Pin type       Cell/ASIC name  (clock net +/-)

   Source:         FF         Q              system/bus/byte_sd/rx_shift[3]  (from clk +)
   Destination:    FF         Data in        system/bus/byte_sd/rx_shift[4]  (to clk +)

   Delay:               0.287ns  (46.3% logic, 53.7% route), 1 logic levels.

 Constraint Details:

      0.287ns physical path delay system/bus/byte_sd/SLICE_428 to system/bus/byte_sd/SLICE_428 meets
     -0.019ns M_HLD and
      0.000ns delay constraint less
      0.000ns skew requirement (totaling -0.019ns) by 0.306ns

 Physical Path Details:

      Data path system/bus/byte_sd/SLICE_428 to system/bus/byte_sd/SLICE_428:

   Name    Fanout   Delay (ns)          Site               Resource
REG_DEL     ---     0.133     R9C15A.CLK to      R9C15A.Q0 system/bus/byte_sd/SLICE_428 (from clk)
ROUTE         2     0.154      R9C15A.Q0 to      R9C15A.M1 system/bus/byte_sd/rdata_8[3] (to clk)
                  --------
                    0.287   (46.3% logic, 53.7% route), 1 logic levels.

 Clock Skew Details: 

      Source Clock Path oscillator to system/bus/byte_sd/SLICE_428:

   Name    Fanout   Delay (ns)          Site               Resource
ROUTE       245     1.216        OSC.OSC to     R9C15A.CLK clk
                  --------
                    1.216   (0.0% logic, 100.0% route), 0 logic levels.

      Destination Clock Path oscillator to system/bus/byte_sd/SLICE_428:

   Name    Fanout   Delay (ns)          Site               Resource
ROUTE       245     1.216        OSC.OSC to     R9C15A.CLK clk
                  --------
                    1.216   (0.0% logic, 100.0% route), 0 logic levels.

Report Summary
--------------
----------------------------------------------------------------------------
Preference(MIN Delays)                  |   Constraint|       Actual|Levels
----------------------------------------------------------------------------
                                        |             |             |
FREQUENCY NET "clk" 29.560000 MHz ;     |     0.000 ns|     0.293 ns|   1  
                                        |             |             |
----------------------------------------------------------------------------


All preferences were met.


Clock Domains Analysis
------------------------

Found 1 clocks:

Clock Domain: clk   Source: oscillator.OSC   Loads: 245
   Covered under: FREQUENCY NET "clk" 29.560000 MHz ;


--------------------------------------------------------------------------------
                Connections not covered by the preferences
--------------------------------------------------------------------------------

     Delay                        Element                 Net

    0.177ns pio_key_row[0].PADDI to _key_row[0]_MGIOL.DI gpio_key_row_in[0]
    0.177ns        sd_miso.PADDI to     sd_miso_MGIOL.DI sd_miso_c
    0.177ns             rx.PADDI to          rx_MGIOL.DI rx_c
    1.251ns      gpio_miso.PADDI to _memory/SLICE_133.C0 gpio_miso_c
    1.800ns      gpio_miso.PADDI to tem/bus/SLICE_444.M0 gpio_miso_c
    0.127ns      gpio_miso.PADDI to   gpio_miso_MGIOL.DI gpio_miso_c
    0.177ns pio_key_row[1].PADDI to _key_row[1]_MGIOL.DI gpio_key_row_in[1]
    0.177ns pio_key_row[2].PADDI to _key_row[2]_MGIOL.DI gpio_key_row_in[2]
    0.177ns pio_key_row[3].PADDI to _key_row[3]_MGIOL.DI gpio_key_row_in[3]
    1.041ns            res.PADDI to        SLICE_494.LSR res_c

--------------------------------------------------------------------------------


Timing summary (Hold):
---------------

Timing errors: 0  Score: 0
Cumulative negative slack: 0

Constraints cover 3802683 paths, 1 nets, and 5503 connections (99.82% coverage)



Timing summary (Setup and Hold):
---------------

Timing errors: 0 (setup), 0 (hold)
Score: 0 (setup), 0 (hold)
Cumulative negative slack: 0 (0+0)
--------------------------------------------------------------------------------

--------------------------------------------------------------------------------

