SD image: /Users/sash/Work/PROJECTS/k1801vm1/lsi11-fpga/images/rt11v503.dsk (53790 sectors), read-only backing, 256-sector RAM overlay
uJ11 SD handoff at 2823223 clocks
RK command 002021 PC000314 IPL7
RK command 002220 PC160460 IPL7
BUS FAULT addr173700 wr0 PC001112 SP010000 IR011001 uPC220 PSW000350
BUS FAULT addr160000 wr0 PC001236 SP007774 IR011414 uPC220 PSW000011
BUS FAULT addr177776 wr0 PC001436 SP010000 IR005737 uPC0f0 PSW000000
BUS FAULT addr172540 wr0 PC001502 SP010000 IR005737 uPC0f0 PSW000010
BUS FAULT addr177746 wr0 PC001564 SP010000 IR052737 uPC3b0 PSW000004
BUS FAULT addr177760 wr0 PC001574 SP010000 IR005737 uPC0f0 PSW000004
BUS FAULT addr177570 wr0 PC001624 SP010000 IR013702 uPC255 PSW000000
BUS FAULT addr177570 wr1 PC001636 SP010000 IR012737 uPC310 PSW000000
RK command 002021 PC000314 IPL0
RK command 002220 PC160460 IPL7
BOARD clocks5000000 PC002154 IR101375 uPC020 PSW000000 cmds4 reads8 service0 pending0
RK command 002021 PC000314 IPL0
RK command 002220 PC160460 IPL7
RK command 002021 PC000314 IPL0
RK command 002220 PC160460 IPL7
BUS FAULT addr177572 wr0 PC005026 SP007770 IR005737 uPC0f0 PSW000000
RK command 002021 PC000314 IPL0
RK command 002220 PC160460 IPL7
RK command 002021 PC000314 IPL0
RK command 002220 PC160460 IPL7
RK command 002021 PC000314 IPL0
RK command 002220 PC160460 IPL7
RK command 002021 PC000314 IPL0
BOARD clocks10000000 PC160210 IR111422 uPC260 PSW000350 cmds15 reads50 service1 pending0
RK command 002220 PC160460 IPL7
RK command 002021 PC000314 IPL0
RK command 002220 PC160460 IPL7
RK command 000001 PC155470 IPL0
RK command 002000 PC155624 IPL0
RK command 002003 PC155632 IPL0
RK command 002121 PC155726 IPL0
RK command 002320 PC160460 IPL7
RK command 000000 PC157012 IPL0
BUS FAULT addr160100 wr0 PC001212 SP007772 IR005712 uPC0f0 PSW000000
BUS FAULT addr160100 wr0 PC001212 SP007772 IR005712 uPC0f0 PSW000000
BUS FAULT addr160100 wr0 PC001212 SP007772 IR005712 uPC0f0 PSW000000
BUS FAULT addr160100 wr0 PC001212 SP007772 IR005712 uPC0f0 PSW000000
BUS FAULT addr160100 wr0 PC001212 SP007772 IR005712 uPC0f0 PSW000000
BUS FAULT addr160100 wr0 PC001212 SP007772 IR005712 uPC0f0 PSW000000
BUS FAULT addr160100 wr0 PC001212 SP007772 IR005712 uPC0f0 PSW000000
BUS FAULT addr160100 wr0 PC001212 SP007772 IR005712 uPC0f0 PSW000000
RK command 000001 PC155470 IPL0
RK command 002000 PC155624 IPL0
RK command 002003 PC155632 IPL0
RK command 002121 PC155726 IPL0
RK command 002320 PC160460 IPL7
RK command 000000 PC157012 IPL0
BUS FAULT addr177400 wr0 PC002466 SP007774 IR005735 uPC0f0 PSW000000
RK command 000001 PC155470 IPL0
RK command 002000 PC155624 IPL0
RK command 002003 PC155632 IPL0
RK command 002121 PC155726 IPL0
RK command 002320 PC160460 IPL7
RK command 000000 PC157012 IPL0
BUS FAULT addr177514 wr0 PC002466 SP007774 IR005735 uPC0f0 PSW000000
RK command 000001 PC155470 IPL0
RK command 002000 PC155624 IPL0
RK command 002003 PC155632 IPL0
RK command 002121 PC155726 IPL0
RK command 002320 PC160460 IPL7
RK command 000000 PC157012 IPL0
RK command 000001 PC155470 IPL0
RK command 002000 PC155624 IPL0
RK command 002003 PC155632 IPL0
RK command 002121 PC155726 IPL0
RK command 002320 PC160460 IPL7
RK command 000000 PC157012 IPL0
BUS FAULT addr177572 wr0 PC002466 SP007774 IR005735 uPC0f0 PSW000000
RK command 000001 PC155470 IPL0
RK command 002000 PC155624 IPL0
RK command 002003 PC155632 IPL0
RK command 002121 PC155726 IPL0
RK command 002320 PC160460 IPL7
RK command 000000 PC157012 IPL0
BUS FAULT addr174400 wr0 PC002466 SP007774 IR005735 uPC0f0 PSW000000
RK command 000001 PC155470 IPL0
RK command 002000 PC155624 IPL0
RK command 002003 PC155632 IPL0
RK command 002121 PC155726 IPL0
RK command 002320 PC160460 IPL7
RK command 000000 PC157012 IPL0
BUS FAULT addr172150 wr0 PC002466 SP007774 IR005735 uPC0f0 PSW000000
RK command 000001 PC155470 IPL0
RK command 002000 PC155624 IPL0
RK command 002003 PC155632 IPL0
RK command 002121 PC155726 IPL0
RK command 002320 PC160460 IPL7
RK command 000000 PC157012 IPL0
RK command 000001 PC155470 IPL0
RK command 002000 PC155624 IPL0
RK command 002003 PC155632 IPL0
RK command 002121 PC155726 IPL0
RK command 002320 PC160460 IPL7
RK command 000000 PC157012 IPL0
BUS FAULT addr172520 wr0 PC002466 SP007774 IR005735 uPC0f0 PSW000000
RK command 000001 PC155470 IPL0
RK command 002000 PC155624 IPL0
RK command 002003 PC155632 IPL0
RK command 002121 PC155726 IPL0
RK command 002320 PC160460 IPL7
RK command 000000 PC157012 IPL0
BUS FAULT addr172440 wr0 PC002466 SP007774 IR005735 uPC0f0 PSW000000
RK command 000001 PC155470 IPL0
RK command 002000 PC155624 IPL0
RK command 002003 PC155632 IPL0
RK command 002121 PC155726 IPL0
RK command 002320 PC160460 IPL7
RK command 000000 PC157012 IPL0
BUS FAULT addr174500 wr0 PC002466 SP007774 IR005735 uPC0f0 PSW000000
BOARD clocks15000000 PC136550 IR010246 uPC020 PSW000004 cmds84 reads82 service0 pending0
RK command 000001 PC155470 IPL0
RK command 002000 PC155624 IPL0
RK command 002003 PC155632 IPL0
RK command 002121 PC155726 IPL0
RK command 002320 PC160460 IPL7
RK command 000000 PC157012 IPL0
RK command 000001 PC155470 IPL0
RK command 002000 PC155624 IPL0
RK command 002003 PC155632 IPL0
RK command 002121 PC155726 IPL0
RK command 002320 PC160460 IPL7
RK command 000000 PC157012 IPL0
RK command 000001 PC155470 IPL0
RK command 002000 PC155624 IPL0
RK command 002003 PC155632 IPL0
RK command 002121 PC155726 IPL0
RK command 002320 PC160460 IPL7
RK command 000000 PC157012 IPL0
BUS FAULT addr176710 wr0 PC002466 SP007774 IR005735 uPC0f0 PSW000000
RK command 000001 PC155470 IPL0
RK command 002000 PC155624 IPL0
RK command 002003 PC155632 IPL0
RK command 002121 PC155726 IPL0
RK command 002320 PC160460 IPL7
RK command 000000 PC157012 IPL0

RT-11FB (S) V05.03  
BOARD clocks20000000 PC120326 IR012124 uPC310 PSW135400 cmds108 reads86 service0 pending0
RK command 000001 PC155470 IPL0
RK command 002000 PC155624 IPL0
RK command 002003 PC155632 IPL0
RK command 002121 PC155726 IPL0
RK command 002320 PC160460 IPL7
RK command 000000 PC157012 IPL0
RK command 000001 PC155470 IPL0
RK command 002000 PC155624 IPL0
RK command 002003 PC155632 IPL0
RK command 002121 PC155726 IPL0
RK command 002320 PC160460 IPL7
RK command 000000 PC157012 IPL0
RK command 000001 PC155470 IPL0
RK command 002000 PC155624 IPL0
RK command 002003 PC155632 IPL0
RK command 002121 PC155726 IPL0
RK command 002320 PC160460 IPL7
RK command 000000 PC157012 IPL0
RK command 000001 PC155470 IPL0
RK command 002000 PC155624 IPL0
RK command 002003 PC155632 IPL0
RK command 002121 PC155726 IPL0
RK command 002320 PC160460 IPL7
RK command 000000 PC157012 IPL0
RK command 000001 PC155470 IPL0
RK command 002000 PC155624 IPL0
RK command 002003 PC155632 IPL0
RK command 002123 PC155726 IPL0
BOARD clocks25000000 PC160414 IR077101 uPC020 PSW000344 cmds136 reads98 service1 pending0
RK command 002322 PC160460 IPL7
RK command 000000 PC157012 IPL0
RK command 000001 PC155470 IPL0
RK command 002000 PC155624 IPL0
RK command 002003 PC155632 IPL0
RK command 002121 PC155726 IPL0
RK command 002320 PC160460 IPL7
RK command 000000 PC157012 IPL0
RK command 000001 PC155470 IPL0
RK command 002000 PC155624 IPL0
RK command 002003 PC155632 IPL0
RK command 002121 PC155726 IPL0
RK command 002320 PC160460 IPL7
RK command 000000 PC157012 IPL0
BOARD clocks30000000 PC115340 IR066167 uPC354 PSW137400 cmds150 reads102 service0 pending0
RK command 000001 PC155470 IPL0
RK command 002000 PC155624 IPL0
RK command 002003 PC155632 IPL0
RK command 002121 PC155726 IPL0
RK command 002320 PC160460 IPL7
RK command 000000 PC157012 IPL0
RK command 000001 PC155470 IPL0
RK command 002000 PC155624 IPL0
RK command 002003 PC155632 IPL0
RK command 002121 PC155726 IPL0
RK command 002320 PC160460 IPL7
RK command 000000 PC157012 IPL0
BOARD clocks35000000 PC070242 IR014144 uPC239 PSW001000 cmds162 reads105 service0 pending0

.SET TT SCOPE,NOCRLF
RK command 000001 PC155470 IPL0
RK command 002000 PC155624 IPL0
RK command 002003 PC155632 IPL0
RK command 002121 PC155726 IPL0
RK command 002320 PC160460 IPL7
RK command 000000 PC157012 IPL0
BOARD clocks40000000 PC106336 IR016002 uPC020 PSW126410 cmds168 reads107 service0 pending0

.SET SL ON
RK command 000001 PC155470 IPL0
RK command 002000 PC155624 IPL0
RK command 002003 PC155632 IPL0
RK command 002121 PC155726 IPL0
RK command 002320 PC160460 IPL7
RK command 000000 PC157012 IPL0
RK command 000001 PC155470 IPL0
RK command 002000 PC155624 IPL0
RK command 002003 PC155632 IPL0
RK command 002121 PC155726 IPL0
RK command 002320 PC160460 IPL7
RK command 000000 PC157012 IPL0
RK command 000001 PC155470 IPL0
RK command 002000 PC155624 IPL0
RK command 002003 PC155632 IPL0
RK command 002121 PC155726 IPL0
RK command 002320 PC160460 IPL7
RK command 000000 PC157012 IPL0
RK command 000001 PC155470 IPL0
RK command 002000 PC155624 IPL0
RK command 002003 PC155632 IPL0
RK command 002121 PC155726 IPL0
RK command 002320 PC160460 IPL7
RK command 000000 PC157012 IPL0
RK command 000001 PC155470 IPL0
RK command 002000 PC155624 IPL0
RK command 002003 PC155632 IPL0
RK command 002121 PC155726 IPL0
RK command 002320 PC160460 IPL7
RK command 000000 PC157012 IPL0
BOARD clocks45000000 PC120264 IR012124 uPC310 PSW000011 cmds198 reads115 service0 pending0
RK command 000001 PC155470 IPL0
RK command 002000 PC155624 IPL0
RK command 002003 PC155632 IPL0
RK command 002121 PC155726 IPL0
RK command 002320 PC160460 IPL7
RK command 000000 PC157012 IPL0
RK command 000001 PC155470 IPL0
RK command 002000 PC155624 IPL0
RK command 002003 PC155632 IPL0
RK command 002121 PC155726 IPL0
RK command 002320 PC160460 IPL7
RK command 000000 PC157012 IPL0
RK command 000001 PC155470 IPL0
RK command 002000 PC155624 IPL0
RK command 002003 PC155632 IPL0
RK command 002121 PC155726 IPL0
RK command 002320 PC160460 IPL7
RK command 000000 PC157012 IPL0
RK command 000001 PC155470 IPL0
RK command 002000 PC155624 IPL0
RK command 002003 PC155632 IPL0
RK command 002121 PC155726 IPL0
RK command 002320 PC160460 IPL7
RK command 000000 PC157012 IPL0
RK command 000001 PC155470 IPL0
RK command 002000 PC155624 IPL0
RK command 002003 PC155632 IPL0
RK command 002121 PC155726 IPL0
RK command 002320 PC160460 IPL7
RK command 000000 PC157012 IPL0
RK command 000001 PC155470 IPL0
RK command 002000 PC155624 IPL0
RK command 002003 PC155632 IPL0
RK command 002123 PC155726 IPL0
BOARD clocks50000000 PC160414 IR077101 uPC020 PSW000344 cmds232 reads131 service1 pending0
RK command 002322 PC160460 IPL7
RK command 000000 PC157012 IPL0
RK command 000001 PC155470 IPL0
RK command 002000 PC155624 IPL0
RK command 002003 PC155632 IPL0
RK command 002123 PC155726 IPL0
RK command 002322 PC160460 IPL7
RK command 000000 PC157012 IPL0
\<BOARD clocks55000000 PC144752 IR004467 uPC020 PSW152010 cmds240 reads131 service0 pending0
RK command 000001 PC155470 IPL0
RK command 002000 PC155624 IPL0
RK command 002003 PC155632 IPL0
RK command 002121 PC155726 IPL0
RK command 002320 PC160460 IPL7
RK command 000000 PC157012 IPL0
RK command 000001 PC155470 IPL0
RK command 002000 PC155624 IPL0
RK command 002003 PC155632 IPL0
RK command 002123 PC155726 IPL0
BOARD clocks60000000 PC160414 IR077101 uPC020 PSW000344 cmds250 reads132 service1 pending0
RK command 002322 PC160460 IPL7
RK command 000000 PC157012 IPL0

.DIR
.[KDIR
RK command 000001 PC155470 IPL0
RK command 002000 PC155624 IPL0
RK command 002003 PC155632 IPL0
RK command 002121 PC155726 IPL0
BOARD clocks65000000 PC160212 IR111422 uPC310 PSW000340 cmds256 reads133 service1 pending0
RK command 002320 PC160460 IPL7
RK command 000000 PC157012 IPL0
RK command 000001 PC155470 IPL0
RK command 002000 PC155624 IPL0
RK command 002003 PC155632 IPL0
RK command 002121 PC155726 IPL0
RK command 002320 PC160460 IPL7
RK command 000000 PC157012 IPL0
RK command 000001 PC155470 IPL0
RK command 002000 PC155624 IPL0
RK command 002003 PC155632 IPL0
RK command 002121 PC155726 IPL0
RK command 002320 PC160460 IPL7
RK command 000000 PC157012 IPL0
RK command 000001 PC155470 IPL0
RK command 002000 PC155624 IPL0
RK command 002003 PC155632 IPL0
RK command 002121 PC155726 IPL0
RK command 002320 PC160460 IPL7
RK command 000000 PC157012 IPL0
BOARD clocks70000000 PC132502 IR001375 uPC020 PSW137400 cmds276 reads139 service0 pending0
RK command 000001 PC155470 IPL0
RK command 002000 PC155624 IPL0
RK command 002003 PC155632 IPL0
RK command 002121 PC155726 IPL0
RK command 002320 PC160460 IPL7
RK command 000000 PC157012 IPL0
RK command 000001 PC155470 IPL0
RK command 002000 PC155624 IPL0
RK command 002003 PC155632 IPL0
RK command 002121 PC155726 IPL0
RK command 002320 PC160460 IPL7
RK command 000000 PC157012 IPL0
 
RK command 000001 PC155470 IPL0
RK command 002000 PC155624 IPL0
RK command 002003 PC155632 IPL0
RK command 002121 PC155726 IPL0
RK command 002320 PC160460 IPL7
RK command 000000 PC157012 IPL0
SWAP  .SYS    27P 26BOARD clocks75000000 PC152464 IR026242 uPC248 PSW000010 cmds294 reads160 service0 pending0
-Jan-1999    RT11FB.SYS   103P 26-Jan-1999
RT11SJ.SYS    88P 26-Jan-1999    BOARD clocks80000000 PC020772 IR161300 uPC020 PSW000000 cmds294 reads160 service0 pending0
RT11XM.SYS   116P 26-Jan-1999
RK    .SYS     3P 26-Jan-1999    LP    BOARD clocks85000000 PC150314 IR016705 uPC020 PSW000010 cmds294 reads160 service0 pending0
.SYS     2P 26-Jan-1999
BA    .SYS     7P 26-Jan-1999    VM    .SYS     3P 26BOARD clocks90000000 PC152636 IR016304 uPC020 PSW000010 cmds294 reads160 service0 pending0
-Jan-1999
DL    .SYS     5P 26-Jan-1999    DU    .SYS     8P 26-Jan-1999
BOARD clocks95000000 PC021542 IR020203 uPC020 PSW000011 cmds294 reads160 service0 pending0
DM    .SYS     5P 26-Jan-1999    NL    .SYS     2P 26-Jan-1999
MT    .SYS  BOARD clocks100000000 PC152760 IR000261 uPC020 PSW000005 cmds294 reads160 service0 pending0
   9P 26-Jan-1999    MM    .SYS     9P 26-Jan-1999
MU    .SYS    13P 26-Jan-1BOARD clocks105000000 PC152500 IR005242 uPC0d7 PSW000000 cmds294 reads160 service0 pending0
999    LD    .SYS     8P 26-Jan-1999
EL    .SYS     5P 26-Jan-1999    BOARD clocks110000000 PC153130 IR001776 uPC020 PSW000004 cmds294 reads160 service0 pending0
DP    .SYS     3P 26-Jan-1999
SL    .SYS    14P 26-Jan-1999    VMX   .SYS     BOARD clocks115000000 PC153076 IR032763 uPC370 PSW000004 cmds294 reads160 service0 pending0
3P 26-Jan-1999
LDX   .SYS     8P 26-Jan-1999    LPX   .SYS     2P 26-Jan-1999BOARD clocks120000000 PC150340 IR001006 uPC020 PSW000000 cmds294 reads160 service0 pending0

BAX   .SYS     7P 26-Jan-1999    DLX   .SYS     5P 26-Jan-1999
DUX  BOARD clocks125000000 PC152310 IR012764 uPC3e0 PSW000340 cmds294 reads160 service0 pending0
 .SYS     9P 26-Jan-1999    DMX   .SYS     5P 26-Jan-1999
RKX   .SYS     3P 26BOARD clocks130000000 PC152636 IR016304 uPC24b PSW000010 cmds294 reads160 service0 pending0
-Jan-1999    MTX   .SYS     9P 26-Jan-1999
MMX   .SYS    10P 26-Jan-1999    BOARD clocks135000000 PC020772 IR161300 uPC020 PSW000000 cmds294 reads160 service0 pending0
MUX   .SYS    15P 26-Jan-1999
NLX   .SYS     2P 26-Jan-1999    DPX   .BOARD clocks140000000 PC153246 IR126127 uPC330 PSW000001 cmds294 reads160 service0 pending0
SYS     3P 26-Jan-1999
SLX   .SYS    16P 26-Jan-1999    PIP   .SAV    30P 26-JBOARD clocks145000000 PC143242 IR004567 uPC020 PSW000210 cmds294 reads160 service0 pending0
an-1999
DUP   .SAV    47P 26-Jan-1999    DIR   .SAV    19P 26-Jan-1999
BOARD clocks150000000 PC022172 IR103402 uPC020 PSW000011 cmds294 reads160 service0 pending0
IND   .SAV    56P 26-Jan-1999    RESORC.SAV    25P 26-Jan-1999
EDIT  .SAVBOARD clocks155000000 PC152662 IR000207 uPC020 PSW000000 cmds294 reads160 service0 pending0
    19P 26-Jan-1999    K52   .SAV    54P 26-Jan-1999
KED   .SAV    58P 26-Jan-BOARD clocks160000000 PC153012 IR105763 uPC0f0 PSW000004 cmds294 reads160 service0 pending0
1999    KEX   .SAV    53P 26-Jan-1999
MACRO .SAV    61P 26-Jan-1999    BOARD clocks165000000 PC022114 IR010146 uPC039 PSW000000 cmds294 reads160 service0 pending0
CREF  .SAV     6P 26-Jan-1999
LINK  .SAV    49P 26-Jan-1999    LIBR  .SAV   BOARD clocks170000000 PC152662 IR000207 uPC020 PSW000005 cmds294 reads160 service0 pending0
 24P 26-Jan-1999
FILEX .SAV    22P 26-Jan-1999    SRCCOM.SAV    26P 26-Jan-19BOARD clocks175000000 PC150316 IR032763 uPC224 PSW000010 cmds294 reads160 service0 pending0
99
BINCOM.SAV    24P 26-Jan-1999    SLP   .SAV    13P 26-Jan-1999
DBOARD clocks180000000 PC142600 IR000240 uPC020 PSW000340 cmds294 reads160 service0 pending0
UMP  .SAV     9P 26-Jan-1999    SIPP  .SAV    21P 26-Jan-1999
BUP   .SAV    50BOARD clocks185000000 PC152462 IR000207 uPC020 PSW000010 cmds294 reads160 service0 pending0
P 26-Jan-1999    PAT   .SAV    10P 26-Jan-1999
HELP  .SAV   132P 26-Jan-1999 BOARD clocks190000000 PC153244 IR126127 uPC24b PSW000001 cmds294 reads160 service0 pending0
   BATCH .SAV    26P 26-Jan-1999
ERROUT.SAV    18P 26-Jan-1999    QUBOARD clocks195000000 PC152626 IR004767 uPC020 PSW000010 cmds294 reads160 service0 pending0
EMAN.SAV    15P 26-Jan-1999
FORMAT.SAV    24P 26-Jan-1999    SETUP .SAV    41PBOARD clocks200000000 PC152622 IR005367 uPC0dc PSW000000 cmds294 reads160 service0 pending0
 26-Jan-1999
VTCOM .SAV    24P 26-Jan-1999    SPEED .SAV     4P 26-Jan-1999
BOARD clocks205000000 PC020766 IR103375 uPC020 PSW000000 cmds294 reads160 service0 pending0
DATIME.SAV     4P 26-Jan-1999    LET   .SAV     5P 26-Jan-1999
SPLIT BOARD clocks210000000 PC142512 IR010046 uPC310 PSW000010 cmds294 reads160 service0 pending0
.SAV     3P 26-Jan-1999    UCL   .SAV    15P 26-Jan-1999
VBGEXE.SAV    16P 26-BOARD clocks215000000 PC152466 IR026242 uPC03e PSW000010 cmds294 reads160 service0 pending0
Jan-1999    TERMID.SAV     3P 26-Jan-1999
TRANSF.SAV    16P 26-Jan-1999    BOARD clocks220000000 PC021140 IR001002 uPC020 PSW000000 cmds294 reads160 service0 pending0
GIDIS .SAV    72P 26-Jan-1999
MDUP  .SAV    20P 26-Jan-1999    CONFIG.SBOARD clocks225000000 PC147370 IR100403 uPC020 PSW000010 cmds294 reads160 service0 pending0
AV     7P 26-Jan-1999
RK command 000001 PC155470 IPL0
RK command 002000 PC155624 IPL0
RK command 002003 PC155632 IPL0
RK command 002121 PC155726 IPL0
RK command 002320 PC160460 IPL7
RK command 000000 PC157012 IPL0
ELINIT.SAV     7P 26-Jan-1999    QUEUE .REL    1BOARD clocks230000000 PC142570 IR006367 uPC100 PSW000344 cmds300 reads162 service0 pending0
4P 26-Jan-1999
RTMON .REL     8P 26-Jan-1999    SPOOL .REL    11P 26-Jan-1999BOARD clocks235000000 PC152466 IR026242 uPC020 PSW000000 cmds300 reads162 service0 pending0

VTCOM .REL    27P 26-Jan-1999    ERRLOG.REL     9P 26-Jan-1999
SYSBOARD clocks240000000 PC153456 IR005241 uPC0d7 PSW000005 cmds300 reads162 service0 pending0
MAC.SML    60P 26-Jan-1999    SYSLIB.OBJ    54P 26-Jan-1999
ODT   .OBJ     8P 2BOARD clocks245000000 PC152616 IR000207 uPC3e0 PSW000340 cmds300 reads162 service0 pending0
6-Jan-1999    VDT   .OBJ     8P 26-Jan-1999
ODTHWD.OBJ     8P 26-Jan-1999    BOARD clocks250000000 PC020760 IR012704 uPC020 PSW000010 cmds300 reads162 service0 pending0
MDUP  .MM     56P 26-Jan-1999
MDUP  .MS     56P 26-Jan-1999    MDUP  BOARD clocks255000000 PC153032 IR105761 uPC020 PSW000000 cmds300 reads162 service0 pending0
.MT     56P 26-Jan-1999
MBOOT .BOT     1P 26-Jan-1999    MBOT16.BOT     1P 26-BOARD clocks260000000 PC150340 IR001006 uPC020 PSW000000 cmds300 reads162 service0 pending0
Jan-1999
MSBOOT.BOT     3P 26-Jan-1999    CUSTOM.TXT     9P 26-Jan-1999
BOARD clocks265000000 PC020416 IR101002 uPC020 PSW000000 cmds300 reads162 service0 pending0
V5NOTE.TXT    41P 26-Jan-1999    SYSGEN.ANS     9P 26-Jan-1999
RT11SJ.MABOARD clocks270000000 PC152636 IR016304 uPC24b PSW000010 cmds300 reads162 service0 pending0
P    29P 26-Jan-1999    RT11FB.MAP    36P 26-Jan-1999
RT11XM.MAP    39P 26-JBOARD clocks275000000 PC153422 IR110063 uPC310 PSW000010 cmds300 reads162 service0 pending0
an-1999    STARTF.COM     1  26-Jan-1999
STARTS.COM     1  26-Jan-1999    BOARD clocks280000000 PC020710 IR010546 uPC020 PSW000000 cmds300 reads162 service0 pending0
STARTX.COM     1  26-Jan-1999
 98 Files, 2201 Blocks
 51455 Free blocks
BOARD clocks285000000 PC134672 IR001413 uPC020 PSW121404 cmds300 reads162 service0 pending0

.
PASS uJ11 cold RT-11 boot + DIR: 288686609 clocks, 300 RK commands, 467 timer edges, 3270 UART wire bytes, 162 SD reads/6 writes
BOARD COUNTS retired3979364 reads5207588 writes422214 FRAM-CS2422032
- build/cp52-final-tb_board_rt11.v:110: Verilog $finish
- S i m u l a t i o n   R e p o r t: Verilator 5.050 2026-07-01
- Verilator: $finish at 3s; walltime 137.600 s; speed 20.980 ms/s
- Verilator: cpu 137.564 s on 1 threads; allocated 2 MB
