
 /----------------------------------------------------------------------------\
 |  yosys -- Yosys Open SYnthesis Suite                                       |
 |  Copyright (C) 2012 - 2026  Claire Xenia Wolf <claire@yosyshq.com>         |
 |  Distributed under an ISC-like license, type "license" to see terms        |
 \----------------------------------------------------------------------------/
 Yosys 0.68 (git sha1 38e001a6f, Release, Clang /workspace/YoWASP/yosys/wasi-sdk-33.0-x86_64-linux/share/cmake/../..//bin/clang++ 22.1.0)

-- Executing script file `proof.ys' --

1. Executing Verilog-2005 frontend: miter.v
Parsing Verilog input from `miter.v' to AST representation.
Generating RTLIL representation for module `\miter'.
Successfully finished Verilog frontend.

2. Executing Verilog-2005 frontend: gold.v
Parsing Verilog input from `gold.v' to AST representation.
Generating RTLIL representation for module `\d_input_reference'.
Successfully finished Verilog frontend.

3. Executing Verilog-2005 frontend: gate.v
Parsing Verilog input from `gate.v' to AST representation.
Generating RTLIL representation for module `\d_input'.
Successfully finished Verilog frontend.

4. Executing PREP pass.

4.1. Executing HIERARCHY pass (managing design hierarchy).

4.1.1. Analyzing design hierarchy..
Top module:  \miter
Used module:     \d_input
Used module:     \d_input_reference

4.1.2. Analyzing design hierarchy..
Top module:  \miter
Used module:     \d_input
Used module:     \d_input_reference
Removed 0 unused modules.
Mapping positional arguments of cell miter.gate (d_input).
Mapping positional arguments of cell miter.gold (d_input_reference).

4.2. Executing PROC pass (convert processes to netlists).

4.2.1. Executing PROC_CLEAN pass (remove empty switches from decision trees).
Cleaned up 0 empty switches.

4.2.2. Executing PROC_RMDEAD pass (remove dead branches from decision trees).
Removed 1 dead cases from process $proc$gold.v:3$2 in module d_input_reference.
Marked 1 switch rules as full_case in process $proc$gold.v:3$2 in module d_input_reference.
Removed a total of 1 dead cases.

4.2.3. Executing PROC_PRUNE pass (remove redundant assignments in processes).
Removed 0 redundant assignments.
Promoted 2 assignments to connections.

4.2.4. Executing PROC_INIT pass (extract init attributes).

4.2.5. Executing PROC_ARST pass (detect async resets in processes).

4.2.6. Executing PROC_ROM pass (convert switches to ROMs).
Converted 0 switches.
<suppressed ~1 debug messages>

4.2.7. Executing PROC_MUX pass (convert decision trees to multiplexers).
Creating decoders for process `\d_input.$proc$gate.v:9$27'.
Creating decoders for process `\d_input_reference.$proc$gold.v:3$2'.
     1/1: $1\d[15:0]

4.2.8. Executing PROC_DLATCH pass (convert process syncs to latches).
No latch inferred for signal `\d_input.\d' from process `\d_input.$proc$gate.v:9$27'.
No latch inferred for signal `\d_input_reference.\d' from process `\d_input_reference.$proc$gold.v:3$2'.

4.2.9. Executing PROC_DFF pass (convert process syncs to FFs).

4.2.10. Executing PROC_MEMWR pass (convert process memory writes to cells).

4.2.11. Executing PROC_CLEAN pass (remove empty switches from decision trees).
Removing empty process `d_input.$proc$gate.v:9$27'.
Found and cleaned up 1 empty switch in `\d_input_reference.$proc$gold.v:3$2'.
Removing empty process `d_input_reference.$proc$gold.v:3$2'.
Cleaned up 1 empty switch.

4.2.12. Executing OPT_EXPR pass (perform const folding).
Optimizing module d_input.
<suppressed ~1 debug messages>
Optimizing module d_input_reference.
<suppressed ~2 debug messages>
Optimizing module miter.

4.3. Executing FLATTEN pass (flatten design).
Deleting now unused module d_input.
Deleting now unused module d_input_reference.
<suppressed ~2 debug messages>

4.4. Executing FUTURE pass.

4.5. Executing OPT_EXPR pass (perform const folding).
Optimizing module miter.

4.6. Executing OPT_CLEAN pass (remove unused cells and wires).
Finding unused cells or wires in module \miter..
Removed 0 unused cells and 13 unused wires.
<suppressed ~1 debug messages>

4.7. Executing CHECK pass (checking for obvious problems).
Checking module miter...
Found and reported 0 problems.

4.8. Executing OPT pass (performing simple optimizations).

4.8.1. Executing OPT_EXPR pass (perform const folding).
Optimizing module miter.

4.8.2. Executing OPT_MERGE pass (detect identical cells).
Finding identical cells in module `\miter'.
Computing hashes of 44 cells of `\miter'.
Finding duplicate cells in `\miter'.
Computing hashes of 38 cells of `\miter'.
Finding duplicate cells in `\miter'.
Computing hashes of 34 cells of `\miter'.
Finding duplicate cells in `\miter'.
Computing hashes of 33 cells of `\miter'.
Finding duplicate cells in `\miter'.
<suppressed ~33 debug messages>
Removed a total of 11 cells.

4.8.3. Executing OPT_MUXTREE pass (detect dead branches in mux trees).
Running muxtree optimizer on module \miter..
  Creating internal representation of mux trees.
  Evaluating internal representation of mux trees.
  Analyzing evaluation results.
Removed 0 multiplexer ports.
<suppressed ~8 debug messages>

4.8.4. Executing OPT_REDUCE pass (consolidate $*mux and $reduce_* inputs).
  Optimizing cells in module \miter.
Performed a total of 0 changes.

4.8.5. Executing OPT_MERGE pass (detect identical cells).
Finding identical cells in module `\miter'.
Computing hashes of 33 cells of `\miter'.
Finding duplicate cells in `\miter'.
Removed a total of 0 cells.

4.8.6. Executing OPT_CLEAN pass (remove unused cells and wires).
Finding unused cells or wires in module \miter..
Removed 0 unused cells and 11 unused wires.
<suppressed ~1 debug messages>

4.8.7. Executing OPT_EXPR pass (perform const folding).
Optimizing module miter.

4.8.8. Rerunning OPT passes. (Maybe there is more to do..)

4.8.9. Executing OPT_MUXTREE pass (detect dead branches in mux trees).
Running muxtree optimizer on module \miter..
  Creating internal representation of mux trees.
  Evaluating internal representation of mux trees.
  Analyzing evaluation results.
Removed 0 multiplexer ports.
<suppressed ~8 debug messages>

4.8.10. Executing OPT_REDUCE pass (consolidate $*mux and $reduce_* inputs).
  Optimizing cells in module \miter.
Performed a total of 0 changes.

4.8.11. Executing OPT_MERGE pass (detect identical cells).
Finding identical cells in module `\miter'.
Computing hashes of 33 cells of `\miter'.
Finding duplicate cells in `\miter'.
Removed a total of 0 cells.

4.8.12. Executing OPT_CLEAN pass (remove unused cells and wires).
Finding unused cells or wires in module \miter..

4.8.13. Executing OPT_EXPR pass (perform const folding).
Optimizing module miter.

4.8.14. Finished fast OPT passes. (There is nothing left to do.)

4.9. Executing WREDUCE pass (reducing word size of cells).
Removed top 2 bits (of 3) from port B of cell miter.$flatten\gold.$procmux$43_CMP0 ($eq).
Removed top 1 bits (of 3) from port B of cell miter.$flatten\gold.$procmux$42_CMP0 ($eq).
Removed top 1 bits (of 3) from port B of cell miter.$flatten\gold.$procmux$41_CMP0 ($eq).
Removed top 14 bits (of 16) from mux cell miter.$flatten\gold.$ternary$gold.v:8$5 ($mux).
Removed top 1 bits (of 4) from port B of cell miter.$flatten\gate.$lt$gate.v:4$14 ($lt).
Removed top 14 bits (of 16) from wire miter.$flatten\gold.$ternary$gold.v:8$5_Y.

4.10. Executing OPT_CLEAN pass (remove unused cells and wires).
Finding unused cells or wires in module \miter..
Removed 0 unused cells and 1 unused wires.
<suppressed ~1 debug messages>

4.11. Executing MEMORY_COLLECT pass (generating $mem cells).

4.12. Executing OPT pass (performing simple optimizations).

4.12.1. Executing OPT_EXPR pass (perform const folding).
Optimizing module miter.

4.12.2. Executing OPT_MERGE pass (detect identical cells).
Finding identical cells in module `\miter'.
Computing hashes of 33 cells of `\miter'.
Finding duplicate cells in `\miter'.
Removed a total of 0 cells.

4.12.3. Executing OPT_CLEAN pass (remove unused cells and wires).
Finding unused cells or wires in module \miter..

4.12.4. Finished fast OPT passes.

4.13. Executing SORT pass.

4.14. Printing statistics.

=== miter ===

        +----------Local Count, excluding submodules.
        | 
       60 wires
      597 wire bits
       39 public wires
      501 public wire bits
        9 ports
      107 port bits
       33 cells
        2   $and
        7   $eq
        5   $logic_and
        5   $logic_not
        2   $logic_or
        1   $lt
        5   $mux
        1   $ne
        2   $or
        1   $pmux
        2   $scopeinfo

4.15. Executing CHECK pass (checking for obvious problems).
Checking module miter...
Found and reported 0 problems.

5. Executing SAT pass (solving SAT problems in the circuit).
Using SAT solver `minisat`.

Setting up SAT problem:
Final constraint equation: { } = { }
Imported 33 cells to SAT database.
Import proof-constraint: \mismatch = 1'0
Final proof equation: \mismatch = 1'0
Import show expression: \a
Import show expression: \apr_data
Import show expression: \byte_instruction
Import show expression: \ir
Import show expression: \mdr
Import show expression: \mmu_active
Import show expression: \psw
Import show expression: \uword

Solving problem with 1369 variables and 3519 clauses..
SAT proof finished - no model found: SUCCESS!

                  /$$$$$$      /$$$$$$$$     /$$$$$$$    
                 /$$__  $$    | $$_____/    | $$__  $$   
                | $$  \ $$    | $$          | $$  \ $$   
                | $$  | $$    | $$$$$       | $$  | $$   
                | $$  | $$    | $$__/       | $$  | $$   
                | $$/$$ $$    | $$          | $$  | $$   
                |  $$$$$$/ /$$| $$$$$$$$ /$$| $$$$$$$//$$
                 \____ $$$|__/|________/|__/|_______/|__/
                       \__/                              

End of script. Logfile hash: 6f0273d4a8, time: 0.02s, user: 0.02s, system: 0.00s
Yosys 0.68 (git sha1 38e001a6f, Release, Clang /workspace/YoWASP/yosys/wasi-sdk-33.0-x86_64-linux/share/cmake/../..//bin/clang++ 22.1.0)
Time spent: 32% 1x sat (0 sec), 15% 4x read_verilog (0 sec), ...
