
Loading design for application trce from file cp39d_impl1.ncd.
Design name: uj11_hc1200_microcomp
NCD version: 3.3
Vendor:      LATTICE
Device:      LCMXO2-1200HC
Package:     QFN32
Performance: 4
Loading device for application trce from file 'xo2c1200.nph' in environment: /home/sash/.local/lscc/diamond/3.14/ispfpga.
Package Status:                     Final          Version 1.44.
Performance Hardware Data Status:   Final          Version 36.4.
Setup and Hold Report

--------------------------------------------------------------------------------
Lattice TRACE Report - Setup, Version Diamond (64-bit) 3.14.0.75.2
Thu Sep 10 15:35:03 2026

Copyright (c) 1991-1994 by NeoCAD Inc. All rights reserved.
Copyright (c) 1995 AT&T Corp.   All rights reserved.
Copyright (c) 1995-2001 Lucent Technologies Inc.  All rights reserved.
Copyright (c) 2001 Agere Systems   All rights reserved.
Copyright (c) 2002-2024 Lattice Semiconductor Corporation,  All rights reserved.

Report Information
------------------
Command line:    trce -v 10 -c -u 0 -gt -sethld -sp 4 -sphld m -o cp39d_impl1.twr cp39d_impl1.ncd cp39d_impl1.prf 
Design file:     cp39d_impl1.ncd
Preference file: cp39d_impl1.prf
Device,speed:    LCMXO2-1200HC,4
Report level:    verbose report, limited to 10 items per preference
--------------------------------------------------------------------------------

BLOCK ASYNCPATHS
BLOCK RESETPATHS
--------------------------------------------------------------------------------



================================================================================
Preference: FREQUENCY NET "clk" 29.560000 MHz ;
            4096 items scored, 0 timing errors detected.
--------------------------------------------------------------------------------


Passed: The following path meets requirements by 1.649ns

 Logical Details:  Cell type  Pin type       Cell/ASIC name  (clock net +/-)

   Source:         DP8KC      Port           system/cpu/engine/rom/lane_2(ASIC)  (from clk +)
   Destination:    FF         Data in        system/bus/fixed_uart.console/rx_irq_o  (to clk +)

   Delay:              31.725ns  (45.3% logic, 54.7% route), 20 logic levels.

 Constraint Details:

     31.725ns physical path delay system/cpu/engine/rom/lane_2 to system/bus/fixed_uart.console/SLICE_246 meets
     33.829ns delay constraint less
      0.173ns skew and
      0.282ns CE_SET requirement (totaling 33.374ns) by 1.649ns

 Physical Path Details:

      Data path system/cpu/engine/rom/lane_2 to system/bus/fixed_uart.console/SLICE_246:

   Name    Fanout   Delay (ns)          Site               Resource
C2Q_DEL     ---     4.979 EBR_R6C10.CLKA to EBR_R6C10.DOA8 system/cpu/engine/rom/lane_2 (from clk)
ROUTE         4     1.523 EBR_R6C10.DOA8 to      R8C15A.D1 system/cpu/engine/a_select_2[0]
CTOF_DEL    ---     0.495      R8C15A.D1 to      R8C15A.F1 system/cpu/engine/SLICE_363
ROUTE         1     0.693      R8C15A.F1 to      R8C15A.B0 system/cpu/engine/un6_select_register[0]
CTOF_DEL    ---     0.495      R8C15A.B0 to      R8C15A.F0 system/cpu/engine/SLICE_363
ROUTE        16     1.762      R8C15A.F0 to      R9C15A.A1 system/cpu/engine/select_register_5[0]
CTOF_DEL    ---     0.495      R9C15A.A1 to      R9C15A.F1 system/cpu/engine/dp/rf/words_ram_0/SLICE_48
ROUTE        21     1.308      R9C15A.F1 to      R7C16D.A1 system/address[5]
CTOF_DEL    ---     0.495      R7C16D.A1 to      R7C16D.F1 system/bus/SLICE_619
ROUTE         1     1.079      R7C16D.F1 to      R9C16C.C1 system/bus/un1_address_28_0
CTOF_DEL    ---     0.495      R9C16C.C1 to      R9C16C.F1 system/bus/SLICE_411
ROUTE         6     1.115      R9C16C.F1 to      R9C14B.C1 system/bus/un1_address_28
CTOF_DEL    ---     0.495      R9C14B.C1 to      R9C14B.F1 system/bus/SLICE_413
ROUTE         5     0.453      R9C14B.F1 to      R9C14B.C0 system/bus/rk_selecteddup
CTOF_DEL    ---     0.495      R9C14B.C0 to      R9C14B.F0 system/bus/SLICE_413
ROUTE         3     1.093      R9C14B.F0 to      R8C15B.C1 system/bus/un1_address_25_2_RNI9E2OI
CTOF_DEL    ---     0.495      R8C15B.C1 to      R8C15B.F1 system/bus/SLICE_419
ROUTE         4     0.783      R8C15B.F1 to     R10C15B.C1 system/bus/rk_fixed_selecteddup
CTOF_DEL    ---     0.495     R10C15B.C1 to     R10C15B.F1 system/bus/SLICE_423
ROUTE         5     0.654     R10C15B.F1 to     R10C16B.D0 system/acknowledgedup
CTOF_DEL    ---     0.495     R10C16B.D0 to     R10C16B.F0 system/SLICE_585
ROUTE         5     0.989     R10C16B.F0 to     R10C17D.A1 system/cpu/engine/un1_mem_ackdup
CTOF_DEL    ---     0.495     R10C17D.A1 to     R10C17D.F1 system/cpu/engine/SLICE_484
ROUTE         1     0.436     R10C17D.F1 to     R10C17D.C0 system/cpu/engine/effective_ackdup
CTOF_DEL    ---     0.495     R10C17D.C0 to     R10C17D.F0 system/cpu/engine/SLICE_484
ROUTE         1     0.645     R10C17D.F0 to     R10C16A.D0 system/cpu/engine/un1_completedup
CTOF_DEL    ---     0.495     R10C16A.D0 to     R10C16A.F0 system/cpu/engine/SLICE_359
ROUTE         2     0.635     R10C16A.F0 to     R10C16C.D1 system/cpu/engine/step_1dup
CTOF_DEL    ---     0.495     R10C16C.D1 to     R10C16C.F1 system/cpu/engine/SLICE_488
ROUTE         8     0.683     R10C16C.F1 to      R8C16B.D1 system/cpu/engine/stepdup
CTOF_DEL    ---     0.495      R8C16B.D1 to      R8C16B.F1 system/cpu/engine/SLICE_358
ROUTE         8     0.999      R8C16B.F1 to      R8C18C.D1 system/irq_ackdup
CTOF_DEL    ---     0.495      R8C18C.D1 to      R8C18C.F1 system/SLICE_336
ROUTE         2     0.632      R8C18C.F1 to      R8C19B.D1 system/device_ack
CTOF_DEL    ---     0.495      R8C19B.D1 to      R8C19B.F1 system/bus/SLICE_421
ROUTE         3     0.453      R8C19B.F1 to      R8C19B.C0 system/bus/vic_strobe
CTOF_DEL    ---     0.495      R8C19B.C0 to      R8C19B.F0 system/bus/SLICE_421
ROUTE         2     0.753      R8C19B.F0 to      R8C18A.C1 system/bus/rx_irq_ack
CTOF_DEL    ---     0.495      R8C18A.C1 to      R8C18A.F1 system/bus/fixed_uart.console/SLICE_96
ROUTE         1     0.653      R8C18A.F1 to      R8C18D.CE system/bus/fixed_uart.console/un1_rx_full8_1_i (to clk)
                  --------
                   31.725   (45.3% logic, 54.7% route), 20 logic levels.

 Clock Skew Details: 

      Source Clock Path oscillator to system/cpu/engine/rom/lane_2:

   Name    Fanout   Delay (ns)          Site               Resource
ROUTE       250     3.714        OSC.OSC to EBR_R6C10.CLKA clk
                  --------
                    3.714   (0.0% logic, 100.0% route), 0 logic levels.

      Destination Clock Path oscillator to system/bus/fixed_uart.console/SLICE_246:

   Name    Fanout   Delay (ns)          Site               Resource
ROUTE       250     3.541        OSC.OSC to     R8C18D.CLK clk
                  --------
                    3.541   (0.0% logic, 100.0% route), 0 logic levels.


Passed: The following path meets requirements by 1.796ns

 Logical Details:  Cell type  Pin type       Cell/ASIC name  (clock net +/-)

   Source:         DP8KC      Port           system/cpu/engine/rom/lane_2(ASIC)  (from clk +)
   Destination:    FF         Data in        system/bus/fixed_uart.console/rx_irq_o  (to clk +)

   Delay:              31.578ns  (47.1% logic, 52.9% route), 21 logic levels.

 Constraint Details:

     31.578ns physical path delay system/cpu/engine/rom/lane_2 to system/bus/fixed_uart.console/SLICE_246 meets
     33.829ns delay constraint less
      0.173ns skew and
      0.282ns CE_SET requirement (totaling 33.374ns) by 1.796ns

 Physical Path Details:

      Data path system/cpu/engine/rom/lane_2 to system/bus/fixed_uart.console/SLICE_246:

   Name    Fanout   Delay (ns)          Site               Resource
C2Q_DEL     ---     4.979 EBR_R6C10.CLKA to EBR_R6C10.DOA8 system/cpu/engine/rom/lane_2 (from clk)
ROUTE         4     1.523 EBR_R6C10.DOA8 to      R8C15A.D1 system/cpu/engine/a_select_2[0]
CTOF_DEL    ---     0.495      R8C15A.D1 to      R8C15A.F1 system/cpu/engine/SLICE_363
ROUTE         1     0.693      R8C15A.F1 to      R8C15A.B0 system/cpu/engine/un6_select_register[0]
CTOF_DEL    ---     0.495      R8C15A.B0 to      R8C15A.F0 system/cpu/engine/SLICE_363
ROUTE        16     1.833      R8C15A.F0 to      R7C15B.A1 system/cpu/engine/select_register_5[0]
CTOF_DEL    ---     0.495      R7C15B.A1 to      R7C15B.F1 system/cpu/engine/SLICE_43
ROUTE        10     1.018      R7C15B.F1 to      R8C15D.A1 system/address[15]
CTOF_DEL    ---     0.495      R8C15D.A1 to      R8C15D.F1 system/bus/SLICE_407
ROUTE        12     0.777      R8C15D.F1 to      R9C15D.C0 system/bus/io_page
CTOF_DEL    ---     0.495      R9C15D.C0 to      R9C15D.F0 system/bus/SLICE_649
ROUTE         2     0.654      R9C15D.F0 to      R9C14C.D1 system/bus/service_dma_selected_1
CTOF_DEL    ---     0.495      R9C14C.D1 to      R9C14C.F1 system/bus/SLICE_339
ROUTE        11     0.340      R9C14C.F1 to      R9C14B.D1 system/bus/service_dma_selecteddup
CTOF_DEL    ---     0.495      R9C14B.D1 to      R9C14B.F1 system/bus/SLICE_413
ROUTE         5     0.453      R9C14B.F1 to      R9C14B.C0 system/bus/rk_selecteddup
CTOF_DEL    ---     0.495      R9C14B.C0 to      R9C14B.F0 system/bus/SLICE_413
ROUTE         3     1.093      R9C14B.F0 to      R8C15B.C1 system/bus/un1_address_25_2_RNI9E2OI
CTOF_DEL    ---     0.495      R8C15B.C1 to      R8C15B.F1 system/bus/SLICE_419
ROUTE         4     0.783      R8C15B.F1 to     R10C15B.C1 system/bus/rk_fixed_selecteddup
CTOF_DEL    ---     0.495     R10C15B.C1 to     R10C15B.F1 system/bus/SLICE_423
ROUTE         5     0.654     R10C15B.F1 to     R10C16B.D0 system/acknowledgedup
CTOF_DEL    ---     0.495     R10C16B.D0 to     R10C16B.F0 system/SLICE_585
ROUTE         5     0.989     R10C16B.F0 to     R10C17D.A1 system/cpu/engine/un1_mem_ackdup
CTOF_DEL    ---     0.495     R10C17D.A1 to     R10C17D.F1 system/cpu/engine/SLICE_484
ROUTE         1     0.436     R10C17D.F1 to     R10C17D.C0 system/cpu/engine/effective_ackdup
CTOF_DEL    ---     0.495     R10C17D.C0 to     R10C17D.F0 system/cpu/engine/SLICE_484
ROUTE         1     0.645     R10C17D.F0 to     R10C16A.D0 system/cpu/engine/un1_completedup
CTOF_DEL    ---     0.495     R10C16A.D0 to     R10C16A.F0 system/cpu/engine/SLICE_359
ROUTE         2     0.635     R10C16A.F0 to     R10C16C.D1 system/cpu/engine/step_1dup
CTOF_DEL    ---     0.495     R10C16C.D1 to     R10C16C.F1 system/cpu/engine/SLICE_488
ROUTE         8     0.683     R10C16C.F1 to      R8C16B.D1 system/cpu/engine/stepdup
CTOF_DEL    ---     0.495      R8C16B.D1 to      R8C16B.F1 system/cpu/engine/SLICE_358
ROUTE         8     0.999      R8C16B.F1 to      R8C18C.D1 system/irq_ackdup
CTOF_DEL    ---     0.495      R8C18C.D1 to      R8C18C.F1 system/SLICE_336
ROUTE         2     0.632      R8C18C.F1 to      R8C19B.D1 system/device_ack
CTOF_DEL    ---     0.495      R8C19B.D1 to      R8C19B.F1 system/bus/SLICE_421
ROUTE         3     0.453      R8C19B.F1 to      R8C19B.C0 system/bus/vic_strobe
CTOF_DEL    ---     0.495      R8C19B.C0 to      R8C19B.F0 system/bus/SLICE_421
ROUTE         2     0.753      R8C19B.F0 to      R8C18A.C1 system/bus/rx_irq_ack
CTOF_DEL    ---     0.495      R8C18A.C1 to      R8C18A.F1 system/bus/fixed_uart.console/SLICE_96
ROUTE         1     0.653      R8C18A.F1 to      R8C18D.CE system/bus/fixed_uart.console/un1_rx_full8_1_i (to clk)
                  --------
                   31.578   (47.1% logic, 52.9% route), 21 logic levels.

 Clock Skew Details: 

      Source Clock Path oscillator to system/cpu/engine/rom/lane_2:

   Name    Fanout   Delay (ns)          Site               Resource
ROUTE       250     3.714        OSC.OSC to EBR_R6C10.CLKA clk
                  --------
                    3.714   (0.0% logic, 100.0% route), 0 logic levels.

      Destination Clock Path oscillator to system/bus/fixed_uart.console/SLICE_246:

   Name    Fanout   Delay (ns)          Site               Resource
ROUTE       250     3.541        OSC.OSC to     R8C18D.CLK clk
                  --------
                    3.541   (0.0% logic, 100.0% route), 0 logic levels.


Passed: The following path meets requirements by 1.887ns

 Logical Details:  Cell type  Pin type       Cell/ASIC name  (clock net +/-)

   Source:         DP8KC      Port           system/cpu/engine/rom/lane_2(ASIC)  (from clk +)
   Destination:    DP8KC      Port           system/cpu/engine/rom/lane_1(ASIC)  (to clk +)

   Delay:              31.968ns  (41.9% logic, 58.1% route), 18 logic levels.

 Constraint Details:

     31.968ns physical path delay system/cpu/engine/rom/lane_2 to system/cpu/engine/rom/lane_1 meets
     33.829ns delay constraint less
      0.000ns skew and
     -0.026ns ADDR_SET requirement (totaling 33.855ns) by 1.887ns

 Physical Path Details:

      Data path system/cpu/engine/rom/lane_2 to system/cpu/engine/rom/lane_1:

   Name    Fanout   Delay (ns)          Site               Resource
C2Q_DEL     ---     4.979 EBR_R6C10.CLKA to EBR_R6C10.DOA8 system/cpu/engine/rom/lane_2 (from clk)
ROUTE         4     1.523 EBR_R6C10.DOA8 to      R8C15A.D1 system/cpu/engine/a_select_2[0]
CTOF_DEL    ---     0.495      R8C15A.D1 to      R8C15A.F1 system/cpu/engine/SLICE_363
ROUTE         1     0.693      R8C15A.F1 to      R8C15A.B0 system/cpu/engine/un6_select_register[0]
CTOF_DEL    ---     0.495      R8C15A.B0 to      R8C15A.F0 system/cpu/engine/SLICE_363
ROUTE        16     1.762      R8C15A.F0 to      R9C15A.A1 system/cpu/engine/select_register_5[0]
CTOF_DEL    ---     0.495      R9C15A.A1 to      R9C15A.F1 system/cpu/engine/dp/rf/words_ram_0/SLICE_48
ROUTE        21     1.308      R9C15A.F1 to      R7C16D.A1 system/address[5]
CTOF_DEL    ---     0.495      R7C16D.A1 to      R7C16D.F1 system/bus/SLICE_619
ROUTE         1     1.079      R7C16D.F1 to      R9C16C.C1 system/bus/un1_address_28_0
CTOF_DEL    ---     0.495      R9C16C.C1 to      R9C16C.F1 system/bus/SLICE_411
ROUTE         6     1.115      R9C16C.F1 to      R9C14B.C1 system/bus/un1_address_28
CTOF_DEL    ---     0.495      R9C14B.C1 to      R9C14B.F1 system/bus/SLICE_413
ROUTE         5     0.453      R9C14B.F1 to      R9C14B.C0 system/bus/rk_selecteddup
CTOF_DEL    ---     0.495      R9C14B.C0 to      R9C14B.F0 system/bus/SLICE_413
ROUTE         3     1.093      R9C14B.F0 to      R8C15B.C1 system/bus/un1_address_25_2_RNI9E2OI
CTOF_DEL    ---     0.495      R8C15B.C1 to      R8C15B.F1 system/bus/SLICE_419
ROUTE         4     0.783      R8C15B.F1 to     R10C15B.C1 system/bus/rk_fixed_selecteddup
CTOF_DEL    ---     0.495     R10C15B.C1 to     R10C15B.F1 system/bus/SLICE_423
ROUTE         5     0.654     R10C15B.F1 to     R10C16B.D0 system/acknowledgedup
CTOF_DEL    ---     0.495     R10C16B.D0 to     R10C16B.F0 system/SLICE_585
ROUTE         5     1.097     R10C16B.F0 to     R10C12D.D1 system/cpu/engine/un1_mem_ackdup
CTOF_DEL    ---     0.495     R10C12D.D1 to     R10C12D.F1 system/cpu/engine/SLICE_451
ROUTE         8     0.656     R10C12D.F1 to     R10C11B.D1 system/cpu/engine/fault_redirectdup
CTOF_DEL    ---     0.495     R10C11B.D1 to     R10C11B.F1 system/cpu/engine/seq/SLICE_344
ROUTE         9     0.469     R10C11B.F1 to     R10C11D.C1 system/cpu/engine/seq/next_address_7_sqmuxa
CTOF_DEL    ---     0.495     R10C11D.C1 to     R10C11D.F1 system/SLICE_235
ROUTE         1     0.645     R10C11D.F1 to     R10C12C.D0 system/cpu/engine/seq/dispatch_address_m[8]
CTOF_DEL    ---     0.495     R10C12C.D0 to     R10C12C.F0 system/cpu/engine/SLICE_343
ROUTE         1     0.645     R10C12C.F0 to      R9C12B.D0 system/cpu/engine/seq/next_address_2_iv_0[8]
CTOF_DEL    ---     0.495      R9C12B.D0 to      R9C12B.F0 system/cpu/engine/seq/SLICE_471
ROUTE         1     0.623      R9C12B.F0 to      R8C12A.D0 system/cpu/engine/seq/next_address_2_iv_2[8]
CTOF_DEL    ---     0.495      R8C12A.D0 to      R8C12A.F0 system/cpu/engine/seq/SLICE_464
ROUTE         1     1.420      R8C12A.F0 to      R8C11C.B0 system/cpu/engine/seq/next_address_2_iv_3[8]
CTOF_DEL    ---     0.495      R8C11C.B0 to      R8C11C.F0 system/cpu/engine/seq/SLICE_183
ROUTE         5     2.556      R8C11C.F0 to *R_R6C20.ADA11 system/cpu/engine/next_address[8] (to clk)
                  --------
                   31.968   (41.9% logic, 58.1% route), 18 logic levels.

 Clock Skew Details: 

      Source Clock Path oscillator to system/cpu/engine/rom/lane_2:

   Name    Fanout   Delay (ns)          Site               Resource
ROUTE       250     3.714        OSC.OSC to EBR_R6C10.CLKA clk
                  --------
                    3.714   (0.0% logic, 100.0% route), 0 logic levels.

      Destination Clock Path oscillator to system/cpu/engine/rom/lane_1:

   Name    Fanout   Delay (ns)          Site               Resource
ROUTE       250     3.714        OSC.OSC to EBR_R6C20.CLKA clk
                  --------
                    3.714   (0.0% logic, 100.0% route), 0 logic levels.


Passed: The following path meets requirements by 1.887ns

 Logical Details:  Cell type  Pin type       Cell/ASIC name  (clock net +/-)

   Source:         DP8KC      Port           system/cpu/engine/rom/lane_2(ASIC)  (from clk +)
   Destination:    DP8KC      Port           system/cpu/engine/rom/lane_0(ASIC)  (to clk +)

   Delay:              31.968ns  (41.9% logic, 58.1% route), 18 logic levels.

 Constraint Details:

     31.968ns physical path delay system/cpu/engine/rom/lane_2 to system/cpu/engine/rom/lane_0 meets
     33.829ns delay constraint less
      0.000ns skew and
     -0.026ns ADDR_SET requirement (totaling 33.855ns) by 1.887ns

 Physical Path Details:

      Data path system/cpu/engine/rom/lane_2 to system/cpu/engine/rom/lane_0:

   Name    Fanout   Delay (ns)          Site               Resource
C2Q_DEL     ---     4.979 EBR_R6C10.CLKA to EBR_R6C10.DOA8 system/cpu/engine/rom/lane_2 (from clk)
ROUTE         4     1.523 EBR_R6C10.DOA8 to      R8C15A.D1 system/cpu/engine/a_select_2[0]
CTOF_DEL    ---     0.495      R8C15A.D1 to      R8C15A.F1 system/cpu/engine/SLICE_363
ROUTE         1     0.693      R8C15A.F1 to      R8C15A.B0 system/cpu/engine/un6_select_register[0]
CTOF_DEL    ---     0.495      R8C15A.B0 to      R8C15A.F0 system/cpu/engine/SLICE_363
ROUTE        16     1.762      R8C15A.F0 to      R9C15A.A1 system/cpu/engine/select_register_5[0]
CTOF_DEL    ---     0.495      R9C15A.A1 to      R9C15A.F1 system/cpu/engine/dp/rf/words_ram_0/SLICE_48
ROUTE        21     1.308      R9C15A.F1 to      R7C16D.A1 system/address[5]
CTOF_DEL    ---     0.495      R7C16D.A1 to      R7C16D.F1 system/bus/SLICE_619
ROUTE         1     1.079      R7C16D.F1 to      R9C16C.C1 system/bus/un1_address_28_0
CTOF_DEL    ---     0.495      R9C16C.C1 to      R9C16C.F1 system/bus/SLICE_411
ROUTE         6     1.115      R9C16C.F1 to      R9C14B.C1 system/bus/un1_address_28
CTOF_DEL    ---     0.495      R9C14B.C1 to      R9C14B.F1 system/bus/SLICE_413
ROUTE         5     0.453      R9C14B.F1 to      R9C14B.C0 system/bus/rk_selecteddup
CTOF_DEL    ---     0.495      R9C14B.C0 to      R9C14B.F0 system/bus/SLICE_413
ROUTE         3     1.093      R9C14B.F0 to      R8C15B.C1 system/bus/un1_address_25_2_RNI9E2OI
CTOF_DEL    ---     0.495      R8C15B.C1 to      R8C15B.F1 system/bus/SLICE_419
ROUTE         4     0.783      R8C15B.F1 to     R10C15B.C1 system/bus/rk_fixed_selecteddup
CTOF_DEL    ---     0.495     R10C15B.C1 to     R10C15B.F1 system/bus/SLICE_423
ROUTE         5     0.654     R10C15B.F1 to     R10C16B.D0 system/acknowledgedup
CTOF_DEL    ---     0.495     R10C16B.D0 to     R10C16B.F0 system/SLICE_585
ROUTE         5     1.097     R10C16B.F0 to     R10C12D.D1 system/cpu/engine/un1_mem_ackdup
CTOF_DEL    ---     0.495     R10C12D.D1 to     R10C12D.F1 system/cpu/engine/SLICE_451
ROUTE         8     0.656     R10C12D.F1 to     R10C11B.D1 system/cpu/engine/fault_redirectdup
CTOF_DEL    ---     0.495     R10C11B.D1 to     R10C11B.F1 system/cpu/engine/seq/SLICE_344
ROUTE         9     0.469     R10C11B.F1 to     R10C11D.C1 system/cpu/engine/seq/next_address_7_sqmuxa
CTOF_DEL    ---     0.495     R10C11D.C1 to     R10C11D.F1 system/SLICE_235
ROUTE         1     0.645     R10C11D.F1 to     R10C12C.D0 system/cpu/engine/seq/dispatch_address_m[8]
CTOF_DEL    ---     0.495     R10C12C.D0 to     R10C12C.F0 system/cpu/engine/SLICE_343
ROUTE         1     0.645     R10C12C.F0 to      R9C12B.D0 system/cpu/engine/seq/next_address_2_iv_0[8]
CTOF_DEL    ---     0.495      R9C12B.D0 to      R9C12B.F0 system/cpu/engine/seq/SLICE_471
ROUTE         1     0.623      R9C12B.F0 to      R8C12A.D0 system/cpu/engine/seq/next_address_2_iv_2[8]
CTOF_DEL    ---     0.495      R8C12A.D0 to      R8C12A.F0 system/cpu/engine/seq/SLICE_464
ROUTE         1     1.420      R8C12A.F0 to      R8C11C.B0 system/cpu/engine/seq/next_address_2_iv_3[8]
CTOF_DEL    ---     0.495      R8C11C.B0 to      R8C11C.F0 system/cpu/engine/seq/SLICE_183
ROUTE         5     2.556      R8C11C.F0 to *R_R6C17.ADA11 system/cpu/engine/next_address[8] (to clk)
                  --------
                   31.968   (41.9% logic, 58.1% route), 18 logic levels.

 Clock Skew Details: 

      Source Clock Path oscillator to system/cpu/engine/rom/lane_2:

   Name    Fanout   Delay (ns)          Site               Resource
ROUTE       250     3.714        OSC.OSC to EBR_R6C10.CLKA clk
                  --------
                    3.714   (0.0% logic, 100.0% route), 0 logic levels.

      Destination Clock Path oscillator to system/cpu/engine/rom/lane_0:

   Name    Fanout   Delay (ns)          Site               Resource
ROUTE       250     3.714        OSC.OSC to EBR_R6C17.CLKA clk
                  --------
                    3.714   (0.0% logic, 100.0% route), 0 logic levels.


Passed: The following path meets requirements by 1.981ns

 Logical Details:  Cell type  Pin type       Cell/ASIC name  (clock net +/-)

   Source:         DP8KC      Port           system/cpu/engine/rom/lane_2(ASIC)  (from clk +)
   Destination:    FF         Data in        system/bus/fixed_uart.console/rx_irq_o  (to clk +)

   Delay:              31.393ns  (45.8% logic, 54.2% route), 20 logic levels.

 Constraint Details:

     31.393ns physical path delay system/cpu/engine/rom/lane_2 to system/bus/fixed_uart.console/SLICE_246 meets
     33.829ns delay constraint less
      0.173ns skew and
      0.282ns CE_SET requirement (totaling 33.374ns) by 1.981ns

 Physical Path Details:

      Data path system/cpu/engine/rom/lane_2 to system/bus/fixed_uart.console/SLICE_246:

   Name    Fanout   Delay (ns)          Site               Resource
C2Q_DEL     ---     4.979 EBR_R6C10.CLKA to EBR_R6C10.DOA8 system/cpu/engine/rom/lane_2 (from clk)
ROUTE         4     1.523 EBR_R6C10.DOA8 to      R8C15A.D1 system/cpu/engine/a_select_2[0]
CTOF_DEL    ---     0.495      R8C15A.D1 to      R8C15A.F1 system/cpu/engine/SLICE_363
ROUTE         1     0.693      R8C15A.F1 to      R8C15A.B0 system/cpu/engine/un6_select_register[0]
CTOF_DEL    ---     0.495      R8C15A.B0 to      R8C15A.F0 system/cpu/engine/SLICE_363
ROUTE        16     1.762      R8C15A.F0 to      R9C15A.A1 system/cpu/engine/select_register_5[0]
CTOF_DEL    ---     0.495      R9C15A.A1 to      R9C15A.F1 system/cpu/engine/dp/rf/words_ram_0/SLICE_48
ROUTE        21     1.308      R9C15A.F1 to      R7C16D.A1 system/address[5]
CTOF_DEL    ---     0.495      R7C16D.A1 to      R7C16D.F1 system/bus/SLICE_619
ROUTE         1     1.079      R7C16D.F1 to      R9C16C.C1 system/bus/un1_address_28_0
CTOF_DEL    ---     0.495      R9C16C.C1 to      R9C16C.F1 system/bus/SLICE_411
ROUTE         6     1.115      R9C16C.F1 to      R9C14B.C1 system/bus/un1_address_28
CTOF_DEL    ---     0.495      R9C14B.C1 to      R9C14B.F1 system/bus/SLICE_413
ROUTE         5     0.453      R9C14B.F1 to      R9C14B.C0 system/bus/rk_selecteddup
CTOF_DEL    ---     0.495      R9C14B.C0 to      R9C14B.F0 system/bus/SLICE_413
ROUTE         3     1.093      R9C14B.F0 to      R8C15B.C1 system/bus/un1_address_25_2_RNI9E2OI
CTOF_DEL    ---     0.495      R8C15B.C1 to      R8C15B.F1 system/bus/SLICE_419
ROUTE         4     0.783      R8C15B.F1 to     R10C15B.C1 system/bus/rk_fixed_selecteddup
CTOF_DEL    ---     0.495     R10C15B.C1 to     R10C15B.F1 system/bus/SLICE_423
ROUTE         5     0.996     R10C15B.F1 to     R10C17C.D0 system/acknowledgedup
CTOF_DEL    ---     0.495     R10C17C.D0 to     R10C17C.F0 system/SLICE_643
ROUTE         1     0.315     R10C17C.F0 to     R10C17D.D1 system/cpu/acknowledgedup_0
CTOF_DEL    ---     0.495     R10C17D.D1 to     R10C17D.F1 system/cpu/engine/SLICE_484
ROUTE         1     0.436     R10C17D.F1 to     R10C17D.C0 system/cpu/engine/effective_ackdup
CTOF_DEL    ---     0.495     R10C17D.C0 to     R10C17D.F0 system/cpu/engine/SLICE_484
ROUTE         1     0.645     R10C17D.F0 to     R10C16A.D0 system/cpu/engine/un1_completedup
CTOF_DEL    ---     0.495     R10C16A.D0 to     R10C16A.F0 system/cpu/engine/SLICE_359
ROUTE         2     0.635     R10C16A.F0 to     R10C16C.D1 system/cpu/engine/step_1dup
CTOF_DEL    ---     0.495     R10C16C.D1 to     R10C16C.F1 system/cpu/engine/SLICE_488
ROUTE         8     0.683     R10C16C.F1 to      R8C16B.D1 system/cpu/engine/stepdup
CTOF_DEL    ---     0.495      R8C16B.D1 to      R8C16B.F1 system/cpu/engine/SLICE_358
ROUTE         8     0.999      R8C16B.F1 to      R8C18C.D1 system/irq_ackdup
CTOF_DEL    ---     0.495      R8C18C.D1 to      R8C18C.F1 system/SLICE_336
ROUTE         2     0.632      R8C18C.F1 to      R8C19B.D1 system/device_ack
CTOF_DEL    ---     0.495      R8C19B.D1 to      R8C19B.F1 system/bus/SLICE_421
ROUTE         3     0.453      R8C19B.F1 to      R8C19B.C0 system/bus/vic_strobe
CTOF_DEL    ---     0.495      R8C19B.C0 to      R8C19B.F0 system/bus/SLICE_421
ROUTE         2     0.753      R8C19B.F0 to      R8C18A.C1 system/bus/rx_irq_ack
CTOF_DEL    ---     0.495      R8C18A.C1 to      R8C18A.F1 system/bus/fixed_uart.console/SLICE_96
ROUTE         1     0.653      R8C18A.F1 to      R8C18D.CE system/bus/fixed_uart.console/un1_rx_full8_1_i (to clk)
                  --------
                   31.393   (45.8% logic, 54.2% route), 20 logic levels.

 Clock Skew Details: 

      Source Clock Path oscillator to system/cpu/engine/rom/lane_2:

   Name    Fanout   Delay (ns)          Site               Resource
ROUTE       250     3.714        OSC.OSC to EBR_R6C10.CLKA clk
                  --------
                    3.714   (0.0% logic, 100.0% route), 0 logic levels.

      Destination Clock Path oscillator to system/bus/fixed_uart.console/SLICE_246:

   Name    Fanout   Delay (ns)          Site               Resource
ROUTE       250     3.541        OSC.OSC to     R8C18D.CLK clk
                  --------
                    3.541   (0.0% logic, 100.0% route), 0 logic levels.


Passed: The following path meets requirements by 2.016ns

 Logical Details:  Cell type  Pin type       Cell/ASIC name  (clock net +/-)

   Source:         DP8KC      Port           system/cpu/engine/rom/lane_2(ASIC)  (from clk +)
   Destination:    DP8KC      Port           system/cpu/engine/rom/lane_0(ASIC)  (to clk +)

   Delay:              31.839ns  (40.5% logic, 59.5% route), 17 logic levels.

 Constraint Details:

     31.839ns physical path delay system/cpu/engine/rom/lane_2 to system/cpu/engine/rom/lane_0 meets
     33.829ns delay constraint less
      0.000ns skew and
     -0.026ns ADDR_SET requirement (totaling 33.855ns) by 2.016ns

 Physical Path Details:

      Data path system/cpu/engine/rom/lane_2 to system/cpu/engine/rom/lane_0:

   Name    Fanout   Delay (ns)          Site               Resource
C2Q_DEL     ---     4.979 EBR_R6C10.CLKA to EBR_R6C10.DOA8 system/cpu/engine/rom/lane_2 (from clk)
ROUTE         4     1.523 EBR_R6C10.DOA8 to      R8C15A.D1 system/cpu/engine/a_select_2[0]
CTOF_DEL    ---     0.495      R8C15A.D1 to      R8C15A.F1 system/cpu/engine/SLICE_363
ROUTE         1     0.693      R8C15A.F1 to      R8C15A.B0 system/cpu/engine/un6_select_register[0]
CTOF_DEL    ---     0.495      R8C15A.B0 to      R8C15A.F0 system/cpu/engine/SLICE_363
ROUTE        16     1.762      R8C15A.F0 to      R9C15A.A1 system/cpu/engine/select_register_5[0]
CTOF_DEL    ---     0.495      R9C15A.A1 to      R9C15A.F1 system/cpu/engine/dp/rf/words_ram_0/SLICE_48
ROUTE        21     1.308      R9C15A.F1 to      R7C16D.A1 system/address[5]
CTOF_DEL    ---     0.495      R7C16D.A1 to      R7C16D.F1 system/bus/SLICE_619
ROUTE         1     1.079      R7C16D.F1 to      R9C16C.C1 system/bus/un1_address_28_0
CTOF_DEL    ---     0.495      R9C16C.C1 to      R9C16C.F1 system/bus/SLICE_411
ROUTE         6     1.115      R9C16C.F1 to      R9C14B.C1 system/bus/un1_address_28
CTOF_DEL    ---     0.495      R9C14B.C1 to      R9C14B.F1 system/bus/SLICE_413
ROUTE         5     0.453      R9C14B.F1 to      R9C14B.C0 system/bus/rk_selecteddup
CTOF_DEL    ---     0.495      R9C14B.C0 to      R9C14B.F0 system/bus/SLICE_413
ROUTE         3     1.093      R9C14B.F0 to      R8C15B.C1 system/bus/un1_address_25_2_RNI9E2OI
CTOF_DEL    ---     0.495      R8C15B.C1 to      R8C15B.F1 system/bus/SLICE_419
ROUTE         4     0.783      R8C15B.F1 to     R10C15B.C1 system/bus/rk_fixed_selecteddup
CTOF_DEL    ---     0.495     R10C15B.C1 to     R10C15B.F1 system/bus/SLICE_423
ROUTE         5     0.654     R10C15B.F1 to     R10C16B.D0 system/acknowledgedup
CTOF_DEL    ---     0.495     R10C16B.D0 to     R10C16B.F0 system/SLICE_585
ROUTE         5     1.097     R10C16B.F0 to     R10C12D.D1 system/cpu/engine/un1_mem_ackdup
CTOF_DEL    ---     0.495     R10C12D.D1 to     R10C12D.F1 system/cpu/engine/SLICE_451
ROUTE         8     1.012     R10C12D.F1 to      R8C12A.D1 system/cpu/engine/fault_redirectdup
CTOF_DEL    ---     0.495      R8C12A.D1 to      R8C12A.F1 system/cpu/engine/seq/SLICE_464
ROUTE        10     1.549      R8C12A.F1 to       R8C9D.C0 system/cpu/engine/seq/next_address_10_sqmuxa
CTOF_DEL    ---     0.495       R8C9D.C0 to       R8C9D.F0 system/cpu/engine/seq/SLICE_629
ROUTE         1     1.072       R8C9D.F0 to     R10C10A.D0 system/cpu/engine/seq/next_address_0_iv_2[2]
CTOF_DEL    ---     0.495     R10C10A.D0 to     R10C10A.F0 system/cpu/engine/seq/SLICE_475
ROUTE         1     0.623     R10C10A.F0 to      R9C10C.D0 system/cpu/engine/seq/next_address_0_iv_3[2]
CTOF_DEL    ---     0.495      R9C10C.D0 to      R9C10C.F0 system/cpu/engine/seq/SLICE_461
ROUTE         1     1.163      R9C10C.F0 to      R8C10A.C0 system/cpu/engine/seq/next_address_0_iv_6[2]
CTOF_DEL    ---     0.495      R8C10A.C0 to      R8C10A.F0 system/cpu/engine/seq/SLICE_180
ROUTE         5     1.961      R8C10A.F0 to EBR_R6C17.ADA5 system/cpu/engine/next_address_0_iv_i[2] (to clk)
                  --------
                   31.839   (40.5% logic, 59.5% route), 17 logic levels.

 Clock Skew Details: 

      Source Clock Path oscillator to system/cpu/engine/rom/lane_2:

   Name    Fanout   Delay (ns)          Site               Resource
ROUTE       250     3.714        OSC.OSC to EBR_R6C10.CLKA clk
                  --------
                    3.714   (0.0% logic, 100.0% route), 0 logic levels.

      Destination Clock Path oscillator to system/cpu/engine/rom/lane_0:

   Name    Fanout   Delay (ns)          Site               Resource
ROUTE       250     3.714        OSC.OSC to EBR_R6C17.CLKA clk
                  --------
                    3.714   (0.0% logic, 100.0% route), 0 logic levels.


Passed: The following path meets requirements by 2.016ns

 Logical Details:  Cell type  Pin type       Cell/ASIC name  (clock net +/-)

   Source:         DP8KC      Port           system/cpu/engine/rom/lane_2(ASIC)  (from clk +)
   Destination:    DP8KC      Port           system/cpu/engine/rom/lane_1(ASIC)  (to clk +)

   Delay:              31.839ns  (40.5% logic, 59.5% route), 17 logic levels.

 Constraint Details:

     31.839ns physical path delay system/cpu/engine/rom/lane_2 to system/cpu/engine/rom/lane_1 meets
     33.829ns delay constraint less
      0.000ns skew and
     -0.026ns ADDR_SET requirement (totaling 33.855ns) by 2.016ns

 Physical Path Details:

      Data path system/cpu/engine/rom/lane_2 to system/cpu/engine/rom/lane_1:

   Name    Fanout   Delay (ns)          Site               Resource
C2Q_DEL     ---     4.979 EBR_R6C10.CLKA to EBR_R6C10.DOA8 system/cpu/engine/rom/lane_2 (from clk)
ROUTE         4     1.523 EBR_R6C10.DOA8 to      R8C15A.D1 system/cpu/engine/a_select_2[0]
CTOF_DEL    ---     0.495      R8C15A.D1 to      R8C15A.F1 system/cpu/engine/SLICE_363
ROUTE         1     0.693      R8C15A.F1 to      R8C15A.B0 system/cpu/engine/un6_select_register[0]
CTOF_DEL    ---     0.495      R8C15A.B0 to      R8C15A.F0 system/cpu/engine/SLICE_363
ROUTE        16     1.762      R8C15A.F0 to      R9C15A.A1 system/cpu/engine/select_register_5[0]
CTOF_DEL    ---     0.495      R9C15A.A1 to      R9C15A.F1 system/cpu/engine/dp/rf/words_ram_0/SLICE_48
ROUTE        21     1.308      R9C15A.F1 to      R7C16D.A1 system/address[5]
CTOF_DEL    ---     0.495      R7C16D.A1 to      R7C16D.F1 system/bus/SLICE_619
ROUTE         1     1.079      R7C16D.F1 to      R9C16C.C1 system/bus/un1_address_28_0
CTOF_DEL    ---     0.495      R9C16C.C1 to      R9C16C.F1 system/bus/SLICE_411
ROUTE         6     1.115      R9C16C.F1 to      R9C14B.C1 system/bus/un1_address_28
CTOF_DEL    ---     0.495      R9C14B.C1 to      R9C14B.F1 system/bus/SLICE_413
ROUTE         5     0.453      R9C14B.F1 to      R9C14B.C0 system/bus/rk_selecteddup
CTOF_DEL    ---     0.495      R9C14B.C0 to      R9C14B.F0 system/bus/SLICE_413
ROUTE         3     1.093      R9C14B.F0 to      R8C15B.C1 system/bus/un1_address_25_2_RNI9E2OI
CTOF_DEL    ---     0.495      R8C15B.C1 to      R8C15B.F1 system/bus/SLICE_419
ROUTE         4     0.783      R8C15B.F1 to     R10C15B.C1 system/bus/rk_fixed_selecteddup
CTOF_DEL    ---     0.495     R10C15B.C1 to     R10C15B.F1 system/bus/SLICE_423
ROUTE         5     0.654     R10C15B.F1 to     R10C16B.D0 system/acknowledgedup
CTOF_DEL    ---     0.495     R10C16B.D0 to     R10C16B.F0 system/SLICE_585
ROUTE         5     1.097     R10C16B.F0 to     R10C12D.D1 system/cpu/engine/un1_mem_ackdup
CTOF_DEL    ---     0.495     R10C12D.D1 to     R10C12D.F1 system/cpu/engine/SLICE_451
ROUTE         8     1.012     R10C12D.F1 to      R8C12A.D1 system/cpu/engine/fault_redirectdup
CTOF_DEL    ---     0.495      R8C12A.D1 to      R8C12A.F1 system/cpu/engine/seq/SLICE_464
ROUTE        10     1.549      R8C12A.F1 to       R8C9D.C0 system/cpu/engine/seq/next_address_10_sqmuxa
CTOF_DEL    ---     0.495       R8C9D.C0 to       R8C9D.F0 system/cpu/engine/seq/SLICE_629
ROUTE         1     1.072       R8C9D.F0 to     R10C10A.D0 system/cpu/engine/seq/next_address_0_iv_2[2]
CTOF_DEL    ---     0.495     R10C10A.D0 to     R10C10A.F0 system/cpu/engine/seq/SLICE_475
ROUTE         1     0.623     R10C10A.F0 to      R9C10C.D0 system/cpu/engine/seq/next_address_0_iv_3[2]
CTOF_DEL    ---     0.495      R9C10C.D0 to      R9C10C.F0 system/cpu/engine/seq/SLICE_461
ROUTE         1     1.163      R9C10C.F0 to      R8C10A.C0 system/cpu/engine/seq/next_address_0_iv_6[2]
CTOF_DEL    ---     0.495      R8C10A.C0 to      R8C10A.F0 system/cpu/engine/seq/SLICE_180
ROUTE         5     1.961      R8C10A.F0 to EBR_R6C20.ADA5 system/cpu/engine/next_address_0_iv_i[2] (to clk)
                  --------
                   31.839   (40.5% logic, 59.5% route), 17 logic levels.

 Clock Skew Details: 

      Source Clock Path oscillator to system/cpu/engine/rom/lane_2:

   Name    Fanout   Delay (ns)          Site               Resource
ROUTE       250     3.714        OSC.OSC to EBR_R6C10.CLKA clk
                  --------
                    3.714   (0.0% logic, 100.0% route), 0 logic levels.

      Destination Clock Path oscillator to system/cpu/engine/rom/lane_1:

   Name    Fanout   Delay (ns)          Site               Resource
ROUTE       250     3.714        OSC.OSC to EBR_R6C20.CLKA clk
                  --------
                    3.714   (0.0% logic, 100.0% route), 0 logic levels.


Passed: The following path meets requirements by 2.018ns

 Logical Details:  Cell type  Pin type       Cell/ASIC name  (clock net +/-)

   Source:         DP8KC      Port           system/cpu/engine/rom/lane_2(ASIC)  (from clk +)
   Destination:    FF         Data in        system/bus/fixed_uart.console/rx_irq_o  (to clk +)

   Delay:              31.356ns  (47.5% logic, 52.5% route), 21 logic levels.

 Constraint Details:

     31.356ns physical path delay system/cpu/engine/rom/lane_2 to system/bus/fixed_uart.console/SLICE_246 meets
     33.829ns delay constraint less
      0.173ns skew and
      0.282ns CE_SET requirement (totaling 33.374ns) by 2.018ns

 Physical Path Details:

      Data path system/cpu/engine/rom/lane_2 to system/bus/fixed_uart.console/SLICE_246:

   Name    Fanout   Delay (ns)          Site               Resource
C2Q_DEL     ---     4.979 EBR_R6C10.CLKA to EBR_R6C10.DOA8 system/cpu/engine/rom/lane_2 (from clk)
ROUTE         4     1.523 EBR_R6C10.DOA8 to      R8C15A.D1 system/cpu/engine/a_select_2[0]
CTOF_DEL    ---     0.495      R8C15A.D1 to      R8C15A.F1 system/cpu/engine/SLICE_363
ROUTE         1     0.693      R8C15A.F1 to      R8C15A.B0 system/cpu/engine/un6_select_register[0]
CTOF_DEL    ---     0.495      R8C15A.B0 to      R8C15A.F0 system/cpu/engine/SLICE_363
ROUTE        16     1.833      R8C15A.F0 to      R7C15B.A0 system/cpu/engine/select_register_5[0]
CTOF_DEL    ---     0.495      R7C15B.A0 to      R7C15B.F0 system/cpu/engine/SLICE_43
ROUTE        10     0.796      R7C15B.F0 to      R8C15D.C1 system/address[14]
CTOF_DEL    ---     0.495      R8C15D.C1 to      R8C15D.F1 system/bus/SLICE_407
ROUTE        12     0.777      R8C15D.F1 to      R9C15D.C0 system/bus/io_page
CTOF_DEL    ---     0.495      R9C15D.C0 to      R9C15D.F0 system/bus/SLICE_649
ROUTE         2     0.654      R9C15D.F0 to      R9C14C.D1 system/bus/service_dma_selected_1
CTOF_DEL    ---     0.495      R9C14C.D1 to      R9C14C.F1 system/bus/SLICE_339
ROUTE        11     0.340      R9C14C.F1 to      R9C14B.D1 system/bus/service_dma_selecteddup
CTOF_DEL    ---     0.495      R9C14B.D1 to      R9C14B.F1 system/bus/SLICE_413
ROUTE         5     0.453      R9C14B.F1 to      R9C14B.C0 system/bus/rk_selecteddup
CTOF_DEL    ---     0.495      R9C14B.C0 to      R9C14B.F0 system/bus/SLICE_413
ROUTE         3     1.093      R9C14B.F0 to      R8C15B.C1 system/bus/un1_address_25_2_RNI9E2OI
CTOF_DEL    ---     0.495      R8C15B.C1 to      R8C15B.F1 system/bus/SLICE_419
ROUTE         4     0.783      R8C15B.F1 to     R10C15B.C1 system/bus/rk_fixed_selecteddup
CTOF_DEL    ---     0.495     R10C15B.C1 to     R10C15B.F1 system/bus/SLICE_423
ROUTE         5     0.654     R10C15B.F1 to     R10C16B.D0 system/acknowledgedup
CTOF_DEL    ---     0.495     R10C16B.D0 to     R10C16B.F0 system/SLICE_585
ROUTE         5     0.989     R10C16B.F0 to     R10C17D.A1 system/cpu/engine/un1_mem_ackdup
CTOF_DEL    ---     0.495     R10C17D.A1 to     R10C17D.F1 system/cpu/engine/SLICE_484
ROUTE         1     0.436     R10C17D.F1 to     R10C17D.C0 system/cpu/engine/effective_ackdup
CTOF_DEL    ---     0.495     R10C17D.C0 to     R10C17D.F0 system/cpu/engine/SLICE_484
ROUTE         1     0.645     R10C17D.F0 to     R10C16A.D0 system/cpu/engine/un1_completedup
CTOF_DEL    ---     0.495     R10C16A.D0 to     R10C16A.F0 system/cpu/engine/SLICE_359
ROUTE         2     0.635     R10C16A.F0 to     R10C16C.D1 system/cpu/engine/step_1dup
CTOF_DEL    ---     0.495     R10C16C.D1 to     R10C16C.F1 system/cpu/engine/SLICE_488
ROUTE         8     0.683     R10C16C.F1 to      R8C16B.D1 system/cpu/engine/stepdup
CTOF_DEL    ---     0.495      R8C16B.D1 to      R8C16B.F1 system/cpu/engine/SLICE_358
ROUTE         8     0.999      R8C16B.F1 to      R8C18C.D1 system/irq_ackdup
CTOF_DEL    ---     0.495      R8C18C.D1 to      R8C18C.F1 system/SLICE_336
ROUTE         2     0.632      R8C18C.F1 to      R8C19B.D1 system/device_ack
CTOF_DEL    ---     0.495      R8C19B.D1 to      R8C19B.F1 system/bus/SLICE_421
ROUTE         3     0.453      R8C19B.F1 to      R8C19B.C0 system/bus/vic_strobe
CTOF_DEL    ---     0.495      R8C19B.C0 to      R8C19B.F0 system/bus/SLICE_421
ROUTE         2     0.753      R8C19B.F0 to      R8C18A.C1 system/bus/rx_irq_ack
CTOF_DEL    ---     0.495      R8C18A.C1 to      R8C18A.F1 system/bus/fixed_uart.console/SLICE_96
ROUTE         1     0.653      R8C18A.F1 to      R8C18D.CE system/bus/fixed_uart.console/un1_rx_full8_1_i (to clk)
                  --------
                   31.356   (47.5% logic, 52.5% route), 21 logic levels.

 Clock Skew Details: 

      Source Clock Path oscillator to system/cpu/engine/rom/lane_2:

   Name    Fanout   Delay (ns)          Site               Resource
ROUTE       250     3.714        OSC.OSC to EBR_R6C10.CLKA clk
                  --------
                    3.714   (0.0% logic, 100.0% route), 0 logic levels.

      Destination Clock Path oscillator to system/bus/fixed_uart.console/SLICE_246:

   Name    Fanout   Delay (ns)          Site               Resource
ROUTE       250     3.541        OSC.OSC to     R8C18D.CLK clk
                  --------
                    3.541   (0.0% logic, 100.0% route), 0 logic levels.


Passed: The following path meets requirements by 2.034ns

 Logical Details:  Cell type  Pin type       Cell/ASIC name  (clock net +/-)

   Source:         DP8KC      Port           system/cpu/engine/rom/lane_2(ASIC)  (from clk +)
   Destination:    DP8KC      Port           system/cpu/engine/rom/lane_1(ASIC)  (to clk +)

   Delay:              31.821ns  (43.6% logic, 56.4% route), 19 logic levels.

 Constraint Details:

     31.821ns physical path delay system/cpu/engine/rom/lane_2 to system/cpu/engine/rom/lane_1 meets
     33.829ns delay constraint less
      0.000ns skew and
     -0.026ns ADDR_SET requirement (totaling 33.855ns) by 2.034ns

 Physical Path Details:

      Data path system/cpu/engine/rom/lane_2 to system/cpu/engine/rom/lane_1:

   Name    Fanout   Delay (ns)          Site               Resource
C2Q_DEL     ---     4.979 EBR_R6C10.CLKA to EBR_R6C10.DOA8 system/cpu/engine/rom/lane_2 (from clk)
ROUTE         4     1.523 EBR_R6C10.DOA8 to      R8C15A.D1 system/cpu/engine/a_select_2[0]
CTOF_DEL    ---     0.495      R8C15A.D1 to      R8C15A.F1 system/cpu/engine/SLICE_363
ROUTE         1     0.693      R8C15A.F1 to      R8C15A.B0 system/cpu/engine/un6_select_register[0]
CTOF_DEL    ---     0.495      R8C15A.B0 to      R8C15A.F0 system/cpu/engine/SLICE_363
ROUTE        16     1.833      R8C15A.F0 to      R7C15B.A1 system/cpu/engine/select_register_5[0]
CTOF_DEL    ---     0.495      R7C15B.A1 to      R7C15B.F1 system/cpu/engine/SLICE_43
ROUTE        10     1.018      R7C15B.F1 to      R8C15D.A1 system/address[15]
CTOF_DEL    ---     0.495      R8C15D.A1 to      R8C15D.F1 system/bus/SLICE_407
ROUTE        12     0.777      R8C15D.F1 to      R9C15D.C0 system/bus/io_page
CTOF_DEL    ---     0.495      R9C15D.C0 to      R9C15D.F0 system/bus/SLICE_649
ROUTE         2     0.654      R9C15D.F0 to      R9C14C.D1 system/bus/service_dma_selected_1
CTOF_DEL    ---     0.495      R9C14C.D1 to      R9C14C.F1 system/bus/SLICE_339
ROUTE        11     0.340      R9C14C.F1 to      R9C14B.D1 system/bus/service_dma_selecteddup
CTOF_DEL    ---     0.495      R9C14B.D1 to      R9C14B.F1 system/bus/SLICE_413
ROUTE         5     0.453      R9C14B.F1 to      R9C14B.C0 system/bus/rk_selecteddup
CTOF_DEL    ---     0.495      R9C14B.C0 to      R9C14B.F0 system/bus/SLICE_413
ROUTE         3     1.093      R9C14B.F0 to      R8C15B.C1 system/bus/un1_address_25_2_RNI9E2OI
CTOF_DEL    ---     0.495      R8C15B.C1 to      R8C15B.F1 system/bus/SLICE_419
ROUTE         4     0.783      R8C15B.F1 to     R10C15B.C1 system/bus/rk_fixed_selecteddup
CTOF_DEL    ---     0.495     R10C15B.C1 to     R10C15B.F1 system/bus/SLICE_423
ROUTE         5     0.654     R10C15B.F1 to     R10C16B.D0 system/acknowledgedup
CTOF_DEL    ---     0.495     R10C16B.D0 to     R10C16B.F0 system/SLICE_585
ROUTE         5     1.097     R10C16B.F0 to     R10C12D.D1 system/cpu/engine/un1_mem_ackdup
CTOF_DEL    ---     0.495     R10C12D.D1 to     R10C12D.F1 system/cpu/engine/SLICE_451
ROUTE         8     0.656     R10C12D.F1 to     R10C11B.D1 system/cpu/engine/fault_redirectdup
CTOF_DEL    ---     0.495     R10C11B.D1 to     R10C11B.F1 system/cpu/engine/seq/SLICE_344
ROUTE         9     0.469     R10C11B.F1 to     R10C11D.C1 system/cpu/engine/seq/next_address_7_sqmuxa
CTOF_DEL    ---     0.495     R10C11D.C1 to     R10C11D.F1 system/SLICE_235
ROUTE         1     0.645     R10C11D.F1 to     R10C12C.D0 system/cpu/engine/seq/dispatch_address_m[8]
CTOF_DEL    ---     0.495     R10C12C.D0 to     R10C12C.F0 system/cpu/engine/SLICE_343
ROUTE         1     0.645     R10C12C.F0 to      R9C12B.D0 system/cpu/engine/seq/next_address_2_iv_0[8]
CTOF_DEL    ---     0.495      R9C12B.D0 to      R9C12B.F0 system/cpu/engine/seq/SLICE_471
ROUTE         1     0.623      R9C12B.F0 to      R8C12A.D0 system/cpu/engine/seq/next_address_2_iv_2[8]
CTOF_DEL    ---     0.495      R8C12A.D0 to      R8C12A.F0 system/cpu/engine/seq/SLICE_464
ROUTE         1     1.420      R8C12A.F0 to      R8C11C.B0 system/cpu/engine/seq/next_address_2_iv_3[8]
CTOF_DEL    ---     0.495      R8C11C.B0 to      R8C11C.F0 system/cpu/engine/seq/SLICE_183
ROUTE         5     2.556      R8C11C.F0 to *R_R6C20.ADA11 system/cpu/engine/next_address[8] (to clk)
                  --------
                   31.821   (43.6% logic, 56.4% route), 19 logic levels.

 Clock Skew Details: 

      Source Clock Path oscillator to system/cpu/engine/rom/lane_2:

   Name    Fanout   Delay (ns)          Site               Resource
ROUTE       250     3.714        OSC.OSC to EBR_R6C10.CLKA clk
                  --------
                    3.714   (0.0% logic, 100.0% route), 0 logic levels.

      Destination Clock Path oscillator to system/cpu/engine/rom/lane_1:

   Name    Fanout   Delay (ns)          Site               Resource
ROUTE       250     3.714        OSC.OSC to EBR_R6C20.CLKA clk
                  --------
                    3.714   (0.0% logic, 100.0% route), 0 logic levels.


Passed: The following path meets requirements by 2.034ns

 Logical Details:  Cell type  Pin type       Cell/ASIC name  (clock net +/-)

   Source:         DP8KC      Port           system/cpu/engine/rom/lane_2(ASIC)  (from clk +)
   Destination:    DP8KC      Port           system/cpu/engine/rom/lane_0(ASIC)  (to clk +)

   Delay:              31.821ns  (43.6% logic, 56.4% route), 19 logic levels.

 Constraint Details:

     31.821ns physical path delay system/cpu/engine/rom/lane_2 to system/cpu/engine/rom/lane_0 meets
     33.829ns delay constraint less
      0.000ns skew and
     -0.026ns ADDR_SET requirement (totaling 33.855ns) by 2.034ns

 Physical Path Details:

      Data path system/cpu/engine/rom/lane_2 to system/cpu/engine/rom/lane_0:

   Name    Fanout   Delay (ns)          Site               Resource
C2Q_DEL     ---     4.979 EBR_R6C10.CLKA to EBR_R6C10.DOA8 system/cpu/engine/rom/lane_2 (from clk)
ROUTE         4     1.523 EBR_R6C10.DOA8 to      R8C15A.D1 system/cpu/engine/a_select_2[0]
CTOF_DEL    ---     0.495      R8C15A.D1 to      R8C15A.F1 system/cpu/engine/SLICE_363
ROUTE         1     0.693      R8C15A.F1 to      R8C15A.B0 system/cpu/engine/un6_select_register[0]
CTOF_DEL    ---     0.495      R8C15A.B0 to      R8C15A.F0 system/cpu/engine/SLICE_363
ROUTE        16     1.833      R8C15A.F0 to      R7C15B.A1 system/cpu/engine/select_register_5[0]
CTOF_DEL    ---     0.495      R7C15B.A1 to      R7C15B.F1 system/cpu/engine/SLICE_43
ROUTE        10     1.018      R7C15B.F1 to      R8C15D.A1 system/address[15]
CTOF_DEL    ---     0.495      R8C15D.A1 to      R8C15D.F1 system/bus/SLICE_407
ROUTE        12     0.777      R8C15D.F1 to      R9C15D.C0 system/bus/io_page
CTOF_DEL    ---     0.495      R9C15D.C0 to      R9C15D.F0 system/bus/SLICE_649
ROUTE         2     0.654      R9C15D.F0 to      R9C14C.D1 system/bus/service_dma_selected_1
CTOF_DEL    ---     0.495      R9C14C.D1 to      R9C14C.F1 system/bus/SLICE_339
ROUTE        11     0.340      R9C14C.F1 to      R9C14B.D1 system/bus/service_dma_selecteddup
CTOF_DEL    ---     0.495      R9C14B.D1 to      R9C14B.F1 system/bus/SLICE_413
ROUTE         5     0.453      R9C14B.F1 to      R9C14B.C0 system/bus/rk_selecteddup
CTOF_DEL    ---     0.495      R9C14B.C0 to      R9C14B.F0 system/bus/SLICE_413
ROUTE         3     1.093      R9C14B.F0 to      R8C15B.C1 system/bus/un1_address_25_2_RNI9E2OI
CTOF_DEL    ---     0.495      R8C15B.C1 to      R8C15B.F1 system/bus/SLICE_419
ROUTE         4     0.783      R8C15B.F1 to     R10C15B.C1 system/bus/rk_fixed_selecteddup
CTOF_DEL    ---     0.495     R10C15B.C1 to     R10C15B.F1 system/bus/SLICE_423
ROUTE         5     0.654     R10C15B.F1 to     R10C16B.D0 system/acknowledgedup
CTOF_DEL    ---     0.495     R10C16B.D0 to     R10C16B.F0 system/SLICE_585
ROUTE         5     1.097     R10C16B.F0 to     R10C12D.D1 system/cpu/engine/un1_mem_ackdup
CTOF_DEL    ---     0.495     R10C12D.D1 to     R10C12D.F1 system/cpu/engine/SLICE_451
ROUTE         8     0.656     R10C12D.F1 to     R10C11B.D1 system/cpu/engine/fault_redirectdup
CTOF_DEL    ---     0.495     R10C11B.D1 to     R10C11B.F1 system/cpu/engine/seq/SLICE_344
ROUTE         9     0.469     R10C11B.F1 to     R10C11D.C1 system/cpu/engine/seq/next_address_7_sqmuxa
CTOF_DEL    ---     0.495     R10C11D.C1 to     R10C11D.F1 system/SLICE_235
ROUTE         1     0.645     R10C11D.F1 to     R10C12C.D0 system/cpu/engine/seq/dispatch_address_m[8]
CTOF_DEL    ---     0.495     R10C12C.D0 to     R10C12C.F0 system/cpu/engine/SLICE_343
ROUTE         1     0.645     R10C12C.F0 to      R9C12B.D0 system/cpu/engine/seq/next_address_2_iv_0[8]
CTOF_DEL    ---     0.495      R9C12B.D0 to      R9C12B.F0 system/cpu/engine/seq/SLICE_471
ROUTE         1     0.623      R9C12B.F0 to      R8C12A.D0 system/cpu/engine/seq/next_address_2_iv_2[8]
CTOF_DEL    ---     0.495      R8C12A.D0 to      R8C12A.F0 system/cpu/engine/seq/SLICE_464
ROUTE         1     1.420      R8C12A.F0 to      R8C11C.B0 system/cpu/engine/seq/next_address_2_iv_3[8]
CTOF_DEL    ---     0.495      R8C11C.B0 to      R8C11C.F0 system/cpu/engine/seq/SLICE_183
ROUTE         5     2.556      R8C11C.F0 to *R_R6C17.ADA11 system/cpu/engine/next_address[8] (to clk)
                  --------
                   31.821   (43.6% logic, 56.4% route), 19 logic levels.

 Clock Skew Details: 

      Source Clock Path oscillator to system/cpu/engine/rom/lane_2:

   Name    Fanout   Delay (ns)          Site               Resource
ROUTE       250     3.714        OSC.OSC to EBR_R6C10.CLKA clk
                  --------
                    3.714   (0.0% logic, 100.0% route), 0 logic levels.

      Destination Clock Path oscillator to system/cpu/engine/rom/lane_0:

   Name    Fanout   Delay (ns)          Site               Resource
ROUTE       250     3.714        OSC.OSC to EBR_R6C17.CLKA clk
                  --------
                    3.714   (0.0% logic, 100.0% route), 0 logic levels.

Report:   31.075MHz is the maximum frequency for this preference.


================================================================================
Preference: Unconstrained: CLOCK_DOMAIN
            0 unconstrained paths found
--------------------------------------------------------------------------------


================================================================================
Preference: Unconstrained: INPUT_SETUP
            8 unconstrained paths found
--------------------------------------------------------------------------------

Unconstrained Preference:
   INPUT_SETUP PORT "res" CLKNET "clk" 

Report:    5.081ns delay res to SLICE_447 (4.348ns delay and 0.733ns setup)

   Name    Fanout   Delay (ns)          Site               Resource
PADI_DEL    ---     1.132          4.PAD to        4.PADDI res
ROUTE         1     3.216        4.PADDI to     R7C12C.LSR res_c (to clk)
                  --------
                    4.348   (26.0% logic, 74.0% route), 1 logic levels.

Unconstrained Preference:
   INPUT_SETUP PORT "gpio_key_row[0]" CLKNET "clk" 

Report:    2.292ns delay gpio_key_row[0] to gpio_key_row[0]_MGIOL (1.697ns delay and 0.595ns setup)

   Name    Fanout   Delay (ns)          Site               Resource
PADI_DEL    ---     1.132         29.PAD to       29.PADDI gpio_key_row[0]
ROUTE         1     0.565       29.PADDI to    IOL_T11D.DI gpio_key_row_in[0] (to clk)
                  --------
                    1.697   (66.7% logic, 33.3% route), 1 logic levels.

Unconstrained Preference:
   INPUT_SETUP PORT "gpio_key_row[1]" CLKNET "clk" 

Report:    2.292ns delay gpio_key_row[1] to gpio_key_row[1]_MGIOL (1.697ns delay and 0.595ns setup)

   Name    Fanout   Delay (ns)          Site               Resource
PADI_DEL    ---     1.132         30.PAD to       30.PADDI gpio_key_row[1]
ROUTE         1     0.565       30.PADDI to    IOL_T11C.DI gpio_key_row_in[1] (to clk)
                  --------
                    1.697   (66.7% logic, 33.3% route), 1 logic levels.

Unconstrained Preference:
   INPUT_SETUP PORT "gpio_key_row[2]" CLKNET "clk" 

Report:    2.292ns delay gpio_key_row[2] to gpio_key_row[2]_MGIOL (1.697ns delay and 0.595ns setup)

   Name    Fanout   Delay (ns)          Site               Resource
PADI_DEL    ---     1.132         32.PAD to       32.PADDI gpio_key_row[2]
ROUTE         1     0.565       32.PADDI to    IOL_T10D.DI gpio_key_row_in[2] (to clk)
                  --------
                    1.697   (66.7% logic, 33.3% route), 1 logic levels.

Unconstrained Preference:
   INPUT_SETUP PORT "gpio_key_row[3]" CLKNET "clk" 

Report:    2.292ns delay gpio_key_row[3] to gpio_key_row[3]_MGIOL (1.697ns delay and 0.595ns setup)

   Name    Fanout   Delay (ns)          Site               Resource
PADI_DEL    ---     1.132          1.PAD to        1.PADDI gpio_key_row[3]
ROUTE         1     0.565        1.PADDI to    IOL_T10C.DI gpio_key_row_in[3] (to clk)
                  --------
                    1.697   (66.7% logic, 33.3% route), 1 logic levels.

Unconstrained Preference:
   INPUT_SETUP PORT "rx" CLKNET "clk" 

Report:    2.292ns delay rx to rx_MGIOL (1.697ns delay and 0.595ns setup)

   Name    Fanout   Delay (ns)          Site               Resource
PADI_DEL    ---     1.132         25.PAD to       25.PADDI rx
ROUTE         1     0.565       25.PADDI to    IOL_T15D.DI rx_c (to clk)
                  --------
                    1.697   (66.7% logic, 33.3% route), 1 logic levels.

Unconstrained Preference:
   INPUT_SETUP PORT "sd_miso" CLKNET "clk" 

Report:    2.292ns delay sd_miso to sd_miso_MGIOL (1.697ns delay and 0.595ns setup)

   Name    Fanout   Delay (ns)          Site               Resource
PADI_DEL    ---     1.132         28.PAD to       28.PADDI sd_miso
ROUTE         1     0.565       28.PADDI to    IOL_T12C.DI sd_miso_c (to clk)
                  --------
                    1.697   (66.7% logic, 33.3% route), 1 logic levels.

Unconstrained Preference:
   INPUT_SETUP PORT "gpio_miso" CLKNET "clk" 

Report:    2.111ns delay gpio_miso to gpio_miso_MGIOL (1.516ns delay and 0.595ns setup)

   Name    Fanout   Delay (ns)          Site               Resource
PADI_DEL    ---     1.132         10.PAD to       10.PADDI gpio_miso
ROUTE         1     0.384       10.PADDI to     IOL_B6D.DI gpio_miso_c (to clk)
                  --------
                    1.516   (74.7% logic, 25.3% route), 1 logic levels.


================================================================================
Preference: Unconstrained: CLOCK_TO_OUT
            18 unconstrained paths found
--------------------------------------------------------------------------------

Unconstrained Preference:
   CLOCK_TO_OUT PORT "sd_mosi" CLKNET "clk" 

Report:    8.475ns delay system/bus/byte_sd/SLICE_77 to sd_mosi

   Name    Fanout   Delay (ns)          Site               Resource
REG_DEL     ---     0.452     R2C17A.CLK to      R2C17A.Q0 system/bus/byte_sd/SLICE_77 (from clk)
ROUTE        23     2.888      R2C17A.Q0 to      R5C12D.B0 system/bus/byte_sd/busy
CTOF_DEL    ---     0.495      R5C12D.B0 to      R5C12D.F0 system/SLICE_239
ROUTE         1     1.843      R5C12D.F0 to       21.PADDO sd_mosi_c
DOPAD_DEL   ---     2.797       21.PADDO to         21.PAD sd_mosi
                  --------
                    8.475   (44.2% logic, 55.8% route), 3 logic levels.

Unconstrained Preference:
   CLOCK_TO_OUT PORT "sd_mosi" CLKNET "clk" 

Report:    7.388ns delay system/bus/byte_sd/SLICE_88 to sd_mosi

   Name    Fanout   Delay (ns)          Site               Resource
REG_DEL     ---     0.452     R4C18C.CLK to      R4C18C.Q0 system/bus/byte_sd/SLICE_88 (from clk)
ROUTE         1     1.801      R4C18C.Q0 to      R5C12D.A0 system/bus/byte_sd/tx_shift[7]
CTOF_DEL    ---     0.495      R5C12D.A0 to      R5C12D.F0 system/SLICE_239
ROUTE         1     1.843      R5C12D.F0 to       21.PADDO sd_mosi_c
DOPAD_DEL   ---     2.797       21.PADDO to         21.PAD sd_mosi
                  --------
                    7.388   (50.7% logic, 49.3% route), 3 logic levels.

Unconstrained Preference:
   CLOCK_TO_OUT PORT "tx" CLKNET "clk" 

Report:    7.303ns delay system/bus/fixed_uart.console/SLICE_105 to tx

   Name    Fanout   Delay (ns)          Site               Resource
REG_DEL     ---     0.452     R4C21C.CLK to      R4C21C.Q0 system/bus/fixed_uart.console/SLICE_105 (from clk)
ROUTE        20     1.811      R4C21C.Q0 to      R2C19C.A1 system/bus/fixed_uart.console/tx_busy
CTOF_DEL    ---     0.495      R2C19C.A1 to      R2C19C.F1 system/bus/fixed_uart.console/SLICE_118
ROUTE         1     1.748      R2C19C.F1 to       23.PADDO tx_c
DOPAD_DEL   ---     2.797       23.PADDO to         23.PAD tx
                  --------
                    7.303   (51.3% logic, 48.7% route), 3 logic levels.

Unconstrained Preference:
   CLOCK_TO_OUT PORT "gpio_key_row[3]" CLKNET "clk" 

Report:    7.248ns delay system/SLICE_144 to gpio_key_row[3]

   Name    Fanout   Delay (ns)          Site               Resource
REG_DEL     ---     0.452      R5C7D.CLK to       R5C7D.Q0 system/SLICE_144 (from clk)
ROUTE         3     2.616       R5C7D.Q0 to        1.PADDT system/bus/host_miso_oe
TDTS_DEL    ---     4.180        1.PADDT to          1.PAD gpio_key_row[3]
                  --------
                    7.248   (63.9% logic, 36.1% route), 2 logic levels.

Unconstrained Preference:
   CLOCK_TO_OUT PORT "sd_cs_n" CLKNET "clk" 

Report:    6.813ns delay system/SLICE_68 to sd_cs_n

   Name    Fanout   Delay (ns)          Site               Resource
REG_DEL     ---     0.452     R4C11A.CLK to      R4C11A.Q0 system/SLICE_68 (from clk)
ROUTE         2     3.564      R4C11A.Q0 to        5.PADDO sd_cs_n_c
DOPAD_DEL   ---     2.797        5.PADDO to          5.PAD sd_cs_n
                  --------
                    6.813   (47.7% logic, 52.3% route), 2 logic levels.

Unconstrained Preference:
   CLOCK_TO_OUT PORT "gpio_key_row[3]" CLKNET "clk" 

Report:    6.514ns delay system/SLICE_66 to gpio_key_row[3]

   Name    Fanout   Delay (ns)          Site               Resource
REG_DEL     ---     0.452     R5C10A.CLK to      R5C10A.Q0 system/SLICE_66 (from clk)
ROUTE         3     3.265      R5C10A.Q0 to        1.PADDO host_miso
DOPAD_DEL   ---     2.797        1.PADDO to          1.PAD gpio_key_row[3]
                  --------
                    6.514   (49.9% logic, 50.1% route), 2 logic levels.

Unconstrained Preference:
   CLOCK_TO_OUT PORT "tx" CLKNET "clk" 

Report:    6.496ns delay system/bus/fixed_uart.console/SLICE_114 to tx

   Name    Fanout   Delay (ns)          Site               Resource
REG_DEL     ---     0.452     R2C19B.CLK to      R2C19B.Q0 system/bus/fixed_uart.console/SLICE_114 (from clk)
ROUTE         1     1.004      R2C19B.Q0 to      R2C19C.B1 system/bus/fixed_uart.console/tx_shift[0]
CTOF_DEL    ---     0.495      R2C19C.B1 to      R2C19C.F1 system/bus/fixed_uart.console/SLICE_118
ROUTE         1     1.748      R2C19C.F1 to       23.PADDO tx_c
DOPAD_DEL   ---     2.797       23.PADDO to         23.PAD tx
                  --------
                    6.496   (57.6% logic, 42.4% route), 3 logic levels.

Unconstrained Preference:
   CLOCK_TO_OUT PORT "tx" CLKNET "clk" 

Report:    6.457ns delay system/SLICE_609 to tx

   Name    Fanout   Delay (ns)          Site               Resource
REG_DEL     ---     0.452     R4C18A.CLK to      R4C18A.Q0 system/SLICE_609 (from clk)
ROUTE         2     0.965      R4C18A.Q0 to      R2C19C.D1 system/bus/fixed_uart.console/tx_break
CTOF_DEL    ---     0.495      R2C19C.D1 to      R2C19C.F1 system/bus/fixed_uart.console/SLICE_118
ROUTE         1     1.748      R2C19C.F1 to       23.PADDO tx_c
DOPAD_DEL   ---     2.797       23.PADDO to         23.PAD tx
                  --------
                    6.457   (58.0% logic, 42.0% route), 3 logic levels.

Unconstrained Preference:
   CLOCK_TO_OUT PORT "gpio_din" CLKNET "clk" 

Report:    6.352ns delay system/SLICE_62 to gpio_din

   Name    Fanout   Delay (ns)          Site               Resource
REG_DEL     ---     0.452      R5C6C.CLK to       R5C6C.Q0 system/SLICE_62 (from clk)
ROUTE         2     3.103       R5C6C.Q0 to       16.PADDO gpio_din_c
DOPAD_DEL   ---     2.797       16.PADDO to         16.PAD gpio_din
                  --------
                    6.352   (51.1% logic, 48.9% route), 2 logic levels.

Unconstrained Preference:
   CLOCK_TO_OUT PORT "gpio_reg_latch" CLKNET "clk" 

Report:    5.613ns delay system/SLICE_64 to gpio_reg_latch

   Name    Fanout   Delay (ns)          Site               Resource
REG_DEL     ---     0.452      R5C7A.CLK to       R5C7A.Q0 system/SLICE_64 (from clk)
ROUTE         3     2.364       R5C7A.Q0 to       20.PADDO gpio_reg_latch_c
DOPAD_DEL   ---     2.797       20.PADDO to         20.PAD gpio_reg_latch
                  --------
                    5.613   (57.9% logic, 42.1% route), 2 logic levels.

Unconstrained Preference:
   CLOCK_TO_OUT PORT "gpio_msck" CLKNET "clk" 

Report:    5.471ns delay system/bus/guest_memory/SLICE_63 to gpio_msck

   Name    Fanout   Delay (ns)          Site               Resource
REG_DEL     ---     0.452     R5C11B.CLK to      R5C11B.Q0 system/bus/guest_memory/SLICE_63 (from clk)
ROUTE         5     2.222      R5C11B.Q0 to        9.PADDO gpio_msck_c
DOPAD_DEL   ---     2.797        9.PADDO to          9.PAD gpio_msck
                  --------
                    5.471   (59.4% logic, 40.6% route), 2 logic levels.

Unconstrained Preference:
   CLOCK_TO_OUT PORT "gpio_rs" CLKNET "clk" 

Report:    4.921ns delay system/SLICE_65 to gpio_rs

   Name    Fanout   Delay (ns)          Site               Resource
REG_DEL     ---     0.452      R5C9B.CLK to       R5C9B.Q0 system/SLICE_65 (from clk)
ROUTE         2     1.672       R5C9B.Q0 to       11.PADDO gpio_rs_c
DOPAD_DEL   ---     2.797       11.PADDO to         11.PAD gpio_rs
                  --------
                    4.921   (66.0% logic, 34.0% route), 2 logic levels.

Unconstrained Preference:
   CLOCK_TO_OUT PORT "gpio_ce" CLKNET "clk" 

Report:    4.898ns delay system/SLICE_60 to gpio_ce

   Name    Fanout   Delay (ns)          Site               Resource
REG_DEL     ---     0.452     R7C11B.CLK to      R7C11B.Q0 system/SLICE_60 (from clk)
ROUTE         3     1.649      R7C11B.Q0 to       14.PADDO gpio_ce_c
DOPAD_DEL   ---     2.797       14.PADDO to         14.PAD gpio_ce
                  --------
                    4.898   (66.3% logic, 33.7% route), 2 logic levels.

Unconstrained Preference:
   CLOCK_TO_OUT PORT "sd_sck" CLKNET "clk" 

Report:    4.794ns delay system/bus/byte_sd/SLICE_69 to sd_sck

   Name    Fanout   Delay (ns)          Site               Resource
REG_DEL     ---     0.452     R2C15C.CLK to      R2C15C.Q0 system/bus/byte_sd/SLICE_69 (from clk)
ROUTE         7     1.545      R2C15C.Q0 to       27.PADDO sd_sck_c
DOPAD_DEL   ---     2.797       27.PADDO to         27.PAD sd_sck
                  --------
                    4.794   (67.8% logic, 32.2% route), 2 logic levels.

Unconstrained Preference:
   CLOCK_TO_OUT PORT "gpio_blank" CLKNET "clk" 

Report:    4.611ns delay system/SLICE_59 to gpio_blank

   Name    Fanout   Delay (ns)          Site               Resource
REG_DEL     ---     0.452     R5C10C.CLK to      R5C10C.Q0 system/SLICE_59 (from clk)
ROUTE         2     1.362      R5C10C.Q0 to       13.PADDO gpio_blank_c
DOPAD_DEL   ---     2.797       13.PADDO to         13.PAD gpio_blank
                  --------
                    4.611   (70.5% logic, 29.5% route), 2 logic levels.

Unconstrained Preference:
   CLOCK_TO_OUT PORT "gpio_clk" CLKNET "clk" 

Report:    4.611ns delay system/SLICE_61 to gpio_clk

   Name    Fanout   Delay (ns)          Site               Resource
REG_DEL     ---     0.452      R5C8D.CLK to       R5C8D.Q0 system/SLICE_61 (from clk)
ROUTE         2     1.362       R5C8D.Q0 to       12.PADDO gpio_clk_c
DOPAD_DEL   ---     2.797       12.PADDO to         12.PAD gpio_clk
                  --------
                    4.611   (70.5% logic, 29.5% route), 2 logic levels.

Unconstrained Preference:
   CLOCK_TO_OUT PORT "gpio_mcs" CLKNET "clk" 

Report:    3.407ns delay gpio_mcs_MGIOL to gpio_mcs

   Name    Fanout   Delay (ns)          Site               Resource
C2OUT_DEL   ---     0.567    IOL_B4C.CLK to  IOL_B4C.IOLDO gpio_mcs_MGIOL (from clk)
ROUTE         1     0.043  IOL_B4C.IOLDO to        8.IOLDO gpio_mcs_c
OP0PAD_DEL  ---     2.797        8.IOLDO to          8.PAD gpio_mcs
                  --------
                    3.407   (98.7% logic, 1.3% route), 2 logic levels.

Unconstrained Preference:
   CLOCK_TO_OUT PORT "gpio_mosi" CLKNET "clk" 

Report:    3.407ns delay gpio_mosi_MGIOL to gpio_mosi

   Name    Fanout   Delay (ns)          Site               Resource
C2OUT_DEL   ---     0.567   IOL_B20D.CLK to IOL_B20D.IOLDO gpio_mosi_MGIOL (from clk)
ROUTE         1     0.043 IOL_B20D.IOLDO to       17.IOLDO gpio_mosi_c
OP0PAD_DEL  ---     2.797       17.IOLDO to         17.PAD gpio_mosi
                  --------
                    3.407   (98.7% logic, 1.3% route), 2 logic levels.


================================================================================
Preference: Unconstrained: MAXDELAY
            0 unconstrained paths found
--------------------------------------------------------------------------------

Report Summary
--------------
----------------------------------------------------------------------------
Preference                              |   Constraint|       Actual|Levels
----------------------------------------------------------------------------
                                        |             |             |
FREQUENCY NET "clk" 29.560000 MHz ;     |   29.560 MHz|   31.075 MHz|  20  
                                        |             |             |
----------------------------------------------------------------------------


All preferences were met.


Clock Domains Analysis
------------------------

Found 1 clocks:

Clock Domain: clk   Source: oscillator.OSC   Loads: 250
   Covered under: FREQUENCY NET "clk" 29.560000 MHz ;


--------------------------------------------------------------------------------
                Connections not covered by the preferences
--------------------------------------------------------------------------------

     Delay                        Element                 Net

    0.565ns pio_key_row[0].PADDI to _key_row[0]_MGIOL.DI gpio_key_row_in[0]
    0.565ns        sd_miso.PADDI to     sd_miso_MGIOL.DI sd_miso_c
    0.565ns             rx.PADDI to          rx_MGIOL.DI rx_c
    0.565ns pio_key_row[1].PADDI to _key_row[1]_MGIOL.DI gpio_key_row_in[1]
    0.565ns pio_key_row[2].PADDI to _key_row[2]_MGIOL.DI gpio_key_row_in[2]
    0.565ns pio_key_row[3].PADDI to _key_row[3]_MGIOL.DI gpio_key_row_in[3]
    0.384ns      gpio_miso.PADDI to   gpio_miso_MGIOL.DI gpio_miso_c
    3.216ns            res.PADDI to        SLICE_447.LSR res_c

--------------------------------------------------------------------------------


Timing summary (Setup):
---------------

Timing errors: 0  Score: 0
Cumulative negative slack: 0

Constraints cover 3105299 paths, 1 nets, and 5623 connections (99.86% coverage)

--------------------------------------------------------------------------------
Lattice TRACE Report - Hold, Version Diamond (64-bit) 3.14.0.75.2
Thu Sep 10 15:35:04 2026

Copyright (c) 1991-1994 by NeoCAD Inc. All rights reserved.
Copyright (c) 1995 AT&T Corp.   All rights reserved.
Copyright (c) 1995-2001 Lucent Technologies Inc.  All rights reserved.
Copyright (c) 2001 Agere Systems   All rights reserved.
Copyright (c) 2002-2024 Lattice Semiconductor Corporation,  All rights reserved.

Report Information
------------------
Command line:    trce -v 10 -c -u 0 -gt -sethld -sp 4 -sphld m -o cp39d_impl1.twr cp39d_impl1.ncd cp39d_impl1.prf 
Design file:     cp39d_impl1.ncd
Preference file: cp39d_impl1.prf
Device,speed:    LCMXO2-1200HC,m
Report level:    verbose report, limited to 10 items per preference
--------------------------------------------------------------------------------

BLOCK ASYNCPATHS
BLOCK RESETPATHS
--------------------------------------------------------------------------------



================================================================================
Preference: FREQUENCY NET "clk" 29.560000 MHz ;
            4096 items scored, 0 timing errors detected.
--------------------------------------------------------------------------------


Passed: The following path meets requirements by 0.292ns

 Logical Details:  Cell type  Pin type       Cell/ASIC name  (clock net +/-)

   Source:         Sync_RAM   Q              system/cpu/engine/dp/rf/words_ram_2/RAM0  (from clk +)
   Destination:    FF         Data in        system/cpu/engine/mmu_page[0]  (to clk +)

   Delay:               0.279ns  (98.9% logic, 1.1% route), 1 logic levels.

 Constraint Details:

      0.279ns physical path delay system/cpu/engine/SLICE_42 to system/cpu/engine/SLICE_42 meets
     -0.013ns DIN_HLD and
      0.000ns delay constraint less
      0.000ns skew requirement (totaling -0.013ns) by 0.292ns

 Physical Path Details:

      Data path system/cpu/engine/SLICE_42 to system/cpu/engine/SLICE_42:

   Name    Fanout   Delay (ns)          Site               Resource
CLKTOF_DEL  ---     0.276     R7C15A.WCK to      R7C15A.F1 system/cpu/engine/SLICE_42 (from clk)
ROUTE        18     0.003      R7C15A.F1 to     R7C15A.DI1 system/address[13] (to clk)
                  --------
                    0.279   (98.9% logic, 1.1% route), 1 logic levels.

 Clock Skew Details: 

      Source Clock Path oscillator to system/cpu/engine/SLICE_42:

   Name    Fanout   Delay (ns)          Site               Resource
ROUTE       250     1.216        OSC.OSC to     R7C15A.WCK clk
                  --------
                    1.216   (0.0% logic, 100.0% route), 0 logic levels.

      Destination Clock Path oscillator to system/cpu/engine/SLICE_42:

   Name    Fanout   Delay (ns)          Site               Resource
ROUTE       250     1.216        OSC.OSC to     R7C15A.CLK clk
                  --------
                    1.216   (0.0% logic, 100.0% route), 0 logic levels.


Passed: The following path meets requirements by 0.293ns

 Logical Details:  Cell type  Pin type       Cell/ASIC name  (clock net +/-)

   Source:         Sync_RAM   Q              system/cpu/engine/dp/rf/words_ram_2/RAM1  (from clk +)
   Destination:    FF         Data in        system/cpu/engine/mmu_page[1]  (to clk +)

   Delay:               0.280ns  (98.6% logic, 1.4% route), 1 logic levels.

 Constraint Details:

      0.280ns physical path delay system/cpu/engine/SLICE_43 to system/cpu/engine/SLICE_43 meets
     -0.013ns DIN_HLD and
      0.000ns delay constraint less
      0.000ns skew requirement (totaling -0.013ns) by 0.293ns

 Physical Path Details:

      Data path system/cpu/engine/SLICE_43 to system/cpu/engine/SLICE_43:

   Name    Fanout   Delay (ns)          Site               Resource
CLKTOF_DEL  ---     0.276     R7C15B.WCK to      R7C15B.F0 system/cpu/engine/SLICE_43 (from clk)
ROUTE        10     0.004      R7C15B.F0 to     R7C15B.DI0 system/address[14] (to clk)
                  --------
                    0.280   (98.6% logic, 1.4% route), 1 logic levels.

 Clock Skew Details: 

      Source Clock Path oscillator to system/cpu/engine/SLICE_43:

   Name    Fanout   Delay (ns)          Site               Resource
ROUTE       250     1.216        OSC.OSC to     R7C15B.WCK clk
                  --------
                    1.216   (0.0% logic, 100.0% route), 0 logic levels.

      Destination Clock Path oscillator to system/cpu/engine/SLICE_43:

   Name    Fanout   Delay (ns)          Site               Resource
ROUTE       250     1.216        OSC.OSC to     R7C15B.CLK clk
                  --------
                    1.216   (0.0% logic, 100.0% route), 0 logic levels.


Passed: The following path meets requirements by 0.293ns

 Logical Details:  Cell type  Pin type       Cell/ASIC name  (clock net +/-)

   Source:         Sync_RAM   Q              system/cpu/engine/dp/rf/words_ram_2/RAM1  (from clk +)
   Destination:    FF         Data in        system/cpu/engine/mmu_page[2]  (to clk +)

   Delay:               0.280ns  (98.6% logic, 1.4% route), 1 logic levels.

 Constraint Details:

      0.280ns physical path delay system/cpu/engine/SLICE_43 to system/cpu/engine/SLICE_43 meets
     -0.013ns DIN_HLD and
      0.000ns delay constraint less
      0.000ns skew requirement (totaling -0.013ns) by 0.293ns

 Physical Path Details:

      Data path system/cpu/engine/SLICE_43 to system/cpu/engine/SLICE_43:

   Name    Fanout   Delay (ns)          Site               Resource
CLKTOF_DEL  ---     0.276     R7C15B.WCK to      R7C15B.F1 system/cpu/engine/SLICE_43 (from clk)
ROUTE        10     0.004      R7C15B.F1 to     R7C15B.DI1 system/address[15] (to clk)
                  --------
                    0.280   (98.6% logic, 1.4% route), 1 logic levels.

 Clock Skew Details: 

      Source Clock Path oscillator to system/cpu/engine/SLICE_43:

   Name    Fanout   Delay (ns)          Site               Resource
ROUTE       250     1.216        OSC.OSC to     R7C15B.WCK clk
                  --------
                    1.216   (0.0% logic, 100.0% route), 0 logic levels.

      Destination Clock Path oscillator to system/cpu/engine/SLICE_43:

   Name    Fanout   Delay (ns)          Site               Resource
ROUTE       250     1.216        OSC.OSC to     R7C15B.CLK clk
                  --------
                    1.216   (0.0% logic, 100.0% route), 0 logic levels.


Passed: The following path meets requirements by 0.293ns

 Logical Details:  Cell type  Pin type       Cell/ASIC name  (clock net +/-)

   Source:         Sync_RAM   Q              system/cpu/engine/dp/rf/words_ram/RAM0  (from clk +)
   Destination:    FF         Data in        system/bus/boot_release_armed  (to clk +)

   Delay:               0.280ns  (98.6% logic, 1.4% route), 1 logic levels.

 Constraint Details:

      0.280ns physical path delay system/SLICE_39 to system/SLICE_39 meets
     -0.013ns DIN_HLD and
      0.000ns delay constraint less
      0.000ns skew requirement (totaling -0.013ns) by 0.293ns

 Physical Path Details:

      Data path system/SLICE_39 to system/SLICE_39:

   Name    Fanout   Delay (ns)          Site               Resource
CLKTOF_DEL  ---     0.276     R7C14A.WCK to      R7C14A.F1 system/SLICE_39 (from clk)
ROUTE        43     0.004      R7C14A.F1 to     R7C14A.DI1 system/address[1] (to clk)
                  --------
                    0.280   (98.6% logic, 1.4% route), 1 logic levels.

 Clock Skew Details: 

      Source Clock Path oscillator to system/SLICE_39:

   Name    Fanout   Delay (ns)          Site               Resource
ROUTE       250     1.216        OSC.OSC to     R7C14A.WCK clk
                  --------
                    1.216   (0.0% logic, 100.0% route), 0 logic levels.

      Destination Clock Path oscillator to system/SLICE_39:

   Name    Fanout   Delay (ns)          Site               Resource
ROUTE       250     1.216        OSC.OSC to     R7C14A.CLK clk
                  --------
                    1.216   (0.0% logic, 100.0% route), 0 logic levels.


Passed: The following path meets requirements by 0.304ns

 Logical Details:  Cell type  Pin type       Cell/ASIC name  (clock net +/-)

   Source:         FF         Q              reset_sync[1]  (from clk +)
   Destination:    FF         Data in        reset_sync[0]  (to clk +)

   Delay:               0.285ns  (46.7% logic, 53.3% route), 1 logic levels.

 Constraint Details:

      0.285ns physical path delay SLICE_447 to SLICE_447 meets
     -0.019ns M_HLD and
      0.000ns delay constraint less
      0.000ns skew requirement (totaling -0.019ns) by 0.304ns

 Physical Path Details:

      Data path SLICE_447 to SLICE_447:

   Name    Fanout   Delay (ns)          Site               Resource
REG_DEL     ---     0.133     R7C12C.CLK to      R7C12C.Q1 SLICE_447 (from clk)
ROUTE         1     0.152      R7C12C.Q1 to      R7C12C.M0 reset_sync[1] (to clk)
                  --------
                    0.285   (46.7% logic, 53.3% route), 1 logic levels.

 Clock Skew Details: 

      Source Clock Path oscillator to SLICE_447:

   Name    Fanout   Delay (ns)          Site               Resource
ROUTE       250     1.216        OSC.OSC to     R7C12C.CLK clk
                  --------
                    1.216   (0.0% logic, 100.0% route), 0 logic levels.

      Destination Clock Path oscillator to SLICE_447:

   Name    Fanout   Delay (ns)          Site               Resource
ROUTE       250     1.216        OSC.OSC to     R7C12C.CLK clk
                  --------
                    1.216   (0.0% logic, 100.0% route), 0 logic levels.


Passed: The following path meets requirements by 0.304ns

 Logical Details:  Cell type  Pin type       Cell/ASIC name  (clock net +/-)

   Source:         FF         Q              system/bus/fixed_uart.console/cts_sync[0]  (from clk +)
   Destination:    FF         Data in        system/bus/fixed_uart.console/cts_sync[1]  (to clk +)

   Delay:               0.285ns  (46.7% logic, 53.3% route), 1 logic levels.

 Constraint Details:

      0.285ns physical path delay system/bus/fixed_uart.console/SLICE_89 to system/bus/fixed_uart.console/SLICE_89 meets
     -0.019ns M_HLD and
      0.000ns delay constraint less
      0.000ns skew requirement (totaling -0.019ns) by 0.304ns

 Physical Path Details:

      Data path system/bus/fixed_uart.console/SLICE_89 to system/bus/fixed_uart.console/SLICE_89:

   Name    Fanout   Delay (ns)          Site               Resource
REG_DEL     ---     0.133     R5C21B.CLK to      R5C21B.Q0 system/bus/fixed_uart.console/SLICE_89 (from clk)
ROUTE         1     0.152      R5C21B.Q0 to      R5C21B.M1 system/bus/fixed_uart.console/cts_sync[0] (to clk)
                  --------
                    0.285   (46.7% logic, 53.3% route), 1 logic levels.

 Clock Skew Details: 

      Source Clock Path oscillator to system/bus/fixed_uart.console/SLICE_89:

   Name    Fanout   Delay (ns)          Site               Resource
ROUTE       250     1.216        OSC.OSC to     R5C21B.CLK clk
                  --------
                    1.216   (0.0% logic, 100.0% route), 0 logic levels.

      Destination Clock Path oscillator to system/bus/fixed_uart.console/SLICE_89:

   Name    Fanout   Delay (ns)          Site               Resource
ROUTE       250     1.216        OSC.OSC to     R5C21B.CLK clk
                  --------
                    1.216   (0.0% logic, 100.0% route), 0 logic levels.


Passed: The following path meets requirements by 0.306ns

 Logical Details:  Cell type  Pin type       Cell/ASIC name  (clock net +/-)

   Source:         FF         Q              system/bus/timebase/state[17]  (from clk +)
   Destination:    FF         Data in        system/bus/timebase/state[18]  (to clk +)

   Delay:               0.287ns  (46.3% logic, 53.7% route), 1 logic levels.

 Constraint Details:

      0.287ns physical path delay SLICE_174 to SLICE_174 meets
     -0.019ns M_HLD and
      0.000ns delay constraint less
      0.000ns skew requirement (totaling -0.019ns) by 0.306ns

 Physical Path Details:

      Data path SLICE_174 to SLICE_174:

   Name    Fanout   Delay (ns)          Site               Resource
REG_DEL     ---     0.133     R3C12C.CLK to      R3C12C.Q0 SLICE_174 (from clk)
ROUTE         2     0.154      R3C12C.Q0 to      R3C12C.M1 system/bus/timebase/state[17] (to clk)
                  --------
                    0.287   (46.3% logic, 53.7% route), 1 logic levels.

 Clock Skew Details: 

      Source Clock Path oscillator to SLICE_174:

   Name    Fanout   Delay (ns)          Site               Resource
ROUTE       250     1.216        OSC.OSC to     R3C12C.CLK clk
                  --------
                    1.216   (0.0% logic, 100.0% route), 0 logic levels.

      Destination Clock Path oscillator to SLICE_174:

   Name    Fanout   Delay (ns)          Site               Resource
ROUTE       250     1.216        OSC.OSC to     R3C12C.CLK clk
                  --------
                    1.216   (0.0% logic, 100.0% route), 0 logic levels.


Passed: The following path meets requirements by 0.306ns

 Logical Details:  Cell type  Pin type       Cell/ASIC name  (clock net +/-)

   Source:         FF         Q              system/bus/byte_sd/rx_shift[5]  (from clk +)
   Destination:    FF         Data in        system/bus/byte_sd/rx_shift[6]  (to clk +)

   Delay:               0.287ns  (46.3% logic, 53.7% route), 1 logic levels.

 Constraint Details:

      0.287ns physical path delay system/bus/byte_sd/SLICE_378 to system/bus/byte_sd/SLICE_378 meets
     -0.019ns M_HLD and
      0.000ns delay constraint less
      0.000ns skew requirement (totaling -0.019ns) by 0.306ns

 Physical Path Details:

      Data path system/bus/byte_sd/SLICE_378 to system/bus/byte_sd/SLICE_378:

   Name    Fanout   Delay (ns)          Site               Resource
REG_DEL     ---     0.133     R3C16C.CLK to      R3C16C.Q0 system/bus/byte_sd/SLICE_378 (from clk)
ROUTE         2     0.154      R3C16C.Q0 to      R3C16C.M1 system/bus/byte_sd/rdata_8[5] (to clk)
                  --------
                    0.287   (46.3% logic, 53.7% route), 1 logic levels.

 Clock Skew Details: 

      Source Clock Path oscillator to system/bus/byte_sd/SLICE_378:

   Name    Fanout   Delay (ns)          Site               Resource
ROUTE       250     1.216        OSC.OSC to     R3C16C.CLK clk
                  --------
                    1.216   (0.0% logic, 100.0% route), 0 logic levels.

      Destination Clock Path oscillator to system/bus/byte_sd/SLICE_378:

   Name    Fanout   Delay (ns)          Site               Resource
ROUTE       250     1.216        OSC.OSC to     R3C16C.CLK clk
                  --------
                    1.216   (0.0% logic, 100.0% route), 0 logic levels.


Passed: The following path meets requirements by 0.306ns

 Logical Details:  Cell type  Pin type       Cell/ASIC name  (clock net +/-)

   Source:         FF         Q              system/bus/byte_sd/rx_shift[1]  (from clk +)
   Destination:    FF         Data in        system/bus/byte_sd/rx_shift[2]  (to clk +)

   Delay:               0.287ns  (46.3% logic, 53.7% route), 1 logic levels.

 Constraint Details:

      0.287ns physical path delay system/SLICE_375 to system/SLICE_375 meets
     -0.019ns M_HLD and
      0.000ns delay constraint less
      0.000ns skew requirement (totaling -0.019ns) by 0.306ns

 Physical Path Details:

      Data path system/SLICE_375 to system/SLICE_375:

   Name    Fanout   Delay (ns)          Site               Resource
REG_DEL     ---     0.133     R7C12D.CLK to      R7C12D.Q0 system/SLICE_375 (from clk)
ROUTE         2     0.154      R7C12D.Q0 to      R7C12D.M1 system/bus/byte_sd/rx_shift[1] (to clk)
                  --------
                    0.287   (46.3% logic, 53.7% route), 1 logic levels.

 Clock Skew Details: 

      Source Clock Path oscillator to system/SLICE_375:

   Name    Fanout   Delay (ns)          Site               Resource
ROUTE       250     1.216        OSC.OSC to     R7C12D.CLK clk
                  --------
                    1.216   (0.0% logic, 100.0% route), 0 logic levels.

      Destination Clock Path oscillator to system/SLICE_375:

   Name    Fanout   Delay (ns)          Site               Resource
ROUTE       250     1.216        OSC.OSC to     R7C12D.CLK clk
                  --------
                    1.216   (0.0% logic, 100.0% route), 0 logic levels.


Passed: The following path meets requirements by 0.306ns

 Logical Details:  Cell type  Pin type       Cell/ASIC name  (clock net +/-)

   Source:         FF         Q              system/bus/fixed_uart.console/rx_shift[1]  (from clk +)
   Destination:    FF         Data in        system/bus/fixed_uart.console/rx_shift[0]  (to clk +)

   Delay:               0.287ns  (46.3% logic, 53.7% route), 1 logic levels.

 Constraint Details:

      0.287ns physical path delay system/bus/fixed_uart.console/SLICE_608 to system/bus/fixed_uart.console/SLICE_608 meets
     -0.019ns M_HLD and
      0.000ns delay constraint less
      0.000ns skew requirement (totaling -0.019ns) by 0.306ns

 Physical Path Details:

      Data path system/bus/fixed_uart.console/SLICE_608 to system/bus/fixed_uart.console/SLICE_608:

   Name    Fanout   Delay (ns)          Site               Resource
REG_DEL     ---     0.133     R2C21B.CLK to      R2C21B.Q1 system/bus/fixed_uart.console/SLICE_608 (from clk)
ROUTE         2     0.154      R2C21B.Q1 to      R2C21B.M0 system/bus/fixed_uart.console/rx_shift[1] (to clk)
                  --------
                    0.287   (46.3% logic, 53.7% route), 1 logic levels.

 Clock Skew Details: 

      Source Clock Path oscillator to system/bus/fixed_uart.console/SLICE_608:

   Name    Fanout   Delay (ns)          Site               Resource
ROUTE       250     1.216        OSC.OSC to     R2C21B.CLK clk
                  --------
                    1.216   (0.0% logic, 100.0% route), 0 logic levels.

      Destination Clock Path oscillator to system/bus/fixed_uart.console/SLICE_608:

   Name    Fanout   Delay (ns)          Site               Resource
ROUTE       250     1.216        OSC.OSC to     R2C21B.CLK clk
                  --------
                    1.216   (0.0% logic, 100.0% route), 0 logic levels.

Report Summary
--------------
----------------------------------------------------------------------------
Preference(MIN Delays)                  |   Constraint|       Actual|Levels
----------------------------------------------------------------------------
                                        |             |             |
FREQUENCY NET "clk" 29.560000 MHz ;     |     0.000 ns|     0.292 ns|   1  
                                        |             |             |
----------------------------------------------------------------------------


All preferences were met.


Clock Domains Analysis
------------------------

Found 1 clocks:

Clock Domain: clk   Source: oscillator.OSC   Loads: 250
   Covered under: FREQUENCY NET "clk" 29.560000 MHz ;


--------------------------------------------------------------------------------
                Connections not covered by the preferences
--------------------------------------------------------------------------------

     Delay                        Element                 Net

    0.177ns pio_key_row[0].PADDI to _key_row[0]_MGIOL.DI gpio_key_row_in[0]
    0.177ns        sd_miso.PADDI to     sd_miso_MGIOL.DI sd_miso_c
    0.177ns             rx.PADDI to          rx_MGIOL.DI rx_c
    0.177ns pio_key_row[1].PADDI to _key_row[1]_MGIOL.DI gpio_key_row_in[1]
    0.177ns pio_key_row[2].PADDI to _key_row[2]_MGIOL.DI gpio_key_row_in[2]
    0.177ns pio_key_row[3].PADDI to _key_row[3]_MGIOL.DI gpio_key_row_in[3]
    0.127ns      gpio_miso.PADDI to   gpio_miso_MGIOL.DI gpio_miso_c
    1.031ns            res.PADDI to        SLICE_447.LSR res_c

--------------------------------------------------------------------------------


Timing summary (Hold):
---------------

Timing errors: 0  Score: 0
Cumulative negative slack: 0

Constraints cover 3105299 paths, 1 nets, and 5623 connections (99.86% coverage)



Timing summary (Setup and Hold):
---------------

Timing errors: 0 (setup), 0 (hold)
Score: 0 (setup), 0 (hold)
Cumulative negative slack: 0 (0+0)
--------------------------------------------------------------------------------

--------------------------------------------------------------------------------

