
Loading design for application trce from file cp36d_impl1.ncd.
Design name: uj11_hc1200_microcomp
NCD version: 3.3
Vendor:      LATTICE
Device:      LCMXO2-1200HC
Package:     QFN32
Performance: 4
Loading device for application trce from file 'xo2c1200.nph' in environment: /home/sash/.local/lscc/diamond/3.14/ispfpga.
Package Status:                     Final          Version 1.44.
Performance Hardware Data Status:   Final          Version 36.4.
Setup and Hold Report

--------------------------------------------------------------------------------
Lattice TRACE Report - Setup, Version Diamond (64-bit) 3.14.0.75.2
Thu Sep 10 13:25:32 2026

Copyright (c) 1991-1994 by NeoCAD Inc. All rights reserved.
Copyright (c) 1995 AT&T Corp.   All rights reserved.
Copyright (c) 1995-2001 Lucent Technologies Inc.  All rights reserved.
Copyright (c) 2001 Agere Systems   All rights reserved.
Copyright (c) 2002-2024 Lattice Semiconductor Corporation,  All rights reserved.

Report Information
------------------
Command line:    trce -v 10 -c -u 0 -gt -sethld -sp 4 -sphld m -o cp36d_impl1.twr cp36d_impl1.ncd cp36d_impl1.prf 
Design file:     cp36d_impl1.ncd
Preference file: cp36d_impl1.prf
Device,speed:    LCMXO2-1200HC,4
Report level:    verbose report, limited to 10 items per preference
--------------------------------------------------------------------------------

BLOCK ASYNCPATHS
BLOCK RESETPATHS
--------------------------------------------------------------------------------



================================================================================
Preference: FREQUENCY NET "clk" 29.560000 MHz ;
            4096 items scored, 0 timing errors detected.
--------------------------------------------------------------------------------


Passed: The following path meets requirements by 1.691ns

 Logical Details:  Cell type  Pin type       Cell/ASIC name  (clock net +/-)

   Source:         DP8KC      Port           system/cpu/engine/rom/lane_2(ASIC)  (from clk +)
   Destination:    FF         Data in        system/cpu/engine/dp/q[13]  (to clk +)

   Delay:              31.683ns  (40.7% logic, 59.3% route), 17 logic levels.

 Constraint Details:

     31.683ns physical path delay system/cpu/engine/rom/lane_2 to system/cpu/engine/dp/SLICE_191 meets
     33.829ns delay constraint less
      0.173ns skew and
      0.282ns CE_SET requirement (totaling 33.374ns) by 1.691ns

 Physical Path Details:

      Data path system/cpu/engine/rom/lane_2 to system/cpu/engine/dp/SLICE_191:

   Name    Fanout   Delay (ns)          Site               Resource
C2Q_DEL     ---     4.979 EBR_R6C10.CLKA to EBR_R6C10.DOA8 system/cpu/engine/rom/lane_2 (from clk)
ROUTE         4     1.508 EBR_R6C10.DOA8 to       R7C9D.D1 system/cpu/engine/a_select_2[0]
CTOF_DEL    ---     0.495       R7C9D.D1 to       R7C9D.F1 system/cpu/engine/SLICE_565
ROUTE         1     0.436       R7C9D.F1 to       R7C9D.C0 system/cpu/engine/un6_select_register[2]
CTOF_DEL    ---     0.495       R7C9D.C0 to       R7C9D.F0 system/cpu/engine/SLICE_565
ROUTE        18     1.208       R7C9D.F0 to       R5C9A.C0 system/cpu/engine/un9_d_axb2
CTOF_DEL    ---     0.495       R5C9A.C0 to       R5C9A.F0 system/SLICE_39
ROUTE        48     0.793       R5C9A.F0 to      R5C10C.C1 system/address[0]
CTOF_DEL    ---     0.495      R5C10C.C1 to      R5C10C.F1 system/SLICE_373
ROUTE         9     1.181      R5C10C.F1 to      R5C14D.D1 system/odd_word
CTOF_DEL    ---     0.495      R5C14D.D1 to      R5C14D.F1 system/cpu/engine/SLICE_559
ROUTE         5     0.780      R5C14D.F1 to      R4C14D.C1 system/request
CTOF_DEL    ---     0.495      R4C14D.C1 to      R4C14D.F1 system/SLICE_378
ROUTE         7     0.648      R4C14D.F1 to      R3C14A.D1 system/writing_0
CTOF_DEL    ---     0.495      R3C14A.D1 to      R3C14A.F1 system/bus/SLICE_380
ROUTE         9     0.992      R3C14A.F1 to      R3C14A.A0 system/bus/service_dma_selected
CTOF_DEL    ---     0.495      R3C14A.A0 to      R3C14A.F0 system/bus/SLICE_380
ROUTE         4     1.206      R3C14A.F0 to      R5C16A.C1 system/bus/cpu_io_page
CTOF_DEL    ---     0.495      R5C16A.C1 to      R5C16A.F1 system/bus/SLICE_293
ROUTE         3     1.430      R5C16A.F1 to      R5C12D.A0 system/bus/rk_fixed_selected
CTOF_DEL    ---     0.495      R5C12D.A0 to      R5C12D.F0 SLICE_312
ROUTE         3     0.975      R5C12D.F0 to      R4C11B.D1 system/raw_ack
CTOF_DEL    ---     0.495      R4C11B.D1 to      R4C11B.F1 system/cpu/engine/SLICE_194
ROUTE         8     1.032      R4C11B.F1 to      R4C12C.B1 system/cpu/engine/bus_fault[1]
CTOF_DEL    ---     0.495      R4C12C.B1 to      R4C12C.F1 system/SLICE_243
ROUTE         1     0.626      R4C12C.F1 to      R4C12B.D0 system/cpu/engine/effective_ack
CTOF_DEL    ---     0.495      R4C12B.D0 to      R4C12B.F0 system/cpu/engine/SLICE_561
ROUTE         1     1.385      R4C12B.F0 to       R2C9C.D1 system/cpu/engine/ready
CTOF_DEL    ---     0.495       R2C9C.D1 to       R2C9C.F1 system/cpu/engine/SLICE_196
ROUTE         3     0.453       R2C9C.F1 to      R2C10A.C1 system/cpu/engine/step_1
CTOF_DEL    ---     0.495      R2C10A.C1 to      R2C10A.F1 system/cpu/engine/SLICE_486
ROUTE         7     1.335      R2C10A.F1 to      R8C12B.C0 system/cpu/engine/step
CTOF_DEL    ---     0.495      R8C12B.C0 to      R8C12B.F0 system/cpu/engine/SLICE_536
ROUTE        16     2.796      R8C12B.F0 to      R10C5A.CE system/cpu/engine/dp/un1_q20_i (to clk)
                  --------
                   31.683   (40.7% logic, 59.3% route), 17 logic levels.

 Clock Skew Details: 

      Source Clock Path oscillator to system/cpu/engine/rom/lane_2:

   Name    Fanout   Delay (ns)          Site               Resource
ROUTE       238     3.714        OSC.OSC to EBR_R6C10.CLKA clk
                  --------
                    3.714   (0.0% logic, 100.0% route), 0 logic levels.

      Destination Clock Path oscillator to system/cpu/engine/dp/SLICE_191:

   Name    Fanout   Delay (ns)          Site               Resource
ROUTE       238     3.541        OSC.OSC to     R10C5A.CLK clk
                  --------
                    3.541   (0.0% logic, 100.0% route), 0 logic levels.


Passed: The following path meets requirements by 1.691ns

 Logical Details:  Cell type  Pin type       Cell/ASIC name  (clock net +/-)

   Source:         DP8KC      Port           system/cpu/engine/rom/lane_2(ASIC)  (from clk +)
   Destination:    FF         Data in        system/cpu/engine/dp/q[15]  (to clk +)

   Delay:              31.683ns  (40.7% logic, 59.3% route), 17 logic levels.

 Constraint Details:

     31.683ns physical path delay system/cpu/engine/rom/lane_2 to system/cpu/engine/dp/SLICE_193 meets
     33.829ns delay constraint less
      0.173ns skew and
      0.282ns CE_SET requirement (totaling 33.374ns) by 1.691ns

 Physical Path Details:

      Data path system/cpu/engine/rom/lane_2 to system/cpu/engine/dp/SLICE_193:

   Name    Fanout   Delay (ns)          Site               Resource
C2Q_DEL     ---     4.979 EBR_R6C10.CLKA to EBR_R6C10.DOA8 system/cpu/engine/rom/lane_2 (from clk)
ROUTE         4     1.508 EBR_R6C10.DOA8 to       R7C9D.D1 system/cpu/engine/a_select_2[0]
CTOF_DEL    ---     0.495       R7C9D.D1 to       R7C9D.F1 system/cpu/engine/SLICE_565
ROUTE         1     0.436       R7C9D.F1 to       R7C9D.C0 system/cpu/engine/un6_select_register[2]
CTOF_DEL    ---     0.495       R7C9D.C0 to       R7C9D.F0 system/cpu/engine/SLICE_565
ROUTE        18     1.208       R7C9D.F0 to       R5C9A.C0 system/cpu/engine/un9_d_axb2
CTOF_DEL    ---     0.495       R5C9A.C0 to       R5C9A.F0 system/SLICE_39
ROUTE        48     0.793       R5C9A.F0 to      R5C10C.C1 system/address[0]
CTOF_DEL    ---     0.495      R5C10C.C1 to      R5C10C.F1 system/SLICE_373
ROUTE         9     1.181      R5C10C.F1 to      R5C14D.D1 system/odd_word
CTOF_DEL    ---     0.495      R5C14D.D1 to      R5C14D.F1 system/cpu/engine/SLICE_559
ROUTE         5     0.780      R5C14D.F1 to      R4C14D.C1 system/request
CTOF_DEL    ---     0.495      R4C14D.C1 to      R4C14D.F1 system/SLICE_378
ROUTE         7     0.648      R4C14D.F1 to      R3C14A.D1 system/writing_0
CTOF_DEL    ---     0.495      R3C14A.D1 to      R3C14A.F1 system/bus/SLICE_380
ROUTE         9     0.992      R3C14A.F1 to      R3C14A.A0 system/bus/service_dma_selected
CTOF_DEL    ---     0.495      R3C14A.A0 to      R3C14A.F0 system/bus/SLICE_380
ROUTE         4     1.206      R3C14A.F0 to      R5C16A.C1 system/bus/cpu_io_page
CTOF_DEL    ---     0.495      R5C16A.C1 to      R5C16A.F1 system/bus/SLICE_293
ROUTE         3     1.430      R5C16A.F1 to      R5C12D.A0 system/bus/rk_fixed_selected
CTOF_DEL    ---     0.495      R5C12D.A0 to      R5C12D.F0 SLICE_312
ROUTE         3     0.975      R5C12D.F0 to      R4C11B.D1 system/raw_ack
CTOF_DEL    ---     0.495      R4C11B.D1 to      R4C11B.F1 system/cpu/engine/SLICE_194
ROUTE         8     1.032      R4C11B.F1 to      R4C12C.B1 system/cpu/engine/bus_fault[1]
CTOF_DEL    ---     0.495      R4C12C.B1 to      R4C12C.F1 system/SLICE_243
ROUTE         1     0.626      R4C12C.F1 to      R4C12B.D0 system/cpu/engine/effective_ack
CTOF_DEL    ---     0.495      R4C12B.D0 to      R4C12B.F0 system/cpu/engine/SLICE_561
ROUTE         1     1.385      R4C12B.F0 to       R2C9C.D1 system/cpu/engine/ready
CTOF_DEL    ---     0.495       R2C9C.D1 to       R2C9C.F1 system/cpu/engine/SLICE_196
ROUTE         3     0.453       R2C9C.F1 to      R2C10A.C1 system/cpu/engine/step_1
CTOF_DEL    ---     0.495      R2C10A.C1 to      R2C10A.F1 system/cpu/engine/SLICE_486
ROUTE         7     1.335      R2C10A.F1 to      R8C12B.C0 system/cpu/engine/step
CTOF_DEL    ---     0.495      R8C12B.C0 to      R8C12B.F0 system/cpu/engine/SLICE_536
ROUTE        16     2.796      R8C12B.F0 to      R10C4D.CE system/cpu/engine/dp/un1_q20_i (to clk)
                  --------
                   31.683   (40.7% logic, 59.3% route), 17 logic levels.

 Clock Skew Details: 

      Source Clock Path oscillator to system/cpu/engine/rom/lane_2:

   Name    Fanout   Delay (ns)          Site               Resource
ROUTE       238     3.714        OSC.OSC to EBR_R6C10.CLKA clk
                  --------
                    3.714   (0.0% logic, 100.0% route), 0 logic levels.

      Destination Clock Path oscillator to system/cpu/engine/dp/SLICE_193:

   Name    Fanout   Delay (ns)          Site               Resource
ROUTE       238     3.541        OSC.OSC to     R10C4D.CLK clk
                  --------
                    3.541   (0.0% logic, 100.0% route), 0 logic levels.


Passed: The following path meets requirements by 1.691ns

 Logical Details:  Cell type  Pin type       Cell/ASIC name  (clock net +/-)

   Source:         DP8KC      Port           system/cpu/engine/rom/lane_2(ASIC)  (from clk +)
   Destination:    FF         Data in        system/cpu/engine/dp/q[4]  (to clk +)

   Delay:              31.683ns  (40.7% logic, 59.3% route), 17 logic levels.

 Constraint Details:

     31.683ns physical path delay system/cpu/engine/rom/lane_2 to system/cpu/engine/dp/SLICE_182 meets
     33.829ns delay constraint less
      0.173ns skew and
      0.282ns CE_SET requirement (totaling 33.374ns) by 1.691ns

 Physical Path Details:

      Data path system/cpu/engine/rom/lane_2 to system/cpu/engine/dp/SLICE_182:

   Name    Fanout   Delay (ns)          Site               Resource
C2Q_DEL     ---     4.979 EBR_R6C10.CLKA to EBR_R6C10.DOA8 system/cpu/engine/rom/lane_2 (from clk)
ROUTE         4     1.508 EBR_R6C10.DOA8 to       R7C9D.D1 system/cpu/engine/a_select_2[0]
CTOF_DEL    ---     0.495       R7C9D.D1 to       R7C9D.F1 system/cpu/engine/SLICE_565
ROUTE         1     0.436       R7C9D.F1 to       R7C9D.C0 system/cpu/engine/un6_select_register[2]
CTOF_DEL    ---     0.495       R7C9D.C0 to       R7C9D.F0 system/cpu/engine/SLICE_565
ROUTE        18     1.208       R7C9D.F0 to       R5C9A.C0 system/cpu/engine/un9_d_axb2
CTOF_DEL    ---     0.495       R5C9A.C0 to       R5C9A.F0 system/SLICE_39
ROUTE        48     0.793       R5C9A.F0 to      R5C10C.C1 system/address[0]
CTOF_DEL    ---     0.495      R5C10C.C1 to      R5C10C.F1 system/SLICE_373
ROUTE         9     1.181      R5C10C.F1 to      R5C14D.D1 system/odd_word
CTOF_DEL    ---     0.495      R5C14D.D1 to      R5C14D.F1 system/cpu/engine/SLICE_559
ROUTE         5     0.780      R5C14D.F1 to      R4C14D.C1 system/request
CTOF_DEL    ---     0.495      R4C14D.C1 to      R4C14D.F1 system/SLICE_378
ROUTE         7     0.648      R4C14D.F1 to      R3C14A.D1 system/writing_0
CTOF_DEL    ---     0.495      R3C14A.D1 to      R3C14A.F1 system/bus/SLICE_380
ROUTE         9     0.992      R3C14A.F1 to      R3C14A.A0 system/bus/service_dma_selected
CTOF_DEL    ---     0.495      R3C14A.A0 to      R3C14A.F0 system/bus/SLICE_380
ROUTE         4     1.206      R3C14A.F0 to      R5C16A.C1 system/bus/cpu_io_page
CTOF_DEL    ---     0.495      R5C16A.C1 to      R5C16A.F1 system/bus/SLICE_293
ROUTE         3     1.430      R5C16A.F1 to      R5C12D.A0 system/bus/rk_fixed_selected
CTOF_DEL    ---     0.495      R5C12D.A0 to      R5C12D.F0 SLICE_312
ROUTE         3     0.975      R5C12D.F0 to      R4C11B.D1 system/raw_ack
CTOF_DEL    ---     0.495      R4C11B.D1 to      R4C11B.F1 system/cpu/engine/SLICE_194
ROUTE         8     1.032      R4C11B.F1 to      R4C12C.B1 system/cpu/engine/bus_fault[1]
CTOF_DEL    ---     0.495      R4C12C.B1 to      R4C12C.F1 system/SLICE_243
ROUTE         1     0.626      R4C12C.F1 to      R4C12B.D0 system/cpu/engine/effective_ack
CTOF_DEL    ---     0.495      R4C12B.D0 to      R4C12B.F0 system/cpu/engine/SLICE_561
ROUTE         1     1.385      R4C12B.F0 to       R2C9C.D1 system/cpu/engine/ready
CTOF_DEL    ---     0.495       R2C9C.D1 to       R2C9C.F1 system/cpu/engine/SLICE_196
ROUTE         3     0.453       R2C9C.F1 to      R2C10A.C1 system/cpu/engine/step_1
CTOF_DEL    ---     0.495      R2C10A.C1 to      R2C10A.F1 system/cpu/engine/SLICE_486
ROUTE         7     1.335      R2C10A.F1 to      R8C12B.C0 system/cpu/engine/step
CTOF_DEL    ---     0.495      R8C12B.C0 to      R8C12B.F0 system/cpu/engine/SLICE_536
ROUTE        16     2.796      R8C12B.F0 to       R7C2A.CE system/cpu/engine/dp/un1_q20_i (to clk)
                  --------
                   31.683   (40.7% logic, 59.3% route), 17 logic levels.

 Clock Skew Details: 

      Source Clock Path oscillator to system/cpu/engine/rom/lane_2:

   Name    Fanout   Delay (ns)          Site               Resource
ROUTE       238     3.714        OSC.OSC to EBR_R6C10.CLKA clk
                  --------
                    3.714   (0.0% logic, 100.0% route), 0 logic levels.

      Destination Clock Path oscillator to system/cpu/engine/dp/SLICE_182:

   Name    Fanout   Delay (ns)          Site               Resource
ROUTE       238     3.541        OSC.OSC to      R7C2A.CLK clk
                  --------
                    3.541   (0.0% logic, 100.0% route), 0 logic levels.


Passed: The following path meets requirements by 1.691ns

 Logical Details:  Cell type  Pin type       Cell/ASIC name  (clock net +/-)

   Source:         DP8KC      Port           system/cpu/engine/rom/lane_2(ASIC)  (from clk +)
   Destination:    FF         Data in        system/cpu/engine/dp/q[2]  (to clk +)

   Delay:              31.683ns  (40.7% logic, 59.3% route), 17 logic levels.

 Constraint Details:

     31.683ns physical path delay system/cpu/engine/rom/lane_2 to system/cpu/engine/dp/SLICE_180 meets
     33.829ns delay constraint less
      0.173ns skew and
      0.282ns CE_SET requirement (totaling 33.374ns) by 1.691ns

 Physical Path Details:

      Data path system/cpu/engine/rom/lane_2 to system/cpu/engine/dp/SLICE_180:

   Name    Fanout   Delay (ns)          Site               Resource
C2Q_DEL     ---     4.979 EBR_R6C10.CLKA to EBR_R6C10.DOA8 system/cpu/engine/rom/lane_2 (from clk)
ROUTE         4     1.508 EBR_R6C10.DOA8 to       R7C9D.D1 system/cpu/engine/a_select_2[0]
CTOF_DEL    ---     0.495       R7C9D.D1 to       R7C9D.F1 system/cpu/engine/SLICE_565
ROUTE         1     0.436       R7C9D.F1 to       R7C9D.C0 system/cpu/engine/un6_select_register[2]
CTOF_DEL    ---     0.495       R7C9D.C0 to       R7C9D.F0 system/cpu/engine/SLICE_565
ROUTE        18     1.208       R7C9D.F0 to       R5C9A.C0 system/cpu/engine/un9_d_axb2
CTOF_DEL    ---     0.495       R5C9A.C0 to       R5C9A.F0 system/SLICE_39
ROUTE        48     0.793       R5C9A.F0 to      R5C10C.C1 system/address[0]
CTOF_DEL    ---     0.495      R5C10C.C1 to      R5C10C.F1 system/SLICE_373
ROUTE         9     1.181      R5C10C.F1 to      R5C14D.D1 system/odd_word
CTOF_DEL    ---     0.495      R5C14D.D1 to      R5C14D.F1 system/cpu/engine/SLICE_559
ROUTE         5     0.780      R5C14D.F1 to      R4C14D.C1 system/request
CTOF_DEL    ---     0.495      R4C14D.C1 to      R4C14D.F1 system/SLICE_378
ROUTE         7     0.648      R4C14D.F1 to      R3C14A.D1 system/writing_0
CTOF_DEL    ---     0.495      R3C14A.D1 to      R3C14A.F1 system/bus/SLICE_380
ROUTE         9     0.992      R3C14A.F1 to      R3C14A.A0 system/bus/service_dma_selected
CTOF_DEL    ---     0.495      R3C14A.A0 to      R3C14A.F0 system/bus/SLICE_380
ROUTE         4     1.206      R3C14A.F0 to      R5C16A.C1 system/bus/cpu_io_page
CTOF_DEL    ---     0.495      R5C16A.C1 to      R5C16A.F1 system/bus/SLICE_293
ROUTE         3     1.430      R5C16A.F1 to      R5C12D.A0 system/bus/rk_fixed_selected
CTOF_DEL    ---     0.495      R5C12D.A0 to      R5C12D.F0 SLICE_312
ROUTE         3     0.975      R5C12D.F0 to      R4C11B.D1 system/raw_ack
CTOF_DEL    ---     0.495      R4C11B.D1 to      R4C11B.F1 system/cpu/engine/SLICE_194
ROUTE         8     1.032      R4C11B.F1 to      R4C12C.B1 system/cpu/engine/bus_fault[1]
CTOF_DEL    ---     0.495      R4C12C.B1 to      R4C12C.F1 system/SLICE_243
ROUTE         1     0.626      R4C12C.F1 to      R4C12B.D0 system/cpu/engine/effective_ack
CTOF_DEL    ---     0.495      R4C12B.D0 to      R4C12B.F0 system/cpu/engine/SLICE_561
ROUTE         1     1.385      R4C12B.F0 to       R2C9C.D1 system/cpu/engine/ready
CTOF_DEL    ---     0.495       R2C9C.D1 to       R2C9C.F1 system/cpu/engine/SLICE_196
ROUTE         3     0.453       R2C9C.F1 to      R2C10A.C1 system/cpu/engine/step_1
CTOF_DEL    ---     0.495      R2C10A.C1 to      R2C10A.F1 system/cpu/engine/SLICE_486
ROUTE         7     1.335      R2C10A.F1 to      R8C12B.C0 system/cpu/engine/step
CTOF_DEL    ---     0.495      R8C12B.C0 to      R8C12B.F0 system/cpu/engine/SLICE_536
ROUTE        16     2.796      R8C12B.F0 to       R8C2D.CE system/cpu/engine/dp/un1_q20_i (to clk)
                  --------
                   31.683   (40.7% logic, 59.3% route), 17 logic levels.

 Clock Skew Details: 

      Source Clock Path oscillator to system/cpu/engine/rom/lane_2:

   Name    Fanout   Delay (ns)          Site               Resource
ROUTE       238     3.714        OSC.OSC to EBR_R6C10.CLKA clk
                  --------
                    3.714   (0.0% logic, 100.0% route), 0 logic levels.

      Destination Clock Path oscillator to system/cpu/engine/dp/SLICE_180:

   Name    Fanout   Delay (ns)          Site               Resource
ROUTE       238     3.541        OSC.OSC to      R8C2D.CLK clk
                  --------
                    3.541   (0.0% logic, 100.0% route), 0 logic levels.


Passed: The following path meets requirements by 1.691ns

 Logical Details:  Cell type  Pin type       Cell/ASIC name  (clock net +/-)

   Source:         DP8KC      Port           system/cpu/engine/rom/lane_2(ASIC)  (from clk +)
   Destination:    FF         Data in        system/cpu/engine/dp/q[10]  (to clk +)

   Delay:              31.683ns  (40.7% logic, 59.3% route), 17 logic levels.

 Constraint Details:

     31.683ns physical path delay system/cpu/engine/rom/lane_2 to system/cpu/engine/dp/SLICE_188 meets
     33.829ns delay constraint less
      0.173ns skew and
      0.282ns CE_SET requirement (totaling 33.374ns) by 1.691ns

 Physical Path Details:

      Data path system/cpu/engine/rom/lane_2 to system/cpu/engine/dp/SLICE_188:

   Name    Fanout   Delay (ns)          Site               Resource
C2Q_DEL     ---     4.979 EBR_R6C10.CLKA to EBR_R6C10.DOA8 system/cpu/engine/rom/lane_2 (from clk)
ROUTE         4     1.508 EBR_R6C10.DOA8 to       R7C9D.D1 system/cpu/engine/a_select_2[0]
CTOF_DEL    ---     0.495       R7C9D.D1 to       R7C9D.F1 system/cpu/engine/SLICE_565
ROUTE         1     0.436       R7C9D.F1 to       R7C9D.C0 system/cpu/engine/un6_select_register[2]
CTOF_DEL    ---     0.495       R7C9D.C0 to       R7C9D.F0 system/cpu/engine/SLICE_565
ROUTE        18     1.208       R7C9D.F0 to       R5C9A.C0 system/cpu/engine/un9_d_axb2
CTOF_DEL    ---     0.495       R5C9A.C0 to       R5C9A.F0 system/SLICE_39
ROUTE        48     0.793       R5C9A.F0 to      R5C10C.C1 system/address[0]
CTOF_DEL    ---     0.495      R5C10C.C1 to      R5C10C.F1 system/SLICE_373
ROUTE         9     1.181      R5C10C.F1 to      R5C14D.D1 system/odd_word
CTOF_DEL    ---     0.495      R5C14D.D1 to      R5C14D.F1 system/cpu/engine/SLICE_559
ROUTE         5     0.780      R5C14D.F1 to      R4C14D.C1 system/request
CTOF_DEL    ---     0.495      R4C14D.C1 to      R4C14D.F1 system/SLICE_378
ROUTE         7     0.648      R4C14D.F1 to      R3C14A.D1 system/writing_0
CTOF_DEL    ---     0.495      R3C14A.D1 to      R3C14A.F1 system/bus/SLICE_380
ROUTE         9     0.992      R3C14A.F1 to      R3C14A.A0 system/bus/service_dma_selected
CTOF_DEL    ---     0.495      R3C14A.A0 to      R3C14A.F0 system/bus/SLICE_380
ROUTE         4     1.206      R3C14A.F0 to      R5C16A.C1 system/bus/cpu_io_page
CTOF_DEL    ---     0.495      R5C16A.C1 to      R5C16A.F1 system/bus/SLICE_293
ROUTE         3     1.430      R5C16A.F1 to      R5C12D.A0 system/bus/rk_fixed_selected
CTOF_DEL    ---     0.495      R5C12D.A0 to      R5C12D.F0 SLICE_312
ROUTE         3     0.975      R5C12D.F0 to      R4C11B.D1 system/raw_ack
CTOF_DEL    ---     0.495      R4C11B.D1 to      R4C11B.F1 system/cpu/engine/SLICE_194
ROUTE         8     1.032      R4C11B.F1 to      R4C12C.B1 system/cpu/engine/bus_fault[1]
CTOF_DEL    ---     0.495      R4C12C.B1 to      R4C12C.F1 system/SLICE_243
ROUTE         1     0.626      R4C12C.F1 to      R4C12B.D0 system/cpu/engine/effective_ack
CTOF_DEL    ---     0.495      R4C12B.D0 to      R4C12B.F0 system/cpu/engine/SLICE_561
ROUTE         1     1.385      R4C12B.F0 to       R2C9C.D1 system/cpu/engine/ready
CTOF_DEL    ---     0.495       R2C9C.D1 to       R2C9C.F1 system/cpu/engine/SLICE_196
ROUTE         3     0.453       R2C9C.F1 to      R2C10A.C1 system/cpu/engine/step_1
CTOF_DEL    ---     0.495      R2C10A.C1 to      R2C10A.F1 system/cpu/engine/SLICE_486
ROUTE         7     1.335      R2C10A.F1 to      R8C12B.C0 system/cpu/engine/step
CTOF_DEL    ---     0.495      R8C12B.C0 to      R8C12B.F0 system/cpu/engine/SLICE_536
ROUTE        16     2.796      R8C12B.F0 to      R10C6D.CE system/cpu/engine/dp/un1_q20_i (to clk)
                  --------
                   31.683   (40.7% logic, 59.3% route), 17 logic levels.

 Clock Skew Details: 

      Source Clock Path oscillator to system/cpu/engine/rom/lane_2:

   Name    Fanout   Delay (ns)          Site               Resource
ROUTE       238     3.714        OSC.OSC to EBR_R6C10.CLKA clk
                  --------
                    3.714   (0.0% logic, 100.0% route), 0 logic levels.

      Destination Clock Path oscillator to system/cpu/engine/dp/SLICE_188:

   Name    Fanout   Delay (ns)          Site               Resource
ROUTE       238     3.541        OSC.OSC to     R10C6D.CLK clk
                  --------
                    3.541   (0.0% logic, 100.0% route), 0 logic levels.


Passed: The following path meets requirements by 1.691ns

 Logical Details:  Cell type  Pin type       Cell/ASIC name  (clock net +/-)

   Source:         DP8KC      Port           system/cpu/engine/rom/lane_2(ASIC)  (from clk +)
   Destination:    FF         Data in        system/cpu/engine/dp/q[6]  (to clk +)

   Delay:              31.683ns  (40.7% logic, 59.3% route), 17 logic levels.

 Constraint Details:

     31.683ns physical path delay system/cpu/engine/rom/lane_2 to system/cpu/engine/dp/SLICE_184 meets
     33.829ns delay constraint less
      0.173ns skew and
      0.282ns CE_SET requirement (totaling 33.374ns) by 1.691ns

 Physical Path Details:

      Data path system/cpu/engine/rom/lane_2 to system/cpu/engine/dp/SLICE_184:

   Name    Fanout   Delay (ns)          Site               Resource
C2Q_DEL     ---     4.979 EBR_R6C10.CLKA to EBR_R6C10.DOA8 system/cpu/engine/rom/lane_2 (from clk)
ROUTE         4     1.508 EBR_R6C10.DOA8 to       R7C9D.D1 system/cpu/engine/a_select_2[0]
CTOF_DEL    ---     0.495       R7C9D.D1 to       R7C9D.F1 system/cpu/engine/SLICE_565
ROUTE         1     0.436       R7C9D.F1 to       R7C9D.C0 system/cpu/engine/un6_select_register[2]
CTOF_DEL    ---     0.495       R7C9D.C0 to       R7C9D.F0 system/cpu/engine/SLICE_565
ROUTE        18     1.208       R7C9D.F0 to       R5C9A.C0 system/cpu/engine/un9_d_axb2
CTOF_DEL    ---     0.495       R5C9A.C0 to       R5C9A.F0 system/SLICE_39
ROUTE        48     0.793       R5C9A.F0 to      R5C10C.C1 system/address[0]
CTOF_DEL    ---     0.495      R5C10C.C1 to      R5C10C.F1 system/SLICE_373
ROUTE         9     1.181      R5C10C.F1 to      R5C14D.D1 system/odd_word
CTOF_DEL    ---     0.495      R5C14D.D1 to      R5C14D.F1 system/cpu/engine/SLICE_559
ROUTE         5     0.780      R5C14D.F1 to      R4C14D.C1 system/request
CTOF_DEL    ---     0.495      R4C14D.C1 to      R4C14D.F1 system/SLICE_378
ROUTE         7     0.648      R4C14D.F1 to      R3C14A.D1 system/writing_0
CTOF_DEL    ---     0.495      R3C14A.D1 to      R3C14A.F1 system/bus/SLICE_380
ROUTE         9     0.992      R3C14A.F1 to      R3C14A.A0 system/bus/service_dma_selected
CTOF_DEL    ---     0.495      R3C14A.A0 to      R3C14A.F0 system/bus/SLICE_380
ROUTE         4     1.206      R3C14A.F0 to      R5C16A.C1 system/bus/cpu_io_page
CTOF_DEL    ---     0.495      R5C16A.C1 to      R5C16A.F1 system/bus/SLICE_293
ROUTE         3     1.430      R5C16A.F1 to      R5C12D.A0 system/bus/rk_fixed_selected
CTOF_DEL    ---     0.495      R5C12D.A0 to      R5C12D.F0 SLICE_312
ROUTE         3     0.975      R5C12D.F0 to      R4C11B.D1 system/raw_ack
CTOF_DEL    ---     0.495      R4C11B.D1 to      R4C11B.F1 system/cpu/engine/SLICE_194
ROUTE         8     1.032      R4C11B.F1 to      R4C12C.B1 system/cpu/engine/bus_fault[1]
CTOF_DEL    ---     0.495      R4C12C.B1 to      R4C12C.F1 system/SLICE_243
ROUTE         1     0.626      R4C12C.F1 to      R4C12B.D0 system/cpu/engine/effective_ack
CTOF_DEL    ---     0.495      R4C12B.D0 to      R4C12B.F0 system/cpu/engine/SLICE_561
ROUTE         1     1.385      R4C12B.F0 to       R2C9C.D1 system/cpu/engine/ready
CTOF_DEL    ---     0.495       R2C9C.D1 to       R2C9C.F1 system/cpu/engine/SLICE_196
ROUTE         3     0.453       R2C9C.F1 to      R2C10A.C1 system/cpu/engine/step_1
CTOF_DEL    ---     0.495      R2C10A.C1 to      R2C10A.F1 system/cpu/engine/SLICE_486
ROUTE         7     1.335      R2C10A.F1 to      R8C12B.C0 system/cpu/engine/step
CTOF_DEL    ---     0.495      R8C12B.C0 to      R8C12B.F0 system/cpu/engine/SLICE_536
ROUTE        16     2.796      R8C12B.F0 to       R7C3A.CE system/cpu/engine/dp/un1_q20_i (to clk)
                  --------
                   31.683   (40.7% logic, 59.3% route), 17 logic levels.

 Clock Skew Details: 

      Source Clock Path oscillator to system/cpu/engine/rom/lane_2:

   Name    Fanout   Delay (ns)          Site               Resource
ROUTE       238     3.714        OSC.OSC to EBR_R6C10.CLKA clk
                  --------
                    3.714   (0.0% logic, 100.0% route), 0 logic levels.

      Destination Clock Path oscillator to system/cpu/engine/dp/SLICE_184:

   Name    Fanout   Delay (ns)          Site               Resource
ROUTE       238     3.541        OSC.OSC to      R7C3A.CLK clk
                  --------
                    3.541   (0.0% logic, 100.0% route), 0 logic levels.


Passed: The following path meets requirements by 1.691ns

 Logical Details:  Cell type  Pin type       Cell/ASIC name  (clock net +/-)

   Source:         DP8KC      Port           system/cpu/engine/rom/lane_2(ASIC)  (from clk +)
   Destination:    FF         Data in        system/cpu/engine/dp/q[12]  (to clk +)

   Delay:              31.683ns  (40.7% logic, 59.3% route), 17 logic levels.

 Constraint Details:

     31.683ns physical path delay system/cpu/engine/rom/lane_2 to system/cpu/engine/dp/SLICE_190 meets
     33.829ns delay constraint less
      0.173ns skew and
      0.282ns CE_SET requirement (totaling 33.374ns) by 1.691ns

 Physical Path Details:

      Data path system/cpu/engine/rom/lane_2 to system/cpu/engine/dp/SLICE_190:

   Name    Fanout   Delay (ns)          Site               Resource
C2Q_DEL     ---     4.979 EBR_R6C10.CLKA to EBR_R6C10.DOA8 system/cpu/engine/rom/lane_2 (from clk)
ROUTE         4     1.508 EBR_R6C10.DOA8 to       R7C9D.D1 system/cpu/engine/a_select_2[0]
CTOF_DEL    ---     0.495       R7C9D.D1 to       R7C9D.F1 system/cpu/engine/SLICE_565
ROUTE         1     0.436       R7C9D.F1 to       R7C9D.C0 system/cpu/engine/un6_select_register[2]
CTOF_DEL    ---     0.495       R7C9D.C0 to       R7C9D.F0 system/cpu/engine/SLICE_565
ROUTE        18     1.208       R7C9D.F0 to       R5C9A.C0 system/cpu/engine/un9_d_axb2
CTOF_DEL    ---     0.495       R5C9A.C0 to       R5C9A.F0 system/SLICE_39
ROUTE        48     0.793       R5C9A.F0 to      R5C10C.C1 system/address[0]
CTOF_DEL    ---     0.495      R5C10C.C1 to      R5C10C.F1 system/SLICE_373
ROUTE         9     1.181      R5C10C.F1 to      R5C14D.D1 system/odd_word
CTOF_DEL    ---     0.495      R5C14D.D1 to      R5C14D.F1 system/cpu/engine/SLICE_559
ROUTE         5     0.780      R5C14D.F1 to      R4C14D.C1 system/request
CTOF_DEL    ---     0.495      R4C14D.C1 to      R4C14D.F1 system/SLICE_378
ROUTE         7     0.648      R4C14D.F1 to      R3C14A.D1 system/writing_0
CTOF_DEL    ---     0.495      R3C14A.D1 to      R3C14A.F1 system/bus/SLICE_380
ROUTE         9     0.992      R3C14A.F1 to      R3C14A.A0 system/bus/service_dma_selected
CTOF_DEL    ---     0.495      R3C14A.A0 to      R3C14A.F0 system/bus/SLICE_380
ROUTE         4     1.206      R3C14A.F0 to      R5C16A.C1 system/bus/cpu_io_page
CTOF_DEL    ---     0.495      R5C16A.C1 to      R5C16A.F1 system/bus/SLICE_293
ROUTE         3     1.430      R5C16A.F1 to      R5C12D.A0 system/bus/rk_fixed_selected
CTOF_DEL    ---     0.495      R5C12D.A0 to      R5C12D.F0 SLICE_312
ROUTE         3     0.975      R5C12D.F0 to      R4C11B.D1 system/raw_ack
CTOF_DEL    ---     0.495      R4C11B.D1 to      R4C11B.F1 system/cpu/engine/SLICE_194
ROUTE         8     1.032      R4C11B.F1 to      R4C12C.B1 system/cpu/engine/bus_fault[1]
CTOF_DEL    ---     0.495      R4C12C.B1 to      R4C12C.F1 system/SLICE_243
ROUTE         1     0.626      R4C12C.F1 to      R4C12B.D0 system/cpu/engine/effective_ack
CTOF_DEL    ---     0.495      R4C12B.D0 to      R4C12B.F0 system/cpu/engine/SLICE_561
ROUTE         1     1.385      R4C12B.F0 to       R2C9C.D1 system/cpu/engine/ready
CTOF_DEL    ---     0.495       R2C9C.D1 to       R2C9C.F1 system/cpu/engine/SLICE_196
ROUTE         3     0.453       R2C9C.F1 to      R2C10A.C1 system/cpu/engine/step_1
CTOF_DEL    ---     0.495      R2C10A.C1 to      R2C10A.F1 system/cpu/engine/SLICE_486
ROUTE         7     1.335      R2C10A.F1 to      R8C12B.C0 system/cpu/engine/step
CTOF_DEL    ---     0.495      R8C12B.C0 to      R8C12B.F0 system/cpu/engine/SLICE_536
ROUTE        16     2.796      R8C12B.F0 to      R10C5B.CE system/cpu/engine/dp/un1_q20_i (to clk)
                  --------
                   31.683   (40.7% logic, 59.3% route), 17 logic levels.

 Clock Skew Details: 

      Source Clock Path oscillator to system/cpu/engine/rom/lane_2:

   Name    Fanout   Delay (ns)          Site               Resource
ROUTE       238     3.714        OSC.OSC to EBR_R6C10.CLKA clk
                  --------
                    3.714   (0.0% logic, 100.0% route), 0 logic levels.

      Destination Clock Path oscillator to system/cpu/engine/dp/SLICE_190:

   Name    Fanout   Delay (ns)          Site               Resource
ROUTE       238     3.541        OSC.OSC to     R10C5B.CLK clk
                  --------
                    3.541   (0.0% logic, 100.0% route), 0 logic levels.


Passed: The following path meets requirements by 1.691ns

 Logical Details:  Cell type  Pin type       Cell/ASIC name  (clock net +/-)

   Source:         DP8KC      Port           system/cpu/engine/rom/lane_2(ASIC)  (from clk +)
   Destination:    FF         Data in        system/cpu/engine/dp/q[0]  (to clk +)

   Delay:              31.683ns  (40.7% logic, 59.3% route), 17 logic levels.

 Constraint Details:

     31.683ns physical path delay system/cpu/engine/rom/lane_2 to system/cpu/engine/dp/SLICE_226 meets
     33.829ns delay constraint less
      0.173ns skew and
      0.282ns CE_SET requirement (totaling 33.374ns) by 1.691ns

 Physical Path Details:

      Data path system/cpu/engine/rom/lane_2 to system/cpu/engine/dp/SLICE_226:

   Name    Fanout   Delay (ns)          Site               Resource
C2Q_DEL     ---     4.979 EBR_R6C10.CLKA to EBR_R6C10.DOA8 system/cpu/engine/rom/lane_2 (from clk)
ROUTE         4     1.508 EBR_R6C10.DOA8 to       R7C9D.D1 system/cpu/engine/a_select_2[0]
CTOF_DEL    ---     0.495       R7C9D.D1 to       R7C9D.F1 system/cpu/engine/SLICE_565
ROUTE         1     0.436       R7C9D.F1 to       R7C9D.C0 system/cpu/engine/un6_select_register[2]
CTOF_DEL    ---     0.495       R7C9D.C0 to       R7C9D.F0 system/cpu/engine/SLICE_565
ROUTE        18     1.208       R7C9D.F0 to       R5C9A.C0 system/cpu/engine/un9_d_axb2
CTOF_DEL    ---     0.495       R5C9A.C0 to       R5C9A.F0 system/SLICE_39
ROUTE        48     0.793       R5C9A.F0 to      R5C10C.C1 system/address[0]
CTOF_DEL    ---     0.495      R5C10C.C1 to      R5C10C.F1 system/SLICE_373
ROUTE         9     1.181      R5C10C.F1 to      R5C14D.D1 system/odd_word
CTOF_DEL    ---     0.495      R5C14D.D1 to      R5C14D.F1 system/cpu/engine/SLICE_559
ROUTE         5     0.780      R5C14D.F1 to      R4C14D.C1 system/request
CTOF_DEL    ---     0.495      R4C14D.C1 to      R4C14D.F1 system/SLICE_378
ROUTE         7     0.648      R4C14D.F1 to      R3C14A.D1 system/writing_0
CTOF_DEL    ---     0.495      R3C14A.D1 to      R3C14A.F1 system/bus/SLICE_380
ROUTE         9     0.992      R3C14A.F1 to      R3C14A.A0 system/bus/service_dma_selected
CTOF_DEL    ---     0.495      R3C14A.A0 to      R3C14A.F0 system/bus/SLICE_380
ROUTE         4     1.206      R3C14A.F0 to      R5C16A.C1 system/bus/cpu_io_page
CTOF_DEL    ---     0.495      R5C16A.C1 to      R5C16A.F1 system/bus/SLICE_293
ROUTE         3     1.430      R5C16A.F1 to      R5C12D.A0 system/bus/rk_fixed_selected
CTOF_DEL    ---     0.495      R5C12D.A0 to      R5C12D.F0 SLICE_312
ROUTE         3     0.975      R5C12D.F0 to      R4C11B.D1 system/raw_ack
CTOF_DEL    ---     0.495      R4C11B.D1 to      R4C11B.F1 system/cpu/engine/SLICE_194
ROUTE         8     1.032      R4C11B.F1 to      R4C12C.B1 system/cpu/engine/bus_fault[1]
CTOF_DEL    ---     0.495      R4C12C.B1 to      R4C12C.F1 system/SLICE_243
ROUTE         1     0.626      R4C12C.F1 to      R4C12B.D0 system/cpu/engine/effective_ack
CTOF_DEL    ---     0.495      R4C12B.D0 to      R4C12B.F0 system/cpu/engine/SLICE_561
ROUTE         1     1.385      R4C12B.F0 to       R2C9C.D1 system/cpu/engine/ready
CTOF_DEL    ---     0.495       R2C9C.D1 to       R2C9C.F1 system/cpu/engine/SLICE_196
ROUTE         3     0.453       R2C9C.F1 to      R2C10A.C1 system/cpu/engine/step_1
CTOF_DEL    ---     0.495      R2C10A.C1 to      R2C10A.F1 system/cpu/engine/SLICE_486
ROUTE         7     1.335      R2C10A.F1 to      R8C12B.C0 system/cpu/engine/step
CTOF_DEL    ---     0.495      R8C12B.C0 to      R8C12B.F0 system/cpu/engine/SLICE_536
ROUTE        16     2.796      R8C12B.F0 to       R9C3C.CE system/cpu/engine/dp/un1_q20_i (to clk)
                  --------
                   31.683   (40.7% logic, 59.3% route), 17 logic levels.

 Clock Skew Details: 

      Source Clock Path oscillator to system/cpu/engine/rom/lane_2:

   Name    Fanout   Delay (ns)          Site               Resource
ROUTE       238     3.714        OSC.OSC to EBR_R6C10.CLKA clk
                  --------
                    3.714   (0.0% logic, 100.0% route), 0 logic levels.

      Destination Clock Path oscillator to system/cpu/engine/dp/SLICE_226:

   Name    Fanout   Delay (ns)          Site               Resource
ROUTE       238     3.541        OSC.OSC to      R9C3C.CLK clk
                  --------
                    3.541   (0.0% logic, 100.0% route), 0 logic levels.


Passed: The following path meets requirements by 1.691ns

 Logical Details:  Cell type  Pin type       Cell/ASIC name  (clock net +/-)

   Source:         DP8KC      Port           system/cpu/engine/rom/lane_2(ASIC)  (from clk +)
   Destination:    FF         Data in        system/cpu/engine/dp/q[14]  (to clk +)

   Delay:              31.683ns  (40.7% logic, 59.3% route), 17 logic levels.

 Constraint Details:

     31.683ns physical path delay system/cpu/engine/rom/lane_2 to system/cpu/engine/dp/SLICE_192 meets
     33.829ns delay constraint less
      0.173ns skew and
      0.282ns CE_SET requirement (totaling 33.374ns) by 1.691ns

 Physical Path Details:

      Data path system/cpu/engine/rom/lane_2 to system/cpu/engine/dp/SLICE_192:

   Name    Fanout   Delay (ns)          Site               Resource
C2Q_DEL     ---     4.979 EBR_R6C10.CLKA to EBR_R6C10.DOA8 system/cpu/engine/rom/lane_2 (from clk)
ROUTE         4     1.508 EBR_R6C10.DOA8 to       R7C9D.D1 system/cpu/engine/a_select_2[0]
CTOF_DEL    ---     0.495       R7C9D.D1 to       R7C9D.F1 system/cpu/engine/SLICE_565
ROUTE         1     0.436       R7C9D.F1 to       R7C9D.C0 system/cpu/engine/un6_select_register[2]
CTOF_DEL    ---     0.495       R7C9D.C0 to       R7C9D.F0 system/cpu/engine/SLICE_565
ROUTE        18     1.208       R7C9D.F0 to       R5C9A.C0 system/cpu/engine/un9_d_axb2
CTOF_DEL    ---     0.495       R5C9A.C0 to       R5C9A.F0 system/SLICE_39
ROUTE        48     0.793       R5C9A.F0 to      R5C10C.C1 system/address[0]
CTOF_DEL    ---     0.495      R5C10C.C1 to      R5C10C.F1 system/SLICE_373
ROUTE         9     1.181      R5C10C.F1 to      R5C14D.D1 system/odd_word
CTOF_DEL    ---     0.495      R5C14D.D1 to      R5C14D.F1 system/cpu/engine/SLICE_559
ROUTE         5     0.780      R5C14D.F1 to      R4C14D.C1 system/request
CTOF_DEL    ---     0.495      R4C14D.C1 to      R4C14D.F1 system/SLICE_378
ROUTE         7     0.648      R4C14D.F1 to      R3C14A.D1 system/writing_0
CTOF_DEL    ---     0.495      R3C14A.D1 to      R3C14A.F1 system/bus/SLICE_380
ROUTE         9     0.992      R3C14A.F1 to      R3C14A.A0 system/bus/service_dma_selected
CTOF_DEL    ---     0.495      R3C14A.A0 to      R3C14A.F0 system/bus/SLICE_380
ROUTE         4     1.206      R3C14A.F0 to      R5C16A.C1 system/bus/cpu_io_page
CTOF_DEL    ---     0.495      R5C16A.C1 to      R5C16A.F1 system/bus/SLICE_293
ROUTE         3     1.430      R5C16A.F1 to      R5C12D.A0 system/bus/rk_fixed_selected
CTOF_DEL    ---     0.495      R5C12D.A0 to      R5C12D.F0 SLICE_312
ROUTE         3     0.975      R5C12D.F0 to      R4C11B.D1 system/raw_ack
CTOF_DEL    ---     0.495      R4C11B.D1 to      R4C11B.F1 system/cpu/engine/SLICE_194
ROUTE         8     1.032      R4C11B.F1 to      R4C12C.B1 system/cpu/engine/bus_fault[1]
CTOF_DEL    ---     0.495      R4C12C.B1 to      R4C12C.F1 system/SLICE_243
ROUTE         1     0.626      R4C12C.F1 to      R4C12B.D0 system/cpu/engine/effective_ack
CTOF_DEL    ---     0.495      R4C12B.D0 to      R4C12B.F0 system/cpu/engine/SLICE_561
ROUTE         1     1.385      R4C12B.F0 to       R2C9C.D1 system/cpu/engine/ready
CTOF_DEL    ---     0.495       R2C9C.D1 to       R2C9C.F1 system/cpu/engine/SLICE_196
ROUTE         3     0.453       R2C9C.F1 to      R2C10A.C1 system/cpu/engine/step_1
CTOF_DEL    ---     0.495      R2C10A.C1 to      R2C10A.F1 system/cpu/engine/SLICE_486
ROUTE         7     1.335      R2C10A.F1 to      R8C12B.C0 system/cpu/engine/step
CTOF_DEL    ---     0.495      R8C12B.C0 to      R8C12B.F0 system/cpu/engine/SLICE_536
ROUTE        16     2.796      R8C12B.F0 to      R10C4A.CE system/cpu/engine/dp/un1_q20_i (to clk)
                  --------
                   31.683   (40.7% logic, 59.3% route), 17 logic levels.

 Clock Skew Details: 

      Source Clock Path oscillator to system/cpu/engine/rom/lane_2:

   Name    Fanout   Delay (ns)          Site               Resource
ROUTE       238     3.714        OSC.OSC to EBR_R6C10.CLKA clk
                  --------
                    3.714   (0.0% logic, 100.0% route), 0 logic levels.

      Destination Clock Path oscillator to system/cpu/engine/dp/SLICE_192:

   Name    Fanout   Delay (ns)          Site               Resource
ROUTE       238     3.541        OSC.OSC to     R10C4A.CLK clk
                  --------
                    3.541   (0.0% logic, 100.0% route), 0 logic levels.


Passed: The following path meets requirements by 1.691ns

 Logical Details:  Cell type  Pin type       Cell/ASIC name  (clock net +/-)

   Source:         DP8KC      Port           system/cpu/engine/rom/lane_2(ASIC)  (from clk +)
   Destination:    FF         Data in        system/cpu/engine/dp/q[8]  (to clk +)

   Delay:              31.683ns  (40.7% logic, 59.3% route), 17 logic levels.

 Constraint Details:

     31.683ns physical path delay system/cpu/engine/rom/lane_2 to system/cpu/engine/dp/SLICE_186 meets
     33.829ns delay constraint less
      0.173ns skew and
      0.282ns CE_SET requirement (totaling 33.374ns) by 1.691ns

 Physical Path Details:

      Data path system/cpu/engine/rom/lane_2 to system/cpu/engine/dp/SLICE_186:

   Name    Fanout   Delay (ns)          Site               Resource
C2Q_DEL     ---     4.979 EBR_R6C10.CLKA to EBR_R6C10.DOA8 system/cpu/engine/rom/lane_2 (from clk)
ROUTE         4     1.508 EBR_R6C10.DOA8 to       R7C9D.D1 system/cpu/engine/a_select_2[0]
CTOF_DEL    ---     0.495       R7C9D.D1 to       R7C9D.F1 system/cpu/engine/SLICE_565
ROUTE         1     0.436       R7C9D.F1 to       R7C9D.C0 system/cpu/engine/un6_select_register[2]
CTOF_DEL    ---     0.495       R7C9D.C0 to       R7C9D.F0 system/cpu/engine/SLICE_565
ROUTE        18     1.208       R7C9D.F0 to       R5C9A.C0 system/cpu/engine/un9_d_axb2
CTOF_DEL    ---     0.495       R5C9A.C0 to       R5C9A.F0 system/SLICE_39
ROUTE        48     0.793       R5C9A.F0 to      R5C10C.C1 system/address[0]
CTOF_DEL    ---     0.495      R5C10C.C1 to      R5C10C.F1 system/SLICE_373
ROUTE         9     1.181      R5C10C.F1 to      R5C14D.D1 system/odd_word
CTOF_DEL    ---     0.495      R5C14D.D1 to      R5C14D.F1 system/cpu/engine/SLICE_559
ROUTE         5     0.780      R5C14D.F1 to      R4C14D.C1 system/request
CTOF_DEL    ---     0.495      R4C14D.C1 to      R4C14D.F1 system/SLICE_378
ROUTE         7     0.648      R4C14D.F1 to      R3C14A.D1 system/writing_0
CTOF_DEL    ---     0.495      R3C14A.D1 to      R3C14A.F1 system/bus/SLICE_380
ROUTE         9     0.992      R3C14A.F1 to      R3C14A.A0 system/bus/service_dma_selected
CTOF_DEL    ---     0.495      R3C14A.A0 to      R3C14A.F0 system/bus/SLICE_380
ROUTE         4     1.206      R3C14A.F0 to      R5C16A.C1 system/bus/cpu_io_page
CTOF_DEL    ---     0.495      R5C16A.C1 to      R5C16A.F1 system/bus/SLICE_293
ROUTE         3     1.430      R5C16A.F1 to      R5C12D.A0 system/bus/rk_fixed_selected
CTOF_DEL    ---     0.495      R5C12D.A0 to      R5C12D.F0 SLICE_312
ROUTE         3     0.975      R5C12D.F0 to      R4C11B.D1 system/raw_ack
CTOF_DEL    ---     0.495      R4C11B.D1 to      R4C11B.F1 system/cpu/engine/SLICE_194
ROUTE         8     1.032      R4C11B.F1 to      R4C12C.B1 system/cpu/engine/bus_fault[1]
CTOF_DEL    ---     0.495      R4C12C.B1 to      R4C12C.F1 system/SLICE_243
ROUTE         1     0.626      R4C12C.F1 to      R4C12B.D0 system/cpu/engine/effective_ack
CTOF_DEL    ---     0.495      R4C12B.D0 to      R4C12B.F0 system/cpu/engine/SLICE_561
ROUTE         1     1.385      R4C12B.F0 to       R2C9C.D1 system/cpu/engine/ready
CTOF_DEL    ---     0.495       R2C9C.D1 to       R2C9C.F1 system/cpu/engine/SLICE_196
ROUTE         3     0.453       R2C9C.F1 to      R2C10A.C1 system/cpu/engine/step_1
CTOF_DEL    ---     0.495      R2C10A.C1 to      R2C10A.F1 system/cpu/engine/SLICE_486
ROUTE         7     1.335      R2C10A.F1 to      R8C12B.C0 system/cpu/engine/step
CTOF_DEL    ---     0.495      R8C12B.C0 to      R8C12B.F0 system/cpu/engine/SLICE_536
ROUTE        16     2.796      R8C12B.F0 to       R9C6A.CE system/cpu/engine/dp/un1_q20_i (to clk)
                  --------
                   31.683   (40.7% logic, 59.3% route), 17 logic levels.

 Clock Skew Details: 

      Source Clock Path oscillator to system/cpu/engine/rom/lane_2:

   Name    Fanout   Delay (ns)          Site               Resource
ROUTE       238     3.714        OSC.OSC to EBR_R6C10.CLKA clk
                  --------
                    3.714   (0.0% logic, 100.0% route), 0 logic levels.

      Destination Clock Path oscillator to system/cpu/engine/dp/SLICE_186:

   Name    Fanout   Delay (ns)          Site               Resource
ROUTE       238     3.541        OSC.OSC to      R9C6A.CLK clk
                  --------
                    3.541   (0.0% logic, 100.0% route), 0 logic levels.

Report:   31.116MHz is the maximum frequency for this preference.


================================================================================
Preference: Unconstrained: CLOCK_DOMAIN
            0 unconstrained paths found
--------------------------------------------------------------------------------


================================================================================
Preference: Unconstrained: INPUT_SETUP
            8 unconstrained paths found
--------------------------------------------------------------------------------

Unconstrained Preference:
   INPUT_SETUP PORT "res" CLKNET "clk" 

Report:    5.060ns delay res to SLICE_312 (4.327ns delay and 0.733ns setup)

   Name    Fanout   Delay (ns)          Site               Resource
PADI_DEL    ---     1.132          4.PAD to        4.PADDI res
ROUTE         1     3.195        4.PADDI to     R5C12D.LSR res_c (to clk)
                  --------
                    4.327   (26.2% logic, 73.8% route), 1 logic levels.

Unconstrained Preference:
   INPUT_SETUP PORT "gpio_key_row[0]" CLKNET "clk" 

Report:    2.292ns delay gpio_key_row[0] to gpio_key_row[0]_MGIOL (1.697ns delay and 0.595ns setup)

   Name    Fanout   Delay (ns)          Site               Resource
PADI_DEL    ---     1.132         29.PAD to       29.PADDI gpio_key_row[0]
ROUTE         1     0.565       29.PADDI to    IOL_T11D.DI gpio_key_row_in[0] (to clk)
                  --------
                    1.697   (66.7% logic, 33.3% route), 1 logic levels.

Unconstrained Preference:
   INPUT_SETUP PORT "gpio_key_row[1]" CLKNET "clk" 

Report:    2.292ns delay gpio_key_row[1] to gpio_key_row[1]_MGIOL (1.697ns delay and 0.595ns setup)

   Name    Fanout   Delay (ns)          Site               Resource
PADI_DEL    ---     1.132         30.PAD to       30.PADDI gpio_key_row[1]
ROUTE         1     0.565       30.PADDI to    IOL_T11C.DI gpio_key_row_in[1] (to clk)
                  --------
                    1.697   (66.7% logic, 33.3% route), 1 logic levels.

Unconstrained Preference:
   INPUT_SETUP PORT "gpio_key_row[2]" CLKNET "clk" 

Report:    2.292ns delay gpio_key_row[2] to gpio_key_row[2]_MGIOL (1.697ns delay and 0.595ns setup)

   Name    Fanout   Delay (ns)          Site               Resource
PADI_DEL    ---     1.132         32.PAD to       32.PADDI gpio_key_row[2]
ROUTE         1     0.565       32.PADDI to    IOL_T10D.DI gpio_key_row_in[2] (to clk)
                  --------
                    1.697   (66.7% logic, 33.3% route), 1 logic levels.

Unconstrained Preference:
   INPUT_SETUP PORT "gpio_key_row[3]" CLKNET "clk" 

Report:    2.292ns delay gpio_key_row[3] to gpio_key_row[3]_MGIOL (1.697ns delay and 0.595ns setup)

   Name    Fanout   Delay (ns)          Site               Resource
PADI_DEL    ---     1.132          1.PAD to        1.PADDI gpio_key_row[3]
ROUTE         1     0.565        1.PADDI to    IOL_T10C.DI gpio_key_row_in[3] (to clk)
                  --------
                    1.697   (66.7% logic, 33.3% route), 1 logic levels.

Unconstrained Preference:
   INPUT_SETUP PORT "rx" CLKNET "clk" 

Report:    2.292ns delay rx to rx_MGIOL (1.697ns delay and 0.595ns setup)

   Name    Fanout   Delay (ns)          Site               Resource
PADI_DEL    ---     1.132         25.PAD to       25.PADDI rx
ROUTE         1     0.565       25.PADDI to    IOL_T15D.DI rx_c (to clk)
                  --------
                    1.697   (66.7% logic, 33.3% route), 1 logic levels.

Unconstrained Preference:
   INPUT_SETUP PORT "sd_miso" CLKNET "clk" 

Report:    2.292ns delay sd_miso to sd_miso_MGIOL (1.697ns delay and 0.595ns setup)

   Name    Fanout   Delay (ns)          Site               Resource
PADI_DEL    ---     1.132         28.PAD to       28.PADDI sd_miso
ROUTE         1     0.565       28.PADDI to    IOL_T12C.DI sd_miso_c (to clk)
                  --------
                    1.697   (66.7% logic, 33.3% route), 1 logic levels.

Unconstrained Preference:
   INPUT_SETUP PORT "gpio_miso" CLKNET "clk" 

Report:    2.111ns delay gpio_miso to gpio_miso_MGIOL (1.516ns delay and 0.595ns setup)

   Name    Fanout   Delay (ns)          Site               Resource
PADI_DEL    ---     1.132         10.PAD to       10.PADDI gpio_miso
ROUTE         1     0.384       10.PADDI to     IOL_B6D.DI gpio_miso_c (to clk)
                  --------
                    1.516   (74.7% logic, 25.3% route), 1 logic levels.


================================================================================
Preference: Unconstrained: CLOCK_TO_OUT
            18 unconstrained paths found
--------------------------------------------------------------------------------

Unconstrained Preference:
   CLOCK_TO_OUT PORT "tx" CLKNET "clk" 

Report:    8.061ns delay system/bus/fixed_uart.console/SLICE_103 to tx

   Name    Fanout   Delay (ns)          Site               Resource
REG_DEL     ---     0.452     R4C20A.CLK to      R4C20A.Q0 system/bus/fixed_uart.console/SLICE_103 (from clk)
ROUTE        20     2.494      R4C20A.Q0 to      R3C20B.B1 system/bus/fixed_uart.console/tx_busy
CTOF_DEL    ---     0.495      R3C20B.B1 to      R3C20B.F1 system/bus/fixed_uart.console/SLICE_116
ROUTE         1     1.823      R3C20B.F1 to       23.PADDO tx_c
DOPAD_DEL   ---     2.797       23.PADDO to         23.PAD tx
                  --------
                    8.061   (46.4% logic, 53.6% route), 3 logic levels.

Unconstrained Preference:
   CLOCK_TO_OUT PORT "gpio_key_row[3]" CLKNET "clk" 

Report:    7.411ns delay system/SLICE_143 to gpio_key_row[3]

   Name    Fanout   Delay (ns)          Site               Resource
REG_DEL     ---     0.452     R8C13D.CLK to      R8C13D.Q0 system/SLICE_143 (from clk)
ROUTE         3     2.779      R8C13D.Q0 to        1.PADDT system/bus/host_miso_oe
TDTS_DEL    ---     4.180        1.PADDT to          1.PAD gpio_key_row[3]
                  --------
                    7.411   (62.5% logic, 37.5% route), 2 logic levels.

Unconstrained Preference:
   CLOCK_TO_OUT PORT "sd_cs_n" CLKNET "clk" 

Report:    7.033ns delay system/SLICE_68 to sd_cs_n

   Name    Fanout   Delay (ns)          Site               Resource
REG_DEL     ---     0.452     R2C15B.CLK to      R2C15B.Q0 system/SLICE_68 (from clk)
ROUTE         2     3.784      R2C15B.Q0 to        5.PADDO sd_cs_n_c
DOPAD_DEL   ---     2.797        5.PADDO to          5.PAD sd_cs_n
                  --------
                    7.033   (46.2% logic, 53.8% route), 2 logic levels.

Unconstrained Preference:
   CLOCK_TO_OUT PORT "sd_mosi" CLKNET "clk" 

Report:    6.985ns delay system/bus/byte_sd/SLICE_76 to sd_mosi

   Name    Fanout   Delay (ns)          Site               Resource
REG_DEL     ---     0.452     R2C20D.CLK to      R2C20D.Q0 system/bus/byte_sd/SLICE_76 (from clk)
ROUTE        23     1.816      R2C20D.Q0 to      R3C19D.A0 system/bus/byte_sd/busy
CTOF_DEL    ---     0.495      R3C19D.A0 to      R3C19D.F0 system/bus/byte_sd/SLICE_630
ROUTE         1     1.425      R3C19D.F0 to       21.PADDO sd_mosi_c
DOPAD_DEL   ---     2.797       21.PADDO to         21.PAD sd_mosi
                  --------
                    6.985   (53.6% logic, 46.4% route), 3 logic levels.

Unconstrained Preference:
   CLOCK_TO_OUT PORT "gpio_key_row[3]" CLKNET "clk" 

Report:    6.590ns delay system/SLICE_66 to gpio_key_row[3]

   Name    Fanout   Delay (ns)          Site               Resource
REG_DEL     ---     0.452      R9C9B.CLK to       R9C9B.Q0 system/SLICE_66 (from clk)
ROUTE         3     3.341       R9C9B.Q0 to        1.PADDO host_miso
DOPAD_DEL   ---     2.797        1.PADDO to          1.PAD gpio_key_row[3]
                  --------
                    6.590   (49.3% logic, 50.7% route), 2 logic levels.

Unconstrained Preference:
   CLOCK_TO_OUT PORT "gpio_msck" CLKNET "clk" 

Report:    6.464ns delay system/bus/guest_memory/SLICE_63 to gpio_msck

   Name    Fanout   Delay (ns)          Site               Resource
REG_DEL     ---     0.452    R10C17D.CLK to     R10C17D.Q0 system/bus/guest_memory/SLICE_63 (from clk)
ROUTE         4     3.215     R10C17D.Q0 to        9.PADDO gpio_msck_c
DOPAD_DEL   ---     2.797        9.PADDO to          9.PAD gpio_msck
                  --------
                    6.464   (50.3% logic, 49.7% route), 2 logic levels.

Unconstrained Preference:
   CLOCK_TO_OUT PORT "tx" CLKNET "clk" 

Report:    6.318ns delay system/bus/fixed_uart.console/SLICE_602 to tx

   Name    Fanout   Delay (ns)          Site               Resource
REG_DEL     ---     0.452     R4C20D.CLK to      R4C20D.Q0 system/bus/fixed_uart.console/SLICE_602 (from clk)
ROUTE         2     0.751      R4C20D.Q0 to      R3C20B.C1 system/bus/fixed_uart.console/tx_break
CTOF_DEL    ---     0.495      R3C20B.C1 to      R3C20B.F1 system/bus/fixed_uart.console/SLICE_116
ROUTE         1     1.823      R3C20B.F1 to       23.PADDO tx_c
DOPAD_DEL   ---     2.797       23.PADDO to         23.PAD tx
                  --------
                    6.318   (59.3% logic, 40.7% route), 3 logic levels.

Unconstrained Preference:
   CLOCK_TO_OUT PORT "tx" CLKNET "clk" 

Report:    6.190ns delay system/bus/fixed_uart.console/SLICE_112 to tx

   Name    Fanout   Delay (ns)          Site               Resource
REG_DEL     ---     0.452     R3C21C.CLK to      R3C21C.Q0 system/bus/fixed_uart.console/SLICE_112 (from clk)
ROUTE         1     0.623      R3C21C.Q0 to      R3C20B.D1 system/bus/fixed_uart.console/tx_shift[0]
CTOF_DEL    ---     0.495      R3C20B.D1 to      R3C20B.F1 system/bus/fixed_uart.console/SLICE_116
ROUTE         1     1.823      R3C20B.F1 to       23.PADDO tx_c
DOPAD_DEL   ---     2.797       23.PADDO to         23.PAD tx
                  --------
                    6.190   (60.5% logic, 39.5% route), 3 logic levels.

Unconstrained Preference:
   CLOCK_TO_OUT PORT "sd_mosi" CLKNET "clk" 

Report:    6.170ns delay system/bus/byte_sd/SLICE_86 to sd_mosi

   Name    Fanout   Delay (ns)          Site               Resource
REG_DEL     ---     0.452     R2C19D.CLK to      R2C19D.Q1 system/bus/byte_sd/SLICE_86 (from clk)
ROUTE         1     1.001      R2C19D.Q1 to      R3C19D.B0 system/bus/byte_sd/tx_shift[7]
CTOF_DEL    ---     0.495      R3C19D.B0 to      R3C19D.F0 system/bus/byte_sd/SLICE_630
ROUTE         1     1.425      R3C19D.F0 to       21.PADDO sd_mosi_c
DOPAD_DEL   ---     2.797       21.PADDO to         21.PAD sd_mosi
                  --------
                    6.170   (60.7% logic, 39.3% route), 3 logic levels.

Unconstrained Preference:
   CLOCK_TO_OUT PORT "gpio_din" CLKNET "clk" 

Report:    5.905ns delay system/SLICE_62 to gpio_din

   Name    Fanout   Delay (ns)          Site               Resource
REG_DEL     ---     0.452      R9C9A.CLK to       R9C9A.Q0 system/SLICE_62 (from clk)
ROUTE         3     2.656       R9C9A.Q0 to       16.PADDO gpio_din_c
DOPAD_DEL   ---     2.797       16.PADDO to         16.PAD gpio_din
                  --------
                    5.905   (55.0% logic, 45.0% route), 2 logic levels.

Unconstrained Preference:
   CLOCK_TO_OUT PORT "gpio_rs" CLKNET "clk" 

Report:    5.761ns delay system/SLICE_65 to gpio_rs

   Name    Fanout   Delay (ns)          Site               Resource
REG_DEL     ---     0.452     R8C13A.CLK to      R8C13A.Q0 system/SLICE_65 (from clk)
ROUTE         3     2.512      R8C13A.Q0 to       11.PADDO gpio_rs_c
DOPAD_DEL   ---     2.797       11.PADDO to         11.PAD gpio_rs
                  --------
                    5.761   (56.4% logic, 43.6% route), 2 logic levels.

Unconstrained Preference:
   CLOCK_TO_OUT PORT "gpio_reg_latch" CLKNET "clk" 

Report:    5.703ns delay system/SLICE_64 to gpio_reg_latch

   Name    Fanout   Delay (ns)          Site               Resource
REG_DEL     ---     0.452     R9C13C.CLK to      R9C13C.Q0 system/SLICE_64 (from clk)
ROUTE         3     2.454      R9C13C.Q0 to       20.PADDO gpio_reg_latch_c
DOPAD_DEL   ---     2.797       20.PADDO to         20.PAD gpio_reg_latch
                  --------
                    5.703   (57.0% logic, 43.0% route), 2 logic levels.

Unconstrained Preference:
   CLOCK_TO_OUT PORT "sd_sck" CLKNET "clk" 

Report:    5.231ns delay system/bus/byte_sd/SLICE_69 to sd_sck

   Name    Fanout   Delay (ns)          Site               Resource
REG_DEL     ---     0.452     R2C20C.CLK to      R2C20C.Q0 system/bus/byte_sd/SLICE_69 (from clk)
ROUTE         9     1.982      R2C20C.Q0 to       27.PADDO sd_sck_c
DOPAD_DEL   ---     2.797       27.PADDO to         27.PAD sd_sck
                  --------
                    5.231   (62.1% logic, 37.9% route), 2 logic levels.

Unconstrained Preference:
   CLOCK_TO_OUT PORT "gpio_clk" CLKNET "clk" 

Report:    4.992ns delay system/SLICE_61 to gpio_clk

   Name    Fanout   Delay (ns)          Site               Resource
REG_DEL     ---     0.452     R8C11B.CLK to      R8C11B.Q0 system/SLICE_61 (from clk)
ROUTE         3     1.743      R8C11B.Q0 to       12.PADDO gpio_clk_c
DOPAD_DEL   ---     2.797       12.PADDO to         12.PAD gpio_clk
                  --------
                    4.992   (65.1% logic, 34.9% route), 2 logic levels.

Unconstrained Preference:
   CLOCK_TO_OUT PORT "gpio_blank" CLKNET "clk" 

Report:    4.906ns delay system/SLICE_59 to gpio_blank

   Name    Fanout   Delay (ns)          Site               Resource
REG_DEL     ---     0.452     R8C12C.CLK to      R8C12C.Q0 system/SLICE_59 (from clk)
ROUTE         3     1.657      R8C12C.Q0 to       13.PADDO gpio_blank_c
DOPAD_DEL   ---     2.797       13.PADDO to         13.PAD gpio_blank
                  --------
                    4.906   (66.2% logic, 33.8% route), 2 logic levels.

Unconstrained Preference:
   CLOCK_TO_OUT PORT "gpio_ce" CLKNET "clk" 

Report:    4.396ns delay system/SLICE_60 to gpio_ce

   Name    Fanout   Delay (ns)          Site               Resource
REG_DEL     ---     0.452     R9C10C.CLK to      R9C10C.Q0 system/SLICE_60 (from clk)
ROUTE         3     1.147      R9C10C.Q0 to       14.PADDO gpio_ce_c
DOPAD_DEL   ---     2.797       14.PADDO to         14.PAD gpio_ce
                  --------
                    4.396   (73.9% logic, 26.1% route), 2 logic levels.

Unconstrained Preference:
   CLOCK_TO_OUT PORT "gpio_mcs" CLKNET "clk" 

Report:    3.407ns delay gpio_mcs_MGIOL to gpio_mcs

   Name    Fanout   Delay (ns)          Site               Resource
C2OUT_DEL   ---     0.567    IOL_B4C.CLK to  IOL_B4C.IOLDO gpio_mcs_MGIOL (from clk)
ROUTE         1     0.043  IOL_B4C.IOLDO to        8.IOLDO gpio_mcs_c
OP0PAD_DEL  ---     2.797        8.IOLDO to          8.PAD gpio_mcs
                  --------
                    3.407   (98.7% logic, 1.3% route), 2 logic levels.

Unconstrained Preference:
   CLOCK_TO_OUT PORT "gpio_mosi" CLKNET "clk" 

Report:    3.407ns delay gpio_mosi_MGIOL to gpio_mosi

   Name    Fanout   Delay (ns)          Site               Resource
C2OUT_DEL   ---     0.567   IOL_B20D.CLK to IOL_B20D.IOLDO gpio_mosi_MGIOL (from clk)
ROUTE         1     0.043 IOL_B20D.IOLDO to       17.IOLDO gpio_mosi_c
OP0PAD_DEL  ---     2.797       17.IOLDO to         17.PAD gpio_mosi
                  --------
                    3.407   (98.7% logic, 1.3% route), 2 logic levels.


================================================================================
Preference: Unconstrained: MAXDELAY
            0 unconstrained paths found
--------------------------------------------------------------------------------

Report Summary
--------------
----------------------------------------------------------------------------
Preference                              |   Constraint|       Actual|Levels
----------------------------------------------------------------------------
                                        |             |             |
FREQUENCY NET "clk" 29.560000 MHz ;     |   29.560 MHz|   31.116 MHz|  17  
                                        |             |             |
----------------------------------------------------------------------------


All preferences were met.


Clock Domains Analysis
------------------------

Found 1 clocks:

Clock Domain: clk   Source: oscillator.OSC   Loads: 238
   Covered under: FREQUENCY NET "clk" 29.560000 MHz ;


--------------------------------------------------------------------------------
                Connections not covered by the preferences
--------------------------------------------------------------------------------

     Delay                        Element                 Net

    0.565ns pio_key_row[0].PADDI to _key_row[0]_MGIOL.DI gpio_key_row_in[0]
    0.565ns        sd_miso.PADDI to     sd_miso_MGIOL.DI sd_miso_c
    0.565ns             rx.PADDI to          rx_MGIOL.DI rx_c
    0.565ns pio_key_row[1].PADDI to _key_row[1]_MGIOL.DI gpio_key_row_in[1]
    0.565ns pio_key_row[2].PADDI to _key_row[2]_MGIOL.DI gpio_key_row_in[2]
    0.565ns pio_key_row[3].PADDI to _key_row[3]_MGIOL.DI gpio_key_row_in[3]
    0.384ns      gpio_miso.PADDI to   gpio_miso_MGIOL.DI gpio_miso_c
    3.195ns            res.PADDI to        SLICE_312.LSR res_c

--------------------------------------------------------------------------------


Timing summary (Setup):
---------------

Timing errors: 0  Score: 0
Cumulative negative slack: 0

Constraints cover 3744187 paths, 1 nets, and 5405 connections (99.85% coverage)

--------------------------------------------------------------------------------
Lattice TRACE Report - Hold, Version Diamond (64-bit) 3.14.0.75.2
Thu Sep 10 13:25:32 2026

Copyright (c) 1991-1994 by NeoCAD Inc. All rights reserved.
Copyright (c) 1995 AT&T Corp.   All rights reserved.
Copyright (c) 1995-2001 Lucent Technologies Inc.  All rights reserved.
Copyright (c) 2001 Agere Systems   All rights reserved.
Copyright (c) 2002-2024 Lattice Semiconductor Corporation,  All rights reserved.

Report Information
------------------
Command line:    trce -v 10 -c -u 0 -gt -sethld -sp 4 -sphld m -o cp36d_impl1.twr cp36d_impl1.ncd cp36d_impl1.prf 
Design file:     cp36d_impl1.ncd
Preference file: cp36d_impl1.prf
Device,speed:    LCMXO2-1200HC,m
Report level:    verbose report, limited to 10 items per preference
--------------------------------------------------------------------------------

BLOCK ASYNCPATHS
BLOCK RESETPATHS
--------------------------------------------------------------------------------



================================================================================
Preference: FREQUENCY NET "clk" 29.560000 MHz ;
            4096 items scored, 0 timing errors detected.
--------------------------------------------------------------------------------


Passed: The following path meets requirements by 0.293ns

 Logical Details:  Cell type  Pin type       Cell/ASIC name  (clock net +/-)

   Source:         Sync_RAM   Q              system/cpu/engine/dp/rf/words_ram/RAM0  (from clk +)
   Destination:    FF         Data in        system/bus/boot_release_armed  (to clk +)

   Delay:               0.280ns  (98.6% logic, 1.4% route), 1 logic levels.

 Constraint Details:

      0.280ns physical path delay system/SLICE_39 to system/SLICE_39 meets
     -0.013ns DIN_HLD and
      0.000ns delay constraint less
      0.000ns skew requirement (totaling -0.013ns) by 0.293ns

 Physical Path Details:

      Data path system/SLICE_39 to system/SLICE_39:

   Name    Fanout   Delay (ns)          Site               Resource
CLKTOF_DEL  ---     0.276      R5C9A.WCK to       R5C9A.F1 system/SLICE_39 (from clk)
ROUTE        42     0.004       R5C9A.F1 to      R5C9A.DI1 system/address[1] (to clk)
                  --------
                    0.280   (98.6% logic, 1.4% route), 1 logic levels.

 Clock Skew Details: 

      Source Clock Path oscillator to system/SLICE_39:

   Name    Fanout   Delay (ns)          Site               Resource
ROUTE       238     1.216        OSC.OSC to      R5C9A.WCK clk
                  --------
                    1.216   (0.0% logic, 100.0% route), 0 logic levels.

      Destination Clock Path oscillator to system/SLICE_39:

   Name    Fanout   Delay (ns)          Site               Resource
ROUTE       238     1.216        OSC.OSC to      R5C9A.CLK clk
                  --------
                    1.216   (0.0% logic, 100.0% route), 0 logic levels.


Passed: The following path meets requirements by 0.304ns

 Logical Details:  Cell type  Pin type       Cell/ASIC name  (clock net +/-)

   Source:         FF         Q              system/bus/fixed_uart.console/cts_sync[0]  (from clk +)
   Destination:    FF         Data in        system/bus/fixed_uart.console/cts_sync[1]  (to clk +)

   Delay:               0.285ns  (46.7% logic, 53.3% route), 1 logic levels.

 Constraint Details:

      0.285ns physical path delay system/bus/fixed_uart.console/SLICE_87 to system/bus/fixed_uart.console/SLICE_87 meets
     -0.019ns M_HLD and
      0.000ns delay constraint less
      0.000ns skew requirement (totaling -0.019ns) by 0.304ns

 Physical Path Details:

      Data path system/bus/fixed_uart.console/SLICE_87 to system/bus/fixed_uart.console/SLICE_87:

   Name    Fanout   Delay (ns)          Site               Resource
REG_DEL     ---     0.133     R5C21D.CLK to      R5C21D.Q0 system/bus/fixed_uart.console/SLICE_87 (from clk)
ROUTE         1     0.152      R5C21D.Q0 to      R5C21D.M1 system/bus/fixed_uart.console/cts_sync[0] (to clk)
                  --------
                    0.285   (46.7% logic, 53.3% route), 1 logic levels.

 Clock Skew Details: 

      Source Clock Path oscillator to system/bus/fixed_uart.console/SLICE_87:

   Name    Fanout   Delay (ns)          Site               Resource
ROUTE       238     1.216        OSC.OSC to     R5C21D.CLK clk
                  --------
                    1.216   (0.0% logic, 100.0% route), 0 logic levels.

      Destination Clock Path oscillator to system/bus/fixed_uart.console/SLICE_87:

   Name    Fanout   Delay (ns)          Site               Resource
ROUTE       238     1.216        OSC.OSC to     R5C21D.CLK clk
                  --------
                    1.216   (0.0% logic, 100.0% route), 0 logic levels.


Passed: The following path meets requirements by 0.306ns

 Logical Details:  Cell type  Pin type       Cell/ASIC name  (clock net +/-)

   Source:         FF         Q              system/bus/timebase/state[18]  (from clk +)
   Destination:    FF         Data in        system/bus/timebase/state[19]  (to clk +)

   Delay:               0.287ns  (46.3% logic, 53.7% route), 1 logic levels.

 Constraint Details:

      0.287ns physical path delay system/bus/SLICE_374 to SLICE_174 meets
     -0.019ns M_HLD and
      0.000ns delay constraint less
      0.000ns skew requirement (totaling -0.019ns) by 0.306ns

 Physical Path Details:

      Data path system/bus/SLICE_374 to SLICE_174:

   Name    Fanout   Delay (ns)          Site               Resource
REG_DEL     ---     0.133     R2C12D.CLK to      R2C12D.Q1 system/bus/SLICE_374 (from clk)
ROUTE         2     0.154      R2C12D.Q1 to      R2C12C.M0 system/bus/timebase/state[18] (to clk)
                  --------
                    0.287   (46.3% logic, 53.7% route), 1 logic levels.

 Clock Skew Details: 

      Source Clock Path oscillator to system/bus/SLICE_374:

   Name    Fanout   Delay (ns)          Site               Resource
ROUTE       238     1.216        OSC.OSC to     R2C12D.CLK clk
                  --------
                    1.216   (0.0% logic, 100.0% route), 0 logic levels.

      Destination Clock Path oscillator to SLICE_174:

   Name    Fanout   Delay (ns)          Site               Resource
ROUTE       238     1.216        OSC.OSC to     R2C12C.CLK clk
                  --------
                    1.216   (0.0% logic, 100.0% route), 0 logic levels.


Passed: The following path meets requirements by 0.306ns

 Logical Details:  Cell type  Pin type       Cell/ASIC name  (clock net +/-)

   Source:         FF         Q              system/bus/byte_sd/rx_shift[1]  (from clk +)
   Destination:    FF         Data in        system/bus/byte_sd/rx_shift[2]  (to clk +)

   Delay:               0.287ns  (46.3% logic, 53.7% route), 1 logic levels.

 Constraint Details:

      0.287ns physical path delay system/bus/SLICE_313 to system/bus/SLICE_313 meets
     -0.019ns M_HLD and
      0.000ns delay constraint less
      0.000ns skew requirement (totaling -0.019ns) by 0.306ns

 Physical Path Details:

      Data path system/bus/SLICE_313 to system/bus/SLICE_313:

   Name    Fanout   Delay (ns)          Site               Resource
REG_DEL     ---     0.133     R5C15D.CLK to      R5C15D.Q0 system/bus/SLICE_313 (from clk)
ROUTE         2     0.154      R5C15D.Q0 to      R5C15D.M1 system/bus/byte_sd/rx_shift[1] (to clk)
                  --------
                    0.287   (46.3% logic, 53.7% route), 1 logic levels.

 Clock Skew Details: 

      Source Clock Path oscillator to system/bus/SLICE_313:

   Name    Fanout   Delay (ns)          Site               Resource
ROUTE       238     1.216        OSC.OSC to     R5C15D.CLK clk
                  --------
                    1.216   (0.0% logic, 100.0% route), 0 logic levels.

      Destination Clock Path oscillator to system/bus/SLICE_313:

   Name    Fanout   Delay (ns)          Site               Resource
ROUTE       238     1.216        OSC.OSC to     R5C15D.CLK clk
                  --------
                    1.216   (0.0% logic, 100.0% route), 0 logic levels.


Passed: The following path meets requirements by 0.306ns

 Logical Details:  Cell type  Pin type       Cell/ASIC name  (clock net +/-)

   Source:         FF         Q              system/bus/guest_memory/rx[4]  (from clk +)
   Destination:    FF         Data in        system/bus/guest_memory/rdata[4]  (to clk +)

   Delay:               0.287ns  (46.3% logic, 53.7% route), 1 logic levels.

 Constraint Details:

      0.287ns physical path delay system/bus/guest_memory/SLICE_358 to system/bus/guest_memory/SLICE_355 meets
     -0.019ns M_HLD and
      0.000ns delay constraint less
      0.000ns skew requirement (totaling -0.019ns) by 0.306ns

 Physical Path Details:

      Data path system/bus/guest_memory/SLICE_358 to system/bus/guest_memory/SLICE_355:

   Name    Fanout   Delay (ns)          Site               Resource
REG_DEL     ---     0.133    R10C19A.CLK to     R10C19A.Q1 system/bus/guest_memory/SLICE_358 (from clk)
ROUTE         3     0.154     R10C19A.Q1 to     R10C19C.M1 system/bus/guest_memory/rx[4] (to clk)
                  --------
                    0.287   (46.3% logic, 53.7% route), 1 logic levels.

 Clock Skew Details: 

      Source Clock Path oscillator to system/bus/guest_memory/SLICE_358:

   Name    Fanout   Delay (ns)          Site               Resource
ROUTE       238     1.216        OSC.OSC to    R10C19A.CLK clk
                  --------
                    1.216   (0.0% logic, 100.0% route), 0 logic levels.

      Destination Clock Path oscillator to system/bus/guest_memory/SLICE_355:

   Name    Fanout   Delay (ns)          Site               Resource
ROUTE       238     1.216        OSC.OSC to    R10C19C.CLK clk
                  --------
                    1.216   (0.0% logic, 100.0% route), 0 logic levels.


Passed: The following path meets requirements by 0.306ns

 Logical Details:  Cell type  Pin type       Cell/ASIC name  (clock net +/-)

   Source:         FF         Q              system/bus/fixed_uart.console/rx_shift[7]  (from clk +)
   Destination:    FF         Data in        system/bus/fixed_uart.console/rx_shift[6]  (to clk +)

   Delay:               0.287ns  (46.3% logic, 53.7% route), 1 logic levels.

 Constraint Details:

      0.287ns physical path delay system/bus/SLICE_349 to system/bus/SLICE_349 meets
     -0.019ns M_HLD and
      0.000ns delay constraint less
      0.000ns skew requirement (totaling -0.019ns) by 0.306ns

 Physical Path Details:

      Data path system/bus/SLICE_349 to system/bus/SLICE_349:

   Name    Fanout   Delay (ns)          Site               Resource
REG_DEL     ---     0.133     R4C14B.CLK to      R4C14B.Q1 system/bus/SLICE_349 (from clk)
ROUTE         2     0.154      R4C14B.Q1 to      R4C14B.M0 system/bus/fixed_uart.console/rx_shift[7] (to clk)
                  --------
                    0.287   (46.3% logic, 53.7% route), 1 logic levels.

 Clock Skew Details: 

      Source Clock Path oscillator to system/bus/SLICE_349:

   Name    Fanout   Delay (ns)          Site               Resource
ROUTE       238     1.216        OSC.OSC to     R4C14B.CLK clk
                  --------
                    1.216   (0.0% logic, 100.0% route), 0 logic levels.

      Destination Clock Path oscillator to system/bus/SLICE_349:

   Name    Fanout   Delay (ns)          Site               Resource
ROUTE       238     1.216        OSC.OSC to     R4C14B.CLK clk
                  --------
                    1.216   (0.0% logic, 100.0% route), 0 logic levels.


Passed: The following path meets requirements by 0.306ns

 Logical Details:  Cell type  Pin type       Cell/ASIC name  (clock net +/-)

   Source:         FF         Q              system/bus/byte_sd/rx_shift[5]  (from clk +)
   Destination:    FF         Data in        system/bus/byte_sd/rx_shift[6]  (to clk +)

   Delay:               0.287ns  (46.3% logic, 53.7% route), 1 logic levels.

 Constraint Details:

      0.287ns physical path delay system/bus/SLICE_342 to system/bus/SLICE_342 meets
     -0.019ns M_HLD and
      0.000ns delay constraint less
      0.000ns skew requirement (totaling -0.019ns) by 0.306ns

 Physical Path Details:

      Data path system/bus/SLICE_342 to system/bus/SLICE_342:

   Name    Fanout   Delay (ns)          Site               Resource
REG_DEL     ---     0.133     R8C19A.CLK to      R8C19A.Q0 system/bus/SLICE_342 (from clk)
ROUTE         2     0.154      R8C19A.Q0 to      R8C19A.M1 system/bus/byte_sd/rdata_8[5] (to clk)
                  --------
                    0.287   (46.3% logic, 53.7% route), 1 logic levels.

 Clock Skew Details: 

      Source Clock Path oscillator to system/bus/SLICE_342:

   Name    Fanout   Delay (ns)          Site               Resource
ROUTE       238     1.216        OSC.OSC to     R8C19A.CLK clk
                  --------
                    1.216   (0.0% logic, 100.0% route), 0 logic levels.

      Destination Clock Path oscillator to system/bus/SLICE_342:

   Name    Fanout   Delay (ns)          Site               Resource
ROUTE       238     1.216        OSC.OSC to     R8C19A.CLK clk
                  --------
                    1.216   (0.0% logic, 100.0% route), 0 logic levels.


Passed: The following path meets requirements by 0.306ns

 Logical Details:  Cell type  Pin type       Cell/ASIC name  (clock net +/-)

   Source:         FF         Q              system/bus/byte_sd/rx_shift[3]  (from clk +)
   Destination:    FF         Data in        system/bus/byte_sd/rx_shift[4]  (to clk +)

   Delay:               0.287ns  (46.3% logic, 53.7% route), 1 logic levels.

 Constraint Details:

      0.287ns physical path delay system/bus/SLICE_341 to system/bus/SLICE_341 meets
     -0.019ns M_HLD and
      0.000ns delay constraint less
      0.000ns skew requirement (totaling -0.019ns) by 0.306ns

 Physical Path Details:

      Data path system/bus/SLICE_341 to system/bus/SLICE_341:

   Name    Fanout   Delay (ns)          Site               Resource
REG_DEL     ---     0.133     R7C19B.CLK to      R7C19B.Q0 system/bus/SLICE_341 (from clk)
ROUTE         2     0.154      R7C19B.Q0 to      R7C19B.M1 system/bus/byte_sd/rdata_8[3] (to clk)
                  --------
                    0.287   (46.3% logic, 53.7% route), 1 logic levels.

 Clock Skew Details: 

      Source Clock Path oscillator to system/bus/SLICE_341:

   Name    Fanout   Delay (ns)          Site               Resource
ROUTE       238     1.216        OSC.OSC to     R7C19B.CLK clk
                  --------
                    1.216   (0.0% logic, 100.0% route), 0 logic levels.

      Destination Clock Path oscillator to system/bus/SLICE_341:

   Name    Fanout   Delay (ns)          Site               Resource
ROUTE       238     1.216        OSC.OSC to     R7C19B.CLK clk
                  --------
                    1.216   (0.0% logic, 100.0% route), 0 logic levels.


Passed: The following path meets requirements by 0.306ns

 Logical Details:  Cell type  Pin type       Cell/ASIC name  (clock net +/-)

   Source:         FF         Q              system/bus/fixed_uart.console/rx_shift[3]  (from clk +)
   Destination:    FF         Data in        system/bus/fixed_uart.console/rx_shift[2]  (to clk +)

   Delay:               0.287ns  (46.3% logic, 53.7% route), 1 logic levels.

 Constraint Details:

      0.287ns physical path delay system/bus/fixed_uart.console/SLICE_346 to system/bus/fixed_uart.console/SLICE_346 meets
     -0.019ns M_HLD and
      0.000ns delay constraint less
      0.000ns skew requirement (totaling -0.019ns) by 0.306ns

 Physical Path Details:

      Data path system/bus/fixed_uart.console/SLICE_346 to system/bus/fixed_uart.console/SLICE_346:

   Name    Fanout   Delay (ns)          Site               Resource
REG_DEL     ---     0.133     R5C21B.CLK to      R5C21B.Q1 system/bus/fixed_uart.console/SLICE_346 (from clk)
ROUTE         2     0.154      R5C21B.Q1 to      R5C21B.M0 system/bus/fixed_uart.console/rx_shift[3] (to clk)
                  --------
                    0.287   (46.3% logic, 53.7% route), 1 logic levels.

 Clock Skew Details: 

      Source Clock Path oscillator to system/bus/fixed_uart.console/SLICE_346:

   Name    Fanout   Delay (ns)          Site               Resource
ROUTE       238     1.216        OSC.OSC to     R5C21B.CLK clk
                  --------
                    1.216   (0.0% logic, 100.0% route), 0 logic levels.

      Destination Clock Path oscillator to system/bus/fixed_uart.console/SLICE_346:

   Name    Fanout   Delay (ns)          Site               Resource
ROUTE       238     1.216        OSC.OSC to     R5C21B.CLK clk
                  --------
                    1.216   (0.0% logic, 100.0% route), 0 logic levels.


Passed: The following path meets requirements by 0.306ns

 Logical Details:  Cell type  Pin type       Cell/ASIC name  (clock net +/-)

   Source:         FF         Q              system/bus/timebase/state[11]  (from clk +)
   Destination:    FF         Data in        system/bus/timebase/state[12]  (to clk +)

   Delay:               0.287ns  (46.3% logic, 53.7% route), 1 logic levels.

 Constraint Details:

      0.287ns physical path delay system/bus/timebase/SLICE_646 to system/bus/timebase/SLICE_646 meets
     -0.019ns M_HLD and
      0.000ns delay constraint less
      0.000ns skew requirement (totaling -0.019ns) by 0.306ns

 Physical Path Details:

      Data path system/bus/timebase/SLICE_646 to system/bus/timebase/SLICE_646:

   Name    Fanout   Delay (ns)          Site               Resource
REG_DEL     ---     0.133     R2C13A.CLK to      R2C13A.Q0 system/bus/timebase/SLICE_646 (from clk)
ROUTE         2     0.154      R2C13A.Q0 to      R2C13A.M1 system/bus/timebase/state[11] (to clk)
                  --------
                    0.287   (46.3% logic, 53.7% route), 1 logic levels.

 Clock Skew Details: 

      Source Clock Path oscillator to system/bus/timebase/SLICE_646:

   Name    Fanout   Delay (ns)          Site               Resource
ROUTE       238     1.216        OSC.OSC to     R2C13A.CLK clk
                  --------
                    1.216   (0.0% logic, 100.0% route), 0 logic levels.

      Destination Clock Path oscillator to system/bus/timebase/SLICE_646:

   Name    Fanout   Delay (ns)          Site               Resource
ROUTE       238     1.216        OSC.OSC to     R2C13A.CLK clk
                  --------
                    1.216   (0.0% logic, 100.0% route), 0 logic levels.

Report Summary
--------------
----------------------------------------------------------------------------
Preference(MIN Delays)                  |   Constraint|       Actual|Levels
----------------------------------------------------------------------------
                                        |             |             |
FREQUENCY NET "clk" 29.560000 MHz ;     |     0.000 ns|     0.293 ns|   1  
                                        |             |             |
----------------------------------------------------------------------------


All preferences were met.


Clock Domains Analysis
------------------------

Found 1 clocks:

Clock Domain: clk   Source: oscillator.OSC   Loads: 238
   Covered under: FREQUENCY NET "clk" 29.560000 MHz ;


--------------------------------------------------------------------------------
                Connections not covered by the preferences
--------------------------------------------------------------------------------

     Delay                        Element                 Net

    0.177ns pio_key_row[0].PADDI to _key_row[0]_MGIOL.DI gpio_key_row_in[0]
    0.177ns        sd_miso.PADDI to     sd_miso_MGIOL.DI sd_miso_c
    0.177ns             rx.PADDI to          rx_MGIOL.DI rx_c
    0.177ns pio_key_row[1].PADDI to _key_row[1]_MGIOL.DI gpio_key_row_in[1]
    0.177ns pio_key_row[2].PADDI to _key_row[2]_MGIOL.DI gpio_key_row_in[2]
    0.177ns pio_key_row[3].PADDI to _key_row[3]_MGIOL.DI gpio_key_row_in[3]
    0.127ns      gpio_miso.PADDI to   gpio_miso_MGIOL.DI gpio_miso_c
    1.055ns            res.PADDI to        SLICE_312.LSR res_c

--------------------------------------------------------------------------------


Timing summary (Hold):
---------------

Timing errors: 0  Score: 0
Cumulative negative slack: 0

Constraints cover 3744187 paths, 1 nets, and 5405 connections (99.85% coverage)



Timing summary (Setup and Hold):
---------------

Timing errors: 0 (setup), 0 (hold)
Score: 0 (setup), 0 (hold)
Cumulative negative slack: 0 (0+0)
--------------------------------------------------------------------------------

--------------------------------------------------------------------------------

