
synpwrap -msg -prj "cp32a_impl1_synplify.tcl" -log "cp32a_impl1.srf"
Copyright (C) 1992-2024 Lattice Semiconductor Corporation. All rights reserved.
Lattice Diamond Version 3.14.0.75.2
    <postMsg mid="2011000" type="Info"    dynamic="0" navigation="0"  />

------ Message Queues --------
key        msqid      owner      perms      used-bytes   messages    

------ Shared Memory Segments --------
key        shmid      owner      perms      bytes      nattch     status      

------ Semaphore Arrays --------
key        semid      owner      perms      nsems     

/proc/sys/vm/admin_reserve_kbytes:8192
/proc/sys/vm/compact_unevictable_allowed:1
/proc/sys/vm/compaction_proactiveness:20
/proc/sys/vm/dirty_background_bytes:0
/proc/sys/vm/dirty_background_ratio:10
/proc/sys/vm/dirty_bytes:0
/proc/sys/vm/dirty_expire_centisecs:3000
/proc/sys/vm/dirty_ratio:20
/proc/sys/vm/dirty_writeback_centisecs:500
/proc/sys/vm/dirtytime_expire_seconds:43200
/proc/sys/vm/extfrag_threshold:500
/proc/sys/vm/hugetlb_optimize_vmemmap:0
/proc/sys/vm/hugetlb_shm_group:0
/proc/sys/vm/laptop_mode:0
/proc/sys/vm/legacy_va_layout:0
/proc/sys/vm/lowmem_reserve_ratio:256	256	32	0	0
/proc/sys/vm/max_map_count:1048576
/proc/sys/vm/memfd_noexec:0
/proc/sys/vm/memory_failure_early_kill:0
/proc/sys/vm/memory_failure_recovery:1
/proc/sys/vm/min_free_kbytes:67584
/proc/sys/vm/min_slab_ratio:5
/proc/sys/vm/min_unmapped_ratio:1
/proc/sys/vm/mmap_min_addr:65536
/proc/sys/vm/nr_hugepages:0
/proc/sys/vm/nr_hugepages_mempolicy:0
/proc/sys/vm/nr_overcommit_hugepages:0
/proc/sys/vm/numa_stat:1
/proc/sys/vm/numa_zonelist_order:Node
/proc/sys/vm/oom_dump_tasks:1
/proc/sys/vm/oom_kill_allocating_task:0
/proc/sys/vm/overcommit_kbytes:0
/proc/sys/vm/overcommit_memory:0
/proc/sys/vm/overcommit_ratio:50
/proc/sys/vm/page-cluster:3
/proc/sys/vm/page_lock_unfairness:5
/proc/sys/vm/panic_on_oom:0
/proc/sys/vm/percpu_pagelist_high_fraction:0
/proc/sys/vm/stat_interval:1
/proc/sys/vm/swappiness:60
/proc/sys/vm/unprivileged_userfaultfd:0
/proc/sys/vm/user_reserve_kbytes:131072
/proc/sys/vm/vfs_cache_pressure:100
/proc/sys/vm/watermark_boost_factor:15000
/proc/sys/vm/watermark_scale_factor:10
/proc/sys/vm/zone_reclaim_mode:0
+04
Ubuntu 24.04.4 LTS
###########################################################[
Running in Lattice mode

                               Synplify Pro (R) 

                Version V-2023.09L-2 for linux64 - Sep 17, 2024 

                    Copyright (c) 1988 - 2024 Synopsys, Inc.
   This software and the associated documentation are proprietary to Synopsys,
 Inc. This software may only be used in accordance with the terms and conditions
 of a written license agreement with Synopsys, Inc. All other use, reproduction,
   or distribution of this software is strictly prohibited.  Licensed Products
     communicate with Synopsys servers for the purpose of providing software
    updates, detecting software piracy and verifying that customers are using
    Licensed Products in conformity with the applicable License Key for such
  Licensed Products. Synopsys will use information gathered in connection with
    this process to deliver software updates and pursue software pirates and
                                   infringers.

 Inclusivity & Diversity - Visit SolvNetPlus to read the "Synopsys Statement on
            Inclusivity and Diversity" (Refer to article 000036315 at
                        https://solvnetplus.synopsys.com)

Starting:    /home/sash/.local/lscc/diamond/3.14/synpbase/linux_a_64/mbin/synbatch
Install:     /home/sash/.local/lscc/diamond/3.14/synpbase
Hostname:    sashz-ubuntu
Date:        Thu Sep 10 08:43:36 2026
Version:     V-2023.09L-2

Arguments:   -product synplify_base -batch cp32a_impl1_synplify.tcl
ProductType: synplify_pro





log file: "/tmp/uj11-cp32/uJ11-fpga/build/cp32a/impl1/cp32a_impl1.srr"
Running: impl1 in foreground

Running proj_1|impl1

Running Flow: compile (Compile) on proj_1|impl1
# Thu Sep 10 08:43:36 2026

Running Flow: compile_flow (Compile Process) on proj_1|impl1
# Thu Sep 10 08:43:36 2026

Running: compiler (Compile Input) on proj_1|impl1
# Thu Sep 10 08:43:36 2026
Process ID: 73113
Copied /tmp/uj11-cp32/uJ11-fpga/build/cp32a/impl1/synwork/cp32a_impl1_comp.srs to /tmp/uj11-cp32/uJ11-fpga/build/cp32a/impl1/cp32a_impl1.srs

compiler completed
# Thu Sep 10 08:43:38 2026

Return Code: 0
Run Time:00h:00m:01s

Running: multi_srs_gen (Multi-srs Generator) on proj_1|impl1
# Thu Sep 10 08:43:38 2026
Process ID: 73161

multi_srs_gen completed
# Thu Sep 10 08:43:38 2026

Return Code: 0
Run Time:00h:00m:00s
Copied /tmp/uj11-cp32/uJ11-fpga/build/cp32a/impl1/synwork/cp32a_impl1_mult.srs to /tmp/uj11-cp32/uJ11-fpga/build/cp32a/impl1/cp32a_impl1.srs
Copied /tmp/uj11-cp32/uJ11-fpga/build/cp32a/impl1/cp32a_impl1.srr to /tmp/uj11-cp32/uJ11-fpga/build/cp32a/impl1/cp32a_impl1.srf
Complete: Compile Process on proj_1|impl1

Running: premap (Premap) on proj_1|impl1
# Thu Sep 10 08:43:38 2026
Process ID: 73177

premap completed with warnings
# Thu Sep 10 08:43:38 2026

Return Code: 1
Run Time:00h:00m:00s
Complete: Compile on proj_1|impl1

Running Flow: map (Map) on proj_1|impl1
# Thu Sep 10 08:43:39 2026
License granted for 4 parallel jobs

Running: fpga_mapper (Map & Optimize) on proj_1|impl1
# Thu Sep 10 08:43:39 2026
Process ID: 73192
Copied /tmp/uj11-cp32/uJ11-fpga/build/cp32a/impl1/synwork/cp32a_impl1_m.srm to /tmp/uj11-cp32/uJ11-fpga/build/cp32a/impl1/cp32a_impl1.srm

fpga_mapper completed with warnings
# Thu Sep 10 08:43:39 2026

Return Code: 1
Run Time:00h:00m:00s
Complete: Map on proj_1|impl1
Copied /tmp/uj11-cp32/uJ11-fpga/build/cp32a/impl1/cp32a_impl1.srr to /tmp/uj11-cp32/uJ11-fpga/build/cp32a/impl1/cp32a_impl1.srf
Complete: Logic Synthesis on proj_1|impl1
TCL script complete: "cp32a_impl1_synplify.tcl"
exit status=0
exit status=0
Save changes for project:
/tmp/uj11-cp32/uJ11-fpga/build/cp32a/impl1/proj_1.prj
batch mode default:no
Child process exit with 0.

==contents of cp32a_impl1.srf
#Build: Synplify Pro (R) V-2023.09L-2, Build 349R, Sep 17 2024
#install: /home/sash/.local/lscc/diamond/3.14/synpbase
#OS: Linux 
#Hostname: sashz-ubuntu

# Thu Sep 10 08:43:36 2026

#Implementation: impl1


Copyright (C) 1994-2023 Synopsys, Inc.
This Synopsys software and all associated documentation are proprietary to Synopsys, Inc.
and may only be used pursuant to the terms and conditions of a written license agreement
with Synopsys, Inc. All other use, reproduction, modification, or distribution of the
Synopsys software or the associated documentation is strictly prohibited.
Tool: Synplify Pro (R)
Build: V-2023.09L-2
Install: /home/sash/.local/lscc/diamond/3.14/synpbase
OS: Ubuntu 24.04.4 LTS
Hostname: sashz-ubuntu
max virtual memory: unlimited (bytes)
max user processes: 512757
max stack size: 8388608 (bytes)


Implementation : impl1
Synopsys HDL Compiler, Version comp202309synp1, Build 349R, Built Sep 17 2024 08:30:48, @5637152

@N|Running in 64-bit mode
###########################################################[

Copyright (C) 1994-2023 Synopsys, Inc.
This Synopsys software and all associated documentation are proprietary to Synopsys, Inc.
and may only be used pursuant to the terms and conditions of a written license agreement
with Synopsys, Inc. All other use, reproduction, modification, or distribution of the
Synopsys software or the associated documentation is strictly prohibited.
Tool: Synplify Pro (R)
Build: V-2023.09L-2
Install: /home/sash/.local/lscc/diamond/3.14/synpbase
OS: Ubuntu 24.04.4 LTS
Hostname: sashz-ubuntu
max virtual memory: unlimited (bytes)
max user processes: 512757
max stack size: 8388608 (bytes)


Implementation : impl1
Synopsys Verilog Compiler, Version comp202309synp1, Build 349R, Built Sep 17 2024 08:30:48, @5637152

@N|Running in 64-bit mode
@I::"/home/sash/.local/lscc/diamond/3.14/synpbase/lib/lucent/machxo2.v" (library work)
@I::"/home/sash/.local/lscc/diamond/3.14/synpbase/lib/lucent/pmi_def.v" (library work)
@I::"/home/sash/.local/lscc/diamond/3.14/synpbase/lib/vlog/hypermods.v" (library __hyper__lib__)
@I::"/tmp/uj11-cp32/uJ11-fpga/rtl/uj11_mmu_translate.v" (library work)
@I::"/tmp/uj11-cp32/uJ11-fpga/synth/machxo2/uj11_probe_mmu.v" (library work)
@W: CS141 :"/tmp/uj11-cp32/uJ11-fpga/synth/machxo2/uj11_probe_mmu.v":3:13:3:18|Unrecognized synthesis directive merges. Verify the correct directive name.
@N|stack limit increased to max
Verilog syntax check successful!
Selecting top level module uj11_probe_mmu
@N: CG364 :"/tmp/uj11-cp32/uJ11-fpga/rtl/uj11_mmu_translate.v":4:7:4:24|Synthesizing module uj11_mmu_translate in library work.
Running optimization stage 1 on uj11_mmu_translate .......
Finished optimization stage 1 on uj11_mmu_translate (CPU Time 0h:00m:00s, Memory Used current: 189MB peak: 189MB)
@N: CG364 :"/tmp/uj11-cp32/uJ11-fpga/synth/machxo2/uj11_probe_mmu.v":4:7:4:20|Synthesizing module uj11_probe_mmu in library work.
Running optimization stage 1 on uj11_probe_mmu .......
Finished optimization stage 1 on uj11_probe_mmu (CPU Time 0h:00m:00s, Memory Used current: 190MB peak: 190MB)
Running optimization stage 2 on uj11_probe_mmu .......
Finished optimization stage 2 on uj11_probe_mmu (CPU Time 0h:00m:00s, Memory Used current: 190MB peak: 190MB)
Running optimization stage 2 on uj11_mmu_translate .......
@W: CL247 :"/tmp/uj11-cp32/uJ11-fpga/rtl/uj11_mmu_translate.v":6:44:6:46|Input port bit 15 of pdr[15:0] is unused

@W: CL246 :"/tmp/uj11-cp32/uJ11-fpga/rtl/uj11_mmu_translate.v":6:44:6:46|Input port bits 7 to 4 of pdr[15:0] are unused. Assign logic for all port bits or change the input port size.
@W: CL247 :"/tmp/uj11-cp32/uJ11-fpga/rtl/uj11_mmu_translate.v":6:44:6:46|Input port bit 0 of pdr[15:0] is unused

Finished optimization stage 2 on uj11_mmu_translate (CPU Time 0h:00m:00s, Memory Used current: 190MB peak: 190MB)

For a summary of runtime per design unit, please see file:
==========================================================
@L: /tmp/uj11-cp32/uJ11-fpga/build/cp32a/impl1/synwork/layer0.duruntime



At c_ver Exit (Real Time elapsed 0h:00m:00s; CPU Time elapsed 0h:00m:00s; Memory used current: 190MB peak: 190MB)

Process took 0h:00m:01s realtime, 0h:00m:01s cputime

Process completed successfully.
# Thu Sep 10 08:43:37 2026

###########################################################]
###########################################################[

Copyright (C) 1994-2023 Synopsys, Inc.
This Synopsys software and all associated documentation are proprietary to Synopsys, Inc.
and may only be used pursuant to the terms and conditions of a written license agreement
with Synopsys, Inc. All other use, reproduction, modification, or distribution of the
Synopsys software or the associated documentation is strictly prohibited.
Tool: Synplify Pro (R)
Build: V-2023.09L-2
Install: /home/sash/.local/lscc/diamond/3.14/synpbase
OS: Ubuntu 24.04.4 LTS
Hostname: sashz-ubuntu
max virtual memory: unlimited (bytes)
max user processes: 512757
max stack size: 8388608 (bytes)


Implementation : impl1
Synopsys Synopsys Netlist Linker, Version comp202309synp1, Build 349R, Built Sep 17 2024 08:30:48, @5637152

@N|Running in 64-bit mode

At syn_nfilter Exit (Real Time elapsed 0h:00m:00s; CPU Time elapsed 0h:00m:00s; Memory used current: 197MB peak: 197MB)

Process took 0h:00m:01s realtime, 0h:00m:01s cputime

Process completed successfully.
# Thu Sep 10 08:43:37 2026

###########################################################]

For a summary of runtime and memory usage for all design units, please see file:
==========================================================
@L: /tmp/uj11-cp32/uJ11-fpga/build/cp32a/impl1/synwork/cp32a_impl1_comp.rt.csv

@END

At c_hdl Exit (Real Time elapsed 0h:00m:00s; CPU Time elapsed 0h:00m:00s; Memory used current: 41MB peak: 41MB)

Process took 0h:00m:01s realtime, 0h:00m:01s cputime

Process completed successfully.
# Thu Sep 10 08:43:37 2026

###########################################################]
###########################################################[

Copyright (C) 1994-2023 Synopsys, Inc.
This Synopsys software and all associated documentation are proprietary to Synopsys, Inc.
and may only be used pursuant to the terms and conditions of a written license agreement
with Synopsys, Inc. All other use, reproduction, modification, or distribution of the
Synopsys software or the associated documentation is strictly prohibited.
Tool: Synplify Pro (R)
Build: V-2023.09L-2
Install: /home/sash/.local/lscc/diamond/3.14/synpbase
OS: Ubuntu 24.04.4 LTS
Hostname: sashz-ubuntu
max virtual memory: unlimited (bytes)
max user processes: 512757
max stack size: 8388608 (bytes)


Implementation : impl1
Synopsys Synopsys Netlist Linker, Version comp202309synp1, Build 349R, Built Sep 17 2024 08:30:48, @5637152

@N|Running in 64-bit mode

At syn_nfilter Exit (Real Time elapsed 0h:00m:00s; CPU Time elapsed 0h:00m:00s; Memory used current: 197MB peak: 197MB)

Process took 0h:00m:01s realtime, 0h:00m:01s cputime

Process completed successfully.
# Thu Sep 10 08:43:38 2026

###########################################################]
Premap Report

# Thu Sep 10 08:43:38 2026


Copyright (C) 1994-2023 Synopsys, Inc.
This Synopsys software and all associated documentation are proprietary to Synopsys, Inc.
and may only be used pursuant to the terms and conditions of a written license agreement
with Synopsys, Inc. All other use, reproduction, modification, or distribution of the
Synopsys software or the associated documentation is strictly prohibited.
Tool: Synplify Pro (R)
Build: V-2023.09L-2
Install: /home/sash/.local/lscc/diamond/3.14/synpbase
OS: Ubuntu 24.04.4 LTS
Hostname: sashz-ubuntu
max virtual memory: unlimited (bytes)
max user processes: 512757
max stack size: 8388608 (bytes)


Implementation : impl1
Synopsys Lattice Technology Pre-mapping, Version map202309lat, Build 191R, Built Sep 17 2024 09:08:23, @5637152


Mapper Startup Complete (Real Time elapsed 0h:00m:00s; CPU Time elapsed 0h:00m:00s; Memory used current: 439MB peak: 439MB)


Done reading skeleton netlist (Real Time elapsed 0h:00m:00s; CPU Time elapsed 0h:00m:00s; Memory used current: 453MB peak: 454MB)

@A: MF827 |No constraint file specified.
@L: /tmp/uj11-cp32/uJ11-fpga/build/cp32a/impl1/cp32a_impl1_scck.rpt 
See clock summary report "/tmp/uj11-cp32/uJ11-fpga/build/cp32a/impl1/cp32a_impl1_scck.rpt"
@N: MF916 |Option synthesis_strategy=base is enabled. 
@N: MF248 |Running in 64-bit mode.
@N: MF666 |Clock conversion enabled. (Command "set_option -fix_gated_and_generated_clocks 1" in the project file.)

Design Input Complete (Real Time elapsed 0h:00m:00s; CPU Time elapsed 0h:00m:00s; Memory used current: 458MB peak: 459MB)


Mapper Initialization Complete (Real Time elapsed 0h:00m:00s; CPU Time elapsed 0h:00m:00s; Memory used current: 458MB peak: 459MB)


Start loading timing files (Real Time elapsed 0h:00m:00s; CPU Time elapsed 0h:00m:00s; Memory used current: 463MB peak: 463MB)


Finished loading timing files (Real Time elapsed 0h:00m:00s; CPU Time elapsed 0h:00m:00s; Memory used current: 465MB peak: 465MB)

NConnInternalConnection caching is on

Starting HSTDM IP insertion (Real Time elapsed 0h:00m:00s; CPU Time elapsed 0h:00m:00s; Memory used current: 512MB peak: 512MB)


Finished HSTDM IP insertion (Real Time elapsed 0h:00m:00s; CPU Time elapsed 0h:00m:00s; Memory used current: 512MB peak: 512MB)


Started DisTri Cleanup (Real Time elapsed 0h:00m:00s; CPU Time elapsed 0h:00m:00s; Memory used current: 512MB peak: 512MB)


Finished DisTri Cleanup (Real Time elapsed 0h:00m:00s; CPU Time elapsed 0h:00m:00s; Memory used current: 512MB peak: 512MB)


Starting clock optimization phase (Real Time elapsed 0h:00m:00s; CPU Time elapsed 0h:00m:00s; Memory used current: 512MB peak: 512MB)


mixed edge conversion for GCC is OFF

Finished clock optimization phase (Real Time elapsed 0h:00m:00s; CPU Time elapsed 0h:00m:00s; Memory used current: 512MB peak: 512MB)


Starting clock optimization report phase (Real Time elapsed 0h:00m:00s; CPU Time elapsed 0h:00m:00s; Memory used current: 512MB peak: 512MB)


Finished clock optimization report phase (Real Time elapsed 0h:00m:00s; CPU Time elapsed 0h:00m:00s; Memory used current: 512MB peak: 512MB)

@N: FX1184 |Applying syn_allowed_resources blockrams=7 on top level netlist uj11_probe_mmu 

Finished netlist restructuring (Real Time elapsed 0h:00m:00s; CPU Time elapsed 0h:00m:00s; Memory used current: 512MB peak: 512MB)



Clock Summary
******************

          Start                  Requested     Requested     Clock        Clock          Clock
Level     Clock                  Frequency     Period        Type         Group          Load 
----------------------------------------------------------------------------------------------
0 -       uj11_probe_mmu|clk     1.0 MHz       1000.000      inferred     (multiple)     80   
==============================================================================================



Clock Load Summary
***********************

                       Clock     Source        Clock Pin           Non-clock Pin     Non-clock Pin
Clock                  Load      Pin           Seq Example         Seq Example       Comb Example 
--------------------------------------------------------------------------------------------------
uj11_probe_mmu|clk     80        clk(port)     observe[27:0].C     -                 -            
==================================================================================================

@W: MT529 :"/tmp/uj11-cp32/uJ11-fpga/synth/machxo2/uj11_probe_mmu.v":15:4:15:9|Found inferred clock uj11_probe_mmu|clk which controls 80 sequential elements including stimulus[51:0]. This clock has no specified timing constraint which may prevent conversion of gated or generated clocks and may adversely impact design performance. 

ICG Latch Removal Summary:
Number of ICG latches removed: 0
Number of ICG latches not removed:	0


@S |Clock Optimization Summary



#### START OF PREMAP CLOCK OPTIMIZATION REPORT #####[

1 non-gated/non-generated clock tree(s) driving 80 clock pin(s) of sequential element(s)
0 gated/generated clock tree(s) driving 0 clock pin(s) of sequential element(s)
0 instances converted, 0 sequential instances remain driven by gated/generated clocks

=========================== Non-Gated/Non-Generated Clocks ============================
Clock Tree ID     Driving Element     Drive Element Type     Fanout     Sample Instance
---------------------------------------------------------------------------------------
@KP:ckid0_0       clk                 port                   80         stimulus[51:0] 
=======================================================================================


##### END OF CLOCK OPTIMIZATION REPORT ######


Summary of user generated gated clocks:
0 user generated gated/generated clock tree(s) driving 0 clock pin(s) of sequential element(s)

@N: FX1143 |Skipping assigning INTERNAL_VREF to iobanks, because the table of mapping from pin to iobank is not initialized.
Finished Pre Mapping Phase.

Starting constraint checker (Real Time elapsed 0h:00m:00s; CPU Time elapsed 0h:00m:00s; Memory used current: 512MB peak: 512MB)


Finished constraint checker preprocessing (Real Time elapsed 0h:00m:00s; CPU Time elapsed 0h:00m:00s; Memory used current: 512MB peak: 512MB)


Finished constraint checker (Real Time elapsed 0h:00m:00s; CPU Time elapsed 0h:00m:00s; Memory used current: 512MB peak: 512MB)

Pre-mapping successful!

At Mapper Exit (Real Time elapsed 0h:00m:00s; CPU Time elapsed 0h:00m:00s; Memory used current: 424MB peak: 512MB)

Process took 0h:00m:01s realtime, 0h:00m:01s cputime
# Thu Sep 10 08:43:38 2026

###########################################################]
Map & Optimize Report

# Thu Sep 10 08:43:39 2026


Copyright (C) 1994-2023 Synopsys, Inc.
This Synopsys software and all associated documentation are proprietary to Synopsys, Inc.
and may only be used pursuant to the terms and conditions of a written license agreement
with Synopsys, Inc. All other use, reproduction, modification, or distribution of the
Synopsys software or the associated documentation is strictly prohibited.
Tool: Synplify Pro (R)
Build: V-2023.09L-2
Install: /home/sash/.local/lscc/diamond/3.14/synpbase
OS: Ubuntu 24.04.4 LTS
Hostname: sashz-ubuntu
max virtual memory: unlimited (bytes)
max user processes: 512757
max stack size: 8388608 (bytes)


Implementation : impl1
Synopsys Lattice Technology Mapper, Version map202309lat, Build 191R, Built Sep 17 2024 09:08:23, @5637152


Mapper Startup Complete (Real Time elapsed 0h:00m:00s; CPU Time elapsed 0h:00m:00s; Memory used current: 439MB peak: 439MB)

@N: MF916 |Option synthesis_strategy=base is enabled. 
@N: MF248 |Running in 64-bit mode.
@N: MF666 |Clock conversion enabled. (Command "set_option -fix_gated_and_generated_clocks 1" in the project file.)

Design Input Complete (Real Time elapsed 0h:00m:00s; CPU Time elapsed 0h:00m:00s; Memory used current: 452MB peak: 454MB)


Mapper Initialization Complete (Real Time elapsed 0h:00m:00s; CPU Time elapsed 0h:00m:00s; Memory used current: 452MB peak: 454MB)


Start loading timing files (Real Time elapsed 0h:00m:00s; CPU Time elapsed 0h:00m:00s; Memory used current: 455MB peak: 455MB)


Finished loading timing files (Real Time elapsed 0h:00m:00s; CPU Time elapsed 0h:00m:00s; Memory used current: 463MB peak: 463MB)



Starting Optimization and Mapping (Real Time elapsed 0h:00m:00s; CPU Time elapsed 0h:00m:00s; Memory used current: 510MB peak: 510MB)


Available hyper_sources - for debug and ip models
	None Found


Finished RTL optimizations (Real Time elapsed 0h:00m:00s; CPU Time elapsed 0h:00m:00s; Memory used current: 511MB peak: 511MB)

@W: BN161 :"/tmp/uj11-cp32/uJ11-fpga/synth/machxo2/uj11_probe_mmu.v":4:7:4:20|Net N_30 has multiple drivers .

Starting factoring (Real Time elapsed 0h:00m:00s; CPU Time elapsed 0h:00m:00s; Memory used current: 511MB peak: 511MB)


Finished factoring (Real Time elapsed 0h:00m:00s; CPU Time elapsed 0h:00m:00s; Memory used current: 512MB peak: 512MB)

NConnInternalConnection caching is on

Finished generic timing optimizations - Pass 1 (Real Time elapsed 0h:00m:00s; CPU Time elapsed 0h:00m:00s; Memory used current: 512MB peak: 512MB)

@W: BN161 :"/tmp/uj11-cp32/uJ11-fpga/synth/machxo2/uj11_probe_mmu.v":4:7:4:20|Net N_54 has multiple drivers .
@W: BN161 :"/tmp/uj11-cp32/uJ11-fpga/synth/machxo2/uj11_probe_mmu.v":4:7:4:20|Net mmu.un1_virtual_address has multiple drivers .
@W: BN161 :"/tmp/uj11-cp32/uJ11-fpga/synth/machxo2/uj11_probe_mmu.v":4:7:4:20|Net mmu.un1_virtual_address_axb_7 has multiple drivers .
@W: BN161 :"/tmp/uj11-cp32/uJ11-fpga/synth/machxo2/uj11_probe_mmu.v":4:7:4:20|Net mmu.un1_par has multiple drivers .
@W: BN161 :"/tmp/uj11-cp32/uJ11-fpga/synth/machxo2/uj11_probe_mmu.v":4:7:4:20|Net mmu.un1_par_axb_7 has multiple drivers .
@W: BN161 :"/tmp/uj11-cp32/uJ11-fpga/synth/machxo2/uj11_probe_mmu.v":4:7:4:20|Net mmu.un1_par_axb_8 has multiple drivers .
@W: BN161 :"/tmp/uj11-cp32/uJ11-fpga/synth/machxo2/uj11_probe_mmu.v":4:7:4:20|Net mmu.un1_par_axb_9 has multiple drivers .
@W: BN161 :"/tmp/uj11-cp32/uJ11-fpga/synth/machxo2/uj11_probe_mmu.v":4:7:4:20|Net mmu.un1_par_axb_10 has multiple drivers .
@W: BN161 :"/tmp/uj11-cp32/uJ11-fpga/synth/machxo2/uj11_probe_mmu.v":4:7:4:20|Net mmu.un1_par_axb_11 has multiple drivers .
@W: BN161 :"/tmp/uj11-cp32/uJ11-fpga/synth/machxo2/uj11_probe_mmu.v":4:7:4:20|Net mmu.un1_par_axb_12 has multiple drivers .
@W: BN161 :"/tmp/uj11-cp32/uJ11-fpga/synth/machxo2/uj11_probe_mmu.v":4:7:4:20|Net mmu.un1_par_axb_13 has multiple drivers .
@W: BN161 :"/tmp/uj11-cp32/uJ11-fpga/synth/machxo2/uj11_probe_mmu.v":4:7:4:20|Net mmu.un1_par_axb_14 has multiple drivers .
@W: BN161 :"/tmp/uj11-cp32/uJ11-fpga/synth/machxo2/uj11_probe_mmu.v":4:7:4:20|Net mmu.un1_par_axb_15 has multiple drivers .

Starting Early Timing Optimization (Real Time elapsed 0h:00m:00s; CPU Time elapsed 0h:00m:00s; Memory used current: 512MB peak: 512MB)


Finished Early Timing Optimization (Real Time elapsed 0h:00m:00s; CPU Time elapsed 0h:00m:00s; Memory used current: 512MB peak: 512MB)


Finished generic timing optimizations - Pass 2 (Real Time elapsed 0h:00m:00s; CPU Time elapsed 0h:00m:00s; Memory used current: 512MB peak: 512MB)


Finished preparing to map (Real Time elapsed 0h:00m:00s; CPU Time elapsed 0h:00m:00s; Memory used current: 512MB peak: 512MB)


Finished technology mapping (Real Time elapsed 0h:00m:00s; CPU Time elapsed 0h:00m:00s; Memory used current: 512MB peak: 512MB)

Pass		 CPU time		Worst Slack		Luts / Registers
------------------------------------------------------------
   1		0h:00m:00s		   990.41ns		  44 /        75

Finished technology timing optimizations and critical path resynthesis (Real Time elapsed 0h:00m:00s; CPU Time elapsed 0h:00m:00s; Memory used current: 512MB peak: 512MB)

@N: FX164 |The option to pack registers in the IOB has not been specified. Please set syn_useioff attribute.  

Finished restoring hierarchy (Real Time elapsed 0h:00m:00s; CPU Time elapsed 0h:00m:00s; Memory used current: 512MB peak: 512MB)


Starting CDBProcessSetClockGroups... (Real Time elapsed 0h:00m:00s; CPU Time elapsed 0h:00m:00s; Memory used current: 512MB peak: 512MB)


Finished with CDBProcessSetClockGroups (Real Time elapsed 0h:00m:00s; CPU Time elapsed 0h:00m:00s; Memory used current: 512MB peak: 512MB)


Start Writing Netlists (Real Time elapsed 0h:00m:00s; CPU Time elapsed 0h:00m:00s; Memory used current: 512MB peak: 512MB)

Writing Analyst data base /tmp/uj11-cp32/uJ11-fpga/build/cp32a/impl1/synwork/cp32a_impl1_m.srm

Finished Writing Netlist Databases (Real Time elapsed 0h:00m:00s; CPU Time elapsed 0h:00m:00s; Memory used current: 513MB peak: 513MB)

Writing EDIF Netlist and constraint files
@N: FX1056 |Writing EDF file: /tmp/uj11-cp32/uJ11-fpga/build/cp32a/impl1/cp32a_impl1.edi
@N: BW106 |Synplicity Constraint File capacitance units using default value of 1pF 

Finished Writing EDIF Netlist and constraint files (Real Time elapsed 0h:00m:00s; CPU Time elapsed 0h:00m:00s; Memory used current: 520MB peak: 520MB)


Finished Writing Netlists (Real Time elapsed 0h:00m:00s; CPU Time elapsed 0h:00m:00s; Memory used current: 520MB peak: 520MB)


Start final timing analysis (Real Time elapsed 0h:00m:00s; CPU Time elapsed 0h:00m:00s; Memory used current: 520MB peak: 520MB)

@W: MT420 |Found inferred clock uj11_probe_mmu|clk with period 1000.00ns. Please declare a user-defined clock on port clk.


##### START OF TIMING REPORT #####[
# Timing report written on Thu Sep 10 08:43:39 2026
#


Top view:               uj11_probe_mmu
Requested Frequency:    1.0 MHz
Wire load mode:         top
Paths requested:        5
Constraint File(s):    
@N: MT320 |This timing report is an estimate of place and route data. For final timing results, use the FPGA vendor place and route report.

@N: MT322 |Clock constraints include only register-to-register paths associated with each individual clock.



Performance Summary
*******************


Worst slack in design: 989.513

                       Requested     Estimated     Requested     Estimated                 Clock        Clock     
Starting Clock         Frequency     Frequency     Period        Period        Slack       Type         Group     
------------------------------------------------------------------------------------------------------------------
uj11_probe_mmu|clk     1.0 MHz       95.4 MHz      1000.000      10.487        989.513     inferred     (multiple)
==================================================================================================================





Clock Relationships
*******************

Clocks                                  |    rise  to  rise     |    fall  to  fall   |    rise  to  fall   |    fall  to  rise 
--------------------------------------------------------------------------------------------------------------------------------
Starting            Ending              |  constraint  slack    |  constraint  slack  |  constraint  slack  |  constraint  slack
--------------------------------------------------------------------------------------------------------------------------------
uj11_probe_mmu|clk  uj11_probe_mmu|clk  |  1000.000    989.513  |  No paths    -      |  No paths    -      |  No paths    -    
================================================================================================================================
 Note: 'No paths' indicates there are no paths in the design for that pair of clock edges.
       'Diff grp' indicates that paths exist but the starting clock and ending clock are in different clock groups.



Interface Information 
*********************

No IO constraint found



====================================
Detailed Report for Clock: uj11_probe_mmu|clk
====================================



Starting Points with Worst Slack
********************************

                 Starting                                                    Arrival            
Instance         Reference              Type        Pin     Net              Time        Slack  
                 Clock                                                                          
------------------------------------------------------------------------------------------------
stimulus[38]     uj11_probe_mmu|clk     FD1S3IX     Q       stimulus[38]     1.180       989.513
stimulus[16]     uj11_probe_mmu|clk     FD1S3IX     Q       stimulus[16]     1.108       989.585
stimulus[39]     uj11_probe_mmu|clk     FD1S3IX     Q       stimulus[39]     1.148       989.688
stimulus[40]     uj11_probe_mmu|clk     FD1S3IX     Q       stimulus[40]     1.148       989.688
stimulus[17]     uj11_probe_mmu|clk     FD1S3IX     Q       stimulus[17]     1.044       989.792
stimulus[18]     uj11_probe_mmu|clk     FD1S3IX     Q       stimulus[18]     1.044       989.792
stimulus[41]     uj11_probe_mmu|clk     FD1S3IX     Q       stimulus[41]     1.148       989.831
stimulus[42]     uj11_probe_mmu|clk     FD1S3IX     Q       stimulus[42]     1.148       989.831
stimulus[19]     uj11_probe_mmu|clk     FD1S3IX     Q       stimulus[19]     1.044       989.935
stimulus[20]     uj11_probe_mmu|clk     FD1S3IX     Q       stimulus[20]     1.044       989.935
================================================================================================


Ending Points with Worst Slack
******************************

                Starting                                                              Required            
Instance        Reference              Type        Pin     Net                        Time         Slack  
                Clock                                                                                     
----------------------------------------------------------------------------------------------------------
observe[0]      uj11_probe_mmu|clk     FD1S3IX     D       observe_RNO[0]             1000.089     989.513
observe[2]      uj11_probe_mmu|clk     FD1S3IX     D       mmu.un1_ram_selected_i     999.894      989.864
observe[1]      uj11_probe_mmu|clk     FD1S3IX     D       io_selected                999.894      989.936
observe[25]     uj11_probe_mmu|clk     FD1S3IX     D       physical_address[19]       999.894      991.361
observe[26]     uj11_probe_mmu|clk     FD1S3IX     D       physical_address[20]       999.894      991.361
observe[24]     uj11_probe_mmu|clk     FD1S3IX     D       physical_address[18]       999.894      991.401
observe[27]     uj11_probe_mmu|clk     FD1S3IX     D       physical_address[21]       999.894      991.401
observe[4]      uj11_probe_mmu|clk     FD1S3IX     D       observe_0[4]               1000.089     993.447
observe[23]     uj11_probe_mmu|clk     FD1S3IX     D       physical_address[17]       999.894      993.682
observe[21]     uj11_probe_mmu|clk     FD1S3IX     D       physical_address[15]       999.894      993.889
==========================================================================================================



Worst Path Information
***********************


Path information for path number 1: 
      Requested Period:                      1000.000
    - Setup time:                            -0.089
    + Clock delay at ending point:           0.000 (ideal)
    = Required time:                         1000.089

    - Propagation time:                      10.575
    - Clock delay at starting point:         0.000 (ideal)
    = Slack (critical) :                     989.513

    Number of logic level(s):                13
    Starting point:                          stimulus[38] / Q
    Ending point:                            observe[0] / D
    The start point is clocked by            uj11_probe_mmu|clk [rising] (rise=0.000 fall=500.000 period=1000.000) on pin CK
    The end   point is clocked by            uj11_probe_mmu|clk [rising] (rise=0.000 fall=500.000 period=1000.000) on pin CK

Instance / Net                                 Pin      Pin               Arrival      No. of    
Name                              Type         Name     Dir     Delay     Time         Fan Out(s)
-------------------------------------------------------------------------------------------------
stimulus[38]                      FD1S3IX      Q        Out     1.180     1.180 r      -         
stimulus[38]                      Net          -        -       -         -            5         
mmu.un1_par_cry_0_0               CCU2D        B1       In      0.000     1.180 r      -         
mmu.un1_par_cry_0_0               CCU2D        COUT     Out     1.544     2.724 r      -         
un1_par_cry_0                     Net          -        -       -         -            1         
mmu.un1_par_cry_1_0               CCU2D        CIN      In      0.000     2.724 r      -         
mmu.un1_par_cry_1_0               CCU2D        COUT     Out     0.143     2.867 r      -         
un1_par_cry_2                     Net          -        -       -         -            1         
mmu.un1_par_cry_3_0               CCU2D        CIN      In      0.000     2.867 r      -         
mmu.un1_par_cry_3_0               CCU2D        COUT     Out     0.143     3.010 r      -         
un1_par_cry_4                     Net          -        -       -         -            1         
mmu.un1_par_cry_5_0               CCU2D        CIN      In      0.000     3.010 r      -         
mmu.un1_par_cry_5_0               CCU2D        COUT     Out     0.143     3.153 r      -         
un1_par_cry_6                     Net          -        -       -         -            1         
mmu.un1_par_cry_7_0               CCU2D        CIN      In      0.000     3.153 r      -         
mmu.un1_par_cry_7_0               CCU2D        COUT     Out     0.143     3.296 r      -         
un1_par_cry_8                     Net          -        -       -         -            1         
mmu.un1_par_cry_9_0               CCU2D        CIN      In      0.000     3.296 r      -         
mmu.un1_par_cry_9_0               CCU2D        S1       Out     1.621     4.917 r      -         
un1_par_cry_9_0_S1                Net          -        -       -         -            2         
mmu.io18_1                        ORCALUT4     B        In      0.000     4.917 r      -         
mmu.io18_1                        ORCALUT4     Z        Out     1.017     5.933 r      -         
io18_1                            Net          -        -       -         -            1         
mmu.io18                          ORCALUT4     A        In      0.000     5.933 r      -         
mmu.io18                          ORCALUT4     Z        Out     1.193     7.126 r      -         
io18                              Net          -        -       -         -            4         
mmu.physical_address_1_bm[18]     ORCALUT4     A        In      0.000     7.126 r      -         
mmu.physical_address_1_bm[18]     ORCALUT4     Z        Out     1.017     8.143 r      -         
physical_address_1_bm[18]         Net          -        -       -         -            1         
mmu.physical_address_1[18]        PFUMX        ALUT     In      0.000     8.143 r      -         
mmu.physical_address_1[18]        PFUMX        Z        Out     0.350     8.493 r      -         
physical_address[18]              Net          -        -       -         -            3         
mmu.io_selected_4                 ORCALUT4     D        In      0.000     8.493 r      -         
mmu.io_selected_4                 ORCALUT4     Z        Out     1.017     9.510 r      -         
io_selected_4                     Net          -        -       -         -            1         
mmu.io_selected                   ORCALUT4     A        In      0.000     9.510 r      -         
mmu.io_selected                   ORCALUT4     Z        Out     0.449     9.959 r      -         
io_selected                       Net          -        -       -         -            2         
observe_RNO[0]                    ORCALUT4     A        In      0.000     9.959 r      -         
observe_RNO[0]                    ORCALUT4     Z        Out     0.617     10.575 f     -         
observe_RNO[0]                    Net          -        -       -         -            1         
observe[0]                        FD1S3IX      D        In      0.000     10.575 f     -         
=================================================================================================



##### END OF TIMING REPORT #####]

Timing exceptions that could not be applied

Finished final timing analysis (Real Time elapsed 0h:00m:00s; CPU Time elapsed 0h:00m:00s; Memory used current: 520MB peak: 520MB)


Finished timing report (Real Time elapsed 0h:00m:00s; CPU Time elapsed 0h:00m:00s; Memory used current: 520MB peak: 520MB)

---------------------------------------
Resource Usage Report
Part: lcmxo2_1200hc-4

Register bits: 80 of 1280 (6%)
PIC Latch:       0
I/O cells:       4


Details:
CCU2D:          14
FD1S3IX:        79
GSR:            1
IB:             3
IFS1P3IX:       1
OB:             1
ORCALUT4:       44
PFUMX:          4
PUR:            1
VHI:            2
VLO:            2
Mapper successful!

At Mapper Exit (Real Time elapsed 0h:00m:00s; CPU Time elapsed 0h:00m:00s; Memory used current: 432MB peak: 520MB)

Process took 0h:00m:01s realtime, 0h:00m:01s cputime
# Thu Sep 10 08:43:39 2026

###########################################################]


Synthesis exit by 0.

edif2ngd  -l "MachXO2" -d LCMXO2-1200HC -path "/tmp/uj11-cp32/uJ11-fpga/build/cp32a/impl1" -path "/tmp/uj11-cp32/uJ11-fpga/build/cp32a"   "/tmp/uj11-cp32/uJ11-fpga/build/cp32a/impl1/cp32a_impl1.edi" "cp32a_impl1.ngo"   
edif2ngd:  version Diamond (64-bit) 3.14.0.75.2

Copyright (c) 1991-1994 by NeoCAD Inc. All rights reserved.
Copyright (c) 1995 AT&T Corp.   All rights reserved.
Copyright (c) 1995-2001 Lucent Technologies Inc.  All rights reserved.
Copyright (c) 2001 Agere Systems   All rights reserved.
Copyright (c) 2002-2024 Lattice Semiconductor Corporation,  All rights reserved.
Writing the design to cp32a_impl1.ngo...

Total CPU Time: 0 secs  
Total REAL Time: 0 secs  
Peak Memory Usage: 31 MB


ngdbuild  -a "MachXO2" -d LCMXO2-1200HC  -p "/home/sash/.local/lscc/diamond/3.14/ispfpga/xo2c00/data"  -p "/tmp/uj11-cp32/uJ11-fpga/build/cp32a/impl1" -p "/tmp/uj11-cp32/uJ11-fpga/build/cp32a"  "cp32a_impl1.ngo" "cp32a_impl1.ngd"  	
ngdbuild:  version Diamond (64-bit) 3.14.0.75.2

Copyright (c) 1991-1994 by NeoCAD Inc. All rights reserved.
Copyright (c) 1995 AT&T Corp.   All rights reserved.
Copyright (c) 1995-2001 Lucent Technologies Inc.  All rights reserved.
Copyright (c) 2001 Agere Systems   All rights reserved.
Copyright (c) 2002-2024 Lattice Semiconductor Corporation,  All rights reserved.
Reading 'cp32a_impl1.ngo' ...
Loading NGL library '/home/sash/.local/lscc/diamond/3.14/ispfpga/xo2c00a/data/xo2alib.ngl'...
Loading NGL library '/home/sash/.local/lscc/diamond/3.14/ispfpga/xo2c00/data/xo2clib.ngl'...
Loading NGL library '/home/sash/.local/lscc/diamond/3.14/ispfpga/mg5g00/data/mg5glib.ngl'...
Loading NGL library '/home/sash/.local/lscc/diamond/3.14/ispfpga/or5g00/data/orc5glib.ngl'...


Running DRC...

DRC complete with no errors or warnings

Design Results:
    151 blocks expanded
Complete the first expansion.
Writing 'cp32a_impl1.ngd' ...
Total CPU Time: 0 secs 
Total REAL Time: 0 secs 
Peak Memory Usage: 66 MB


map -a "MachXO2" -p LCMXO2-1200HC -t QFN32 -s 4 -oc Commercial   "cp32a_impl1.ngd" -o "cp32a_impl1_map.ncd" -pr "cp32a_impl1.prf" -mp "cp32a_impl1.mrp" -lpf "/tmp/uj11-cp32/uJ11-fpga/build/cp32a/impl1/cp32a_impl1_synplify.lpf" -lpf "/tmp/uj11-cp32/uJ11-fpga/build/cp32a/clock.lpf"  -c 0 -pe          
map:  version Diamond (64-bit) 3.14.0.75.2

Copyright (c) 1991-1994 by NeoCAD Inc. All rights reserved.
Copyright (c) 1995 AT&T Corp.   All rights reserved.
Copyright (c) 1995-2001 Lucent Technologies Inc.  All rights reserved.
Copyright (c) 2001 Agere Systems   All rights reserved.
Copyright (c) 2002-2024 Lattice Semiconductor Corporation,  All rights reserved.
   Process the file: cp32a_impl1.ngd
   Picdevice="LCMXO2-1200HC"

   Pictype="QFN32"

   Picspeed=4

   Remove unused logic

   Do not produce over sized NCDs.

Part used: LCMXO2-1200HCQFN32, Performance used: 4.

Loading device for application map from file 'xo2c1200.nph' in environment: /home/sash/.local/lscc/diamond/3.14/ispfpga.
Package Status:                     Final          Version 1.44.

Running general design DRC...

Removing unused logic...

Optimizing...

2 CCU2 constant inputs absorbed.




Design Summary:
   Number of registers:     80 out of  1346 (6%)
      PFU registers:           79 out of  1280 (6%)
      PIO registers:            1 out of    66 (2%)
   Number of SLICEs:        42 out of   640 (7%)
      SLICEs as Logic/ROM:     42 out of   640 (7%)
      SLICEs as RAM:            0 out of   480 (0%)
      SLICEs as Carry:         14 out of   640 (2%)
   Number of LUT4s:         72 out of  1280 (6%)
      Number used as logic LUTs:         44
      Number used as distributed RAM:     0
      Number used as ripple logic:       28
      Number used as shift registers:     0
   Number of PIO sites used: 4 + 4(JTAG) out of 22 (36%)
   Number of block RAMs:  0 out of 7 (0%)
   Number of GSRs:        0 out of 1 (0%)
   EFB used :        No
   JTAG used :       No
   Readback used :   No
   Oscillator used : No
   Startup used :    No
   POR :             On
   Bandgap :         On
   Number of Power Controller:  0 out of 1 (0%)
   Number of Dynamic Bank Controller (BCINRD):  0 out of 4 (0%)
   Number of Dynamic Bank Controller (BCLVDSO):  0 out of 1 (0%)
   Number of DCCA:  0 out of 8 (0%)
   Number of DCMA:  0 out of 2 (0%)
   Number of PLLs:  0 out of 1 (0%)
   Number of DQSDLLs:  0 out of 2 (0%)
   Number of CLKDIVC:  0 out of 4 (0%)
   Number of ECLKSYNCA:  0 out of 4 (0%)
   Number of ECLKBRIDGECS:  0 out of 2 (0%)
   Notes:-
      1. Total number of LUT4s = (Number of logic LUT4s) + 2*(Number of distributed RAMs) + 2*(Number of ripple logic)
      2. Number of logic LUT4s does not include count of distributed RAM and ripple logic.
   Number of clocks:  1
     Net clk_c: 43 loads, 43 rising, 0 falling (Driver: PIO clk )
   Number of Clock Enables:  0
   Number of LSRs:  1
     Net reset_c: 43 loads, 42 LSLICEs
   Number of nets driven by tri-state buffers:  0
   Top 10 highest fanout non-clock nets:
     Net reset_c: 43 loads
     Net stimulus[51]: 19 loads
     Net stimulus[45]: 7 loads
     Net stimulus[46]: 7 loads
     Net stimulus[47]: 7 loads
     Net stimulus[38]: 5 loads
     Net stimulus[50]: 5 loads
     Net mmu/io18: 4 loads
     Net physical_address[19]: 4 loads
     Net physical_address[20]: 4 loads
 

   Number of warnings:  0
   Number of errors:    0



Total CPU Time: 0 secs  
Total REAL Time: 0 secs  
Peak Memory Usage: 149 MB

Dumping design to file cp32a_impl1_map.ncd.

mpartrce -p "cp32a_impl1.p2t" -f "cp32a_impl1.p3t" -tf "cp32a_impl1.pt" "cp32a_impl1_map.ncd" "cp32a_impl1.ncd"

---- MParTrce Tool ----
Removing old design directory at request of -rem command line option to this program.
Running par. Please wait . . .

Lattice Place and Route Report for Design "cp32a_impl1_map.ncd"
Thu Sep 10 08:43:40 2026

PAR: Place And Route Diamond (64-bit) 3.14.0.75.2.
Command Line: par -w -l 5 -i 6 -t 1 -c 0 -e 0 -exp parUseNBR=1:parCDP=0:parCDR=0:parPathBased=OFF:parASE=1 cp32a_impl1_map.ncd cp32a_impl1.dir/5_1.ncd cp32a_impl1.prf
Preference file: cp32a_impl1.prf.
Placement level-cost: 5-1.
Routing Iterations: 6

Loading design for application par from file cp32a_impl1_map.ncd.
Design name: uj11_probe_mmu
NCD version: 3.3
Vendor:      LATTICE
Device:      LCMXO2-1200HC
Package:     QFN32
Performance: 4
Loading device for application par from file 'xo2c1200.nph' in environment: /home/sash/.local/lscc/diamond/3.14/ispfpga.
Package Status:                     Final          Version 1.44.
Performance Hardware Data Status:   Final          Version 36.4.
License checked out.


Ignore Preference Error(s):  True
Device utilization summary:

   PIO (prelim)    4+4(JTAG)/108     7% used
                   4+4(JTAG)/22      36% bonded
   IOLOGIC            1/108          <1% used

   SLICE             42/640           6% used



Number of Signals: 157
Number of Connections: 367

Pin Constraint Summary:
   0 out of 4 pins locked (0% locked).

The following 1 signal is selected to use the primary clock routing resources:
    clk_c (driver: clk, clk load #: 43)


The following 1 signal is selected to use the secondary clock routing resources:
    reset_c (driver: reset, clk load #: 0, sr load #: 43, ce load #: 0)

No signal is selected as Global Set/Reset.
.
Starting Placer Phase 0.
..........
Finished Placer Phase 0.  REAL time: 0 secs 

Starting Placer Phase 1.
...................
Placer score = 10688.
Finished Placer Phase 1.  REAL time: 0 secs 

Starting Placer Phase 2.
.
Placer score =  10683
Finished Placer Phase 2.  REAL time: 0 secs 


------------------ Clock Report ------------------

Global Clock Resources:
  CLK_PIN    : 2 out of 8 (25%)
  PLL        : 0 out of 1 (0%)
  DCM        : 0 out of 2 (0%)
  DCC        : 0 out of 8 (0%)

Global Clocks:
  PRIMARY "clk_c" from comp "clk" on CLK_PIN site "13 (PB11A)", clk load = 43
  SECONDARY "reset_c" from comp "reset" on CLK_PIN site "4 (PL9A)", clk load = 0, ce load = 0, sr load = 43

  PRIMARY  : 1 out of 8 (12%)
  SECONDARY: 1 out of 8 (12%)

Edge Clocks:
  No edge clock selected.

--------------- End of Clock Report ---------------


I/O Usage Summary (final):
   4 + 4(JTAG) out of 108 (7.4%) PIO sites used.
   4 + 4(JTAG) out of 22 (36.4%) bonded PIO sites used.
   Number of PIO comps: 4; differential: 0.
   Number of Vref pins used: 0.

I/O Bank Usage Summary:
+----------+--------------+------------+-----------+
| I/O Bank | Usage        | Bank Vccio | Bank Vref |
+----------+--------------+------------+-----------+
| 0        | 1 / 9 ( 11%) | 3.3V       | -         |
| 1        | 0 / 2 (  0%) | -          | -         |
| 2        | 2 / 9 ( 22%) | 3.3V       | -         |
| 3        | 1 / 2 ( 50%) | 3.3V       | -         |
+----------+--------------+------------+-----------+

Total placer CPU time: 1 secs 

Dumping design to file cp32a_impl1.dir/5_1.ncd.

0 connections routed; 367 unrouted.
Starting router resource preassignment

Completed router resource preassignment. Real time: 2 secs 

Start NBR router at Thu Sep 10 08:43:42 +04 2026

*****************************************************************
Info: NBR allows conflicts(one node used by more than one signal)
      in the earlier iterations. In each iteration, it tries to  
      solve the conflicts while keeping the critical connections 
      routed as short as possible. The routing process is said to
      be completed when no conflicts exist and all connections   
      are routed.                                                
Note: NBR uses a different method to calculate timing slacks. The
      worst slack and total negative slack may not be the same as
      that in TRCE report. You should always run TRCE to verify  
      your design.                                               
*****************************************************************

Start NBR special constraint process at Thu Sep 10 08:43:42 +04 2026

Start NBR section for initial routing at Thu Sep 10 08:43:42 +04 2026
Level 4, iteration 1
17(0.02%) conflicts; 0(0.00%) untouched conn; 0 (nbr) score; 
Estimated worst slack/total negative slack<setup>: 21.258ns/0.000ns; real time: 2 secs 

Info: Initial congestion level at 75% usage is 0
Info: Initial congestion area  at 75% usage is 0 (0.00%)

Start NBR section for normal routing at Thu Sep 10 08:43:42 +04 2026
Level 4, iteration 1
9(0.01%) conflicts; 0(0.00%) untouched conn; 0 (nbr) score; 
Estimated worst slack/total negative slack<setup>: 20.960ns/0.000ns; real time: 2 secs 
Level 4, iteration 2
4(0.00%) conflicts; 0(0.00%) untouched conn; 0 (nbr) score; 
Estimated worst slack/total negative slack<setup>: 20.334ns/0.000ns; real time: 2 secs 
Level 4, iteration 3
2(0.00%) conflicts; 0(0.00%) untouched conn; 0 (nbr) score; 
Estimated worst slack/total negative slack<setup>: 20.334ns/0.000ns; real time: 2 secs 
Level 4, iteration 4
1(0.00%) conflict; 0(0.00%) untouched conn; 0 (nbr) score; 
Estimated worst slack/total negative slack<setup>: 20.334ns/0.000ns; real time: 2 secs 
Level 4, iteration 5
0(0.00%) conflict; 0(0.00%) untouched conn; 0 (nbr) score; 
Estimated worst slack/total negative slack<setup>: 20.334ns/0.000ns; real time: 2 secs 

Start NBR section for setup/hold timing optimization with effort level 3 at Thu Sep 10 08:43:42 +04 2026

Start NBR section for re-routing at Thu Sep 10 08:43:42 +04 2026
Level 4, iteration 1
0(0.00%) conflict; 0(0.00%) untouched conn; 0 (nbr) score; 
Estimated worst slack/total negative slack<setup>: 20.334ns/0.000ns; real time: 2 secs 

Start NBR section for post-routing at Thu Sep 10 08:43:42 +04 2026

End NBR router with 0 unrouted connection

NBR Summary
-----------
  Number of unrouted connections : 0 (0.00%)
  Number of connections with timing violations : 0 (0.00%)
  Estimated worst slack<setup> : 20.334ns
  Timing score<setup> : 0
-----------
Notes: The timing info is calculated for SETUP only and all PAR_ADJs are ignored.



Total CPU time 1 secs 
Total REAL time: 2 secs 
Completely routed.
End of route.  367 routed (100.00%); 0 unrouted.

Hold time timing score: 0, hold timing errors: 0

Timing score: 0 

Dumping design to file cp32a_impl1.dir/5_1.ncd.


PAR_SUMMARY::Run status = Completed
PAR_SUMMARY::Number of unrouted conns = 0
PAR_SUMMARY::Worst  slack<setup/<ns>> = 20.334
PAR_SUMMARY::Timing score<setup/<ns>> = 0.000
PAR_SUMMARY::Worst  slack<hold /<ns>> = 0.304
PAR_SUMMARY::Timing score<hold /<ns>> = 0.000
PAR_SUMMARY::Number of errors = 0

Total CPU  time to completion: 1 secs 
Total REAL time to completion: 2 secs 

par done!

Note: user must run 'Trace' for timing closure signoff.

Copyright (c) 1991-1994 by NeoCAD Inc. All rights reserved.
Copyright (c) 1995 AT&T Corp.   All rights reserved.
Copyright (c) 1995-2001 Lucent Technologies Inc.  All rights reserved.
Copyright (c) 2001 Agere Systems   All rights reserved.
Copyright (c) 2002-2024 Lattice Semiconductor Corporation,  All rights reserved.
Exiting par with exit code 0
Exiting mpartrce with exit code 0

trce -f "cp32a_impl1.pt" -o "cp32a_impl1.twr" "cp32a_impl1.ncd" "cp32a_impl1.prf"
trce:  version Diamond (64-bit) 3.14.0.75.2

Copyright (c) 1991-1994 by NeoCAD Inc. All rights reserved.
Copyright (c) 1995 AT&T Corp.   All rights reserved.
Copyright (c) 1995-2001 Lucent Technologies Inc.  All rights reserved.
Copyright (c) 2001 Agere Systems   All rights reserved.
Copyright (c) 2002-2024 Lattice Semiconductor Corporation,  All rights reserved.

Loading design for application trce from file cp32a_impl1.ncd.
Design name: uj11_probe_mmu
NCD version: 3.3
Vendor:      LATTICE
Device:      LCMXO2-1200HC
Package:     QFN32
Performance: 4
Loading device for application trce from file 'xo2c1200.nph' in environment: /home/sash/.local/lscc/diamond/3.14/ispfpga.
Package Status:                     Final          Version 1.44.
Performance Hardware Data Status:   Final          Version 36.4.
Setup and Hold Report

--------------------------------------------------------------------------------
Lattice TRACE Report - Setup, Version Diamond (64-bit) 3.14.0.75.2
Thu Sep 10 08:43:43 2026

Copyright (c) 1991-1994 by NeoCAD Inc. All rights reserved.
Copyright (c) 1995 AT&T Corp.   All rights reserved.
Copyright (c) 1995-2001 Lucent Technologies Inc.  All rights reserved.
Copyright (c) 2001 Agere Systems   All rights reserved.
Copyright (c) 2002-2024 Lattice Semiconductor Corporation,  All rights reserved.

Report Information
------------------
Command line:    trce -v 10 -c -u 0 -gt -sethld -sp 4 -sphld m -o cp32a_impl1.twr cp32a_impl1.ncd cp32a_impl1.prf 
Design file:     cp32a_impl1.ncd
Preference file: cp32a_impl1.prf
Device,speed:    LCMXO2-1200HC,4
Report level:    verbose report, limited to 10 items per preference
--------------------------------------------------------------------------------

BLOCK ASYNCPATHS
BLOCK RESETPATHS
--------------------------------------------------------------------------------



Timing summary (Setup):
---------------

Timing errors: 0  Score: 0
Cumulative negative slack: 0

Constraints cover 2778 paths, 1 nets, and 286 connections (77.93% coverage)

--------------------------------------------------------------------------------
Lattice TRACE Report - Hold, Version Diamond (64-bit) 3.14.0.75.2
Thu Sep 10 08:43:43 2026

Copyright (c) 1991-1994 by NeoCAD Inc. All rights reserved.
Copyright (c) 1995 AT&T Corp.   All rights reserved.
Copyright (c) 1995-2001 Lucent Technologies Inc.  All rights reserved.
Copyright (c) 2001 Agere Systems   All rights reserved.
Copyright (c) 2002-2024 Lattice Semiconductor Corporation,  All rights reserved.

Report Information
------------------
Command line:    trce -v 10 -c -u 0 -gt -sethld -sp 4 -sphld m -o cp32a_impl1.twr cp32a_impl1.ncd cp32a_impl1.prf 
Design file:     cp32a_impl1.ncd
Preference file: cp32a_impl1.prf
Device,speed:    LCMXO2-1200HC,m
Report level:    verbose report, limited to 10 items per preference
--------------------------------------------------------------------------------

BLOCK ASYNCPATHS
BLOCK RESETPATHS
--------------------------------------------------------------------------------



Timing summary (Hold):
---------------

Timing errors: 0  Score: 0
Cumulative negative slack: 0

Constraints cover 2778 paths, 1 nets, and 286 connections (77.93% coverage)



Timing summary (Setup and Hold):
---------------

Timing errors: 0 (setup), 0 (hold)
Score: 0 (setup), 0 (hold)
Cumulative negative slack: 0 (0+0)
--------------------------------------------------------------------------------

--------------------------------------------------------------------------------

Total CPU Time: 0 secs 
Total REAL Time: 0 secs 
Peak Memory Usage: 120 MB

Nothing is executed for the "PAR - PARTrace" process
