
synpwrap -msg -prj "cp28e_impl1_synplify.tcl" -log "cp28e_impl1.srf"
Copyright (C) 1992-2024 Lattice Semiconductor Corporation. All rights reserved.
Lattice Diamond Version 3.14.0.75.2
    <postMsg mid="2011000" type="Info"    dynamic="0" navigation="0"  />

------ Message Queues --------
key        msqid      owner      perms      used-bytes   messages    

------ Shared Memory Segments --------
key        shmid      owner      perms      bytes      nattch     status      

------ Semaphore Arrays --------
key        semid      owner      perms      nsems     

/proc/sys/vm/admin_reserve_kbytes:8192
/proc/sys/vm/compact_unevictable_allowed:1
/proc/sys/vm/compaction_proactiveness:20
/proc/sys/vm/dirty_background_bytes:0
/proc/sys/vm/dirty_background_ratio:10
/proc/sys/vm/dirty_bytes:0
/proc/sys/vm/dirty_expire_centisecs:3000
/proc/sys/vm/dirty_ratio:20
/proc/sys/vm/dirty_writeback_centisecs:500
/proc/sys/vm/dirtytime_expire_seconds:43200
/proc/sys/vm/extfrag_threshold:500
/proc/sys/vm/hugetlb_optimize_vmemmap:0
/proc/sys/vm/hugetlb_shm_group:0
/proc/sys/vm/laptop_mode:0
/proc/sys/vm/legacy_va_layout:0
/proc/sys/vm/lowmem_reserve_ratio:256	256	32	0	0
/proc/sys/vm/max_map_count:1048576
/proc/sys/vm/memfd_noexec:0
/proc/sys/vm/memory_failure_early_kill:0
/proc/sys/vm/memory_failure_recovery:1
/proc/sys/vm/min_free_kbytes:67584
/proc/sys/vm/min_slab_ratio:5
/proc/sys/vm/min_unmapped_ratio:1
/proc/sys/vm/mmap_min_addr:65536
/proc/sys/vm/nr_hugepages:0
/proc/sys/vm/nr_hugepages_mempolicy:0
/proc/sys/vm/nr_overcommit_hugepages:0
/proc/sys/vm/numa_stat:1
/proc/sys/vm/numa_zonelist_order:Node
/proc/sys/vm/oom_dump_tasks:1
/proc/sys/vm/oom_kill_allocating_task:0
/proc/sys/vm/overcommit_kbytes:0
/proc/sys/vm/overcommit_memory:0
/proc/sys/vm/overcommit_ratio:50
/proc/sys/vm/page-cluster:3
/proc/sys/vm/page_lock_unfairness:5
/proc/sys/vm/panic_on_oom:0
/proc/sys/vm/percpu_pagelist_high_fraction:0
/proc/sys/vm/stat_interval:1
/proc/sys/vm/swappiness:60
/proc/sys/vm/unprivileged_userfaultfd:0
/proc/sys/vm/user_reserve_kbytes:131072
/proc/sys/vm/vfs_cache_pressure:100
/proc/sys/vm/watermark_boost_factor:15000
/proc/sys/vm/watermark_scale_factor:10
/proc/sys/vm/zone_reclaim_mode:0
+04
Ubuntu 24.04.4 LTS
###########################################################[
Running in Lattice mode

                               Synplify Pro (R) 

                Version V-2023.09L-2 for linux64 - Sep 17, 2024 

                    Copyright (c) 1988 - 2024 Synopsys, Inc.
   This software and the associated documentation are proprietary to Synopsys,
 Inc. This software may only be used in accordance with the terms and conditions
 of a written license agreement with Synopsys, Inc. All other use, reproduction,
   or distribution of this software is strictly prohibited.  Licensed Products
     communicate with Synopsys servers for the purpose of providing software
    updates, detecting software piracy and verifying that customers are using
    Licensed Products in conformity with the applicable License Key for such
  Licensed Products. Synopsys will use information gathered in connection with
    this process to deliver software updates and pursue software pirates and
                                   infringers.

 Inclusivity & Diversity - Visit SolvNetPlus to read the "Synopsys Statement on
            Inclusivity and Diversity" (Refer to article 000036315 at
                        https://solvnetplus.synopsys.com)

Starting:    /home/sash/.local/lscc/diamond/3.14/synpbase/linux_a_64/mbin/synbatch
Install:     /home/sash/.local/lscc/diamond/3.14/synpbase
Hostname:    sashz-ubuntu
Date:        Wed Sep  9 23:22:13 2026
Version:     V-2023.09L-2

Arguments:   -product synplify_base -batch cp28e_impl1_synplify.tcl
ProductType: synplify_pro





log file: "/tmp/uj11-cp28-e/uJ11-fpga/build/cp28e/impl1/cp28e_impl1.srr"
Running: impl1 in foreground

Running proj_1|impl1

Running Flow: compile (Compile) on proj_1|impl1
# Wed Sep  9 23:22:13 2026

Running Flow: compile_flow (Compile Process) on proj_1|impl1
# Wed Sep  9 23:22:13 2026

Running: compiler (Compile Input) on proj_1|impl1
# Wed Sep  9 23:22:13 2026
Process ID: 54224
compiler exited with errors
Job failed on: proj_1|impl1

Job: "compiler" terminated with error status: 2
See log file: "/tmp/uj11-cp28-e/uJ11-fpga/build/cp28e/impl1/synlog/cp28e_impl1_compiler.srr"
# Wed Sep  9 23:22:13 2026

Return Code: 2
Run Time:00h:00m:00s
Complete: Compile Process on proj_1|impl1
Complete: Compile on proj_1|impl1
Complete: Logic Synthesis on proj_1|impl1
Copied /tmp/uj11-cp28-e/uJ11-fpga/build/cp28e/impl1/cp28e_impl1.srr to /tmp/uj11-cp28-e/uJ11-fpga/build/cp28e/impl1/cp28e_impl1.srf
Error: At line 82 while processing "cp28e_impl1_synplify.tcl"
2
TCL script complete: "cp28e_impl1_synplify.tcl"
TCL script had errors: "cp28e_impl1_synplify.tcl"
exit status=9
exit status=9
Save changes for project:
/tmp/uj11-cp28-e/uJ11-fpga/build/cp28e/impl1/proj_1.prj
batch mode default:no
Child process exit with 9.

==contents of cp28e_impl1.srf
#Build: Synplify Pro (R) V-2023.09L-2, Build 349R, Sep 17 2024
#install: /home/sash/.local/lscc/diamond/3.14/synpbase
#OS: Linux 
#Hostname: sashz-ubuntu

# Wed Sep  9 23:22:13 2026

#Implementation: impl1


Copyright (C) 1994-2023 Synopsys, Inc.
This Synopsys software and all associated documentation are proprietary to Synopsys, Inc.
and may only be used pursuant to the terms and conditions of a written license agreement
with Synopsys, Inc. All other use, reproduction, modification, or distribution of the
Synopsys software or the associated documentation is strictly prohibited.
Tool: Synplify Pro (R)
Build: V-2023.09L-2
Install: /home/sash/.local/lscc/diamond/3.14/synpbase
OS: Ubuntu 24.04.4 LTS
Hostname: sashz-ubuntu
max virtual memory: unlimited (bytes)
max user processes: 512757
max stack size: 8388608 (bytes)


Implementation : impl1
Synopsys HDL Compiler, Version comp202309synp1, Build 349R, Built Sep 17 2024 08:30:48, @5637152

@N|Running in 64-bit mode
###########################################################[

Copyright (C) 1994-2023 Synopsys, Inc.
This Synopsys software and all associated documentation are proprietary to Synopsys, Inc.
and may only be used pursuant to the terms and conditions of a written license agreement
with Synopsys, Inc. All other use, reproduction, modification, or distribution of the
Synopsys software or the associated documentation is strictly prohibited.
Tool: Synplify Pro (R)
Build: V-2023.09L-2
Install: /home/sash/.local/lscc/diamond/3.14/synpbase
OS: Ubuntu 24.04.4 LTS
Hostname: sashz-ubuntu
max virtual memory: unlimited (bytes)
max user processes: 512757
max stack size: 8388608 (bytes)


Implementation : impl1
Synopsys Verilog Compiler, Version comp202309synp1, Build 349R, Built Sep 17 2024 08:30:48, @5637152

@N|Running in 64-bit mode
@I::"/home/sash/.local/lscc/diamond/3.14/synpbase/lib/lucent/machxo2.v" (library work)
@I::"/home/sash/.local/lscc/diamond/3.14/synpbase/lib/lucent/pmi_def.v" (library work)
@I::"/home/sash/.local/lscc/diamond/3.14/synpbase/lib/vlog/hypermods.v" (library __hyper__lib__)
@I::"/tmp/uj11-cp28-e/uJ11-fpga/rtl/uj11_core.v" (library work)
@I::"/tmp/uj11-cp28-e/uJ11-fpga/rtl/uj11_decode_rom.v" (library work)
@I::"/tmp/uj11-cp28-e/uJ11-fpga/microcode/generated/uj11_decode_table.v" (library work)
@I::"/tmp/uj11-cp28-e/uJ11-fpga/rtl/uj11_engine.v" (library work)
@I::"/tmp/uj11-cp28-e/uJ11-fpga/rtl/uj11_decode.v" (library work)
@I::"/tmp/uj11-cp28-e/uJ11-fpga/rtl/uj11_microseq.v" (library work)
@I::"/tmp/uj11-cp28-e/uJ11-fpga/rtl/uj11_datapath.v" (library work)
@I::"/tmp/uj11-cp28-e/uJ11-fpga/rtl/uj11_regfile.v" (library work)
@I::"/tmp/uj11-cp28-e/uJ11-fpga/rtl/uj11_alu.v" (library work)
@I::"/tmp/uj11-cp28-e/uJ11-fpga/rtl/uj11_psw.v" (library work)
@I::"/tmp/uj11-cp28-e/uJ11-fpga/rtl/uj11_mem.v" (library work)
@I::"/tmp/uj11-cp28-e/uJ11-fpga/boards/hc1200/uj11_board.v" (library work)
@I::"/tmp/uj11-cp28-e/uJ11-fpga/boards/hc1200/uj11_board_bus.v" (library work)
@I::"/tmp/uj11-cp28-e/uJ11-fpga/boards/hc1200/uj11_board_fram.v" (library work)
@E: CG431 :"/tmp/uj11-cp28-e/uJ11-fpga/boards/hc1200/uj11_board_fram.v":17:49:17:50|Expecting radix character (one of b, o, h, or d) or unsized single bit literal (one of '1, '0, 'x, 'z) 
@E: CG342 :"/tmp/uj11-cp28-e/uJ11-fpga/boards/hc1200/uj11_board_fram.v":27:13:27:21|Expecting target variable, found next_byte -- possible misspelling
@E: CG342 :"/tmp/uj11-cp28-e/uJ11-fpga/boards/hc1200/uj11_board_fram.v":38:12:38:16|Expecting target variable, found state -- possible misspelling
@I::"/tmp/uj11-cp28-e/uJ11-fpga/reference/lsi11/spi_byte_service.v" (library work)
@I::"/tmp/uj11-cp28-e/uJ11-fpga/reference/lsi11/wbc_uart_xo2.v" (library work)
@I::"/tmp/uj11-cp28-e/uJ11-fpga/microcode/generated/uj11_firmware_rom.v" (library work)
@I::"/tmp/uj11-cp28-e/uJ11-fpga/boards/hc1200/uj11_microcomp.v" (library work)
@I::"/tmp/uj11-cp28-e/uJ11-fpga/microcode/generated/uj11_m0_ebr.v" (library work)
@N|stack limit increased to max
3 syntax errors
Process took 0h:00m:01s realtime, 0h:00m:01s cputime
# Wed Sep  9 23:22:13 2026

###########################################################]
@END
Process took 0h:00m:01s realtime, 0h:00m:01s cputime
# Wed Sep  9 23:22:13 2026

###########################################################]


Synthesis exit by 9.
Running milestone "Synthesis" failed
