SD image: /Users/sash/Work/PROJECTS/k1801vm1/uJ11-fpga/build/cp71-fp11/rt11/test.dsk (53790 sectors), read-only backing, 256-sector RAM overlay
CP71 progress 20000000 phase0 PC004466 UART0
CP71 progress 40000000 phase0 PC160430 UART24
CP71 progress 60000000 phase0 PC160430 UART66
CP71 progress 80000000 phase1 PC070324 UART96
CP71 progress 100000000 phase1 PC001422 UART175
CP71 progress 120000000 phase1 PC143312 UART241
CP71 progress 140000000 phase1 PC002216 UART471
CP71 progress 160000000 phase2 PC004466 UART541
CP71 progress 180000000 phase2 PC160226 UART565
CP71 progress 200000000 phase2 PC160432 UART603
CP71 progress 220000000 phase2 PC110306 UART637
CP71 progress 240000000 phase3 PC031554 UART907
CP71 progress 260000000 phase3 PC031562 UART1293
CP71 progress 280000000 phase3 PC017212 UART1807
CP71 progress 300000000 phase3 PC031566 UART2223
CP71 progress 320000000 phase3 PC031550 UART2617
CP71 progress 340000000 phase3 PC026716 UART3048
CP71 progress 360000000 phase4 PC000432 UART3184
CP71 progress 380000000 phase4 PC004466 UART3184
CP71 progress 400000000 phase4 PC160430 UART3208
CP71 progress 420000000 phase4 PC160462 UART3246
CP71 progress 440000000 phase4 PC060304 UART3280
CP71 progress 460000000 phase5 PC004466 UART3377
CP71 progress 480000000 phase5 PC160226 UART3377
CP71 progress 500000000 phase5 PC120264 UART3439
CP71 progress 520000000 phase5 PC160430 UART3463
PASS CP71 RT11 modules: 43 checks, 531033015 clocks, 3476 UART bytes
- build/cp71-fp11/rt11/tb.v:200: Verilog $finish
- S i m u l a t i o n   R e p o r t: Verilator 5.050 2026-07-01
- Verilator: $finish at 5s; walltime 544.821 s; speed 9.747 ms/s
- Verilator: cpu 544.654 s on 1 threads; allocated 2 MB
