
Loading design for application trce from file cp57d_impl1.ncd.
Design name: uj11_hc1200_microcomp
NCD version: 3.3
Vendor:      LATTICE
Device:      LCMXO2-1200HC
Package:     QFN32
Performance: 4
Loading device for application trce from file 'xo2c1200.nph' in environment: /home/sash/.local/lscc/diamond/3.14/ispfpga.
Package Status:                     Final          Version 1.44.
Performance Hardware Data Status:   Final          Version 36.4.
Setup and Hold Report

--------------------------------------------------------------------------------
Lattice TRACE Report - Setup, Version Diamond (64-bit) 3.14.0.75.2
Sat Sep 12 12:17:19 2026

Copyright (c) 1991-1994 by NeoCAD Inc. All rights reserved.
Copyright (c) 1995 AT&T Corp.   All rights reserved.
Copyright (c) 1995-2001 Lucent Technologies Inc.  All rights reserved.
Copyright (c) 2001 Agere Systems   All rights reserved.
Copyright (c) 2002-2024 Lattice Semiconductor Corporation,  All rights reserved.

Report Information
------------------
Command line:    trce -v 10 -c -u 0 -gt -sethld -sp 4 -sphld m -o cp57d_impl1.twr cp57d_impl1.ncd cp57d_impl1.prf 
Design file:     cp57d_impl1.ncd
Preference file: cp57d_impl1.prf
Device,speed:    LCMXO2-1200HC,4
Report level:    verbose report, limited to 10 items per preference
--------------------------------------------------------------------------------

BLOCK ASYNCPATHS
BLOCK RESETPATHS
--------------------------------------------------------------------------------



================================================================================
Preference: FREQUENCY NET "clk" 29.560000 MHz ;
            4096 items scored, 0 timing errors detected.
--------------------------------------------------------------------------------


Passed: The following path meets requirements by 1.506ns

 Logical Details:  Cell type  Pin type       Cell/ASIC name  (clock net +/-)

   Source:         DP8KC      Port           system/cpu/engine/rom/lane_2(ASIC)  (from clk +)
   Destination:    DP8KC      Port           system/cpu/sync_decode.decode/table_rom/lane_0(ASIC)  (to clk +)

   Delay:              32.349ns  (39.9% logic, 60.1% route), 17 logic levels.

 Constraint Details:

     32.349ns physical path delay system/cpu/engine/rom/lane_2 to system/cpu/sync_decode.decode/table_rom/lane_0 meets
     33.829ns delay constraint less
      0.000ns skew and
     -0.026ns ADDR_SET requirement (totaling 33.855ns) by 1.506ns

 Physical Path Details:

      Data path system/cpu/engine/rom/lane_2 to system/cpu/sync_decode.decode/table_rom/lane_0:

   Name    Fanout   Delay (ns)          Site               Resource
C2Q_DEL     ---     4.979  EBR_R6C7.CLKA to  EBR_R6C7.DOA8 system/cpu/engine/rom/lane_2 (from clk)
ROUTE         4     1.375  EBR_R6C7.DOA8 to      R4C12D.D1 system/cpu/engine/a_select_2[0]
CTOF_DEL    ---     0.495      R4C12D.D1 to      R4C12D.F1 system/cpu/engine/SLICE_589
ROUTE         1     0.436      R4C12D.F1 to      R4C12D.C0 system/cpu/engine/un6_select_register[1]
CTOF_DEL    ---     0.495      R4C12D.C0 to      R4C12D.F0 system/cpu/engine/SLICE_589
ROUTE        18     1.474      R4C12D.F0 to      R4C13A.B1 system/cpu/engine/un10_d_axb1
CTOF_DEL    ---     0.495      R4C13A.B1 to      R4C13A.F1 system/cpu/engine/dp/rf/words_ram_1/SLICE_50
ROUTE        15     2.126      R4C13A.F1 to       R2C7D.D1 system/address[9]
CTOF_DEL    ---     0.495       R2C7D.D1 to       R2C7D.F1 system/bus/SLICE_491
ROUTE         2     0.445       R2C7D.F1 to       R2C7D.C0 system/bus/un1_address_31_10
CTOF_DEL    ---     0.495       R2C7D.C0 to       R2C7D.F0 system/bus/SLICE_491
ROUTE         8     1.197       R2C7D.F0 to       R2C9B.C1 system/bus/un1_address_31_13
CTOF_DEL    ---     0.495       R2C9B.C1 to       R2C9B.F1 system/bus/SLICE_363
ROUTE         3     1.018       R2C9B.F1 to       R2C8A.B1 system/bus/un1_address_38
CTOF_DEL    ---     0.495       R2C8A.B1 to       R2C8A.F1 system/bus/SLICE_449
ROUTE         1     1.004       R2C8A.F1 to       R2C8D.B0 system/bus/un1_boot_release_armed_2_1
CTOF_DEL    ---     0.495       R2C8D.B0 to       R2C8D.F0 system/bus/SLICE_643
ROUTE         2     0.967       R2C8D.F0 to       R4C8B.D1 system/bus/un1_boot_release_armed_2
CTOF_DEL    ---     0.495       R4C8B.D1 to       R4C8B.F1 system/bus/SLICE_480
ROUTE         2     0.445       R4C8B.F1 to       R4C8B.C0 system/bus/local_boot_selecteddup
CTOF_DEL    ---     0.495       R4C8B.C0 to       R4C8B.F0 system/bus/SLICE_480
ROUTE         3     2.552       R4C8B.F0 to       R9C5C.D1 system/bus/un1_io_page_1dup
CTOF_DEL    ---     0.495       R9C5C.D1 to       R9C5C.F1 system/bus/SLICE_438
ROUTE        19     0.727       R9C5C.F1 to       R7C5B.D1 system/bus/un1_io_page_1dup_RNIPQBVH
CTOF_DEL    ---     0.495       R7C5B.D1 to       R7C5B.F1 system/bus/SLICE_628
ROUTE         1     0.958       R7C5B.F1 to       R7C2C.D0 system/bus/rdata_0dup[14]
CTOF_DEL    ---     0.495       R7C2C.D0 to       R7C2C.F0 system/SLICE_469
ROUTE         8     1.482       R7C2C.F0 to       R8C2B.B0 system/rdata_0dup_RNINFLRJ[14]
CTOF_DEL    ---     0.495       R8C2B.B0 to       R8C2B.F0 system/SLICE_668
ROUTE         1     0.623       R8C2B.F0 to       R8C3D.D1 system/cpu/sync_decode.decode/un1_incoming_1_3
CTOF_DEL    ---     0.495       R8C3D.D1 to       R8C3D.F1 system/SLICE_472
ROUTE         9     1.020       R8C3D.F1 to       R7C2A.D0 system/cpu/sync_decode.decode/un1_incoming_1
CTOF_DEL    ---     0.495       R7C2A.D0 to       R7C2A.F0 system/cpu/sync_decode.decode/SLICE_594
ROUTE         1     1.601       R7C2A.F0 to EBR_R6C1.ADA12 system/cpu/sync_decode.decode/index[9] (to clk)
                  --------
                   32.349   (39.9% logic, 60.1% route), 17 logic levels.

 Clock Skew Details: 

      Source Clock Path oscillator to system/cpu/engine/rom/lane_2:

   Name    Fanout   Delay (ns)          Site               Resource
ROUTE       249     3.714        OSC.OSC to  EBR_R6C7.CLKA clk
                  --------
                    3.714   (0.0% logic, 100.0% route), 0 logic levels.

      Destination Clock Path oscillator to system/cpu/sync_decode.decode/table_rom/lane_0:

   Name    Fanout   Delay (ns)          Site               Resource
ROUTE       249     3.714        OSC.OSC to  EBR_R6C1.CLKA clk
                  --------
                    3.714   (0.0% logic, 100.0% route), 0 logic levels.


Passed: The following path meets requirements by 1.525ns

 Logical Details:  Cell type  Pin type       Cell/ASIC name  (clock net +/-)

   Source:         DP8KC      Port           system/cpu/engine/rom/lane_2(ASIC)  (from clk +)
   Destination:    DP8KC      Port           system/cpu/sync_decode.decode/table_rom/lane_0(ASIC)  (to clk +)

   Delay:              32.330ns  (40.6% logic, 59.4% route), 17 logic levels.

 Constraint Details:

     32.330ns physical path delay system/cpu/engine/rom/lane_2 to system/cpu/sync_decode.decode/table_rom/lane_0 meets
     33.829ns delay constraint less
      0.000ns skew and
     -0.026ns ADDR_SET requirement (totaling 33.855ns) by 1.525ns

 Physical Path Details:

      Data path system/cpu/engine/rom/lane_2 to system/cpu/sync_decode.decode/table_rom/lane_0:

   Name    Fanout   Delay (ns)          Site               Resource
C2Q_DEL     ---     4.979  EBR_R6C7.CLKA to  EBR_R6C7.DOA8 system/cpu/engine/rom/lane_2 (from clk)
ROUTE         4     1.375  EBR_R6C7.DOA8 to      R4C12D.D1 system/cpu/engine/a_select_2[0]
CTOF_DEL    ---     0.495      R4C12D.D1 to      R4C12D.F1 system/cpu/engine/SLICE_589
ROUTE         1     0.436      R4C12D.F1 to      R4C12D.C0 system/cpu/engine/un6_select_register[1]
CTOF_DEL    ---     0.495      R4C12D.C0 to      R4C12D.F0 system/cpu/engine/SLICE_589
ROUTE        18     1.474      R4C12D.F0 to      R4C13A.B1 system/cpu/engine/un10_d_axb1
CTOF_DEL    ---     0.495      R4C13A.B1 to      R4C13A.F1 system/cpu/engine/dp/rf/words_ram_1/SLICE_50
ROUTE        15     2.126      R4C13A.F1 to       R2C7D.D1 system/address[9]
CTOF_DEL    ---     0.495       R2C7D.D1 to       R2C7D.F1 system/bus/SLICE_491
ROUTE         2     0.445       R2C7D.F1 to       R2C7D.C0 system/bus/un1_address_31_10
CTOF_DEL    ---     0.495       R2C7D.C0 to       R2C7D.F0 system/bus/SLICE_491
ROUTE         8     1.197       R2C7D.F0 to       R2C9B.C1 system/bus/un1_address_31_13
CTOF_DEL    ---     0.495       R2C9B.C1 to       R2C9B.F1 system/bus/SLICE_363
ROUTE         3     1.018       R2C9B.F1 to       R2C8A.B1 system/bus/un1_address_38
CTOF_DEL    ---     0.495       R2C8A.B1 to       R2C8A.F1 system/bus/SLICE_449
ROUTE         1     1.004       R2C8A.F1 to       R2C8D.B0 system/bus/un1_boot_release_armed_2_1
CTOF_DEL    ---     0.495       R2C8D.B0 to       R2C8D.F0 system/bus/SLICE_643
ROUTE         2     0.967       R2C8D.F0 to       R4C8B.D1 system/bus/un1_boot_release_armed_2
CTOF_DEL    ---     0.495       R4C8B.D1 to       R4C8B.F1 system/bus/SLICE_480
ROUTE         2     0.445       R4C8B.F1 to       R4C8B.C0 system/bus/local_boot_selecteddup
CTOF_DEL    ---     0.495       R4C8B.C0 to       R4C8B.F0 system/bus/SLICE_480
ROUTE         3     2.552       R4C8B.F0 to       R9C5C.D1 system/bus/un1_io_page_1dup
CTOF_DEL    ---     0.495       R9C5C.D1 to       R9C5C.F1 system/bus/SLICE_438
ROUTE        19     0.727       R9C5C.F1 to       R7C5B.D1 system/bus/un1_io_page_1dup_RNIPQBVH
CTOF_DEL    ---     0.495       R7C5B.D1 to       R7C5B.F1 system/bus/SLICE_628
ROUTE         1     0.958       R7C5B.F1 to       R7C2C.D0 system/bus/rdata_0dup[14]
CTOF_DEL    ---     0.495       R7C2C.D0 to       R7C2C.F0 system/SLICE_469
ROUTE         8     1.482       R7C2C.F0 to       R8C2B.B0 system/rdata_0dup_RNINFLRJ[14]
CTOF_DEL    ---     0.495       R8C2B.B0 to       R8C2B.F0 system/SLICE_668
ROUTE         1     0.623       R8C2B.F0 to       R8C3D.D1 system/cpu/sync_decode.decode/un1_incoming_1_3
CTOF_DEL    ---     0.495       R8C3D.D1 to       R8C3D.F1 system/SLICE_472
ROUTE         9     0.788       R8C3D.F1 to       R8C3B.C0 system/cpu/sync_decode.decode/un1_incoming_1
CTOOFX_DEL  ---     0.721       R8C3B.C0 to     R8C3B.OFX0 system/cpu/sync_decode.decode/index_u[3]/SLICE_361
ROUTE         1     1.588     R8C3B.OFX0 to  EBR_R6C1.ADA6 system/cpu/sync_decode.decode/index[3] (to clk)
                  --------
                   32.330   (40.6% logic, 59.4% route), 17 logic levels.

 Clock Skew Details: 

      Source Clock Path oscillator to system/cpu/engine/rom/lane_2:

   Name    Fanout   Delay (ns)          Site               Resource
ROUTE       249     3.714        OSC.OSC to  EBR_R6C7.CLKA clk
                  --------
                    3.714   (0.0% logic, 100.0% route), 0 logic levels.

      Destination Clock Path oscillator to system/cpu/sync_decode.decode/table_rom/lane_0:

   Name    Fanout   Delay (ns)          Site               Resource
ROUTE       249     3.714        OSC.OSC to  EBR_R6C1.CLKA clk
                  --------
                    3.714   (0.0% logic, 100.0% route), 0 logic levels.


Passed: The following path meets requirements by 1.593ns

 Logical Details:  Cell type  Pin type       Cell/ASIC name  (clock net +/-)

   Source:         DP8KC      Port           system/cpu/engine/rom/lane_3(ASIC)  (from clk +)
   Destination:    DP8KC      Port           system/cpu/sync_decode.decode/table_rom/lane_0(ASIC)  (to clk +)

   Delay:              32.262ns  (39.6% logic, 60.4% route), 17 logic levels.

 Constraint Details:

     32.262ns physical path delay system/cpu/engine/rom/lane_3 to system/cpu/sync_decode.decode/table_rom/lane_0 meets
     33.829ns delay constraint less
      0.000ns skew and
     -0.026ns ADDR_SET requirement (totaling 33.855ns) by 1.593ns

 Physical Path Details:

      Data path system/cpu/engine/rom/lane_3 to system/cpu/sync_decode.decode/table_rom/lane_0:

   Name    Fanout   Delay (ns)          Site               Resource
C2Q_DEL     ---     4.979 EBR_R6C10.CLKA to EBR_R6C10.DOA8 system/cpu/engine/rom/lane_3 (from clk)
ROUTE        32     2.022 EBR_R6C10.DOA8 to      R7C11A.B0 system/cpu/engine/uword[35]
CTOF_DEL    ---     0.495      R7C11A.B0 to      R7C11A.F0 system/cpu/engine/SLICE_385
ROUTE         2     1.299      R7C11A.F0 to      R5C14A.D1 system/cpu/engine/stopping_3
CTOF_DEL    ---     0.495      R5C14A.D1 to      R5C14A.F1 system/cpu/engine/SLICE_578
ROUTE         5     1.400      R5C14A.F1 to      R5C12C.A0 system/cpu/engine/stopped
CTOF_DEL    ---     0.495      R5C12C.A0 to      R5C12C.F0 system/cpu/engine/SLICE_566
ROUTE         5     0.767      R5C12C.F0 to      R5C11C.C1 system/stopped_RNIMGUIE
CTOF_DEL    ---     0.495      R5C11C.C1 to      R5C11C.F1 system/SLICE_374
ROUTE        18     1.118      R5C11C.F1 to      R4C12B.D1 system/mem_request_1dupdup
CTOF_DEL    ---     0.495      R4C12B.D1 to      R4C12B.F1 system/SLICE_383
ROUTE        13     1.039      R4C12B.F1 to      R4C10C.B1 system/lane_1_RNI386I01
CTOF_DEL    ---     0.495      R4C10C.B1 to      R4C10C.F1 system/bus/SLICE_440
ROUTE         4     0.646      R4C10C.F1 to       R4C9D.D1 system/bus/service_dma_operanddupdup
CTOF_DEL    ---     0.495       R4C9D.D1 to       R4C9D.F1 system/bus/SLICE_444
ROUTE         7     0.702       R4C9D.F1 to      R4C10B.B0 system/bus/cpu_io_pagedupdup
CTOF_DEL    ---     0.495      R4C10B.B0 to      R4C10B.F0 system/bus/SLICE_478
ROUTE         4     1.394      R4C10B.F0 to      R2C12D.D0 system/bus/rk_selecteddup
CTOF_DEL    ---     0.495      R2C12D.D0 to      R2C12D.F0 system/bus/SLICE_464
ROUTE         2     1.285      R2C12D.F0 to       R4C6D.C1 system/bus/un1_address_29_2_RNIDM6OI
CTOF_DEL    ---     0.495       R4C6D.C1 to       R4C6D.F1 system/bus/SLICE_476
ROUTE         3     0.974       R4C6D.F1 to       R5C5C.D1 system/bus/rk_store_selecteddup
CTOF_DEL    ---     0.495       R5C5C.D1 to       R5C5C.F1 system/bus/SLICE_474
ROUTE         2     0.445       R5C5C.F1 to       R5C5C.C0 system/bus/firmware_selecteddup
CTOF_DEL    ---     0.495       R5C5C.C0 to       R5C5C.F0 system/bus/SLICE_474
ROUTE        17     1.489       R5C5C.F0 to       R7C3A.M0 system/un1_physical_2dup
MTOOFX_DEL  ---     0.376       R7C3A.M0 to     R7C3A.OFX0 system/bus/rdatadup[12]/SLICE_272
ROUTE         8     1.295     R7C3A.OFX0 to       R8C2C.C1 system/rdatadup[12]
CTOF_DEL    ---     0.495       R8C2C.C1 to       R8C2C.F1 system/cpu/sync_decode.decode/SLICE_640
ROUTE         1     0.986       R8C2C.F1 to       R8C3D.A1 system/cpu/sync_decode.decode/un16_index_1
CTOF_DEL    ---     0.495       R8C3D.A1 to       R8C3D.F1 system/SLICE_472
ROUTE         9     1.020       R8C3D.F1 to       R7C2A.D0 system/cpu/sync_decode.decode/un1_incoming_1
CTOF_DEL    ---     0.495       R7C2A.D0 to       R7C2A.F0 system/cpu/sync_decode.decode/SLICE_594
ROUTE         1     1.601       R7C2A.F0 to EBR_R6C1.ADA12 system/cpu/sync_decode.decode/index[9] (to clk)
                  --------
                   32.262   (39.6% logic, 60.4% route), 17 logic levels.

 Clock Skew Details: 

      Source Clock Path oscillator to system/cpu/engine/rom/lane_3:

   Name    Fanout   Delay (ns)          Site               Resource
ROUTE       249     3.714        OSC.OSC to EBR_R6C10.CLKA clk
                  --------
                    3.714   (0.0% logic, 100.0% route), 0 logic levels.

      Destination Clock Path oscillator to system/cpu/sync_decode.decode/table_rom/lane_0:

   Name    Fanout   Delay (ns)          Site               Resource
ROUTE       249     3.714        OSC.OSC to  EBR_R6C1.CLKA clk
                  --------
                    3.714   (0.0% logic, 100.0% route), 0 logic levels.


Passed: The following path meets requirements by 1.598ns

 Logical Details:  Cell type  Pin type       Cell/ASIC name  (clock net +/-)

   Source:         DP8KC      Port           system/cpu/engine/rom/lane_2(ASIC)  (from clk +)
   Destination:    DP8KC      Port           system/cpu/sync_decode.decode/table_rom/lane_0(ASIC)  (to clk +)

   Delay:              32.257ns  (40.0% logic, 60.0% route), 17 logic levels.

 Constraint Details:

     32.257ns physical path delay system/cpu/engine/rom/lane_2 to system/cpu/sync_decode.decode/table_rom/lane_0 meets
     33.829ns delay constraint less
      0.000ns skew and
     -0.026ns ADDR_SET requirement (totaling 33.855ns) by 1.598ns

 Physical Path Details:

      Data path system/cpu/engine/rom/lane_2 to system/cpu/sync_decode.decode/table_rom/lane_0:

   Name    Fanout   Delay (ns)          Site               Resource
C2Q_DEL     ---     4.979  EBR_R6C7.CLKA to  EBR_R6C7.DOA8 system/cpu/engine/rom/lane_2 (from clk)
ROUTE         4     1.375  EBR_R6C7.DOA8 to      R4C12D.D1 system/cpu/engine/a_select_2[0]
CTOF_DEL    ---     0.495      R4C12D.D1 to      R4C12D.F1 system/cpu/engine/SLICE_589
ROUTE         1     0.436      R4C12D.F1 to      R4C12D.C0 system/cpu/engine/un6_select_register[1]
CTOF_DEL    ---     0.495      R4C12D.C0 to      R4C12D.F0 system/cpu/engine/SLICE_589
ROUTE        18     1.474      R4C12D.F0 to      R4C13B.B1 system/cpu/engine/un10_d_axb1
CTOF_DEL    ---     0.495      R4C13B.B1 to      R4C13B.F1 system/cpu/engine/dp/rf/words_ram_1/SLICE_51
ROUTE        15     2.034      R4C13B.F1 to       R2C7D.A1 system/address[11]
CTOF_DEL    ---     0.495       R2C7D.A1 to       R2C7D.F1 system/bus/SLICE_491
ROUTE         2     0.445       R2C7D.F1 to       R2C7D.C0 system/bus/un1_address_31_10
CTOF_DEL    ---     0.495       R2C7D.C0 to       R2C7D.F0 system/bus/SLICE_491
ROUTE         8     1.197       R2C7D.F0 to       R2C9B.C1 system/bus/un1_address_31_13
CTOF_DEL    ---     0.495       R2C9B.C1 to       R2C9B.F1 system/bus/SLICE_363
ROUTE         3     1.018       R2C9B.F1 to       R2C8A.B1 system/bus/un1_address_38
CTOF_DEL    ---     0.495       R2C8A.B1 to       R2C8A.F1 system/bus/SLICE_449
ROUTE         1     1.004       R2C8A.F1 to       R2C8D.B0 system/bus/un1_boot_release_armed_2_1
CTOF_DEL    ---     0.495       R2C8D.B0 to       R2C8D.F0 system/bus/SLICE_643
ROUTE         2     0.967       R2C8D.F0 to       R4C8B.D1 system/bus/un1_boot_release_armed_2
CTOF_DEL    ---     0.495       R4C8B.D1 to       R4C8B.F1 system/bus/SLICE_480
ROUTE         2     0.445       R4C8B.F1 to       R4C8B.C0 system/bus/local_boot_selecteddup
CTOF_DEL    ---     0.495       R4C8B.C0 to       R4C8B.F0 system/bus/SLICE_480
ROUTE         3     2.552       R4C8B.F0 to       R9C5C.D1 system/bus/un1_io_page_1dup
CTOF_DEL    ---     0.495       R9C5C.D1 to       R9C5C.F1 system/bus/SLICE_438
ROUTE        19     0.727       R9C5C.F1 to       R7C5B.D1 system/bus/un1_io_page_1dup_RNIPQBVH
CTOF_DEL    ---     0.495       R7C5B.D1 to       R7C5B.F1 system/bus/SLICE_628
ROUTE         1     0.958       R7C5B.F1 to       R7C2C.D0 system/bus/rdata_0dup[14]
CTOF_DEL    ---     0.495       R7C2C.D0 to       R7C2C.F0 system/SLICE_469
ROUTE         8     1.482       R7C2C.F0 to       R8C2B.B0 system/rdata_0dup_RNINFLRJ[14]
CTOF_DEL    ---     0.495       R8C2B.B0 to       R8C2B.F0 system/SLICE_668
ROUTE         1     0.623       R8C2B.F0 to       R8C3D.D1 system/cpu/sync_decode.decode/un1_incoming_1_3
CTOF_DEL    ---     0.495       R8C3D.D1 to       R8C3D.F1 system/SLICE_472
ROUTE         9     1.020       R8C3D.F1 to       R7C2A.D0 system/cpu/sync_decode.decode/un1_incoming_1
CTOF_DEL    ---     0.495       R7C2A.D0 to       R7C2A.F0 system/cpu/sync_decode.decode/SLICE_594
ROUTE         1     1.601       R7C2A.F0 to EBR_R6C1.ADA12 system/cpu/sync_decode.decode/index[9] (to clk)
                  --------
                   32.257   (40.0% logic, 60.0% route), 17 logic levels.

 Clock Skew Details: 

      Source Clock Path oscillator to system/cpu/engine/rom/lane_2:

   Name    Fanout   Delay (ns)          Site               Resource
ROUTE       249     3.714        OSC.OSC to  EBR_R6C7.CLKA clk
                  --------
                    3.714   (0.0% logic, 100.0% route), 0 logic levels.

      Destination Clock Path oscillator to system/cpu/sync_decode.decode/table_rom/lane_0:

   Name    Fanout   Delay (ns)          Site               Resource
ROUTE       249     3.714        OSC.OSC to  EBR_R6C1.CLKA clk
                  --------
                    3.714   (0.0% logic, 100.0% route), 0 logic levels.


Passed: The following path meets requirements by 1.612ns

 Logical Details:  Cell type  Pin type       Cell/ASIC name  (clock net +/-)

   Source:         DP8KC      Port           system/cpu/engine/rom/lane_3(ASIC)  (from clk +)
   Destination:    DP8KC      Port           system/cpu/sync_decode.decode/table_rom/lane_0(ASIC)  (to clk +)

   Delay:              32.243ns  (40.3% logic, 59.7% route), 17 logic levels.

 Constraint Details:

     32.243ns physical path delay system/cpu/engine/rom/lane_3 to system/cpu/sync_decode.decode/table_rom/lane_0 meets
     33.829ns delay constraint less
      0.000ns skew and
     -0.026ns ADDR_SET requirement (totaling 33.855ns) by 1.612ns

 Physical Path Details:

      Data path system/cpu/engine/rom/lane_3 to system/cpu/sync_decode.decode/table_rom/lane_0:

   Name    Fanout   Delay (ns)          Site               Resource
C2Q_DEL     ---     4.979 EBR_R6C10.CLKA to EBR_R6C10.DOA8 system/cpu/engine/rom/lane_3 (from clk)
ROUTE        32     2.022 EBR_R6C10.DOA8 to      R7C11A.B0 system/cpu/engine/uword[35]
CTOF_DEL    ---     0.495      R7C11A.B0 to      R7C11A.F0 system/cpu/engine/SLICE_385
ROUTE         2     1.299      R7C11A.F0 to      R5C14A.D1 system/cpu/engine/stopping_3
CTOF_DEL    ---     0.495      R5C14A.D1 to      R5C14A.F1 system/cpu/engine/SLICE_578
ROUTE         5     1.400      R5C14A.F1 to      R5C12C.A0 system/cpu/engine/stopped
CTOF_DEL    ---     0.495      R5C12C.A0 to      R5C12C.F0 system/cpu/engine/SLICE_566
ROUTE         5     0.767      R5C12C.F0 to      R5C11C.C1 system/stopped_RNIMGUIE
CTOF_DEL    ---     0.495      R5C11C.C1 to      R5C11C.F1 system/SLICE_374
ROUTE        18     1.118      R5C11C.F1 to      R4C12B.D1 system/mem_request_1dupdup
CTOF_DEL    ---     0.495      R4C12B.D1 to      R4C12B.F1 system/SLICE_383
ROUTE        13     1.039      R4C12B.F1 to      R4C10C.B1 system/lane_1_RNI386I01
CTOF_DEL    ---     0.495      R4C10C.B1 to      R4C10C.F1 system/bus/SLICE_440
ROUTE         4     0.646      R4C10C.F1 to       R4C9D.D1 system/bus/service_dma_operanddupdup
CTOF_DEL    ---     0.495       R4C9D.D1 to       R4C9D.F1 system/bus/SLICE_444
ROUTE         7     0.702       R4C9D.F1 to      R4C10B.B0 system/bus/cpu_io_pagedupdup
CTOF_DEL    ---     0.495      R4C10B.B0 to      R4C10B.F0 system/bus/SLICE_478
ROUTE         4     1.394      R4C10B.F0 to      R2C12D.D0 system/bus/rk_selecteddup
CTOF_DEL    ---     0.495      R2C12D.D0 to      R2C12D.F0 system/bus/SLICE_464
ROUTE         2     1.285      R2C12D.F0 to       R4C6D.C1 system/bus/un1_address_29_2_RNIDM6OI
CTOF_DEL    ---     0.495       R4C6D.C1 to       R4C6D.F1 system/bus/SLICE_476
ROUTE         3     0.974       R4C6D.F1 to       R5C5C.D1 system/bus/rk_store_selecteddup
CTOF_DEL    ---     0.495       R5C5C.D1 to       R5C5C.F1 system/bus/SLICE_474
ROUTE         2     0.445       R5C5C.F1 to       R5C5C.C0 system/bus/firmware_selecteddup
CTOF_DEL    ---     0.495       R5C5C.C0 to       R5C5C.F0 system/bus/SLICE_474
ROUTE        17     1.489       R5C5C.F0 to       R7C3A.M0 system/un1_physical_2dup
MTOOFX_DEL  ---     0.376       R7C3A.M0 to     R7C3A.OFX0 system/bus/rdatadup[12]/SLICE_272
ROUTE         8     1.295     R7C3A.OFX0 to       R8C2C.C1 system/rdatadup[12]
CTOF_DEL    ---     0.495       R8C2C.C1 to       R8C2C.F1 system/cpu/sync_decode.decode/SLICE_640
ROUTE         1     0.986       R8C2C.F1 to       R8C3D.A1 system/cpu/sync_decode.decode/un16_index_1
CTOF_DEL    ---     0.495       R8C3D.A1 to       R8C3D.F1 system/SLICE_472
ROUTE         9     0.788       R8C3D.F1 to       R8C3B.C0 system/cpu/sync_decode.decode/un1_incoming_1
CTOOFX_DEL  ---     0.721       R8C3B.C0 to     R8C3B.OFX0 system/cpu/sync_decode.decode/index_u[3]/SLICE_361
ROUTE         1     1.588     R8C3B.OFX0 to  EBR_R6C1.ADA6 system/cpu/sync_decode.decode/index[3] (to clk)
                  --------
                   32.243   (40.3% logic, 59.7% route), 17 logic levels.

 Clock Skew Details: 

      Source Clock Path oscillator to system/cpu/engine/rom/lane_3:

   Name    Fanout   Delay (ns)          Site               Resource
ROUTE       249     3.714        OSC.OSC to EBR_R6C10.CLKA clk
                  --------
                    3.714   (0.0% logic, 100.0% route), 0 logic levels.

      Destination Clock Path oscillator to system/cpu/sync_decode.decode/table_rom/lane_0:

   Name    Fanout   Delay (ns)          Site               Resource
ROUTE       249     3.714        OSC.OSC to  EBR_R6C1.CLKA clk
                  --------
                    3.714   (0.0% logic, 100.0% route), 0 logic levels.


Passed: The following path meets requirements by 1.617ns

 Logical Details:  Cell type  Pin type       Cell/ASIC name  (clock net +/-)

   Source:         DP8KC      Port           system/cpu/engine/rom/lane_2(ASIC)  (from clk +)
   Destination:    DP8KC      Port           system/cpu/sync_decode.decode/table_rom/lane_0(ASIC)  (to clk +)

   Delay:              32.238ns  (40.7% logic, 59.3% route), 17 logic levels.

 Constraint Details:

     32.238ns physical path delay system/cpu/engine/rom/lane_2 to system/cpu/sync_decode.decode/table_rom/lane_0 meets
     33.829ns delay constraint less
      0.000ns skew and
     -0.026ns ADDR_SET requirement (totaling 33.855ns) by 1.617ns

 Physical Path Details:

      Data path system/cpu/engine/rom/lane_2 to system/cpu/sync_decode.decode/table_rom/lane_0:

   Name    Fanout   Delay (ns)          Site               Resource
C2Q_DEL     ---     4.979  EBR_R6C7.CLKA to  EBR_R6C7.DOA8 system/cpu/engine/rom/lane_2 (from clk)
ROUTE         4     1.375  EBR_R6C7.DOA8 to      R4C12D.D1 system/cpu/engine/a_select_2[0]
CTOF_DEL    ---     0.495      R4C12D.D1 to      R4C12D.F1 system/cpu/engine/SLICE_589
ROUTE         1     0.436      R4C12D.F1 to      R4C12D.C0 system/cpu/engine/un6_select_register[1]
CTOF_DEL    ---     0.495      R4C12D.C0 to      R4C12D.F0 system/cpu/engine/SLICE_589
ROUTE        18     1.474      R4C12D.F0 to      R4C13B.B1 system/cpu/engine/un10_d_axb1
CTOF_DEL    ---     0.495      R4C13B.B1 to      R4C13B.F1 system/cpu/engine/dp/rf/words_ram_1/SLICE_51
ROUTE        15     2.034      R4C13B.F1 to       R2C7D.A1 system/address[11]
CTOF_DEL    ---     0.495       R2C7D.A1 to       R2C7D.F1 system/bus/SLICE_491
ROUTE         2     0.445       R2C7D.F1 to       R2C7D.C0 system/bus/un1_address_31_10
CTOF_DEL    ---     0.495       R2C7D.C0 to       R2C7D.F0 system/bus/SLICE_491
ROUTE         8     1.197       R2C7D.F0 to       R2C9B.C1 system/bus/un1_address_31_13
CTOF_DEL    ---     0.495       R2C9B.C1 to       R2C9B.F1 system/bus/SLICE_363
ROUTE         3     1.018       R2C9B.F1 to       R2C8A.B1 system/bus/un1_address_38
CTOF_DEL    ---     0.495       R2C8A.B1 to       R2C8A.F1 system/bus/SLICE_449
ROUTE         1     1.004       R2C8A.F1 to       R2C8D.B0 system/bus/un1_boot_release_armed_2_1
CTOF_DEL    ---     0.495       R2C8D.B0 to       R2C8D.F0 system/bus/SLICE_643
ROUTE         2     0.967       R2C8D.F0 to       R4C8B.D1 system/bus/un1_boot_release_armed_2
CTOF_DEL    ---     0.495       R4C8B.D1 to       R4C8B.F1 system/bus/SLICE_480
ROUTE         2     0.445       R4C8B.F1 to       R4C8B.C0 system/bus/local_boot_selecteddup
CTOF_DEL    ---     0.495       R4C8B.C0 to       R4C8B.F0 system/bus/SLICE_480
ROUTE         3     2.552       R4C8B.F0 to       R9C5C.D1 system/bus/un1_io_page_1dup
CTOF_DEL    ---     0.495       R9C5C.D1 to       R9C5C.F1 system/bus/SLICE_438
ROUTE        19     0.727       R9C5C.F1 to       R7C5B.D1 system/bus/un1_io_page_1dup_RNIPQBVH
CTOF_DEL    ---     0.495       R7C5B.D1 to       R7C5B.F1 system/bus/SLICE_628
ROUTE         1     0.958       R7C5B.F1 to       R7C2C.D0 system/bus/rdata_0dup[14]
CTOF_DEL    ---     0.495       R7C2C.D0 to       R7C2C.F0 system/SLICE_469
ROUTE         8     1.482       R7C2C.F0 to       R8C2B.B0 system/rdata_0dup_RNINFLRJ[14]
CTOF_DEL    ---     0.495       R8C2B.B0 to       R8C2B.F0 system/SLICE_668
ROUTE         1     0.623       R8C2B.F0 to       R8C3D.D1 system/cpu/sync_decode.decode/un1_incoming_1_3
CTOF_DEL    ---     0.495       R8C3D.D1 to       R8C3D.F1 system/SLICE_472
ROUTE         9     0.788       R8C3D.F1 to       R8C3B.C0 system/cpu/sync_decode.decode/un1_incoming_1
CTOOFX_DEL  ---     0.721       R8C3B.C0 to     R8C3B.OFX0 system/cpu/sync_decode.decode/index_u[3]/SLICE_361
ROUTE         1     1.588     R8C3B.OFX0 to  EBR_R6C1.ADA6 system/cpu/sync_decode.decode/index[3] (to clk)
                  --------
                   32.238   (40.7% logic, 59.3% route), 17 logic levels.

 Clock Skew Details: 

      Source Clock Path oscillator to system/cpu/engine/rom/lane_2:

   Name    Fanout   Delay (ns)          Site               Resource
ROUTE       249     3.714        OSC.OSC to  EBR_R6C7.CLKA clk
                  --------
                    3.714   (0.0% logic, 100.0% route), 0 logic levels.

      Destination Clock Path oscillator to system/cpu/sync_decode.decode/table_rom/lane_0:

   Name    Fanout   Delay (ns)          Site               Resource
ROUTE       249     3.714        OSC.OSC to  EBR_R6C1.CLKA clk
                  --------
                    3.714   (0.0% logic, 100.0% route), 0 logic levels.


Passed: The following path meets requirements by 1.620ns

 Logical Details:  Cell type  Pin type       Cell/ASIC name  (clock net +/-)

   Source:         DP8KC      Port           system/cpu/engine/rom/lane_2(ASIC)  (from clk +)
   Destination:    DP8KC      Port           system/cpu/sync_decode.decode/table_rom/lane_0(ASIC)  (to clk +)

   Delay:              32.235ns  (40.7% logic, 59.3% route), 17 logic levels.

 Constraint Details:

     32.235ns physical path delay system/cpu/engine/rom/lane_2 to system/cpu/sync_decode.decode/table_rom/lane_0 meets
     33.829ns delay constraint less
      0.000ns skew and
     -0.026ns ADDR_SET requirement (totaling 33.855ns) by 1.620ns

 Physical Path Details:

      Data path system/cpu/engine/rom/lane_2 to system/cpu/sync_decode.decode/table_rom/lane_0:

   Name    Fanout   Delay (ns)          Site               Resource
C2Q_DEL     ---     4.979  EBR_R6C7.CLKA to  EBR_R6C7.DOA8 system/cpu/engine/rom/lane_2 (from clk)
ROUTE         4     1.375  EBR_R6C7.DOA8 to      R4C12D.D1 system/cpu/engine/a_select_2[0]
CTOF_DEL    ---     0.495      R4C12D.D1 to      R4C12D.F1 system/cpu/engine/SLICE_589
ROUTE         1     0.436      R4C12D.F1 to      R4C12D.C0 system/cpu/engine/un6_select_register[1]
CTOF_DEL    ---     0.495      R4C12D.C0 to      R4C12D.F0 system/cpu/engine/SLICE_589
ROUTE        18     1.474      R4C12D.F0 to      R4C13A.B1 system/cpu/engine/un10_d_axb1
CTOF_DEL    ---     0.495      R4C13A.B1 to      R4C13A.F1 system/cpu/engine/dp/rf/words_ram_1/SLICE_50
ROUTE        15     2.126      R4C13A.F1 to       R2C7D.D1 system/address[9]
CTOF_DEL    ---     0.495       R2C7D.D1 to       R2C7D.F1 system/bus/SLICE_491
ROUTE         2     0.445       R2C7D.F1 to       R2C7D.C0 system/bus/un1_address_31_10
CTOF_DEL    ---     0.495       R2C7D.C0 to       R2C7D.F0 system/bus/SLICE_491
ROUTE         8     1.197       R2C7D.F0 to       R2C9B.C1 system/bus/un1_address_31_13
CTOF_DEL    ---     0.495       R2C9B.C1 to       R2C9B.F1 system/bus/SLICE_363
ROUTE         3     1.018       R2C9B.F1 to       R2C8A.B1 system/bus/un1_address_38
CTOF_DEL    ---     0.495       R2C8A.B1 to       R2C8A.F1 system/bus/SLICE_449
ROUTE         1     1.004       R2C8A.F1 to       R2C8D.B0 system/bus/un1_boot_release_armed_2_1
CTOF_DEL    ---     0.495       R2C8D.B0 to       R2C8D.F0 system/bus/SLICE_643
ROUTE         2     0.967       R2C8D.F0 to       R4C8B.D1 system/bus/un1_boot_release_armed_2
CTOF_DEL    ---     0.495       R4C8B.D1 to       R4C8B.F1 system/bus/SLICE_480
ROUTE         2     0.445       R4C8B.F1 to       R4C8B.C0 system/bus/local_boot_selecteddup
CTOF_DEL    ---     0.495       R4C8B.C0 to       R4C8B.F0 system/bus/SLICE_480
ROUTE         3     2.552       R4C8B.F0 to       R9C5C.D1 system/bus/un1_io_page_1dup
CTOF_DEL    ---     0.495       R9C5C.D1 to       R9C5C.F1 system/bus/SLICE_438
ROUTE        19     0.727       R9C5C.F1 to       R7C5B.D1 system/bus/un1_io_page_1dup_RNIPQBVH
CTOF_DEL    ---     0.495       R7C5B.D1 to       R7C5B.F1 system/bus/SLICE_628
ROUTE         1     0.958       R7C5B.F1 to       R7C2C.D0 system/bus/rdata_0dup[14]
CTOF_DEL    ---     0.495       R7C2C.D0 to       R7C2C.F0 system/SLICE_469
ROUTE         8     1.482       R7C2C.F0 to       R8C2B.B0 system/rdata_0dup_RNINFLRJ[14]
CTOF_DEL    ---     0.495       R8C2B.B0 to       R8C2B.F0 system/SLICE_668
ROUTE         1     0.623       R8C2B.F0 to       R8C3D.D1 system/cpu/sync_decode.decode/un1_incoming_1_3
CTOF_DEL    ---     0.495       R8C3D.D1 to       R8C3D.F1 system/SLICE_472
ROUTE         9     0.693       R8C3D.F1 to       R8C2A.D0 system/cpu/sync_decode.decode/un1_incoming_1
CTOOFX_DEL  ---     0.721       R8C2A.D0 to     R8C2A.OFX0 system/cpu/sync_decode.decode/index_u[1]/SLICE_357
ROUTE         1     1.588     R8C2A.OFX0 to  EBR_R6C1.ADA4 system/cpu/sync_decode.decode/index[1] (to clk)
                  --------
                   32.235   (40.7% logic, 59.3% route), 17 logic levels.

 Clock Skew Details: 

      Source Clock Path oscillator to system/cpu/engine/rom/lane_2:

   Name    Fanout   Delay (ns)          Site               Resource
ROUTE       249     3.714        OSC.OSC to  EBR_R6C7.CLKA clk
                  --------
                    3.714   (0.0% logic, 100.0% route), 0 logic levels.

      Destination Clock Path oscillator to system/cpu/sync_decode.decode/table_rom/lane_0:

   Name    Fanout   Delay (ns)          Site               Resource
ROUTE       249     3.714        OSC.OSC to  EBR_R6C1.CLKA clk
                  --------
                    3.714   (0.0% logic, 100.0% route), 0 logic levels.


Passed: The following path meets requirements by 1.635ns

 Logical Details:  Cell type  Pin type       Cell/ASIC name  (clock net +/-)

   Source:         DP8KC      Port           system/cpu/engine/rom/lane_2(ASIC)  (from clk +)
   Destination:    DP8KC      Port           system/cpu/sync_decode.decode/table_rom/lane_0(ASIC)  (to clk +)

   Delay:              32.220ns  (40.7% logic, 59.3% route), 17 logic levels.

 Constraint Details:

     32.220ns physical path delay system/cpu/engine/rom/lane_2 to system/cpu/sync_decode.decode/table_rom/lane_0 meets
     33.829ns delay constraint less
      0.000ns skew and
     -0.026ns ADDR_SET requirement (totaling 33.855ns) by 1.635ns

 Physical Path Details:

      Data path system/cpu/engine/rom/lane_2 to system/cpu/sync_decode.decode/table_rom/lane_0:

   Name    Fanout   Delay (ns)          Site               Resource
C2Q_DEL     ---     4.979  EBR_R6C7.CLKA to  EBR_R6C7.DOA8 system/cpu/engine/rom/lane_2 (from clk)
ROUTE         4     1.375  EBR_R6C7.DOA8 to      R4C12D.D1 system/cpu/engine/a_select_2[0]
CTOF_DEL    ---     0.495      R4C12D.D1 to      R4C12D.F1 system/cpu/engine/SLICE_589
ROUTE         1     0.436      R4C12D.F1 to      R4C12D.C0 system/cpu/engine/un6_select_register[1]
CTOF_DEL    ---     0.495      R4C12D.C0 to      R4C12D.F0 system/cpu/engine/SLICE_589
ROUTE        18     1.474      R4C12D.F0 to      R4C13A.B1 system/cpu/engine/un10_d_axb1
CTOF_DEL    ---     0.495      R4C13A.B1 to      R4C13A.F1 system/cpu/engine/dp/rf/words_ram_1/SLICE_50
ROUTE        15     2.126      R4C13A.F1 to       R2C7D.D1 system/address[9]
CTOF_DEL    ---     0.495       R2C7D.D1 to       R2C7D.F1 system/bus/SLICE_491
ROUTE         2     0.445       R2C7D.F1 to       R2C7D.C0 system/bus/un1_address_31_10
CTOF_DEL    ---     0.495       R2C7D.C0 to       R2C7D.F0 system/bus/SLICE_491
ROUTE         8     1.197       R2C7D.F0 to       R2C9B.C1 system/bus/un1_address_31_13
CTOF_DEL    ---     0.495       R2C9B.C1 to       R2C9B.F1 system/bus/SLICE_363
ROUTE         3     1.018       R2C9B.F1 to       R2C8A.B1 system/bus/un1_address_38
CTOF_DEL    ---     0.495       R2C8A.B1 to       R2C8A.F1 system/bus/SLICE_449
ROUTE         1     1.004       R2C8A.F1 to       R2C8D.B0 system/bus/un1_boot_release_armed_2_1
CTOF_DEL    ---     0.495       R2C8D.B0 to       R2C8D.F0 system/bus/SLICE_643
ROUTE         2     0.967       R2C8D.F0 to       R4C8B.D1 system/bus/un1_boot_release_armed_2
CTOF_DEL    ---     0.495       R4C8B.D1 to       R4C8B.F1 system/bus/SLICE_480
ROUTE         2     0.445       R4C8B.F1 to       R4C8B.C0 system/bus/local_boot_selecteddup
CTOF_DEL    ---     0.495       R4C8B.C0 to       R4C8B.F0 system/bus/SLICE_480
ROUTE         3     2.552       R4C8B.F0 to       R9C5C.D1 system/bus/un1_io_page_1dup
CTOF_DEL    ---     0.495       R9C5C.D1 to       R9C5C.F1 system/bus/SLICE_438
ROUTE        19     0.727       R9C5C.F1 to       R7C5B.D1 system/bus/un1_io_page_1dup_RNIPQBVH
CTOF_DEL    ---     0.495       R7C5B.D1 to       R7C5B.F1 system/bus/SLICE_628
ROUTE         1     0.958       R7C5B.F1 to       R7C2C.D0 system/bus/rdata_0dup[14]
CTOF_DEL    ---     0.495       R7C2C.D0 to       R7C2C.F0 system/SLICE_469
ROUTE         8     1.482       R7C2C.F0 to       R8C2B.B0 system/rdata_0dup_RNINFLRJ[14]
CTOF_DEL    ---     0.495       R8C2B.B0 to       R8C2B.F0 system/SLICE_668
ROUTE         1     0.623       R8C2B.F0 to       R8C3D.D1 system/cpu/sync_decode.decode/un1_incoming_1_3
CTOF_DEL    ---     0.495       R8C3D.D1 to       R8C3D.F1 system/SLICE_472
ROUTE         9     1.020       R8C3D.F1 to       R7C2B.D0 system/cpu/sync_decode.decode/un1_incoming_1
CTOOFX_DEL  ---     0.721       R7C2B.D0 to     R7C2B.OFX0 system/cpu/sync_decode.decode/index_u[5]/SLICE_356
ROUTE         1     1.246     R7C2B.OFX0 to  EBR_R6C1.ADA8 system/cpu/sync_decode.decode/index[5] (to clk)
                  --------
                   32.220   (40.7% logic, 59.3% route), 17 logic levels.

 Clock Skew Details: 

      Source Clock Path oscillator to system/cpu/engine/rom/lane_2:

   Name    Fanout   Delay (ns)          Site               Resource
ROUTE       249     3.714        OSC.OSC to  EBR_R6C7.CLKA clk
                  --------
                    3.714   (0.0% logic, 100.0% route), 0 logic levels.

      Destination Clock Path oscillator to system/cpu/sync_decode.decode/table_rom/lane_0:

   Name    Fanout   Delay (ns)          Site               Resource
ROUTE       249     3.714        OSC.OSC to  EBR_R6C1.CLKA clk
                  --------
                    3.714   (0.0% logic, 100.0% route), 0 logic levels.


Passed: The following path meets requirements by 1.648ns

 Logical Details:  Cell type  Pin type       Cell/ASIC name  (clock net +/-)

   Source:         DP8KC      Port           system/cpu/engine/rom/lane_2(ASIC)  (from clk +)
   Destination:    DP8KC      Port           system/cpu/sync_decode.decode/table_rom/lane_0(ASIC)  (to clk +)

   Delay:              32.207ns  (40.1% logic, 59.9% route), 17 logic levels.

 Constraint Details:

     32.207ns physical path delay system/cpu/engine/rom/lane_2 to system/cpu/sync_decode.decode/table_rom/lane_0 meets
     33.829ns delay constraint less
      0.000ns skew and
     -0.026ns ADDR_SET requirement (totaling 33.855ns) by 1.648ns

 Physical Path Details:

      Data path system/cpu/engine/rom/lane_2 to system/cpu/sync_decode.decode/table_rom/lane_0:

   Name    Fanout   Delay (ns)          Site               Resource
C2Q_DEL     ---     4.979  EBR_R6C7.CLKA to  EBR_R6C7.DOA8 system/cpu/engine/rom/lane_2 (from clk)
ROUTE         4     1.375  EBR_R6C7.DOA8 to      R4C12D.D1 system/cpu/engine/a_select_2[0]
CTOF_DEL    ---     0.495      R4C12D.D1 to      R4C12D.F1 system/cpu/engine/SLICE_589
ROUTE         1     0.436      R4C12D.F1 to      R4C12D.C0 system/cpu/engine/un6_select_register[1]
CTOF_DEL    ---     0.495      R4C12D.C0 to      R4C12D.F0 system/cpu/engine/SLICE_589
ROUTE        18     1.474      R4C12D.F0 to      R4C13B.B0 system/cpu/engine/un10_d_axb1
CTOF_DEL    ---     0.495      R4C13B.B0 to      R4C13B.F0 system/cpu/engine/dp/rf/words_ram_1/SLICE_51
ROUTE        15     1.984      R4C13B.F0 to       R2C7D.B1 system/address[10]
CTOF_DEL    ---     0.495       R2C7D.B1 to       R2C7D.F1 system/bus/SLICE_491
ROUTE         2     0.445       R2C7D.F1 to       R2C7D.C0 system/bus/un1_address_31_10
CTOF_DEL    ---     0.495       R2C7D.C0 to       R2C7D.F0 system/bus/SLICE_491
ROUTE         8     1.197       R2C7D.F0 to       R2C9B.C1 system/bus/un1_address_31_13
CTOF_DEL    ---     0.495       R2C9B.C1 to       R2C9B.F1 system/bus/SLICE_363
ROUTE         3     1.018       R2C9B.F1 to       R2C8A.B1 system/bus/un1_address_38
CTOF_DEL    ---     0.495       R2C8A.B1 to       R2C8A.F1 system/bus/SLICE_449
ROUTE         1     1.004       R2C8A.F1 to       R2C8D.B0 system/bus/un1_boot_release_armed_2_1
CTOF_DEL    ---     0.495       R2C8D.B0 to       R2C8D.F0 system/bus/SLICE_643
ROUTE         2     0.967       R2C8D.F0 to       R4C8B.D1 system/bus/un1_boot_release_armed_2
CTOF_DEL    ---     0.495       R4C8B.D1 to       R4C8B.F1 system/bus/SLICE_480
ROUTE         2     0.445       R4C8B.F1 to       R4C8B.C0 system/bus/local_boot_selecteddup
CTOF_DEL    ---     0.495       R4C8B.C0 to       R4C8B.F0 system/bus/SLICE_480
ROUTE         3     2.552       R4C8B.F0 to       R9C5C.D1 system/bus/un1_io_page_1dup
CTOF_DEL    ---     0.495       R9C5C.D1 to       R9C5C.F1 system/bus/SLICE_438
ROUTE        19     0.727       R9C5C.F1 to       R7C5B.D1 system/bus/un1_io_page_1dup_RNIPQBVH
CTOF_DEL    ---     0.495       R7C5B.D1 to       R7C5B.F1 system/bus/SLICE_628
ROUTE         1     0.958       R7C5B.F1 to       R7C2C.D0 system/bus/rdata_0dup[14]
CTOF_DEL    ---     0.495       R7C2C.D0 to       R7C2C.F0 system/SLICE_469
ROUTE         8     1.482       R7C2C.F0 to       R8C2B.B0 system/rdata_0dup_RNINFLRJ[14]
CTOF_DEL    ---     0.495       R8C2B.B0 to       R8C2B.F0 system/SLICE_668
ROUTE         1     0.623       R8C2B.F0 to       R8C3D.D1 system/cpu/sync_decode.decode/un1_incoming_1_3
CTOF_DEL    ---     0.495       R8C3D.D1 to       R8C3D.F1 system/SLICE_472
ROUTE         9     1.020       R8C3D.F1 to       R7C2A.D0 system/cpu/sync_decode.decode/un1_incoming_1
CTOF_DEL    ---     0.495       R7C2A.D0 to       R7C2A.F0 system/cpu/sync_decode.decode/SLICE_594
ROUTE         1     1.601       R7C2A.F0 to EBR_R6C1.ADA12 system/cpu/sync_decode.decode/index[9] (to clk)
                  --------
                   32.207   (40.1% logic, 59.9% route), 17 logic levels.

 Clock Skew Details: 

      Source Clock Path oscillator to system/cpu/engine/rom/lane_2:

   Name    Fanout   Delay (ns)          Site               Resource
ROUTE       249     3.714        OSC.OSC to  EBR_R6C7.CLKA clk
                  --------
                    3.714   (0.0% logic, 100.0% route), 0 logic levels.

      Destination Clock Path oscillator to system/cpu/sync_decode.decode/table_rom/lane_0:

   Name    Fanout   Delay (ns)          Site               Resource
ROUTE       249     3.714        OSC.OSC to  EBR_R6C1.CLKA clk
                  --------
                    3.714   (0.0% logic, 100.0% route), 0 logic levels.


Passed: The following path meets requirements by 1.650ns

 Logical Details:  Cell type  Pin type       Cell/ASIC name  (clock net +/-)

   Source:         DP8KC      Port           system/cpu/engine/rom/lane_2(ASIC)  (from clk +)
   Destination:    DP8KC      Port           system/cpu/sync_decode.decode/table_rom/lane_0(ASIC)  (to clk +)

   Delay:              32.205ns  (40.8% logic, 59.2% route), 17 logic levels.

 Constraint Details:

     32.205ns physical path delay system/cpu/engine/rom/lane_2 to system/cpu/sync_decode.decode/table_rom/lane_0 meets
     33.829ns delay constraint less
      0.000ns skew and
     -0.026ns ADDR_SET requirement (totaling 33.855ns) by 1.650ns

 Physical Path Details:

      Data path system/cpu/engine/rom/lane_2 to system/cpu/sync_decode.decode/table_rom/lane_0:

   Name    Fanout   Delay (ns)          Site               Resource
C2Q_DEL     ---     4.979  EBR_R6C7.CLKA to  EBR_R6C7.DOA8 system/cpu/engine/rom/lane_2 (from clk)
ROUTE         4     1.375  EBR_R6C7.DOA8 to      R4C12D.D1 system/cpu/engine/a_select_2[0]
CTOF_DEL    ---     0.495      R4C12D.D1 to      R4C12D.F1 system/cpu/engine/SLICE_589
ROUTE         1     0.436      R4C12D.F1 to      R4C12D.C0 system/cpu/engine/un6_select_register[1]
CTOF_DEL    ---     0.495      R4C12D.C0 to      R4C12D.F0 system/cpu/engine/SLICE_589
ROUTE        18     1.474      R4C12D.F0 to      R4C13A.B1 system/cpu/engine/un10_d_axb1
CTOF_DEL    ---     0.495      R4C13A.B1 to      R4C13A.F1 system/cpu/engine/dp/rf/words_ram_1/SLICE_50
ROUTE        15     2.126      R4C13A.F1 to       R2C7D.D1 system/address[9]
CTOF_DEL    ---     0.495       R2C7D.D1 to       R2C7D.F1 system/bus/SLICE_491
ROUTE         2     0.445       R2C7D.F1 to       R2C7D.C0 system/bus/un1_address_31_10
CTOF_DEL    ---     0.495       R2C7D.C0 to       R2C7D.F0 system/bus/SLICE_491
ROUTE         8     1.197       R2C7D.F0 to       R2C9B.C1 system/bus/un1_address_31_13
CTOF_DEL    ---     0.495       R2C9B.C1 to       R2C9B.F1 system/bus/SLICE_363
ROUTE         3     1.018       R2C9B.F1 to       R2C8A.B1 system/bus/un1_address_38
CTOF_DEL    ---     0.495       R2C8A.B1 to       R2C8A.F1 system/bus/SLICE_449
ROUTE         1     1.004       R2C8A.F1 to       R2C8D.B0 system/bus/un1_boot_release_armed_2_1
CTOF_DEL    ---     0.495       R2C8D.B0 to       R2C8D.F0 system/bus/SLICE_643
ROUTE         2     0.967       R2C8D.F0 to       R4C8B.D1 system/bus/un1_boot_release_armed_2
CTOF_DEL    ---     0.495       R4C8B.D1 to       R4C8B.F1 system/bus/SLICE_480
ROUTE         2     0.445       R4C8B.F1 to       R4C8B.C0 system/bus/local_boot_selecteddup
CTOF_DEL    ---     0.495       R4C8B.C0 to       R4C8B.F0 system/bus/SLICE_480
ROUTE         3     2.552       R4C8B.F0 to       R9C5C.D1 system/bus/un1_io_page_1dup
CTOF_DEL    ---     0.495       R9C5C.D1 to       R9C5C.F1 system/bus/SLICE_438
ROUTE        19     0.727       R9C5C.F1 to       R7C5B.D1 system/bus/un1_io_page_1dup_RNIPQBVH
CTOF_DEL    ---     0.495       R7C5B.D1 to       R7C5B.F1 system/bus/SLICE_628
ROUTE         1     0.958       R7C5B.F1 to       R7C2C.D0 system/bus/rdata_0dup[14]
CTOF_DEL    ---     0.495       R7C2C.D0 to       R7C2C.F0 system/SLICE_469
ROUTE         8     1.482       R7C2C.F0 to       R8C2B.B0 system/rdata_0dup_RNINFLRJ[14]
CTOF_DEL    ---     0.495       R8C2B.B0 to       R8C2B.F0 system/SLICE_668
ROUTE         1     0.623       R8C2B.F0 to       R8C3D.D1 system/cpu/sync_decode.decode/un1_incoming_1_3
CTOF_DEL    ---     0.495       R8C3D.D1 to       R8C3D.F1 system/SLICE_472
ROUTE         9     0.693       R8C3D.F1 to       R8C2D.D0 system/cpu/sync_decode.decode/un1_incoming_1
CTOOFX_DEL  ---     0.721       R8C2D.D0 to     R8C2D.OFX0 system/cpu/sync_decode.decode/index_u[6]/SLICE_359
ROUTE         1     1.558     R8C2D.OFX0 to  EBR_R6C1.ADA9 system/cpu/sync_decode.decode/index[6] (to clk)
                  --------
                   32.205   (40.8% logic, 59.2% route), 17 logic levels.

 Clock Skew Details: 

      Source Clock Path oscillator to system/cpu/engine/rom/lane_2:

   Name    Fanout   Delay (ns)          Site               Resource
ROUTE       249     3.714        OSC.OSC to  EBR_R6C7.CLKA clk
                  --------
                    3.714   (0.0% logic, 100.0% route), 0 logic levels.

      Destination Clock Path oscillator to system/cpu/sync_decode.decode/table_rom/lane_0:

   Name    Fanout   Delay (ns)          Site               Resource
ROUTE       249     3.714        OSC.OSC to  EBR_R6C1.CLKA clk
                  --------
                    3.714   (0.0% logic, 100.0% route), 0 logic levels.

Report:   30.938MHz is the maximum frequency for this preference.


================================================================================
Preference: Unconstrained: CLOCK_DOMAIN
            0 unconstrained paths found
--------------------------------------------------------------------------------


================================================================================
Preference: Unconstrained: INPUT_SETUP
            10 unconstrained paths found
--------------------------------------------------------------------------------

Unconstrained Preference:
   INPUT_SETUP PORT "res" CLKNET "clk" 

Report:    4.536ns delay res to SLICE_490 (3.803ns delay and 0.733ns setup)

   Name    Fanout   Delay (ns)          Site               Resource
PADI_DEL    ---     1.132          4.PAD to        4.PADDI res
ROUTE         1     2.671        4.PADDI to     R7C12C.LSR res_c (to clk)
                  --------
                    3.803   (29.8% logic, 70.2% route), 1 logic levels.

Unconstrained Preference:
   INPUT_SETUP PORT "gpio_miso" CLKNET "clk" 

Report:    4.180ns delay gpio_miso to system/bus/guest_memory/SLICE_132 (4.014ns delay and 0.166ns setup)

   Name    Fanout   Delay (ns)          Site               Resource
PADI_DEL    ---     1.132         10.PAD to       10.PADDI gpio_miso
ROUTE         3     2.387       10.PADDI to       R9C2B.C0 gpio_miso_c
CTOF_DEL    ---     0.495       R9C2B.C0 to       R9C2B.F0 system/bus/guest_memory/SLICE_132
ROUTE         1     0.000       R9C2B.F0 to      R9C2B.DI0 system/bus/guest_memory/rdata_9[8] (to clk)
                  --------
                    4.014   (40.5% logic, 59.5% route), 2 logic levels.

Unconstrained Preference:
   INPUT_SETUP PORT "gpio_miso" CLKNET "clk" 

Report:    4.085ns delay gpio_miso to system/bus/SLICE_438 (3.737ns delay and 0.348ns setup)

   Name    Fanout   Delay (ns)          Site               Resource
PADI_DEL    ---     1.132         10.PAD to       10.PADDI gpio_miso
ROUTE         3     2.605       10.PADDI to       R9C5C.M0 gpio_miso_c (to clk)
                  --------
                    3.737   (30.3% logic, 69.7% route), 1 logic levels.

Unconstrained Preference:
   INPUT_SETUP PORT "gpio_key_row[0]" CLKNET "clk" 

Report:    2.292ns delay gpio_key_row[0] to gpio_key_row[0]_MGIOL (1.697ns delay and 0.595ns setup)

   Name    Fanout   Delay (ns)          Site               Resource
PADI_DEL    ---     1.132         29.PAD to       29.PADDI gpio_key_row[0]
ROUTE         1     0.565       29.PADDI to    IOL_T11D.DI gpio_key_row_in[0] (to clk)
                  --------
                    1.697   (66.7% logic, 33.3% route), 1 logic levels.

Unconstrained Preference:
   INPUT_SETUP PORT "gpio_key_row[1]" CLKNET "clk" 

Report:    2.292ns delay gpio_key_row[1] to gpio_key_row[1]_MGIOL (1.697ns delay and 0.595ns setup)

   Name    Fanout   Delay (ns)          Site               Resource
PADI_DEL    ---     1.132         30.PAD to       30.PADDI gpio_key_row[1]
ROUTE         1     0.565       30.PADDI to    IOL_T11C.DI gpio_key_row_in[1] (to clk)
                  --------
                    1.697   (66.7% logic, 33.3% route), 1 logic levels.

Unconstrained Preference:
   INPUT_SETUP PORT "gpio_key_row[2]" CLKNET "clk" 

Report:    2.292ns delay gpio_key_row[2] to gpio_key_row[2]_MGIOL (1.697ns delay and 0.595ns setup)

   Name    Fanout   Delay (ns)          Site               Resource
PADI_DEL    ---     1.132         32.PAD to       32.PADDI gpio_key_row[2]
ROUTE         1     0.565       32.PADDI to    IOL_T10D.DI gpio_key_row_in[2] (to clk)
                  --------
                    1.697   (66.7% logic, 33.3% route), 1 logic levels.

Unconstrained Preference:
   INPUT_SETUP PORT "gpio_key_row[3]" CLKNET "clk" 

Report:    2.292ns delay gpio_key_row[3] to gpio_key_row[3]_MGIOL (1.697ns delay and 0.595ns setup)

   Name    Fanout   Delay (ns)          Site               Resource
PADI_DEL    ---     1.132          1.PAD to        1.PADDI gpio_key_row[3]
ROUTE         1     0.565        1.PADDI to    IOL_T10C.DI gpio_key_row_in[3] (to clk)
                  --------
                    1.697   (66.7% logic, 33.3% route), 1 logic levels.

Unconstrained Preference:
   INPUT_SETUP PORT "rx" CLKNET "clk" 

Report:    2.292ns delay rx to rx_MGIOL (1.697ns delay and 0.595ns setup)

   Name    Fanout   Delay (ns)          Site               Resource
PADI_DEL    ---     1.132         25.PAD to       25.PADDI rx
ROUTE         1     0.565       25.PADDI to    IOL_T15D.DI rx_c (to clk)
                  --------
                    1.697   (66.7% logic, 33.3% route), 1 logic levels.

Unconstrained Preference:
   INPUT_SETUP PORT "sd_miso" CLKNET "clk" 

Report:    2.292ns delay sd_miso to sd_miso_MGIOL (1.697ns delay and 0.595ns setup)

   Name    Fanout   Delay (ns)          Site               Resource
PADI_DEL    ---     1.132         28.PAD to       28.PADDI sd_miso
ROUTE         1     0.565       28.PADDI to    IOL_T12C.DI sd_miso_c (to clk)
                  --------
                    1.697   (66.7% logic, 33.3% route), 1 logic levels.

Unconstrained Preference:
   INPUT_SETUP PORT "gpio_miso" CLKNET "clk" 

Report:    2.111ns delay gpio_miso to gpio_miso_MGIOL (1.516ns delay and 0.595ns setup)

   Name    Fanout   Delay (ns)          Site               Resource
PADI_DEL    ---     1.132         10.PAD to       10.PADDI gpio_miso
ROUTE         3     0.384       10.PADDI to     IOL_B6D.DI gpio_miso_c (to clk)
                  --------
                    1.516   (74.7% logic, 25.3% route), 1 logic levels.


================================================================================
Preference: Unconstrained: CLOCK_TO_OUT
            18 unconstrained paths found
--------------------------------------------------------------------------------

Unconstrained Preference:
   CLOCK_TO_OUT PORT "tx" CLKNET "clk" 

Report:    8.539ns delay system/bus/fixed_uart.console/SLICE_111 to tx

   Name    Fanout   Delay (ns)          Site               Resource
REG_DEL     ---     0.452      R3C3C.CLK to       R3C3C.Q0 system/bus/fixed_uart.console/SLICE_111 (from clk)
ROUTE        20     1.850       R3C3C.Q0 to       R4C4D.B1 system/bus/fixed_uart.console/tx_busy
CTOF_DEL    ---     0.495       R4C4D.B1 to       R4C4D.F1 system/bus/fixed_uart.console/SLICE_124
ROUTE         1     2.945       R4C4D.F1 to       23.PADDO tx_c
DOPAD_DEL   ---     2.797       23.PADDO to         23.PAD tx
                  --------
                    8.539   (43.8% logic, 56.2% route), 3 logic levels.

Unconstrained Preference:
   CLOCK_TO_OUT PORT "sd_mosi" CLKNET "clk" 

Report:    8.017ns delay system/bus/byte_sd/SLICE_93 to sd_mosi

   Name    Fanout   Delay (ns)          Site               Resource
REG_DEL     ---     0.452      R8C9A.CLK to       R8C9A.Q1 system/bus/byte_sd/SLICE_93 (from clk)
ROUTE         1     1.810       R8C9A.Q1 to      R9C10A.A1 system/bus/byte_sd/tx_shift[7]
CTOF_DEL    ---     0.495      R9C10A.A1 to      R9C10A.F1 system/bus/byte_sd/SLICE_74
ROUTE         1     2.463      R9C10A.F1 to       21.PADDO sd_mosi_c
DOPAD_DEL   ---     2.797       21.PADDO to         21.PAD sd_mosi
                  --------
                    8.017   (46.7% logic, 53.3% route), 3 logic levels.

Unconstrained Preference:
   CLOCK_TO_OUT PORT "tx" CLKNET "clk" 

Report:    7.974ns delay system/SLICE_641 to tx

   Name    Fanout   Delay (ns)          Site               Resource
REG_DEL     ---     0.452      R3C5A.CLK to       R3C5A.Q0 system/SLICE_641 (from clk)
ROUTE         2     1.285       R3C5A.Q0 to       R4C4D.C1 system/bus/fixed_uart.console/tx_break
CTOF_DEL    ---     0.495       R4C4D.C1 to       R4C4D.F1 system/bus/fixed_uart.console/SLICE_124
ROUTE         1     2.945       R4C4D.F1 to       23.PADDO tx_c
DOPAD_DEL   ---     2.797       23.PADDO to         23.PAD tx
                  --------
                    7.974   (47.0% logic, 53.0% route), 3 logic levels.

Unconstrained Preference:
   CLOCK_TO_OUT PORT "tx" CLKNET "clk" 

Report:    7.675ns delay system/bus/fixed_uart.console/SLICE_120 to tx

   Name    Fanout   Delay (ns)          Site               Resource
REG_DEL     ---     0.452      R4C2C.CLK to       R4C2C.Q0 system/bus/fixed_uart.console/SLICE_120 (from clk)
ROUTE         1     0.986       R4C2C.Q0 to       R4C4D.A1 system/bus/fixed_uart.console/tx_shift[0]
CTOF_DEL    ---     0.495       R4C4D.A1 to       R4C4D.F1 system/bus/fixed_uart.console/SLICE_124
ROUTE         1     2.945       R4C4D.F1 to       23.PADDO tx_c
DOPAD_DEL   ---     2.797       23.PADDO to         23.PAD tx
                  --------
                    7.675   (48.8% logic, 51.2% route), 3 logic levels.

Unconstrained Preference:
   CLOCK_TO_OUT PORT "gpio_key_row[3]" CLKNET "clk" 

Report:    7.618ns delay system/SLICE_158 to gpio_key_row[3]

   Name    Fanout   Delay (ns)          Site               Resource
REG_DEL     ---     0.452      R7C7D.CLK to       R7C7D.Q0 system/SLICE_158 (from clk)
ROUTE         3     2.986       R7C7D.Q0 to        1.PADDT system/bus/host_miso_oe
TDTS_DEL    ---     4.180        1.PADDT to          1.PAD gpio_key_row[3]
                  --------
                    7.618   (60.8% logic, 39.2% route), 2 logic levels.

Unconstrained Preference:
   CLOCK_TO_OUT PORT "gpio_key_row[3]" CLKNET "clk" 

Report:    7.112ns delay system/SLICE_71 to gpio_key_row[3]

   Name    Fanout   Delay (ns)          Site               Resource
REG_DEL     ---     0.452      R9C9B.CLK to       R9C9B.Q0 system/SLICE_71 (from clk)
ROUTE         4     3.863       R9C9B.Q0 to        1.PADDO host_miso
DOPAD_DEL   ---     2.797        1.PADDO to          1.PAD gpio_key_row[3]
                  --------
                    7.112   (45.7% logic, 54.3% route), 2 logic levels.

Unconstrained Preference:
   CLOCK_TO_OUT PORT "sd_mosi" CLKNET "clk" 

Report:    7.056ns delay system/bus/byte_sd/SLICE_82 to sd_mosi

   Name    Fanout   Delay (ns)          Site               Resource
REG_DEL     ---     0.452     R9C10B.CLK to      R9C10B.Q0 system/bus/byte_sd/SLICE_82 (from clk)
ROUTE        22     0.849      R9C10B.Q0 to      R9C10A.C1 system/bus/byte_sd/busy
CTOF_DEL    ---     0.495      R9C10A.C1 to      R9C10A.F1 system/bus/byte_sd/SLICE_74
ROUTE         1     2.463      R9C10A.F1 to       21.PADDO sd_mosi_c
DOPAD_DEL   ---     2.797       21.PADDO to         21.PAD sd_mosi
                  --------
                    7.056   (53.1% logic, 46.9% route), 3 logic levels.

Unconstrained Preference:
   CLOCK_TO_OUT PORT "gpio_reg_latch" CLKNET "clk" 

Report:    6.411ns delay system/SLICE_69 to gpio_reg_latch

   Name    Fanout   Delay (ns)          Site               Resource
REG_DEL     ---     0.452      R9C9D.CLK to       R9C9D.Q0 system/SLICE_69 (from clk)
ROUTE         3     3.162       R9C9D.Q0 to       20.PADDO gpio_reg_latch_c
DOPAD_DEL   ---     2.797       20.PADDO to         20.PAD gpio_reg_latch
                  --------
                    6.411   (50.7% logic, 49.3% route), 2 logic levels.

Unconstrained Preference:
   CLOCK_TO_OUT PORT "sd_sck" CLKNET "clk" 

Report:    6.033ns delay system/bus/byte_sd/SLICE_74 to sd_sck

   Name    Fanout   Delay (ns)          Site               Resource
REG_DEL     ---     0.452     R9C10A.CLK to      R9C10A.Q0 system/bus/byte_sd/SLICE_74 (from clk)
ROUTE         9     2.784      R9C10A.Q0 to       27.PADDO sd_sck_c
DOPAD_DEL   ---     2.797       27.PADDO to         27.PAD sd_sck
                  --------
                    6.033   (53.9% logic, 46.1% route), 2 logic levels.

Unconstrained Preference:
   CLOCK_TO_OUT PORT "gpio_din" CLKNET "clk" 

Report:    5.896ns delay system/SLICE_67 to gpio_din

   Name    Fanout   Delay (ns)          Site               Resource
REG_DEL     ---     0.452      R9C9A.CLK to       R9C9A.Q0 system/SLICE_67 (from clk)
ROUTE         2     2.647       R9C9A.Q0 to       16.PADDO gpio_din_c
DOPAD_DEL   ---     2.797       16.PADDO to         16.PAD gpio_din
                  --------
                    5.896   (55.1% logic, 44.9% route), 2 logic levels.

Unconstrained Preference:
   CLOCK_TO_OUT PORT "sd_cs_n" CLKNET "clk" 

Report:    5.824ns delay system/SLICE_73 to sd_cs_n

   Name    Fanout   Delay (ns)          Site               Resource
REG_DEL     ---     0.452      R8C8A.CLK to       R8C8A.Q0 system/SLICE_73 (from clk)
ROUTE         2     2.575       R8C8A.Q0 to        5.PADDO sd_cs_n_c
DOPAD_DEL   ---     2.797        5.PADDO to          5.PAD sd_cs_n
                  --------
                    5.824   (55.8% logic, 44.2% route), 2 logic levels.

Unconstrained Preference:
   CLOCK_TO_OUT PORT "gpio_rs" CLKNET "clk" 

Report:    4.993ns delay system/SLICE_70 to gpio_rs

   Name    Fanout   Delay (ns)          Site               Resource
REG_DEL     ---     0.452      R9C8B.CLK to       R9C8B.Q0 system/SLICE_70 (from clk)
ROUTE         3     1.744       R9C8B.Q0 to       11.PADDO gpio_rs_c
DOPAD_DEL   ---     2.797       11.PADDO to         11.PAD gpio_rs
                  --------
                    4.993   (65.1% logic, 34.9% route), 2 logic levels.

Unconstrained Preference:
   CLOCK_TO_OUT PORT "gpio_ce" CLKNET "clk" 

Report:    4.595ns delay system/SLICE_65 to gpio_ce

   Name    Fanout   Delay (ns)          Site               Resource
REG_DEL     ---     0.452      R9C9C.CLK to       R9C9C.Q0 system/SLICE_65 (from clk)
ROUTE         3     1.346       R9C9C.Q0 to       14.PADDO gpio_ce_c
DOPAD_DEL   ---     2.797       14.PADDO to         14.PAD gpio_ce
                  --------
                    4.595   (70.7% logic, 29.3% route), 2 logic levels.

Unconstrained Preference:
   CLOCK_TO_OUT PORT "gpio_blank" CLKNET "clk" 

Report:    4.595ns delay system/SLICE_64 to gpio_blank

   Name    Fanout   Delay (ns)          Site               Resource
REG_DEL     ---     0.452      R9C8D.CLK to       R9C8D.Q0 system/SLICE_64 (from clk)
ROUTE         2     1.346       R9C8D.Q0 to       13.PADDO gpio_blank_c
DOPAD_DEL   ---     2.797       13.PADDO to         13.PAD gpio_blank
                  --------
                    4.595   (70.7% logic, 29.3% route), 2 logic levels.

Unconstrained Preference:
   CLOCK_TO_OUT PORT "gpio_clk" CLKNET "clk" 

Report:    4.510ns delay system/SLICE_66 to gpio_clk

   Name    Fanout   Delay (ns)          Site               Resource
REG_DEL     ---     0.452      R9C7C.CLK to       R9C7C.Q0 system/SLICE_66 (from clk)
ROUTE         2     1.261       R9C7C.Q0 to       12.PADDO gpio_clk_c
DOPAD_DEL   ---     2.797       12.PADDO to         12.PAD gpio_clk
                  --------
                    4.510   (72.0% logic, 28.0% route), 2 logic levels.

Unconstrained Preference:
   CLOCK_TO_OUT PORT "gpio_mcs" CLKNET "clk" 

Report:    4.396ns delay system/bus/guest_memory/SLICE_68 to gpio_mcs

   Name    Fanout   Delay (ns)          Site               Resource
REG_DEL     ---     0.452      R9C4C.CLK to       R9C4C.Q0 system/bus/guest_memory/SLICE_68 (from clk)
ROUTE         2     1.147       R9C4C.Q0 to        8.PADDO gpio_mcs_c
DOPAD_DEL   ---     2.797        8.PADDO to          8.PAD gpio_mcs
                  --------
                    4.396   (73.9% logic, 26.1% route), 2 logic levels.

Unconstrained Preference:
   CLOCK_TO_OUT PORT "gpio_msck" CLKNET "clk" 

Report:    4.084ns delay gpio_msck_MGIOL to gpio_msck

   Name    Fanout   Delay (ns)          Site               Resource
C2OUT_DEL   ---     1.244    IOL_B6C.CLK to  IOL_B6C.IOLDO gpio_msck_MGIOL (from clk)
ROUTE         1     0.043  IOL_B6C.IOLDO to        9.IOLDO gpio_msck_c
OP0PAD_DEL  ---     2.797        9.IOLDO to          9.PAD gpio_msck
                  --------
                    4.084   (98.9% logic, 1.1% route), 2 logic levels.

Unconstrained Preference:
   CLOCK_TO_OUT PORT "gpio_mosi" CLKNET "clk" 

Report:    3.407ns delay gpio_mosi_MGIOL to gpio_mosi

   Name    Fanout   Delay (ns)          Site               Resource
C2OUT_DEL   ---     0.567   IOL_B20D.CLK to IOL_B20D.IOLDO gpio_mosi_MGIOL (from clk)
ROUTE         1     0.043 IOL_B20D.IOLDO to       17.IOLDO gpio_mosi_c
OP0PAD_DEL  ---     2.797       17.IOLDO to         17.PAD gpio_mosi
                  --------
                    3.407   (98.7% logic, 1.3% route), 2 logic levels.


================================================================================
Preference: Unconstrained: MAXDELAY
            0 unconstrained paths found
--------------------------------------------------------------------------------

Report Summary
--------------
----------------------------------------------------------------------------
Preference                              |   Constraint|       Actual|Levels
----------------------------------------------------------------------------
                                        |             |             |
FREQUENCY NET "clk" 29.560000 MHz ;     |   29.560 MHz|   30.938 MHz|  17  
                                        |             |             |
----------------------------------------------------------------------------


All preferences were met.


Clock Domains Analysis
------------------------

Found 1 clocks:

Clock Domain: clk   Source: oscillator.OSC   Loads: 249
   Covered under: FREQUENCY NET "clk" 29.560000 MHz ;


--------------------------------------------------------------------------------
                Connections not covered by the preferences
--------------------------------------------------------------------------------

     Delay                        Element                 Net

    0.565ns pio_key_row[0].PADDI to _key_row[0]_MGIOL.DI gpio_key_row_in[0]
    0.565ns        sd_miso.PADDI to     sd_miso_MGIOL.DI sd_miso_c
    0.565ns             rx.PADDI to          rx_MGIOL.DI rx_c
    2.387ns      gpio_miso.PADDI to _memory/SLICE_132.C0 gpio_miso_c
    2.605ns      gpio_miso.PADDI to tem/bus/SLICE_438.M0 gpio_miso_c
    0.384ns      gpio_miso.PADDI to   gpio_miso_MGIOL.DI gpio_miso_c
    0.565ns pio_key_row[1].PADDI to _key_row[1]_MGIOL.DI gpio_key_row_in[1]
    0.565ns pio_key_row[2].PADDI to _key_row[2]_MGIOL.DI gpio_key_row_in[2]
    0.565ns pio_key_row[3].PADDI to _key_row[3]_MGIOL.DI gpio_key_row_in[3]
    2.671ns            res.PADDI to        SLICE_490.LSR res_c

--------------------------------------------------------------------------------


Timing summary (Setup):
---------------

Timing errors: 0  Score: 0
Cumulative negative slack: 0

Constraints cover 3271655 paths, 1 nets, and 5499 connections (99.82% coverage)

--------------------------------------------------------------------------------
Lattice TRACE Report - Hold, Version Diamond (64-bit) 3.14.0.75.2
Sat Sep 12 12:17:19 2026

Copyright (c) 1991-1994 by NeoCAD Inc. All rights reserved.
Copyright (c) 1995 AT&T Corp.   All rights reserved.
Copyright (c) 1995-2001 Lucent Technologies Inc.  All rights reserved.
Copyright (c) 2001 Agere Systems   All rights reserved.
Copyright (c) 2002-2024 Lattice Semiconductor Corporation,  All rights reserved.

Report Information
------------------
Command line:    trce -v 10 -c -u 0 -gt -sethld -sp 4 -sphld m -o cp57d_impl1.twr cp57d_impl1.ncd cp57d_impl1.prf 
Design file:     cp57d_impl1.ncd
Preference file: cp57d_impl1.prf
Device,speed:    LCMXO2-1200HC,m
Report level:    verbose report, limited to 10 items per preference
--------------------------------------------------------------------------------

BLOCK ASYNCPATHS
BLOCK RESETPATHS
--------------------------------------------------------------------------------



================================================================================
Preference: FREQUENCY NET "clk" 29.560000 MHz ;
            4096 items scored, 0 timing errors detected.
--------------------------------------------------------------------------------


Passed: The following path meets requirements by 0.291ns

 Logical Details:  Cell type  Pin type       Cell/ASIC name  (clock net +/-)

   Source:         Sync_RAM   Q              system/cpu/engine/dp/rf/words_1_ram/RAM0  (from clk +)
   Destination:    FF         Data in        system/cpu/engine/service_ready[0]  (to clk +)

   Delay:               0.278ns  (99.3% logic, 0.7% route), 1 logic levels.

 Constraint Details:

      0.278ns physical path delay system/cpu/engine/SLICE_41 to system/cpu/engine/SLICE_41 meets
     -0.013ns DIN_HLD and
      0.000ns delay constraint less
      0.000ns skew requirement (totaling -0.013ns) by 0.291ns

 Physical Path Details:

      Data path system/cpu/engine/SLICE_41 to system/cpu/engine/SLICE_41:

   Name    Fanout   Delay (ns)          Site               Resource
CLKTOF_DEL  ---     0.276     R2C13A.WCK to      R2C13A.F0 system/cpu/engine/SLICE_41 (from clk)
ROUTE         7     0.002      R2C13A.F0 to     R2C13A.DI0 system/data[0] (to clk)
                  --------
                    0.278   (99.3% logic, 0.7% route), 1 logic levels.

 Clock Skew Details: 

      Source Clock Path oscillator to system/cpu/engine/SLICE_41:

   Name    Fanout   Delay (ns)          Site               Resource
ROUTE       249     1.216        OSC.OSC to     R2C13A.WCK clk
                  --------
                    1.216   (0.0% logic, 100.0% route), 0 logic levels.

      Destination Clock Path oscillator to system/cpu/engine/SLICE_41:

   Name    Fanout   Delay (ns)          Site               Resource
ROUTE       249     1.216        OSC.OSC to     R2C13A.CLK clk
                  --------
                    1.216   (0.0% logic, 100.0% route), 0 logic levels.


Passed: The following path meets requirements by 0.292ns

 Logical Details:  Cell type  Pin type       Cell/ASIC name  (clock net +/-)

   Source:         Sync_RAM   Q              system/cpu/engine/dp/rf/words_1_ram/RAM0  (from clk +)
   Destination:    FF         Data in        system/cpu/engine/service_ready[1]  (to clk +)

   Delay:               0.279ns  (98.9% logic, 1.1% route), 1 logic levels.

 Constraint Details:

      0.279ns physical path delay system/cpu/engine/SLICE_41 to system/cpu/engine/SLICE_41 meets
     -0.013ns DIN_HLD and
      0.000ns delay constraint less
      0.000ns skew requirement (totaling -0.013ns) by 0.292ns

 Physical Path Details:

      Data path system/cpu/engine/SLICE_41 to system/cpu/engine/SLICE_41:

   Name    Fanout   Delay (ns)          Site               Resource
CLKTOF_DEL  ---     0.276     R2C13A.WCK to      R2C13A.F1 system/cpu/engine/SLICE_41 (from clk)
ROUTE         7     0.003      R2C13A.F1 to     R2C13A.DI1 system/data[1] (to clk)
                  --------
                    0.279   (98.9% logic, 1.1% route), 1 logic levels.

 Clock Skew Details: 

      Source Clock Path oscillator to system/cpu/engine/SLICE_41:

   Name    Fanout   Delay (ns)          Site               Resource
ROUTE       249     1.216        OSC.OSC to     R2C13A.WCK clk
                  --------
                    1.216   (0.0% logic, 100.0% route), 0 logic levels.

      Destination Clock Path oscillator to system/cpu/engine/SLICE_41:

   Name    Fanout   Delay (ns)          Site               Resource
ROUTE       249     1.216        OSC.OSC to     R2C13A.CLK clk
                  --------
                    1.216   (0.0% logic, 100.0% route), 0 logic levels.


Passed: The following path meets requirements by 0.304ns

 Logical Details:  Cell type  Pin type       Cell/ASIC name  (clock net +/-)

   Source:         FF         Q              reset_sync[1]  (from clk +)
   Destination:    FF         Data in        reset_sync[0]  (to clk +)

   Delay:               0.285ns  (46.7% logic, 53.3% route), 1 logic levels.

 Constraint Details:

      0.285ns physical path delay SLICE_490 to SLICE_490 meets
     -0.019ns M_HLD and
      0.000ns delay constraint less
      0.000ns skew requirement (totaling -0.019ns) by 0.304ns

 Physical Path Details:

      Data path SLICE_490 to SLICE_490:

   Name    Fanout   Delay (ns)          Site               Resource
REG_DEL     ---     0.133     R7C12C.CLK to      R7C12C.Q1 SLICE_490 (from clk)
ROUTE         1     0.152      R7C12C.Q1 to      R7C12C.M0 reset_sync[1] (to clk)
                  --------
                    0.285   (46.7% logic, 53.3% route), 1 logic levels.

 Clock Skew Details: 

      Source Clock Path oscillator to SLICE_490:

   Name    Fanout   Delay (ns)          Site               Resource
ROUTE       249     1.216        OSC.OSC to     R7C12C.CLK clk
                  --------
                    1.216   (0.0% logic, 100.0% route), 0 logic levels.

      Destination Clock Path oscillator to SLICE_490:

   Name    Fanout   Delay (ns)          Site               Resource
ROUTE       249     1.216        OSC.OSC to     R7C12C.CLK clk
                  --------
                    1.216   (0.0% logic, 100.0% route), 0 logic levels.


Passed: The following path meets requirements by 0.304ns

 Logical Details:  Cell type  Pin type       Cell/ASIC name  (clock net +/-)

   Source:         FF         Q              system/bus/fixed_uart.console/cts_sync[0]  (from clk +)
   Destination:    FF         Data in        system/bus/fixed_uart.console/cts_sync[1]  (to clk +)

   Delay:               0.285ns  (46.7% logic, 53.3% route), 1 logic levels.

 Constraint Details:

      0.285ns physical path delay system/bus/fixed_uart.console/SLICE_94 to system/bus/fixed_uart.console/SLICE_94 meets
     -0.019ns M_HLD and
      0.000ns delay constraint less
      0.000ns skew requirement (totaling -0.019ns) by 0.304ns

 Physical Path Details:

      Data path system/bus/fixed_uart.console/SLICE_94 to system/bus/fixed_uart.console/SLICE_94:

   Name    Fanout   Delay (ns)          Site               Resource
REG_DEL     ---     0.133      R3C4A.CLK to       R3C4A.Q0 system/bus/fixed_uart.console/SLICE_94 (from clk)
ROUTE         1     0.152       R3C4A.Q0 to       R3C4A.M1 system/bus/fixed_uart.console/cts_sync[0] (to clk)
                  --------
                    0.285   (46.7% logic, 53.3% route), 1 logic levels.

 Clock Skew Details: 

      Source Clock Path oscillator to system/bus/fixed_uart.console/SLICE_94:

   Name    Fanout   Delay (ns)          Site               Resource
ROUTE       249     1.216        OSC.OSC to      R3C4A.CLK clk
                  --------
                    1.216   (0.0% logic, 100.0% route), 0 logic levels.

      Destination Clock Path oscillator to system/bus/fixed_uart.console/SLICE_94:

   Name    Fanout   Delay (ns)          Site               Resource
ROUTE       249     1.216        OSC.OSC to      R3C4A.CLK clk
                  --------
                    1.216   (0.0% logic, 100.0% route), 0 logic levels.


Passed: The following path meets requirements by 0.306ns

 Logical Details:  Cell type  Pin type       Cell/ASIC name  (clock net +/-)

   Source:         FF         Q              system/bus/timebase/state[17]  (from clk +)
   Destination:    FF         Data in        system/bus/timebase/state[18]  (to clk +)

   Delay:               0.287ns  (46.3% logic, 53.7% route), 1 logic levels.

 Constraint Details:

      0.287ns physical path delay SLICE_187 to SLICE_187 meets
     -0.019ns M_HLD and
      0.000ns delay constraint less
      0.000ns skew requirement (totaling -0.019ns) by 0.306ns

 Physical Path Details:

      Data path SLICE_187 to SLICE_187:

   Name    Fanout   Delay (ns)          Site               Resource
REG_DEL     ---     0.133     R9C11C.CLK to      R9C11C.Q0 SLICE_187 (from clk)
ROUTE         2     0.154      R9C11C.Q0 to      R9C11C.M1 system/bus/timebase/state[17] (to clk)
                  --------
                    0.287   (46.3% logic, 53.7% route), 1 logic levels.

 Clock Skew Details: 

      Source Clock Path oscillator to SLICE_187:

   Name    Fanout   Delay (ns)          Site               Resource
ROUTE       249     1.216        OSC.OSC to     R9C11C.CLK clk
                  --------
                    1.216   (0.0% logic, 100.0% route), 0 logic levels.

      Destination Clock Path oscillator to SLICE_187:

   Name    Fanout   Delay (ns)          Site               Resource
ROUTE       249     1.216        OSC.OSC to     R9C11C.CLK clk
                  --------
                    1.216   (0.0% logic, 100.0% route), 0 logic levels.


Passed: The following path meets requirements by 0.306ns

 Logical Details:  Cell type  Pin type       Cell/ASIC name  (clock net +/-)

   Source:         FF         Q              system/bus/timebase/state[11]  (from clk +)
   Destination:    FF         Data in        system/bus/timebase/state[12]  (to clk +)

   Delay:               0.287ns  (46.3% logic, 53.7% route), 1 logic levels.

 Constraint Details:

      0.287ns physical path delay system/bus/timebase/SLICE_664 to system/bus/timebase/SLICE_664 meets
     -0.019ns M_HLD and
      0.000ns delay constraint less
      0.000ns skew requirement (totaling -0.019ns) by 0.306ns

 Physical Path Details:

      Data path system/bus/timebase/SLICE_664 to system/bus/timebase/SLICE_664:

   Name    Fanout   Delay (ns)          Site               Resource
REG_DEL     ---     0.133     R7C11D.CLK to      R7C11D.Q0 system/bus/timebase/SLICE_664 (from clk)
ROUTE         2     0.154      R7C11D.Q0 to      R7C11D.M1 system/bus/timebase/state[11] (to clk)
                  --------
                    0.287   (46.3% logic, 53.7% route), 1 logic levels.

 Clock Skew Details: 

      Source Clock Path oscillator to system/bus/timebase/SLICE_664:

   Name    Fanout   Delay (ns)          Site               Resource
ROUTE       249     1.216        OSC.OSC to     R7C11D.CLK clk
                  --------
                    1.216   (0.0% logic, 100.0% route), 0 logic levels.

      Destination Clock Path oscillator to system/bus/timebase/SLICE_664:

   Name    Fanout   Delay (ns)          Site               Resource
ROUTE       249     1.216        OSC.OSC to     R7C11D.CLK clk
                  --------
                    1.216   (0.0% logic, 100.0% route), 0 logic levels.


Passed: The following path meets requirements by 0.306ns

 Logical Details:  Cell type  Pin type       Cell/ASIC name  (clock net +/-)

   Source:         FF         Q              system/bus/fixed_uart.console/rx_shift[7]  (from clk +)
   Destination:    FF         Data in        system/bus/fixed_uart.console/rx_shift[6]  (to clk +)

   Delay:               0.287ns  (46.3% logic, 53.7% route), 1 logic levels.

 Constraint Details:

      0.287ns physical path delay system/bus/SLICE_425 to system/bus/SLICE_425 meets
     -0.019ns M_HLD and
      0.000ns delay constraint less
      0.000ns skew requirement (totaling -0.019ns) by 0.306ns

 Physical Path Details:

      Data path system/bus/SLICE_425 to system/bus/SLICE_425:

   Name    Fanout   Delay (ns)          Site               Resource
REG_DEL     ---     0.133     R2C10A.CLK to      R2C10A.Q1 system/bus/SLICE_425 (from clk)
ROUTE         2     0.154      R2C10A.Q1 to      R2C10A.M0 system/bus/fixed_uart.console/rx_shift[7] (to clk)
                  --------
                    0.287   (46.3% logic, 53.7% route), 1 logic levels.

 Clock Skew Details: 

      Source Clock Path oscillator to system/bus/SLICE_425:

   Name    Fanout   Delay (ns)          Site               Resource
ROUTE       249     1.216        OSC.OSC to     R2C10A.CLK clk
                  --------
                    1.216   (0.0% logic, 100.0% route), 0 logic levels.

      Destination Clock Path oscillator to system/bus/SLICE_425:

   Name    Fanout   Delay (ns)          Site               Resource
ROUTE       249     1.216        OSC.OSC to     R2C10A.CLK clk
                  --------
                    1.216   (0.0% logic, 100.0% route), 0 logic levels.


Passed: The following path meets requirements by 0.306ns

 Logical Details:  Cell type  Pin type       Cell/ASIC name  (clock net +/-)

   Source:         FF         Q              system/bus/timebase/state[6]  (from clk +)
   Destination:    FF         Data in        system/bus/timebase/state[7]  (to clk +)

   Delay:               0.287ns  (46.3% logic, 53.7% route), 1 logic levels.

 Constraint Details:

      0.287ns physical path delay system/bus/SLICE_645 to system/bus/SLICE_492 meets
     -0.019ns M_HLD and
      0.000ns delay constraint less
      0.000ns skew requirement (totaling -0.019ns) by 0.306ns

 Physical Path Details:

      Data path system/bus/SLICE_645 to system/bus/SLICE_492:

   Name    Fanout   Delay (ns)          Site               Resource
REG_DEL     ---     0.133     R3C12C.CLK to      R3C12C.Q1 system/bus/SLICE_645 (from clk)
ROUTE         2     0.154      R3C12C.Q1 to      R3C12D.M0 system/bus/timebase/state[6] (to clk)
                  --------
                    0.287   (46.3% logic, 53.7% route), 1 logic levels.

 Clock Skew Details: 

      Source Clock Path oscillator to system/bus/SLICE_645:

   Name    Fanout   Delay (ns)          Site               Resource
ROUTE       249     1.216        OSC.OSC to     R3C12C.CLK clk
                  --------
                    1.216   (0.0% logic, 100.0% route), 0 logic levels.

      Destination Clock Path oscillator to system/bus/SLICE_492:

   Name    Fanout   Delay (ns)          Site               Resource
ROUTE       249     1.216        OSC.OSC to     R3C12D.CLK clk
                  --------
                    1.216   (0.0% logic, 100.0% route), 0 logic levels.


Passed: The following path meets requirements by 0.306ns

 Logical Details:  Cell type  Pin type       Cell/ASIC name  (clock net +/-)

   Source:         FF         Q              system/bus/timebase/state[7]  (from clk +)
   Destination:    FF         Data in        system/bus/timebase/state[8]  (to clk +)

   Delay:               0.287ns  (46.3% logic, 53.7% route), 1 logic levels.

 Constraint Details:

      0.287ns physical path delay system/bus/SLICE_492 to system/bus/SLICE_492 meets
     -0.019ns M_HLD and
      0.000ns delay constraint less
      0.000ns skew requirement (totaling -0.019ns) by 0.306ns

 Physical Path Details:

      Data path system/bus/SLICE_492 to system/bus/SLICE_492:

   Name    Fanout   Delay (ns)          Site               Resource
REG_DEL     ---     0.133     R3C12D.CLK to      R3C12D.Q0 system/bus/SLICE_492 (from clk)
ROUTE         2     0.154      R3C12D.Q0 to      R3C12D.M1 system/bus/timebase/state[7] (to clk)
                  --------
                    0.287   (46.3% logic, 53.7% route), 1 logic levels.

 Clock Skew Details: 

      Source Clock Path oscillator to system/bus/SLICE_492:

   Name    Fanout   Delay (ns)          Site               Resource
ROUTE       249     1.216        OSC.OSC to     R3C12D.CLK clk
                  --------
                    1.216   (0.0% logic, 100.0% route), 0 logic levels.

      Destination Clock Path oscillator to system/bus/SLICE_492:

   Name    Fanout   Delay (ns)          Site               Resource
ROUTE       249     1.216        OSC.OSC to     R3C12D.CLK clk
                  --------
                    1.216   (0.0% logic, 100.0% route), 0 logic levels.


Passed: The following path meets requirements by 0.306ns

 Logical Details:  Cell type  Pin type       Cell/ASIC name  (clock net +/-)

   Source:         FF         Q              system/bus/byte_sd/rx_shift[5]  (from clk +)
   Destination:    FF         Data in        system/bus/byte_sd/rx_shift[6]  (to clk +)

   Delay:               0.287ns  (46.3% logic, 53.7% route), 1 logic levels.

 Constraint Details:

      0.287ns physical path delay system/SLICE_374 to system/SLICE_374 meets
     -0.019ns M_HLD and
      0.000ns delay constraint less
      0.000ns skew requirement (totaling -0.019ns) by 0.306ns

 Physical Path Details:

      Data path system/SLICE_374 to system/SLICE_374:

   Name    Fanout   Delay (ns)          Site               Resource
REG_DEL     ---     0.133     R5C11C.CLK to      R5C11C.Q0 system/SLICE_374 (from clk)
ROUTE         2     0.154      R5C11C.Q0 to      R5C11C.M1 system/bus/byte_sd/rdata_8[5] (to clk)
                  --------
                    0.287   (46.3% logic, 53.7% route), 1 logic levels.

 Clock Skew Details: 

      Source Clock Path oscillator to system/SLICE_374:

   Name    Fanout   Delay (ns)          Site               Resource
ROUTE       249     1.216        OSC.OSC to     R5C11C.CLK clk
                  --------
                    1.216   (0.0% logic, 100.0% route), 0 logic levels.

      Destination Clock Path oscillator to system/SLICE_374:

   Name    Fanout   Delay (ns)          Site               Resource
ROUTE       249     1.216        OSC.OSC to     R5C11C.CLK clk
                  --------
                    1.216   (0.0% logic, 100.0% route), 0 logic levels.

Report Summary
--------------
----------------------------------------------------------------------------
Preference(MIN Delays)                  |   Constraint|       Actual|Levels
----------------------------------------------------------------------------
                                        |             |             |
FREQUENCY NET "clk" 29.560000 MHz ;     |     0.000 ns|     0.291 ns|   1  
                                        |             |             |
----------------------------------------------------------------------------


All preferences were met.


Clock Domains Analysis
------------------------

Found 1 clocks:

Clock Domain: clk   Source: oscillator.OSC   Loads: 249
   Covered under: FREQUENCY NET "clk" 29.560000 MHz ;


--------------------------------------------------------------------------------
                Connections not covered by the preferences
--------------------------------------------------------------------------------

     Delay                        Element                 Net

    0.177ns pio_key_row[0].PADDI to _key_row[0]_MGIOL.DI gpio_key_row_in[0]
    0.177ns        sd_miso.PADDI to     sd_miso_MGIOL.DI sd_miso_c
    0.177ns             rx.PADDI to          rx_MGIOL.DI rx_c
    0.780ns      gpio_miso.PADDI to _memory/SLICE_132.C0 gpio_miso_c
    0.860ns      gpio_miso.PADDI to tem/bus/SLICE_438.M0 gpio_miso_c
    0.127ns      gpio_miso.PADDI to   gpio_miso_MGIOL.DI gpio_miso_c
    0.177ns pio_key_row[1].PADDI to _key_row[1]_MGIOL.DI gpio_key_row_in[1]
    0.177ns pio_key_row[2].PADDI to _key_row[2]_MGIOL.DI gpio_key_row_in[2]
    0.177ns pio_key_row[3].PADDI to _key_row[3]_MGIOL.DI gpio_key_row_in[3]
    0.890ns            res.PADDI to        SLICE_490.LSR res_c

--------------------------------------------------------------------------------


Timing summary (Hold):
---------------

Timing errors: 0  Score: 0
Cumulative negative slack: 0

Constraints cover 3271655 paths, 1 nets, and 5499 connections (99.82% coverage)



Timing summary (Setup and Hold):
---------------

Timing errors: 0 (setup), 0 (hold)
Score: 0 (setup), 0 (hold)
Cumulative negative slack: 0 (0+0)
--------------------------------------------------------------------------------

--------------------------------------------------------------------------------

