PASS APR reset: 9 helper positions, including held read/save/return
ENTRY memory_upc=020
ENTRY memory_upc=031
ENTRY memory_upc=034
ENTRY memory_upc=091
ENTRY memory_upc=1c9
ENTRY memory_upc=1cc
ENTRY memory_upc=2a8
ENTRY memory_upc=2b5
ENTRY memory_upc=2b8
ENTRY memory_upc=2c0
ENTRY memory_upc=2c3
ENTRY memory_upc=3d9
ENTRY memory_upc=3dc
ENTRY memory_upc=3e0
ENTRY memory_upc=3e2
ENTRY memory_upc=3eb
ENTRY memory_upc=3ed
ENTRY memory_upc=3ef
PASS APR CPU miter: 1024 cases, 11476 normal edges, 27728 extra edges, 1971 entries / 1971 returns, 8018 held edges, 18 memory words, 61 disabled / 512 IRQ cases
PASS APR lookup: 3942 completed PAR/PDR reads, page mask 03, 10 base clocks/entry, holds enabled 1
tb/tb_mmu_apr_lookup.v:212: $finish called at 589120000 (1ps)
