SD image: /Users/sash/Work/PROJECTS/k1801vm1/lsi11-fpga/images/rt11v503.dsk (53790 sectors), read-only backing, 256-sector RAM overlay
BOARD clocks5000000 PC004466 IR077301 uPC020 PSW000350 cmds0 reads0 service0 pending0
uJ11 SD handoff at 6498633 clocks
RK command 002021 PC000314 IPL7
RK command 002220 PC160460 IPL7
BUS FAULT addr173700 wr0 PC001112 SP010000 IR011001 uPC220 PSW000350
BUS FAULT addr160000 wr0 PC001236 SP007774 IR011414 uPC220 PSW000011
BUS FAULT addr177776 wr0 PC001436 SP010000 IR005737 uPC0f0 PSW000000
BUS FAULT addr172540 wr0 PC001502 SP010000 IR005737 uPC0f0 PSW000010
BUS FAULT addr177746 wr0 PC001564 SP010000 IR052737 uPC3b0 PSW000004
BUS FAULT addr177760 wr0 PC001574 SP010000 IR005737 uPC0f0 PSW000004
BUS FAULT addr177570 wr0 PC001624 SP010000 IR013702 uPC255 PSW000000
BUS FAULT addr177570 wr1 PC001636 SP010000 IR012737 uPC310 PSW000000
RK command 002021 PC000314 IPL0
RK command 002220 PC160460 IPL7
BOARD clocks10000000 PC002154 IR101375 uPC020 PSW000000 cmds4 reads8 service0 pending0
RK command 002021 PC000314 IPL0
RK command 002220 PC160460 IPL7
RK command 002021 PC000314 IPL0
RK command 002220 PC160460 IPL7
BUS FAULT addr177572 wr0 PC005026 SP007770 IR005737 uPC0f0 PSW000000
RK command 002021 PC000314 IPL0
RK command 002220 PC160460 IPL7
RK command 002021 PC000314 IPL0
RK command 002220 PC160460 IPL7
RK command 002021 PC000314 IPL0
RK command 002220 PC160460 IPL7
RK command 002021 PC000314 IPL0
BOARD clocks15000000 PC160210 IR111422 uPC32d PSW000344 cmds15 reads31 service1 pending0
RK command 002220 PC160460 IPL7
RK command 002021 PC000314 IPL0
RK command 002220 PC160460 IPL7
RK command 000001 PC155470 IPL0
RK command 002000 PC155624 IPL0
RK command 002003 PC155632 IPL0
BOARD clocks20000000 PC157100 IR006302 uPC020 PSW000011 cmds21 reads71 service0 pending0
RK command 002121 PC155726 IPL0
RK command 002320 PC160460 IPL7
RK command 000000 PC157012 IPL0
BUS FAULT addr160100 wr0 PC001212 SP007772 IR005712 uPC0f0 PSW000000
BUS FAULT addr160100 wr0 PC001212 SP007772 IR005712 uPC0f0 PSW000000
BUS FAULT addr160100 wr0 PC001212 SP007772 IR005712 uPC0f0 PSW000000
BUS FAULT addr160100 wr0 PC001212 SP007772 IR005712 uPC0f0 PSW000000
BUS FAULT addr160100 wr0 PC001212 SP007772 IR005712 uPC0f0 PSW000000
BUS FAULT addr160100 wr0 PC001212 SP007772 IR005712 uPC0f0 PSW000000
BUS FAULT addr160100 wr0 PC001212 SP007772 IR005712 uPC0f0 PSW000000
BUS FAULT addr160100 wr0 PC001212 SP007772 IR005712 uPC0f0 PSW000000
RK command 000001 PC155470 IPL0
RK command 002000 PC155624 IPL0
RK command 002003 PC155632 IPL0
RK command 002121 PC155726 IPL0
RK command 002320 PC160460 IPL7
RK command 000000 PC157012 IPL0
BUS FAULT addr177400 wr0 PC002466 SP007774 IR005735 uPC0f0 PSW000000
RK command 000001 PC155470 IPL0
RK command 002000 PC155624 IPL0
RK command 002003 PC155632 IPL0
RK command 002121 PC155726 IPL0
RK command 002320 PC160460 IPL7
RK command 000000 PC157012 IPL0
BUS FAULT addr177514 wr0 PC002466 SP007774 IR005735 uPC0f0 PSW000000
RK command 000001 PC155470 IPL0
RK command 002000 PC155624 IPL0
RK command 002003 PC155632 IPL0
RK command 002121 PC155726 IPL0
RK command 002320 PC160460 IPL7
RK command 000000 PC157012 IPL0
RK command 000001 PC155470 IPL0
RK command 002000 PC155624 IPL0
RK command 002003 PC155632 IPL0
RK command 002121 PC155726 IPL0
RK command 002320 PC160460 IPL7
RK command 000000 PC157012 IPL0
BUS FAULT addr177572 wr0 PC002466 SP007774 IR005735 uPC0f0 PSW000000
RK command 000001 PC155470 IPL0
RK command 002000 PC155624 IPL0
RK command 002003 PC155632 IPL0
RK command 002121 PC155726 IPL0
RK command 002320 PC160460 IPL7
RK command 000000 PC157012 IPL0
BUS FAULT addr174400 wr0 PC002466 SP007774 IR005735 uPC0f0 PSW000000
RK command 000001 PC155470 IPL0
RK command 002000 PC155624 IPL0
RK command 002003 PC155632 IPL0
RK command 002121 PC155726 IPL0
RK command 002320 PC160460 IPL7
RK command 000000 PC157012 IPL0
BUS FAULT addr172150 wr0 PC002466 SP007774 IR005735 uPC0f0 PSW000000
RK command 000001 PC155470 IPL0
RK command 002000 PC155624 IPL0
RK command 002003 PC155632 IPL0
RK command 002121 PC155726 IPL0
RK command 002320 PC160460 IPL7
RK command 000000 PC157012 IPL0
RK command 000001 PC155470 IPL0
RK command 002000 PC155624 IPL0
RK command 002003 PC155632 IPL0
RK command 002121 PC155726 IPL0
RK command 002320 PC160460 IPL7
RK command 000000 PC157012 IPL0
BUS FAULT addr172520 wr0 PC002466 SP007774 IR005735 uPC0f0 PSW000000
RK command 000001 PC155470 IPL0
RK command 002000 PC155624 IPL0
RK command 002003 PC155632 IPL0
RK command 002121 PC155726 IPL0
RK command 002320 PC160460 IPL7
RK command 000000 PC157012 IPL0
BUS FAULT addr172440 wr0 PC002466 SP007774 IR005735 uPC0f0 PSW000000
RK command 000001 PC155470 IPL0
RK command 002000 PC155624 IPL0
RK command 002003 PC155632 IPL0
RK command 002121 PC155726 IPL0
RK command 002320 PC160460 IPL7
RK command 000000 PC157012 IPL0
BUS FAULT addr174500 wr0 PC002466 SP007774 IR005735 uPC0f0 PSW000000
RK command 000001 PC155470 IPL0
RK command 002000 PC155624 IPL0
RK command 002003 PC155632 IPL0
RK command 002121 PC155726 IPL0
RK command 002320 PC160460 IPL7
RK command 000000 PC157012 IPL0
RK command 000001 PC155470 IPL0
RK command 002000 PC155624 IPL0
RK command 002003 PC155632 IPL0
RK command 002121 PC155726 IPL0
RK command 002320 PC160460 IPL7
RK command 000000 PC157012 IPL0
RK command 000001 PC155470 IPL0
RK command 002000 PC155624 IPL0
RK command 002003 PC155632 IPL0
RK command 002121 PC155726 IPL0
RK command 002320 PC160460 IPL7
RK command 000000 PC157012 IPL0
BUS FAULT addr176710 wr0 PC002466 SP007774 IR005735 uPC0f0 PSW000000
RK command 000001 PC155470 IPL0
RK command 002000 PC155624 IPL0
RK command 002003 PC155632 IPL0
RK command 002121 PC155726 IPL0
RK command 002320 PC160460 IPL7
RK command 000000 PC157012 IPL0
BOARD clocks25000000 PC003424 IR005761 uPC0f0 PSW000004 cmds108 reads86 service0 pending0

RT-11FB (S) V05.03  
BOARD clocks30000000 PC120330 IR001376 uPC020 PSW135404 cmds108 reads86 service0 pending0
RK command 000001 PC155470 IPL0
RK command 002000 PC155624 IPL0
RK command 002003 PC155632 IPL0
RK command 002121 PC155726 IPL0
RK command 002320 PC160460 IPL7
RK command 000000 PC157012 IPL0
RK command 000001 PC155470 IPL0
RK command 002000 PC155624 IPL0
RK command 002003 PC155632 IPL0
RK command 002121 PC155726 IPL0
RK command 002320 PC160460 IPL7
RK command 000000 PC157012 IPL0
RK command 000001 PC155470 IPL0
RK command 002000 PC155624 IPL0
RK command 002003 PC155632 IPL0
RK command 002121 PC155726 IPL0
RK command 002320 PC160460 IPL7
RK command 000000 PC157012 IPL0
RK command 000001 PC155470 IPL0
RK command 002000 PC155624 IPL0
RK command 002003 PC155632 IPL0
RK command 002121 PC155726 IPL0
RK command 002320 PC160460 IPL7
RK command 000000 PC157012 IPL0
RK command 000001 PC155470 IPL0
RK command 002000 PC155624 IPL0
RK command 002003 PC155632 IPL0
BOARD clocks35000000 PC157100 IR006302 uPC020 PSW000012 cmds135 reads98 service0 pending0
RK command 002123 PC155726 IPL0
BOARD clocks40000000 PC160414 IR077101 uPC020 PSW000344 cmds136 reads98 service1 pending0
BOARD clocks45000000 PC160414 IR077101 uPC020 PSW000344 cmds136 reads98 service1 pending0
RK command 002322 PC160460 IPL7
RK command 000000 PC157012 IPL0
RK command 000001 PC155470 IPL0
RK command 002000 PC155624 IPL0
RK command 002003 PC155632 IPL0
RK command 002121 PC155726 IPL0
RK command 002320 PC160460 IPL7
RK command 000000 PC157012 IPL0
RK command 000001 PC155470 IPL0
RK command 002000 PC155624 IPL0
RK command 002003 PC155632 IPL0
RK command 002121 PC155726 IPL0
RK command 002320 PC160460 IPL7
RK command 000000 PC157012 IPL0
RK command 000001 PC155470 IPL0
RK command 002000 PC155624 IPL0
RK command 002003 PC155632 IPL0
RK command 002121 PC155726 IPL0
RK command 002320 PC160460 IPL7
RK command 000000 PC157012 IPL0
BOARD clocks50000000 PC120264 IR012124 uPC020 PSW001001 cmds156 reads104 service0 pending0
RK command 000001 PC155470 IPL0
RK command 002000 PC155624 IPL0
RK command 002003 PC155632 IPL0
RK command 002121 PC155726 IPL0
RK command 002320 PC160460 IPL7
RK command 000000 PC157012 IPL0
BOARD clocks55000000 PC070240 IR001376 uPC020 PSW001010 cmds162 reads105 service0 pending0

.SET TT SCOPE,NOCRLF
BOARD clocks60000000 PC072334 IR105767 uPC0f0 PSW001010 cmds162 reads105 service0 pending0
RK command 000001 PC155470 IPL0
RK command 002000 PC155624 IPL0
RK command 002003 PC155632 IPL0
RK command 002121 PC155726 IPL0
RK command 002320 PC160460 IPL7
RK command 000000 PC157012 IPL0

.SET SL ON
RK command 000001 PC155470 IPL0
RK command 002000 PC155624 IPL0
RK command 002003 PC155632 IPL0
RK command 002121 PC155726 IPL0
RK command 002320 PC160460 IPL7
RK command 000000 PC157012 IPL0
RK command 000001 PC155470 IPL0
RK command 002000 PC155624 IPL0
RK command 002003 PC155632 IPL0
RK command 002121 PC155726 IPL0
RK command 002320 PC160460 IPL7
RK command 000000 PC157012 IPL0
RK command 000001 PC155470 IPL0
RK command 002000 PC155624 IPL0
RK command 002003 PC155632 IPL0
RK command 002121 PC155726 IPL0
RK command 002320 PC160460 IPL7
RK command 000000 PC157012 IPL0
RK command 000001 PC155470 IPL0
RK command 002000 PC155624 IPL0
RK command 002003 PC155632 IPL0
RK command 002121 PC155726 IPL0
RK command 002320 PC160460 IPL7
RK command 000000 PC157012 IPL0
RK command 000001 PC155470 IPL0
RK command 002000 PC155624 IPL0
RK command 002003 PC155632 IPL0
RK command 002121 PC155726 IPL0
BOARD clocks65000000 PC160210 IR111422 uPC220 PSW000350 cmds196 reads114 service1 pending0
RK command 002320 PC160460 IPL7
RK command 000000 PC157012 IPL0
RK command 000001 PC155470 IPL0
RK command 002000 PC155624 IPL0
RK command 002003 PC155632 IPL0
RK command 002121 PC155726 IPL0
BOARD clocks70000000 PC160210 IR111422 uPC32f PSW000350 cmds202 reads123 service1 pending0
RK command 002320 PC160460 IPL7
RK command 000000 PC157012 IPL0
RK command 000001 PC155470 IPL0
RK command 002000 PC155624 IPL0
RK command 002003 PC155632 IPL0
RK command 002121 PC155726 IPL0
RK command 002320 PC160460 IPL7
RK command 000000 PC157012 IPL0
RK command 000001 PC155470 IPL0
RK command 002000 PC155624 IPL0
RK command 002003 PC155632 IPL0
RK command 002121 PC155726 IPL0
RK command 002320 PC160460 IPL7
RK command 000000 PC157012 IPL0
RK command 000001 PC155470 IPL0
RK command 002000 PC155624 IPL0
RK command 002003 PC155632 IPL0
RK command 002121 PC155726 IPL0
RK command 002320 PC160460 IPL7
RK command 000000 PC157012 IPL0
RK command 000001 PC155470 IPL0
RK command 002000 PC155624 IPL0
RK command 002003 PC155632 IPL0
RK command 002121 PC155726 IPL0
RK command 002320 PC160460 IPL7
RK command 000000 PC157012 IPL0
RK command 000001 PC155470 IPL0
RK command 002000 PC155624 IPL0
RK command 002003 PC155632 IPL0
RK command 002123 PC155726 IPL0
BOARD clocks75000000 PC160414 IR077101 uPC32f PSW000344 cmds232 reads131 service1 pending0
RK command 002322 PC160460 IPL7
RK command 000000 PC157012 IPL0
RK command 000001 PC155470 IPL0
RK command 002000 PC155624 IPL0
RK command 002003 PC155632 IPL0
RK command 002123 PC155726 IPL0
BOARD clocks80000000 PC160414 IR077101 uPC020 PSW000344 cmds238 reads131 service1 pending0
RK command 002322 PC160460 IPL7
RK command 000000 PC157012 IPL0
\<BOARD clocks85000000 PC153122 IR122763 uPC330 PSW000004 cmds240 reads131 service0 pending0
RK command 000001 PC155470 IPL0
RK command 002000 PC155624 IPL0
RK command 002003 PC155632 IPL0
RK command 002121 PC155726 IPL0
RK command 002320 PC160460 IPL7
RK command 000000 PC157012 IPL0
RK command 000001 PC155470 IPL0
RK command 002000 PC155624 IPL0
RK command 002003 PC155632 IPL0
RK command 002123 PC155726 IPL0
BOARD clocks90000000 PC160414 IR077101 uPC1dd PSW000344 cmds250 reads132 service1 pending0
BOARD clocks95000000 PC160414 IR077101 uPC020 PSW000344 cmds250 reads132 service1 pending0
RK command 002322 PC160460 IPL7
RK command 000000 PC157012 IPL0
BOARD clocks100000000 PC060306 IR014144 uPC239 PSW000001 cmds252 reads132 service0 pending0

.DIR
.[KDIR
RK command 000001 PC155470 IPL0
RK command 002000 PC155624 IPL0
RK command 002003 PC155632 IPL0
RK command 002121 PC155726 IPL0
RK command 002320 PC160460 IPL7
RK command 000000 PC157012 IPL0
BOARD clocks105000000 PC110310 IR012124 uPC020 PSW112001 cmds258 reads134 service0 pending0
RK command 000001 PC155470 IPL0
RK command 002000 PC155624 IPL0
RK command 002003 PC155632 IPL0
RK command 002121 PC155726 IPL0
RK command 002320 PC160460 IPL7
RK command 000000 PC157012 IPL0
RK command 000001 PC155470 IPL0
RK command 002000 PC155624 IPL0
RK command 002003 PC155632 IPL0
RK command 002121 PC155726 IPL0
RK command 002320 PC160460 IPL7
RK command 000000 PC157012 IPL0
RK command 000001 PC155470 IPL0
RK command 002000 PC155624 IPL0
RK command 002003 PC155632 IPL0
RK command 002121 PC155726 IPL0
RK command 002320 PC160460 IPL7
RK command 000000 PC157012 IPL0
RK command 000001 PC155470 IPL0
RK command 002000 PC155624 IPL0
RK command 002003 PC155632 IPL0
RK command 002121 PC155726 IPL0
BOARD clocks110000000 PC160212 IR111422 uPC310 PSW000344 cmds280 reads147 service1 pending0
RK command 002320 PC160460 IPL7
RK command 000000 PC157012 IPL0
RK command 000001 PC155470 IPL0
RK command 002000 PC155624 IPL0
RK command 002003 PC155632 IPL0
RK command 002121 PC155726 IPL0
RK command 002320 PC160460 IPL7
RK command 000000 PC157012 IPL0
 
RK command 000001 PC155470 IPL0
RK command 002000 PC155624 IPL0
RK command 002003 PC155632 IPL0
RK command 002121 PC155726 IPL0
RK command 002320 PC160460 IPL7
RK command 000000 PC157012 IPL0
SWAP  .SYS BOARD clocks115000000 PC152500 IR005242 uPC0d7 PSW000000 cmds294 reads160 service0 pending0
   27P 26-Jan-1999    RT11FB.SYS   103P 26-Jan-1999
BOARD clocks120000000 PC017354 IR010046 uPC020 PSW000000 cmds294 reads160 service0 pending0
RT11SJ.SYS    88P 26-Jan-1999    RT11XM.SYS   116P 26-JaBOARD clocks125000000 PC152462 IR004767 uPC08a PSW000000 cmds294 reads160 service0 pending0
n-1999
RK    .SYS     3P 26-Jan-1999    LP    .SYS BOARD clocks130000000 PC152670 IR052763 uPC2b8 PSW000000 cmds294 reads160 service0 pending0
    2P 26-Jan-1999
BA    .SYS     7P 26-Jan-1999    BOARD clocks135000000 PC017116 IR005067 uPC2b8 PSW000000 cmds294 reads160 service0 pending0
VM    .SYS     3P 26-Jan-1999
DL    .SYS     5P 26-Jan-1999BOARD clocks140000000 PC154252 IR012601 uPC224 PSW000004 cmds294 reads160 service0 pending0
    DU    .SYS     8P 26-Jan-1999
DM    .SYS     5P BOARD clocks145000000 PC152576 IR000002 uPC034 PSW000340 cmds294 reads160 service0 pending0
26-Jan-1999    NL    .SYS     2P 26-Jan-1999
MT   BOARD clocks150000000 PC152502 IR005262 uPC2b8 PSW000010 cmds294 reads160 service0 pending0
 .SYS     9P 26-Jan-1999    MM    .SYS     9P 26-Jan-1999
BOARD clocks155000000 PC021140 IR001002 uPC020 PSW000000 cmds294 reads160 service0 pending0
MU    .SYS    13P 26-Jan-1999    LD    .SYS     8P 26-BOARD clocks160000000 PC143264 IR005044 uPC020 PSW000204 cmds294 reads160 service0 pending0
Jan-1999
EL    .SYS     5P 26-Jan-1999    DP    .SYBOARD clocks165000000 PC142566 IR006367 uPC2b8 PSW000011 cmds294 reads160 service0 pending0
S     3P 26-Jan-1999
SL    .SYS    14P 26-Jan-1999    BOARD clocks170000000 PC021364 IR000670 uPC020 PSW000000 cmds294 reads160 service0 pending0
VMX   .SYS     3P 26-Jan-1999
LDX   .SYS     8P 26-Jan-1BOARD clocks175000000 PC153466 IR004767 uPC2b8 PSW000004 cmds294 reads160 service0 pending0
999    LPX   .SYS     2P 26-Jan-1999
BAX   .SYS    BOARD clocks180000000 PC153072 IR032763 uPC224 PSW000004 cmds294 reads160 service0 pending0
 7P 26-Jan-1999    DLX   .SYS     5P 26-Jan-1999
DUBOARD clocks185000000 PC152476 IR110032 uPC310 PSW000000 cmds294 reads160 service0 pending0
X   .SYS     9P 26-Jan-1999    DMX   .SYS     5P 26-Jan-1999BOARD clocks190000000 PC154226 IR005763 uPC2b8 PSW000000 cmds294 reads160 service0 pending0

RKX   .SYS     3P 26-Jan-1999    MTX   .SYS     9PBOARD clocks195000000 PC142546 IR012446 uPC020 PSW000010 cmds294 reads160 service0 pending0
 26-Jan-1999
MMX   .SYS    10P 26-Jan-1999    MUX  BOARD clocks200000000 PC152574 IR001401 uPC020 PSW000340 cmds294 reads160 service0 pending0
 .SYS    15P 26-Jan-1999
NLX   .SYS     2P 26-Jan-1999    BOARD clocks205000000 PC020754 IR001436 uPC32d PSW000004 cmds294 reads160 service0 pending0
DPX   .SYS     3P 26-Jan-1999
SLX   .SYS    16P 26-BOARD clocks210000000 PC142452 IR012604 uPC020 PSW000210 cmds294 reads160 service0 pending0
Jan-1999    PIP   .SAV    30P 26-Jan-1999
DUP   .SABOARD clocks215000000 PC152570 IR005267 uPC2b8 PSW000340 cmds294 reads160 service0 pending0
V    47P 26-Jan-1999    DIR   .SAV    19P 26-Jan-1999
BOARD clocks220000000 PC021036 IR062704 uPC224 PSW000000 cmds294 reads160 service0 pending0
IND   .SAV    56P 26-Jan-1999    RESORC.SAV    25P 26-JanBOARD clocks225000000 PC152764 IR005763 uPC2b8 PSW000004 cmds294 reads160 service0 pending0
-1999
EDIT  .SAV    19P 26-Jan-1999    K52   .SAV BOARD clocks230000000 PC142442 IR010446 uPC1ce PSW000350 cmds294 reads160 service0 pending0
   54P 26-Jan-1999
KED   .SAV    58P 26-Jan-1999    BOARD clocks235000000 PC017662 IR101043 uPC020 PSW000000 cmds294 reads160 service0 pending0
KEX   .SAV    53P 26-Jan-1999
MACRO .SAV    61P 26-Jan-199BOARD clocks240000000 PC152710 IR000207 uPC091 PSW000005 cmds294 reads160 service0 pending0
9    CREF  .SAV     6P 26-Jan-1999
LINK  .SAV    49BOARD clocks245000000 PC132216 IR000201 uPC020 PSW000010 cmds294 reads160 service0 pending0
P 26-Jan-1999    LIBR  .SAV    24P 26-Jan-1999
FILEBOARD clocks250000000 PC152612 IR100373 uPC020 PSW000004 cmds294 reads160 service0 pending0
X .SAV    22P 26-Jan-1999    SRCCOM.SAV    26P 26-Jan-1999BOARD clocks255000000 PC152754 IR105763 uPC0f0 PSW000010 cmds294 reads160 service0 pending0

BINCOM.SAV    24P 26-Jan-1999    SLP   .SAV    13P BOARD clocks260000000 PC142452 IR012604 uPC020 PSW000210 cmds294 reads160 service0 pending0
26-Jan-1999
DUMP  .SAV     9P 26-Jan-1999    SIPP  BOARD clocks265000000 PC142622 IR001043 uPC020 PSW000344 cmds294 reads160 service0 pending0
.SAV    21P 26-Jan-1999
BUP   .SAV    50P 26-Jan-1999    BOARD clocks270000000 PC016560 IR001414 uPC020 PSW000004 cmds294 reads160 service0 pending0
PAT   .SAV    10P 26-Jan-1999
HELP  .SAV   132P 26-JBOARD clocks275000000 PC142442 IR010446 uPC310 PSW000350 cmds294 reads160 service0 pending0
an-1999    BATCH .SAV    26P 26-Jan-1999
ERROUT.SAVBOARD clocks280000000 PC150344 IR062701 uPC224 PSW000010 cmds294 reads160 service0 pending0
    18P 26-Jan-1999    QUEMAN.SAV    15P 26-Jan-1999
BOARD clocks285000000 PC022164 IR020116 uPC020 PSW000011 cmds294 reads160 service0 pending0
FORMAT.SAV    24P 26-Jan-1999    SETUP .SAV    41P 26-JaBOARD clocks290000000 PC153350 IR101051 uPC020 PSW000011 cmds294 reads160 service0 pending0
n-1999
VTCOM .SAV    24P 26-Jan-1999    SPEED .SAV BOARD clocks295000000 PC153422 IR110063 uPC310 PSW000010 cmds294 reads160 service0 pending0
    4P 26-Jan-1999
DATIME.SAV     4P 26-Jan-1999    BOARD clocks300000000 PC017440 IR012600 uPC224 PSW000000 cmds294 reads160 service0 pending0
LET   .SAV     5P 26-Jan-1999
SPLIT .SAV     3P 26-Jan-1999BOARD clocks305000000 PC153246 IR126127 uPC020 PSW000011 cmds294 reads160 service0 pending0
    UCL   .SAV    15P 26-Jan-1999
VBGEXE.SAV    16BOARD clocks310000000 PC153334 IR005763 uPC0f0 PSW000000 cmds294 reads160 service0 pending0
P 26-Jan-1999    TERMID.SAV     3P 26-Jan-1999
TRABOARD clocks315000000 PC152752 IR105763 uPC2b8 PSW000010 cmds294 reads160 service0 pending0
NSF.SAV    16P 26-Jan-1999    GIDIS .SAV    72P 26-Jan-1999
BOARD clocks320000000 PC012046 IR066567 uPC32e PSW000004 cmds294 reads160 service0 pending0
MDUP  .SAV    20P 26-Jan-1999    CONFIG.SAV     7P 2BOARD clocks325000000 PC152602 IR004567 uPC08a PSW000344 cmds294 reads160 service0 pending0
6-Jan-1999
RK command 000001 PC155470 IPL0
RK command 002000 PC155624 IPL0
RK command 002003 PC155632 IPL0
RK command 002121 PC155726 IPL0
RK command 002320 PC160460 IPL7
RK command 000000 PC157012 IPL0
ELINIT.SAV     7P 26-Jan-1999    BOARD clocks330000000 PC022144 IR010400 uPC020 PSW000000 cmds300 reads162 service0 pending0
QUEUE .REL    14P 26-Jan-1999
RTMON .REL     8P 26-Jan-199BOARD clocks335000000 PC153344 IR122700 uPC200 PSW000000 cmds300 reads162 service0 pending0
9    SPOOL .REL    11P 26-Jan-1999
VTCOM .REL    27BOARD clocks340000000 PC145116 IR032465 uPC030 PSW000004 cmds300 reads162 service0 pending0
P 26-Jan-1999    ERRLOG.REL     9P 26-Jan-1999
SYSBOARD clocks345000000 PC152616 IR000207 uPC3d9 PSW000000 cmds300 reads162 service0 pending0
MAC.SML    60P 26-Jan-1999    SYSLIB.OBJ    54P 26-Jan-1999BOARD clocks350000000 PC142522 IR011467 uPC2b8 PSW000340 cmds300 reads162 service0 pending0

ODT   .OBJ     8P 26-Jan-1999    VDT   .OBJ     8P 2BOARD clocks355000000 PC152760 IR000261 uPC020 PSW000005 cmds300 reads162 service0 pending0
6-Jan-1999
ODTHWD.OBJ     8P 26-Jan-1999    MDUP  BOARD clocks360000000 PC147402 IR001005 uPC1ce PSW000004 cmds300 reads162 service0 pending0
.MM     56P 26-Jan-1999
MDUP  .MS     56P 26-Jan-1999    BOARD clocks365000000 PC021132 IR120220 uPC330 PSW000000 cmds300 reads162 service0 pending0
MDUP  .MT     56P 26-Jan-1999
MBOOT .BOT     1P 26-JaBOARD clocks370000000 PC143244 IR010446 uPC020 PSW000210 cmds300 reads162 service0 pending0
n-1999    MBOT16.BOT     1P 26-Jan-1999
MSBOOT.BOTBOARD clocks375000000 PC147466 IR012605 uPC020 PSW000010 cmds300 reads162 service0 pending0
     3P 26-Jan-1999    CUSTOM.TXT     9P 26-Jan-1999
BOARD clocks380000000 PC021034 IR062704 uPC020 PSW000000 cmds300 reads162 service0 pending0
V5NOTE.TXT    41P 26-Jan-1999    SYSGEN.ANS     9P 26-Jan-BOARD clocks385000000 PC153104 IR105763 uPC020 PSW000004 cmds300 reads162 service0 pending0
1999
RT11SJ.MAP    29P 26-Jan-1999    RT11FB.MAP BOARD clocks390000000 PC153276 IR105761 uPC0f0 PSW000000 cmds300 reads162 service0 pending0
   36P 26-Jan-1999
RT11XM.MAP    39P 26-Jan-1999    BOARD clocks395000000 PC022164 IR020116 uPC020 PSW000011 cmds300 reads162 service0 pending0
STARTF.COM     1  26-Jan-1999
STARTS.COM     1  26-Jan-199BOARD clocks400000000 PC152630 IR016703 uPC1cf PSW000004 cmds300 reads162 service0 pending0
9    STARTX.COM     1  26-Jan-1999
 98 Files, BOARD clocks405000000 PC142576 IR106427 uPC1ab PSW000344 cmds300 reads162 service0 pending0
2201 Blocks
 51455 Free blocks
BOARD clocks410000000 PC060304 IR001376 uPC020 PSW126401 cmds300 reads162 service0 pending0

.
PASS uJ11 cold RT-11 boot + DIR: 412130048 clocks, 300 RK commands, 663 timer edges, 3270 UART wire bytes, 162 SD reads/6 writes
BOARD COUNTS retired3987390 reads5222610 writes424452 FRAM-CS3397976
- tb/tb_board_rt11.v:106: Verilog $finish
- S i m u l a t i o n   R e p o r t: Verilator 5.050 2026-07-01
- Verilator: $finish at 4s; walltime 207.431 s; speed 19.868 ms/s
- Verilator: cpu 206.811 s on 1 threads; allocated 2 MB
