SD image: /Users/sash/Work/PROJECTS/k1801vm1/uJ11-fpga/build/cp69-fp11/rt11/test.dsk (53790 sectors), read-only backing, 256-sector RAM overlay
CP69 progress 20000000 phase0 PC004466 UART0
CP69 progress 40000000 phase0 PC160430 UART24
CP69 progress 60000000 phase0 PC160430 UART66
CP69 progress 80000000 phase1 PC070324 UART96
CP69 progress 100000000 phase1 PC001422 UART175
CP69 progress 120000000 phase1 PC143312 UART241
CP69 progress 140000000 phase1 PC153460 UART526
CP69 progress 160000000 phase2 PC004470 UART541
CP69 progress 180000000 phase2 PC160430 UART565
CP69 progress 200000000 phase2 PC160430 UART603
CP69 progress 220000000 phase2 PC060304 UART637
CP69 progress 240000000 phase3 PC031504 UART915
CP69 progress 260000000 phase3 PC031500 UART1309
CP69 progress 280000000 phase3 PC014722 UART1846
CP69 progress 300000000 phase3 PC031504 UART2226
CP69 progress 320000000 phase3 PC160226 UART2548
CP69 progress 340000000 phase4 PC004466 UART2629
CP69 progress 360000000 phase4 PC160224 UART2629
CP69 progress 380000000 phase4 PC070242 UART2653
CP69 progress 400000000 phase4 PC142736 UART2703
CP69 progress 420000000 phase4 PC150320 UART2793
CP69 progress 440000000 phase5 PC004466 UART2822
CP69 progress 460000000 phase5 PC160432 UART2846
CP69 progress 480000000 phase5 PC160432 UART2884
CP69 progress 500000000 phase5 PC160224 UART2918
PASS CP69 RT11 modules: 33 checks, 503618729 clocks, 2921 UART bytes
- build/cp69-fp11/rt11/tb.v:201: Verilog $finish
- S i m u l a t i o n   R e p o r t: Verilator 5.050 2026-07-01
- Verilator: $finish at 5s; walltime 502.690 s; speed 10.018 ms/s
- Verilator: cpu 501.972 s on 1 threads; allocated 2 MB
