hgfsd: serving /tmp/uj11-cp67b-20260913/program-cp67b/install/share/.hg-volume.dsk at 1000 Hz
hgfsd: read block 1, 512 bytes
hgfsd: read block 6, 512 bytes (more)
hgfsd: read block 7, 512 bytes
hgfsd: read block 6, 512 bytes (more)
hgfsd: read block 7, 512 bytes
hgfsd: write block 6, 512 bytes (more)
hgfsd: write block 7, 512 bytes
hgfsd: write block 72, 512 bytes (more)
hgfsd: write block 73, 512 bytes (more)
hgfsd: write block 74, 512 bytes (more)
hgfsd: write block 75, 512 bytes (more)
hgfsd: write block 76, 512 bytes (more)
hgfsd: write block 77, 512 bytes (more)
hgfsd: write block 78, 512 bytes (more)
hgfsd: write block 79, 512 bytes (more)
hgfsd: write block 80, 512 bytes (more)
hgfsd: write block 81, 512 bytes (more)
hgfsd: write block 82, 512 bytes (more)
hgfsd: write block 83, 512 bytes (more)
hgfsd: write block 84, 512 bytes (more)
hgfsd: write block 85, 512 bytes (more)
hgfsd: write block 86, 512 bytes (more)
hgfsd: write block 87, 512 bytes (more)
hgfsd: write block 88, 512 bytes (more)
hgfsd: write block 89, 512 bytes (more)
hgfsd: write block 90, 512 bytes (more)
hgfsd: write block 91, 512 bytes (more)
hgfsd: write block 92, 512 bytes (more)
hgfsd: write block 93, 512 bytes (more)
hgfsd: write block 94, 512 bytes
hgfsd: write block 6, 512 bytes (more)
hgfsd: write block 7, 512 bytes
hgfsd: write block 6, 512 bytes (more)
hgfsd: write block 7, 512 bytes
hgfsd: read block 6, 512 bytes (more)
hgfsd: read block 7, 512 bytes
hgfsd: read block 49, 512 bytes (more)
hgfsd: read block 50, 512 bytes (more)
hgfsd: read block 51, 512 bytes (more)
hgfsd: read block 52, 512 bytes (more)
hgfsd: read block 53, 512 bytes (more)
hgfsd: read block 54, 512 bytes (more)
hgfsd: read block 55, 512 bytes (more)
hgfsd: read block 56, 512 bytes (more)
hgfsd: read block 57, 512 bytes (more)
hgfsd: read block 58, 512 bytes (more)
hgfsd: read block 59, 512 bytes (more)
hgfsd: read block 60, 512 bytes (more)
hgfsd: read block 61, 512 bytes (more)
hgfsd: read block 62, 512 bytes (more)
hgfsd: read block 63, 512 bytes (more)
hgfsd: read block 64, 512 bytes (more)
hgfsd: read block 65, 512 bytes (more)
hgfsd: read block 66, 512 bytes (more)
hgfsd: read block 67, 512 bytes (more)
hgfsd: read block 68, 512 bytes (more)
hgfsd: read block 69, 512 bytes (more)
hgfsd: read block 70, 512 bytes (more)
hgfsd: read block 71, 512 bytes
hgfsd: read block 6, 512 bytes (more)
hgfsd: read block 7, 512 bytes
hgfsd: read block 38, 512 bytes (more)
hgfsd: read block 39, 512 bytes
hgfsd: read block 6, 512 bytes (more)
hgfsd: read block 7, 512 bytes
hgfsd: read block 40, 512 bytes (more)
hgfsd: read block 41, 512 bytes (more)
hgfsd: read block 42, 512 bytes (more)
hgfsd: read block 43, 512 bytes (more)
hgfsd: read block 44, 512 bytes (more)
hgfsd: read block 45, 512 bytes (more)
hgfsd: read block 46, 512 bytes (more)
hgfsd: read block 47, 512 bytes (more)
hgfsd: read block 48, 512 bytes
hgfsd: read block 6, 512 bytes (more)
hgfsd: read block 7, 512 bytes
hgfsd: write block 6, 512 bytes (more)
hgfsd: write block 7, 512 bytes
hgfsd: write block 95, 512 bytes (more)
hgfsd: write block 96, 512 bytes (more)
hgfsd: write block 97, 512 bytes (more)
hgfsd: write block 98, 512 bytes (more)
hgfsd: write block 99, 512 bytes (more)
hgfsd: write block 100, 512 bytes (more)
hgfsd: write block 101, 512 bytes (more)
hgfsd: write block 102, 512 bytes (more)
hgfsd: write block 103, 512 bytes (more)
hgfsd: write block 104, 512 bytes (more)
hgfsd: write block 105, 512 bytes (more)
hgfsd: write block 106, 512 bytes (more)
hgfsd: write block 107, 512 bytes (more)
hgfsd: write block 108, 512 bytes (more)
hgfsd: write block 109, 512 bytes (more)
hgfsd: write block 110, 512 bytes (more)
hgfsd: write block 111, 512 bytes (more)
hgfsd: write block 112, 512 bytes (more)
hgfsd: write block 113, 512 bytes (more)
hgfsd: write block 114, 512 bytes (more)
hgfsd: write block 115, 512 bytes (more)
hgfsd: write block 116, 512 bytes (more)
hgfsd: write block 117, 512 bytes
hgfsd: write block 6, 512 bytes (more)
hgfsd: write block 7, 512 bytes
hgfsd: write block 6, 512 bytes (more)
hgfsd: write block 7, 512 bytes
hgfsd: read block 6, 512 bytes (more)
hgfsd: read block 7, 512 bytes
hgfsd: write block 6, 512 bytes (more)
hgfsd: write block 7, 512 bytes
hgfsd: write block 118, 512 bytes (more)
hgfsd: write block 119, 512 bytes
hgfsd: write block 6, 512 bytes (more)
hgfsd: write block 7, 512 bytes
hgfsd: write block 6, 512 bytes (more)
hgfsd: write block 7, 512 bytes
hgfsd: read block 6, 512 bytes (more)
hgfsd: read block 7, 512 bytes
hgfsd: write block 6, 512 bytes (more)
hgfsd: write block 7, 512 bytes
hgfsd: write block 120, 512 bytes (more)
hgfsd: write block 121, 512 bytes (more)
hgfsd: write block 122, 512 bytes (more)
hgfsd: write block 123, 512 bytes (more)
hgfsd: write block 124, 512 bytes (more)
hgfsd: write block 125, 512 bytes (more)
hgfsd: write block 126, 512 bytes (more)
hgfsd: write block 127, 512 bytes (more)
hgfsd: write block 128, 512 bytes
hgfsd: write block 6, 512 bytes (more)
hgfsd: write block 7, 512 bytes
hgfsd: write block 6, 512 bytes (more)
hgfsd: write block 7, 512 bytes
