
       Lattice Mapping Report File for Design Module 'uj11_probe_fram'


Design Information
------------------

Command line:   map -a MachXO2 -p LCMXO2-1200HC -t QFN32 -s 4 -oc Commercial
     cp6a_impl1.ngd -o cp6a_impl1_map.ncd -pr cp6a_impl1.prf -mp cp6a_impl1.mrp
     -lpf /tmp/uj11-cp6a-20260908/build/cp6a/impl1/cp6a_impl1_synplify.lpf -lpf
     /tmp/uj11-cp6a-20260908/build/cp6a/clock.lpf -c 0 -pe 
Target Vendor:  LATTICE
Target Device:  LCMXO2-1200HCQFN32
Target Performance:   4
Mapper:  xo2c00,  version:  Diamond (64-bit) 3.14.0.75.2
Mapped on:  09/08/26  19:16:30

Design Summary
--------------

   Number of registers:    372 out of  1346 (28%)
      PFU registers:          371 out of  1280 (29%)
      PIO registers:            1 out of    66 (2%)
   Number of SLICEs:       370 out of   640 (58%)
      SLICEs as Logic/ROM:    346 out of   640 (54%)
      SLICEs as RAM:           24 out of   480 (5%)
      SLICEs as Carry:         15 out of   640 (2%)
   Number of LUT4s:        739 out of  1280 (58%)
      Number used as logic LUTs:        661
      Number used as distributed RAM:    48
      Number used as ripple logic:       30
      Number used as shift registers:     0
   Number of PIO sites used: 4 + 4(JTAG) out of 22 (36%)
   Number of block RAMs:  4 out of 7 (57%)
   Number of GSRs:        0 out of 1 (0%)
   EFB used :        No
   JTAG used :       No
   Readback used :   No
   Oscillator used : No
   Startup used :    No
   POR :             On
   Bandgap :         On
   Number of Power Controller:  0 out of 1 (0%)
   Number of Dynamic Bank Controller (BCINRD):  0 out of 4 (0%)
   Number of Dynamic Bank Controller (BCLVDSO):  0 out of 1 (0%)
   Number of DCCA:  0 out of 8 (0%)
   Number of DCMA:  0 out of 2 (0%)
   Number of PLLs:  0 out of 1 (0%)
   Number of DQSDLLs:  0 out of 2 (0%)
   Number of CLKDIVC:  0 out of 4 (0%)
   Number of ECLKSYNCA:  0 out of 4 (0%)
   Number of ECLKBRIDGECS:  0 out of 2 (0%)
   Notes:-
      1. Total number of LUT4s = (Number of logic LUT4s) + 2*(Number of
     distributed RAMs) + 2*(Number of ripple logic)
      2. Number of logic LUT4s does not include count of distributed RAM and
     ripple logic.
   Number of clocks:  1
     Net clk_c: 224 loads, 224 rising, 0 falling (Driver: PIO clk )
   Number of Clock Enables:  20
     Net system/memory/transport/N_181_i: 1 loads, 1 LSLICEs
     Net system/memory/transport/un1_state_10_RNI8H1MC[0]: 4 loads, 4 LSLICEs

                                    Page 1




Design:  uj11_probe_fram                               Date:  09/08/26  19:16:30

Design Summary (cont)
---------------------
     Net system/memory/transport/state_RNIG60U3[15]: 4 loads, 4 LSLICEs
     Net system/memory/transport/un1_state_11_i[0]: 4 loads, 4 LSLICEs
     Net system/memory/transport/request_seen_1_sqmuxa_i: 1 loads, 1 LSLICEs
     Net system/memory/transport/un1_state_14_i[0]: 1 loads, 1 LSLICEs
     Net system/memory/transport/un1_state_10_i[0]: 1 loads, 1 LSLICEs
     Net system/memory/transport/spi_sck_en: 1 loads, 1 LSLICEs
     Net system/memory/transport/latched_address_0_sqmuxa: 17 loads, 17 LSLICEs
     Net system/memory/transport/un1_spi_active_1_0_a3: 4 loads, 4 LSLICEs
     Net system/core/engine/un1_bus_fault_2_i: 1 loads, 1 LSLICEs
     Net system/core/engine/un1_reset: 8 loads, 0 LSLICEs
     Net system/core/engine/stepdup: 10 loads, 10 LSLICEs
     Net system/core/engine/seq/link_valid_0_sqmuxa: 6 loads, 6 LSLICEs
     Net system/core/engine/seq/link_valid_en: 1 loads, 1 LSLICEs
     Net system/core/engine/status/un1_psw15_i: 2 loads, 2 LSLICEs
     Net system/core/engine/status/pswce[4]: 11 loads, 11 LSLICEs
     Net system/core/engine/dp/un1_q20_i: 9 loads, 9 LSLICEs
     Net system/core/engine/mdr6: 8 loads, 8 LSLICEs
     Net system/core/engine/ir6: 8 loads, 8 LSLICEs
   Number of LSRs:  2
     Net reset_c: 187 loads, 186 LSLICEs
     Net system/memory/transport/un1_state_17_i_o2_RNI9O37J: 4 loads, 4 LSLICEs
   Number of nets driven by tri-state buffers:  0
   Top 10 highest fanout non-clock nets:
     Net reset_c: 234 loads
     Net uword[34]: 91 loads
     Net uword[31]: 81 loads
     Net uword[33]: 71 loads
     Net system/memory/transport/spi_active: 46 loads
     Net uword[35]: 41 loads
     Net system/core/engine/dp/un17_writeback: 33 loads
     Net uword[32]: 33 loads
     Net uword[11]: 30 loads
     Net uword[10]: 28 loads




   Number of warnings:  0
   Number of errors:    0
     

Design Errors/Warnings
----------------------

   No errors or warnings present.

IO (PIO) Attributes
-------------------

+---------------------+-----------+-----------+------------+
| IO Name             | Direction | Levelmode | IO         |
|                     |           |  IO_TYPE  | Register   |
+---------------------+-----------+-----------+------------+
| serial_out          | OUTPUT    | LVCMOS33  |            |
+---------------------+-----------+-----------+------------+
| clk                 | INPUT     | LVCMOS33  |            |

                                    Page 2




Design:  uj11_probe_fram                               Date:  09/08/26  19:16:30

IO (PIO) Attributes (cont)
--------------------------
+---------------------+-----------+-----------+------------+
| serial_in           | INPUT     | LVCMOS33  | IN         |
+---------------------+-----------+-----------+------------+
| reset               | INPUT     | LVCMOS33  |            |
+---------------------+-----------+-----------+------------+

Removed logic
-------------

Block VCC undriven or does not drive anything - clipped.
Block GSR_INST undriven or does not drive anything - clipped.
Block GND undriven or does not drive anything - clipped.
Block system/GND undriven or does not drive anything - clipped.
Block system/VCC undriven or does not drive anything - clipped.
Block system/core/GND undriven or does not drive anything - clipped.
Block system/core/VCC undriven or does not drive anything - clipped.
Block system/core/decode/VCC undriven or does not drive anything - clipped.
Block system/core/decode/GND undriven or does not drive anything - clipped.
Block system/core/engine/VCC undriven or does not drive anything - clipped.
Block system/core/engine/GND undriven or does not drive anything - clipped.
Block system/core/engine/dp/GND undriven or does not drive anything - clipped.
Block system/core/engine/dp/VCC undriven or does not drive anything - clipped.
Block system/core/engine/dp/alu/VCC undriven or does not drive anything -
     clipped.
Block system/core/engine/dp/rf/GND undriven or does not drive anything -
     clipped.
Block system/core/engine/dp/rf/VCC undriven or does not drive anything -
     clipped.
Block system/core/engine/status/GND undriven or does not drive anything -
     clipped.
Block system/core/engine/status/VCC undriven or does not drive anything -
     clipped.
Block system/core/engine/memory/VCC undriven or does not drive anything -
     clipped.
Block system/core/engine/memory/GND undriven or does not drive anything -
     clipped.
Block system/memory/VCC undriven or does not drive anything - clipped.
Block system/memory/GND undriven or does not drive anything - clipped.
Block system/memory/transport/VCC undriven or does not drive anything - clipped.
     
Block system/memory/transport/GND undriven or does not drive anything - clipped.
     
Signal system/core/engine/dp/alu/GND undriven or does not drive anything -
     clipped.
Signal system/core/engine/seq/GND undriven or does not drive anything - clipped.
     
Signal system/core/engine/rom/VCC undriven or does not drive anything - clipped.
     
Signal system/core/engine/rom/GND undriven or does not drive anything - clipped.
     
Signal VCC undriven or does not drive anything - clipped.
Signal system/core/engine/dp/alu/un1_arithmetic_b_cry_0_0_S0 undriven or does
     not drive anything - clipped.
Signal system/core/engine/dp/alu/N_1 undriven or does not drive anything -
     clipped.
Signal system/core/engine/dp/alu/un1_arithmetic_b_cry_15_0_COUT undriven or does

                                    Page 3




Design:  uj11_probe_fram                               Date:  09/08/26  19:16:30

Removed logic (cont)
--------------------
     not drive anything - clipped.
Signal system/core/engine/seq/un1_upc_s_9_0_S1 undriven or does not drive
     anything - clipped.
Signal system/core/engine/seq/un1_upc_s_9_0_COUT undriven or does not drive
     anything - clipped.
Signal system/core/engine/seq/un1_upc_cry_0_0_S1 undriven or does not drive
     anything - clipped.
Signal system/core/engine/seq/un1_upc_cry_0_0_S0 undriven or does not drive
     anything - clipped.
Signal system/core/engine/seq/N_1 undriven or does not drive anything - clipped.
     
Signal system/core/engine/rom/lane_2_DOB8 undriven or does not drive anything -
     clipped.
Signal system/core/engine/rom/lane_2_DOB7 undriven or does not drive anything -
     clipped.
Signal system/core/engine/rom/lane_2_DOB6 undriven or does not drive anything -
     clipped.
Signal system/core/engine/rom/lane_2_DOB5 undriven or does not drive anything -
     clipped.
Signal system/core/engine/rom/lane_2_DOB4 undriven or does not drive anything -
     clipped.
Signal system/core/engine/rom/lane_2_DOB3 undriven or does not drive anything -
     clipped.
Signal system/core/engine/rom/lane_2_DOB2 undriven or does not drive anything -
     clipped.
Signal system/core/engine/rom/lane_2_DOB1 undriven or does not drive anything -
     clipped.
Signal system/core/engine/rom/lane_2_DOB0 undriven or does not drive anything -
     clipped.
Signal system/core/engine/rom/lane_1_DOB8 undriven or does not drive anything -
     clipped.
Signal system/core/engine/rom/lane_1_DOB7 undriven or does not drive anything -
     clipped.
Signal system/core/engine/rom/lane_1_DOB6 undriven or does not drive anything -
     clipped.
Signal system/core/engine/rom/lane_1_DOB5 undriven or does not drive anything -
     clipped.
Signal system/core/engine/rom/lane_1_DOB4 undriven or does not drive anything -
     clipped.
Signal system/core/engine/rom/lane_1_DOB3 undriven or does not drive anything -
     clipped.
Signal system/core/engine/rom/lane_1_DOB2 undriven or does not drive anything -
     clipped.
Signal system/core/engine/rom/lane_1_DOB1 undriven or does not drive anything -
     clipped.
Signal system/core/engine/rom/lane_1_DOB0 undriven or does not drive anything -
     clipped.
Signal system/core/engine/rom/lane_0_DOB8 undriven or does not drive anything -
     clipped.
Signal system/core/engine/rom/lane_0_DOB7 undriven or does not drive anything -
     clipped.
Signal system/core/engine/rom/lane_0_DOB6 undriven or does not drive anything -
     clipped.
Signal system/core/engine/rom/lane_0_DOB5 undriven or does not drive anything -
     clipped.
Signal system/core/engine/rom/lane_0_DOB4 undriven or does not drive anything -

                                    Page 4




Design:  uj11_probe_fram                               Date:  09/08/26  19:16:30

Removed logic (cont)
--------------------
     clipped.
Signal system/core/engine/rom/lane_0_DOB3 undriven or does not drive anything -
     clipped.
Signal system/core/engine/rom/lane_0_DOB2 undriven or does not drive anything -
     clipped.
Signal system/core/engine/rom/lane_0_DOB1 undriven or does not drive anything -
     clipped.
Signal system/core/engine/rom/lane_0_DOB0 undriven or does not drive anything -
     clipped.
Signal system/core/engine/rom/lane_3_DOB8 undriven or does not drive anything -
     clipped.
Signal system/core/engine/rom/lane_3_DOB7 undriven or does not drive anything -
     clipped.
Signal system/core/engine/rom/lane_3_DOB6 undriven or does not drive anything -
     clipped.
Signal system/core/engine/rom/lane_3_DOB5 undriven or does not drive anything -
     clipped.
Signal system/core/engine/rom/lane_3_DOB4 undriven or does not drive anything -
     clipped.
Signal system/core/engine/rom/lane_3_DOB3 undriven or does not drive anything -
     clipped.
Signal system/core/engine/rom/lane_3_DOB2 undriven or does not drive anything -
     clipped.
Signal system/core/engine/rom/lane_3_DOB1 undriven or does not drive anything -
     clipped.
Signal system/core/engine/rom/lane_3_DOB0 undriven or does not drive anything -
     clipped.
Block system/core/engine/dp/alu/GND was optimized away.
Block system/core/engine/seq/GND was optimized away.
Block system/core/engine/rom/VCC was optimized away.
Block system/core/engine/rom/GND was optimized away.

Memory Usage
------------

/system:
    EBRs: 0
    RAM SLICEs: 16
    Logic SLICEs: 14
    PFU Registers: 56
/system/core/engine/dp/rf/words_1_ram:
    EBRs: 0
    RAM SLICEs: 1
    Logic SLICEs: 0
    PFU Registers: 0
/system/core/engine/dp/rf/words_1_ram_0:
    EBRs: 0
    RAM SLICEs: 1
    Logic SLICEs: 0
    PFU Registers: 0
/system/core/engine/dp/rf/words_1_ram_1:
    EBRs: 0
    RAM SLICEs: 1
    Logic SLICEs: 0
    PFU Registers: 0
/system/core/engine/dp/rf/words_1_ram_2:

                                    Page 5




Design:  uj11_probe_fram                               Date:  09/08/26  19:16:30

Memory Usage (cont)
-------------------
    EBRs: 0
    RAM SLICEs: 1
    Logic SLICEs: 0
    PFU Registers: 0
/system/core/engine/dp/rf/words_ram:
    EBRs: 0
    RAM SLICEs: 1
    Logic SLICEs: 0
    PFU Registers: 0
/system/core/engine/dp/rf/words_ram_0:
    EBRs: 0
    RAM SLICEs: 1
    Logic SLICEs: 0
    PFU Registers: 0
/system/core/engine/dp/rf/words_ram_1:
    EBRs: 0
    RAM SLICEs: 1
    Logic SLICEs: 0
    PFU Registers: 0
/system/core/engine/dp/rf/words_ram_2:
    EBRs: 0
    RAM SLICEs: 1
    Logic SLICEs: 0
    PFU Registers: 0
/system/core/engine/rom:
    EBRs: 4
    RAM SLICEs: 0
    Logic SLICEs: 0
    PFU Registers: 0
    -Contains EBR lane_3:  TYPE= DP8KC,  Width_A= 9,  Depth_A= 1024,  REGMODE_A=
         NOREG,  REGMODE_B= NOREG,  RESETMODE= SYNC,  ASYNC_RESET_RELEASE= SYNC,
         WRITEMODE_A= NORMAL,  WRITEMODE_B= NORMAL,  GSR= DISABLED
    -Contains EBR lane_0:  TYPE= DP8KC,  Width_A= 9,  Depth_A= 1024,  REGMODE_A=
         NOREG,  REGMODE_B= NOREG,  RESETMODE= SYNC,  ASYNC_RESET_RELEASE= SYNC,
         WRITEMODE_A= NORMAL,  WRITEMODE_B= NORMAL,  GSR= DISABLED
    -Contains EBR lane_1:  TYPE= DP8KC,  Width_A= 9,  Depth_A= 1024,  REGMODE_A=
         NOREG,  REGMODE_B= NOREG,  RESETMODE= SYNC,  ASYNC_RESET_RELEASE= SYNC,
         WRITEMODE_A= NORMAL,  WRITEMODE_B= NORMAL,  GSR= DISABLED
    -Contains EBR lane_2:  TYPE= DP8KC,  Width_A= 9,  Depth_A= 1024,  REGMODE_A=
         NOREG,  REGMODE_B= NOREG,  RESETMODE= SYNC,  ASYNC_RESET_RELEASE= SYNC,
         WRITEMODE_A= NORMAL,  WRITEMODE_B= NORMAL,  GSR= DISABLED

     

ASIC Components
---------------

Instance Name: system/core/engine/rom/lane_3
         Type: DP8KC
Instance Name: system/core/engine/rom/lane_0
         Type: DP8KC
Instance Name: system/core/engine/rom/lane_1
         Type: DP8KC
Instance Name: system/core/engine/rom/lane_2
         Type: DP8KC


                                    Page 6




Design:  uj11_probe_fram                               Date:  09/08/26  19:16:30

Run Time and Memory Usage
-------------------------

   Total CPU Time: 0 secs  
   Total REAL Time: 0 secs  
   Peak Memory Usage: 157 MB
        




















































                                    Page 7


Copyright (c) 1991-1994 by NeoCAD Inc. All rights reserved.
     Copyright (c) 1995 AT&T Corp.   All rights reserved.
     Copyright (c) 1995-2001 Lucent Technologies Inc.  All rights reserved.
     Copyright (c) 2001 Agere Systems   All rights reserved.
     Copyright (c) 2002-2024 Lattice Semiconductor Corporation,  All rights
     reserved.
