
 /----------------------------------------------------------------------------\
 |  yosys -- Yosys Open SYnthesis Suite                                       |
 |  Copyright (C) 2012 - 2026  Claire Xenia Wolf <claire@yosyshq.com>         |
 |  Distributed under an ISC-like license, type "license" to see terms        |
 \----------------------------------------------------------------------------/
 Yosys 0.68 (git sha1 38e001a6f, Release, Clang /workspace/YoWASP/yosys/wasi-sdk-33.0-x86_64-linux/share/cmake/../..//bin/clang++ 22.1.0)

-- Executing script file `proof.ys' --

1. Executing Verilog-2005 frontend: miter.v
Parsing Verilog input from `miter.v' to AST representation.
Generating RTLIL representation for module `\miter'.
Successfully finished Verilog frontend.

2. Executing Verilog-2005 frontend: gold.v
Parsing Verilog input from `gold.v' to AST representation.
Generating RTLIL representation for module `\uj11_alu_reference'.
Successfully finished Verilog frontend.

3. Executing Verilog-2005 frontend: gate.v
Parsing Verilog input from `gate.v' to AST representation.
Generating RTLIL representation for module `\uj11_alu'.
Successfully finished Verilog frontend.

4. Executing PREP pass.

4.1. Executing HIERARCHY pass (managing design hierarchy).

4.1.1. Analyzing design hierarchy..
Top module:  \miter
Used module:     \uj11_alu
Used module:     \uj11_alu_reference

4.1.2. Analyzing design hierarchy..
Top module:  \miter
Used module:     \uj11_alu
Used module:     \uj11_alu_reference
Removed 0 unused modules.
Mapping positional arguments of cell miter.gate (uj11_alu).
Mapping positional arguments of cell miter.gold (uj11_alu_reference).

4.2. Executing PROC pass (convert processes to netlists).

4.2.1. Executing PROC_CLEAN pass (remove empty switches from decision trees).
Cleaned up 0 empty switches.

4.2.2. Executing PROC_RMDEAD pass (remove dead branches from decision trees).
Marked 1 switch rules as full_case in process $proc$gate.v:28$188 in module uj11_alu.
Marked 1 switch rules as full_case in process $proc$gold.v:29$72 in module uj11_alu_reference.
Removed a total of 0 dead cases.

4.2.3. Executing PROC_PRUNE pass (remove redundant assignments in processes).
Removed 0 redundant assignments.
Promoted 6 assignments to connections.

4.2.4. Executing PROC_INIT pass (extract init attributes).

4.2.5. Executing PROC_ARST pass (detect async resets in processes).

4.2.6. Executing PROC_ROM pass (convert switches to ROMs).
Converted 0 switches.
<suppressed ~2 debug messages>

4.2.7. Executing PROC_MUX pass (convert decision trees to multiplexers).
Creating decoders for process `\uj11_alu.$proc$gate.v:28$188'.
     1/1: $1\boolean_truth$func$gate.v:28$126.$result[3:0]$192
Creating decoders for process `\uj11_alu_reference.$proc$gold.v:29$72'.
     1/1: $1\boolean_truth$func$gold.v:29$3.$result[3:0]$76

4.2.8. Executing PROC_DLATCH pass (convert process syncs to latches).
No latch inferred for signal `\uj11_alu.\boolean_truth$func$gate.v:28$125.$result' from process `\uj11_alu.$proc$gate.v:28$188'.
No latch inferred for signal `\uj11_alu_reference.\boolean_truth$func$gold.v:29$2.$result' from process `\uj11_alu_reference.$proc$gold.v:29$72'.

4.2.9. Executing PROC_DFF pass (convert process syncs to FFs).

4.2.10. Executing PROC_MEMWR pass (convert process memory writes to cells).

4.2.11. Executing PROC_CLEAN pass (remove empty switches from decision trees).
Found and cleaned up 1 empty switch in `\uj11_alu.$proc$gate.v:28$188'.
Removing empty process `uj11_alu.$proc$gate.v:28$188'.
Found and cleaned up 1 empty switch in `\uj11_alu_reference.$proc$gold.v:29$72'.
Removing empty process `uj11_alu_reference.$proc$gold.v:29$72'.
Cleaned up 2 empty switches.

4.2.12. Executing OPT_EXPR pass (perform const folding).
Optimizing module uj11_alu.
<suppressed ~3 debug messages>
Optimizing module uj11_alu_reference.
<suppressed ~3 debug messages>
Optimizing module miter.

4.3. Executing FLATTEN pass (flatten design).
Deleting now unused module uj11_alu.
Deleting now unused module uj11_alu_reference.
<suppressed ~2 debug messages>

4.4. Executing FUTURE pass.

4.5. Executing OPT_EXPR pass (perform const folding).
Optimizing module miter.

4.6. Executing OPT_CLEAN pass (remove unused cells and wires).
Finding unused cells or wires in module \miter..
Removed 0 unused cells and 88 unused wires.
<suppressed ~1 debug messages>

4.7. Executing CHECK pass (checking for obvious problems).
Checking module miter...
Found and reported 0 problems.

4.8. Executing OPT pass (performing simple optimizations).

4.8.1. Executing OPT_EXPR pass (perform const folding).
Optimizing module miter.

4.8.2. Executing OPT_MERGE pass (detect identical cells).
Finding identical cells in module `\miter'.
Computing hashes of 244 cells of `\miter'.
Finding duplicate cells in `\miter'.
Computing hashes of 215 cells of `\miter'.
Finding duplicate cells in `\miter'.
Computing hashes of 204 cells of `\miter'.
Finding duplicate cells in `\miter'.
Computing hashes of 200 cells of `\miter'.
Finding duplicate cells in `\miter'.
Computing hashes of 197 cells of `\miter'.
Finding duplicate cells in `\miter'.
Computing hashes of 196 cells of `\miter'.
Finding duplicate cells in `\miter'.
<suppressed ~144 debug messages>
Removed a total of 48 cells.

4.8.3. Executing OPT_MUXTREE pass (detect dead branches in mux trees).
Running muxtree optimizer on module \miter..
  Creating internal representation of mux trees.
  Evaluating internal representation of mux trees.
  Analyzing evaluation results.
Removed 0 multiplexer ports.
<suppressed ~275 debug messages>

4.8.4. Executing OPT_REDUCE pass (consolidate $*mux and $reduce_* inputs).
  Optimizing cells in module \miter.
Performed a total of 0 changes.

4.8.5. Executing OPT_MERGE pass (detect identical cells).
Finding identical cells in module `\miter'.
Computing hashes of 196 cells of `\miter'.
Finding duplicate cells in `\miter'.
Computing hashes of 190 cells of `\miter'.
Finding duplicate cells in `\miter'.
Computing hashes of 154 cells of `\miter'.
Finding duplicate cells in `\miter'.
Computing hashes of 136 cells of `\miter'.
Finding duplicate cells in `\miter'.
Computing hashes of 134 cells of `\miter'.
Finding duplicate cells in `\miter'.
Computing hashes of 132 cells of `\miter'.
Finding duplicate cells in `\miter'.
Computing hashes of 131 cells of `\miter'.
Finding duplicate cells in `\miter'.
<suppressed ~195 debug messages>
Removed a total of 65 cells.

4.8.6. Executing OPT_CLEAN pass (remove unused cells and wires).
Finding unused cells or wires in module \miter..
Removed 0 unused cells and 81 unused wires.
<suppressed ~1 debug messages>

4.8.7. Executing OPT_EXPR pass (perform const folding).
Optimizing module miter.

4.8.8. Rerunning OPT passes. (Maybe there is more to do..)

4.8.9. Executing OPT_MUXTREE pass (detect dead branches in mux trees).
Running muxtree optimizer on module \miter..
  Creating internal representation of mux trees.
  Evaluating internal representation of mux trees.
  Analyzing evaluation results.
Removed 0 multiplexer ports.
<suppressed ~152 debug messages>

4.8.10. Executing OPT_REDUCE pass (consolidate $*mux and $reduce_* inputs).
  Optimizing cells in module \miter.
Performed a total of 0 changes.

4.8.11. Executing OPT_MERGE pass (detect identical cells).
Finding identical cells in module `\miter'.
Computing hashes of 131 cells of `\miter'.
Finding duplicate cells in `\miter'.
Removed a total of 0 cells.

4.8.12. Executing OPT_CLEAN pass (remove unused cells and wires).
Finding unused cells or wires in module \miter..

4.8.13. Executing OPT_EXPR pass (perform const folding).
Optimizing module miter.

4.8.14. Finished fast OPT passes. (There is nothing left to do.)

4.9. Executing WREDUCE pass (reducing word size of cells).
Removed top 16 bits (of 17) from port B of cell miter.$flatten\gold.$add$gold.v:10$8 ($add).
Removed top 1 bits (of 17) from port A of cell miter.$flatten\gold.$add$gold.v:10$7 ($add).
Removed top 1 bits (of 17) from port B of cell miter.$flatten\gold.$add$gold.v:10$7 ($add).
Removed top 3 bits (of 4) from port B of cell miter.$flatten\gate.$procmux$248_CMP0 ($eq).
Removed top 1 bits (of 4) from port B of cell miter.$flatten\gate.$procmux$247_CMP0 ($eq).
Removed top 1 bits (of 4) from port B of cell miter.$flatten\gate.$procmux$246_CMP0 ($eq).
Removed top 1 bits (of 3) from port B of cell miter.$flatten\gate.$eq$gate.v:12$135 ($eq).
Removed top 2 bits (of 3) from port B of cell miter.$flatten\gate.$eq$gate.v:12$134 ($eq).

4.10. Executing OPT_CLEAN pass (remove unused cells and wires).
Finding unused cells or wires in module \miter..

4.11. Executing MEMORY_COLLECT pass (generating $mem cells).

4.12. Executing OPT pass (performing simple optimizations).

4.12.1. Executing OPT_EXPR pass (perform const folding).
Optimizing module miter.

4.12.2. Executing OPT_MERGE pass (detect identical cells).
Finding identical cells in module `\miter'.
Computing hashes of 131 cells of `\miter'.
Finding duplicate cells in `\miter'.
Removed a total of 0 cells.

4.12.3. Executing OPT_CLEAN pass (remove unused cells and wires).
Finding unused cells or wires in module \miter..

4.12.4. Finished fast OPT passes.

4.13. Executing SORT pass.

4.14. Printing statistics.

=== miter ===

        +----------Local Count, excluding submodules.
        | 
      153 wires
      625 wire bits
       68 public wires
      404 public wire bits
        6 ports
       39 port bits
      131 cells
        2   $add
        5   $and
       13   $eq
       13   $logic_and
        9   $logic_not
       13   $logic_or
       60   $mux
        1   $ne
        3   $or
        1   $pmux
        2   $scopeinfo
        9   $xor

4.15. Executing CHECK pass (checking for obvious problems).
Checking module miter...
Found and reported 0 problems.

5. Executing SAT pass (solving SAT problems in the circuit).
Using SAT solver `minisat`.

Setting up SAT problem:
Final constraint equation: { } = { }
Imported 131 cells to SAT database.
Import proof-constraint: \mismatch = 1'0
Final proof equation: \mismatch = 1'0
Import show expression: \a
Import show expression: \b
Import show expression: \byte_mode
Import show expression: \carry
Import show expression: \op

Solving problem with 2269 variables and 6100 clauses..
SAT proof finished - no model found: SUCCESS!

                  /$$$$$$      /$$$$$$$$     /$$$$$$$    
                 /$$__  $$    | $$_____/    | $$__  $$   
                | $$  \ $$    | $$          | $$  \ $$   
                | $$  | $$    | $$$$$       | $$  | $$   
                | $$  | $$    | $$__/       | $$  | $$   
                | $$/$$ $$    | $$          | $$  | $$   
                |  $$$$$$/ /$$| $$$$$$$$ /$$| $$$$$$$//$$
                 \____ $$$|__/|________/|__/|_______/|__/
                       \__/                              

End of script. Logfile hash: a1c12a2034, time: 0.03s, user: 0.03s, system: 0.00s
Yosys 0.68 (git sha1 38e001a6f, Release, Clang /workspace/YoWASP/yosys/wasi-sdk-33.0-x86_64-linux/share/cmake/../..//bin/clang++ 22.1.0)
Time spent: 24% 1x sat (0 sec), 20% 4x read_verilog (0 sec), ...
