iverilog -g2012 -Wall -s tb_core -o build/core tb/tb_core.v tb/uj11_ram.v rtl/uj11_core.v rtl/uj11_decode.v rtl/uj11_engine.v rtl/uj11_microseq.v rtl/uj11_datapath.v rtl/uj11_regfile.v rtl/uj11_alu.v rtl/uj11_psw.v rtl/uj11_mem.v rtl/uj11_rom.v
vvp build/core
PASS differential: 12928 DCJ11 cases, R0..R7/PSW/memory/traps; 0..3 waits, 45248 clocks
PASS core boundaries: 16-bit PC wrap
tb/tb_core.v:76: $finish called at 2779816000 (1ps)
verilator --lint-only --Wall --top-module uj11_probe_core synth/machxo2/uj11_probe_core.v rtl/uj11_core.v rtl/uj11_decode.v rtl/uj11_engine.v rtl/uj11_microseq.v rtl/uj11_datapath.v rtl/uj11_regfile.v rtl/uj11_alu.v rtl/uj11_psw.v rtl/uj11_mem.v rtl/uj11_rom.v
- V e r i l a t i o n   R e p o r t: Verilator 5.050 2026-07-01 rev vUNKNOWN-built20260701
- Verilator: Built from 0.349 MB sources in 13 modules, into 0.281 MB in 3 C++ files needing 0.000 MB
- Verilator: Walltime 0.025 s (elab=0.003, cvt=0.014, bld=0.000); cpu 0.025 s on 1 threads; allocated 14.062 MB
iverilog -g2012 -Wall -s tb_engine -o build/engine tb/tb_engine.v rtl/uj11_engine.v rtl/uj11_microseq.v rtl/uj11_datapath.v rtl/uj11_regfile.v rtl/uj11_alu.v rtl/uj11_psw.v rtl/uj11_mem.v rtl/uj11_rom.v
vvp build/engine
PASS engine: RF reset, fetch waits, single-cycle ADD, odd/bus redirect without commit, explicit STOP
tb/tb_engine.v:72: $finish called at 726000 (1ps)
verilator --lint-only --Wall --top-module uj11_probe_engine synth/machxo2/uj11_probe_engine.v rtl/uj11_engine.v rtl/uj11_microseq.v rtl/uj11_datapath.v rtl/uj11_regfile.v rtl/uj11_alu.v rtl/uj11_psw.v rtl/uj11_mem.v rtl/uj11_rom.v
- V e r i l a t i o n   R e p o r t: Verilator 5.050 2026-07-01 rev vUNKNOWN-built20260701
- Verilator: Built from 0.275 MB sources in 10 modules, into 0.211 MB in 3 C++ files needing 0.000 MB
- Verilator: Walltime 0.020 s (elab=0.003, cvt=0.012, bld=0.000); cpu 0.020 s on 1 threads; allocated 13.109 MB
PASS irq differential mode-1: 6654 DCJ11 cases, 101315 clocks, 18678 exact bus beats
tb/tb_ea.v:220: $finish called at 2277506000 (1ps)
PASS irq differential mode2: 6654 DCJ11 cases, 2160254 clocks, 18678 exact bus beats
tb/tb_ea.v:220: $finish called at 22866896000 (1ps)
iverilog -g2012 -Wall -s tb_decode -o build/decode tb/tb_decode.v rtl/uj11_decode.v
vvp build/decode
PASS decoder: all 65536 opcodes, exactly 59024 supported encodings
tb/tb_decode.v:73: $finish called at 65536000 (1ps)
verilator --lint-only --Wall --top-module uj11_probe_decode synth/machxo2/uj11_probe_decode.v rtl/uj11_decode.v
- V e r i l a t i o n   R e p o r t: Verilator 5.050 2026-07-01 rev vUNKNOWN-built20260701
- Verilator: Built from 0.051 MB sources in 3 modules, into 0.081 MB in 3 C++ files needing 0.000 MB
- Verilator: Walltime 0.007 s (elab=0.000, cvt=0.004, bld=0.000); cpu 0.007 s on 1 threads; allocated 10.719 MB
verilator --lint-only --Wall --top-module uj11_probe_seq synth/machxo2/uj11_probe_seq.v rtl/uj11_microseq.v rtl/uj11_rom.v
- V e r i l a t i o n   R e p o r t: Verilator 5.050 2026-07-01 rev vUNKNOWN-built20260701
- Verilator: Built from 0.072 MB sources in 4 modules, into 0.054 MB in 3 C++ files needing 0.000 MB
- Verilator: Walltime 0.007 s (elab=0.001, cvt=0.003, bld=0.000); cpu 0.007 s on 1 threads; allocated 10.484 MB
verilator --lint-only --Wall --top-module uj11_probe_datapath synth/machxo2/uj11_probe_datapath.v rtl/uj11_datapath.v rtl/uj11_regfile.v rtl/uj11_alu.v
- V e r i l a t i o n   R e p o r t: Verilator 5.050 2026-07-01 rev vUNKNOWN-built20260701
- Verilator: Built from 0.090 MB sources in 5 modules, into 0.135 MB in 3 C++ files needing 0.000 MB
- Verilator: Walltime 0.012 s (elab=0.001, cvt=0.006, bld=0.000); cpu 0.012 s on 1 threads; allocated 11.344 MB
