SD image: /Users/sash/Work/PROJECTS/k1801vm1/uJ11-fpga/build/cp67-rt11-b/test.dsk (53790 sectors), read-only backing, 256-sector RAM overlay
CP67 progress 20000000 phase0 PC004466 UART0
CP67 progress 40000000 phase0 PC160430 UART24
CP67 progress 60000000 phase0 PC160430 UART66
CP67 progress 80000000 phase1 PC070324 UART96
CP67 progress 100000000 phase1 PC000276 UART489
CP67 progress 120000000 phase1 PC001332 UART554
CP67 progress 140000000 phase1 PC143262 UART636
CP67 progress 160000000 phase2 PC004466 UART773
CP67 progress 180000000 phase2 PC142604 UART773
CP67 progress 200000000 phase2 PC120262 UART835
CP67 progress 220000000 phase2 PC160430 UART859
CP67 progress 240000000 phase2 PC031542 UART1295
CP67 progress 260000000 phase3 PC004466 UART1300
CP67 progress 280000000 phase3 PC160430 UART1324
CP67 progress 300000000 phase3 PC160432 UART1362
CP67 progress 320000000 phase3 PC060306 UART1396
CP67 progress 340000000 phase4 PC142634 UART1708
CP67 progress 360000000 phase4 PC001424 UART1874
CP67 progress 380000000 phase5 PC004470 UART1930
CP67 progress 400000000 phase5 PC160226 UART1930
CP67 progress 420000000 phase5 PC070242 UART1954
CP67 progress 440000000 phase5 PC143000 UART2004
CP67 progress 460000000 phase5 PC152766 UART2071
CP67 progress 480000000 phase5 PC002420 UART2107
CP67 progress 500000000 phase5 PC000226 UART2239
CP67 progress 520000000 phase5 PC001020 UART2239
CP67 progress 540000000 phase6 PC004466 UART2309
CP67 progress 560000000 phase6 PC120324 UART2333
CP67 progress 580000000 phase6 PC160432 UART2371
CP67 progress 600000000 phase6 PC153276 UART2398
CP67 progress 620000000 phase6 PC147360 UART2662
CP67 progress 640000000 phase7 PC004466 UART2787
CP67 progress 660000000 phase7 PC160354 UART2811
CP67 progress 680000000 phase7 PC160432 UART2849
CP67 progress 700000000 phase7 PC110310 UART2883
CP67 progress 720000000 phase8 PC004020 UART3056
CP67 progress 740000000 phase8 PC002154 UART3056
CP67 progress 760000000 phase8 PC135064 UART3080
CP67 progress 780000000 phase8 PC060306 UART3122
CP67 progress 800000000 phase8 PC153456 UART3176
CP67 progress 820000000 phase8 PC160226 UART3231
CP67 progress 840000000 phase9 PC004020 UART3301
CP67 progress 860000000 phase9 PC002154 UART3301
CP67 progress 880000000 phase9 PC120264 UART3325
CP67 progress 900000000 phase9 PC060306 UART3367
CP67 progress 920000000 phase9 PC153422 UART3417
CP67 progress 940000000 phase10 PC004466 UART3643
CP67 progress 960000000 phase10 PC160224 UART3643
CP67 progress 980000000 phase10 PC070242 UART3667
CP67 progress 1000000000 phase10 PC142600 UART3717
CP67 progress 1020000000 phase10 PC031516 UART3927
PASS CP67 RT11 modules: 55 checks, 1023462941 clocks, 3983 UART bytes
- build/cp67-rt11-b/tb.v:207: Verilog $finish
- S i m u l a t i o n   R e p o r t: Verilator 5.050 2026-07-01
- Verilator: $finish at 10s; walltime 1248.610 s; speed 8.197 ms/s
- Verilator: cpu 1246.446 s on 1 threads; allocated 2 MB
