
Loading design for application trce from file cp31c_impl1.ncd.
Design name: uj11_hc1200_microcomp
NCD version: 3.3
Vendor:      LATTICE
Device:      LCMXO2-1200HC
Package:     QFN32
Performance: 4
Loading device for application trce from file 'xo2c1200.nph' in environment: /home/sash/.local/lscc/diamond/3.14/ispfpga.
Package Status:                     Final          Version 1.44.
Performance Hardware Data Status:   Final          Version 36.4.
Setup and Hold Report

--------------------------------------------------------------------------------
Lattice TRACE Report - Setup, Version Diamond (64-bit) 3.14.0.75.2
Thu Sep 10 08:19:29 2026

Copyright (c) 1991-1994 by NeoCAD Inc. All rights reserved.
Copyright (c) 1995 AT&T Corp.   All rights reserved.
Copyright (c) 1995-2001 Lucent Technologies Inc.  All rights reserved.
Copyright (c) 2001 Agere Systems   All rights reserved.
Copyright (c) 2002-2024 Lattice Semiconductor Corporation,  All rights reserved.

Report Information
------------------
Command line:    trce -v 10 -c -u 0 -gt -sethld -sp 4 -sphld m -o cp31c_impl1.twr cp31c_impl1.ncd cp31c_impl1.prf 
Design file:     cp31c_impl1.ncd
Preference file: cp31c_impl1.prf
Device,speed:    LCMXO2-1200HC,4
Report level:    verbose report, limited to 10 items per preference
--------------------------------------------------------------------------------

BLOCK ASYNCPATHS
BLOCK RESETPATHS
--------------------------------------------------------------------------------



================================================================================
Preference: FREQUENCY NET "clk" 29.560000 MHz ;
            4096 items scored, 0 timing errors detected.
--------------------------------------------------------------------------------


Passed: The following path meets requirements by 1.484ns

 Logical Details:  Cell type  Pin type       Cell/ASIC name  (clock net +/-)

   Source:         DP8KC      Port           system/cpu/engine/rom/lane_3(ASIC)  (from clk +)
   Destination:    DP8KC      Port           system/cpu/sync_decode.decode/table_rom/lane_0(ASIC)  (to clk +)

   Delay:              32.371ns  (39.0% logic, 61.0% route), 16 logic levels.

 Constraint Details:

     32.371ns physical path delay system/cpu/engine/rom/lane_3 to system/cpu/sync_decode.decode/table_rom/lane_0 meets
     33.829ns delay constraint less
      0.000ns skew and
     -0.026ns ADDR_SET requirement (totaling 33.855ns) by 1.484ns

 Physical Path Details:

      Data path system/cpu/engine/rom/lane_3 to system/cpu/sync_decode.decode/table_rom/lane_0:

   Name    Fanout   Delay (ns)          Site               Resource
C2Q_DEL     ---     4.979 EBR_R6C10.CLKA to EBR_R6C10.DOA0 system/cpu/engine/rom/lane_3 (from clk)
ROUTE         2     2.134 EBR_R6C10.DOA0 to      R4C15D.A0 system/cpu/engine/a_select_2[1]
CTOF_DEL    ---     0.495      R4C15D.A0 to      R4C15D.F0 system/cpu/engine/SLICE_578
ROUTE        18     1.483      R4C15D.F0 to      R4C16B.B0 system/cpu/engine/un9_d_axb1
CTOF_DEL    ---     0.495      R4C16B.B0 to      R4C16B.F0 system/cpu/engine/dp/rf/words_ram_2/SLICE_43
ROUTE         9     2.733      R4C16B.F0 to       R3C3D.C0 system/address[14]
CTOF_DEL    ---     0.495       R3C3D.C0 to       R3C3D.F0 system/bus/SLICE_664
ROUTE         3     1.427       R3C3D.F0 to       R3C4B.B0 system/un1_address_18_6
CTOF_DEL    ---     0.495       R3C4B.B0 to       R3C4B.F0 system/bus/SLICE_449
ROUTE         7     0.791       R3C4B.F0 to       R2C4B.C0 system/bus/un1_address_18_13
CTOF_DEL    ---     0.495       R2C4B.C0 to       R2C4B.F0 system/bus/SLICE_444
ROUTE         1     1.004       R2C4B.F0 to       R2C4D.B0 system/bus/un1_boot_release_armed_2_0
CTOF_DEL    ---     0.495       R2C4D.B0 to       R2C4D.F0 system/bus/SLICE_443
ROUTE         1     1.001       R2C4D.F0 to       R3C4D.B0 system/bus/un1_boot_release_armed_2_3
CTOF_DEL    ---     0.495       R3C4D.B0 to       R3C4D.F0 system/bus/SLICE_297
ROUTE         6     0.669       R3C4D.F0 to       R3C5B.D0 system/bus/un1_boot_release_armed_2
CTOF_DEL    ---     0.495       R3C5B.D0 to       R3C5B.F0 system/bus/SLICE_369
ROUTE         8     1.104       R3C5B.F0 to       R4C4D.C0 system/bus/un1_boot_release_armed_2_RNI5U4BG
CTOF_DEL    ---     0.495       R4C4D.C0 to       R4C4D.F0 system/bus/SLICE_371
ROUTE         1     1.600       R4C4D.F0 to       R7C8B.D0 system/bus/rdatadup_1_RNO[8]
CTOF_DEL    ---     0.495       R7C8B.D0 to       R7C8B.F0 system/bus/SLICE_427
ROUTE         2     1.301       R7C8B.F0 to       R4C7A.C0 system/rdatadup_1[8]
CTOF_DEL    ---     0.495       R4C7A.C0 to       R4C7A.F0 system/bus/SLICE_400
ROUTE         1     0.315       R4C7A.F0 to       R4C7B.D0 system/rdatadup[8]
CTOF_DEL    ---     0.495       R4C7B.D0 to       R4C7B.F0 system/cpu/SLICE_208
ROUTE         4     0.659       R4C7B.F0 to       R4C6B.D1 system/cpu/rdatadup_0[8]
CTOF_DEL    ---     0.495       R4C6B.D1 to       R4C6B.F1 system/cpu/sync_decode.decode/SLICE_654
ROUTE         1     0.964       R4C6B.F1 to       R4C5D.A0 system/cpu/sync_decode.decode/opcode_index_3_0
CTOF_DEL    ---     0.495       R4C5D.A0 to       R4C5D.F0 system/cpu/sync_decode.decode/SLICE_585
ROUTE         9     1.127       R4C5D.F0 to       R5C3C.C1 system/cpu/sync_decode.decode/opcode_index
CTOOFX_DEL  ---     0.721       R5C3C.C1 to     R5C3C.OFX0 system/cpu/sync_decode.decode/opcode_index[0]/SLICE_284
ROUTE         1     1.429     R5C3C.OFX0 to  EBR_R6C1.ADA3 system/cpu/sync_decode.decode/opcode_index[0] (to clk)
                  --------
                   32.371   (39.0% logic, 61.0% route), 16 logic levels.

 Clock Skew Details: 

      Source Clock Path oscillator to system/cpu/engine/rom/lane_3:

   Name    Fanout   Delay (ns)          Site               Resource
ROUTE       240     3.714        OSC.OSC to EBR_R6C10.CLKA clk
                  --------
                    3.714   (0.0% logic, 100.0% route), 0 logic levels.

      Destination Clock Path oscillator to system/cpu/sync_decode.decode/table_rom/lane_0:

   Name    Fanout   Delay (ns)          Site               Resource
ROUTE       240     3.714        OSC.OSC to  EBR_R6C1.CLKA clk
                  --------
                    3.714   (0.0% logic, 100.0% route), 0 logic levels.


Passed: The following path meets requirements by 1.504ns

 Logical Details:  Cell type  Pin type       Cell/ASIC name  (clock net +/-)

   Source:         DP8KC      Port           system/cpu/engine/rom/lane_2(ASIC)  (from clk +)
   Destination:    DP8KC      Port           system/cpu/sync_decode.decode/table_rom/lane_0(ASIC)  (to clk +)

   Delay:              32.351ns  (40.6% logic, 59.4% route), 17 logic levels.

 Constraint Details:

     32.351ns physical path delay system/cpu/engine/rom/lane_2 to system/cpu/sync_decode.decode/table_rom/lane_0 meets
     33.829ns delay constraint less
      0.000ns skew and
     -0.026ns ADDR_SET requirement (totaling 33.855ns) by 1.504ns

 Physical Path Details:

      Data path system/cpu/engine/rom/lane_2 to system/cpu/sync_decode.decode/table_rom/lane_0:

   Name    Fanout   Delay (ns)          Site               Resource
C2Q_DEL     ---     4.979 EBR_R6C14.CLKA to EBR_R6C14.DOA8 system/cpu/engine/rom/lane_2 (from clk)
ROUTE         4     1.183 EBR_R6C14.DOA8 to      R4C15D.D1 system/cpu/engine/a_select_2[0]
CTOF_DEL    ---     0.495      R4C15D.D1 to      R4C15D.F1 system/cpu/engine/SLICE_578
ROUTE         1     0.436      R4C15D.F1 to      R4C15D.C0 system/cpu/engine/un6_select_register[1]
CTOF_DEL    ---     0.495      R4C15D.C0 to      R4C15D.F0 system/cpu/engine/SLICE_578
ROUTE        18     1.483      R4C15D.F0 to      R4C16B.B0 system/cpu/engine/un9_d_axb1
CTOF_DEL    ---     0.495      R4C16B.B0 to      R4C16B.F0 system/cpu/engine/dp/rf/words_ram_2/SLICE_43
ROUTE         9     2.733      R4C16B.F0 to       R3C3D.C0 system/address[14]
CTOF_DEL    ---     0.495       R3C3D.C0 to       R3C3D.F0 system/bus/SLICE_664
ROUTE         3     1.427       R3C3D.F0 to       R3C4B.B0 system/un1_address_18_6
CTOF_DEL    ---     0.495       R3C4B.B0 to       R3C4B.F0 system/bus/SLICE_449
ROUTE         7     0.791       R3C4B.F0 to       R2C4B.C0 system/bus/un1_address_18_13
CTOF_DEL    ---     0.495       R2C4B.C0 to       R2C4B.F0 system/bus/SLICE_444
ROUTE         1     1.004       R2C4B.F0 to       R2C4D.B0 system/bus/un1_boot_release_armed_2_0
CTOF_DEL    ---     0.495       R2C4D.B0 to       R2C4D.F0 system/bus/SLICE_443
ROUTE         1     1.001       R2C4D.F0 to       R3C4D.B0 system/bus/un1_boot_release_armed_2_3
CTOF_DEL    ---     0.495       R3C4D.B0 to       R3C4D.F0 system/bus/SLICE_297
ROUTE         6     0.669       R3C4D.F0 to       R3C5B.D0 system/bus/un1_boot_release_armed_2
CTOF_DEL    ---     0.495       R3C5B.D0 to       R3C5B.F0 system/bus/SLICE_369
ROUTE         8     1.104       R3C5B.F0 to       R4C4D.C0 system/bus/un1_boot_release_armed_2_RNI5U4BG
CTOF_DEL    ---     0.495       R4C4D.C0 to       R4C4D.F0 system/bus/SLICE_371
ROUTE         1     1.600       R4C4D.F0 to       R7C8B.D0 system/bus/rdatadup_1_RNO[8]
CTOF_DEL    ---     0.495       R7C8B.D0 to       R7C8B.F0 system/bus/SLICE_427
ROUTE         2     1.301       R7C8B.F0 to       R4C7A.C0 system/rdatadup_1[8]
CTOF_DEL    ---     0.495       R4C7A.C0 to       R4C7A.F0 system/bus/SLICE_400
ROUTE         1     0.315       R4C7A.F0 to       R4C7B.D0 system/rdatadup[8]
CTOF_DEL    ---     0.495       R4C7B.D0 to       R4C7B.F0 system/cpu/SLICE_208
ROUTE         4     0.659       R4C7B.F0 to       R4C6B.D1 system/cpu/rdatadup_0[8]
CTOF_DEL    ---     0.495       R4C6B.D1 to       R4C6B.F1 system/cpu/sync_decode.decode/SLICE_654
ROUTE         1     0.964       R4C6B.F1 to       R4C5D.A0 system/cpu/sync_decode.decode/opcode_index_3_0
CTOF_DEL    ---     0.495       R4C5D.A0 to       R4C5D.F0 system/cpu/sync_decode.decode/SLICE_585
ROUTE         9     1.127       R4C5D.F0 to       R5C3C.C1 system/cpu/sync_decode.decode/opcode_index
CTOOFX_DEL  ---     0.721       R5C3C.C1 to     R5C3C.OFX0 system/cpu/sync_decode.decode/opcode_index[0]/SLICE_284
ROUTE         1     1.429     R5C3C.OFX0 to  EBR_R6C1.ADA3 system/cpu/sync_decode.decode/opcode_index[0] (to clk)
                  --------
                   32.351   (40.6% logic, 59.4% route), 17 logic levels.

 Clock Skew Details: 

      Source Clock Path oscillator to system/cpu/engine/rom/lane_2:

   Name    Fanout   Delay (ns)          Site               Resource
ROUTE       240     3.714        OSC.OSC to EBR_R6C14.CLKA clk
                  --------
                    3.714   (0.0% logic, 100.0% route), 0 logic levels.

      Destination Clock Path oscillator to system/cpu/sync_decode.decode/table_rom/lane_0:

   Name    Fanout   Delay (ns)          Site               Resource
ROUTE       240     3.714        OSC.OSC to  EBR_R6C1.CLKA clk
                  --------
                    3.714   (0.0% logic, 100.0% route), 0 logic levels.


Passed: The following path meets requirements by 1.541ns

 Logical Details:  Cell type  Pin type       Cell/ASIC name  (clock net +/-)

   Source:         DP8KC      Port           system/cpu/engine/rom/lane_3(ASIC)  (from clk +)
   Destination:    DP8KC      Port           system/cpu/sync_decode.decode/table_rom/lane_0(ASIC)  (to clk +)

   Delay:              32.314ns  (39.1% logic, 60.9% route), 16 logic levels.

 Constraint Details:

     32.314ns physical path delay system/cpu/engine/rom/lane_3 to system/cpu/sync_decode.decode/table_rom/lane_0 meets
     33.829ns delay constraint less
      0.000ns skew and
     -0.026ns ADDR_SET requirement (totaling 33.855ns) by 1.541ns

 Physical Path Details:

      Data path system/cpu/engine/rom/lane_3 to system/cpu/sync_decode.decode/table_rom/lane_0:

   Name    Fanout   Delay (ns)          Site               Resource
C2Q_DEL     ---     4.979 EBR_R6C10.CLKA to EBR_R6C10.DOA0 system/cpu/engine/rom/lane_3 (from clk)
ROUTE         2     2.134 EBR_R6C10.DOA0 to      R4C15D.A0 system/cpu/engine/a_select_2[1]
CTOF_DEL    ---     0.495      R4C15D.A0 to      R4C15D.F0 system/cpu/engine/SLICE_578
ROUTE        18     1.483      R4C15D.F0 to      R4C16B.B0 system/cpu/engine/un9_d_axb1
CTOF_DEL    ---     0.495      R4C16B.B0 to      R4C16B.F0 system/cpu/engine/dp/rf/words_ram_2/SLICE_43
ROUTE         9     2.733      R4C16B.F0 to       R3C3D.C0 system/address[14]
CTOF_DEL    ---     0.495       R3C3D.C0 to       R3C3D.F0 system/bus/SLICE_664
ROUTE         3     1.427       R3C3D.F0 to       R3C4B.B0 system/un1_address_18_6
CTOF_DEL    ---     0.495       R3C4B.B0 to       R3C4B.F0 system/bus/SLICE_449
ROUTE         7     0.791       R3C4B.F0 to       R2C4B.C0 system/bus/un1_address_18_13
CTOF_DEL    ---     0.495       R2C4B.C0 to       R2C4B.F0 system/bus/SLICE_444
ROUTE         1     1.004       R2C4B.F0 to       R2C4D.B0 system/bus/un1_boot_release_armed_2_0
CTOF_DEL    ---     0.495       R2C4D.B0 to       R2C4D.F0 system/bus/SLICE_443
ROUTE         1     1.001       R2C4D.F0 to       R3C4D.B0 system/bus/un1_boot_release_armed_2_3
CTOF_DEL    ---     0.495       R3C4D.B0 to       R3C4D.F0 system/bus/SLICE_297
ROUTE         6     0.669       R3C4D.F0 to       R3C5B.D0 system/bus/un1_boot_release_armed_2
CTOF_DEL    ---     0.495       R3C5B.D0 to       R3C5B.F0 system/bus/SLICE_369
ROUTE         8     1.104       R3C5B.F0 to       R4C4D.C0 system/bus/un1_boot_release_armed_2_RNI5U4BG
CTOF_DEL    ---     0.495       R4C4D.C0 to       R4C4D.F0 system/bus/SLICE_371
ROUTE         1     1.600       R4C4D.F0 to       R7C8B.D0 system/bus/rdatadup_1_RNO[8]
CTOF_DEL    ---     0.495       R7C8B.D0 to       R7C8B.F0 system/bus/SLICE_427
ROUTE         2     1.301       R7C8B.F0 to       R4C7A.C0 system/rdatadup_1[8]
CTOF_DEL    ---     0.495       R4C7A.C0 to       R4C7A.F0 system/bus/SLICE_400
ROUTE         1     0.315       R4C7A.F0 to       R4C7B.D0 system/rdatadup[8]
CTOF_DEL    ---     0.495       R4C7B.D0 to       R4C7B.F0 system/cpu/SLICE_208
ROUTE         4     0.659       R4C7B.F0 to       R4C6B.D1 system/cpu/rdatadup_0[8]
CTOF_DEL    ---     0.495       R4C6B.D1 to       R4C6B.F1 system/cpu/sync_decode.decode/SLICE_654
ROUTE         1     0.964       R4C6B.F1 to       R4C5D.A0 system/cpu/sync_decode.decode/opcode_index_3_0
CTOF_DEL    ---     0.495       R4C5D.A0 to       R4C5D.F0 system/cpu/sync_decode.decode/SLICE_585
ROUTE         9     1.005       R4C5D.F0 to       R5C5C.A1 system/cpu/sync_decode.decode/opcode_index
CTOOFX_DEL  ---     0.721       R5C5C.A1 to     R5C5C.OFX0 system/cpu/sync_decode.decode/opcode_index[2]/SLICE_282
ROUTE         1     1.494     R5C5C.OFX0 to  EBR_R6C1.ADA5 system/cpu/sync_decode.decode/opcode_index[2] (to clk)
                  --------
                   32.314   (39.1% logic, 60.9% route), 16 logic levels.

 Clock Skew Details: 

      Source Clock Path oscillator to system/cpu/engine/rom/lane_3:

   Name    Fanout   Delay (ns)          Site               Resource
ROUTE       240     3.714        OSC.OSC to EBR_R6C10.CLKA clk
                  --------
                    3.714   (0.0% logic, 100.0% route), 0 logic levels.

      Destination Clock Path oscillator to system/cpu/sync_decode.decode/table_rom/lane_0:

   Name    Fanout   Delay (ns)          Site               Resource
ROUTE       240     3.714        OSC.OSC to  EBR_R6C1.CLKA clk
                  --------
                    3.714   (0.0% logic, 100.0% route), 0 logic levels.


Passed: The following path meets requirements by 1.550ns

 Logical Details:  Cell type  Pin type       Cell/ASIC name  (clock net +/-)

   Source:         DP8KC      Port           system/cpu/engine/rom/lane_3(ASIC)  (from clk +)
   Destination:    DP8KC      Port           system/cpu/engine/rom/lane_1(ASIC)  (to clk +)

   Delay:              32.305ns  (41.5% logic, 58.5% route), 18 logic levels.

 Constraint Details:

     32.305ns physical path delay system/cpu/engine/rom/lane_3 to system/cpu/engine/rom/lane_1 meets
     33.829ns delay constraint less
      0.000ns skew and
     -0.026ns ADDR_SET requirement (totaling 33.855ns) by 1.550ns

 Physical Path Details:

      Data path system/cpu/engine/rom/lane_3 to system/cpu/engine/rom/lane_1:

   Name    Fanout   Delay (ns)          Site               Resource
C2Q_DEL     ---     4.979 EBR_R6C10.CLKA to EBR_R6C10.DOA4 system/cpu/engine/rom/lane_3 (from clk)
ROUTE        38     1.880 EBR_R6C10.DOA4 to       R8C5C.A1 system/cpu/engine/uword[31]
CTOF_DEL    ---     0.495       R8C5C.A1 to       R8C5C.F1 system/cpu/engine/SLICE_613
ROUTE         1     0.623       R8C5C.F1 to       R8C4D.D1 system/cpu/engine/reading_1
CTOF_DEL    ---     0.495       R8C4D.D1 to       R8C4D.F1 system/cpu/engine/SLICE_569
ROUTE         7     1.182       R8C4D.F1 to      R8C12B.D1 system/reading
CTOF_DEL    ---     0.495      R8C12B.D1 to      R8C12B.F1 system/cpu/engine/SLICE_652
ROUTE         3     1.293      R8C12B.F1 to       R8C4B.C1 system/memory_op_1
CTOF_DEL    ---     0.495       R8C4B.C1 to       R8C4B.F1 system/cpu/engine/SLICE_494
ROUTE         2     0.753       R8C4B.F1 to       R8C5A.C0 system/cpu/engine/un1_memory_op_1dup
CTOF_DEL    ---     0.495       R8C5A.C0 to       R8C5A.F0 system/SLICE_660
ROUTE         3     0.775       R8C5A.F0 to       R8C7B.C1 system/mem_requestdup_0
CTOF_DEL    ---     0.495       R8C7B.C1 to       R8C7B.F1 system/SLICE_295
ROUTE        35     1.023       R8C7B.F1 to      R10C8D.D1 system/mem_writedup
CTOF_DEL    ---     0.495      R10C8D.D1 to      R10C8D.F1 system/bus/SLICE_314
ROUTE        16     1.002      R10C8D.F1 to       R8C8A.D0 system/bus/service_dma_selecteddup
CTOF_DEL    ---     0.495       R8C8A.D0 to       R8C8A.F0 system/bus/SLICE_432
ROUTE         5     1.343       R8C8A.F0 to      R10C8C.B0 system/bus/rk_ds_selecteddup
CTOF_DEL    ---     0.495      R10C8C.B0 to      R10C8C.F0 system/bus/SLICE_418
ROUTE         4     0.775      R10C8C.F0 to      R10C9C.C1 system/bus/rk_fixed_selecteddup
CTOF_DEL    ---     0.495      R10C9C.C1 to      R10C9C.F1 system/bus/SLICE_311
ROUTE         3     0.975      R10C9C.F1 to      R10C6D.D1 system/acknowledgedup
CTOF_DEL    ---     0.495      R10C6D.D1 to      R10C6D.F1 system/cpu/engine/SLICE_574
ROUTE         7     1.117      R10C6D.F1 to       R9C8A.D1 system/cpu/engine/un1_mem_ackdup
CTOF_DEL    ---     0.495       R9C8A.D1 to       R9C8A.F1 system/cpu/engine/seq/SLICE_467
ROUTE        15     0.807       R9C8A.F1 to       R9C6A.C1 system/cpu/engine/seq/next_address_2_sqmuxa_1
CTOF_DEL    ---     0.495       R9C6A.C1 to       R9C6A.F1 system/cpu/engine/seq/SLICE_472
ROUTE        10     0.832       R9C6A.F1 to       R9C8D.C1 system/cpu/engine/seq/next_address_7_sqmuxa
CTOF_DEL    ---     0.495       R9C8D.C1 to       R9C8D.F1 system/cpu/engine/seq/SLICE_643
ROUTE         1     0.645       R9C8D.F1 to       R9C7D.D1 system/cpu/engine/seq/upc_m[1]
CTOF_DEL    ---     0.495       R9C7D.D1 to       R9C7D.F1 system/cpu/engine/seq/SLICE_471
ROUTE         1     1.004       R9C7D.F1 to       R9C7D.B0 system/cpu/engine/seq/next_address_0_iv_3[1]
CTOF_DEL    ---     0.495       R9C7D.B0 to       R9C7D.F0 system/cpu/engine/seq/SLICE_471
ROUTE         1     0.626       R9C7D.F0 to       R9C7B.D1 system/cpu/engine/seq/next_address_0_iv_5[1]
CTOF_DEL    ---     0.495       R9C7B.D1 to       R9C7B.F1 system/cpu/engine/seq/SLICE_225
ROUTE         5     2.256       R9C7B.F1 to EBR_R6C17.ADA4 system/cpu/engine/next_address[1] (to clk)
                  --------
                   32.305   (41.5% logic, 58.5% route), 18 logic levels.

 Clock Skew Details: 

      Source Clock Path oscillator to system/cpu/engine/rom/lane_3:

   Name    Fanout   Delay (ns)          Site               Resource
ROUTE       240     3.714        OSC.OSC to EBR_R6C10.CLKA clk
                  --------
                    3.714   (0.0% logic, 100.0% route), 0 logic levels.

      Destination Clock Path oscillator to system/cpu/engine/rom/lane_1:

   Name    Fanout   Delay (ns)          Site               Resource
ROUTE       240     3.714        OSC.OSC to EBR_R6C17.CLKA clk
                  --------
                    3.714   (0.0% logic, 100.0% route), 0 logic levels.


Passed: The following path meets requirements by 1.561ns

 Logical Details:  Cell type  Pin type       Cell/ASIC name  (clock net +/-)

   Source:         DP8KC      Port           system/cpu/engine/rom/lane_2(ASIC)  (from clk +)
   Destination:    DP8KC      Port           system/cpu/sync_decode.decode/table_rom/lane_0(ASIC)  (to clk +)

   Delay:              32.294ns  (40.6% logic, 59.4% route), 17 logic levels.

 Constraint Details:

     32.294ns physical path delay system/cpu/engine/rom/lane_2 to system/cpu/sync_decode.decode/table_rom/lane_0 meets
     33.829ns delay constraint less
      0.000ns skew and
     -0.026ns ADDR_SET requirement (totaling 33.855ns) by 1.561ns

 Physical Path Details:

      Data path system/cpu/engine/rom/lane_2 to system/cpu/sync_decode.decode/table_rom/lane_0:

   Name    Fanout   Delay (ns)          Site               Resource
C2Q_DEL     ---     4.979 EBR_R6C14.CLKA to EBR_R6C14.DOA8 system/cpu/engine/rom/lane_2 (from clk)
ROUTE         4     1.183 EBR_R6C14.DOA8 to      R4C15D.D1 system/cpu/engine/a_select_2[0]
CTOF_DEL    ---     0.495      R4C15D.D1 to      R4C15D.F1 system/cpu/engine/SLICE_578
ROUTE         1     0.436      R4C15D.F1 to      R4C15D.C0 system/cpu/engine/un6_select_register[1]
CTOF_DEL    ---     0.495      R4C15D.C0 to      R4C15D.F0 system/cpu/engine/SLICE_578
ROUTE        18     1.483      R4C15D.F0 to      R4C16B.B0 system/cpu/engine/un9_d_axb1
CTOF_DEL    ---     0.495      R4C16B.B0 to      R4C16B.F0 system/cpu/engine/dp/rf/words_ram_2/SLICE_43
ROUTE         9     2.733      R4C16B.F0 to       R3C3D.C0 system/address[14]
CTOF_DEL    ---     0.495       R3C3D.C0 to       R3C3D.F0 system/bus/SLICE_664
ROUTE         3     1.427       R3C3D.F0 to       R3C4B.B0 system/un1_address_18_6
CTOF_DEL    ---     0.495       R3C4B.B0 to       R3C4B.F0 system/bus/SLICE_449
ROUTE         7     0.791       R3C4B.F0 to       R2C4B.C0 system/bus/un1_address_18_13
CTOF_DEL    ---     0.495       R2C4B.C0 to       R2C4B.F0 system/bus/SLICE_444
ROUTE         1     1.004       R2C4B.F0 to       R2C4D.B0 system/bus/un1_boot_release_armed_2_0
CTOF_DEL    ---     0.495       R2C4D.B0 to       R2C4D.F0 system/bus/SLICE_443
ROUTE         1     1.001       R2C4D.F0 to       R3C4D.B0 system/bus/un1_boot_release_armed_2_3
CTOF_DEL    ---     0.495       R3C4D.B0 to       R3C4D.F0 system/bus/SLICE_297
ROUTE         6     0.669       R3C4D.F0 to       R3C5B.D0 system/bus/un1_boot_release_armed_2
CTOF_DEL    ---     0.495       R3C5B.D0 to       R3C5B.F0 system/bus/SLICE_369
ROUTE         8     1.104       R3C5B.F0 to       R4C4D.C0 system/bus/un1_boot_release_armed_2_RNI5U4BG
CTOF_DEL    ---     0.495       R4C4D.C0 to       R4C4D.F0 system/bus/SLICE_371
ROUTE         1     1.600       R4C4D.F0 to       R7C8B.D0 system/bus/rdatadup_1_RNO[8]
CTOF_DEL    ---     0.495       R7C8B.D0 to       R7C8B.F0 system/bus/SLICE_427
ROUTE         2     1.301       R7C8B.F0 to       R4C7A.C0 system/rdatadup_1[8]
CTOF_DEL    ---     0.495       R4C7A.C0 to       R4C7A.F0 system/bus/SLICE_400
ROUTE         1     0.315       R4C7A.F0 to       R4C7B.D0 system/rdatadup[8]
CTOF_DEL    ---     0.495       R4C7B.D0 to       R4C7B.F0 system/cpu/SLICE_208
ROUTE         4     0.659       R4C7B.F0 to       R4C6B.D1 system/cpu/rdatadup_0[8]
CTOF_DEL    ---     0.495       R4C6B.D1 to       R4C6B.F1 system/cpu/sync_decode.decode/SLICE_654
ROUTE         1     0.964       R4C6B.F1 to       R4C5D.A0 system/cpu/sync_decode.decode/opcode_index_3_0
CTOF_DEL    ---     0.495       R4C5D.A0 to       R4C5D.F0 system/cpu/sync_decode.decode/SLICE_585
ROUTE         9     1.005       R4C5D.F0 to       R5C5C.A1 system/cpu/sync_decode.decode/opcode_index
CTOOFX_DEL  ---     0.721       R5C5C.A1 to     R5C5C.OFX0 system/cpu/sync_decode.decode/opcode_index[2]/SLICE_282
ROUTE         1     1.494     R5C5C.OFX0 to  EBR_R6C1.ADA5 system/cpu/sync_decode.decode/opcode_index[2] (to clk)
                  --------
                   32.294   (40.6% logic, 59.4% route), 17 logic levels.

 Clock Skew Details: 

      Source Clock Path oscillator to system/cpu/engine/rom/lane_2:

   Name    Fanout   Delay (ns)          Site               Resource
ROUTE       240     3.714        OSC.OSC to EBR_R6C14.CLKA clk
                  --------
                    3.714   (0.0% logic, 100.0% route), 0 logic levels.

      Destination Clock Path oscillator to system/cpu/sync_decode.decode/table_rom/lane_0:

   Name    Fanout   Delay (ns)          Site               Resource
ROUTE       240     3.714        OSC.OSC to  EBR_R6C1.CLKA clk
                  --------
                    3.714   (0.0% logic, 100.0% route), 0 logic levels.


Passed: The following path meets requirements by 1.563ns

 Logical Details:  Cell type  Pin type       Cell/ASIC name  (clock net +/-)

   Source:         DP8KC      Port           system/cpu/engine/rom/lane_3(ASIC)  (from clk +)
   Destination:    DP8KC      Port           system/cpu/engine/rom/lane_1(ASIC)  (to clk +)

   Delay:              32.292ns  (41.5% logic, 58.5% route), 18 logic levels.

 Constraint Details:

     32.292ns physical path delay system/cpu/engine/rom/lane_3 to system/cpu/engine/rom/lane_1 meets
     33.829ns delay constraint less
      0.000ns skew and
     -0.026ns ADDR_SET requirement (totaling 33.855ns) by 1.563ns

 Physical Path Details:

      Data path system/cpu/engine/rom/lane_3 to system/cpu/engine/rom/lane_1:

   Name    Fanout   Delay (ns)          Site               Resource
C2Q_DEL     ---     4.979 EBR_R6C10.CLKA to EBR_R6C10.DOA4 system/cpu/engine/rom/lane_3 (from clk)
ROUTE        38     1.880 EBR_R6C10.DOA4 to       R8C5C.A1 system/cpu/engine/uword[31]
CTOF_DEL    ---     0.495       R8C5C.A1 to       R8C5C.F1 system/cpu/engine/SLICE_613
ROUTE         1     0.623       R8C5C.F1 to       R8C4D.D1 system/cpu/engine/reading_1
CTOF_DEL    ---     0.495       R8C4D.D1 to       R8C4D.F1 system/cpu/engine/SLICE_569
ROUTE         7     1.182       R8C4D.F1 to      R8C12B.D1 system/reading
CTOF_DEL    ---     0.495      R8C12B.D1 to      R8C12B.F1 system/cpu/engine/SLICE_652
ROUTE         3     1.293      R8C12B.F1 to       R8C4B.C1 system/memory_op_1
CTOF_DEL    ---     0.495       R8C4B.C1 to       R8C4B.F1 system/cpu/engine/SLICE_494
ROUTE         2     0.753       R8C4B.F1 to       R8C5A.C0 system/cpu/engine/un1_memory_op_1dup
CTOF_DEL    ---     0.495       R8C5A.C0 to       R8C5A.F0 system/SLICE_660
ROUTE         3     0.775       R8C5A.F0 to       R8C7B.C1 system/mem_requestdup_0
CTOF_DEL    ---     0.495       R8C7B.C1 to       R8C7B.F1 system/SLICE_295
ROUTE        35     1.023       R8C7B.F1 to      R10C8D.D1 system/mem_writedup
CTOF_DEL    ---     0.495      R10C8D.D1 to      R10C8D.F1 system/bus/SLICE_314
ROUTE        16     1.002      R10C8D.F1 to       R8C8A.D0 system/bus/service_dma_selecteddup
CTOF_DEL    ---     0.495       R8C8A.D0 to       R8C8A.F0 system/bus/SLICE_432
ROUTE         5     1.343       R8C8A.F0 to      R10C8C.B0 system/bus/rk_ds_selecteddup
CTOF_DEL    ---     0.495      R10C8C.B0 to      R10C8C.F0 system/bus/SLICE_418
ROUTE         4     0.775      R10C8C.F0 to      R10C9C.C1 system/bus/rk_fixed_selecteddup
CTOF_DEL    ---     0.495      R10C9C.C1 to      R10C9C.F1 system/bus/SLICE_311
ROUTE         3     0.975      R10C9C.F1 to      R10C6D.D1 system/acknowledgedup
CTOF_DEL    ---     0.495      R10C6D.D1 to      R10C6D.F1 system/cpu/engine/SLICE_574
ROUTE         7     0.683      R10C6D.F1 to       R8C6C.D0 system/cpu/engine/un1_mem_ackdup
CTOF_DEL    ---     0.495       R8C6C.D0 to       R8C6C.F0 system/cpu/engine/SLICE_659
ROUTE         4     1.011       R8C6C.F0 to       R8C7D.A1 system/cpu/engine/fault_redirectdup
CTOF_DEL    ---     0.495       R8C7D.A1 to       R8C7D.F1 system/cpu/engine/seq/SLICE_487
ROUTE         9     1.015       R8C7D.F1 to       R9C8B.D1 system/cpu/engine/seq/next_address_6_sqmuxa
CTOF_DEL    ---     0.495       R9C8B.D1 to       R9C8B.F1 system/cpu/engine/seq/SLICE_481
ROUTE         1     0.436       R9C8B.F1 to       R9C8B.C0 system/cpu/engine/seq/next_address_0_iv_1[2]
CTOF_DEL    ---     0.495       R9C8B.C0 to       R9C8B.F0 system/cpu/engine/seq/SLICE_481
ROUTE         1     1.004       R9C8B.F0 to       R9C8C.B0 system/cpu/engine/seq/next_address_0_iv_2[2]
CTOF_DEL    ---     0.495       R9C8C.B0 to       R9C8C.F0 system/cpu/engine/seq/SLICE_470
ROUTE         1     0.986       R9C8C.F0 to      R9C10A.A0 system/cpu/engine/seq/next_address_0_iv_5[2]
CTOF_DEL    ---     0.495      R9C10A.A0 to      R9C10A.F0 system/cpu/engine/seq/SLICE_226
ROUTE         5     2.139      R9C10A.F0 to EBR_R6C17.ADA5 system/cpu/engine/next_address_0_iv_i[2] (to clk)
                  --------
                   32.292   (41.5% logic, 58.5% route), 18 logic levels.

 Clock Skew Details: 

      Source Clock Path oscillator to system/cpu/engine/rom/lane_3:

   Name    Fanout   Delay (ns)          Site               Resource
ROUTE       240     3.714        OSC.OSC to EBR_R6C10.CLKA clk
                  --------
                    3.714   (0.0% logic, 100.0% route), 0 logic levels.

      Destination Clock Path oscillator to system/cpu/engine/rom/lane_1:

   Name    Fanout   Delay (ns)          Site               Resource
ROUTE       240     3.714        OSC.OSC to EBR_R6C17.CLKA clk
                  --------
                    3.714   (0.0% logic, 100.0% route), 0 logic levels.


Passed: The following path meets requirements by 1.582ns

 Logical Details:  Cell type  Pin type       Cell/ASIC name  (clock net +/-)

   Source:         DP8KC      Port           system/cpu/engine/rom/lane_3(ASIC)  (from clk +)
   Destination:    DP8KC      Port           system/cpu/sync_decode.decode/table_rom/lane_0(ASIC)  (to clk +)

   Delay:              32.273ns  (37.6% logic, 62.4% route), 15 logic levels.

 Constraint Details:

     32.273ns physical path delay system/cpu/engine/rom/lane_3 to system/cpu/sync_decode.decode/table_rom/lane_0 meets
     33.829ns delay constraint less
      0.000ns skew and
     -0.026ns ADDR_SET requirement (totaling 33.855ns) by 1.582ns

 Physical Path Details:

      Data path system/cpu/engine/rom/lane_3 to system/cpu/sync_decode.decode/table_rom/lane_0:

   Name    Fanout   Delay (ns)          Site               Resource
C2Q_DEL     ---     4.979 EBR_R6C10.CLKA to EBR_R6C10.DOA0 system/cpu/engine/rom/lane_3 (from clk)
ROUTE         2     2.134 EBR_R6C10.DOA0 to      R4C15D.A0 system/cpu/engine/a_select_2[1]
CTOF_DEL    ---     0.495      R4C15D.A0 to      R4C15D.F0 system/cpu/engine/SLICE_578
ROUTE        18     1.483      R4C15D.F0 to      R4C16B.B0 system/cpu/engine/un9_d_axb1
CTOF_DEL    ---     0.495      R4C16B.B0 to      R4C16B.F0 system/cpu/engine/dp/rf/words_ram_2/SLICE_43
ROUTE         9     2.733      R4C16B.F0 to       R3C3D.C0 system/address[14]
CTOF_DEL    ---     0.495       R3C3D.C0 to       R3C3D.F0 system/bus/SLICE_664
ROUTE         3     1.427       R3C3D.F0 to       R3C4B.B0 system/un1_address_18_6
CTOF_DEL    ---     0.495       R3C4B.B0 to       R3C4B.F0 system/bus/SLICE_449
ROUTE         7     0.791       R3C4B.F0 to       R2C4B.C0 system/bus/un1_address_18_13
CTOF_DEL    ---     0.495       R2C4B.C0 to       R2C4B.F0 system/bus/SLICE_444
ROUTE         1     1.004       R2C4B.F0 to       R2C4D.B0 system/bus/un1_boot_release_armed_2_0
CTOF_DEL    ---     0.495       R2C4D.B0 to       R2C4D.F0 system/bus/SLICE_443
ROUTE         1     1.001       R2C4D.F0 to       R3C4D.B0 system/bus/un1_boot_release_armed_2_3
CTOF_DEL    ---     0.495       R3C4D.B0 to       R3C4D.F0 system/bus/SLICE_297
ROUTE         6     0.669       R3C4D.F0 to       R3C5B.D0 system/bus/un1_boot_release_armed_2
CTOF_DEL    ---     0.495       R3C5B.D0 to       R3C5B.F0 system/bus/SLICE_369
ROUTE         8     1.507       R3C5B.F0 to       R5C9B.D1 system/bus/un1_boot_release_armed_2_RNI5U4BG
CTOF_DEL    ---     0.495       R5C9B.D1 to       R5C9B.F1 system/bus/SLICE_355
ROUTE        19     1.657       R5C9B.F1 to       R8C8B.C0 system/guest_fram_selecteddup
CTOF_DEL    ---     0.495       R8C8B.C0 to       R8C8B.F0 system/bus/SLICE_424
ROUTE         1     1.258       R8C8B.F0 to       R4C8B.C0 system/bus/rdatadup_3[7]
CTOF_DEL    ---     0.495       R4C8B.C0 to       R4C8B.F0 system/bus/SLICE_409
ROUTE         1     0.626       R4C8B.F0 to       R4C8D.D1 system/rdatadup_5[7]
CTOF_DEL    ---     0.495       R4C8D.D1 to       R4C8D.F1 system/SLICE_393
ROUTE         3     1.396       R4C8D.F1 to       R4C6B.A0 system/cpu/sync_decode.decode/lane_data_RNIEP5531
CTOF_DEL    ---     0.495       R4C6B.A0 to       R4C6B.F0 system/cpu/sync_decode.decode/SLICE_654
ROUTE         1     0.958       R4C6B.F0 to       R5C5C.D0 system/cpu/sync_decode.decode/N_16
CTOOFX_DEL  ---     0.721       R5C5C.D0 to     R5C5C.OFX0 system/cpu/sync_decode.decode/opcode_index[2]/SLICE_282
ROUTE         1     1.494     R5C5C.OFX0 to  EBR_R6C1.ADA5 system/cpu/sync_decode.decode/opcode_index[2] (to clk)
                  --------
                   32.273   (37.6% logic, 62.4% route), 15 logic levels.

 Clock Skew Details: 

      Source Clock Path oscillator to system/cpu/engine/rom/lane_3:

   Name    Fanout   Delay (ns)          Site               Resource
ROUTE       240     3.714        OSC.OSC to EBR_R6C10.CLKA clk
                  --------
                    3.714   (0.0% logic, 100.0% route), 0 logic levels.

      Destination Clock Path oscillator to system/cpu/sync_decode.decode/table_rom/lane_0:

   Name    Fanout   Delay (ns)          Site               Resource
ROUTE       240     3.714        OSC.OSC to  EBR_R6C1.CLKA clk
                  --------
                    3.714   (0.0% logic, 100.0% route), 0 logic levels.


Passed: The following path meets requirements by 1.602ns

 Logical Details:  Cell type  Pin type       Cell/ASIC name  (clock net +/-)

   Source:         DP8KC      Port           system/cpu/engine/rom/lane_2(ASIC)  (from clk +)
   Destination:    DP8KC      Port           system/cpu/sync_decode.decode/table_rom/lane_0(ASIC)  (to clk +)

   Delay:              32.253ns  (39.2% logic, 60.8% route), 16 logic levels.

 Constraint Details:

     32.253ns physical path delay system/cpu/engine/rom/lane_2 to system/cpu/sync_decode.decode/table_rom/lane_0 meets
     33.829ns delay constraint less
      0.000ns skew and
     -0.026ns ADDR_SET requirement (totaling 33.855ns) by 1.602ns

 Physical Path Details:

      Data path system/cpu/engine/rom/lane_2 to system/cpu/sync_decode.decode/table_rom/lane_0:

   Name    Fanout   Delay (ns)          Site               Resource
C2Q_DEL     ---     4.979 EBR_R6C14.CLKA to EBR_R6C14.DOA8 system/cpu/engine/rom/lane_2 (from clk)
ROUTE         4     1.183 EBR_R6C14.DOA8 to      R4C15D.D1 system/cpu/engine/a_select_2[0]
CTOF_DEL    ---     0.495      R4C15D.D1 to      R4C15D.F1 system/cpu/engine/SLICE_578
ROUTE         1     0.436      R4C15D.F1 to      R4C15D.C0 system/cpu/engine/un6_select_register[1]
CTOF_DEL    ---     0.495      R4C15D.C0 to      R4C15D.F0 system/cpu/engine/SLICE_578
ROUTE        18     1.483      R4C15D.F0 to      R4C16B.B0 system/cpu/engine/un9_d_axb1
CTOF_DEL    ---     0.495      R4C16B.B0 to      R4C16B.F0 system/cpu/engine/dp/rf/words_ram_2/SLICE_43
ROUTE         9     2.733      R4C16B.F0 to       R3C3D.C0 system/address[14]
CTOF_DEL    ---     0.495       R3C3D.C0 to       R3C3D.F0 system/bus/SLICE_664
ROUTE         3     1.427       R3C3D.F0 to       R3C4B.B0 system/un1_address_18_6
CTOF_DEL    ---     0.495       R3C4B.B0 to       R3C4B.F0 system/bus/SLICE_449
ROUTE         7     0.791       R3C4B.F0 to       R2C4B.C0 system/bus/un1_address_18_13
CTOF_DEL    ---     0.495       R2C4B.C0 to       R2C4B.F0 system/bus/SLICE_444
ROUTE         1     1.004       R2C4B.F0 to       R2C4D.B0 system/bus/un1_boot_release_armed_2_0
CTOF_DEL    ---     0.495       R2C4D.B0 to       R2C4D.F0 system/bus/SLICE_443
ROUTE         1     1.001       R2C4D.F0 to       R3C4D.B0 system/bus/un1_boot_release_armed_2_3
CTOF_DEL    ---     0.495       R3C4D.B0 to       R3C4D.F0 system/bus/SLICE_297
ROUTE         6     0.669       R3C4D.F0 to       R3C5B.D0 system/bus/un1_boot_release_armed_2
CTOF_DEL    ---     0.495       R3C5B.D0 to       R3C5B.F0 system/bus/SLICE_369
ROUTE         8     1.507       R3C5B.F0 to       R5C9B.D1 system/bus/un1_boot_release_armed_2_RNI5U4BG
CTOF_DEL    ---     0.495       R5C9B.D1 to       R5C9B.F1 system/bus/SLICE_355
ROUTE        19     1.657       R5C9B.F1 to       R8C8B.C0 system/guest_fram_selecteddup
CTOF_DEL    ---     0.495       R8C8B.C0 to       R8C8B.F0 system/bus/SLICE_424
ROUTE         1     1.258       R8C8B.F0 to       R4C8B.C0 system/bus/rdatadup_3[7]
CTOF_DEL    ---     0.495       R4C8B.C0 to       R4C8B.F0 system/bus/SLICE_409
ROUTE         1     0.626       R4C8B.F0 to       R4C8D.D1 system/rdatadup_5[7]
CTOF_DEL    ---     0.495       R4C8D.D1 to       R4C8D.F1 system/SLICE_393
ROUTE         3     1.396       R4C8D.F1 to       R4C6B.A0 system/cpu/sync_decode.decode/lane_data_RNIEP5531
CTOF_DEL    ---     0.495       R4C6B.A0 to       R4C6B.F0 system/cpu/sync_decode.decode/SLICE_654
ROUTE         1     0.958       R4C6B.F0 to       R5C5C.D0 system/cpu/sync_decode.decode/N_16
CTOOFX_DEL  ---     0.721       R5C5C.D0 to     R5C5C.OFX0 system/cpu/sync_decode.decode/opcode_index[2]/SLICE_282
ROUTE         1     1.494     R5C5C.OFX0 to  EBR_R6C1.ADA5 system/cpu/sync_decode.decode/opcode_index[2] (to clk)
                  --------
                   32.253   (39.2% logic, 60.8% route), 16 logic levels.

 Clock Skew Details: 

      Source Clock Path oscillator to system/cpu/engine/rom/lane_2:

   Name    Fanout   Delay (ns)          Site               Resource
ROUTE       240     3.714        OSC.OSC to EBR_R6C14.CLKA clk
                  --------
                    3.714   (0.0% logic, 100.0% route), 0 logic levels.

      Destination Clock Path oscillator to system/cpu/sync_decode.decode/table_rom/lane_0:

   Name    Fanout   Delay (ns)          Site               Resource
ROUTE       240     3.714        OSC.OSC to  EBR_R6C1.CLKA clk
                  --------
                    3.714   (0.0% logic, 100.0% route), 0 logic levels.


Passed: The following path meets requirements by 1.642ns

 Logical Details:  Cell type  Pin type       Cell/ASIC name  (clock net +/-)

   Source:         DP8KC      Port           system/cpu/engine/rom/lane_3(ASIC)  (from clk +)
   Destination:    DP8KC      Port           system/cpu/engine/rom/lane_1(ASIC)  (to clk +)

   Delay:              32.213ns  (41.6% logic, 58.4% route), 18 logic levels.

 Constraint Details:

     32.213ns physical path delay system/cpu/engine/rom/lane_3 to system/cpu/engine/rom/lane_1 meets
     33.829ns delay constraint less
      0.000ns skew and
     -0.026ns ADDR_SET requirement (totaling 33.855ns) by 1.642ns

 Physical Path Details:

      Data path system/cpu/engine/rom/lane_3 to system/cpu/engine/rom/lane_1:

   Name    Fanout   Delay (ns)          Site               Resource
C2Q_DEL     ---     4.979 EBR_R6C10.CLKA to EBR_R6C10.DOA5 system/cpu/engine/rom/lane_3 (from clk)
ROUTE        41     1.788 EBR_R6C10.DOA5 to       R8C5C.D1 system/cpu/engine/uword[32]
CTOF_DEL    ---     0.495       R8C5C.D1 to       R8C5C.F1 system/cpu/engine/SLICE_613
ROUTE         1     0.623       R8C5C.F1 to       R8C4D.D1 system/cpu/engine/reading_1
CTOF_DEL    ---     0.495       R8C4D.D1 to       R8C4D.F1 system/cpu/engine/SLICE_569
ROUTE         7     1.182       R8C4D.F1 to      R8C12B.D1 system/reading
CTOF_DEL    ---     0.495      R8C12B.D1 to      R8C12B.F1 system/cpu/engine/SLICE_652
ROUTE         3     1.293      R8C12B.F1 to       R8C4B.C1 system/memory_op_1
CTOF_DEL    ---     0.495       R8C4B.C1 to       R8C4B.F1 system/cpu/engine/SLICE_494
ROUTE         2     0.753       R8C4B.F1 to       R8C5A.C0 system/cpu/engine/un1_memory_op_1dup
CTOF_DEL    ---     0.495       R8C5A.C0 to       R8C5A.F0 system/SLICE_660
ROUTE         3     0.775       R8C5A.F0 to       R8C7B.C1 system/mem_requestdup_0
CTOF_DEL    ---     0.495       R8C7B.C1 to       R8C7B.F1 system/SLICE_295
ROUTE        35     1.023       R8C7B.F1 to      R10C8D.D1 system/mem_writedup
CTOF_DEL    ---     0.495      R10C8D.D1 to      R10C8D.F1 system/bus/SLICE_314
ROUTE        16     1.002      R10C8D.F1 to       R8C8A.D0 system/bus/service_dma_selecteddup
CTOF_DEL    ---     0.495       R8C8A.D0 to       R8C8A.F0 system/bus/SLICE_432
ROUTE         5     1.343       R8C8A.F0 to      R10C8C.B0 system/bus/rk_ds_selecteddup
CTOF_DEL    ---     0.495      R10C8C.B0 to      R10C8C.F0 system/bus/SLICE_418
ROUTE         4     0.775      R10C8C.F0 to      R10C9C.C1 system/bus/rk_fixed_selecteddup
CTOF_DEL    ---     0.495      R10C9C.C1 to      R10C9C.F1 system/bus/SLICE_311
ROUTE         3     0.975      R10C9C.F1 to      R10C6D.D1 system/acknowledgedup
CTOF_DEL    ---     0.495      R10C6D.D1 to      R10C6D.F1 system/cpu/engine/SLICE_574
ROUTE         7     1.117      R10C6D.F1 to       R9C8A.D1 system/cpu/engine/un1_mem_ackdup
CTOF_DEL    ---     0.495       R9C8A.D1 to       R9C8A.F1 system/cpu/engine/seq/SLICE_467
ROUTE        15     0.807       R9C8A.F1 to       R9C6A.C1 system/cpu/engine/seq/next_address_2_sqmuxa_1
CTOF_DEL    ---     0.495       R9C6A.C1 to       R9C6A.F1 system/cpu/engine/seq/SLICE_472
ROUTE        10     0.832       R9C6A.F1 to       R9C8D.C1 system/cpu/engine/seq/next_address_7_sqmuxa
CTOF_DEL    ---     0.495       R9C8D.C1 to       R9C8D.F1 system/cpu/engine/seq/SLICE_643
ROUTE         1     0.645       R9C8D.F1 to       R9C7D.D1 system/cpu/engine/seq/upc_m[1]
CTOF_DEL    ---     0.495       R9C7D.D1 to       R9C7D.F1 system/cpu/engine/seq/SLICE_471
ROUTE         1     1.004       R9C7D.F1 to       R9C7D.B0 system/cpu/engine/seq/next_address_0_iv_3[1]
CTOF_DEL    ---     0.495       R9C7D.B0 to       R9C7D.F0 system/cpu/engine/seq/SLICE_471
ROUTE         1     0.626       R9C7D.F0 to       R9C7B.D1 system/cpu/engine/seq/next_address_0_iv_5[1]
CTOF_DEL    ---     0.495       R9C7B.D1 to       R9C7B.F1 system/cpu/engine/seq/SLICE_225
ROUTE         5     2.256       R9C7B.F1 to EBR_R6C17.ADA4 system/cpu/engine/next_address[1] (to clk)
                  --------
                   32.213   (41.6% logic, 58.4% route), 18 logic levels.

 Clock Skew Details: 

      Source Clock Path oscillator to system/cpu/engine/rom/lane_3:

   Name    Fanout   Delay (ns)          Site               Resource
ROUTE       240     3.714        OSC.OSC to EBR_R6C10.CLKA clk
                  --------
                    3.714   (0.0% logic, 100.0% route), 0 logic levels.

      Destination Clock Path oscillator to system/cpu/engine/rom/lane_1:

   Name    Fanout   Delay (ns)          Site               Resource
ROUTE       240     3.714        OSC.OSC to EBR_R6C17.CLKA clk
                  --------
                    3.714   (0.0% logic, 100.0% route), 0 logic levels.


Passed: The following path meets requirements by 1.652ns

 Logical Details:  Cell type  Pin type       Cell/ASIC name  (clock net +/-)

   Source:         DP8KC      Port           system/cpu/engine/rom/lane_3(ASIC)  (from clk +)
   Destination:    DP8KC      Port           system/cpu/sync_decode.decode/table_rom/lane_0(ASIC)  (to clk +)

   Delay:              32.203ns  (37.7% logic, 62.3% route), 15 logic levels.

 Constraint Details:

     32.203ns physical path delay system/cpu/engine/rom/lane_3 to system/cpu/sync_decode.decode/table_rom/lane_0 meets
     33.829ns delay constraint less
      0.000ns skew and
     -0.026ns ADDR_SET requirement (totaling 33.855ns) by 1.652ns

 Physical Path Details:

      Data path system/cpu/engine/rom/lane_3 to system/cpu/sync_decode.decode/table_rom/lane_0:

   Name    Fanout   Delay (ns)          Site               Resource
C2Q_DEL     ---     4.979 EBR_R6C10.CLKA to EBR_R6C10.DOA0 system/cpu/engine/rom/lane_3 (from clk)
ROUTE         2     2.134 EBR_R6C10.DOA0 to      R4C15D.A0 system/cpu/engine/a_select_2[1]
CTOF_DEL    ---     0.495      R4C15D.A0 to      R4C15D.F0 system/cpu/engine/SLICE_578
ROUTE        18     1.483      R4C15D.F0 to      R4C16B.B0 system/cpu/engine/un9_d_axb1
CTOF_DEL    ---     0.495      R4C16B.B0 to      R4C16B.F0 system/cpu/engine/dp/rf/words_ram_2/SLICE_43
ROUTE         9     2.733      R4C16B.F0 to       R3C3D.C0 system/address[14]
CTOF_DEL    ---     0.495       R3C3D.C0 to       R3C3D.F0 system/bus/SLICE_664
ROUTE         3     1.427       R3C3D.F0 to       R3C4B.B0 system/un1_address_18_6
CTOF_DEL    ---     0.495       R3C4B.B0 to       R3C4B.F0 system/bus/SLICE_449
ROUTE         7     0.791       R3C4B.F0 to       R2C4B.C0 system/bus/un1_address_18_13
CTOF_DEL    ---     0.495       R2C4B.C0 to       R2C4B.F0 system/bus/SLICE_444
ROUTE         1     1.004       R2C4B.F0 to       R2C4D.B0 system/bus/un1_boot_release_armed_2_0
CTOF_DEL    ---     0.495       R2C4D.B0 to       R2C4D.F0 system/bus/SLICE_443
ROUTE         1     1.001       R2C4D.F0 to       R3C4D.B0 system/bus/un1_boot_release_armed_2_3
CTOF_DEL    ---     0.495       R3C4D.B0 to       R3C4D.F0 system/bus/SLICE_297
ROUTE         6     0.669       R3C4D.F0 to       R3C5B.D0 system/bus/un1_boot_release_armed_2
CTOF_DEL    ---     0.495       R3C5B.D0 to       R3C5B.F0 system/bus/SLICE_369
ROUTE         8     1.507       R3C5B.F0 to       R5C9B.D1 system/bus/un1_boot_release_armed_2_RNI5U4BG
CTOF_DEL    ---     0.495       R5C9B.D1 to       R5C9B.F1 system/bus/SLICE_355
ROUTE        19     1.353       R5C9B.F1 to      R4C10B.A1 system/guest_fram_selecteddup
CTOF_DEL    ---     0.495      R4C10B.A1 to      R4C10B.F1 system/bus/SLICE_401
ROUTE         2     0.635      R4C10B.F1 to      R4C10B.D0 system/rdatadup_2[15]
CTOF_DEL    ---     0.495      R4C10B.D0 to      R4C10B.F0 system/bus/SLICE_401
ROUTE         3     1.483      R4C10B.F0 to       R4C8D.C1 system/rdatadup[15]
CTOF_DEL    ---     0.495       R4C8D.C1 to       R4C8D.F1 system/SLICE_393
ROUTE         3     1.396       R4C8D.F1 to       R4C6B.A0 system/cpu/sync_decode.decode/lane_data_RNIEP5531
CTOF_DEL    ---     0.495       R4C6B.A0 to       R4C6B.F0 system/cpu/sync_decode.decode/SLICE_654
ROUTE         1     0.958       R4C6B.F0 to       R5C5C.D0 system/cpu/sync_decode.decode/N_16
CTOOFX_DEL  ---     0.721       R5C5C.D0 to     R5C5C.OFX0 system/cpu/sync_decode.decode/opcode_index[2]/SLICE_282
ROUTE         1     1.494     R5C5C.OFX0 to  EBR_R6C1.ADA5 system/cpu/sync_decode.decode/opcode_index[2] (to clk)
                  --------
                   32.203   (37.7% logic, 62.3% route), 15 logic levels.

 Clock Skew Details: 

      Source Clock Path oscillator to system/cpu/engine/rom/lane_3:

   Name    Fanout   Delay (ns)          Site               Resource
ROUTE       240     3.714        OSC.OSC to EBR_R6C10.CLKA clk
                  --------
                    3.714   (0.0% logic, 100.0% route), 0 logic levels.

      Destination Clock Path oscillator to system/cpu/sync_decode.decode/table_rom/lane_0:

   Name    Fanout   Delay (ns)          Site               Resource
ROUTE       240     3.714        OSC.OSC to  EBR_R6C1.CLKA clk
                  --------
                    3.714   (0.0% logic, 100.0% route), 0 logic levels.

Report:   30.917MHz is the maximum frequency for this preference.


================================================================================
Preference: Unconstrained: CLOCK_DOMAIN
            0 unconstrained paths found
--------------------------------------------------------------------------------


================================================================================
Preference: Unconstrained: INPUT_SETUP
            8 unconstrained paths found
--------------------------------------------------------------------------------

Unconstrained Preference:
   INPUT_SETUP PORT "res" CLKNET "clk" 

Report:    5.550ns delay res to SLICE_312 (4.817ns delay and 0.733ns setup)

   Name    Fanout   Delay (ns)          Site               Resource
PADI_DEL    ---     1.132          4.PAD to        4.PADDI res
ROUTE         1     3.685        4.PADDI to     R5C12B.LSR res_c (to clk)
                  --------
                    4.817   (23.5% logic, 76.5% route), 1 logic levels.

Unconstrained Preference:
   INPUT_SETUP PORT "gpio_key_row[0]" CLKNET "clk" 

Report:    2.292ns delay gpio_key_row[0] to gpio_key_row[0]_MGIOL (1.697ns delay and 0.595ns setup)

   Name    Fanout   Delay (ns)          Site               Resource
PADI_DEL    ---     1.132         29.PAD to       29.PADDI gpio_key_row[0]
ROUTE         1     0.565       29.PADDI to    IOL_T11D.DI gpio_key_row_in[0] (to clk)
                  --------
                    1.697   (66.7% logic, 33.3% route), 1 logic levels.

Unconstrained Preference:
   INPUT_SETUP PORT "gpio_key_row[1]" CLKNET "clk" 

Report:    2.292ns delay gpio_key_row[1] to gpio_key_row[1]_MGIOL (1.697ns delay and 0.595ns setup)

   Name    Fanout   Delay (ns)          Site               Resource
PADI_DEL    ---     1.132         30.PAD to       30.PADDI gpio_key_row[1]
ROUTE         1     0.565       30.PADDI to    IOL_T11C.DI gpio_key_row_in[1] (to clk)
                  --------
                    1.697   (66.7% logic, 33.3% route), 1 logic levels.

Unconstrained Preference:
   INPUT_SETUP PORT "gpio_key_row[2]" CLKNET "clk" 

Report:    2.292ns delay gpio_key_row[2] to gpio_key_row[2]_MGIOL (1.697ns delay and 0.595ns setup)

   Name    Fanout   Delay (ns)          Site               Resource
PADI_DEL    ---     1.132         32.PAD to       32.PADDI gpio_key_row[2]
ROUTE         1     0.565       32.PADDI to    IOL_T10D.DI gpio_key_row_in[2] (to clk)
                  --------
                    1.697   (66.7% logic, 33.3% route), 1 logic levels.

Unconstrained Preference:
   INPUT_SETUP PORT "gpio_key_row[3]" CLKNET "clk" 

Report:    2.292ns delay gpio_key_row[3] to gpio_key_row[3]_MGIOL (1.697ns delay and 0.595ns setup)

   Name    Fanout   Delay (ns)          Site               Resource
PADI_DEL    ---     1.132          1.PAD to        1.PADDI gpio_key_row[3]
ROUTE         1     0.565        1.PADDI to    IOL_T10C.DI gpio_key_row_in[3] (to clk)
                  --------
                    1.697   (66.7% logic, 33.3% route), 1 logic levels.

Unconstrained Preference:
   INPUT_SETUP PORT "rx" CLKNET "clk" 

Report:    2.292ns delay rx to rx_MGIOL (1.697ns delay and 0.595ns setup)

   Name    Fanout   Delay (ns)          Site               Resource
PADI_DEL    ---     1.132         25.PAD to       25.PADDI rx
ROUTE         1     0.565       25.PADDI to    IOL_T15D.DI rx_c (to clk)
                  --------
                    1.697   (66.7% logic, 33.3% route), 1 logic levels.

Unconstrained Preference:
   INPUT_SETUP PORT "sd_miso" CLKNET "clk" 

Report:    2.292ns delay sd_miso to sd_miso_MGIOL (1.697ns delay and 0.595ns setup)

   Name    Fanout   Delay (ns)          Site               Resource
PADI_DEL    ---     1.132         28.PAD to       28.PADDI sd_miso
ROUTE         1     0.565       28.PADDI to    IOL_T12C.DI sd_miso_c (to clk)
                  --------
                    1.697   (66.7% logic, 33.3% route), 1 logic levels.

Unconstrained Preference:
   INPUT_SETUP PORT "gpio_miso" CLKNET "clk" 

Report:    2.111ns delay gpio_miso to gpio_miso_MGIOL (1.516ns delay and 0.595ns setup)

   Name    Fanout   Delay (ns)          Site               Resource
PADI_DEL    ---     1.132         10.PAD to       10.PADDI gpio_miso
ROUTE         1     0.384       10.PADDI to     IOL_B6D.DI gpio_miso_c (to clk)
                  --------
                    1.516   (74.7% logic, 25.3% route), 1 logic levels.


================================================================================
Preference: Unconstrained: CLOCK_TO_OUT
            18 unconstrained paths found
--------------------------------------------------------------------------------

Unconstrained Preference:
   CLOCK_TO_OUT PORT "sd_mosi" CLKNET "clk" 

Report:    7.419ns delay system/bus/byte_sd/SLICE_76 to sd_mosi

   Name    Fanout   Delay (ns)          Site               Resource
REG_DEL     ---     0.452     R2C15B.CLK to      R2C15B.Q0 system/bus/byte_sd/SLICE_76 (from clk)
ROUTE        23     1.751      R2C15B.Q0 to      R3C11C.C0 system/bus/byte_sd/busy
CTOF_DEL    ---     0.495      R3C11C.C0 to      R3C11C.F0 system/bus/byte_sd/SLICE_627
ROUTE         1     1.924      R3C11C.F0 to       21.PADDO sd_mosi_c
DOPAD_DEL   ---     2.797       21.PADDO to         21.PAD sd_mosi
                  --------
                    7.419   (50.5% logic, 49.5% route), 3 logic levels.

Unconstrained Preference:
   CLOCK_TO_OUT PORT "gpio_key_row[3]" CLKNET "clk" 

Report:    6.970ns delay system/SLICE_141 to gpio_key_row[3]

   Name    Fanout   Delay (ns)          Site               Resource
REG_DEL     ---     0.452     R7C10A.CLK to      R7C10A.Q0 system/SLICE_141 (from clk)
ROUTE         3     2.338      R7C10A.Q0 to        1.PADDT system/bus/host_miso_oe
TDTS_DEL    ---     4.180        1.PADDT to          1.PAD gpio_key_row[3]
                  --------
                    6.970   (66.5% logic, 33.5% route), 2 logic levels.

Unconstrained Preference:
   CLOCK_TO_OUT PORT "sd_cs_n" CLKNET "clk" 

Report:    6.765ns delay system/SLICE_68 to sd_cs_n

   Name    Fanout   Delay (ns)          Site               Resource
REG_DEL     ---     0.452     R5C15C.CLK to      R5C15C.Q0 system/SLICE_68 (from clk)
ROUTE         2     3.516      R5C15C.Q0 to        5.PADDO sd_cs_n_c
DOPAD_DEL   ---     2.797        5.PADDO to          5.PAD sd_cs_n
                  --------
                    6.765   (48.0% logic, 52.0% route), 2 logic levels.

Unconstrained Preference:
   CLOCK_TO_OUT PORT "sd_mosi" CLKNET "clk" 

Report:    6.626ns delay system/bus/byte_sd/SLICE_86 to sd_mosi

   Name    Fanout   Delay (ns)          Site               Resource
REG_DEL     ---     0.452     R4C13A.CLK to      R4C13A.Q1 system/bus/byte_sd/SLICE_86 (from clk)
ROUTE         1     0.958      R4C13A.Q1 to      R3C11C.D0 system/bus/byte_sd/tx_shift[7]
CTOF_DEL    ---     0.495      R3C11C.D0 to      R3C11C.F0 system/bus/byte_sd/SLICE_627
ROUTE         1     1.924      R3C11C.F0 to       21.PADDO sd_mosi_c
DOPAD_DEL   ---     2.797       21.PADDO to         21.PAD sd_mosi
                  --------
                    6.626   (56.5% logic, 43.5% route), 3 logic levels.

Unconstrained Preference:
   CLOCK_TO_OUT PORT "tx" CLKNET "clk" 

Report:    6.550ns delay system/bus/fixed_uart.console/SLICE_104 to tx

   Name    Fanout   Delay (ns)          Site               Resource
REG_DEL     ---     0.452     R2C13A.CLK to      R2C13A.Q0 system/bus/fixed_uart.console/SLICE_104 (from clk)
ROUTE        20     1.286      R2C13A.Q0 to      R3C14D.C1 system/bus/fixed_uart.console/tx_busy
CTOF_DEL    ---     0.495      R3C14D.C1 to      R3C14D.F1 system/bus/fixed_uart.console/SLICE_117
ROUTE         1     1.520      R3C14D.F1 to       23.PADDO tx_c
DOPAD_DEL   ---     2.797       23.PADDO to         23.PAD tx
                  --------
                    6.550   (57.2% logic, 42.8% route), 3 logic levels.

Unconstrained Preference:
   CLOCK_TO_OUT PORT "gpio_rs" CLKNET "clk" 

Report:    6.531ns delay system/SLICE_65 to gpio_rs

   Name    Fanout   Delay (ns)          Site               Resource
REG_DEL     ---     0.452     R8C13A.CLK to      R8C13A.Q0 system/SLICE_65 (from clk)
ROUTE         3     3.282      R8C13A.Q0 to       11.PADDO gpio_rs_c
DOPAD_DEL   ---     2.797       11.PADDO to         11.PAD gpio_rs
                  --------
                    6.531   (49.7% logic, 50.3% route), 2 logic levels.

Unconstrained Preference:
   CLOCK_TO_OUT PORT "gpio_ce" CLKNET "clk" 

Report:    6.447ns delay system/SLICE_60 to gpio_ce

   Name    Fanout   Delay (ns)          Site               Resource
REG_DEL     ---     0.452     R7C12A.CLK to      R7C12A.Q0 system/SLICE_60 (from clk)
ROUTE         3     3.198      R7C12A.Q0 to       14.PADDO gpio_ce_c
DOPAD_DEL   ---     2.797       14.PADDO to         14.PAD gpio_ce
                  --------
                    6.447   (50.4% logic, 49.6% route), 2 logic levels.

Unconstrained Preference:
   CLOCK_TO_OUT PORT "tx" CLKNET "clk" 

Report:    6.268ns delay system/bus/fixed_uart.console/SLICE_113 to tx

   Name    Fanout   Delay (ns)          Site               Resource
REG_DEL     ---     0.452     R3C14C.CLK to      R3C14C.Q0 system/bus/fixed_uart.console/SLICE_113 (from clk)
ROUTE         1     1.004      R3C14C.Q0 to      R3C14D.B1 system/bus/fixed_uart.console/tx_shift[0]
CTOF_DEL    ---     0.495      R3C14D.B1 to      R3C14D.F1 system/bus/fixed_uart.console/SLICE_117
ROUTE         1     1.520      R3C14D.F1 to       23.PADDO tx_c
DOPAD_DEL   ---     2.797       23.PADDO to         23.PAD tx
                  --------
                    6.268   (59.7% logic, 40.3% route), 3 logic levels.

Unconstrained Preference:
   CLOCK_TO_OUT PORT "gpio_key_row[3]" CLKNET "clk" 

Report:    5.942ns delay system/SLICE_66 to gpio_key_row[3]

   Name    Fanout   Delay (ns)          Site               Resource
REG_DEL     ---     0.452     R7C12C.CLK to      R7C12C.Q0 system/SLICE_66 (from clk)
ROUTE         3     2.693      R7C12C.Q0 to        1.PADDO host_miso
DOPAD_DEL   ---     2.797        1.PADDO to          1.PAD gpio_key_row[3]
                  --------
                    5.942   (54.7% logic, 45.3% route), 2 logic levels.

Unconstrained Preference:
   CLOCK_TO_OUT PORT "gpio_din" CLKNET "clk" 

Report:    5.896ns delay system/SLICE_62 to gpio_din

   Name    Fanout   Delay (ns)          Site               Resource
REG_DEL     ---     0.452     R7C15B.CLK to      R7C15B.Q0 system/SLICE_62 (from clk)
ROUTE         3     2.647      R7C15B.Q0 to       16.PADDO gpio_din_c
DOPAD_DEL   ---     2.797       16.PADDO to         16.PAD gpio_din
                  --------
                    5.896   (55.1% logic, 44.9% route), 2 logic levels.

Unconstrained Preference:
   CLOCK_TO_OUT PORT "tx" CLKNET "clk" 

Report:    5.894ns delay system/bus/SLICE_608 to tx

   Name    Fanout   Delay (ns)          Site               Resource
REG_DEL     ---     0.452     R3C13A.CLK to      R3C13A.Q0 system/bus/SLICE_608 (from clk)
ROUTE         2     0.630      R3C13A.Q0 to      R3C14D.D1 system/bus/fixed_uart.console/tx_break
CTOF_DEL    ---     0.495      R3C14D.D1 to      R3C14D.F1 system/bus/fixed_uart.console/SLICE_117
ROUTE         1     1.520      R3C14D.F1 to       23.PADDO tx_c
DOPAD_DEL   ---     2.797       23.PADDO to         23.PAD tx
                  --------
                    5.894   (63.5% logic, 36.5% route), 3 logic levels.

Unconstrained Preference:
   CLOCK_TO_OUT PORT "gpio_blank" CLKNET "clk" 

Report:    5.538ns delay system/SLICE_59 to gpio_blank

   Name    Fanout   Delay (ns)          Site               Resource
REG_DEL     ---     0.452     R5C18D.CLK to      R5C18D.Q0 system/SLICE_59 (from clk)
ROUTE         3     2.289      R5C18D.Q0 to       13.PADDO gpio_blank_c
DOPAD_DEL   ---     2.797       13.PADDO to         13.PAD gpio_blank
                  --------
                    5.538   (58.7% logic, 41.3% route), 2 logic levels.

Unconstrained Preference:
   CLOCK_TO_OUT PORT "sd_sck" CLKNET "clk" 

Report:    5.138ns delay system/bus/byte_sd/SLICE_69 to sd_sck

   Name    Fanout   Delay (ns)          Site               Resource
REG_DEL     ---     0.452     R2C15C.CLK to      R2C15C.Q0 system/bus/byte_sd/SLICE_69 (from clk)
ROUTE         9     1.889      R2C15C.Q0 to       27.PADDO sd_sck_c
DOPAD_DEL   ---     2.797       27.PADDO to         27.PAD sd_sck
                  --------
                    5.138   (63.2% logic, 36.8% route), 2 logic levels.

Unconstrained Preference:
   CLOCK_TO_OUT PORT "gpio_clk" CLKNET "clk" 

Report:    4.921ns delay system/SLICE_61 to gpio_clk

   Name    Fanout   Delay (ns)          Site               Resource
REG_DEL     ---     0.452     R5C10A.CLK to      R5C10A.Q0 system/SLICE_61 (from clk)
ROUTE         3     1.672      R5C10A.Q0 to       12.PADDO gpio_clk_c
DOPAD_DEL   ---     2.797       12.PADDO to         12.PAD gpio_clk
                  --------
                    4.921   (66.0% logic, 34.0% route), 2 logic levels.

Unconstrained Preference:
   CLOCK_TO_OUT PORT "gpio_msck" CLKNET "clk" 

Report:    4.799ns delay system/bus/guest_memory/SLICE_63 to gpio_msck

   Name    Fanout   Delay (ns)          Site               Resource
REG_DEL     ---     0.452     R10C5A.CLK to      R10C5A.Q0 system/bus/guest_memory/SLICE_63 (from clk)
ROUTE         4     1.550      R10C5A.Q0 to        9.PADDO gpio_msck_c
DOPAD_DEL   ---     2.797        9.PADDO to          9.PAD gpio_msck
                  --------
                    4.799   (67.7% logic, 32.3% route), 2 logic levels.

Unconstrained Preference:
   CLOCK_TO_OUT PORT "gpio_reg_latch" CLKNET "clk" 

Report:    4.596ns delay system/SLICE_64 to gpio_reg_latch

   Name    Fanout   Delay (ns)          Site               Resource
REG_DEL     ---     0.452     R5C18A.CLK to      R5C18A.Q0 system/SLICE_64 (from clk)
ROUTE         3     1.347      R5C18A.Q0 to       20.PADDO gpio_reg_latch_c
DOPAD_DEL   ---     2.797       20.PADDO to         20.PAD gpio_reg_latch
                  --------
                    4.596   (70.7% logic, 29.3% route), 2 logic levels.

Unconstrained Preference:
   CLOCK_TO_OUT PORT "gpio_mcs" CLKNET "clk" 

Report:    3.407ns delay gpio_mcs_MGIOL to gpio_mcs

   Name    Fanout   Delay (ns)          Site               Resource
C2OUT_DEL   ---     0.567    IOL_B4C.CLK to  IOL_B4C.IOLDO gpio_mcs_MGIOL (from clk)
ROUTE         1     0.043  IOL_B4C.IOLDO to        8.IOLDO gpio_mcs_c
OP0PAD_DEL  ---     2.797        8.IOLDO to          8.PAD gpio_mcs
                  --------
                    3.407   (98.7% logic, 1.3% route), 2 logic levels.

Unconstrained Preference:
   CLOCK_TO_OUT PORT "gpio_mosi" CLKNET "clk" 

Report:    3.407ns delay gpio_mosi_MGIOL to gpio_mosi

   Name    Fanout   Delay (ns)          Site               Resource
C2OUT_DEL   ---     0.567   IOL_B20D.CLK to IOL_B20D.IOLDO gpio_mosi_MGIOL (from clk)
ROUTE         1     0.043 IOL_B20D.IOLDO to       17.IOLDO gpio_mosi_c
OP0PAD_DEL  ---     2.797       17.IOLDO to         17.PAD gpio_mosi
                  --------
                    3.407   (98.7% logic, 1.3% route), 2 logic levels.


================================================================================
Preference: Unconstrained: MAXDELAY
            0 unconstrained paths found
--------------------------------------------------------------------------------

Report Summary
--------------
----------------------------------------------------------------------------
Preference                              |   Constraint|       Actual|Levels
----------------------------------------------------------------------------
                                        |             |             |
FREQUENCY NET "clk" 29.560000 MHz ;     |   29.560 MHz|   30.917 MHz|  16  
                                        |             |             |
----------------------------------------------------------------------------


All preferences were met.


Clock Domains Analysis
------------------------

Found 1 clocks:

Clock Domain: clk   Source: oscillator.OSC   Loads: 240
   Covered under: FREQUENCY NET "clk" 29.560000 MHz ;


--------------------------------------------------------------------------------
                Connections not covered by the preferences
--------------------------------------------------------------------------------

     Delay                        Element                 Net

    0.565ns pio_key_row[0].PADDI to _key_row[0]_MGIOL.DI gpio_key_row_in[0]
    0.565ns        sd_miso.PADDI to     sd_miso_MGIOL.DI sd_miso_c
    0.565ns             rx.PADDI to          rx_MGIOL.DI rx_c
    0.565ns pio_key_row[1].PADDI to _key_row[1]_MGIOL.DI gpio_key_row_in[1]
    0.565ns pio_key_row[2].PADDI to _key_row[2]_MGIOL.DI gpio_key_row_in[2]
    0.565ns pio_key_row[3].PADDI to _key_row[3]_MGIOL.DI gpio_key_row_in[3]
    0.384ns      gpio_miso.PADDI to   gpio_miso_MGIOL.DI gpio_miso_c
    3.685ns            res.PADDI to        SLICE_312.LSR res_c

--------------------------------------------------------------------------------


Timing summary (Setup):
---------------

Timing errors: 0  Score: 0
Cumulative negative slack: 0

Constraints cover 4225580 paths, 1 nets, and 5532 connections (99.86% coverage)

--------------------------------------------------------------------------------
Lattice TRACE Report - Hold, Version Diamond (64-bit) 3.14.0.75.2
Thu Sep 10 08:19:30 2026

Copyright (c) 1991-1994 by NeoCAD Inc. All rights reserved.
Copyright (c) 1995 AT&T Corp.   All rights reserved.
Copyright (c) 1995-2001 Lucent Technologies Inc.  All rights reserved.
Copyright (c) 2001 Agere Systems   All rights reserved.
Copyright (c) 2002-2024 Lattice Semiconductor Corporation,  All rights reserved.

Report Information
------------------
Command line:    trce -v 10 -c -u 0 -gt -sethld -sp 4 -sphld m -o cp31c_impl1.twr cp31c_impl1.ncd cp31c_impl1.prf 
Design file:     cp31c_impl1.ncd
Preference file: cp31c_impl1.prf
Device,speed:    LCMXO2-1200HC,m
Report level:    verbose report, limited to 10 items per preference
--------------------------------------------------------------------------------

BLOCK ASYNCPATHS
BLOCK RESETPATHS
--------------------------------------------------------------------------------



================================================================================
Preference: FREQUENCY NET "clk" 29.560000 MHz ;
            4096 items scored, 0 timing errors detected.
--------------------------------------------------------------------------------


Passed: The following path meets requirements by 0.293ns

 Logical Details:  Cell type  Pin type       Cell/ASIC name  (clock net +/-)

   Source:         Sync_RAM   Q              system/cpu/engine/dp/rf/words_ram/RAM0  (from clk +)
   Destination:    FF         Data in        system/bus/boot_release_armed  (to clk +)

   Delay:               0.280ns  (98.6% logic, 1.4% route), 1 logic levels.

 Constraint Details:

      0.280ns physical path delay system/SLICE_39 to system/SLICE_39 meets
     -0.013ns DIN_HLD and
      0.000ns delay constraint less
      0.000ns skew requirement (totaling -0.013ns) by 0.293ns

 Physical Path Details:

      Data path system/SLICE_39 to system/SLICE_39:

   Name    Fanout   Delay (ns)          Site               Resource
CLKTOF_DEL  ---     0.276     R4C15A.WCK to      R4C15A.F1 system/SLICE_39 (from clk)
ROUTE        34     0.004      R4C15A.F1 to     R4C15A.DI1 system/address[1] (to clk)
                  --------
                    0.280   (98.6% logic, 1.4% route), 1 logic levels.

 Clock Skew Details: 

      Source Clock Path oscillator to system/SLICE_39:

   Name    Fanout   Delay (ns)          Site               Resource
ROUTE       240     1.216        OSC.OSC to     R4C15A.WCK clk
                  --------
                    1.216   (0.0% logic, 100.0% route), 0 logic levels.

      Destination Clock Path oscillator to system/SLICE_39:

   Name    Fanout   Delay (ns)          Site               Resource
ROUTE       240     1.216        OSC.OSC to     R4C15A.CLK clk
                  --------
                    1.216   (0.0% logic, 100.0% route), 0 logic levels.


Passed: The following path meets requirements by 0.304ns

 Logical Details:  Cell type  Pin type       Cell/ASIC name  (clock net +/-)

   Source:         FF         Q              reset_sync[1]  (from clk +)
   Destination:    FF         Data in        reset_sync[0]  (to clk +)

   Delay:               0.285ns  (46.7% logic, 53.3% route), 1 logic levels.

 Constraint Details:

      0.285ns physical path delay SLICE_312 to SLICE_312 meets
     -0.019ns M_HLD and
      0.000ns delay constraint less
      0.000ns skew requirement (totaling -0.019ns) by 0.304ns

 Physical Path Details:

      Data path SLICE_312 to SLICE_312:

   Name    Fanout   Delay (ns)          Site               Resource
REG_DEL     ---     0.133     R5C12B.CLK to      R5C12B.Q1 SLICE_312 (from clk)
ROUTE         1     0.152      R5C12B.Q1 to      R5C12B.M0 reset_sync[1] (to clk)
                  --------
                    0.285   (46.7% logic, 53.3% route), 1 logic levels.

 Clock Skew Details: 

      Source Clock Path oscillator to SLICE_312:

   Name    Fanout   Delay (ns)          Site               Resource
ROUTE       240     1.216        OSC.OSC to     R5C12B.CLK clk
                  --------
                    1.216   (0.0% logic, 100.0% route), 0 logic levels.

      Destination Clock Path oscillator to SLICE_312:

   Name    Fanout   Delay (ns)          Site               Resource
ROUTE       240     1.216        OSC.OSC to     R5C12B.CLK clk
                  --------
                    1.216   (0.0% logic, 100.0% route), 0 logic levels.


Passed: The following path meets requirements by 0.304ns

 Logical Details:  Cell type  Pin type       Cell/ASIC name  (clock net +/-)

   Source:         FF         Q              system/bus/fixed_uart.console/rx_shift[0]  (from clk +)
   Destination:    FF         Data in        system/bus/fixed_uart.console/rx_buffer[0]  (to clk +)

   Delay:               0.285ns  (46.7% logic, 53.3% route), 1 logic levels.

 Constraint Details:

      0.285ns physical path delay system/bus/fixed_uart.console/SLICE_607 to system/bus/SLICE_338 meets
     -0.019ns M_HLD and
      0.000ns delay constraint less
      0.000ns skew requirement (totaling -0.019ns) by 0.304ns

 Physical Path Details:

      Data path system/bus/fixed_uart.console/SLICE_607 to system/bus/SLICE_338:

   Name    Fanout   Delay (ns)          Site               Resource
REG_DEL     ---     0.133      R2C9A.CLK to       R2C9A.Q0 system/bus/fixed_uart.console/SLICE_607 (from clk)
ROUTE         1     0.152       R2C9A.Q0 to       R2C9B.M0 system/bus/fixed_uart.console/rx_shift[0] (to clk)
                  --------
                    0.285   (46.7% logic, 53.3% route), 1 logic levels.

 Clock Skew Details: 

      Source Clock Path oscillator to system/bus/fixed_uart.console/SLICE_607:

   Name    Fanout   Delay (ns)          Site               Resource
ROUTE       240     1.216        OSC.OSC to      R2C9A.CLK clk
                  --------
                    1.216   (0.0% logic, 100.0% route), 0 logic levels.

      Destination Clock Path oscillator to system/bus/SLICE_338:

   Name    Fanout   Delay (ns)          Site               Resource
ROUTE       240     1.216        OSC.OSC to      R2C9B.CLK clk
                  --------
                    1.216   (0.0% logic, 100.0% route), 0 logic levels.


Passed: The following path meets requirements by 0.304ns

 Logical Details:  Cell type  Pin type       Cell/ASIC name  (clock net +/-)

   Source:         FF         Q              system/bus/fixed_uart.console/cts_sync[0]  (from clk +)
   Destination:    FF         Data in        system/bus/fixed_uart.console/cts_sync[1]  (to clk +)

   Delay:               0.285ns  (46.7% logic, 53.3% route), 1 logic levels.

 Constraint Details:

      0.285ns physical path delay system/bus/fixed_uart.console/SLICE_87 to system/bus/fixed_uart.console/SLICE_87 meets
     -0.019ns M_HLD and
      0.000ns delay constraint less
      0.000ns skew requirement (totaling -0.019ns) by 0.304ns

 Physical Path Details:

      Data path system/bus/fixed_uart.console/SLICE_87 to system/bus/fixed_uart.console/SLICE_87:

   Name    Fanout   Delay (ns)          Site               Resource
REG_DEL     ---     0.133     R2C17B.CLK to      R2C17B.Q0 system/bus/fixed_uart.console/SLICE_87 (from clk)
ROUTE         1     0.152      R2C17B.Q0 to      R2C17B.M1 system/bus/fixed_uart.console/cts_sync[0] (to clk)
                  --------
                    0.285   (46.7% logic, 53.3% route), 1 logic levels.

 Clock Skew Details: 

      Source Clock Path oscillator to system/bus/fixed_uart.console/SLICE_87:

   Name    Fanout   Delay (ns)          Site               Resource
ROUTE       240     1.216        OSC.OSC to     R2C17B.CLK clk
                  --------
                    1.216   (0.0% logic, 100.0% route), 0 logic levels.

      Destination Clock Path oscillator to system/bus/fixed_uart.console/SLICE_87:

   Name    Fanout   Delay (ns)          Site               Resource
ROUTE       240     1.216        OSC.OSC to     R2C17B.CLK clk
                  --------
                    1.216   (0.0% logic, 100.0% route), 0 logic levels.


Passed: The following path meets requirements by 0.306ns

 Logical Details:  Cell type  Pin type       Cell/ASIC name  (clock net +/-)

   Source:         FF         Q              system/bus/timebase/state[10]  (from clk +)
   Destination:    FF         Data in        system/bus/timebase/state[11]  (to clk +)

   Delay:               0.287ns  (46.3% logic, 53.7% route), 1 logic levels.

 Constraint Details:

      0.287ns physical path delay system/bus/timebase/SLICE_656 to system/bus/timebase/SLICE_656 meets
     -0.019ns M_HLD and
      0.000ns delay constraint less
      0.000ns skew requirement (totaling -0.019ns) by 0.306ns

 Physical Path Details:

      Data path system/bus/timebase/SLICE_656 to system/bus/timebase/SLICE_656:

   Name    Fanout   Delay (ns)          Site               Resource
REG_DEL     ---     0.133      R3C2C.CLK to       R3C2C.Q0 system/bus/timebase/SLICE_656 (from clk)
ROUTE         2     0.154       R3C2C.Q0 to       R3C2C.M1 system/bus/timebase/state[10] (to clk)
                  --------
                    0.287   (46.3% logic, 53.7% route), 1 logic levels.

 Clock Skew Details: 

      Source Clock Path oscillator to system/bus/timebase/SLICE_656:

   Name    Fanout   Delay (ns)          Site               Resource
ROUTE       240     1.216        OSC.OSC to      R3C2C.CLK clk
                  --------
                    1.216   (0.0% logic, 100.0% route), 0 logic levels.

      Destination Clock Path oscillator to system/bus/timebase/SLICE_656:

   Name    Fanout   Delay (ns)          Site               Resource
ROUTE       240     1.216        OSC.OSC to      R3C2C.CLK clk
                  --------
                    1.216   (0.0% logic, 100.0% route), 0 logic levels.


Passed: The following path meets requirements by 0.306ns

 Logical Details:  Cell type  Pin type       Cell/ASIC name  (clock net +/-)

   Source:         FF         Q              system/bus/byte_sd/rx_shift[5]  (from clk +)
   Destination:    FF         Data in        system/bus/byte_sd/rx_shift[6]  (to clk +)

   Delay:               0.287ns  (46.3% logic, 53.7% route), 1 logic levels.

 Constraint Details:

      0.287ns physical path delay system/bus/SLICE_339 to system/bus/SLICE_339 meets
     -0.019ns M_HLD and
      0.000ns delay constraint less
      0.000ns skew requirement (totaling -0.019ns) by 0.306ns

 Physical Path Details:

      Data path system/bus/SLICE_339 to system/bus/SLICE_339:

   Name    Fanout   Delay (ns)          Site               Resource
REG_DEL     ---     0.133     R2C10C.CLK to      R2C10C.Q0 system/bus/SLICE_339 (from clk)
ROUTE         2     0.154      R2C10C.Q0 to      R2C10C.M1 system/bus/byte_sd/rdata_8[5] (to clk)
                  --------
                    0.287   (46.3% logic, 53.7% route), 1 logic levels.

 Clock Skew Details: 

      Source Clock Path oscillator to system/bus/SLICE_339:

   Name    Fanout   Delay (ns)          Site               Resource
ROUTE       240     1.216        OSC.OSC to     R2C10C.CLK clk
                  --------
                    1.216   (0.0% logic, 100.0% route), 0 logic levels.

      Destination Clock Path oscillator to system/bus/SLICE_339:

   Name    Fanout   Delay (ns)          Site               Resource
ROUTE       240     1.216        OSC.OSC to     R2C10C.CLK clk
                  --------
                    1.216   (0.0% logic, 100.0% route), 0 logic levels.


Passed: The following path meets requirements by 0.306ns

 Logical Details:  Cell type  Pin type       Cell/ASIC name  (clock net +/-)

   Source:         FF         Q              system/bus/fixed_uart.console/rx_shift[1]  (from clk +)
   Destination:    FF         Data in        system/bus/fixed_uart.console/rx_buffer[1]  (to clk +)

   Delay:               0.287ns  (46.3% logic, 53.7% route), 1 logic levels.

 Constraint Details:

      0.287ns physical path delay system/bus/fixed_uart.console/SLICE_607 to system/bus/SLICE_338 meets
     -0.019ns M_HLD and
      0.000ns delay constraint less
      0.000ns skew requirement (totaling -0.019ns) by 0.306ns

 Physical Path Details:

      Data path system/bus/fixed_uart.console/SLICE_607 to system/bus/SLICE_338:

   Name    Fanout   Delay (ns)          Site               Resource
REG_DEL     ---     0.133      R2C9A.CLK to       R2C9A.Q1 system/bus/fixed_uart.console/SLICE_607 (from clk)
ROUTE         2     0.154       R2C9A.Q1 to       R2C9B.M1 system/bus/fixed_uart.console/rx_shift[1] (to clk)
                  --------
                    0.287   (46.3% logic, 53.7% route), 1 logic levels.

 Clock Skew Details: 

      Source Clock Path oscillator to system/bus/fixed_uart.console/SLICE_607:

   Name    Fanout   Delay (ns)          Site               Resource
ROUTE       240     1.216        OSC.OSC to      R2C9A.CLK clk
                  --------
                    1.216   (0.0% logic, 100.0% route), 0 logic levels.

      Destination Clock Path oscillator to system/bus/SLICE_338:

   Name    Fanout   Delay (ns)          Site               Resource
ROUTE       240     1.216        OSC.OSC to      R2C9B.CLK clk
                  --------
                    1.216   (0.0% logic, 100.0% route), 0 logic levels.


Passed: The following path meets requirements by 0.306ns

 Logical Details:  Cell type  Pin type       Cell/ASIC name  (clock net +/-)

   Source:         FF         Q              system/bus/fixed_uart.console/rx_shift[3]  (from clk +)
   Destination:    FF         Data in        system/bus/fixed_uart.console/rx_shift[2]  (to clk +)

   Delay:               0.287ns  (46.3% logic, 53.7% route), 1 logic levels.

 Constraint Details:

      0.287ns physical path delay system/bus/fixed_uart.console/SLICE_344 to system/bus/fixed_uart.console/SLICE_344 meets
     -0.019ns M_HLD and
      0.000ns delay constraint less
      0.000ns skew requirement (totaling -0.019ns) by 0.306ns

 Physical Path Details:

      Data path system/bus/fixed_uart.console/SLICE_344 to system/bus/fixed_uart.console/SLICE_344:

   Name    Fanout   Delay (ns)          Site               Resource
REG_DEL     ---     0.133     R2C15D.CLK to      R2C15D.Q1 system/bus/fixed_uart.console/SLICE_344 (from clk)
ROUTE         2     0.154      R2C15D.Q1 to      R2C15D.M0 system/bus/fixed_uart.console/rx_shift[3] (to clk)
                  --------
                    0.287   (46.3% logic, 53.7% route), 1 logic levels.

 Clock Skew Details: 

      Source Clock Path oscillator to system/bus/fixed_uart.console/SLICE_344:

   Name    Fanout   Delay (ns)          Site               Resource
ROUTE       240     1.216        OSC.OSC to     R2C15D.CLK clk
                  --------
                    1.216   (0.0% logic, 100.0% route), 0 logic levels.

      Destination Clock Path oscillator to system/bus/fixed_uart.console/SLICE_344:

   Name    Fanout   Delay (ns)          Site               Resource
ROUTE       240     1.216        OSC.OSC to     R2C15D.CLK clk
                  --------
                    1.216   (0.0% logic, 100.0% route), 0 logic levels.


Passed: The following path meets requirements by 0.306ns

 Logical Details:  Cell type  Pin type       Cell/ASIC name  (clock net +/-)

   Source:         FF         Q              system/bus/fixed_uart.console/rx_shift[5]  (from clk +)
   Destination:    FF         Data in        system/bus/fixed_uart.console/rx_shift[4]  (to clk +)

   Delay:               0.287ns  (46.3% logic, 53.7% route), 1 logic levels.

 Constraint Details:

      0.287ns physical path delay system/bus/fixed_uart.console/SLICE_345 to system/bus/fixed_uart.console/SLICE_345 meets
     -0.019ns M_HLD and
      0.000ns delay constraint less
      0.000ns skew requirement (totaling -0.019ns) by 0.306ns

 Physical Path Details:

      Data path system/bus/fixed_uart.console/SLICE_345 to system/bus/fixed_uart.console/SLICE_345:

   Name    Fanout   Delay (ns)          Site               Resource
REG_DEL     ---     0.133     R2C13C.CLK to      R2C13C.Q1 system/bus/fixed_uart.console/SLICE_345 (from clk)
ROUTE         2     0.154      R2C13C.Q1 to      R2C13C.M0 system/bus/fixed_uart.console/rx_shift[5] (to clk)
                  --------
                    0.287   (46.3% logic, 53.7% route), 1 logic levels.

 Clock Skew Details: 

      Source Clock Path oscillator to system/bus/fixed_uart.console/SLICE_345:

   Name    Fanout   Delay (ns)          Site               Resource
ROUTE       240     1.216        OSC.OSC to     R2C13C.CLK clk
                  --------
                    1.216   (0.0% logic, 100.0% route), 0 logic levels.

      Destination Clock Path oscillator to system/bus/fixed_uart.console/SLICE_345:

   Name    Fanout   Delay (ns)          Site               Resource
ROUTE       240     1.216        OSC.OSC to     R2C13C.CLK clk
                  --------
                    1.216   (0.0% logic, 100.0% route), 0 logic levels.


Passed: The following path meets requirements by 0.306ns

 Logical Details:  Cell type  Pin type       Cell/ASIC name  (clock net +/-)

   Source:         FF         Q              system/bus/fixed_uart.console/rx_shift[5]  (from clk +)
   Destination:    FF         Data in        system/bus/fixed_uart.console/rx_buffer[5]  (to clk +)

   Delay:               0.287ns  (46.3% logic, 53.7% route), 1 logic levels.

 Constraint Details:

      0.287ns physical path delay system/bus/fixed_uart.console/SLICE_345 to system/bus/fixed_uart.console/SLICE_300 meets
     -0.019ns M_HLD and
      0.000ns delay constraint less
      0.000ns skew requirement (totaling -0.019ns) by 0.306ns

 Physical Path Details:

      Data path system/bus/fixed_uart.console/SLICE_345 to system/bus/fixed_uart.console/SLICE_300:

   Name    Fanout   Delay (ns)          Site               Resource
REG_DEL     ---     0.133     R2C13C.CLK to      R2C13C.Q1 system/bus/fixed_uart.console/SLICE_345 (from clk)
ROUTE         2     0.154      R2C13C.Q1 to      R2C13D.M1 system/bus/fixed_uart.console/rx_shift[5] (to clk)
                  --------
                    0.287   (46.3% logic, 53.7% route), 1 logic levels.

 Clock Skew Details: 

      Source Clock Path oscillator to system/bus/fixed_uart.console/SLICE_345:

   Name    Fanout   Delay (ns)          Site               Resource
ROUTE       240     1.216        OSC.OSC to     R2C13C.CLK clk
                  --------
                    1.216   (0.0% logic, 100.0% route), 0 logic levels.

      Destination Clock Path oscillator to system/bus/fixed_uart.console/SLICE_300:

   Name    Fanout   Delay (ns)          Site               Resource
ROUTE       240     1.216        OSC.OSC to     R2C13D.CLK clk
                  --------
                    1.216   (0.0% logic, 100.0% route), 0 logic levels.

Report Summary
--------------
----------------------------------------------------------------------------
Preference(MIN Delays)                  |   Constraint|       Actual|Levels
----------------------------------------------------------------------------
                                        |             |             |
FREQUENCY NET "clk" 29.560000 MHz ;     |     0.000 ns|     0.293 ns|   1  
                                        |             |             |
----------------------------------------------------------------------------


All preferences were met.


Clock Domains Analysis
------------------------

Found 1 clocks:

Clock Domain: clk   Source: oscillator.OSC   Loads: 240
   Covered under: FREQUENCY NET "clk" 29.560000 MHz ;


--------------------------------------------------------------------------------
                Connections not covered by the preferences
--------------------------------------------------------------------------------

     Delay                        Element                 Net

    0.177ns pio_key_row[0].PADDI to _key_row[0]_MGIOL.DI gpio_key_row_in[0]
    0.177ns        sd_miso.PADDI to     sd_miso_MGIOL.DI sd_miso_c
    0.177ns             rx.PADDI to          rx_MGIOL.DI rx_c
    0.177ns pio_key_row[1].PADDI to _key_row[1]_MGIOL.DI gpio_key_row_in[1]
    0.177ns pio_key_row[2].PADDI to _key_row[2]_MGIOL.DI gpio_key_row_in[2]
    0.177ns pio_key_row[3].PADDI to _key_row[3]_MGIOL.DI gpio_key_row_in[3]
    0.127ns      gpio_miso.PADDI to   gpio_miso_MGIOL.DI gpio_miso_c
    1.210ns            res.PADDI to        SLICE_312.LSR res_c

--------------------------------------------------------------------------------


Timing summary (Hold):
---------------

Timing errors: 0  Score: 0
Cumulative negative slack: 0

Constraints cover 4225580 paths, 1 nets, and 5532 connections (99.86% coverage)



Timing summary (Setup and Hold):
---------------

Timing errors: 0 (setup), 0 (hold)
Score: 0 (setup), 0 (hold)
Cumulative negative slack: 0 (0+0)
--------------------------------------------------------------------------------

--------------------------------------------------------------------------------

