
Loading design for application trce from file cp59b_impl1.ncd.
Design name: uj11_hc1200_microcomp
NCD version: 3.3
Vendor:      LATTICE
Device:      LCMXO2-1200HC
Package:     QFN32
Performance: 4
Loading device for application trce from file 'xo2c1200.nph' in environment: /home/sash/.local/lscc/diamond/3.14/ispfpga.
Package Status:                     Final          Version 1.44.
Performance Hardware Data Status:   Final          Version 36.4.
Setup and Hold Report

--------------------------------------------------------------------------------
Lattice TRACE Report - Setup, Version Diamond (64-bit) 3.14.0.75.2
Sat Sep 12 14:30:40 2026

Copyright (c) 1991-1994 by NeoCAD Inc. All rights reserved.
Copyright (c) 1995 AT&T Corp.   All rights reserved.
Copyright (c) 1995-2001 Lucent Technologies Inc.  All rights reserved.
Copyright (c) 2001 Agere Systems   All rights reserved.
Copyright (c) 2002-2024 Lattice Semiconductor Corporation,  All rights reserved.

Report Information
------------------
Command line:    trce -v 10 -c -u 0 -gt -sethld -sp 4 -sphld m -o cp59b_impl1.twr cp59b_impl1.ncd cp59b_impl1.prf 
Design file:     cp59b_impl1.ncd
Preference file: cp59b_impl1.prf
Device,speed:    LCMXO2-1200HC,4
Report level:    verbose report, limited to 10 items per preference
--------------------------------------------------------------------------------

BLOCK ASYNCPATHS
BLOCK RESETPATHS
--------------------------------------------------------------------------------



================================================================================
Preference: FREQUENCY NET "clk" 31.824000 MHz ;
            4096 items scored, 0 timing errors detected.
--------------------------------------------------------------------------------


Passed: The following path meets requirements by 0.333ns

 Logical Details:  Cell type  Pin type       Cell/ASIC name  (clock net +/-)

   Source:         DP8KC      Port           system/cpu/engine/rom/lane_2(ASIC)  (from clk +)
   Destination:    DP8KC      Port           system/cpu/engine/rom/lane_0(ASIC)  (to clk +)

   Delay:              31.116ns  (43.0% logic, 57.0% route), 18 logic levels.

 Constraint Details:

     31.116ns physical path delay system/cpu/engine/rom/lane_2 to system/cpu/engine/rom/lane_0 meets
     31.423ns delay constraint less
      0.000ns skew and
     -0.026ns ADDR_SET requirement (totaling 31.449ns) by 0.333ns

 Physical Path Details:

      Data path system/cpu/engine/rom/lane_2 to system/cpu/engine/rom/lane_0:

   Name    Fanout   Delay (ns)          Site               Resource
C2Q_DEL     ---     4.979 EBR_R6C10.CLKA to EBR_R6C10.DOA8 system/cpu/engine/rom/lane_2 (from clk)
ROUTE         4     1.176 EBR_R6C10.DOA8 to      R5C10B.D1 system/cpu/engine/a_select_2[0]
CTOF_DEL    ---     0.495      R5C10B.D1 to      R5C10B.F1 system/cpu/engine/SLICE_652
ROUTE         1     1.051      R5C10B.F1 to      R7C10D.A1 system/cpu/engine/un6_select_register[1]
CTOF_DEL    ---     0.495      R7C10D.A1 to      R7C10D.F1 system/cpu/engine/SLICE_528
ROUTE        18     1.476      R7C10D.F1 to      R7C11A.B0 system/cpu/engine/un30_d_axb1
CTOF_DEL    ---     0.495      R7C11A.B0 to      R7C11A.F0 system/cpu/engine/dp/rf/words_ram_2/SLICE_47
ROUTE        16     1.452      R7C11A.F0 to      R8C11D.B1 system/address[12]
CTOF_DEL    ---     0.495      R8C11D.B1 to      R8C11D.F1 system/bus/SLICE_482
ROUTE         1     0.436      R8C11D.F1 to      R8C11D.C0 system/bus/un1_address_30_2
CTOF_DEL    ---     0.495      R8C11D.C0 to      R8C11D.F0 system/bus/SLICE_482
ROUTE         1     1.072      R8C11D.F0 to      R9C13C.D1 system/bus/un1_address_30_4
CTOF_DEL    ---     0.495      R9C13C.D1 to      R9C13C.F1 system/bus/SLICE_472
ROUTE         4     0.981      R9C13C.F1 to      R8C11C.D1 system/bus/un1_address_30
CTOF_DEL    ---     0.495      R8C11C.D1 to      R8C11C.F1 system/bus/SLICE_465
ROUTE         3     0.453      R8C11C.F1 to      R8C11C.C0 system/bus/immediate_io_response_3
CTOF_DEL    ---     0.495      R8C11C.C0 to      R8C11C.F0 system/bus/SLICE_465
ROUTE         2     0.965      R8C11C.F0 to      R8C14B.D0 system/bus/immediate_io_responsedupdup
CTOF_DEL    ---     0.495      R8C14B.D0 to      R8C14B.F0 SLICE_381
ROUTE         3     0.445      R8C14B.F0 to      R8C14B.C1 system/acknowledgedupdup
CTOF_DEL    ---     0.495      R8C14B.C1 to      R8C14B.F1 SLICE_381
ROUTE         2     1.030      R8C14B.F1 to      R8C12A.B1 system/cpu/engine/acknowledgedupdup_0
CTOF_DEL    ---     0.495      R8C12A.B1 to      R8C12A.F1 system/cpu/engine/SLICE_498
ROUTE         9     1.742      R8C12A.F1 to       R4C9B.D1 system/cpu/engine/un1_bus_fault_2dupdup
CTOF_DEL    ---     0.495       R4C9B.D1 to       R4C9B.F1 system/cpu/engine/SLICE_497
ROUTE         3     0.453       R4C9B.F1 to       R4C9B.C0 system/cpu/engine/fault_redirectdup
CTOF_DEL    ---     0.495       R4C9B.C0 to       R4C9B.F0 system/cpu/engine/SLICE_497
ROUTE         7     0.666       R4C9B.F0 to       R4C9A.D1 system/cpu/engine/seq/next_address_1_sqmuxa_1
CTOF_DEL    ---     0.495       R4C9A.D1 to       R4C9A.F1 system/cpu/engine/seq/SLICE_507
ROUTE         1     0.693       R4C9A.F1 to       R4C9A.B0 system/cpu/engine/seq/next_address_0_iv_0[0]
CTOF_DEL    ---     0.495       R4C9A.B0 to       R4C9A.F0 system/cpu/engine/seq/SLICE_507
ROUTE         1     0.766       R4C9A.F0 to       R3C9A.C0 system/cpu/engine/seq/next_address_0_iv_5[0]
CTOF_DEL    ---     0.495       R3C9A.C0 to       R3C9A.F0 system/cpu/engine/seq/SLICE_502
ROUTE         1     0.986       R3C9A.F0 to       R5C9C.A0 system/cpu/engine/seq/next_address_0_iv_7[0]
CTOF_DEL    ---     0.495       R5C9C.A0 to       R5C9C.F0 system/cpu/engine/seq/SLICE_241
ROUTE         5     1.879       R5C9C.F0 to  EBR_R6C4.ADA3 system/cpu/engine/next_address_0_iv_i[0] (to clk)
                  --------
                   31.116   (43.0% logic, 57.0% route), 18 logic levels.

 Clock Skew Details: 

      Source Clock Path oscillator to system/cpu/engine/rom/lane_2:

   Name    Fanout   Delay (ns)          Site               Resource
ROUTE       245     3.714        OSC.OSC to EBR_R6C10.CLKA clk
                  --------
                    3.714   (0.0% logic, 100.0% route), 0 logic levels.

      Destination Clock Path oscillator to system/cpu/engine/rom/lane_0:

   Name    Fanout   Delay (ns)          Site               Resource
ROUTE       245     3.714        OSC.OSC to  EBR_R6C4.CLKA clk
                  --------
                    3.714   (0.0% logic, 100.0% route), 0 logic levels.


Passed: The following path meets requirements by 0.333ns

 Logical Details:  Cell type  Pin type       Cell/ASIC name  (clock net +/-)

   Source:         DP8KC      Port           system/cpu/engine/rom/lane_2(ASIC)  (from clk +)
   Destination:    DP8KC      Port           system/cpu/engine/rom/lane_1(ASIC)  (to clk +)

   Delay:              31.116ns  (43.0% logic, 57.0% route), 18 logic levels.

 Constraint Details:

     31.116ns physical path delay system/cpu/engine/rom/lane_2 to system/cpu/engine/rom/lane_1 meets
     31.423ns delay constraint less
      0.000ns skew and
     -0.026ns ADDR_SET requirement (totaling 31.449ns) by 0.333ns

 Physical Path Details:

      Data path system/cpu/engine/rom/lane_2 to system/cpu/engine/rom/lane_1:

   Name    Fanout   Delay (ns)          Site               Resource
C2Q_DEL     ---     4.979 EBR_R6C10.CLKA to EBR_R6C10.DOA8 system/cpu/engine/rom/lane_2 (from clk)
ROUTE         4     1.176 EBR_R6C10.DOA8 to      R5C10B.D1 system/cpu/engine/a_select_2[0]
CTOF_DEL    ---     0.495      R5C10B.D1 to      R5C10B.F1 system/cpu/engine/SLICE_652
ROUTE         1     1.051      R5C10B.F1 to      R7C10D.A1 system/cpu/engine/un6_select_register[1]
CTOF_DEL    ---     0.495      R7C10D.A1 to      R7C10D.F1 system/cpu/engine/SLICE_528
ROUTE        18     1.476      R7C10D.F1 to      R7C11A.B0 system/cpu/engine/un30_d_axb1
CTOF_DEL    ---     0.495      R7C11A.B0 to      R7C11A.F0 system/cpu/engine/dp/rf/words_ram_2/SLICE_47
ROUTE        16     1.452      R7C11A.F0 to      R8C11D.B1 system/address[12]
CTOF_DEL    ---     0.495      R8C11D.B1 to      R8C11D.F1 system/bus/SLICE_482
ROUTE         1     0.436      R8C11D.F1 to      R8C11D.C0 system/bus/un1_address_30_2
CTOF_DEL    ---     0.495      R8C11D.C0 to      R8C11D.F0 system/bus/SLICE_482
ROUTE         1     1.072      R8C11D.F0 to      R9C13C.D1 system/bus/un1_address_30_4
CTOF_DEL    ---     0.495      R9C13C.D1 to      R9C13C.F1 system/bus/SLICE_472
ROUTE         4     0.981      R9C13C.F1 to      R8C11C.D1 system/bus/un1_address_30
CTOF_DEL    ---     0.495      R8C11C.D1 to      R8C11C.F1 system/bus/SLICE_465
ROUTE         3     0.453      R8C11C.F1 to      R8C11C.C0 system/bus/immediate_io_response_3
CTOF_DEL    ---     0.495      R8C11C.C0 to      R8C11C.F0 system/bus/SLICE_465
ROUTE         2     0.965      R8C11C.F0 to      R8C14B.D0 system/bus/immediate_io_responsedupdup
CTOF_DEL    ---     0.495      R8C14B.D0 to      R8C14B.F0 SLICE_381
ROUTE         3     0.445      R8C14B.F0 to      R8C14B.C1 system/acknowledgedupdup
CTOF_DEL    ---     0.495      R8C14B.C1 to      R8C14B.F1 SLICE_381
ROUTE         2     1.030      R8C14B.F1 to      R8C12A.B1 system/cpu/engine/acknowledgedupdup_0
CTOF_DEL    ---     0.495      R8C12A.B1 to      R8C12A.F1 system/cpu/engine/SLICE_498
ROUTE         9     1.742      R8C12A.F1 to       R4C9B.D1 system/cpu/engine/un1_bus_fault_2dupdup
CTOF_DEL    ---     0.495       R4C9B.D1 to       R4C9B.F1 system/cpu/engine/SLICE_497
ROUTE         3     0.453       R4C9B.F1 to       R4C9B.C0 system/cpu/engine/fault_redirectdup
CTOF_DEL    ---     0.495       R4C9B.C0 to       R4C9B.F0 system/cpu/engine/SLICE_497
ROUTE         7     0.666       R4C9B.F0 to       R4C9A.D1 system/cpu/engine/seq/next_address_1_sqmuxa_1
CTOF_DEL    ---     0.495       R4C9A.D1 to       R4C9A.F1 system/cpu/engine/seq/SLICE_507
ROUTE         1     0.693       R4C9A.F1 to       R4C9A.B0 system/cpu/engine/seq/next_address_0_iv_0[0]
CTOF_DEL    ---     0.495       R4C9A.B0 to       R4C9A.F0 system/cpu/engine/seq/SLICE_507
ROUTE         1     0.766       R4C9A.F0 to       R3C9A.C0 system/cpu/engine/seq/next_address_0_iv_5[0]
CTOF_DEL    ---     0.495       R3C9A.C0 to       R3C9A.F0 system/cpu/engine/seq/SLICE_502
ROUTE         1     0.986       R3C9A.F0 to       R5C9C.A0 system/cpu/engine/seq/next_address_0_iv_7[0]
CTOF_DEL    ---     0.495       R5C9C.A0 to       R5C9C.F0 system/cpu/engine/seq/SLICE_241
ROUTE         5     1.879       R5C9C.F0 to  EBR_R6C1.ADA3 system/cpu/engine/next_address_0_iv_i[0] (to clk)
                  --------
                   31.116   (43.0% logic, 57.0% route), 18 logic levels.

 Clock Skew Details: 

      Source Clock Path oscillator to system/cpu/engine/rom/lane_2:

   Name    Fanout   Delay (ns)          Site               Resource
ROUTE       245     3.714        OSC.OSC to EBR_R6C10.CLKA clk
                  --------
                    3.714   (0.0% logic, 100.0% route), 0 logic levels.

      Destination Clock Path oscillator to system/cpu/engine/rom/lane_1:

   Name    Fanout   Delay (ns)          Site               Resource
ROUTE       245     3.714        OSC.OSC to  EBR_R6C1.CLKA clk
                  --------
                    3.714   (0.0% logic, 100.0% route), 0 logic levels.


Passed: The following path meets requirements by 0.357ns

 Logical Details:  Cell type  Pin type       Cell/ASIC name  (clock net +/-)

   Source:         DP8KC      Port           system/cpu/engine/rom/lane_2(ASIC)  (from clk +)
   Destination:    DP8KC      Port           system/cpu/engine/rom/lane_3(ASIC)  (to clk +)

   Delay:              31.092ns  (43.1% logic, 56.9% route), 18 logic levels.

 Constraint Details:

     31.092ns physical path delay system/cpu/engine/rom/lane_2 to system/cpu/engine/rom/lane_3 meets
     31.423ns delay constraint less
      0.000ns skew and
     -0.026ns ADDR_SET requirement (totaling 31.449ns) by 0.357ns

 Physical Path Details:

      Data path system/cpu/engine/rom/lane_2 to system/cpu/engine/rom/lane_3:

   Name    Fanout   Delay (ns)          Site               Resource
C2Q_DEL     ---     4.979 EBR_R6C10.CLKA to EBR_R6C10.DOA8 system/cpu/engine/rom/lane_2 (from clk)
ROUTE         4     1.176 EBR_R6C10.DOA8 to      R5C10B.D1 system/cpu/engine/a_select_2[0]
CTOF_DEL    ---     0.495      R5C10B.D1 to      R5C10B.F1 system/cpu/engine/SLICE_652
ROUTE         1     1.051      R5C10B.F1 to      R7C10D.A1 system/cpu/engine/un6_select_register[1]
CTOF_DEL    ---     0.495      R7C10D.A1 to      R7C10D.F1 system/cpu/engine/SLICE_528
ROUTE        18     1.476      R7C10D.F1 to      R7C11A.B0 system/cpu/engine/un30_d_axb1
CTOF_DEL    ---     0.495      R7C11A.B0 to      R7C11A.F0 system/cpu/engine/dp/rf/words_ram_2/SLICE_47
ROUTE        16     1.452      R7C11A.F0 to      R8C11D.B1 system/address[12]
CTOF_DEL    ---     0.495      R8C11D.B1 to      R8C11D.F1 system/bus/SLICE_482
ROUTE         1     0.436      R8C11D.F1 to      R8C11D.C0 system/bus/un1_address_30_2
CTOF_DEL    ---     0.495      R8C11D.C0 to      R8C11D.F0 system/bus/SLICE_482
ROUTE         1     1.072      R8C11D.F0 to      R9C13C.D1 system/bus/un1_address_30_4
CTOF_DEL    ---     0.495      R9C13C.D1 to      R9C13C.F1 system/bus/SLICE_472
ROUTE         4     0.981      R9C13C.F1 to      R8C11C.D1 system/bus/un1_address_30
CTOF_DEL    ---     0.495      R8C11C.D1 to      R8C11C.F1 system/bus/SLICE_465
ROUTE         3     0.453      R8C11C.F1 to      R8C11C.C0 system/bus/immediate_io_response_3
CTOF_DEL    ---     0.495      R8C11C.C0 to      R8C11C.F0 system/bus/SLICE_465
ROUTE         2     0.965      R8C11C.F0 to      R8C14B.D0 system/bus/immediate_io_responsedupdup
CTOF_DEL    ---     0.495      R8C14B.D0 to      R8C14B.F0 SLICE_381
ROUTE         3     0.445      R8C14B.F0 to      R8C14B.C1 system/acknowledgedupdup
CTOF_DEL    ---     0.495      R8C14B.C1 to      R8C14B.F1 SLICE_381
ROUTE         2     1.030      R8C14B.F1 to      R8C12A.B1 system/cpu/engine/acknowledgedupdup_0
CTOF_DEL    ---     0.495      R8C12A.B1 to      R8C12A.F1 system/cpu/engine/SLICE_498
ROUTE         9     0.643      R8C12A.F1 to      R8C12A.D0 system/cpu/engine/un1_bus_fault_2dupdup
CTOF_DEL    ---     0.495      R8C12A.D0 to      R8C12A.F0 system/cpu/engine/SLICE_498
ROUTE         3     1.311      R8C12A.F0 to      R5C10D.C1 system/cpu/engine/seq/next_address_2_sqmuxa_1
CTOF_DEL    ---     0.495      R5C10D.C1 to      R5C10D.F1 system/cpu/engine/seq/SLICE_516
ROUTE        10     0.670      R5C10D.F1 to      R4C10A.D0 system/cpu/engine/seq/next_address_7_sqmuxa
CTOF_DEL    ---     0.495      R4C10A.D0 to      R4C10A.F0 system/cpu/engine/SLICE_525
ROUTE         1     0.766      R4C10A.F0 to       R4C8A.C0 system/cpu/engine/seq/dispatch_address_m[9]
CTOF_DEL    ---     0.495       R4C8A.C0 to       R4C8A.F0 system/cpu/engine/seq/SLICE_520
ROUTE         1     1.079       R4C8A.F0 to       R3C9B.C0 system/cpu/engine/seq/next_address_2_iv_1[9]
CTOF_DEL    ---     0.495       R3C9B.C0 to       R3C9B.F0 system/cpu/engine/seq/SLICE_511
ROUTE         1     1.079       R3C9B.F0 to       R5C8D.C1 system/cpu/engine/seq/next_address_2_iv_3[9]
CTOF_DEL    ---     0.495       R5C8D.C1 to       R5C8D.F1 system/cpu/engine/seq/SLICE_245
ROUTE         5     1.613       R5C8D.F1 to EBR_R6C7.ADA12 system/cpu/engine/next_address[9] (to clk)
                  --------
                   31.092   (43.1% logic, 56.9% route), 18 logic levels.

 Clock Skew Details: 

      Source Clock Path oscillator to system/cpu/engine/rom/lane_2:

   Name    Fanout   Delay (ns)          Site               Resource
ROUTE       245     3.714        OSC.OSC to EBR_R6C10.CLKA clk
                  --------
                    3.714   (0.0% logic, 100.0% route), 0 logic levels.

      Destination Clock Path oscillator to system/cpu/engine/rom/lane_3:

   Name    Fanout   Delay (ns)          Site               Resource
ROUTE       245     3.714        OSC.OSC to  EBR_R6C7.CLKA clk
                  --------
                    3.714   (0.0% logic, 100.0% route), 0 logic levels.


Passed: The following path meets requirements by 0.460ns

 Logical Details:  Cell type  Pin type       Cell/ASIC name  (clock net +/-)

   Source:         DP8KC      Port           system/cpu/engine/rom/lane_2(ASIC)  (from clk +)
   Destination:    DP8KC      Port           system/cpu/engine/rom/lane_1(ASIC)  (to clk +)

   Delay:              30.989ns  (43.2% logic, 56.8% route), 18 logic levels.

 Constraint Details:

     30.989ns physical path delay system/cpu/engine/rom/lane_2 to system/cpu/engine/rom/lane_1 meets
     31.423ns delay constraint less
      0.000ns skew and
     -0.026ns ADDR_SET requirement (totaling 31.449ns) by 0.460ns

 Physical Path Details:

      Data path system/cpu/engine/rom/lane_2 to system/cpu/engine/rom/lane_1:

   Name    Fanout   Delay (ns)          Site               Resource
C2Q_DEL     ---     4.979 EBR_R6C10.CLKA to EBR_R6C10.DOA8 system/cpu/engine/rom/lane_2 (from clk)
ROUTE         4     1.176 EBR_R6C10.DOA8 to      R5C10B.D1 system/cpu/engine/a_select_2[0]
CTOF_DEL    ---     0.495      R5C10B.D1 to      R5C10B.F1 system/cpu/engine/SLICE_652
ROUTE         1     1.051      R5C10B.F1 to      R7C10D.A1 system/cpu/engine/un6_select_register[1]
CTOF_DEL    ---     0.495      R7C10D.A1 to      R7C10D.F1 system/cpu/engine/SLICE_528
ROUTE        18     1.420      R7C10D.F1 to      R7C13A.B0 system/cpu/engine/un30_d_axb1
CTOF_DEL    ---     0.495      R7C13A.B0 to      R7C13A.F0 system/cpu/engine/dp/rf/words_ram_0/SLICE_53
ROUTE        20     0.799      R7C13A.F0 to      R7C11D.C1 system/address[4]
CTOF_DEL    ---     0.495      R7C11D.C1 to      R7C11D.F1 system/bus/SLICE_449
ROUTE         5     1.018      R7C11D.F1 to      R8C11D.B0 system/bus/rk_ds_selected_2
CTOF_DEL    ---     0.495      R8C11D.B0 to      R8C11D.F0 system/bus/SLICE_482
ROUTE         1     1.072      R8C11D.F0 to      R9C13C.D1 system/bus/un1_address_30_4
CTOF_DEL    ---     0.495      R9C13C.D1 to      R9C13C.F1 system/bus/SLICE_472
ROUTE         4     0.981      R9C13C.F1 to      R8C11C.D1 system/bus/un1_address_30
CTOF_DEL    ---     0.495      R8C11C.D1 to      R8C11C.F1 system/bus/SLICE_465
ROUTE         3     0.453      R8C11C.F1 to      R8C11C.C0 system/bus/immediate_io_response_3
CTOF_DEL    ---     0.495      R8C11C.C0 to      R8C11C.F0 system/bus/SLICE_465
ROUTE         2     0.965      R8C11C.F0 to      R8C14B.D0 system/bus/immediate_io_responsedupdup
CTOF_DEL    ---     0.495      R8C14B.D0 to      R8C14B.F0 SLICE_381
ROUTE         3     0.445      R8C14B.F0 to      R8C14B.C1 system/acknowledgedupdup
CTOF_DEL    ---     0.495      R8C14B.C1 to      R8C14B.F1 SLICE_381
ROUTE         2     1.030      R8C14B.F1 to      R8C12A.B1 system/cpu/engine/acknowledgedupdup_0
CTOF_DEL    ---     0.495      R8C12A.B1 to      R8C12A.F1 system/cpu/engine/SLICE_498
ROUTE         9     1.742      R8C12A.F1 to       R4C9B.D1 system/cpu/engine/un1_bus_fault_2dupdup
CTOF_DEL    ---     0.495       R4C9B.D1 to       R4C9B.F1 system/cpu/engine/SLICE_497
ROUTE         3     0.453       R4C9B.F1 to       R4C9B.C0 system/cpu/engine/fault_redirectdup
CTOF_DEL    ---     0.495       R4C9B.C0 to       R4C9B.F0 system/cpu/engine/SLICE_497
ROUTE         7     0.666       R4C9B.F0 to       R4C9A.D1 system/cpu/engine/seq/next_address_1_sqmuxa_1
CTOF_DEL    ---     0.495       R4C9A.D1 to       R4C9A.F1 system/cpu/engine/seq/SLICE_507
ROUTE         1     0.693       R4C9A.F1 to       R4C9A.B0 system/cpu/engine/seq/next_address_0_iv_0[0]
CTOF_DEL    ---     0.495       R4C9A.B0 to       R4C9A.F0 system/cpu/engine/seq/SLICE_507
ROUTE         1     0.766       R4C9A.F0 to       R3C9A.C0 system/cpu/engine/seq/next_address_0_iv_5[0]
CTOF_DEL    ---     0.495       R3C9A.C0 to       R3C9A.F0 system/cpu/engine/seq/SLICE_502
ROUTE         1     0.986       R3C9A.F0 to       R5C9C.A0 system/cpu/engine/seq/next_address_0_iv_7[0]
CTOF_DEL    ---     0.495       R5C9C.A0 to       R5C9C.F0 system/cpu/engine/seq/SLICE_241
ROUTE         5     1.879       R5C9C.F0 to  EBR_R6C1.ADA3 system/cpu/engine/next_address_0_iv_i[0] (to clk)
                  --------
                   30.989   (43.2% logic, 56.8% route), 18 logic levels.

 Clock Skew Details: 

      Source Clock Path oscillator to system/cpu/engine/rom/lane_2:

   Name    Fanout   Delay (ns)          Site               Resource
ROUTE       245     3.714        OSC.OSC to EBR_R6C10.CLKA clk
                  --------
                    3.714   (0.0% logic, 100.0% route), 0 logic levels.

      Destination Clock Path oscillator to system/cpu/engine/rom/lane_1:

   Name    Fanout   Delay (ns)          Site               Resource
ROUTE       245     3.714        OSC.OSC to  EBR_R6C1.CLKA clk
                  --------
                    3.714   (0.0% logic, 100.0% route), 0 logic levels.


Passed: The following path meets requirements by 0.460ns

 Logical Details:  Cell type  Pin type       Cell/ASIC name  (clock net +/-)

   Source:         DP8KC      Port           system/cpu/engine/rom/lane_2(ASIC)  (from clk +)
   Destination:    DP8KC      Port           system/cpu/engine/rom/lane_0(ASIC)  (to clk +)

   Delay:              30.989ns  (43.2% logic, 56.8% route), 18 logic levels.

 Constraint Details:

     30.989ns physical path delay system/cpu/engine/rom/lane_2 to system/cpu/engine/rom/lane_0 meets
     31.423ns delay constraint less
      0.000ns skew and
     -0.026ns ADDR_SET requirement (totaling 31.449ns) by 0.460ns

 Physical Path Details:

      Data path system/cpu/engine/rom/lane_2 to system/cpu/engine/rom/lane_0:

   Name    Fanout   Delay (ns)          Site               Resource
C2Q_DEL     ---     4.979 EBR_R6C10.CLKA to EBR_R6C10.DOA8 system/cpu/engine/rom/lane_2 (from clk)
ROUTE         4     1.176 EBR_R6C10.DOA8 to      R5C10B.D1 system/cpu/engine/a_select_2[0]
CTOF_DEL    ---     0.495      R5C10B.D1 to      R5C10B.F1 system/cpu/engine/SLICE_652
ROUTE         1     1.051      R5C10B.F1 to      R7C10D.A1 system/cpu/engine/un6_select_register[1]
CTOF_DEL    ---     0.495      R7C10D.A1 to      R7C10D.F1 system/cpu/engine/SLICE_528
ROUTE        18     1.420      R7C10D.F1 to      R7C13A.B0 system/cpu/engine/un30_d_axb1
CTOF_DEL    ---     0.495      R7C13A.B0 to      R7C13A.F0 system/cpu/engine/dp/rf/words_ram_0/SLICE_53
ROUTE        20     0.799      R7C13A.F0 to      R7C11D.C1 system/address[4]
CTOF_DEL    ---     0.495      R7C11D.C1 to      R7C11D.F1 system/bus/SLICE_449
ROUTE         5     1.018      R7C11D.F1 to      R8C11D.B0 system/bus/rk_ds_selected_2
CTOF_DEL    ---     0.495      R8C11D.B0 to      R8C11D.F0 system/bus/SLICE_482
ROUTE         1     1.072      R8C11D.F0 to      R9C13C.D1 system/bus/un1_address_30_4
CTOF_DEL    ---     0.495      R9C13C.D1 to      R9C13C.F1 system/bus/SLICE_472
ROUTE         4     0.981      R9C13C.F1 to      R8C11C.D1 system/bus/un1_address_30
CTOF_DEL    ---     0.495      R8C11C.D1 to      R8C11C.F1 system/bus/SLICE_465
ROUTE         3     0.453      R8C11C.F1 to      R8C11C.C0 system/bus/immediate_io_response_3
CTOF_DEL    ---     0.495      R8C11C.C0 to      R8C11C.F0 system/bus/SLICE_465
ROUTE         2     0.965      R8C11C.F0 to      R8C14B.D0 system/bus/immediate_io_responsedupdup
CTOF_DEL    ---     0.495      R8C14B.D0 to      R8C14B.F0 SLICE_381
ROUTE         3     0.445      R8C14B.F0 to      R8C14B.C1 system/acknowledgedupdup
CTOF_DEL    ---     0.495      R8C14B.C1 to      R8C14B.F1 SLICE_381
ROUTE         2     1.030      R8C14B.F1 to      R8C12A.B1 system/cpu/engine/acknowledgedupdup_0
CTOF_DEL    ---     0.495      R8C12A.B1 to      R8C12A.F1 system/cpu/engine/SLICE_498
ROUTE         9     1.742      R8C12A.F1 to       R4C9B.D1 system/cpu/engine/un1_bus_fault_2dupdup
CTOF_DEL    ---     0.495       R4C9B.D1 to       R4C9B.F1 system/cpu/engine/SLICE_497
ROUTE         3     0.453       R4C9B.F1 to       R4C9B.C0 system/cpu/engine/fault_redirectdup
CTOF_DEL    ---     0.495       R4C9B.C0 to       R4C9B.F0 system/cpu/engine/SLICE_497
ROUTE         7     0.666       R4C9B.F0 to       R4C9A.D1 system/cpu/engine/seq/next_address_1_sqmuxa_1
CTOF_DEL    ---     0.495       R4C9A.D1 to       R4C9A.F1 system/cpu/engine/seq/SLICE_507
ROUTE         1     0.693       R4C9A.F1 to       R4C9A.B0 system/cpu/engine/seq/next_address_0_iv_0[0]
CTOF_DEL    ---     0.495       R4C9A.B0 to       R4C9A.F0 system/cpu/engine/seq/SLICE_507
ROUTE         1     0.766       R4C9A.F0 to       R3C9A.C0 system/cpu/engine/seq/next_address_0_iv_5[0]
CTOF_DEL    ---     0.495       R3C9A.C0 to       R3C9A.F0 system/cpu/engine/seq/SLICE_502
ROUTE         1     0.986       R3C9A.F0 to       R5C9C.A0 system/cpu/engine/seq/next_address_0_iv_7[0]
CTOF_DEL    ---     0.495       R5C9C.A0 to       R5C9C.F0 system/cpu/engine/seq/SLICE_241
ROUTE         5     1.879       R5C9C.F0 to  EBR_R6C4.ADA3 system/cpu/engine/next_address_0_iv_i[0] (to clk)
                  --------
                   30.989   (43.2% logic, 56.8% route), 18 logic levels.

 Clock Skew Details: 

      Source Clock Path oscillator to system/cpu/engine/rom/lane_2:

   Name    Fanout   Delay (ns)          Site               Resource
ROUTE       245     3.714        OSC.OSC to EBR_R6C10.CLKA clk
                  --------
                    3.714   (0.0% logic, 100.0% route), 0 logic levels.

      Destination Clock Path oscillator to system/cpu/engine/rom/lane_0:

   Name    Fanout   Delay (ns)          Site               Resource
ROUTE       245     3.714        OSC.OSC to  EBR_R6C4.CLKA clk
                  --------
                    3.714   (0.0% logic, 100.0% route), 0 logic levels.


Passed: The following path meets requirements by 0.484ns

 Logical Details:  Cell type  Pin type       Cell/ASIC name  (clock net +/-)

   Source:         DP8KC      Port           system/cpu/engine/rom/lane_2(ASIC)  (from clk +)
   Destination:    DP8KC      Port           system/cpu/engine/rom/lane_3(ASIC)  (to clk +)

   Delay:              30.965ns  (43.3% logic, 56.7% route), 18 logic levels.

 Constraint Details:

     30.965ns physical path delay system/cpu/engine/rom/lane_2 to system/cpu/engine/rom/lane_3 meets
     31.423ns delay constraint less
      0.000ns skew and
     -0.026ns ADDR_SET requirement (totaling 31.449ns) by 0.484ns

 Physical Path Details:

      Data path system/cpu/engine/rom/lane_2 to system/cpu/engine/rom/lane_3:

   Name    Fanout   Delay (ns)          Site               Resource
C2Q_DEL     ---     4.979 EBR_R6C10.CLKA to EBR_R6C10.DOA8 system/cpu/engine/rom/lane_2 (from clk)
ROUTE         4     1.176 EBR_R6C10.DOA8 to      R5C10B.D1 system/cpu/engine/a_select_2[0]
CTOF_DEL    ---     0.495      R5C10B.D1 to      R5C10B.F1 system/cpu/engine/SLICE_652
ROUTE         1     1.051      R5C10B.F1 to      R7C10D.A1 system/cpu/engine/un6_select_register[1]
CTOF_DEL    ---     0.495      R7C10D.A1 to      R7C10D.F1 system/cpu/engine/SLICE_528
ROUTE        18     1.420      R7C10D.F1 to      R7C13A.B0 system/cpu/engine/un30_d_axb1
CTOF_DEL    ---     0.495      R7C13A.B0 to      R7C13A.F0 system/cpu/engine/dp/rf/words_ram_0/SLICE_53
ROUTE        20     0.799      R7C13A.F0 to      R7C11D.C1 system/address[4]
CTOF_DEL    ---     0.495      R7C11D.C1 to      R7C11D.F1 system/bus/SLICE_449
ROUTE         5     1.018      R7C11D.F1 to      R8C11D.B0 system/bus/rk_ds_selected_2
CTOF_DEL    ---     0.495      R8C11D.B0 to      R8C11D.F0 system/bus/SLICE_482
ROUTE         1     1.072      R8C11D.F0 to      R9C13C.D1 system/bus/un1_address_30_4
CTOF_DEL    ---     0.495      R9C13C.D1 to      R9C13C.F1 system/bus/SLICE_472
ROUTE         4     0.981      R9C13C.F1 to      R8C11C.D1 system/bus/un1_address_30
CTOF_DEL    ---     0.495      R8C11C.D1 to      R8C11C.F1 system/bus/SLICE_465
ROUTE         3     0.453      R8C11C.F1 to      R8C11C.C0 system/bus/immediate_io_response_3
CTOF_DEL    ---     0.495      R8C11C.C0 to      R8C11C.F0 system/bus/SLICE_465
ROUTE         2     0.965      R8C11C.F0 to      R8C14B.D0 system/bus/immediate_io_responsedupdup
CTOF_DEL    ---     0.495      R8C14B.D0 to      R8C14B.F0 SLICE_381
ROUTE         3     0.445      R8C14B.F0 to      R8C14B.C1 system/acknowledgedupdup
CTOF_DEL    ---     0.495      R8C14B.C1 to      R8C14B.F1 SLICE_381
ROUTE         2     1.030      R8C14B.F1 to      R8C12A.B1 system/cpu/engine/acknowledgedupdup_0
CTOF_DEL    ---     0.495      R8C12A.B1 to      R8C12A.F1 system/cpu/engine/SLICE_498
ROUTE         9     0.643      R8C12A.F1 to      R8C12A.D0 system/cpu/engine/un1_bus_fault_2dupdup
CTOF_DEL    ---     0.495      R8C12A.D0 to      R8C12A.F0 system/cpu/engine/SLICE_498
ROUTE         3     1.311      R8C12A.F0 to      R5C10D.C1 system/cpu/engine/seq/next_address_2_sqmuxa_1
CTOF_DEL    ---     0.495      R5C10D.C1 to      R5C10D.F1 system/cpu/engine/seq/SLICE_516
ROUTE        10     0.670      R5C10D.F1 to      R4C10A.D0 system/cpu/engine/seq/next_address_7_sqmuxa
CTOF_DEL    ---     0.495      R4C10A.D0 to      R4C10A.F0 system/cpu/engine/SLICE_525
ROUTE         1     0.766      R4C10A.F0 to       R4C8A.C0 system/cpu/engine/seq/dispatch_address_m[9]
CTOF_DEL    ---     0.495       R4C8A.C0 to       R4C8A.F0 system/cpu/engine/seq/SLICE_520
ROUTE         1     1.079       R4C8A.F0 to       R3C9B.C0 system/cpu/engine/seq/next_address_2_iv_1[9]
CTOF_DEL    ---     0.495       R3C9B.C0 to       R3C9B.F0 system/cpu/engine/seq/SLICE_511
ROUTE         1     1.079       R3C9B.F0 to       R5C8D.C1 system/cpu/engine/seq/next_address_2_iv_3[9]
CTOF_DEL    ---     0.495       R5C8D.C1 to       R5C8D.F1 system/cpu/engine/seq/SLICE_245
ROUTE         5     1.613       R5C8D.F1 to EBR_R6C7.ADA12 system/cpu/engine/next_address[9] (to clk)
                  --------
                   30.965   (43.3% logic, 56.7% route), 18 logic levels.

 Clock Skew Details: 

      Source Clock Path oscillator to system/cpu/engine/rom/lane_2:

   Name    Fanout   Delay (ns)          Site               Resource
ROUTE       245     3.714        OSC.OSC to EBR_R6C10.CLKA clk
                  --------
                    3.714   (0.0% logic, 100.0% route), 0 logic levels.

      Destination Clock Path oscillator to system/cpu/engine/rom/lane_3:

   Name    Fanout   Delay (ns)          Site               Resource
ROUTE       245     3.714        OSC.OSC to  EBR_R6C7.CLKA clk
                  --------
                    3.714   (0.0% logic, 100.0% route), 0 logic levels.


Passed: The following path meets requirements by 0.508ns

 Logical Details:  Cell type  Pin type       Cell/ASIC name  (clock net +/-)

   Source:         DP8KC      Port           system/cpu/engine/rom/lane_2(ASIC)  (from clk +)
   Destination:    DP8KC      Port           system/cpu/engine/rom/lane_1(ASIC)  (to clk +)

   Delay:              30.941ns  (43.3% logic, 56.7% route), 18 logic levels.

 Constraint Details:

     30.941ns physical path delay system/cpu/engine/rom/lane_2 to system/cpu/engine/rom/lane_1 meets
     31.423ns delay constraint less
      0.000ns skew and
     -0.026ns ADDR_SET requirement (totaling 31.449ns) by 0.508ns

 Physical Path Details:

      Data path system/cpu/engine/rom/lane_2 to system/cpu/engine/rom/lane_1:

   Name    Fanout   Delay (ns)          Site               Resource
C2Q_DEL     ---     4.979 EBR_R6C10.CLKA to EBR_R6C10.DOA8 system/cpu/engine/rom/lane_2 (from clk)
ROUTE         4     1.176 EBR_R6C10.DOA8 to      R5C10B.D1 system/cpu/engine/a_select_2[0]
CTOF_DEL    ---     0.495      R5C10B.D1 to      R5C10B.F1 system/cpu/engine/SLICE_652
ROUTE         1     1.051      R5C10B.F1 to      R7C10D.A1 system/cpu/engine/un6_select_register[1]
CTOF_DEL    ---     0.495      R7C10D.A1 to      R7C10D.F1 system/cpu/engine/SLICE_528
ROUTE        18     1.476      R7C10D.F1 to      R7C11A.B0 system/cpu/engine/un30_d_axb1
CTOF_DEL    ---     0.495      R7C11A.B0 to      R7C11A.F0 system/cpu/engine/dp/rf/words_ram_2/SLICE_47
ROUTE        16     1.452      R7C11A.F0 to      R8C11D.B1 system/address[12]
CTOF_DEL    ---     0.495      R8C11D.B1 to      R8C11D.F1 system/bus/SLICE_482
ROUTE         1     0.436      R8C11D.F1 to      R8C11D.C0 system/bus/un1_address_30_2
CTOF_DEL    ---     0.495      R8C11D.C0 to      R8C11D.F0 system/bus/SLICE_482
ROUTE         1     1.072      R8C11D.F0 to      R9C13C.D1 system/bus/un1_address_30_4
CTOF_DEL    ---     0.495      R9C13C.D1 to      R9C13C.F1 system/bus/SLICE_472
ROUTE         4     0.981      R9C13C.F1 to      R8C11C.D1 system/bus/un1_address_30
CTOF_DEL    ---     0.495      R8C11C.D1 to      R8C11C.F1 system/bus/SLICE_465
ROUTE         3     0.453      R8C11C.F1 to      R8C11C.C0 system/bus/immediate_io_response_3
CTOF_DEL    ---     0.495      R8C11C.C0 to      R8C11C.F0 system/bus/SLICE_465
ROUTE         2     0.965      R8C11C.F0 to      R8C14B.D0 system/bus/immediate_io_responsedupdup
CTOF_DEL    ---     0.495      R8C14B.D0 to      R8C14B.F0 SLICE_381
ROUTE         3     0.445      R8C14B.F0 to      R8C14B.C1 system/acknowledgedupdup
CTOF_DEL    ---     0.495      R8C14B.C1 to      R8C14B.F1 SLICE_381
ROUTE         2     1.030      R8C14B.F1 to      R8C12A.B1 system/cpu/engine/acknowledgedupdup_0
CTOF_DEL    ---     0.495      R8C12A.B1 to      R8C12A.F1 system/cpu/engine/SLICE_498
ROUTE         9     0.643      R8C12A.F1 to      R8C12A.D0 system/cpu/engine/un1_bus_fault_2dupdup
CTOF_DEL    ---     0.495      R8C12A.D0 to      R8C12A.F0 system/cpu/engine/SLICE_498
ROUTE         3     1.311      R8C12A.F0 to      R5C10D.C1 system/cpu/engine/seq/next_address_2_sqmuxa_1
CTOF_DEL    ---     0.495      R5C10D.C1 to      R5C10D.F1 system/cpu/engine/seq/SLICE_516
ROUTE        10     0.670      R5C10D.F1 to      R4C10A.D0 system/cpu/engine/seq/next_address_7_sqmuxa
CTOF_DEL    ---     0.495      R4C10A.D0 to      R4C10A.F0 system/cpu/engine/SLICE_525
ROUTE         1     0.766      R4C10A.F0 to       R4C8A.C0 system/cpu/engine/seq/dispatch_address_m[9]
CTOF_DEL    ---     0.495       R4C8A.C0 to       R4C8A.F0 system/cpu/engine/seq/SLICE_520
ROUTE         1     1.079       R4C8A.F0 to       R3C9B.C0 system/cpu/engine/seq/next_address_2_iv_1[9]
CTOF_DEL    ---     0.495       R3C9B.C0 to       R3C9B.F0 system/cpu/engine/seq/SLICE_511
ROUTE         1     1.079       R3C9B.F0 to       R5C8D.C1 system/cpu/engine/seq/next_address_2_iv_3[9]
CTOF_DEL    ---     0.495       R5C8D.C1 to       R5C8D.F1 system/cpu/engine/seq/SLICE_245
ROUTE         5     1.462       R5C8D.F1 to EBR_R6C1.ADA12 system/cpu/engine/next_address[9] (to clk)
                  --------
                   30.941   (43.3% logic, 56.7% route), 18 logic levels.

 Clock Skew Details: 

      Source Clock Path oscillator to system/cpu/engine/rom/lane_2:

   Name    Fanout   Delay (ns)          Site               Resource
ROUTE       245     3.714        OSC.OSC to EBR_R6C10.CLKA clk
                  --------
                    3.714   (0.0% logic, 100.0% route), 0 logic levels.

      Destination Clock Path oscillator to system/cpu/engine/rom/lane_1:

   Name    Fanout   Delay (ns)          Site               Resource
ROUTE       245     3.714        OSC.OSC to  EBR_R6C1.CLKA clk
                  --------
                    3.714   (0.0% logic, 100.0% route), 0 logic levels.


Passed: The following path meets requirements by 0.508ns

 Logical Details:  Cell type  Pin type       Cell/ASIC name  (clock net +/-)

   Source:         DP8KC      Port           system/cpu/engine/rom/lane_2(ASIC)  (from clk +)
   Destination:    DP8KC      Port           system/cpu/engine/rom/lane_0(ASIC)  (to clk +)

   Delay:              30.941ns  (43.3% logic, 56.7% route), 18 logic levels.

 Constraint Details:

     30.941ns physical path delay system/cpu/engine/rom/lane_2 to system/cpu/engine/rom/lane_0 meets
     31.423ns delay constraint less
      0.000ns skew and
     -0.026ns ADDR_SET requirement (totaling 31.449ns) by 0.508ns

 Physical Path Details:

      Data path system/cpu/engine/rom/lane_2 to system/cpu/engine/rom/lane_0:

   Name    Fanout   Delay (ns)          Site               Resource
C2Q_DEL     ---     4.979 EBR_R6C10.CLKA to EBR_R6C10.DOA8 system/cpu/engine/rom/lane_2 (from clk)
ROUTE         4     1.176 EBR_R6C10.DOA8 to      R5C10B.D1 system/cpu/engine/a_select_2[0]
CTOF_DEL    ---     0.495      R5C10B.D1 to      R5C10B.F1 system/cpu/engine/SLICE_652
ROUTE         1     1.051      R5C10B.F1 to      R7C10D.A1 system/cpu/engine/un6_select_register[1]
CTOF_DEL    ---     0.495      R7C10D.A1 to      R7C10D.F1 system/cpu/engine/SLICE_528
ROUTE        18     1.476      R7C10D.F1 to      R7C11A.B0 system/cpu/engine/un30_d_axb1
CTOF_DEL    ---     0.495      R7C11A.B0 to      R7C11A.F0 system/cpu/engine/dp/rf/words_ram_2/SLICE_47
ROUTE        16     1.452      R7C11A.F0 to      R8C11D.B1 system/address[12]
CTOF_DEL    ---     0.495      R8C11D.B1 to      R8C11D.F1 system/bus/SLICE_482
ROUTE         1     0.436      R8C11D.F1 to      R8C11D.C0 system/bus/un1_address_30_2
CTOF_DEL    ---     0.495      R8C11D.C0 to      R8C11D.F0 system/bus/SLICE_482
ROUTE         1     1.072      R8C11D.F0 to      R9C13C.D1 system/bus/un1_address_30_4
CTOF_DEL    ---     0.495      R9C13C.D1 to      R9C13C.F1 system/bus/SLICE_472
ROUTE         4     0.981      R9C13C.F1 to      R8C11C.D1 system/bus/un1_address_30
CTOF_DEL    ---     0.495      R8C11C.D1 to      R8C11C.F1 system/bus/SLICE_465
ROUTE         3     0.453      R8C11C.F1 to      R8C11C.C0 system/bus/immediate_io_response_3
CTOF_DEL    ---     0.495      R8C11C.C0 to      R8C11C.F0 system/bus/SLICE_465
ROUTE         2     0.965      R8C11C.F0 to      R8C14B.D0 system/bus/immediate_io_responsedupdup
CTOF_DEL    ---     0.495      R8C14B.D0 to      R8C14B.F0 SLICE_381
ROUTE         3     0.445      R8C14B.F0 to      R8C14B.C1 system/acknowledgedupdup
CTOF_DEL    ---     0.495      R8C14B.C1 to      R8C14B.F1 SLICE_381
ROUTE         2     1.030      R8C14B.F1 to      R8C12A.B1 system/cpu/engine/acknowledgedupdup_0
CTOF_DEL    ---     0.495      R8C12A.B1 to      R8C12A.F1 system/cpu/engine/SLICE_498
ROUTE         9     0.643      R8C12A.F1 to      R8C12A.D0 system/cpu/engine/un1_bus_fault_2dupdup
CTOF_DEL    ---     0.495      R8C12A.D0 to      R8C12A.F0 system/cpu/engine/SLICE_498
ROUTE         3     1.311      R8C12A.F0 to      R5C10D.C1 system/cpu/engine/seq/next_address_2_sqmuxa_1
CTOF_DEL    ---     0.495      R5C10D.C1 to      R5C10D.F1 system/cpu/engine/seq/SLICE_516
ROUTE        10     0.670      R5C10D.F1 to      R4C10A.D0 system/cpu/engine/seq/next_address_7_sqmuxa
CTOF_DEL    ---     0.495      R4C10A.D0 to      R4C10A.F0 system/cpu/engine/SLICE_525
ROUTE         1     0.766      R4C10A.F0 to       R4C8A.C0 system/cpu/engine/seq/dispatch_address_m[9]
CTOF_DEL    ---     0.495       R4C8A.C0 to       R4C8A.F0 system/cpu/engine/seq/SLICE_520
ROUTE         1     1.079       R4C8A.F0 to       R3C9B.C0 system/cpu/engine/seq/next_address_2_iv_1[9]
CTOF_DEL    ---     0.495       R3C9B.C0 to       R3C9B.F0 system/cpu/engine/seq/SLICE_511
ROUTE         1     1.079       R3C9B.F0 to       R5C8D.C1 system/cpu/engine/seq/next_address_2_iv_3[9]
CTOF_DEL    ---     0.495       R5C8D.C1 to       R5C8D.F1 system/cpu/engine/seq/SLICE_245
ROUTE         5     1.462       R5C8D.F1 to EBR_R6C4.ADA12 system/cpu/engine/next_address[9] (to clk)
                  --------
                   30.941   (43.3% logic, 56.7% route), 18 logic levels.

 Clock Skew Details: 

      Source Clock Path oscillator to system/cpu/engine/rom/lane_2:

   Name    Fanout   Delay (ns)          Site               Resource
ROUTE       245     3.714        OSC.OSC to EBR_R6C10.CLKA clk
                  --------
                    3.714   (0.0% logic, 100.0% route), 0 logic levels.

      Destination Clock Path oscillator to system/cpu/engine/rom/lane_0:

   Name    Fanout   Delay (ns)          Site               Resource
ROUTE       245     3.714        OSC.OSC to  EBR_R6C4.CLKA clk
                  --------
                    3.714   (0.0% logic, 100.0% route), 0 logic levels.


Passed: The following path meets requirements by 0.516ns

 Logical Details:  Cell type  Pin type       Cell/ASIC name  (clock net +/-)

   Source:         DP8KC      Port           system/cpu/engine/rom/lane_2(ASIC)  (from clk +)
   Destination:    DP8KC      Port           system/cpu/engine/rom/lane_2(ASIC)  (to clk +)

   Delay:              30.933ns  (43.3% logic, 56.7% route), 18 logic levels.

 Constraint Details:

     30.933ns physical path delay system/cpu/engine/rom/lane_2 to system/cpu/engine/rom/lane_2 meets
     31.423ns delay constraint less
      0.000ns skew and
     -0.026ns ADDR_SET requirement (totaling 31.449ns) by 0.516ns

 Physical Path Details:

      Data path system/cpu/engine/rom/lane_2 to system/cpu/engine/rom/lane_2:

   Name    Fanout   Delay (ns)          Site               Resource
C2Q_DEL     ---     4.979 EBR_R6C10.CLKA to EBR_R6C10.DOA8 system/cpu/engine/rom/lane_2 (from clk)
ROUTE         4     1.176 EBR_R6C10.DOA8 to      R5C10B.D1 system/cpu/engine/a_select_2[0]
CTOF_DEL    ---     0.495      R5C10B.D1 to      R5C10B.F1 system/cpu/engine/SLICE_652
ROUTE         1     1.051      R5C10B.F1 to      R7C10D.A1 system/cpu/engine/un6_select_register[1]
CTOF_DEL    ---     0.495      R7C10D.A1 to      R7C10D.F1 system/cpu/engine/SLICE_528
ROUTE        18     1.476      R7C10D.F1 to      R7C11A.B0 system/cpu/engine/un30_d_axb1
CTOF_DEL    ---     0.495      R7C11A.B0 to      R7C11A.F0 system/cpu/engine/dp/rf/words_ram_2/SLICE_47
ROUTE        16     1.452      R7C11A.F0 to      R8C11D.B1 system/address[12]
CTOF_DEL    ---     0.495      R8C11D.B1 to      R8C11D.F1 system/bus/SLICE_482
ROUTE         1     0.436      R8C11D.F1 to      R8C11D.C0 system/bus/un1_address_30_2
CTOF_DEL    ---     0.495      R8C11D.C0 to      R8C11D.F0 system/bus/SLICE_482
ROUTE         1     1.072      R8C11D.F0 to      R9C13C.D1 system/bus/un1_address_30_4
CTOF_DEL    ---     0.495      R9C13C.D1 to      R9C13C.F1 system/bus/SLICE_472
ROUTE         4     0.981      R9C13C.F1 to      R8C11C.D1 system/bus/un1_address_30
CTOF_DEL    ---     0.495      R8C11C.D1 to      R8C11C.F1 system/bus/SLICE_465
ROUTE         3     0.453      R8C11C.F1 to      R8C11C.C0 system/bus/immediate_io_response_3
CTOF_DEL    ---     0.495      R8C11C.C0 to      R8C11C.F0 system/bus/SLICE_465
ROUTE         2     0.965      R8C11C.F0 to      R8C14B.D0 system/bus/immediate_io_responsedupdup
CTOF_DEL    ---     0.495      R8C14B.D0 to      R8C14B.F0 SLICE_381
ROUTE         3     0.445      R8C14B.F0 to      R8C14B.C1 system/acknowledgedupdup
CTOF_DEL    ---     0.495      R8C14B.C1 to      R8C14B.F1 SLICE_381
ROUTE         2     1.030      R8C14B.F1 to      R8C12A.B1 system/cpu/engine/acknowledgedupdup_0
CTOF_DEL    ---     0.495      R8C12A.B1 to      R8C12A.F1 system/cpu/engine/SLICE_498
ROUTE         9     0.643      R8C12A.F1 to      R8C12A.D0 system/cpu/engine/un1_bus_fault_2dupdup
CTOF_DEL    ---     0.495      R8C12A.D0 to      R8C12A.F0 system/cpu/engine/SLICE_498
ROUTE         3     1.311      R8C12A.F0 to      R5C10D.C1 system/cpu/engine/seq/next_address_2_sqmuxa_1
CTOF_DEL    ---     0.495      R5C10D.C1 to      R5C10D.F1 system/cpu/engine/seq/SLICE_516
ROUTE        10     0.670      R5C10D.F1 to      R4C10A.D0 system/cpu/engine/seq/next_address_7_sqmuxa
CTOF_DEL    ---     0.495      R4C10A.D0 to      R4C10A.F0 system/cpu/engine/SLICE_525
ROUTE         1     0.766      R4C10A.F0 to       R4C8A.C0 system/cpu/engine/seq/dispatch_address_m[9]
CTOF_DEL    ---     0.495       R4C8A.C0 to       R4C8A.F0 system/cpu/engine/seq/SLICE_520
ROUTE         1     1.079       R4C8A.F0 to       R3C9B.C0 system/cpu/engine/seq/next_address_2_iv_1[9]
CTOF_DEL    ---     0.495       R3C9B.C0 to       R3C9B.F0 system/cpu/engine/seq/SLICE_511
ROUTE         1     1.079       R3C9B.F0 to       R5C8D.C1 system/cpu/engine/seq/next_address_2_iv_3[9]
CTOF_DEL    ---     0.495       R5C8D.C1 to       R5C8D.F1 system/cpu/engine/seq/SLICE_245
ROUTE         5     1.454       R5C8D.F1 to *R_R6C10.ADA12 system/cpu/engine/next_address[9] (to clk)
                  --------
                   30.933   (43.3% logic, 56.7% route), 18 logic levels.

 Clock Skew Details: 

      Source Clock Path oscillator to system/cpu/engine/rom/lane_2:

   Name    Fanout   Delay (ns)          Site               Resource
ROUTE       245     3.714        OSC.OSC to EBR_R6C10.CLKA clk
                  --------
                    3.714   (0.0% logic, 100.0% route), 0 logic levels.

      Destination Clock Path oscillator to system/cpu/engine/rom/lane_2:

   Name    Fanout   Delay (ns)          Site               Resource
ROUTE       245     3.714        OSC.OSC to EBR_R6C10.CLKA clk
                  --------
                    3.714   (0.0% logic, 100.0% route), 0 logic levels.


Passed: The following path meets requirements by 0.518ns

 Logical Details:  Cell type  Pin type       Cell/ASIC name  (clock net +/-)

   Source:         DP8KC      Port           system/cpu/engine/rom/lane_2(ASIC)  (from clk +)
   Destination:    DP8KC      Port           system/cpu/engine/rom/lane_0(ASIC)  (to clk +)

   Delay:              30.931ns  (43.3% logic, 56.7% route), 18 logic levels.

 Constraint Details:

     30.931ns physical path delay system/cpu/engine/rom/lane_2 to system/cpu/engine/rom/lane_0 meets
     31.423ns delay constraint less
      0.000ns skew and
     -0.026ns ADDR_SET requirement (totaling 31.449ns) by 0.518ns

 Physical Path Details:

      Data path system/cpu/engine/rom/lane_2 to system/cpu/engine/rom/lane_0:

   Name    Fanout   Delay (ns)          Site               Resource
C2Q_DEL     ---     4.979 EBR_R6C10.CLKA to EBR_R6C10.DOA8 system/cpu/engine/rom/lane_2 (from clk)
ROUTE         4     1.176 EBR_R6C10.DOA8 to      R5C10B.D1 system/cpu/engine/a_select_2[0]
CTOF_DEL    ---     0.495      R5C10B.D1 to      R5C10B.F1 system/cpu/engine/SLICE_652
ROUTE         1     1.051      R5C10B.F1 to      R7C10D.A1 system/cpu/engine/un6_select_register[1]
CTOF_DEL    ---     0.495      R7C10D.A1 to      R7C10D.F1 system/cpu/engine/SLICE_528
ROUTE        18     1.420      R7C10D.F1 to      R7C13B.B1 system/cpu/engine/un30_d_axb1
CTOF_DEL    ---     0.495      R7C13B.B1 to      R7C13B.F1 system/cpu/engine/dp/rf/words_ram_0/SLICE_54
ROUTE        19     1.323      R7C13B.F1 to      R8C11D.A1 system/address[7]
CTOF_DEL    ---     0.495      R8C11D.A1 to      R8C11D.F1 system/bus/SLICE_482
ROUTE         1     0.436      R8C11D.F1 to      R8C11D.C0 system/bus/un1_address_30_2
CTOF_DEL    ---     0.495      R8C11D.C0 to      R8C11D.F0 system/bus/SLICE_482
ROUTE         1     1.072      R8C11D.F0 to      R9C13C.D1 system/bus/un1_address_30_4
CTOF_DEL    ---     0.495      R9C13C.D1 to      R9C13C.F1 system/bus/SLICE_472
ROUTE         4     0.981      R9C13C.F1 to      R8C11C.D1 system/bus/un1_address_30
CTOF_DEL    ---     0.495      R8C11C.D1 to      R8C11C.F1 system/bus/SLICE_465
ROUTE         3     0.453      R8C11C.F1 to      R8C11C.C0 system/bus/immediate_io_response_3
CTOF_DEL    ---     0.495      R8C11C.C0 to      R8C11C.F0 system/bus/SLICE_465
ROUTE         2     0.965      R8C11C.F0 to      R8C14B.D0 system/bus/immediate_io_responsedupdup
CTOF_DEL    ---     0.495      R8C14B.D0 to      R8C14B.F0 SLICE_381
ROUTE         3     0.445      R8C14B.F0 to      R8C14B.C1 system/acknowledgedupdup
CTOF_DEL    ---     0.495      R8C14B.C1 to      R8C14B.F1 SLICE_381
ROUTE         2     1.030      R8C14B.F1 to      R8C12A.B1 system/cpu/engine/acknowledgedupdup_0
CTOF_DEL    ---     0.495      R8C12A.B1 to      R8C12A.F1 system/cpu/engine/SLICE_498
ROUTE         9     1.742      R8C12A.F1 to       R4C9B.D1 system/cpu/engine/un1_bus_fault_2dupdup
CTOF_DEL    ---     0.495       R4C9B.D1 to       R4C9B.F1 system/cpu/engine/SLICE_497
ROUTE         3     0.453       R4C9B.F1 to       R4C9B.C0 system/cpu/engine/fault_redirectdup
CTOF_DEL    ---     0.495       R4C9B.C0 to       R4C9B.F0 system/cpu/engine/SLICE_497
ROUTE         7     0.666       R4C9B.F0 to       R4C9A.D1 system/cpu/engine/seq/next_address_1_sqmuxa_1
CTOF_DEL    ---     0.495       R4C9A.D1 to       R4C9A.F1 system/cpu/engine/seq/SLICE_507
ROUTE         1     0.693       R4C9A.F1 to       R4C9A.B0 system/cpu/engine/seq/next_address_0_iv_0[0]
CTOF_DEL    ---     0.495       R4C9A.B0 to       R4C9A.F0 system/cpu/engine/seq/SLICE_507
ROUTE         1     0.766       R4C9A.F0 to       R3C9A.C0 system/cpu/engine/seq/next_address_0_iv_5[0]
CTOF_DEL    ---     0.495       R3C9A.C0 to       R3C9A.F0 system/cpu/engine/seq/SLICE_502
ROUTE         1     0.986       R3C9A.F0 to       R5C9C.A0 system/cpu/engine/seq/next_address_0_iv_7[0]
CTOF_DEL    ---     0.495       R5C9C.A0 to       R5C9C.F0 system/cpu/engine/seq/SLICE_241
ROUTE         5     1.879       R5C9C.F0 to  EBR_R6C4.ADA3 system/cpu/engine/next_address_0_iv_i[0] (to clk)
                  --------
                   30.931   (43.3% logic, 56.7% route), 18 logic levels.

 Clock Skew Details: 

      Source Clock Path oscillator to system/cpu/engine/rom/lane_2:

   Name    Fanout   Delay (ns)          Site               Resource
ROUTE       245     3.714        OSC.OSC to EBR_R6C10.CLKA clk
                  --------
                    3.714   (0.0% logic, 100.0% route), 0 logic levels.

      Destination Clock Path oscillator to system/cpu/engine/rom/lane_0:

   Name    Fanout   Delay (ns)          Site               Resource
ROUTE       245     3.714        OSC.OSC to  EBR_R6C4.CLKA clk
                  --------
                    3.714   (0.0% logic, 100.0% route), 0 logic levels.

Report:   32.165MHz is the maximum frequency for this preference.


================================================================================
Preference: Unconstrained: CLOCK_DOMAIN
            0 unconstrained paths found
--------------------------------------------------------------------------------


================================================================================
Preference: Unconstrained: INPUT_SETUP
            10 unconstrained paths found
--------------------------------------------------------------------------------

Unconstrained Preference:
   INPUT_SETUP PORT "gpio_miso" CLKNET "clk" 

Report:    5.936ns delay gpio_miso to system/bus/SLICE_432 (5.588ns delay and 0.348ns setup)

   Name    Fanout   Delay (ns)          Site               Resource
PADI_DEL    ---     1.132         10.PAD to       10.PADDI gpio_miso
ROUTE         3     4.456       10.PADDI to      R4C18B.M0 gpio_miso_c (to clk)
                  --------
                    5.588   (20.3% logic, 79.7% route), 1 logic levels.

Unconstrained Preference:
   INPUT_SETUP PORT "gpio_miso" CLKNET "clk" 

Report:    5.177ns delay gpio_miso to system/bus/guest_memory/SLICE_131 (5.011ns delay and 0.166ns setup)

   Name    Fanout   Delay (ns)          Site               Resource
PADI_DEL    ---     1.132         10.PAD to       10.PADDI gpio_miso
ROUTE         3     3.384       10.PADDI to      R2C18A.C0 gpio_miso_c
CTOF_DEL    ---     0.495      R2C18A.C0 to      R2C18A.F0 system/bus/guest_memory/SLICE_131
ROUTE         1     0.000      R2C18A.F0 to     R2C18A.DI0 system/bus/guest_memory/rdata_9[8] (to clk)
                  --------
                    5.011   (32.5% logic, 67.5% route), 2 logic levels.

Unconstrained Preference:
   INPUT_SETUP PORT "res" CLKNET "clk" 

Report:    5.035ns delay res to SLICE_381 (4.302ns delay and 0.733ns setup)

   Name    Fanout   Delay (ns)          Site               Resource
PADI_DEL    ---     1.132          4.PAD to        4.PADDI res
ROUTE         1     3.170        4.PADDI to     R8C14B.LSR res_c (to clk)
                  --------
                    4.302   (26.3% logic, 73.7% route), 1 logic levels.

Unconstrained Preference:
   INPUT_SETUP PORT "gpio_key_row[0]" CLKNET "clk" 

Report:    2.292ns delay gpio_key_row[0] to gpio_key_row[0]_MGIOL (1.697ns delay and 0.595ns setup)

   Name    Fanout   Delay (ns)          Site               Resource
PADI_DEL    ---     1.132         29.PAD to       29.PADDI gpio_key_row[0]
ROUTE         1     0.565       29.PADDI to    IOL_T11D.DI gpio_key_row_in[0] (to clk)
                  --------
                    1.697   (66.7% logic, 33.3% route), 1 logic levels.

Unconstrained Preference:
   INPUT_SETUP PORT "gpio_key_row[1]" CLKNET "clk" 

Report:    2.292ns delay gpio_key_row[1] to gpio_key_row[1]_MGIOL (1.697ns delay and 0.595ns setup)

   Name    Fanout   Delay (ns)          Site               Resource
PADI_DEL    ---     1.132         30.PAD to       30.PADDI gpio_key_row[1]
ROUTE         1     0.565       30.PADDI to    IOL_T11C.DI gpio_key_row_in[1] (to clk)
                  --------
                    1.697   (66.7% logic, 33.3% route), 1 logic levels.

Unconstrained Preference:
   INPUT_SETUP PORT "gpio_key_row[2]" CLKNET "clk" 

Report:    2.292ns delay gpio_key_row[2] to gpio_key_row[2]_MGIOL (1.697ns delay and 0.595ns setup)

   Name    Fanout   Delay (ns)          Site               Resource
PADI_DEL    ---     1.132         32.PAD to       32.PADDI gpio_key_row[2]
ROUTE         1     0.565       32.PADDI to    IOL_T10D.DI gpio_key_row_in[2] (to clk)
                  --------
                    1.697   (66.7% logic, 33.3% route), 1 logic levels.

Unconstrained Preference:
   INPUT_SETUP PORT "gpio_key_row[3]" CLKNET "clk" 

Report:    2.292ns delay gpio_key_row[3] to gpio_key_row[3]_MGIOL (1.697ns delay and 0.595ns setup)

   Name    Fanout   Delay (ns)          Site               Resource
PADI_DEL    ---     1.132          1.PAD to        1.PADDI gpio_key_row[3]
ROUTE         1     0.565        1.PADDI to    IOL_T10C.DI gpio_key_row_in[3] (to clk)
                  --------
                    1.697   (66.7% logic, 33.3% route), 1 logic levels.

Unconstrained Preference:
   INPUT_SETUP PORT "rx" CLKNET "clk" 

Report:    2.292ns delay rx to rx_MGIOL (1.697ns delay and 0.595ns setup)

   Name    Fanout   Delay (ns)          Site               Resource
PADI_DEL    ---     1.132         25.PAD to       25.PADDI rx
ROUTE         1     0.565       25.PADDI to    IOL_T15D.DI rx_c (to clk)
                  --------
                    1.697   (66.7% logic, 33.3% route), 1 logic levels.

Unconstrained Preference:
   INPUT_SETUP PORT "sd_miso" CLKNET "clk" 

Report:    2.292ns delay sd_miso to sd_miso_MGIOL (1.697ns delay and 0.595ns setup)

   Name    Fanout   Delay (ns)          Site               Resource
PADI_DEL    ---     1.132         28.PAD to       28.PADDI sd_miso
ROUTE         1     0.565       28.PADDI to    IOL_T12C.DI sd_miso_c (to clk)
                  --------
                    1.697   (66.7% logic, 33.3% route), 1 logic levels.

Unconstrained Preference:
   INPUT_SETUP PORT "gpio_miso" CLKNET "clk" 

Report:    2.111ns delay gpio_miso to gpio_miso_MGIOL (1.516ns delay and 0.595ns setup)

   Name    Fanout   Delay (ns)          Site               Resource
PADI_DEL    ---     1.132         10.PAD to       10.PADDI gpio_miso
ROUTE         3     0.384       10.PADDI to     IOL_B6D.DI gpio_miso_c (to clk)
                  --------
                    1.516   (74.7% logic, 25.3% route), 1 logic levels.


================================================================================
Preference: Unconstrained: CLOCK_TO_OUT
            18 unconstrained paths found
--------------------------------------------------------------------------------

Unconstrained Preference:
   CLOCK_TO_OUT PORT "gpio_key_row[3]" CLKNET "clk" 

Report:    9.267ns delay system/SLICE_158 to gpio_key_row[3]

   Name    Fanout   Delay (ns)          Site               Resource
REG_DEL     ---     0.452     R7C17D.CLK to      R7C17D.Q0 system/SLICE_158 (from clk)
ROUTE         3     4.635      R7C17D.Q0 to        1.PADDT system/bus/host_miso_oe
TDTS_DEL    ---     4.180        1.PADDT to          1.PAD gpio_key_row[3]
                  --------
                    9.267   (50.0% logic, 50.0% route), 2 logic levels.

Unconstrained Preference:
   CLOCK_TO_OUT PORT "tx" CLKNET "clk" 

Report:    7.960ns delay system/bus/fixed_uart.console/SLICE_109 to tx

   Name    Fanout   Delay (ns)          Site               Resource
REG_DEL     ---     0.452     R8C21A.CLK to      R8C21A.Q0 system/bus/fixed_uart.console/SLICE_109 (from clk)
ROUTE        20     1.980      R8C21A.Q0 to      R7C20A.A1 system/bus/fixed_uart.console/tx_busy
CTOF_DEL    ---     0.495      R7C20A.A1 to      R7C20A.F1 system/bus/fixed_uart.console/SLICE_123
ROUTE         1     2.236      R7C20A.F1 to       23.PADDO tx_c
DOPAD_DEL   ---     2.797       23.PADDO to         23.PAD tx
                  --------
                    7.960   (47.0% logic, 53.0% route), 3 logic levels.

Unconstrained Preference:
   CLOCK_TO_OUT PORT "sd_mosi" CLKNET "clk" 

Report:    7.431ns delay system/bus/byte_sd/SLICE_93 to sd_mosi

   Name    Fanout   Delay (ns)          Site               Resource
REG_DEL     ---     0.452     R4C18A.CLK to      R4C18A.Q1 system/bus/byte_sd/SLICE_93 (from clk)
ROUTE         1     1.763      R4C18A.Q1 to      R2C16C.B1 system/bus/byte_sd/tx_shift[7]
CTOF_DEL    ---     0.495      R2C16C.B1 to      R2C16C.F1 system/bus/byte_sd/SLICE_622
ROUTE         1     1.924      R2C16C.F1 to       21.PADDO sd_mosi_c
DOPAD_DEL   ---     2.797       21.PADDO to         21.PAD sd_mosi
                  --------
                    7.431   (50.4% logic, 49.6% route), 3 logic levels.

Unconstrained Preference:
   CLOCK_TO_OUT PORT "tx" CLKNET "clk" 

Report:    7.323ns delay system/bus/fixed_uart.console/SLICE_371 to tx

   Name    Fanout   Delay (ns)          Site               Resource
REG_DEL     ---     0.452     R8C21B.CLK to      R8C21B.Q0 system/bus/fixed_uart.console/SLICE_371 (from clk)
ROUTE         2     1.343      R8C21B.Q0 to      R7C20A.B1 system/bus/fixed_uart.console/tx_break
CTOF_DEL    ---     0.495      R7C20A.B1 to      R7C20A.F1 system/bus/fixed_uart.console/SLICE_123
ROUTE         1     2.236      R7C20A.F1 to       23.PADDO tx_c
DOPAD_DEL   ---     2.797       23.PADDO to         23.PAD tx
                  --------
                    7.323   (51.1% logic, 48.9% route), 3 logic levels.

Unconstrained Preference:
   CLOCK_TO_OUT PORT "tx" CLKNET "clk" 

Report:    7.137ns delay system/bus/fixed_uart.console/SLICE_119 to tx

   Name    Fanout   Delay (ns)          Site               Resource
REG_DEL     ---     0.452     R7C20D.CLK to      R7C20D.Q0 system/bus/fixed_uart.console/SLICE_119 (from clk)
ROUTE         1     1.157      R7C20D.Q0 to      R7C20A.D1 system/bus/fixed_uart.console/tx_shift[0]
CTOF_DEL    ---     0.495      R7C20A.D1 to      R7C20A.F1 system/bus/fixed_uart.console/SLICE_123
ROUTE         1     2.236      R7C20A.F1 to       23.PADDO tx_c
DOPAD_DEL   ---     2.797       23.PADDO to         23.PAD tx
                  --------
                    7.137   (52.5% logic, 47.5% route), 3 logic levels.

Unconstrained Preference:
   CLOCK_TO_OUT PORT "gpio_mcs" CLKNET "clk" 

Report:    6.872ns delay system/bus/guest_memory/SLICE_68 to gpio_mcs

   Name    Fanout   Delay (ns)          Site               Resource
REG_DEL     ---     0.452     R4C19B.CLK to      R4C19B.Q0 system/bus/guest_memory/SLICE_68 (from clk)
ROUTE         3     3.623      R4C19B.Q0 to        8.PADDO gpio_mcs_c
DOPAD_DEL   ---     2.797        8.PADDO to          8.PAD gpio_mcs
                  --------
                    6.872   (47.3% logic, 52.7% route), 2 logic levels.

Unconstrained Preference:
   CLOCK_TO_OUT PORT "sd_mosi" CLKNET "clk" 

Report:    6.797ns delay system/bus/byte_sd/SLICE_82 to sd_mosi

   Name    Fanout   Delay (ns)          Site               Resource
REG_DEL     ---     0.452     R3C14D.CLK to      R3C14D.Q0 system/bus/byte_sd/SLICE_82 (from clk)
ROUTE        24     1.129      R3C14D.Q0 to      R2C16C.D1 system/bus/byte_sd/busy
CTOF_DEL    ---     0.495      R2C16C.D1 to      R2C16C.F1 system/bus/byte_sd/SLICE_622
ROUTE         1     1.924      R2C16C.F1 to       21.PADDO sd_mosi_c
DOPAD_DEL   ---     2.797       21.PADDO to         21.PAD sd_mosi
                  --------
                    6.797   (55.1% logic, 44.9% route), 3 logic levels.

Unconstrained Preference:
   CLOCK_TO_OUT PORT "sd_cs_n" CLKNET "clk" 

Report:    6.385ns delay system/SLICE_73 to sd_cs_n

   Name    Fanout   Delay (ns)          Site               Resource
REG_DEL     ---     0.452     R8C18A.CLK to      R8C18A.Q0 system/SLICE_73 (from clk)
ROUTE         2     3.136      R8C18A.Q0 to        5.PADDO sd_cs_n_c
DOPAD_DEL   ---     2.797        5.PADDO to          5.PAD sd_cs_n
                  --------
                    6.385   (50.9% logic, 49.1% route), 2 logic levels.

Unconstrained Preference:
   CLOCK_TO_OUT PORT "gpio_key_row[3]" CLKNET "clk" 

Report:    5.513ns delay system/SLICE_71 to gpio_key_row[3]

   Name    Fanout   Delay (ns)          Site               Resource
REG_DEL     ---     0.452     R5C11A.CLK to      R5C11A.Q0 system/SLICE_71 (from clk)
ROUTE         3     2.264      R5C11A.Q0 to        1.PADDO host_miso
DOPAD_DEL   ---     2.797        1.PADDO to          1.PAD gpio_key_row[3]
                  --------
                    5.513   (58.9% logic, 41.1% route), 2 logic levels.

Unconstrained Preference:
   CLOCK_TO_OUT PORT "gpio_clk" CLKNET "clk" 

Report:    5.440ns delay system/SLICE_66 to gpio_clk

   Name    Fanout   Delay (ns)          Site               Resource
REG_DEL     ---     0.452     R7C17A.CLK to      R7C17A.Q0 system/SLICE_66 (from clk)
ROUTE         3     2.191      R7C17A.Q0 to       12.PADDO gpio_clk_c
DOPAD_DEL   ---     2.797       12.PADDO to         12.PAD gpio_clk
                  --------
                    5.440   (59.7% logic, 40.3% route), 2 logic levels.

Unconstrained Preference:
   CLOCK_TO_OUT PORT "gpio_rs" CLKNET "clk" 

Report:    5.318ns delay system/SLICE_70 to gpio_rs

   Name    Fanout   Delay (ns)          Site               Resource
REG_DEL     ---     0.452     R5C11B.CLK to      R5C11B.Q0 system/SLICE_70 (from clk)
ROUTE         3     2.069      R5C11B.Q0 to       11.PADDO gpio_rs_c
DOPAD_DEL   ---     2.797       11.PADDO to         11.PAD gpio_rs
                  --------
                    5.318   (61.1% logic, 38.9% route), 2 logic levels.

Unconstrained Preference:
   CLOCK_TO_OUT PORT "gpio_reg_latch" CLKNET "clk" 

Report:    5.135ns delay system/SLICE_69 to gpio_reg_latch

   Name    Fanout   Delay (ns)          Site               Resource
REG_DEL     ---     0.452     R7C18D.CLK to      R7C18D.Q0 system/SLICE_69 (from clk)
ROUTE         3     1.886      R7C18D.Q0 to       20.PADDO gpio_reg_latch_c
DOPAD_DEL   ---     2.797       20.PADDO to         20.PAD gpio_reg_latch
                  --------
                    5.135   (63.3% logic, 36.7% route), 2 logic levels.

Unconstrained Preference:
   CLOCK_TO_OUT PORT "gpio_blank" CLKNET "clk" 

Report:    5.120ns delay system/SLICE_64 to gpio_blank

   Name    Fanout   Delay (ns)          Site               Resource
REG_DEL     ---     0.452     R5C12C.CLK to      R5C12C.Q0 system/SLICE_64 (from clk)
ROUTE         2     1.871      R5C12C.Q0 to       13.PADDO gpio_blank_c
DOPAD_DEL   ---     2.797       13.PADDO to         13.PAD gpio_blank
                  --------
                    5.120   (63.5% logic, 36.5% route), 2 logic levels.

Unconstrained Preference:
   CLOCK_TO_OUT PORT "sd_sck" CLKNET "clk" 

Report:    4.703ns delay system/bus/byte_sd/SLICE_74 to sd_sck

   Name    Fanout   Delay (ns)          Site               Resource
REG_DEL     ---     0.452     R2C14C.CLK to      R2C14C.Q0 system/bus/byte_sd/SLICE_74 (from clk)
ROUTE         5     1.454      R2C14C.Q0 to       27.PADDO sd_sck_c
DOPAD_DEL   ---     2.797       27.PADDO to         27.PAD sd_sck
                  --------
                    4.703   (69.1% logic, 30.9% route), 2 logic levels.

Unconstrained Preference:
   CLOCK_TO_OUT PORT "gpio_din" CLKNET "clk" 

Report:    4.611ns delay system/SLICE_67 to gpio_din

   Name    Fanout   Delay (ns)          Site               Resource
REG_DEL     ---     0.452     R5C19C.CLK to      R5C19C.Q0 system/SLICE_67 (from clk)
ROUTE         3     1.362      R5C19C.Q0 to       16.PADDO gpio_din_c
DOPAD_DEL   ---     2.797       16.PADDO to         16.PAD gpio_din
                  --------
                    4.611   (70.5% logic, 29.5% route), 2 logic levels.

Unconstrained Preference:
   CLOCK_TO_OUT PORT "gpio_ce" CLKNET "clk" 

Report:    4.611ns delay system/SLICE_65 to gpio_ce

   Name    Fanout   Delay (ns)          Site               Resource
REG_DEL     ---     0.452     R5C11D.CLK to      R5C11D.Q0 system/SLICE_65 (from clk)
ROUTE         3     1.362      R5C11D.Q0 to       14.PADDO gpio_ce_c
DOPAD_DEL   ---     2.797       14.PADDO to         14.PAD gpio_ce
                  --------
                    4.611   (70.5% logic, 29.5% route), 2 logic levels.

Unconstrained Preference:
   CLOCK_TO_OUT PORT "gpio_msck" CLKNET "clk" 

Report:    4.084ns delay gpio_msck_MGIOL to gpio_msck

   Name    Fanout   Delay (ns)          Site               Resource
C2OUT_DEL   ---     1.244    IOL_B6C.CLK to  IOL_B6C.IOLDO gpio_msck_MGIOL (from clk)
ROUTE         1     0.043  IOL_B6C.IOLDO to        9.IOLDO gpio_msck_c
OP0PAD_DEL  ---     2.797        9.IOLDO to          9.PAD gpio_msck
                  --------
                    4.084   (98.9% logic, 1.1% route), 2 logic levels.

Unconstrained Preference:
   CLOCK_TO_OUT PORT "gpio_mosi" CLKNET "clk" 

Report:    3.407ns delay gpio_mosi_MGIOL to gpio_mosi

   Name    Fanout   Delay (ns)          Site               Resource
C2OUT_DEL   ---     0.567   IOL_B20D.CLK to IOL_B20D.IOLDO gpio_mosi_MGIOL (from clk)
ROUTE         1     0.043 IOL_B20D.IOLDO to       17.IOLDO gpio_mosi_c
OP0PAD_DEL  ---     2.797       17.IOLDO to         17.PAD gpio_mosi
                  --------
                    3.407   (98.7% logic, 1.3% route), 2 logic levels.


================================================================================
Preference: Unconstrained: MAXDELAY
            0 unconstrained paths found
--------------------------------------------------------------------------------

Report Summary
--------------
----------------------------------------------------------------------------
Preference                              |   Constraint|       Actual|Levels
----------------------------------------------------------------------------
                                        |             |             |
FREQUENCY NET "clk" 31.824000 MHz ;     |   31.824 MHz|   32.165 MHz|  18  
                                        |             |             |
----------------------------------------------------------------------------


All preferences were met.


Clock Domains Analysis
------------------------

Found 1 clocks:

Clock Domain: clk   Source: oscillator.OSC   Loads: 245
   Covered under: FREQUENCY NET "clk" 31.824000 MHz ;


--------------------------------------------------------------------------------
                Connections not covered by the preferences
--------------------------------------------------------------------------------

     Delay                        Element                 Net

    0.565ns pio_key_row[0].PADDI to _key_row[0]_MGIOL.DI gpio_key_row_in[0]
    0.565ns        sd_miso.PADDI to     sd_miso_MGIOL.DI sd_miso_c
    0.565ns             rx.PADDI to          rx_MGIOL.DI rx_c
    3.384ns      gpio_miso.PADDI to _memory/SLICE_131.C0 gpio_miso_c
    4.456ns      gpio_miso.PADDI to tem/bus/SLICE_432.M0 gpio_miso_c
    0.384ns      gpio_miso.PADDI to   gpio_miso_MGIOL.DI gpio_miso_c
    0.565ns pio_key_row[1].PADDI to _key_row[1]_MGIOL.DI gpio_key_row_in[1]
    0.565ns pio_key_row[2].PADDI to _key_row[2]_MGIOL.DI gpio_key_row_in[2]
    0.565ns pio_key_row[3].PADDI to _key_row[3]_MGIOL.DI gpio_key_row_in[3]
    3.170ns            res.PADDI to        SLICE_381.LSR res_c

--------------------------------------------------------------------------------


Timing summary (Setup):
---------------

Timing errors: 0  Score: 0
Cumulative negative slack: 0

Constraints cover 3047680 paths, 1 nets, and 5417 connections (99.82% coverage)

--------------------------------------------------------------------------------
Lattice TRACE Report - Hold, Version Diamond (64-bit) 3.14.0.75.2
Sat Sep 12 14:30:40 2026

Copyright (c) 1991-1994 by NeoCAD Inc. All rights reserved.
Copyright (c) 1995 AT&T Corp.   All rights reserved.
Copyright (c) 1995-2001 Lucent Technologies Inc.  All rights reserved.
Copyright (c) 2001 Agere Systems   All rights reserved.
Copyright (c) 2002-2024 Lattice Semiconductor Corporation,  All rights reserved.

Report Information
------------------
Command line:    trce -v 10 -c -u 0 -gt -sethld -sp 4 -sphld m -o cp59b_impl1.twr cp59b_impl1.ncd cp59b_impl1.prf 
Design file:     cp59b_impl1.ncd
Preference file: cp59b_impl1.prf
Device,speed:    LCMXO2-1200HC,m
Report level:    verbose report, limited to 10 items per preference
--------------------------------------------------------------------------------

BLOCK ASYNCPATHS
BLOCK RESETPATHS
--------------------------------------------------------------------------------



================================================================================
Preference: FREQUENCY NET "clk" 31.824000 MHz ;
            4096 items scored, 0 timing errors detected.
--------------------------------------------------------------------------------


Passed: The following path meets requirements by 0.292ns

 Logical Details:  Cell type  Pin type       Cell/ASIC name  (clock net +/-)

   Source:         Sync_RAM   Q              system/cpu/engine/dp/rf/words_ram/RAM0  (from clk +)
   Destination:    FF         Data in        system/cpu/engine/service_ready[0]  (to clk +)

   Delay:               0.279ns  (98.9% logic, 1.1% route), 1 logic levels.

 Constraint Details:

      0.279ns physical path delay system/cpu/engine/SLICE_44 to system/cpu/engine/SLICE_44 meets
     -0.013ns DIN_HLD and
      0.000ns delay constraint less
      0.000ns skew requirement (totaling -0.013ns) by 0.292ns

 Physical Path Details:

      Data path system/cpu/engine/SLICE_44 to system/cpu/engine/SLICE_44:

   Name    Fanout   Delay (ns)          Site               Resource
CLKTOF_DEL  ---     0.276     R7C10A.WCK to      R7C10A.F0 system/cpu/engine/SLICE_44 (from clk)
ROUTE        52     0.003      R7C10A.F0 to     R7C10A.DI0 system/address[0] (to clk)
                  --------
                    0.279   (98.9% logic, 1.1% route), 1 logic levels.

 Clock Skew Details: 

      Source Clock Path oscillator to system/cpu/engine/SLICE_44:

   Name    Fanout   Delay (ns)          Site               Resource
ROUTE       245     1.216        OSC.OSC to     R7C10A.WCK clk
                  --------
                    1.216   (0.0% logic, 100.0% route), 0 logic levels.

      Destination Clock Path oscillator to system/cpu/engine/SLICE_44:

   Name    Fanout   Delay (ns)          Site               Resource
ROUTE       245     1.216        OSC.OSC to     R7C10A.CLK clk
                  --------
                    1.216   (0.0% logic, 100.0% route), 0 logic levels.


Passed: The following path meets requirements by 0.295ns

 Logical Details:  Cell type  Pin type       Cell/ASIC name  (clock net +/-)

   Source:         Sync_RAM   Q              system/cpu/engine/dp/rf/words_ram/RAM0  (from clk +)
   Destination:    FF         Data in        system/cpu/engine/service_ready[1]  (to clk +)

   Delay:               0.282ns  (97.9% logic, 2.1% route), 1 logic levels.

 Constraint Details:

      0.282ns physical path delay system/cpu/engine/SLICE_44 to system/cpu/engine/SLICE_44 meets
     -0.013ns DIN_HLD and
      0.000ns delay constraint less
      0.000ns skew requirement (totaling -0.013ns) by 0.295ns

 Physical Path Details:

      Data path system/cpu/engine/SLICE_44 to system/cpu/engine/SLICE_44:

   Name    Fanout   Delay (ns)          Site               Resource
CLKTOF_DEL  ---     0.276     R7C10A.WCK to      R7C10A.F1 system/cpu/engine/SLICE_44 (from clk)
ROUTE        40     0.006      R7C10A.F1 to     R7C10A.DI1 system/address[1] (to clk)
                  --------
                    0.282   (97.9% logic, 2.1% route), 1 logic levels.

 Clock Skew Details: 

      Source Clock Path oscillator to system/cpu/engine/SLICE_44:

   Name    Fanout   Delay (ns)          Site               Resource
ROUTE       245     1.216        OSC.OSC to     R7C10A.WCK clk
                  --------
                    1.216   (0.0% logic, 100.0% route), 0 logic levels.

      Destination Clock Path oscillator to system/cpu/engine/SLICE_44:

   Name    Fanout   Delay (ns)          Site               Resource
ROUTE       245     1.216        OSC.OSC to     R7C10A.CLK clk
                  --------
                    1.216   (0.0% logic, 100.0% route), 0 logic levels.


Passed: The following path meets requirements by 0.304ns

 Logical Details:  Cell type  Pin type       Cell/ASIC name  (clock net +/-)

   Source:         FF         Q              reset_sync[1]  (from clk +)
   Destination:    FF         Data in        reset_sync[0]  (to clk +)

   Delay:               0.285ns  (46.7% logic, 53.3% route), 1 logic levels.

 Constraint Details:

      0.285ns physical path delay SLICE_381 to SLICE_381 meets
     -0.019ns M_HLD and
      0.000ns delay constraint less
      0.000ns skew requirement (totaling -0.019ns) by 0.304ns

 Physical Path Details:

      Data path SLICE_381 to SLICE_381:

   Name    Fanout   Delay (ns)          Site               Resource
REG_DEL     ---     0.133     R8C14B.CLK to      R8C14B.Q1 SLICE_381 (from clk)
ROUTE         1     0.152      R8C14B.Q1 to      R8C14B.M0 reset_sync[1] (to clk)
                  --------
                    0.285   (46.7% logic, 53.3% route), 1 logic levels.

 Clock Skew Details: 

      Source Clock Path oscillator to SLICE_381:

   Name    Fanout   Delay (ns)          Site               Resource
ROUTE       245     1.216        OSC.OSC to     R8C14B.CLK clk
                  --------
                    1.216   (0.0% logic, 100.0% route), 0 logic levels.

      Destination Clock Path oscillator to SLICE_381:

   Name    Fanout   Delay (ns)          Site               Resource
ROUTE       245     1.216        OSC.OSC to     R8C14B.CLK clk
                  --------
                    1.216   (0.0% logic, 100.0% route), 0 logic levels.


Passed: The following path meets requirements by 0.304ns

 Logical Details:  Cell type  Pin type       Cell/ASIC name  (clock net +/-)

   Source:         FF         Q              system/bus/fixed_uart.console/cts_sync[0]  (from clk +)
   Destination:    FF         Data in        system/bus/fixed_uart.console/cts_sync[1]  (to clk +)

   Delay:               0.285ns  (46.7% logic, 53.3% route), 1 logic levels.

 Constraint Details:

      0.285ns physical path delay system/bus/fixed_uart.console/SLICE_94 to system/bus/fixed_uart.console/SLICE_94 meets
     -0.019ns M_HLD and
      0.000ns delay constraint less
      0.000ns skew requirement (totaling -0.019ns) by 0.304ns

 Physical Path Details:

      Data path system/bus/fixed_uart.console/SLICE_94 to system/bus/fixed_uart.console/SLICE_94:

   Name    Fanout   Delay (ns)          Site               Resource
REG_DEL     ---     0.133     R8C21C.CLK to      R8C21C.Q0 system/bus/fixed_uart.console/SLICE_94 (from clk)
ROUTE         1     0.152      R8C21C.Q0 to      R8C21C.M1 system/bus/fixed_uart.console/cts_sync[0] (to clk)
                  --------
                    0.285   (46.7% logic, 53.3% route), 1 logic levels.

 Clock Skew Details: 

      Source Clock Path oscillator to system/bus/fixed_uart.console/SLICE_94:

   Name    Fanout   Delay (ns)          Site               Resource
ROUTE       245     1.216        OSC.OSC to     R8C21C.CLK clk
                  --------
                    1.216   (0.0% logic, 100.0% route), 0 logic levels.

      Destination Clock Path oscillator to system/bus/fixed_uart.console/SLICE_94:

   Name    Fanout   Delay (ns)          Site               Resource
ROUTE       245     1.216        OSC.OSC to     R8C21C.CLK clk
                  --------
                    1.216   (0.0% logic, 100.0% route), 0 logic levels.


Passed: The following path meets requirements by 0.306ns

 Logical Details:  Cell type  Pin type       Cell/ASIC name  (clock net +/-)

   Source:         FF         Q              system/bus/timebase/state[17]  (from clk +)
   Destination:    FF         Data in        system/bus/timebase/state[18]  (to clk +)

   Delay:               0.287ns  (46.3% logic, 53.7% route), 1 logic levels.

 Constraint Details:

      0.287ns physical path delay SLICE_189 to SLICE_189 meets
     -0.019ns M_HLD and
      0.000ns delay constraint less
      0.000ns skew requirement (totaling -0.019ns) by 0.306ns

 Physical Path Details:

      Data path SLICE_189 to SLICE_189:

   Name    Fanout   Delay (ns)          Site               Resource
REG_DEL     ---     0.133      R2C4B.CLK to       R2C4B.Q0 SLICE_189 (from clk)
ROUTE         2     0.154       R2C4B.Q0 to       R2C4B.M1 system/bus/timebase/state[17] (to clk)
                  --------
                    0.287   (46.3% logic, 53.7% route), 1 logic levels.

 Clock Skew Details: 

      Source Clock Path oscillator to SLICE_189:

   Name    Fanout   Delay (ns)          Site               Resource
ROUTE       245     1.216        OSC.OSC to      R2C4B.CLK clk
                  --------
                    1.216   (0.0% logic, 100.0% route), 0 logic levels.

      Destination Clock Path oscillator to SLICE_189:

   Name    Fanout   Delay (ns)          Site               Resource
ROUTE       245     1.216        OSC.OSC to      R2C4B.CLK clk
                  --------
                    1.216   (0.0% logic, 100.0% route), 0 logic levels.


Passed: The following path meets requirements by 0.306ns

 Logical Details:  Cell type  Pin type       Cell/ASIC name  (clock net +/-)

   Source:         FF         Q              system/bus/fixed_uart.console/rx_shift[1]  (from clk +)
   Destination:    FF         Data in        system/bus/fixed_uart.console/rx_buffer[1]  (to clk +)

   Delay:               0.287ns  (46.3% logic, 53.7% route), 1 logic levels.

 Constraint Details:

      0.287ns physical path delay system/bus/fixed_uart.console/SLICE_603 to system/bus/fixed_uart.console/SLICE_413 meets
     -0.019ns M_HLD and
      0.000ns delay constraint less
      0.000ns skew requirement (totaling -0.019ns) by 0.306ns

 Physical Path Details:

      Data path system/bus/fixed_uart.console/SLICE_603 to system/bus/fixed_uart.console/SLICE_413:

   Name    Fanout   Delay (ns)          Site               Resource
REG_DEL     ---     0.133     R5C21D.CLK to      R5C21D.Q1 system/bus/fixed_uart.console/SLICE_603 (from clk)
ROUTE         2     0.154      R5C21D.Q1 to      R5C21B.M1 system/bus/fixed_uart.console/rx_shift[1] (to clk)
                  --------
                    0.287   (46.3% logic, 53.7% route), 1 logic levels.

 Clock Skew Details: 

      Source Clock Path oscillator to system/bus/fixed_uart.console/SLICE_603:

   Name    Fanout   Delay (ns)          Site               Resource
ROUTE       245     1.216        OSC.OSC to     R5C21D.CLK clk
                  --------
                    1.216   (0.0% logic, 100.0% route), 0 logic levels.

      Destination Clock Path oscillator to system/bus/fixed_uart.console/SLICE_413:

   Name    Fanout   Delay (ns)          Site               Resource
ROUTE       245     1.216        OSC.OSC to     R5C21B.CLK clk
                  --------
                    1.216   (0.0% logic, 100.0% route), 0 logic levels.


Passed: The following path meets requirements by 0.306ns

 Logical Details:  Cell type  Pin type       Cell/ASIC name  (clock net +/-)

   Source:         FF         Q              system/bus/fixed_uart.console/rx_shift[1]  (from clk +)
   Destination:    FF         Data in        system/bus/fixed_uart.console/rx_shift[0]  (to clk +)

   Delay:               0.287ns  (46.3% logic, 53.7% route), 1 logic levels.

 Constraint Details:

      0.287ns physical path delay system/bus/fixed_uart.console/SLICE_603 to system/bus/fixed_uart.console/SLICE_603 meets
     -0.019ns M_HLD and
      0.000ns delay constraint less
      0.000ns skew requirement (totaling -0.019ns) by 0.306ns

 Physical Path Details:

      Data path system/bus/fixed_uart.console/SLICE_603 to system/bus/fixed_uart.console/SLICE_603:

   Name    Fanout   Delay (ns)          Site               Resource
REG_DEL     ---     0.133     R5C21D.CLK to      R5C21D.Q1 system/bus/fixed_uart.console/SLICE_603 (from clk)
ROUTE         2     0.154      R5C21D.Q1 to      R5C21D.M0 system/bus/fixed_uart.console/rx_shift[1] (to clk)
                  --------
                    0.287   (46.3% logic, 53.7% route), 1 logic levels.

 Clock Skew Details: 

      Source Clock Path oscillator to system/bus/fixed_uart.console/SLICE_603:

   Name    Fanout   Delay (ns)          Site               Resource
ROUTE       245     1.216        OSC.OSC to     R5C21D.CLK clk
                  --------
                    1.216   (0.0% logic, 100.0% route), 0 logic levels.

      Destination Clock Path oscillator to system/bus/fixed_uart.console/SLICE_603:

   Name    Fanout   Delay (ns)          Site               Resource
ROUTE       245     1.216        OSC.OSC to     R5C21D.CLK clk
                  --------
                    1.216   (0.0% logic, 100.0% route), 0 logic levels.


Passed: The following path meets requirements by 0.306ns

 Logical Details:  Cell type  Pin type       Cell/ASIC name  (clock net +/-)

   Source:         FF         Q              system/bus/byte_sd/rx_shift[4]  (from clk +)
   Destination:    FF         Data in        system/bus/byte_sd/rdata_1[4]  (to clk +)

   Delay:               0.287ns  (46.3% logic, 53.7% route), 1 logic levels.

 Constraint Details:

      0.287ns physical path delay system/bus/byte_sd/SLICE_419 to system/bus/byte_sd/SLICE_418 meets
     -0.019ns M_HLD and
      0.000ns delay constraint less
      0.000ns skew requirement (totaling -0.019ns) by 0.306ns

 Physical Path Details:

      Data path system/bus/byte_sd/SLICE_419 to system/bus/byte_sd/SLICE_418:

   Name    Fanout   Delay (ns)          Site               Resource
REG_DEL     ---     0.133     R3C14B.CLK to      R3C14B.Q1 system/bus/byte_sd/SLICE_419 (from clk)
ROUTE         2     0.154      R3C14B.Q1 to      R3C14A.M0 system/bus/byte_sd/rdata_8[4] (to clk)
                  --------
                    0.287   (46.3% logic, 53.7% route), 1 logic levels.

 Clock Skew Details: 

      Source Clock Path oscillator to system/bus/byte_sd/SLICE_419:

   Name    Fanout   Delay (ns)          Site               Resource
ROUTE       245     1.216        OSC.OSC to     R3C14B.CLK clk
                  --------
                    1.216   (0.0% logic, 100.0% route), 0 logic levels.

      Destination Clock Path oscillator to system/bus/byte_sd/SLICE_418:

   Name    Fanout   Delay (ns)          Site               Resource
ROUTE       245     1.216        OSC.OSC to     R3C14A.CLK clk
                  --------
                    1.216   (0.0% logic, 100.0% route), 0 logic levels.


Passed: The following path meets requirements by 0.306ns

 Logical Details:  Cell type  Pin type       Cell/ASIC name  (clock net +/-)

   Source:         FF         Q              system/bus/byte_sd/rx_shift[3]  (from clk +)
   Destination:    FF         Data in        system/bus/byte_sd/rx_shift[4]  (to clk +)

   Delay:               0.287ns  (46.3% logic, 53.7% route), 1 logic levels.

 Constraint Details:

      0.287ns physical path delay system/bus/byte_sd/SLICE_419 to system/bus/byte_sd/SLICE_419 meets
     -0.019ns M_HLD and
      0.000ns delay constraint less
      0.000ns skew requirement (totaling -0.019ns) by 0.306ns

 Physical Path Details:

      Data path system/bus/byte_sd/SLICE_419 to system/bus/byte_sd/SLICE_419:

   Name    Fanout   Delay (ns)          Site               Resource
REG_DEL     ---     0.133     R3C14B.CLK to      R3C14B.Q0 system/bus/byte_sd/SLICE_419 (from clk)
ROUTE         2     0.154      R3C14B.Q0 to      R3C14B.M1 system/bus/byte_sd/rdata_8[3] (to clk)
                  --------
                    0.287   (46.3% logic, 53.7% route), 1 logic levels.

 Clock Skew Details: 

      Source Clock Path oscillator to system/bus/byte_sd/SLICE_419:

   Name    Fanout   Delay (ns)          Site               Resource
ROUTE       245     1.216        OSC.OSC to     R3C14B.CLK clk
                  --------
                    1.216   (0.0% logic, 100.0% route), 0 logic levels.

      Destination Clock Path oscillator to system/bus/byte_sd/SLICE_419:

   Name    Fanout   Delay (ns)          Site               Resource
ROUTE       245     1.216        OSC.OSC to     R3C14B.CLK clk
                  --------
                    1.216   (0.0% logic, 100.0% route), 0 logic levels.


Passed: The following path meets requirements by 0.306ns

 Logical Details:  Cell type  Pin type       Cell/ASIC name  (clock net +/-)

   Source:         FF         Q              system/bus/guest_memory/rx[0]  (from clk +)
   Destination:    FF         Data in        system/bus/guest_memory/rx[1]  (to clk +)

   Delay:               0.287ns  (46.3% logic, 53.7% route), 1 logic levels.

 Constraint Details:

      0.287ns physical path delay system/bus/SLICE_432 to system/bus/SLICE_432 meets
     -0.019ns M_HLD and
      0.000ns delay constraint less
      0.000ns skew requirement (totaling -0.019ns) by 0.306ns

 Physical Path Details:

      Data path system/bus/SLICE_432 to system/bus/SLICE_432:

   Name    Fanout   Delay (ns)          Site               Resource
REG_DEL     ---     0.133     R4C18B.CLK to      R4C18B.Q0 system/bus/SLICE_432 (from clk)
ROUTE         3     0.154      R4C18B.Q0 to      R4C18B.M1 system/bus/guest_memory/rx[0] (to clk)
                  --------
                    0.287   (46.3% logic, 53.7% route), 1 logic levels.

 Clock Skew Details: 

      Source Clock Path oscillator to system/bus/SLICE_432:

   Name    Fanout   Delay (ns)          Site               Resource
ROUTE       245     1.216        OSC.OSC to     R4C18B.CLK clk
                  --------
                    1.216   (0.0% logic, 100.0% route), 0 logic levels.

      Destination Clock Path oscillator to system/bus/SLICE_432:

   Name    Fanout   Delay (ns)          Site               Resource
ROUTE       245     1.216        OSC.OSC to     R4C18B.CLK clk
                  --------
                    1.216   (0.0% logic, 100.0% route), 0 logic levels.

Report Summary
--------------
----------------------------------------------------------------------------
Preference(MIN Delays)                  |   Constraint|       Actual|Levels
----------------------------------------------------------------------------
                                        |             |             |
FREQUENCY NET "clk" 31.824000 MHz ;     |     0.000 ns|     0.292 ns|   1  
                                        |             |             |
----------------------------------------------------------------------------


All preferences were met.


Clock Domains Analysis
------------------------

Found 1 clocks:

Clock Domain: clk   Source: oscillator.OSC   Loads: 245
   Covered under: FREQUENCY NET "clk" 31.824000 MHz ;


--------------------------------------------------------------------------------
                Connections not covered by the preferences
--------------------------------------------------------------------------------

     Delay                        Element                 Net

    0.177ns pio_key_row[0].PADDI to _key_row[0]_MGIOL.DI gpio_key_row_in[0]
    0.177ns        sd_miso.PADDI to     sd_miso_MGIOL.DI sd_miso_c
    0.177ns             rx.PADDI to          rx_MGIOL.DI rx_c
    1.125ns      gpio_miso.PADDI to _memory/SLICE_131.C0 gpio_miso_c
    1.507ns      gpio_miso.PADDI to tem/bus/SLICE_432.M0 gpio_miso_c
    0.127ns      gpio_miso.PADDI to   gpio_miso_MGIOL.DI gpio_miso_c
    0.177ns pio_key_row[1].PADDI to _key_row[1]_MGIOL.DI gpio_key_row_in[1]
    0.177ns pio_key_row[2].PADDI to _key_row[2]_MGIOL.DI gpio_key_row_in[2]
    0.177ns pio_key_row[3].PADDI to _key_row[3]_MGIOL.DI gpio_key_row_in[3]
    1.048ns            res.PADDI to        SLICE_381.LSR res_c

--------------------------------------------------------------------------------


Timing summary (Hold):
---------------

Timing errors: 0  Score: 0
Cumulative negative slack: 0

Constraints cover 3047680 paths, 1 nets, and 5417 connections (99.82% coverage)



Timing summary (Setup and Hold):
---------------

Timing errors: 0 (setup), 0 (hold)
Score: 0 (setup), 0 (hold)
Cumulative negative slack: 0 (0+0)
--------------------------------------------------------------------------------

--------------------------------------------------------------------------------

