
Loading design for application trce from file cp42b_impl1.ncd.
Design name: uj11_hc1200_microcomp
NCD version: 3.3
Vendor:      LATTICE
Device:      LCMXO2-1200HC
Package:     QFN32
Performance: 4
Loading device for application trce from file 'xo2c1200.nph' in environment: /home/sash/.local/lscc/diamond/3.14/ispfpga.
Package Status:                     Final          Version 1.44.
Performance Hardware Data Status:   Final          Version 36.4.
Setup and Hold Report

--------------------------------------------------------------------------------
Lattice TRACE Report - Setup, Version Diamond (64-bit) 3.14.0.75.2
Thu Sep 10 17:30:50 2026

Copyright (c) 1991-1994 by NeoCAD Inc. All rights reserved.
Copyright (c) 1995 AT&T Corp.   All rights reserved.
Copyright (c) 1995-2001 Lucent Technologies Inc.  All rights reserved.
Copyright (c) 2001 Agere Systems   All rights reserved.
Copyright (c) 2002-2024 Lattice Semiconductor Corporation,  All rights reserved.

Report Information
------------------
Command line:    trce -v 10 -c -u 0 -gt -sethld -sp 4 -sphld m -o cp42b_impl1.twr cp42b_impl1.ncd cp42b_impl1.prf 
Design file:     cp42b_impl1.ncd
Preference file: cp42b_impl1.prf
Device,speed:    LCMXO2-1200HC,4
Report level:    verbose report, limited to 10 items per preference
--------------------------------------------------------------------------------

BLOCK ASYNCPATHS
BLOCK RESETPATHS
--------------------------------------------------------------------------------



================================================================================
Preference: FREQUENCY NET "clk" 29.560000 MHz ;
            4096 items scored, 0 timing errors detected.
--------------------------------------------------------------------------------


Passed: The following path meets requirements by 1.462ns

 Logical Details:  Cell type  Pin type       Cell/ASIC name  (clock net +/-)

   Source:         DP8KC      Port           system/cpu/engine/rom/lane_2(ASIC)  (from clk +)
   Destination:    FF         Data in        system/cpu/engine/dp/q[0]  (to clk +)

   Delay:              31.912ns  (40.4% logic, 59.6% route), 17 logic levels.

 Constraint Details:

     31.912ns physical path delay system/cpu/engine/rom/lane_2 to system/cpu/engine/SLICE_233 meets
     33.829ns delay constraint less
      0.173ns skew and
      0.282ns CE_SET requirement (totaling 33.374ns) by 1.462ns

 Physical Path Details:

      Data path system/cpu/engine/rom/lane_2 to system/cpu/engine/SLICE_233:

   Name    Fanout   Delay (ns)          Site               Resource
C2Q_DEL     ---     4.979  EBR_R6C7.CLKA to  EBR_R6C7.DOA8 system/cpu/engine/rom/lane_2 (from clk)
ROUTE         4     1.183  EBR_R6C7.DOA8 to      R4C10C.D1 system/cpu/engine/a_select_2[0]
CTOF_DEL    ---     0.495      R4C10C.D1 to      R4C10C.F1 system/cpu/engine/SLICE_570
ROUTE         1     0.967      R4C10C.F1 to      R4C10C.A0 system/cpu/engine/un6_select_register[1]
CTOF_DEL    ---     0.495      R4C10C.A0 to      R4C10C.F0 system/cpu/engine/SLICE_570
ROUTE        18     1.794      R4C10C.F0 to      R2C11B.B1 system/cpu/engine/select_register_5[1]
CTOF_DEL    ---     0.495      R2C11B.B1 to      R2C11B.F1 system/cpu/engine/SLICE_43
ROUTE        10     1.316      R2C11B.F1 to      R4C11A.A1 system/address[15]
CTOF_DEL    ---     0.495      R4C11A.A1 to      R4C11A.F1 system/bus/SLICE_456
ROUTE        13     0.651      R4C11A.F1 to      R4C11C.D0 system/bus/io_page
CTOF_DEL    ---     0.495      R4C11C.D0 to      R4C11C.F0 system/bus/SLICE_597
ROUTE         2     0.632      R4C11C.F0 to      R3C11C.D0 system/bus/service_dma_selected_1
CTOF_DEL    ---     0.495      R3C11C.D0 to      R3C11C.F0 system/SLICE_466
ROUTE         6     1.490      R3C11C.F0 to      R5C16D.D0 system/bus/service_dma_selected
CTOF_DEL    ---     0.495      R5C16D.D0 to      R5C16D.F0 system/bus/SLICE_453
ROUTE         5     0.453      R5C16D.F0 to      R5C16D.C1 system/bus/cpu_io_page
CTOF_DEL    ---     0.495      R5C16D.C1 to      R5C16D.F1 system/bus/SLICE_453
ROUTE         5     0.965      R5C16D.F1 to      R4C14A.D1 system/bus/rk_ds_selected
CTOF_DEL    ---     0.495      R4C14A.D1 to      R4C14A.F1 system/bus/SLICE_375
ROUTE         2     0.967      R4C14A.F1 to      R3C13B.D1 system/bus/rk_fixed_selected
CTOF_DEL    ---     0.495      R3C13B.D1 to      R3C13B.F1 system/SLICE_249
ROUTE         3     0.640      R3C13B.F1 to      R2C13A.D1 system/raw_ack
CTOF_DEL    ---     0.495      R2C13A.D1 to      R2C13A.F1 system/cpu/engine/SLICE_196
ROUTE         7     0.643      R2C13A.F1 to      R2C13D.D1 system/cpu/engine/bus_fault[1]
CTOF_DEL    ---     0.495      R2C13D.D1 to      R2C13D.F1 system/cpu/engine/SLICE_534
ROUTE         1     0.436      R2C13D.F1 to      R2C13D.C0 system/cpu/engine/effective_ack
CTOF_DEL    ---     0.495      R2C13D.C0 to      R2C13D.F0 system/cpu/engine/SLICE_534
ROUTE         1     1.656      R2C13D.F0 to       R5C9C.D0 system/cpu/engine/un1_complete
CTOF_DEL    ---     0.495       R5C9C.D0 to       R5C9C.F0 system/cpu/engine/SLICE_362
ROUTE         2     0.967       R5C9C.F0 to       R5C7A.D0 system/cpu/engine/step_1
CTOF_DEL    ---     0.495       R5C7A.D0 to       R5C7A.F0 system/cpu/engine/SLICE_361
ROUTE         9     1.444       R5C7A.F0 to      R7C13B.C0 system/cpu/engine/step
CTOF_DEL    ---     0.495      R7C13B.C0 to      R7C13B.F0 system/cpu/engine/SLICE_550
ROUTE        10     2.809      R7C13B.F0 to       R5C3D.CE system/cpu/engine/dp/un1_q20_i (to clk)
                  --------
                   31.912   (40.4% logic, 59.6% route), 17 logic levels.

 Clock Skew Details: 

      Source Clock Path oscillator to system/cpu/engine/rom/lane_2:

   Name    Fanout   Delay (ns)          Site               Resource
ROUTE       249     3.714        OSC.OSC to  EBR_R6C7.CLKA clk
                  --------
                    3.714   (0.0% logic, 100.0% route), 0 logic levels.

      Destination Clock Path oscillator to system/cpu/engine/SLICE_233:

   Name    Fanout   Delay (ns)          Site               Resource
ROUTE       249     3.541        OSC.OSC to      R5C3D.CLK clk
                  --------
                    3.541   (0.0% logic, 100.0% route), 0 logic levels.


Passed: The following path meets requirements by 1.462ns

 Logical Details:  Cell type  Pin type       Cell/ASIC name  (clock net +/-)

   Source:         DP8KC      Port           system/cpu/engine/rom/lane_2(ASIC)  (from clk +)
   Destination:    FF         Data in        system/cpu/engine/dp/q[13]  (to clk +)
                   FF                        system/cpu/engine/dp/q[12]

   Delay:              31.912ns  (40.4% logic, 59.6% route), 17 logic levels.

 Constraint Details:

     31.912ns physical path delay system/cpu/engine/rom/lane_2 to system/cpu/engine/dp/SLICE_194 meets
     33.829ns delay constraint less
      0.173ns skew and
      0.282ns CE_SET requirement (totaling 33.374ns) by 1.462ns

 Physical Path Details:

      Data path system/cpu/engine/rom/lane_2 to system/cpu/engine/dp/SLICE_194:

   Name    Fanout   Delay (ns)          Site               Resource
C2Q_DEL     ---     4.979  EBR_R6C7.CLKA to  EBR_R6C7.DOA8 system/cpu/engine/rom/lane_2 (from clk)
ROUTE         4     1.183  EBR_R6C7.DOA8 to      R4C10C.D1 system/cpu/engine/a_select_2[0]
CTOF_DEL    ---     0.495      R4C10C.D1 to      R4C10C.F1 system/cpu/engine/SLICE_570
ROUTE         1     0.967      R4C10C.F1 to      R4C10C.A0 system/cpu/engine/un6_select_register[1]
CTOF_DEL    ---     0.495      R4C10C.A0 to      R4C10C.F0 system/cpu/engine/SLICE_570
ROUTE        18     1.794      R4C10C.F0 to      R2C11B.B1 system/cpu/engine/select_register_5[1]
CTOF_DEL    ---     0.495      R2C11B.B1 to      R2C11B.F1 system/cpu/engine/SLICE_43
ROUTE        10     1.316      R2C11B.F1 to      R4C11A.A1 system/address[15]
CTOF_DEL    ---     0.495      R4C11A.A1 to      R4C11A.F1 system/bus/SLICE_456
ROUTE        13     0.651      R4C11A.F1 to      R4C11C.D0 system/bus/io_page
CTOF_DEL    ---     0.495      R4C11C.D0 to      R4C11C.F0 system/bus/SLICE_597
ROUTE         2     0.632      R4C11C.F0 to      R3C11C.D0 system/bus/service_dma_selected_1
CTOF_DEL    ---     0.495      R3C11C.D0 to      R3C11C.F0 system/SLICE_466
ROUTE         6     1.490      R3C11C.F0 to      R5C16D.D0 system/bus/service_dma_selected
CTOF_DEL    ---     0.495      R5C16D.D0 to      R5C16D.F0 system/bus/SLICE_453
ROUTE         5     0.453      R5C16D.F0 to      R5C16D.C1 system/bus/cpu_io_page
CTOF_DEL    ---     0.495      R5C16D.C1 to      R5C16D.F1 system/bus/SLICE_453
ROUTE         5     0.965      R5C16D.F1 to      R4C14A.D1 system/bus/rk_ds_selected
CTOF_DEL    ---     0.495      R4C14A.D1 to      R4C14A.F1 system/bus/SLICE_375
ROUTE         2     0.967      R4C14A.F1 to      R3C13B.D1 system/bus/rk_fixed_selected
CTOF_DEL    ---     0.495      R3C13B.D1 to      R3C13B.F1 system/SLICE_249
ROUTE         3     0.640      R3C13B.F1 to      R2C13A.D1 system/raw_ack
CTOF_DEL    ---     0.495      R2C13A.D1 to      R2C13A.F1 system/cpu/engine/SLICE_196
ROUTE         7     0.643      R2C13A.F1 to      R2C13D.D1 system/cpu/engine/bus_fault[1]
CTOF_DEL    ---     0.495      R2C13D.D1 to      R2C13D.F1 system/cpu/engine/SLICE_534
ROUTE         1     0.436      R2C13D.F1 to      R2C13D.C0 system/cpu/engine/effective_ack
CTOF_DEL    ---     0.495      R2C13D.C0 to      R2C13D.F0 system/cpu/engine/SLICE_534
ROUTE         1     1.656      R2C13D.F0 to       R5C9C.D0 system/cpu/engine/un1_complete
CTOF_DEL    ---     0.495       R5C9C.D0 to       R5C9C.F0 system/cpu/engine/SLICE_362
ROUTE         2     0.967       R5C9C.F0 to       R5C7A.D0 system/cpu/engine/step_1
CTOF_DEL    ---     0.495       R5C7A.D0 to       R5C7A.F0 system/cpu/engine/SLICE_361
ROUTE         9     1.444       R5C7A.F0 to      R7C13B.C0 system/cpu/engine/step
CTOF_DEL    ---     0.495      R7C13B.C0 to      R7C13B.F0 system/cpu/engine/SLICE_550
ROUTE        10     2.809      R7C13B.F0 to       R5C4B.CE system/cpu/engine/dp/un1_q20_i (to clk)
                  --------
                   31.912   (40.4% logic, 59.6% route), 17 logic levels.

 Clock Skew Details: 

      Source Clock Path oscillator to system/cpu/engine/rom/lane_2:

   Name    Fanout   Delay (ns)          Site               Resource
ROUTE       249     3.714        OSC.OSC to  EBR_R6C7.CLKA clk
                  --------
                    3.714   (0.0% logic, 100.0% route), 0 logic levels.

      Destination Clock Path oscillator to system/cpu/engine/dp/SLICE_194:

   Name    Fanout   Delay (ns)          Site               Resource
ROUTE       249     3.541        OSC.OSC to      R5C4B.CLK clk
                  --------
                    3.541   (0.0% logic, 100.0% route), 0 logic levels.


Passed: The following path meets requirements by 1.462ns

 Logical Details:  Cell type  Pin type       Cell/ASIC name  (clock net +/-)

   Source:         DP8KC      Port           system/cpu/engine/rom/lane_2(ASIC)  (from clk +)
   Destination:    FF         Data in        system/cpu/engine/dp/q[9]  (to clk +)
                   FF                        system/cpu/engine/dp/q[8]

   Delay:              31.912ns  (40.4% logic, 59.6% route), 17 logic levels.

 Constraint Details:

     31.912ns physical path delay system/cpu/engine/rom/lane_2 to system/cpu/engine/dp/SLICE_192 meets
     33.829ns delay constraint less
      0.173ns skew and
      0.282ns CE_SET requirement (totaling 33.374ns) by 1.462ns

 Physical Path Details:

      Data path system/cpu/engine/rom/lane_2 to system/cpu/engine/dp/SLICE_192:

   Name    Fanout   Delay (ns)          Site               Resource
C2Q_DEL     ---     4.979  EBR_R6C7.CLKA to  EBR_R6C7.DOA8 system/cpu/engine/rom/lane_2 (from clk)
ROUTE         4     1.183  EBR_R6C7.DOA8 to      R4C10C.D1 system/cpu/engine/a_select_2[0]
CTOF_DEL    ---     0.495      R4C10C.D1 to      R4C10C.F1 system/cpu/engine/SLICE_570
ROUTE         1     0.967      R4C10C.F1 to      R4C10C.A0 system/cpu/engine/un6_select_register[1]
CTOF_DEL    ---     0.495      R4C10C.A0 to      R4C10C.F0 system/cpu/engine/SLICE_570
ROUTE        18     1.794      R4C10C.F0 to      R2C11B.B1 system/cpu/engine/select_register_5[1]
CTOF_DEL    ---     0.495      R2C11B.B1 to      R2C11B.F1 system/cpu/engine/SLICE_43
ROUTE        10     1.316      R2C11B.F1 to      R4C11A.A1 system/address[15]
CTOF_DEL    ---     0.495      R4C11A.A1 to      R4C11A.F1 system/bus/SLICE_456
ROUTE        13     0.651      R4C11A.F1 to      R4C11C.D0 system/bus/io_page
CTOF_DEL    ---     0.495      R4C11C.D0 to      R4C11C.F0 system/bus/SLICE_597
ROUTE         2     0.632      R4C11C.F0 to      R3C11C.D0 system/bus/service_dma_selected_1
CTOF_DEL    ---     0.495      R3C11C.D0 to      R3C11C.F0 system/SLICE_466
ROUTE         6     1.490      R3C11C.F0 to      R5C16D.D0 system/bus/service_dma_selected
CTOF_DEL    ---     0.495      R5C16D.D0 to      R5C16D.F0 system/bus/SLICE_453
ROUTE         5     0.453      R5C16D.F0 to      R5C16D.C1 system/bus/cpu_io_page
CTOF_DEL    ---     0.495      R5C16D.C1 to      R5C16D.F1 system/bus/SLICE_453
ROUTE         5     0.965      R5C16D.F1 to      R4C14A.D1 system/bus/rk_ds_selected
CTOF_DEL    ---     0.495      R4C14A.D1 to      R4C14A.F1 system/bus/SLICE_375
ROUTE         2     0.967      R4C14A.F1 to      R3C13B.D1 system/bus/rk_fixed_selected
CTOF_DEL    ---     0.495      R3C13B.D1 to      R3C13B.F1 system/SLICE_249
ROUTE         3     0.640      R3C13B.F1 to      R2C13A.D1 system/raw_ack
CTOF_DEL    ---     0.495      R2C13A.D1 to      R2C13A.F1 system/cpu/engine/SLICE_196
ROUTE         7     0.643      R2C13A.F1 to      R2C13D.D1 system/cpu/engine/bus_fault[1]
CTOF_DEL    ---     0.495      R2C13D.D1 to      R2C13D.F1 system/cpu/engine/SLICE_534
ROUTE         1     0.436      R2C13D.F1 to      R2C13D.C0 system/cpu/engine/effective_ack
CTOF_DEL    ---     0.495      R2C13D.C0 to      R2C13D.F0 system/cpu/engine/SLICE_534
ROUTE         1     1.656      R2C13D.F0 to       R5C9C.D0 system/cpu/engine/un1_complete
CTOF_DEL    ---     0.495       R5C9C.D0 to       R5C9C.F0 system/cpu/engine/SLICE_362
ROUTE         2     0.967       R5C9C.F0 to       R5C7A.D0 system/cpu/engine/step_1
CTOF_DEL    ---     0.495       R5C7A.D0 to       R5C7A.F0 system/cpu/engine/SLICE_361
ROUTE         9     1.444       R5C7A.F0 to      R7C13B.C0 system/cpu/engine/step
CTOF_DEL    ---     0.495      R7C13B.C0 to      R7C13B.F0 system/cpu/engine/SLICE_550
ROUTE        10     2.809      R7C13B.F0 to       R4C4B.CE system/cpu/engine/dp/un1_q20_i (to clk)
                  --------
                   31.912   (40.4% logic, 59.6% route), 17 logic levels.

 Clock Skew Details: 

      Source Clock Path oscillator to system/cpu/engine/rom/lane_2:

   Name    Fanout   Delay (ns)          Site               Resource
ROUTE       249     3.714        OSC.OSC to  EBR_R6C7.CLKA clk
                  --------
                    3.714   (0.0% logic, 100.0% route), 0 logic levels.

      Destination Clock Path oscillator to system/cpu/engine/dp/SLICE_192:

   Name    Fanout   Delay (ns)          Site               Resource
ROUTE       249     3.541        OSC.OSC to      R4C4B.CLK clk
                  --------
                    3.541   (0.0% logic, 100.0% route), 0 logic levels.


Passed: The following path meets requirements by 1.462ns

 Logical Details:  Cell type  Pin type       Cell/ASIC name  (clock net +/-)

   Source:         DP8KC      Port           system/cpu/engine/rom/lane_2(ASIC)  (from clk +)
   Destination:    FF         Data in        system/cpu/engine/dp/q[5]  (to clk +)
                   FF                        system/cpu/engine/dp/q[4]

   Delay:              31.912ns  (40.4% logic, 59.6% route), 17 logic levels.

 Constraint Details:

     31.912ns physical path delay system/cpu/engine/rom/lane_2 to system/cpu/engine/dp/SLICE_190 meets
     33.829ns delay constraint less
      0.173ns skew and
      0.282ns CE_SET requirement (totaling 33.374ns) by 1.462ns

 Physical Path Details:

      Data path system/cpu/engine/rom/lane_2 to system/cpu/engine/dp/SLICE_190:

   Name    Fanout   Delay (ns)          Site               Resource
C2Q_DEL     ---     4.979  EBR_R6C7.CLKA to  EBR_R6C7.DOA8 system/cpu/engine/rom/lane_2 (from clk)
ROUTE         4     1.183  EBR_R6C7.DOA8 to      R4C10C.D1 system/cpu/engine/a_select_2[0]
CTOF_DEL    ---     0.495      R4C10C.D1 to      R4C10C.F1 system/cpu/engine/SLICE_570
ROUTE         1     0.967      R4C10C.F1 to      R4C10C.A0 system/cpu/engine/un6_select_register[1]
CTOF_DEL    ---     0.495      R4C10C.A0 to      R4C10C.F0 system/cpu/engine/SLICE_570
ROUTE        18     1.794      R4C10C.F0 to      R2C11B.B1 system/cpu/engine/select_register_5[1]
CTOF_DEL    ---     0.495      R2C11B.B1 to      R2C11B.F1 system/cpu/engine/SLICE_43
ROUTE        10     1.316      R2C11B.F1 to      R4C11A.A1 system/address[15]
CTOF_DEL    ---     0.495      R4C11A.A1 to      R4C11A.F1 system/bus/SLICE_456
ROUTE        13     0.651      R4C11A.F1 to      R4C11C.D0 system/bus/io_page
CTOF_DEL    ---     0.495      R4C11C.D0 to      R4C11C.F0 system/bus/SLICE_597
ROUTE         2     0.632      R4C11C.F0 to      R3C11C.D0 system/bus/service_dma_selected_1
CTOF_DEL    ---     0.495      R3C11C.D0 to      R3C11C.F0 system/SLICE_466
ROUTE         6     1.490      R3C11C.F0 to      R5C16D.D0 system/bus/service_dma_selected
CTOF_DEL    ---     0.495      R5C16D.D0 to      R5C16D.F0 system/bus/SLICE_453
ROUTE         5     0.453      R5C16D.F0 to      R5C16D.C1 system/bus/cpu_io_page
CTOF_DEL    ---     0.495      R5C16D.C1 to      R5C16D.F1 system/bus/SLICE_453
ROUTE         5     0.965      R5C16D.F1 to      R4C14A.D1 system/bus/rk_ds_selected
CTOF_DEL    ---     0.495      R4C14A.D1 to      R4C14A.F1 system/bus/SLICE_375
ROUTE         2     0.967      R4C14A.F1 to      R3C13B.D1 system/bus/rk_fixed_selected
CTOF_DEL    ---     0.495      R3C13B.D1 to      R3C13B.F1 system/SLICE_249
ROUTE         3     0.640      R3C13B.F1 to      R2C13A.D1 system/raw_ack
CTOF_DEL    ---     0.495      R2C13A.D1 to      R2C13A.F1 system/cpu/engine/SLICE_196
ROUTE         7     0.643      R2C13A.F1 to      R2C13D.D1 system/cpu/engine/bus_fault[1]
CTOF_DEL    ---     0.495      R2C13D.D1 to      R2C13D.F1 system/cpu/engine/SLICE_534
ROUTE         1     0.436      R2C13D.F1 to      R2C13D.C0 system/cpu/engine/effective_ack
CTOF_DEL    ---     0.495      R2C13D.C0 to      R2C13D.F0 system/cpu/engine/SLICE_534
ROUTE         1     1.656      R2C13D.F0 to       R5C9C.D0 system/cpu/engine/un1_complete
CTOF_DEL    ---     0.495       R5C9C.D0 to       R5C9C.F0 system/cpu/engine/SLICE_362
ROUTE         2     0.967       R5C9C.F0 to       R5C7A.D0 system/cpu/engine/step_1
CTOF_DEL    ---     0.495       R5C7A.D0 to       R5C7A.F0 system/cpu/engine/SLICE_361
ROUTE         9     1.444       R5C7A.F0 to      R7C13B.C0 system/cpu/engine/step
CTOF_DEL    ---     0.495      R7C13B.C0 to      R7C13B.F0 system/cpu/engine/SLICE_550
ROUTE        10     2.809      R7C13B.F0 to       R4C3C.CE system/cpu/engine/dp/un1_q20_i (to clk)
                  --------
                   31.912   (40.4% logic, 59.6% route), 17 logic levels.

 Clock Skew Details: 

      Source Clock Path oscillator to system/cpu/engine/rom/lane_2:

   Name    Fanout   Delay (ns)          Site               Resource
ROUTE       249     3.714        OSC.OSC to  EBR_R6C7.CLKA clk
                  --------
                    3.714   (0.0% logic, 100.0% route), 0 logic levels.

      Destination Clock Path oscillator to system/cpu/engine/dp/SLICE_190:

   Name    Fanout   Delay (ns)          Site               Resource
ROUTE       249     3.541        OSC.OSC to      R4C3C.CLK clk
                  --------
                    3.541   (0.0% logic, 100.0% route), 0 logic levels.


Passed: The following path meets requirements by 1.462ns

 Logical Details:  Cell type  Pin type       Cell/ASIC name  (clock net +/-)

   Source:         DP8KC      Port           system/cpu/engine/rom/lane_2(ASIC)  (from clk +)
   Destination:    FF         Data in        system/cpu/engine/dp/q[2]  (to clk +)

   Delay:              31.912ns  (40.4% logic, 59.6% route), 17 logic levels.

 Constraint Details:

     31.912ns physical path delay system/cpu/engine/rom/lane_2 to system/cpu/engine/dp/SLICE_188 meets
     33.829ns delay constraint less
      0.173ns skew and
      0.282ns CE_SET requirement (totaling 33.374ns) by 1.462ns

 Physical Path Details:

      Data path system/cpu/engine/rom/lane_2 to system/cpu/engine/dp/SLICE_188:

   Name    Fanout   Delay (ns)          Site               Resource
C2Q_DEL     ---     4.979  EBR_R6C7.CLKA to  EBR_R6C7.DOA8 system/cpu/engine/rom/lane_2 (from clk)
ROUTE         4     1.183  EBR_R6C7.DOA8 to      R4C10C.D1 system/cpu/engine/a_select_2[0]
CTOF_DEL    ---     0.495      R4C10C.D1 to      R4C10C.F1 system/cpu/engine/SLICE_570
ROUTE         1     0.967      R4C10C.F1 to      R4C10C.A0 system/cpu/engine/un6_select_register[1]
CTOF_DEL    ---     0.495      R4C10C.A0 to      R4C10C.F0 system/cpu/engine/SLICE_570
ROUTE        18     1.794      R4C10C.F0 to      R2C11B.B1 system/cpu/engine/select_register_5[1]
CTOF_DEL    ---     0.495      R2C11B.B1 to      R2C11B.F1 system/cpu/engine/SLICE_43
ROUTE        10     1.316      R2C11B.F1 to      R4C11A.A1 system/address[15]
CTOF_DEL    ---     0.495      R4C11A.A1 to      R4C11A.F1 system/bus/SLICE_456
ROUTE        13     0.651      R4C11A.F1 to      R4C11C.D0 system/bus/io_page
CTOF_DEL    ---     0.495      R4C11C.D0 to      R4C11C.F0 system/bus/SLICE_597
ROUTE         2     0.632      R4C11C.F0 to      R3C11C.D0 system/bus/service_dma_selected_1
CTOF_DEL    ---     0.495      R3C11C.D0 to      R3C11C.F0 system/SLICE_466
ROUTE         6     1.490      R3C11C.F0 to      R5C16D.D0 system/bus/service_dma_selected
CTOF_DEL    ---     0.495      R5C16D.D0 to      R5C16D.F0 system/bus/SLICE_453
ROUTE         5     0.453      R5C16D.F0 to      R5C16D.C1 system/bus/cpu_io_page
CTOF_DEL    ---     0.495      R5C16D.C1 to      R5C16D.F1 system/bus/SLICE_453
ROUTE         5     0.965      R5C16D.F1 to      R4C14A.D1 system/bus/rk_ds_selected
CTOF_DEL    ---     0.495      R4C14A.D1 to      R4C14A.F1 system/bus/SLICE_375
ROUTE         2     0.967      R4C14A.F1 to      R3C13B.D1 system/bus/rk_fixed_selected
CTOF_DEL    ---     0.495      R3C13B.D1 to      R3C13B.F1 system/SLICE_249
ROUTE         3     0.640      R3C13B.F1 to      R2C13A.D1 system/raw_ack
CTOF_DEL    ---     0.495      R2C13A.D1 to      R2C13A.F1 system/cpu/engine/SLICE_196
ROUTE         7     0.643      R2C13A.F1 to      R2C13D.D1 system/cpu/engine/bus_fault[1]
CTOF_DEL    ---     0.495      R2C13D.D1 to      R2C13D.F1 system/cpu/engine/SLICE_534
ROUTE         1     0.436      R2C13D.F1 to      R2C13D.C0 system/cpu/engine/effective_ack
CTOF_DEL    ---     0.495      R2C13D.C0 to      R2C13D.F0 system/cpu/engine/SLICE_534
ROUTE         1     1.656      R2C13D.F0 to       R5C9C.D0 system/cpu/engine/un1_complete
CTOF_DEL    ---     0.495       R5C9C.D0 to       R5C9C.F0 system/cpu/engine/SLICE_362
ROUTE         2     0.967       R5C9C.F0 to       R5C7A.D0 system/cpu/engine/step_1
CTOF_DEL    ---     0.495       R5C7A.D0 to       R5C7A.F0 system/cpu/engine/SLICE_361
ROUTE         9     1.444       R5C7A.F0 to      R7C13B.C0 system/cpu/engine/step
CTOF_DEL    ---     0.495      R7C13B.C0 to      R7C13B.F0 system/cpu/engine/SLICE_550
ROUTE        10     2.809      R7C13B.F0 to       R5C2A.CE system/cpu/engine/dp/un1_q20_i (to clk)
                  --------
                   31.912   (40.4% logic, 59.6% route), 17 logic levels.

 Clock Skew Details: 

      Source Clock Path oscillator to system/cpu/engine/rom/lane_2:

   Name    Fanout   Delay (ns)          Site               Resource
ROUTE       249     3.714        OSC.OSC to  EBR_R6C7.CLKA clk
                  --------
                    3.714   (0.0% logic, 100.0% route), 0 logic levels.

      Destination Clock Path oscillator to system/cpu/engine/dp/SLICE_188:

   Name    Fanout   Delay (ns)          Site               Resource
ROUTE       249     3.541        OSC.OSC to      R5C2A.CLK clk
                  --------
                    3.541   (0.0% logic, 100.0% route), 0 logic levels.


Passed: The following path meets requirements by 1.462ns

 Logical Details:  Cell type  Pin type       Cell/ASIC name  (clock net +/-)

   Source:         DP8KC      Port           system/cpu/engine/rom/lane_2(ASIC)  (from clk +)
   Destination:    FF         Data in        system/cpu/engine/dp/q[3]  (to clk +)

   Delay:              31.912ns  (40.4% logic, 59.6% route), 17 logic levels.

 Constraint Details:

     31.912ns physical path delay system/cpu/engine/rom/lane_2 to system/cpu/engine/dp/SLICE_189 meets
     33.829ns delay constraint less
      0.173ns skew and
      0.282ns CE_SET requirement (totaling 33.374ns) by 1.462ns

 Physical Path Details:

      Data path system/cpu/engine/rom/lane_2 to system/cpu/engine/dp/SLICE_189:

   Name    Fanout   Delay (ns)          Site               Resource
C2Q_DEL     ---     4.979  EBR_R6C7.CLKA to  EBR_R6C7.DOA8 system/cpu/engine/rom/lane_2 (from clk)
ROUTE         4     1.183  EBR_R6C7.DOA8 to      R4C10C.D1 system/cpu/engine/a_select_2[0]
CTOF_DEL    ---     0.495      R4C10C.D1 to      R4C10C.F1 system/cpu/engine/SLICE_570
ROUTE         1     0.967      R4C10C.F1 to      R4C10C.A0 system/cpu/engine/un6_select_register[1]
CTOF_DEL    ---     0.495      R4C10C.A0 to      R4C10C.F0 system/cpu/engine/SLICE_570
ROUTE        18     1.794      R4C10C.F0 to      R2C11B.B1 system/cpu/engine/select_register_5[1]
CTOF_DEL    ---     0.495      R2C11B.B1 to      R2C11B.F1 system/cpu/engine/SLICE_43
ROUTE        10     1.316      R2C11B.F1 to      R4C11A.A1 system/address[15]
CTOF_DEL    ---     0.495      R4C11A.A1 to      R4C11A.F1 system/bus/SLICE_456
ROUTE        13     0.651      R4C11A.F1 to      R4C11C.D0 system/bus/io_page
CTOF_DEL    ---     0.495      R4C11C.D0 to      R4C11C.F0 system/bus/SLICE_597
ROUTE         2     0.632      R4C11C.F0 to      R3C11C.D0 system/bus/service_dma_selected_1
CTOF_DEL    ---     0.495      R3C11C.D0 to      R3C11C.F0 system/SLICE_466
ROUTE         6     1.490      R3C11C.F0 to      R5C16D.D0 system/bus/service_dma_selected
CTOF_DEL    ---     0.495      R5C16D.D0 to      R5C16D.F0 system/bus/SLICE_453
ROUTE         5     0.453      R5C16D.F0 to      R5C16D.C1 system/bus/cpu_io_page
CTOF_DEL    ---     0.495      R5C16D.C1 to      R5C16D.F1 system/bus/SLICE_453
ROUTE         5     0.965      R5C16D.F1 to      R4C14A.D1 system/bus/rk_ds_selected
CTOF_DEL    ---     0.495      R4C14A.D1 to      R4C14A.F1 system/bus/SLICE_375
ROUTE         2     0.967      R4C14A.F1 to      R3C13B.D1 system/bus/rk_fixed_selected
CTOF_DEL    ---     0.495      R3C13B.D1 to      R3C13B.F1 system/SLICE_249
ROUTE         3     0.640      R3C13B.F1 to      R2C13A.D1 system/raw_ack
CTOF_DEL    ---     0.495      R2C13A.D1 to      R2C13A.F1 system/cpu/engine/SLICE_196
ROUTE         7     0.643      R2C13A.F1 to      R2C13D.D1 system/cpu/engine/bus_fault[1]
CTOF_DEL    ---     0.495      R2C13D.D1 to      R2C13D.F1 system/cpu/engine/SLICE_534
ROUTE         1     0.436      R2C13D.F1 to      R2C13D.C0 system/cpu/engine/effective_ack
CTOF_DEL    ---     0.495      R2C13D.C0 to      R2C13D.F0 system/cpu/engine/SLICE_534
ROUTE         1     1.656      R2C13D.F0 to       R5C9C.D0 system/cpu/engine/un1_complete
CTOF_DEL    ---     0.495       R5C9C.D0 to       R5C9C.F0 system/cpu/engine/SLICE_362
ROUTE         2     0.967       R5C9C.F0 to       R5C7A.D0 system/cpu/engine/step_1
CTOF_DEL    ---     0.495       R5C7A.D0 to       R5C7A.F0 system/cpu/engine/SLICE_361
ROUTE         9     1.444       R5C7A.F0 to      R7C13B.C0 system/cpu/engine/step
CTOF_DEL    ---     0.495      R7C13B.C0 to      R7C13B.F0 system/cpu/engine/SLICE_550
ROUTE        10     2.809      R7C13B.F0 to       R4C2A.CE system/cpu/engine/dp/un1_q20_i (to clk)
                  --------
                   31.912   (40.4% logic, 59.6% route), 17 logic levels.

 Clock Skew Details: 

      Source Clock Path oscillator to system/cpu/engine/rom/lane_2:

   Name    Fanout   Delay (ns)          Site               Resource
ROUTE       249     3.714        OSC.OSC to  EBR_R6C7.CLKA clk
                  --------
                    3.714   (0.0% logic, 100.0% route), 0 logic levels.

      Destination Clock Path oscillator to system/cpu/engine/dp/SLICE_189:

   Name    Fanout   Delay (ns)          Site               Resource
ROUTE       249     3.541        OSC.OSC to      R4C2A.CLK clk
                  --------
                    3.541   (0.0% logic, 100.0% route), 0 logic levels.


Passed: The following path meets requirements by 1.462ns

 Logical Details:  Cell type  Pin type       Cell/ASIC name  (clock net +/-)

   Source:         DP8KC      Port           system/cpu/engine/rom/lane_2(ASIC)  (from clk +)
   Destination:    FF         Data in        system/cpu/engine/dp/q[1]  (to clk +)

   Delay:              31.912ns  (40.4% logic, 59.6% route), 17 logic levels.

 Constraint Details:

     31.912ns physical path delay system/cpu/engine/rom/lane_2 to system/cpu/engine/dp/SLICE_187 meets
     33.829ns delay constraint less
      0.173ns skew and
      0.282ns CE_SET requirement (totaling 33.374ns) by 1.462ns

 Physical Path Details:

      Data path system/cpu/engine/rom/lane_2 to system/cpu/engine/dp/SLICE_187:

   Name    Fanout   Delay (ns)          Site               Resource
C2Q_DEL     ---     4.979  EBR_R6C7.CLKA to  EBR_R6C7.DOA8 system/cpu/engine/rom/lane_2 (from clk)
ROUTE         4     1.183  EBR_R6C7.DOA8 to      R4C10C.D1 system/cpu/engine/a_select_2[0]
CTOF_DEL    ---     0.495      R4C10C.D1 to      R4C10C.F1 system/cpu/engine/SLICE_570
ROUTE         1     0.967      R4C10C.F1 to      R4C10C.A0 system/cpu/engine/un6_select_register[1]
CTOF_DEL    ---     0.495      R4C10C.A0 to      R4C10C.F0 system/cpu/engine/SLICE_570
ROUTE        18     1.794      R4C10C.F0 to      R2C11B.B1 system/cpu/engine/select_register_5[1]
CTOF_DEL    ---     0.495      R2C11B.B1 to      R2C11B.F1 system/cpu/engine/SLICE_43
ROUTE        10     1.316      R2C11B.F1 to      R4C11A.A1 system/address[15]
CTOF_DEL    ---     0.495      R4C11A.A1 to      R4C11A.F1 system/bus/SLICE_456
ROUTE        13     0.651      R4C11A.F1 to      R4C11C.D0 system/bus/io_page
CTOF_DEL    ---     0.495      R4C11C.D0 to      R4C11C.F0 system/bus/SLICE_597
ROUTE         2     0.632      R4C11C.F0 to      R3C11C.D0 system/bus/service_dma_selected_1
CTOF_DEL    ---     0.495      R3C11C.D0 to      R3C11C.F0 system/SLICE_466
ROUTE         6     1.490      R3C11C.F0 to      R5C16D.D0 system/bus/service_dma_selected
CTOF_DEL    ---     0.495      R5C16D.D0 to      R5C16D.F0 system/bus/SLICE_453
ROUTE         5     0.453      R5C16D.F0 to      R5C16D.C1 system/bus/cpu_io_page
CTOF_DEL    ---     0.495      R5C16D.C1 to      R5C16D.F1 system/bus/SLICE_453
ROUTE         5     0.965      R5C16D.F1 to      R4C14A.D1 system/bus/rk_ds_selected
CTOF_DEL    ---     0.495      R4C14A.D1 to      R4C14A.F1 system/bus/SLICE_375
ROUTE         2     0.967      R4C14A.F1 to      R3C13B.D1 system/bus/rk_fixed_selected
CTOF_DEL    ---     0.495      R3C13B.D1 to      R3C13B.F1 system/SLICE_249
ROUTE         3     0.640      R3C13B.F1 to      R2C13A.D1 system/raw_ack
CTOF_DEL    ---     0.495      R2C13A.D1 to      R2C13A.F1 system/cpu/engine/SLICE_196
ROUTE         7     0.643      R2C13A.F1 to      R2C13D.D1 system/cpu/engine/bus_fault[1]
CTOF_DEL    ---     0.495      R2C13D.D1 to      R2C13D.F1 system/cpu/engine/SLICE_534
ROUTE         1     0.436      R2C13D.F1 to      R2C13D.C0 system/cpu/engine/effective_ack
CTOF_DEL    ---     0.495      R2C13D.C0 to      R2C13D.F0 system/cpu/engine/SLICE_534
ROUTE         1     1.656      R2C13D.F0 to       R5C9C.D0 system/cpu/engine/un1_complete
CTOF_DEL    ---     0.495       R5C9C.D0 to       R5C9C.F0 system/cpu/engine/SLICE_362
ROUTE         2     0.967       R5C9C.F0 to       R5C7A.D0 system/cpu/engine/step_1
CTOF_DEL    ---     0.495       R5C7A.D0 to       R5C7A.F0 system/cpu/engine/SLICE_361
ROUTE         9     1.444       R5C7A.F0 to      R7C13B.C0 system/cpu/engine/step
CTOF_DEL    ---     0.495      R7C13B.C0 to      R7C13B.F0 system/cpu/engine/SLICE_550
ROUTE        10     2.809      R7C13B.F0 to       R5C2C.CE system/cpu/engine/dp/un1_q20_i (to clk)
                  --------
                   31.912   (40.4% logic, 59.6% route), 17 logic levels.

 Clock Skew Details: 

      Source Clock Path oscillator to system/cpu/engine/rom/lane_2:

   Name    Fanout   Delay (ns)          Site               Resource
ROUTE       249     3.714        OSC.OSC to  EBR_R6C7.CLKA clk
                  --------
                    3.714   (0.0% logic, 100.0% route), 0 logic levels.

      Destination Clock Path oscillator to system/cpu/engine/dp/SLICE_187:

   Name    Fanout   Delay (ns)          Site               Resource
ROUTE       249     3.541        OSC.OSC to      R5C2C.CLK clk
                  --------
                    3.541   (0.0% logic, 100.0% route), 0 logic levels.


Passed: The following path meets requirements by 1.462ns

 Logical Details:  Cell type  Pin type       Cell/ASIC name  (clock net +/-)

   Source:         DP8KC      Port           system/cpu/engine/rom/lane_2(ASIC)  (from clk +)
   Destination:    FF         Data in        system/cpu/engine/dp/q[15]  (to clk +)
                   FF                        system/cpu/engine/dp/q[14]

   Delay:              31.912ns  (40.4% logic, 59.6% route), 17 logic levels.

 Constraint Details:

     31.912ns physical path delay system/cpu/engine/rom/lane_2 to system/cpu/engine/dp/SLICE_195 meets
     33.829ns delay constraint less
      0.173ns skew and
      0.282ns CE_SET requirement (totaling 33.374ns) by 1.462ns

 Physical Path Details:

      Data path system/cpu/engine/rom/lane_2 to system/cpu/engine/dp/SLICE_195:

   Name    Fanout   Delay (ns)          Site               Resource
C2Q_DEL     ---     4.979  EBR_R6C7.CLKA to  EBR_R6C7.DOA8 system/cpu/engine/rom/lane_2 (from clk)
ROUTE         4     1.183  EBR_R6C7.DOA8 to      R4C10C.D1 system/cpu/engine/a_select_2[0]
CTOF_DEL    ---     0.495      R4C10C.D1 to      R4C10C.F1 system/cpu/engine/SLICE_570
ROUTE         1     0.967      R4C10C.F1 to      R4C10C.A0 system/cpu/engine/un6_select_register[1]
CTOF_DEL    ---     0.495      R4C10C.A0 to      R4C10C.F0 system/cpu/engine/SLICE_570
ROUTE        18     1.794      R4C10C.F0 to      R2C11B.B1 system/cpu/engine/select_register_5[1]
CTOF_DEL    ---     0.495      R2C11B.B1 to      R2C11B.F1 system/cpu/engine/SLICE_43
ROUTE        10     1.316      R2C11B.F1 to      R4C11A.A1 system/address[15]
CTOF_DEL    ---     0.495      R4C11A.A1 to      R4C11A.F1 system/bus/SLICE_456
ROUTE        13     0.651      R4C11A.F1 to      R4C11C.D0 system/bus/io_page
CTOF_DEL    ---     0.495      R4C11C.D0 to      R4C11C.F0 system/bus/SLICE_597
ROUTE         2     0.632      R4C11C.F0 to      R3C11C.D0 system/bus/service_dma_selected_1
CTOF_DEL    ---     0.495      R3C11C.D0 to      R3C11C.F0 system/SLICE_466
ROUTE         6     1.490      R3C11C.F0 to      R5C16D.D0 system/bus/service_dma_selected
CTOF_DEL    ---     0.495      R5C16D.D0 to      R5C16D.F0 system/bus/SLICE_453
ROUTE         5     0.453      R5C16D.F0 to      R5C16D.C1 system/bus/cpu_io_page
CTOF_DEL    ---     0.495      R5C16D.C1 to      R5C16D.F1 system/bus/SLICE_453
ROUTE         5     0.965      R5C16D.F1 to      R4C14A.D1 system/bus/rk_ds_selected
CTOF_DEL    ---     0.495      R4C14A.D1 to      R4C14A.F1 system/bus/SLICE_375
ROUTE         2     0.967      R4C14A.F1 to      R3C13B.D1 system/bus/rk_fixed_selected
CTOF_DEL    ---     0.495      R3C13B.D1 to      R3C13B.F1 system/SLICE_249
ROUTE         3     0.640      R3C13B.F1 to      R2C13A.D1 system/raw_ack
CTOF_DEL    ---     0.495      R2C13A.D1 to      R2C13A.F1 system/cpu/engine/SLICE_196
ROUTE         7     0.643      R2C13A.F1 to      R2C13D.D1 system/cpu/engine/bus_fault[1]
CTOF_DEL    ---     0.495      R2C13D.D1 to      R2C13D.F1 system/cpu/engine/SLICE_534
ROUTE         1     0.436      R2C13D.F1 to      R2C13D.C0 system/cpu/engine/effective_ack
CTOF_DEL    ---     0.495      R2C13D.C0 to      R2C13D.F0 system/cpu/engine/SLICE_534
ROUTE         1     1.656      R2C13D.F0 to       R5C9C.D0 system/cpu/engine/un1_complete
CTOF_DEL    ---     0.495       R5C9C.D0 to       R5C9C.F0 system/cpu/engine/SLICE_362
ROUTE         2     0.967       R5C9C.F0 to       R5C7A.D0 system/cpu/engine/step_1
CTOF_DEL    ---     0.495       R5C7A.D0 to       R5C7A.F0 system/cpu/engine/SLICE_361
ROUTE         9     1.444       R5C7A.F0 to      R7C13B.C0 system/cpu/engine/step
CTOF_DEL    ---     0.495      R7C13B.C0 to      R7C13B.F0 system/cpu/engine/SLICE_550
ROUTE        10     2.809      R7C13B.F0 to       R4C4C.CE system/cpu/engine/dp/un1_q20_i (to clk)
                  --------
                   31.912   (40.4% logic, 59.6% route), 17 logic levels.

 Clock Skew Details: 

      Source Clock Path oscillator to system/cpu/engine/rom/lane_2:

   Name    Fanout   Delay (ns)          Site               Resource
ROUTE       249     3.714        OSC.OSC to  EBR_R6C7.CLKA clk
                  --------
                    3.714   (0.0% logic, 100.0% route), 0 logic levels.

      Destination Clock Path oscillator to system/cpu/engine/dp/SLICE_195:

   Name    Fanout   Delay (ns)          Site               Resource
ROUTE       249     3.541        OSC.OSC to      R4C4C.CLK clk
                  --------
                    3.541   (0.0% logic, 100.0% route), 0 logic levels.


Passed: The following path meets requirements by 1.462ns

 Logical Details:  Cell type  Pin type       Cell/ASIC name  (clock net +/-)

   Source:         DP8KC      Port           system/cpu/engine/rom/lane_2(ASIC)  (from clk +)
   Destination:    FF         Data in        system/cpu/engine/dp/q[11]  (to clk +)
                   FF                        system/cpu/engine/dp/q[10]

   Delay:              31.912ns  (40.4% logic, 59.6% route), 17 logic levels.

 Constraint Details:

     31.912ns physical path delay system/cpu/engine/rom/lane_2 to system/cpu/engine/dp/SLICE_193 meets
     33.829ns delay constraint less
      0.173ns skew and
      0.282ns CE_SET requirement (totaling 33.374ns) by 1.462ns

 Physical Path Details:

      Data path system/cpu/engine/rom/lane_2 to system/cpu/engine/dp/SLICE_193:

   Name    Fanout   Delay (ns)          Site               Resource
C2Q_DEL     ---     4.979  EBR_R6C7.CLKA to  EBR_R6C7.DOA8 system/cpu/engine/rom/lane_2 (from clk)
ROUTE         4     1.183  EBR_R6C7.DOA8 to      R4C10C.D1 system/cpu/engine/a_select_2[0]
CTOF_DEL    ---     0.495      R4C10C.D1 to      R4C10C.F1 system/cpu/engine/SLICE_570
ROUTE         1     0.967      R4C10C.F1 to      R4C10C.A0 system/cpu/engine/un6_select_register[1]
CTOF_DEL    ---     0.495      R4C10C.A0 to      R4C10C.F0 system/cpu/engine/SLICE_570
ROUTE        18     1.794      R4C10C.F0 to      R2C11B.B1 system/cpu/engine/select_register_5[1]
CTOF_DEL    ---     0.495      R2C11B.B1 to      R2C11B.F1 system/cpu/engine/SLICE_43
ROUTE        10     1.316      R2C11B.F1 to      R4C11A.A1 system/address[15]
CTOF_DEL    ---     0.495      R4C11A.A1 to      R4C11A.F1 system/bus/SLICE_456
ROUTE        13     0.651      R4C11A.F1 to      R4C11C.D0 system/bus/io_page
CTOF_DEL    ---     0.495      R4C11C.D0 to      R4C11C.F0 system/bus/SLICE_597
ROUTE         2     0.632      R4C11C.F0 to      R3C11C.D0 system/bus/service_dma_selected_1
CTOF_DEL    ---     0.495      R3C11C.D0 to      R3C11C.F0 system/SLICE_466
ROUTE         6     1.490      R3C11C.F0 to      R5C16D.D0 system/bus/service_dma_selected
CTOF_DEL    ---     0.495      R5C16D.D0 to      R5C16D.F0 system/bus/SLICE_453
ROUTE         5     0.453      R5C16D.F0 to      R5C16D.C1 system/bus/cpu_io_page
CTOF_DEL    ---     0.495      R5C16D.C1 to      R5C16D.F1 system/bus/SLICE_453
ROUTE         5     0.965      R5C16D.F1 to      R4C14A.D1 system/bus/rk_ds_selected
CTOF_DEL    ---     0.495      R4C14A.D1 to      R4C14A.F1 system/bus/SLICE_375
ROUTE         2     0.967      R4C14A.F1 to      R3C13B.D1 system/bus/rk_fixed_selected
CTOF_DEL    ---     0.495      R3C13B.D1 to      R3C13B.F1 system/SLICE_249
ROUTE         3     0.640      R3C13B.F1 to      R2C13A.D1 system/raw_ack
CTOF_DEL    ---     0.495      R2C13A.D1 to      R2C13A.F1 system/cpu/engine/SLICE_196
ROUTE         7     0.643      R2C13A.F1 to      R2C13D.D1 system/cpu/engine/bus_fault[1]
CTOF_DEL    ---     0.495      R2C13D.D1 to      R2C13D.F1 system/cpu/engine/SLICE_534
ROUTE         1     0.436      R2C13D.F1 to      R2C13D.C0 system/cpu/engine/effective_ack
CTOF_DEL    ---     0.495      R2C13D.C0 to      R2C13D.F0 system/cpu/engine/SLICE_534
ROUTE         1     1.656      R2C13D.F0 to       R5C9C.D0 system/cpu/engine/un1_complete
CTOF_DEL    ---     0.495       R5C9C.D0 to       R5C9C.F0 system/cpu/engine/SLICE_362
ROUTE         2     0.967       R5C9C.F0 to       R5C7A.D0 system/cpu/engine/step_1
CTOF_DEL    ---     0.495       R5C7A.D0 to       R5C7A.F0 system/cpu/engine/SLICE_361
ROUTE         9     1.444       R5C7A.F0 to      R7C13B.C0 system/cpu/engine/step
CTOF_DEL    ---     0.495      R7C13B.C0 to      R7C13B.F0 system/cpu/engine/SLICE_550
ROUTE        10     2.809      R7C13B.F0 to       R5C4D.CE system/cpu/engine/dp/un1_q20_i (to clk)
                  --------
                   31.912   (40.4% logic, 59.6% route), 17 logic levels.

 Clock Skew Details: 

      Source Clock Path oscillator to system/cpu/engine/rom/lane_2:

   Name    Fanout   Delay (ns)          Site               Resource
ROUTE       249     3.714        OSC.OSC to  EBR_R6C7.CLKA clk
                  --------
                    3.714   (0.0% logic, 100.0% route), 0 logic levels.

      Destination Clock Path oscillator to system/cpu/engine/dp/SLICE_193:

   Name    Fanout   Delay (ns)          Site               Resource
ROUTE       249     3.541        OSC.OSC to      R5C4D.CLK clk
                  --------
                    3.541   (0.0% logic, 100.0% route), 0 logic levels.


Passed: The following path meets requirements by 1.462ns

 Logical Details:  Cell type  Pin type       Cell/ASIC name  (clock net +/-)

   Source:         DP8KC      Port           system/cpu/engine/rom/lane_2(ASIC)  (from clk +)
   Destination:    FF         Data in        system/cpu/engine/dp/q[7]  (to clk +)
                   FF                        system/cpu/engine/dp/q[6]

   Delay:              31.912ns  (40.4% logic, 59.6% route), 17 logic levels.

 Constraint Details:

     31.912ns physical path delay system/cpu/engine/rom/lane_2 to system/cpu/engine/dp/SLICE_191 meets
     33.829ns delay constraint less
      0.173ns skew and
      0.282ns CE_SET requirement (totaling 33.374ns) by 1.462ns

 Physical Path Details:

      Data path system/cpu/engine/rom/lane_2 to system/cpu/engine/dp/SLICE_191:

   Name    Fanout   Delay (ns)          Site               Resource
C2Q_DEL     ---     4.979  EBR_R6C7.CLKA to  EBR_R6C7.DOA8 system/cpu/engine/rom/lane_2 (from clk)
ROUTE         4     1.183  EBR_R6C7.DOA8 to      R4C10C.D1 system/cpu/engine/a_select_2[0]
CTOF_DEL    ---     0.495      R4C10C.D1 to      R4C10C.F1 system/cpu/engine/SLICE_570
ROUTE         1     0.967      R4C10C.F1 to      R4C10C.A0 system/cpu/engine/un6_select_register[1]
CTOF_DEL    ---     0.495      R4C10C.A0 to      R4C10C.F0 system/cpu/engine/SLICE_570
ROUTE        18     1.794      R4C10C.F0 to      R2C11B.B1 system/cpu/engine/select_register_5[1]
CTOF_DEL    ---     0.495      R2C11B.B1 to      R2C11B.F1 system/cpu/engine/SLICE_43
ROUTE        10     1.316      R2C11B.F1 to      R4C11A.A1 system/address[15]
CTOF_DEL    ---     0.495      R4C11A.A1 to      R4C11A.F1 system/bus/SLICE_456
ROUTE        13     0.651      R4C11A.F1 to      R4C11C.D0 system/bus/io_page
CTOF_DEL    ---     0.495      R4C11C.D0 to      R4C11C.F0 system/bus/SLICE_597
ROUTE         2     0.632      R4C11C.F0 to      R3C11C.D0 system/bus/service_dma_selected_1
CTOF_DEL    ---     0.495      R3C11C.D0 to      R3C11C.F0 system/SLICE_466
ROUTE         6     1.490      R3C11C.F0 to      R5C16D.D0 system/bus/service_dma_selected
CTOF_DEL    ---     0.495      R5C16D.D0 to      R5C16D.F0 system/bus/SLICE_453
ROUTE         5     0.453      R5C16D.F0 to      R5C16D.C1 system/bus/cpu_io_page
CTOF_DEL    ---     0.495      R5C16D.C1 to      R5C16D.F1 system/bus/SLICE_453
ROUTE         5     0.965      R5C16D.F1 to      R4C14A.D1 system/bus/rk_ds_selected
CTOF_DEL    ---     0.495      R4C14A.D1 to      R4C14A.F1 system/bus/SLICE_375
ROUTE         2     0.967      R4C14A.F1 to      R3C13B.D1 system/bus/rk_fixed_selected
CTOF_DEL    ---     0.495      R3C13B.D1 to      R3C13B.F1 system/SLICE_249
ROUTE         3     0.640      R3C13B.F1 to      R2C13A.D1 system/raw_ack
CTOF_DEL    ---     0.495      R2C13A.D1 to      R2C13A.F1 system/cpu/engine/SLICE_196
ROUTE         7     0.643      R2C13A.F1 to      R2C13D.D1 system/cpu/engine/bus_fault[1]
CTOF_DEL    ---     0.495      R2C13D.D1 to      R2C13D.F1 system/cpu/engine/SLICE_534
ROUTE         1     0.436      R2C13D.F1 to      R2C13D.C0 system/cpu/engine/effective_ack
CTOF_DEL    ---     0.495      R2C13D.C0 to      R2C13D.F0 system/cpu/engine/SLICE_534
ROUTE         1     1.656      R2C13D.F0 to       R5C9C.D0 system/cpu/engine/un1_complete
CTOF_DEL    ---     0.495       R5C9C.D0 to       R5C9C.F0 system/cpu/engine/SLICE_362
ROUTE         2     0.967       R5C9C.F0 to       R5C7A.D0 system/cpu/engine/step_1
CTOF_DEL    ---     0.495       R5C7A.D0 to       R5C7A.F0 system/cpu/engine/SLICE_361
ROUTE         9     1.444       R5C7A.F0 to      R7C13B.C0 system/cpu/engine/step
CTOF_DEL    ---     0.495      R7C13B.C0 to      R7C13B.F0 system/cpu/engine/SLICE_550
ROUTE        10     2.809      R7C13B.F0 to       R4C3B.CE system/cpu/engine/dp/un1_q20_i (to clk)
                  --------
                   31.912   (40.4% logic, 59.6% route), 17 logic levels.

 Clock Skew Details: 

      Source Clock Path oscillator to system/cpu/engine/rom/lane_2:

   Name    Fanout   Delay (ns)          Site               Resource
ROUTE       249     3.714        OSC.OSC to  EBR_R6C7.CLKA clk
                  --------
                    3.714   (0.0% logic, 100.0% route), 0 logic levels.

      Destination Clock Path oscillator to system/cpu/engine/dp/SLICE_191:

   Name    Fanout   Delay (ns)          Site               Resource
ROUTE       249     3.541        OSC.OSC to      R4C3B.CLK clk
                  --------
                    3.541   (0.0% logic, 100.0% route), 0 logic levels.

Report:   30.896MHz is the maximum frequency for this preference.


================================================================================
Preference: Unconstrained: CLOCK_DOMAIN
            0 unconstrained paths found
--------------------------------------------------------------------------------


================================================================================
Preference: Unconstrained: INPUT_SETUP
            8 unconstrained paths found
--------------------------------------------------------------------------------

Unconstrained Preference:
   INPUT_SETUP PORT "res" CLKNET "clk" 

Report:    4.536ns delay res to SLICE_359 (3.803ns delay and 0.733ns setup)

   Name    Fanout   Delay (ns)          Site               Resource
PADI_DEL    ---     1.132          4.PAD to        4.PADDI res
ROUTE         1     2.671        4.PADDI to     R7C12B.LSR res_c (to clk)
                  --------
                    3.803   (29.8% logic, 70.2% route), 1 logic levels.

Unconstrained Preference:
   INPUT_SETUP PORT "gpio_key_row[0]" CLKNET "clk" 

Report:    2.292ns delay gpio_key_row[0] to gpio_key_row[0]_MGIOL (1.697ns delay and 0.595ns setup)

   Name    Fanout   Delay (ns)          Site               Resource
PADI_DEL    ---     1.132         29.PAD to       29.PADDI gpio_key_row[0]
ROUTE         1     0.565       29.PADDI to    IOL_T11D.DI gpio_key_row_in[0] (to clk)
                  --------
                    1.697   (66.7% logic, 33.3% route), 1 logic levels.

Unconstrained Preference:
   INPUT_SETUP PORT "gpio_key_row[1]" CLKNET "clk" 

Report:    2.292ns delay gpio_key_row[1] to gpio_key_row[1]_MGIOL (1.697ns delay and 0.595ns setup)

   Name    Fanout   Delay (ns)          Site               Resource
PADI_DEL    ---     1.132         30.PAD to       30.PADDI gpio_key_row[1]
ROUTE         1     0.565       30.PADDI to    IOL_T11C.DI gpio_key_row_in[1] (to clk)
                  --------
                    1.697   (66.7% logic, 33.3% route), 1 logic levels.

Unconstrained Preference:
   INPUT_SETUP PORT "gpio_key_row[2]" CLKNET "clk" 

Report:    2.292ns delay gpio_key_row[2] to gpio_key_row[2]_MGIOL (1.697ns delay and 0.595ns setup)

   Name    Fanout   Delay (ns)          Site               Resource
PADI_DEL    ---     1.132         32.PAD to       32.PADDI gpio_key_row[2]
ROUTE         1     0.565       32.PADDI to    IOL_T10D.DI gpio_key_row_in[2] (to clk)
                  --------
                    1.697   (66.7% logic, 33.3% route), 1 logic levels.

Unconstrained Preference:
   INPUT_SETUP PORT "gpio_key_row[3]" CLKNET "clk" 

Report:    2.292ns delay gpio_key_row[3] to gpio_key_row[3]_MGIOL (1.697ns delay and 0.595ns setup)

   Name    Fanout   Delay (ns)          Site               Resource
PADI_DEL    ---     1.132          1.PAD to        1.PADDI gpio_key_row[3]
ROUTE         1     0.565        1.PADDI to    IOL_T10C.DI gpio_key_row_in[3] (to clk)
                  --------
                    1.697   (66.7% logic, 33.3% route), 1 logic levels.

Unconstrained Preference:
   INPUT_SETUP PORT "rx" CLKNET "clk" 

Report:    2.292ns delay rx to rx_MGIOL (1.697ns delay and 0.595ns setup)

   Name    Fanout   Delay (ns)          Site               Resource
PADI_DEL    ---     1.132         25.PAD to       25.PADDI rx
ROUTE         1     0.565       25.PADDI to    IOL_T15D.DI rx_c (to clk)
                  --------
                    1.697   (66.7% logic, 33.3% route), 1 logic levels.

Unconstrained Preference:
   INPUT_SETUP PORT "sd_miso" CLKNET "clk" 

Report:    2.292ns delay sd_miso to sd_miso_MGIOL (1.697ns delay and 0.595ns setup)

   Name    Fanout   Delay (ns)          Site               Resource
PADI_DEL    ---     1.132         28.PAD to       28.PADDI sd_miso
ROUTE         1     0.565       28.PADDI to    IOL_T12C.DI sd_miso_c (to clk)
                  --------
                    1.697   (66.7% logic, 33.3% route), 1 logic levels.

Unconstrained Preference:
   INPUT_SETUP PORT "gpio_miso" CLKNET "clk" 

Report:    2.111ns delay gpio_miso to gpio_miso_MGIOL (1.516ns delay and 0.595ns setup)

   Name    Fanout   Delay (ns)          Site               Resource
PADI_DEL    ---     1.132         10.PAD to       10.PADDI gpio_miso
ROUTE         1     0.384       10.PADDI to     IOL_B6D.DI gpio_miso_c (to clk)
                  --------
                    1.516   (74.7% logic, 25.3% route), 1 logic levels.


================================================================================
Preference: Unconstrained: CLOCK_TO_OUT
            18 unconstrained paths found
--------------------------------------------------------------------------------

Unconstrained Preference:
   CLOCK_TO_OUT PORT "gpio_key_row[3]" CLKNET "clk" 

Report:    7.865ns delay system/SLICE_145 to gpio_key_row[3]

   Name    Fanout   Delay (ns)          Site               Resource
REG_DEL     ---     0.452     R5C15B.CLK to      R5C15B.Q0 system/SLICE_145 (from clk)
ROUTE         3     3.233      R5C15B.Q0 to        1.PADDT system/bus/host_miso_oe
TDTS_DEL    ---     4.180        1.PADDT to          1.PAD gpio_key_row[3]
                  --------
                    7.865   (58.9% logic, 41.1% route), 2 logic levels.

Unconstrained Preference:
   CLOCK_TO_OUT PORT "tx" CLKNET "clk" 

Report:    7.322ns delay system/bus/fixed_uart.console/SLICE_105 to tx

   Name    Fanout   Delay (ns)          Site               Resource
REG_DEL     ---     0.452     R7C21C.CLK to      R7C21C.Q0 system/bus/fixed_uart.console/SLICE_105 (from clk)
ROUTE        20     1.559      R7C21C.Q0 to      R5C20D.A1 system/bus/fixed_uart.console/tx_busy
CTOF_DEL    ---     0.495      R5C20D.A1 to      R5C20D.F1 system/bus/fixed_uart.console/SLICE_118
ROUTE         1     2.019      R5C20D.F1 to       23.PADDO tx_c
DOPAD_DEL   ---     2.797       23.PADDO to         23.PAD tx
                  --------
                    7.322   (51.1% logic, 48.9% route), 3 logic levels.

Unconstrained Preference:
   CLOCK_TO_OUT PORT "gpio_clk" CLKNET "clk" 

Report:    7.181ns delay system/SLICE_61 to gpio_clk

   Name    Fanout   Delay (ns)          Site               Resource
REG_DEL     ---     0.452     R7C14C.CLK to      R7C14C.Q0 system/SLICE_61 (from clk)
ROUTE         2     3.932      R7C14C.Q0 to       12.PADDO gpio_clk_c
DOPAD_DEL   ---     2.797       12.PADDO to         12.PAD gpio_clk
                  --------
                    7.181   (45.2% logic, 54.8% route), 2 logic levels.

Unconstrained Preference:
   CLOCK_TO_OUT PORT "tx" CLKNET "clk" 

Report:    6.920ns delay system/bus/fixed_uart.console/SLICE_114 to tx

   Name    Fanout   Delay (ns)          Site               Resource
REG_DEL     ---     0.452     R5C21D.CLK to      R5C21D.Q0 system/bus/fixed_uart.console/SLICE_114 (from clk)
ROUTE         1     1.157      R5C21D.Q0 to      R5C20D.D1 system/bus/fixed_uart.console/tx_shift[0]
CTOF_DEL    ---     0.495      R5C20D.D1 to      R5C20D.F1 system/bus/fixed_uart.console/SLICE_118
ROUTE         1     2.019      R5C20D.F1 to       23.PADDO tx_c
DOPAD_DEL   ---     2.797       23.PADDO to         23.PAD tx
                  --------
                    6.920   (54.1% logic, 45.9% route), 3 logic levels.

Unconstrained Preference:
   CLOCK_TO_OUT PORT "tx" CLKNET "clk" 

Report:    6.793ns delay system/SLICE_641 to tx

   Name    Fanout   Delay (ns)          Site               Resource
REG_DEL     ---     0.452     R5C18B.CLK to      R5C18B.Q0 system/SLICE_641 (from clk)
ROUTE         2     1.030      R5C18B.Q0 to      R5C20D.B1 system/bus/fixed_uart.console/tx_break
CTOF_DEL    ---     0.495      R5C20D.B1 to      R5C20D.F1 system/bus/fixed_uart.console/SLICE_118
ROUTE         1     2.019      R5C20D.F1 to       23.PADDO tx_c
DOPAD_DEL   ---     2.797       23.PADDO to         23.PAD tx
                  --------
                    6.793   (55.1% logic, 44.9% route), 3 logic levels.

Unconstrained Preference:
   CLOCK_TO_OUT PORT "sd_mosi" CLKNET "clk" 

Report:    6.495ns delay system/bus/byte_sd/SLICE_88 to sd_mosi

   Name    Fanout   Delay (ns)          Site               Resource
REG_DEL     ---     0.452     R3C19B.CLK to      R3C19B.Q1 system/bus/byte_sd/SLICE_88 (from clk)
ROUTE         1     1.023      R3C19B.Q1 to      R3C21B.B1 system/bus/byte_sd/tx_shift[7]
CTOF_DEL    ---     0.495      R3C21B.B1 to      R3C21B.F1 system/bus/byte_sd/SLICE_69
ROUTE         1     1.728      R3C21B.F1 to       21.PADDO sd_mosi_c
DOPAD_DEL   ---     2.797       21.PADDO to         21.PAD sd_mosi
                  --------
                    6.495   (57.6% logic, 42.4% route), 3 logic levels.

Unconstrained Preference:
   CLOCK_TO_OUT PORT "gpio_rs" CLKNET "clk" 

Report:    6.252ns delay system/bus/SLICE_65 to gpio_rs

   Name    Fanout   Delay (ns)          Site               Resource
REG_DEL     ---     0.452     R7C14A.CLK to      R7C14A.Q0 system/bus/SLICE_65 (from clk)
ROUTE         2     3.003      R7C14A.Q0 to       11.PADDO gpio_rs_c
DOPAD_DEL   ---     2.797       11.PADDO to         11.PAD gpio_rs
                  --------
                    6.252   (52.0% logic, 48.0% route), 2 logic levels.

Unconstrained Preference:
   CLOCK_TO_OUT PORT "gpio_ce" CLKNET "clk" 

Report:    6.195ns delay system/SLICE_60 to gpio_ce

   Name    Fanout   Delay (ns)          Site               Resource
REG_DEL     ---     0.452     R7C15B.CLK to      R7C15B.Q0 system/SLICE_60 (from clk)
ROUTE         3     2.946      R7C15B.Q0 to       14.PADDO gpio_ce_c
DOPAD_DEL   ---     2.797       14.PADDO to         14.PAD gpio_ce
                  --------
                    6.195   (52.4% logic, 47.6% route), 2 logic levels.

Unconstrained Preference:
   CLOCK_TO_OUT PORT "sd_mosi" CLKNET "clk" 

Report:    6.173ns delay system/bus/byte_sd/SLICE_77 to sd_mosi

   Name    Fanout   Delay (ns)          Site               Resource
REG_DEL     ---     0.452     R3C20B.CLK to      R3C20B.Q0 system/bus/byte_sd/SLICE_77 (from clk)
ROUTE        23     0.701      R3C20B.Q0 to      R3C21B.D1 system/bus/byte_sd/busy
CTOF_DEL    ---     0.495      R3C21B.D1 to      R3C21B.F1 system/bus/byte_sd/SLICE_69
ROUTE         1     1.728      R3C21B.F1 to       21.PADDO sd_mosi_c
DOPAD_DEL   ---     2.797       21.PADDO to         21.PAD sd_mosi
                  --------
                    6.173   (60.7% logic, 39.3% route), 3 logic levels.

Unconstrained Preference:
   CLOCK_TO_OUT PORT "sd_cs_n" CLKNET "clk" 

Report:    6.025ns delay system/bus/SLICE_68 to sd_cs_n

   Name    Fanout   Delay (ns)          Site               Resource
REG_DEL     ---     0.452     R5C14C.CLK to      R5C14C.Q0 system/bus/SLICE_68 (from clk)
ROUTE         2     2.776      R5C14C.Q0 to        5.PADDO sd_cs_n_c
DOPAD_DEL   ---     2.797        5.PADDO to          5.PAD sd_cs_n
                  --------
                    6.025   (53.9% logic, 46.1% route), 2 logic levels.

Unconstrained Preference:
   CLOCK_TO_OUT PORT "sd_sck" CLKNET "clk" 

Report:    5.967ns delay system/bus/byte_sd/SLICE_69 to sd_sck

   Name    Fanout   Delay (ns)          Site               Resource
REG_DEL     ---     0.452     R3C21B.CLK to      R3C21B.Q0 system/bus/byte_sd/SLICE_69 (from clk)
ROUTE         9     2.718      R3C21B.Q0 to       27.PADDO sd_sck_c
DOPAD_DEL   ---     2.797       27.PADDO to         27.PAD sd_sck
                  --------
                    5.967   (54.4% logic, 45.6% route), 2 logic levels.

Unconstrained Preference:
   CLOCK_TO_OUT PORT "gpio_blank" CLKNET "clk" 

Report:    5.919ns delay system/SLICE_59 to gpio_blank

   Name    Fanout   Delay (ns)          Site               Resource
REG_DEL     ---     0.452     R7C16A.CLK to      R7C16A.Q0 system/SLICE_59 (from clk)
ROUTE         2     2.670      R7C16A.Q0 to       13.PADDO gpio_blank_c
DOPAD_DEL   ---     2.797       13.PADDO to         13.PAD gpio_blank
                  --------
                    5.919   (54.9% logic, 45.1% route), 2 logic levels.

Unconstrained Preference:
   CLOCK_TO_OUT PORT "gpio_din" CLKNET "clk" 

Report:    5.677ns delay system/SLICE_62 to gpio_din

   Name    Fanout   Delay (ns)          Site               Resource
REG_DEL     ---     0.452     R7C16B.CLK to      R7C16B.Q0 system/SLICE_62 (from clk)
ROUTE         2     2.428      R7C16B.Q0 to       16.PADDO gpio_din_c
DOPAD_DEL   ---     2.797       16.PADDO to         16.PAD gpio_din
                  --------
                    5.677   (57.2% logic, 42.8% route), 2 logic levels.

Unconstrained Preference:
   CLOCK_TO_OUT PORT "gpio_key_row[3]" CLKNET "clk" 

Report:    5.585ns delay system/SLICE_66 to gpio_key_row[3]

   Name    Fanout   Delay (ns)          Site               Resource
REG_DEL     ---     0.452     R5C15A.CLK to      R5C15A.Q0 system/SLICE_66 (from clk)
ROUTE         3     2.336      R5C15A.Q0 to        1.PADDO host_miso
DOPAD_DEL   ---     2.797        1.PADDO to          1.PAD gpio_key_row[3]
                  --------
                    5.585   (58.2% logic, 41.8% route), 2 logic levels.

Unconstrained Preference:
   CLOCK_TO_OUT PORT "gpio_msck" CLKNET "clk" 

Report:    5.226ns delay system/bus/guest_memory/SLICE_63 to gpio_msck

   Name    Fanout   Delay (ns)          Site               Resource
REG_DEL     ---     0.452     R10C9B.CLK to      R10C9B.Q0 system/bus/guest_memory/SLICE_63 (from clk)
ROUTE         5     1.977      R10C9B.Q0 to        9.PADDO gpio_msck_c
DOPAD_DEL   ---     2.797        9.PADDO to          9.PAD gpio_msck
                  --------
                    5.226   (62.2% logic, 37.8% route), 2 logic levels.

Unconstrained Preference:
   CLOCK_TO_OUT PORT "gpio_reg_latch" CLKNET "clk" 

Report:    4.991ns delay system/SLICE_64 to gpio_reg_latch

   Name    Fanout   Delay (ns)          Site               Resource
REG_DEL     ---     0.452     R5C16B.CLK to      R5C16B.Q0 system/SLICE_64 (from clk)
ROUTE         3     1.742      R5C16B.Q0 to       20.PADDO gpio_reg_latch_c
DOPAD_DEL   ---     2.797       20.PADDO to         20.PAD gpio_reg_latch
                  --------
                    4.991   (65.1% logic, 34.9% route), 2 logic levels.

Unconstrained Preference:
   CLOCK_TO_OUT PORT "gpio_mcs" CLKNET "clk" 

Report:    3.407ns delay gpio_mcs_MGIOL to gpio_mcs

   Name    Fanout   Delay (ns)          Site               Resource
C2OUT_DEL   ---     0.567    IOL_B4C.CLK to  IOL_B4C.IOLDO gpio_mcs_MGIOL (from clk)
ROUTE         1     0.043  IOL_B4C.IOLDO to        8.IOLDO gpio_mcs_c
OP0PAD_DEL  ---     2.797        8.IOLDO to          8.PAD gpio_mcs
                  --------
                    3.407   (98.7% logic, 1.3% route), 2 logic levels.

Unconstrained Preference:
   CLOCK_TO_OUT PORT "gpio_mosi" CLKNET "clk" 

Report:    3.407ns delay gpio_mosi_MGIOL to gpio_mosi

   Name    Fanout   Delay (ns)          Site               Resource
C2OUT_DEL   ---     0.567   IOL_B20D.CLK to IOL_B20D.IOLDO gpio_mosi_MGIOL (from clk)
ROUTE         1     0.043 IOL_B20D.IOLDO to       17.IOLDO gpio_mosi_c
OP0PAD_DEL  ---     2.797       17.IOLDO to         17.PAD gpio_mosi
                  --------
                    3.407   (98.7% logic, 1.3% route), 2 logic levels.


================================================================================
Preference: Unconstrained: MAXDELAY
            0 unconstrained paths found
--------------------------------------------------------------------------------

Report Summary
--------------
----------------------------------------------------------------------------
Preference                              |   Constraint|       Actual|Levels
----------------------------------------------------------------------------
                                        |             |             |
FREQUENCY NET "clk" 29.560000 MHz ;     |   29.560 MHz|   30.896 MHz|  17  
                                        |             |             |
----------------------------------------------------------------------------


All preferences were met.


Clock Domains Analysis
------------------------

Found 1 clocks:

Clock Domain: clk   Source: oscillator.OSC   Loads: 249
   Covered under: FREQUENCY NET "clk" 29.560000 MHz ;


--------------------------------------------------------------------------------
                Connections not covered by the preferences
--------------------------------------------------------------------------------

     Delay                        Element                 Net

    0.565ns pio_key_row[0].PADDI to _key_row[0]_MGIOL.DI gpio_key_row_in[0]
    0.565ns        sd_miso.PADDI to     sd_miso_MGIOL.DI sd_miso_c
    0.565ns             rx.PADDI to          rx_MGIOL.DI rx_c
    0.565ns pio_key_row[1].PADDI to _key_row[1]_MGIOL.DI gpio_key_row_in[1]
    0.565ns pio_key_row[2].PADDI to _key_row[2]_MGIOL.DI gpio_key_row_in[2]
    0.565ns pio_key_row[3].PADDI to _key_row[3]_MGIOL.DI gpio_key_row_in[3]
    0.384ns      gpio_miso.PADDI to   gpio_miso_MGIOL.DI gpio_miso_c
    2.671ns            res.PADDI to        SLICE_359.LSR res_c

--------------------------------------------------------------------------------


Timing summary (Setup):
---------------

Timing errors: 0  Score: 0
Cumulative negative slack: 0

Constraints cover 3320761 paths, 1 nets, and 5517 connections (99.86% coverage)

--------------------------------------------------------------------------------
Lattice TRACE Report - Hold, Version Diamond (64-bit) 3.14.0.75.2
Thu Sep 10 17:30:50 2026

Copyright (c) 1991-1994 by NeoCAD Inc. All rights reserved.
Copyright (c) 1995 AT&T Corp.   All rights reserved.
Copyright (c) 1995-2001 Lucent Technologies Inc.  All rights reserved.
Copyright (c) 2001 Agere Systems   All rights reserved.
Copyright (c) 2002-2024 Lattice Semiconductor Corporation,  All rights reserved.

Report Information
------------------
Command line:    trce -v 10 -c -u 0 -gt -sethld -sp 4 -sphld m -o cp42b_impl1.twr cp42b_impl1.ncd cp42b_impl1.prf 
Design file:     cp42b_impl1.ncd
Preference file: cp42b_impl1.prf
Device,speed:    LCMXO2-1200HC,m
Report level:    verbose report, limited to 10 items per preference
--------------------------------------------------------------------------------

BLOCK ASYNCPATHS
BLOCK RESETPATHS
--------------------------------------------------------------------------------



================================================================================
Preference: FREQUENCY NET "clk" 29.560000 MHz ;
            4096 items scored, 0 timing errors detected.
--------------------------------------------------------------------------------


Passed: The following path meets requirements by 0.292ns

 Logical Details:  Cell type  Pin type       Cell/ASIC name  (clock net +/-)

   Source:         Sync_RAM   Q              system/cpu/engine/dp/rf/words_ram_2/RAM1  (from clk +)
   Destination:    FF         Data in        system/cpu/engine/mmu_page[1]  (to clk +)

   Delay:               0.279ns  (98.9% logic, 1.1% route), 1 logic levels.

 Constraint Details:

      0.279ns physical path delay system/cpu/engine/SLICE_43 to system/cpu/engine/SLICE_43 meets
     -0.013ns DIN_HLD and
      0.000ns delay constraint less
      0.000ns skew requirement (totaling -0.013ns) by 0.292ns

 Physical Path Details:

      Data path system/cpu/engine/SLICE_43 to system/cpu/engine/SLICE_43:

   Name    Fanout   Delay (ns)          Site               Resource
CLKTOF_DEL  ---     0.276     R2C11B.WCK to      R2C11B.F0 system/cpu/engine/SLICE_43 (from clk)
ROUTE        10     0.003      R2C11B.F0 to     R2C11B.DI0 system/address[14] (to clk)
                  --------
                    0.279   (98.9% logic, 1.1% route), 1 logic levels.

 Clock Skew Details: 

      Source Clock Path oscillator to system/cpu/engine/SLICE_43:

   Name    Fanout   Delay (ns)          Site               Resource
ROUTE       249     1.216        OSC.OSC to     R2C11B.WCK clk
                  --------
                    1.216   (0.0% logic, 100.0% route), 0 logic levels.

      Destination Clock Path oscillator to system/cpu/engine/SLICE_43:

   Name    Fanout   Delay (ns)          Site               Resource
ROUTE       249     1.216        OSC.OSC to     R2C11B.CLK clk
                  --------
                    1.216   (0.0% logic, 100.0% route), 0 logic levels.


Passed: The following path meets requirements by 0.292ns

 Logical Details:  Cell type  Pin type       Cell/ASIC name  (clock net +/-)

   Source:         Sync_RAM   Q              system/cpu/engine/dp/rf/words_ram_2/RAM1  (from clk +)
   Destination:    FF         Data in        system/cpu/engine/mmu_page[2]  (to clk +)

   Delay:               0.279ns  (98.9% logic, 1.1% route), 1 logic levels.

 Constraint Details:

      0.279ns physical path delay system/cpu/engine/SLICE_43 to system/cpu/engine/SLICE_43 meets
     -0.013ns DIN_HLD and
      0.000ns delay constraint less
      0.000ns skew requirement (totaling -0.013ns) by 0.292ns

 Physical Path Details:

      Data path system/cpu/engine/SLICE_43 to system/cpu/engine/SLICE_43:

   Name    Fanout   Delay (ns)          Site               Resource
CLKTOF_DEL  ---     0.276     R2C11B.WCK to      R2C11B.F1 system/cpu/engine/SLICE_43 (from clk)
ROUTE        10     0.003      R2C11B.F1 to     R2C11B.DI1 system/address[15] (to clk)
                  --------
                    0.279   (98.9% logic, 1.1% route), 1 logic levels.

 Clock Skew Details: 

      Source Clock Path oscillator to system/cpu/engine/SLICE_43:

   Name    Fanout   Delay (ns)          Site               Resource
ROUTE       249     1.216        OSC.OSC to     R2C11B.WCK clk
                  --------
                    1.216   (0.0% logic, 100.0% route), 0 logic levels.

      Destination Clock Path oscillator to system/cpu/engine/SLICE_43:

   Name    Fanout   Delay (ns)          Site               Resource
ROUTE       249     1.216        OSC.OSC to     R2C11B.CLK clk
                  --------
                    1.216   (0.0% logic, 100.0% route), 0 logic levels.


Passed: The following path meets requirements by 0.293ns

 Logical Details:  Cell type  Pin type       Cell/ASIC name  (clock net +/-)

   Source:         Sync_RAM   Q              system/cpu/engine/dp/rf/words_ram_2/RAM0  (from clk +)
   Destination:    FF         Data in        system/cpu/engine/mmu_page[0]  (to clk +)

   Delay:               0.280ns  (98.6% logic, 1.4% route), 1 logic levels.

 Constraint Details:

      0.280ns physical path delay system/cpu/engine/SLICE_42 to system/cpu/engine/SLICE_42 meets
     -0.013ns DIN_HLD and
      0.000ns delay constraint less
      0.000ns skew requirement (totaling -0.013ns) by 0.293ns

 Physical Path Details:

      Data path system/cpu/engine/SLICE_42 to system/cpu/engine/SLICE_42:

   Name    Fanout   Delay (ns)          Site               Resource
CLKTOF_DEL  ---     0.276     R2C11A.WCK to      R2C11A.F1 system/cpu/engine/SLICE_42 (from clk)
ROUTE        18     0.004      R2C11A.F1 to     R2C11A.DI1 system/address[13] (to clk)
                  --------
                    0.280   (98.6% logic, 1.4% route), 1 logic levels.

 Clock Skew Details: 

      Source Clock Path oscillator to system/cpu/engine/SLICE_42:

   Name    Fanout   Delay (ns)          Site               Resource
ROUTE       249     1.216        OSC.OSC to     R2C11A.WCK clk
                  --------
                    1.216   (0.0% logic, 100.0% route), 0 logic levels.

      Destination Clock Path oscillator to system/cpu/engine/SLICE_42:

   Name    Fanout   Delay (ns)          Site               Resource
ROUTE       249     1.216        OSC.OSC to     R2C11A.CLK clk
                  --------
                    1.216   (0.0% logic, 100.0% route), 0 logic levels.


Passed: The following path meets requirements by 0.293ns

 Logical Details:  Cell type  Pin type       Cell/ASIC name  (clock net +/-)

   Source:         Sync_RAM   Q              system/cpu/engine/dp/rf/words_ram/RAM0  (from clk +)
   Destination:    FF         Data in        system/bus/boot_release_armed  (to clk +)

   Delay:               0.280ns  (98.6% logic, 1.4% route), 1 logic levels.

 Constraint Details:

      0.280ns physical path delay system/SLICE_39 to system/SLICE_39 meets
     -0.013ns DIN_HLD and
      0.000ns delay constraint less
      0.000ns skew requirement (totaling -0.013ns) by 0.293ns

 Physical Path Details:

      Data path system/SLICE_39 to system/SLICE_39:

   Name    Fanout   Delay (ns)          Site               Resource
CLKTOF_DEL  ---     0.276     R2C10A.WCK to      R2C10A.F1 system/SLICE_39 (from clk)
ROUTE        47     0.004      R2C10A.F1 to     R2C10A.DI1 system/address[1] (to clk)
                  --------
                    0.280   (98.6% logic, 1.4% route), 1 logic levels.

 Clock Skew Details: 

      Source Clock Path oscillator to system/SLICE_39:

   Name    Fanout   Delay (ns)          Site               Resource
ROUTE       249     1.216        OSC.OSC to     R2C10A.WCK clk
                  --------
                    1.216   (0.0% logic, 100.0% route), 0 logic levels.

      Destination Clock Path oscillator to system/SLICE_39:

   Name    Fanout   Delay (ns)          Site               Resource
ROUTE       249     1.216        OSC.OSC to     R2C10A.CLK clk
                  --------
                    1.216   (0.0% logic, 100.0% route), 0 logic levels.


Passed: The following path meets requirements by 0.304ns

 Logical Details:  Cell type  Pin type       Cell/ASIC name  (clock net +/-)

   Source:         FF         Q              reset_sync[1]  (from clk +)
   Destination:    FF         Data in        reset_sync[0]  (to clk +)

   Delay:               0.285ns  (46.7% logic, 53.3% route), 1 logic levels.

 Constraint Details:

      0.285ns physical path delay SLICE_359 to SLICE_359 meets
     -0.019ns M_HLD and
      0.000ns delay constraint less
      0.000ns skew requirement (totaling -0.019ns) by 0.304ns

 Physical Path Details:

      Data path SLICE_359 to SLICE_359:

   Name    Fanout   Delay (ns)          Site               Resource
REG_DEL     ---     0.133     R7C12B.CLK to      R7C12B.Q1 SLICE_359 (from clk)
ROUTE         1     0.152      R7C12B.Q1 to      R7C12B.M0 reset_sync[1] (to clk)
                  --------
                    0.285   (46.7% logic, 53.3% route), 1 logic levels.

 Clock Skew Details: 

      Source Clock Path oscillator to SLICE_359:

   Name    Fanout   Delay (ns)          Site               Resource
ROUTE       249     1.216        OSC.OSC to     R7C12B.CLK clk
                  --------
                    1.216   (0.0% logic, 100.0% route), 0 logic levels.

      Destination Clock Path oscillator to SLICE_359:

   Name    Fanout   Delay (ns)          Site               Resource
ROUTE       249     1.216        OSC.OSC to     R7C12B.CLK clk
                  --------
                    1.216   (0.0% logic, 100.0% route), 0 logic levels.


Passed: The following path meets requirements by 0.304ns

 Logical Details:  Cell type  Pin type       Cell/ASIC name  (clock net +/-)

   Source:         FF         Q              system/bus/fixed_uart.console/cts_sync[0]  (from clk +)
   Destination:    FF         Data in        system/bus/fixed_uart.console/cts_sync[1]  (to clk +)

   Delay:               0.285ns  (46.7% logic, 53.3% route), 1 logic levels.

 Constraint Details:

      0.285ns physical path delay system/bus/fixed_uart.console/SLICE_89 to system/bus/fixed_uart.console/SLICE_89 meets
     -0.019ns M_HLD and
      0.000ns delay constraint less
      0.000ns skew requirement (totaling -0.019ns) by 0.304ns

 Physical Path Details:

      Data path system/bus/fixed_uart.console/SLICE_89 to system/bus/fixed_uart.console/SLICE_89:

   Name    Fanout   Delay (ns)          Site               Resource
REG_DEL     ---     0.133    R10C21B.CLK to     R10C21B.Q0 system/bus/fixed_uart.console/SLICE_89 (from clk)
ROUTE         1     0.152     R10C21B.Q0 to     R10C21B.M1 system/bus/fixed_uart.console/cts_sync[0] (to clk)
                  --------
                    0.285   (46.7% logic, 53.3% route), 1 logic levels.

 Clock Skew Details: 

      Source Clock Path oscillator to system/bus/fixed_uart.console/SLICE_89:

   Name    Fanout   Delay (ns)          Site               Resource
ROUTE       249     1.216        OSC.OSC to    R10C21B.CLK clk
                  --------
                    1.216   (0.0% logic, 100.0% route), 0 logic levels.

      Destination Clock Path oscillator to system/bus/fixed_uart.console/SLICE_89:

   Name    Fanout   Delay (ns)          Site               Resource
ROUTE       249     1.216        OSC.OSC to    R10C21B.CLK clk
                  --------
                    1.216   (0.0% logic, 100.0% route), 0 logic levels.


Passed: The following path meets requirements by 0.306ns

 Logical Details:  Cell type  Pin type       Cell/ASIC name  (clock net +/-)

   Source:         FF         Q              system/bus/fixed_uart.console/rx_shift[7]  (from clk +)
   Destination:    FF         Data in        system/bus/fixed_uart.console/rx_shift[6]  (to clk +)

   Delay:               0.287ns  (46.3% logic, 53.7% route), 1 logic levels.

 Constraint Details:

      0.287ns physical path delay system/bus/SLICE_417 to system/bus/SLICE_417 meets
     -0.019ns M_HLD and
      0.000ns delay constraint less
      0.000ns skew requirement (totaling -0.019ns) by 0.306ns

 Physical Path Details:

      Data path system/bus/SLICE_417 to system/bus/SLICE_417:

   Name    Fanout   Delay (ns)          Site               Resource
REG_DEL     ---     0.133     R5C20A.CLK to      R5C20A.Q1 system/bus/SLICE_417 (from clk)
ROUTE         2     0.154      R5C20A.Q1 to      R5C20A.M0 system/bus/fixed_uart.console/rx_shift[7] (to clk)
                  --------
                    0.287   (46.3% logic, 53.7% route), 1 logic levels.

 Clock Skew Details: 

      Source Clock Path oscillator to system/bus/SLICE_417:

   Name    Fanout   Delay (ns)          Site               Resource
ROUTE       249     1.216        OSC.OSC to     R5C20A.CLK clk
                  --------
                    1.216   (0.0% logic, 100.0% route), 0 logic levels.

      Destination Clock Path oscillator to system/bus/SLICE_417:

   Name    Fanout   Delay (ns)          Site               Resource
ROUTE       249     1.216        OSC.OSC to     R5C20A.CLK clk
                  --------
                    1.216   (0.0% logic, 100.0% route), 0 logic levels.


Passed: The following path meets requirements by 0.306ns

 Logical Details:  Cell type  Pin type       Cell/ASIC name  (clock net +/-)

   Source:         FF         Q              system/bus/guest_memory/rx[1]  (from clk +)
   Destination:    FF         Data in        system/bus/guest_memory/rx[2]  (to clk +)

   Delay:               0.287ns  (46.3% logic, 53.7% route), 1 logic levels.

 Constraint Details:

      0.287ns physical path delay system/SLICE_428 to system/SLICE_428 meets
     -0.019ns M_HLD and
      0.000ns delay constraint less
      0.000ns skew requirement (totaling -0.019ns) by 0.306ns

 Physical Path Details:

      Data path system/SLICE_428 to system/SLICE_428:

   Name    Fanout   Delay (ns)          Site               Resource
REG_DEL     ---     0.133     R8C13B.CLK to      R8C13B.Q0 system/SLICE_428 (from clk)
ROUTE         3     0.154      R8C13B.Q0 to      R8C13B.M1 system/bus/guest_memory/rx[1] (to clk)
                  --------
                    0.287   (46.3% logic, 53.7% route), 1 logic levels.

 Clock Skew Details: 

      Source Clock Path oscillator to system/SLICE_428:

   Name    Fanout   Delay (ns)          Site               Resource
ROUTE       249     1.216        OSC.OSC to     R8C13B.CLK clk
                  --------
                    1.216   (0.0% logic, 100.0% route), 0 logic levels.

      Destination Clock Path oscillator to system/SLICE_428:

   Name    Fanout   Delay (ns)          Site               Resource
ROUTE       249     1.216        OSC.OSC to     R8C13B.CLK clk
                  --------
                    1.216   (0.0% logic, 100.0% route), 0 logic levels.


Passed: The following path meets requirements by 0.306ns

 Logical Details:  Cell type  Pin type       Cell/ASIC name  (clock net +/-)

   Source:         FF         Q              system/bus/fixed_uart.console/rx_shift[3]  (from clk +)
   Destination:    FF         Data in        system/bus/fixed_uart.console/rx_shift[2]  (to clk +)

   Delay:               0.287ns  (46.3% logic, 53.7% route), 1 logic levels.

 Constraint Details:

      0.287ns physical path delay system/bus/fixed_uart.console/SLICE_414 to system/bus/fixed_uart.console/SLICE_414 meets
     -0.019ns M_HLD and
      0.000ns delay constraint less
      0.000ns skew requirement (totaling -0.019ns) by 0.306ns

 Physical Path Details:

      Data path system/bus/fixed_uart.console/SLICE_414 to system/bus/fixed_uart.console/SLICE_414:

   Name    Fanout   Delay (ns)          Site               Resource
REG_DEL     ---     0.133     R7C21D.CLK to      R7C21D.Q1 system/bus/fixed_uart.console/SLICE_414 (from clk)
ROUTE         2     0.154      R7C21D.Q1 to      R7C21D.M0 system/bus/fixed_uart.console/rx_shift[3] (to clk)
                  --------
                    0.287   (46.3% logic, 53.7% route), 1 logic levels.

 Clock Skew Details: 

      Source Clock Path oscillator to system/bus/fixed_uart.console/SLICE_414:

   Name    Fanout   Delay (ns)          Site               Resource
ROUTE       249     1.216        OSC.OSC to     R7C21D.CLK clk
                  --------
                    1.216   (0.0% logic, 100.0% route), 0 logic levels.

      Destination Clock Path oscillator to system/bus/fixed_uart.console/SLICE_414:

   Name    Fanout   Delay (ns)          Site               Resource
ROUTE       249     1.216        OSC.OSC to     R7C21D.CLK clk
                  --------
                    1.216   (0.0% logic, 100.0% route), 0 logic levels.


Passed: The following path meets requirements by 0.306ns

 Logical Details:  Cell type  Pin type       Cell/ASIC name  (clock net +/-)

   Source:         FF         Q              system/bus/byte_sd/rx_shift[5]  (from clk +)
   Destination:    FF         Data in        system/bus/byte_sd/rx_shift[6]  (to clk +)

   Delay:               0.287ns  (46.3% logic, 53.7% route), 1 logic levels.

 Constraint Details:

      0.287ns physical path delay system/bus/SLICE_413 to system/bus/SLICE_413 meets
     -0.019ns M_HLD and
      0.000ns delay constraint less
      0.000ns skew requirement (totaling -0.019ns) by 0.306ns

 Physical Path Details:

      Data path system/bus/SLICE_413 to system/bus/SLICE_413:

   Name    Fanout   Delay (ns)          Site               Resource
REG_DEL     ---     0.133     R8C20D.CLK to      R8C20D.Q0 system/bus/SLICE_413 (from clk)
ROUTE         2     0.154      R8C20D.Q0 to      R8C20D.M1 system/bus/byte_sd/rdata_8[5] (to clk)
                  --------
                    0.287   (46.3% logic, 53.7% route), 1 logic levels.

 Clock Skew Details: 

      Source Clock Path oscillator to system/bus/SLICE_413:

   Name    Fanout   Delay (ns)          Site               Resource
ROUTE       249     1.216        OSC.OSC to     R8C20D.CLK clk
                  --------
                    1.216   (0.0% logic, 100.0% route), 0 logic levels.

      Destination Clock Path oscillator to system/bus/SLICE_413:

   Name    Fanout   Delay (ns)          Site               Resource
ROUTE       249     1.216        OSC.OSC to     R8C20D.CLK clk
                  --------
                    1.216   (0.0% logic, 100.0% route), 0 logic levels.

Report Summary
--------------
----------------------------------------------------------------------------
Preference(MIN Delays)                  |   Constraint|       Actual|Levels
----------------------------------------------------------------------------
                                        |             |             |
FREQUENCY NET "clk" 29.560000 MHz ;     |     0.000 ns|     0.292 ns|   1  
                                        |             |             |
----------------------------------------------------------------------------


All preferences were met.


Clock Domains Analysis
------------------------

Found 1 clocks:

Clock Domain: clk   Source: oscillator.OSC   Loads: 249
   Covered under: FREQUENCY NET "clk" 29.560000 MHz ;


--------------------------------------------------------------------------------
                Connections not covered by the preferences
--------------------------------------------------------------------------------

     Delay                        Element                 Net

    0.177ns pio_key_row[0].PADDI to _key_row[0]_MGIOL.DI gpio_key_row_in[0]
    0.177ns        sd_miso.PADDI to     sd_miso_MGIOL.DI sd_miso_c
    0.177ns             rx.PADDI to          rx_MGIOL.DI rx_c
    0.177ns pio_key_row[1].PADDI to _key_row[1]_MGIOL.DI gpio_key_row_in[1]
    0.177ns pio_key_row[2].PADDI to _key_row[2]_MGIOL.DI gpio_key_row_in[2]
    0.177ns pio_key_row[3].PADDI to _key_row[3]_MGIOL.DI gpio_key_row_in[3]
    0.127ns      gpio_miso.PADDI to   gpio_miso_MGIOL.DI gpio_miso_c
    0.890ns            res.PADDI to        SLICE_359.LSR res_c

--------------------------------------------------------------------------------


Timing summary (Hold):
---------------

Timing errors: 0  Score: 0
Cumulative negative slack: 0

Constraints cover 3320761 paths, 1 nets, and 5517 connections (99.86% coverage)



Timing summary (Setup and Hold):
---------------

Timing errors: 0 (setup), 0 (hold)
Score: 0 (setup), 0 (hold)
Cumulative negative slack: 0 (0+0)
--------------------------------------------------------------------------------

--------------------------------------------------------------------------------

