
PDP-11 simulator V3.12-3

RT-11FB (S) V05.03  

.SET TT SCOPE,NOCRLF

.SET SL ON
\<
..[KSET SL OFF
[r[24H\
.R MACRO
*FISABI,FISABI=FISABI
*^C

.@B81FIJ

.R LINK
*B81FIJ,B81FIJ=/B:1000//
*BSPTRS,BSPAT,BSR0S
*BSR1S,BSPR0
*BSCLIN
*SUO1ID,BSOT0S.FIS,BSOT1S.FIS
*SUIOPR,SUIOPO,SUDTCM
*BSX0A,BSX0B,BSX2,BSX1A
*BSX1B,BSPR1,BSCLSN
*BSE0,BSCMP
*BSSUB,BSRSQ
*FISABI
*SUE1ID,BSE1,BSKEYS/O:1
*BSERR,BSERML/O:1
*SUIMP,BSFUNC,SUOPT/O:2
*//
?LINK-W-Undefined globals:
..UAC$
..NRC$
..MSP$
*^C

.
Simulation stopped, PC: 142600 (MOV 121206,R4)
sim> quit
Goodbye
