
Loading design for application trce from file cp36e_impl1.ncd.
Design name: uj11_hc1200_microcomp
NCD version: 3.3
Vendor:      LATTICE
Device:      LCMXO2-1200HC
Package:     QFN32
Performance: 4
Loading device for application trce from file 'xo2c1200.nph' in environment: /home/sash/.local/lscc/diamond/3.14/ispfpga.
Package Status:                     Final          Version 1.44.
Performance Hardware Data Status:   Final          Version 36.4.
Setup and Hold Report

--------------------------------------------------------------------------------
Lattice TRACE Report - Setup, Version Diamond (64-bit) 3.14.0.75.2
Thu Sep 10 13:25:50 2026

Copyright (c) 1991-1994 by NeoCAD Inc. All rights reserved.
Copyright (c) 1995 AT&T Corp.   All rights reserved.
Copyright (c) 1995-2001 Lucent Technologies Inc.  All rights reserved.
Copyright (c) 2001 Agere Systems   All rights reserved.
Copyright (c) 2002-2024 Lattice Semiconductor Corporation,  All rights reserved.

Report Information
------------------
Command line:    trce -v 10 -c -u 0 -gt -sethld -sp 4 -sphld m -o cp36e_impl1.twr cp36e_impl1.ncd cp36e_impl1.prf 
Design file:     cp36e_impl1.ncd
Preference file: cp36e_impl1.prf
Device,speed:    LCMXO2-1200HC,4
Report level:    verbose report, limited to 10 items per preference
--------------------------------------------------------------------------------

BLOCK ASYNCPATHS
BLOCK RESETPATHS
--------------------------------------------------------------------------------



================================================================================
Preference: FREQUENCY NET "clk" 29.560000 MHz ;
            4096 items scored, 0 timing errors detected.
--------------------------------------------------------------------------------


Passed: The following path meets requirements by 1.682ns

 Logical Details:  Cell type  Pin type       Cell/ASIC name  (clock net +/-)

   Source:         DP8KC      Port           system/cpu/engine/rom/lane_2(ASIC)  (from clk +)
   Destination:    DP8KC      Port           system/cpu/engine/rom/lane_3(ASIC)  (to clk +)

   Delay:              32.173ns  (40.1% logic, 59.9% route), 17 logic levels.

 Constraint Details:

     32.173ns physical path delay system/cpu/engine/rom/lane_2 to system/cpu/engine/rom/lane_3 meets
     33.829ns delay constraint less
      0.000ns skew and
     -0.026ns ADDR_SET requirement (totaling 33.855ns) by 1.682ns

 Physical Path Details:

      Data path system/cpu/engine/rom/lane_2 to system/cpu/engine/rom/lane_3:

   Name    Fanout   Delay (ns)          Site               Resource
C2Q_DEL     ---     4.979  EBR_R6C7.CLKA to  EBR_R6C7.DOA8 system/cpu/engine/rom/lane_2 (from clk)
ROUTE         4     1.603  EBR_R6C7.DOA8 to      R4C11C.D1 system/cpu/engine/a_select_2[0]
CTOF_DEL    ---     0.495      R4C11C.D1 to      R4C11C.F1 system/cpu/engine/SLICE_577
ROUTE         1     0.436      R4C11C.F1 to      R4C11C.C0 system/cpu/engine/un6_select_register[1]
CTOF_DEL    ---     0.495      R4C11C.C0 to      R4C11C.F0 system/cpu/engine/SLICE_577
ROUTE        18     1.773      R4C11C.F0 to      R2C10A.B0 system/cpu/engine/un9_d_axb1
CTOF_DEL    ---     0.495      R2C10A.B0 to      R2C10A.F0 system/SLICE_39
ROUTE        43     1.508      R2C10A.F0 to      R5C13B.D1 system/address[0]
CTOF_DEL    ---     0.495      R5C13B.D1 to      R5C13B.F1 system/SLICE_296
ROUTE        12     1.020      R5C13B.F1 to      R5C11D.D1 system/mem_request_fc_0
CTOF_DEL    ---     0.495      R5C11D.D1 to      R5C11D.F1 system/SLICE_348
ROUTE        33     1.117      R5C11D.F1 to      R3C12B.D1 system/writing_RNI9PU151
CTOF_DEL    ---     0.495      R3C12B.D1 to      R3C12B.F1 system/bus/SLICE_429
ROUTE         8     1.002      R3C12B.F1 to      R3C14C.D1 system/bus/service_dma_selecteddupdup
CTOF_DEL    ---     0.495      R3C14C.D1 to      R3C14C.F1 system/bus/SLICE_417
ROUTE        16     0.788      R3C14C.F1 to      R3C13C.C0 system/bus/panel_selecteddupdup
CTOF_DEL    ---     0.495      R3C13C.C0 to      R3C13C.F0 system/bus/SLICE_412
ROUTE         1     0.623      R3C13C.F0 to      R3C12D.D0 system/bus/acknowledge_fcdupdup_1
CTOF_DEL    ---     0.495      R3C12D.D0 to      R3C12D.F0 system/SLICE_301
ROUTE         2     0.632      R3C12D.F0 to      R4C12A.D1 system/ltc_selecteddupdup_RNI1HR0V1
CTOF_DEL    ---     0.495      R4C12A.D1 to      R4C12A.F1 system/SLICE_639
ROUTE         3     0.974      R4C12A.F1 to       R4C9C.D1 system/cpu/engine/bus_requestdupdup_RNIC2TH82
CTOF_DEL    ---     0.495       R4C9C.D1 to       R4C9C.F1 system/cpu/engine/SLICE_454
ROUTE        15     1.157       R4C9C.F1 to       R5C8D.C1 system/cpu/engine/fault_redirectdup
CTOF_DEL    ---     0.495       R5C8D.C1 to       R5C8D.F1 system/cpu/engine/seq/SLICE_481
ROUTE         9     1.056       R5C8D.F1 to       R5C7C.B1 system/cpu/engine/seq/next_address_7_sqmuxa
CTOF_DEL    ---     0.495       R5C7C.B1 to       R5C7C.F1 system/cpu/engine/seq/SLICE_455
ROUTE         1     1.023       R5C7C.F1 to       R3C7D.B1 system/cpu/engine/seq/next_address_0_iv_3[4]
CTOF_DEL    ---     0.495       R3C7D.B1 to       R3C7D.F1 system/cpu/engine/seq/SLICE_465
ROUTE         1     1.004       R3C7D.F1 to       R3C7D.B0 system/cpu/engine/seq/next_address_0_iv_5[4]
CTOF_DEL    ---     0.495       R3C7D.B0 to       R3C7D.F0 system/cpu/engine/seq/SLICE_465
ROUTE         1     1.385       R3C7D.F0 to       R4C4A.D0 system/cpu/engine/seq/next_address_0_iv_7[4]
CTOF_DEL    ---     0.495       R4C4A.D0 to       R4C4A.F0 system/cpu/engine/seq/SLICE_178
ROUTE         5     2.173       R4C4A.F0 to EBR_R6C10.ADA7 system/cpu/engine/next_address_0_iv_i[4] (to clk)
                  --------
                   32.173   (40.1% logic, 59.9% route), 17 logic levels.

 Clock Skew Details: 

      Source Clock Path oscillator to system/cpu/engine/rom/lane_2:

   Name    Fanout   Delay (ns)          Site               Resource
ROUTE       244     3.714        OSC.OSC to  EBR_R6C7.CLKA clk
                  --------
                    3.714   (0.0% logic, 100.0% route), 0 logic levels.

      Destination Clock Path oscillator to system/cpu/engine/rom/lane_3:

   Name    Fanout   Delay (ns)          Site               Resource
ROUTE       244     3.714        OSC.OSC to EBR_R6C10.CLKA clk
                  --------
                    3.714   (0.0% logic, 100.0% route), 0 logic levels.


Passed: The following path meets requirements by 1.712ns

 Logical Details:  Cell type  Pin type       Cell/ASIC name  (clock net +/-)

   Source:         DP8KC      Port           system/cpu/engine/rom/lane_2(ASIC)  (from clk +)
   Destination:    DP8KC      Port           system/cpu/engine/rom/lane_3(ASIC)  (to clk +)

   Delay:              32.143ns  (40.1% logic, 59.9% route), 17 logic levels.

 Constraint Details:

     32.143ns physical path delay system/cpu/engine/rom/lane_2 to system/cpu/engine/rom/lane_3 meets
     33.829ns delay constraint less
      0.000ns skew and
     -0.026ns ADDR_SET requirement (totaling 33.855ns) by 1.712ns

 Physical Path Details:

      Data path system/cpu/engine/rom/lane_2 to system/cpu/engine/rom/lane_3:

   Name    Fanout   Delay (ns)          Site               Resource
C2Q_DEL     ---     4.979  EBR_R6C7.CLKA to  EBR_R6C7.DOA8 system/cpu/engine/rom/lane_2 (from clk)
ROUTE         4     1.603  EBR_R6C7.DOA8 to      R4C11C.D1 system/cpu/engine/a_select_2[0]
CTOF_DEL    ---     0.495      R4C11C.D1 to      R4C11C.F1 system/cpu/engine/SLICE_577
ROUTE         1     0.436      R4C11C.F1 to      R4C11C.C0 system/cpu/engine/un6_select_register[1]
CTOF_DEL    ---     0.495      R4C11C.C0 to      R4C11C.F0 system/cpu/engine/SLICE_577
ROUTE        18     1.773      R4C11C.F0 to      R2C10A.B0 system/cpu/engine/un9_d_axb1
CTOF_DEL    ---     0.495      R2C10A.B0 to      R2C10A.F0 system/SLICE_39
ROUTE        43     1.508      R2C10A.F0 to      R5C13B.D1 system/address[0]
CTOF_DEL    ---     0.495      R5C13B.D1 to      R5C13B.F1 system/SLICE_296
ROUTE        12     1.020      R5C13B.F1 to      R5C11D.D1 system/mem_request_fc_0
CTOF_DEL    ---     0.495      R5C11D.D1 to      R5C11D.F1 system/SLICE_348
ROUTE        33     1.117      R5C11D.F1 to      R3C12B.D1 system/writing_RNI9PU151
CTOF_DEL    ---     0.495      R3C12B.D1 to      R3C12B.F1 system/bus/SLICE_429
ROUTE         8     0.340      R3C12B.F1 to      R3C12C.D1 system/bus/service_dma_selecteddupdup
CTOF_DEL    ---     0.495      R3C12C.D1 to      R3C12C.F1 system/bus/SLICE_403
ROUTE        11     1.036      R3C12C.F1 to      R3C12A.B1 system/bus/rk_selecteddupdup
CTOF_DEL    ---     0.495      R3C12A.B1 to      R3C12A.F1 system/bus/SLICE_303
ROUTE         7     1.007      R3C12A.F1 to      R3C12D.A0 system/bus/rk_fixed_selecteddupdup
CTOF_DEL    ---     0.495      R3C12D.A0 to      R3C12D.F0 system/SLICE_301
ROUTE         2     0.632      R3C12D.F0 to      R4C12A.D1 system/ltc_selecteddupdup_RNI1HR0V1
CTOF_DEL    ---     0.495      R4C12A.D1 to      R4C12A.F1 system/SLICE_639
ROUTE         3     0.974      R4C12A.F1 to       R4C9C.D1 system/cpu/engine/bus_requestdupdup_RNIC2TH82
CTOF_DEL    ---     0.495       R4C9C.D1 to       R4C9C.F1 system/cpu/engine/SLICE_454
ROUTE        15     1.157       R4C9C.F1 to       R5C8D.C1 system/cpu/engine/fault_redirectdup
CTOF_DEL    ---     0.495       R5C8D.C1 to       R5C8D.F1 system/cpu/engine/seq/SLICE_481
ROUTE         9     1.056       R5C8D.F1 to       R5C7C.B1 system/cpu/engine/seq/next_address_7_sqmuxa
CTOF_DEL    ---     0.495       R5C7C.B1 to       R5C7C.F1 system/cpu/engine/seq/SLICE_455
ROUTE         1     1.023       R5C7C.F1 to       R3C7D.B1 system/cpu/engine/seq/next_address_0_iv_3[4]
CTOF_DEL    ---     0.495       R3C7D.B1 to       R3C7D.F1 system/cpu/engine/seq/SLICE_465
ROUTE         1     1.004       R3C7D.F1 to       R3C7D.B0 system/cpu/engine/seq/next_address_0_iv_5[4]
CTOF_DEL    ---     0.495       R3C7D.B0 to       R3C7D.F0 system/cpu/engine/seq/SLICE_465
ROUTE         1     1.385       R3C7D.F0 to       R4C4A.D0 system/cpu/engine/seq/next_address_0_iv_7[4]
CTOF_DEL    ---     0.495       R4C4A.D0 to       R4C4A.F0 system/cpu/engine/seq/SLICE_178
ROUTE         5     2.173       R4C4A.F0 to EBR_R6C10.ADA7 system/cpu/engine/next_address_0_iv_i[4] (to clk)
                  --------
                   32.143   (40.1% logic, 59.9% route), 17 logic levels.

 Clock Skew Details: 

      Source Clock Path oscillator to system/cpu/engine/rom/lane_2:

   Name    Fanout   Delay (ns)          Site               Resource
ROUTE       244     3.714        OSC.OSC to  EBR_R6C7.CLKA clk
                  --------
                    3.714   (0.0% logic, 100.0% route), 0 logic levels.

      Destination Clock Path oscillator to system/cpu/engine/rom/lane_3:

   Name    Fanout   Delay (ns)          Site               Resource
ROUTE       244     3.714        OSC.OSC to EBR_R6C10.CLKA clk
                  --------
                    3.714   (0.0% logic, 100.0% route), 0 logic levels.


Passed: The following path meets requirements by 1.714ns

 Logical Details:  Cell type  Pin type       Cell/ASIC name  (clock net +/-)

   Source:         DP8KC      Port           system/cpu/engine/rom/lane_2(ASIC)  (from clk +)
   Destination:    DP8KC      Port           system/cpu/engine/rom/lane_3(ASIC)  (to clk +)

   Delay:              32.141ns  (40.8% logic, 59.2% route), 17 logic levels.

 Constraint Details:

     32.141ns physical path delay system/cpu/engine/rom/lane_2 to system/cpu/engine/rom/lane_3 meets
     33.829ns delay constraint less
      0.000ns skew and
     -0.026ns ADDR_SET requirement (totaling 33.855ns) by 1.714ns

 Physical Path Details:

      Data path system/cpu/engine/rom/lane_2 to system/cpu/engine/rom/lane_3:

   Name    Fanout   Delay (ns)          Site               Resource
C2Q_DEL     ---     4.979  EBR_R6C7.CLKA to  EBR_R6C7.DOA8 system/cpu/engine/rom/lane_2 (from clk)
ROUTE         4     1.603  EBR_R6C7.DOA8 to      R4C11C.D1 system/cpu/engine/a_select_2[0]
CTOF_DEL    ---     0.495      R4C11C.D1 to      R4C11C.F1 system/cpu/engine/SLICE_577
ROUTE         1     0.436      R4C11C.F1 to      R4C11C.C0 system/cpu/engine/un6_select_register[1]
CTOF_DEL    ---     0.495      R4C11C.C0 to      R4C11C.F0 system/cpu/engine/SLICE_577
ROUTE        18     1.773      R4C11C.F0 to      R2C10A.B0 system/cpu/engine/un9_d_axb1
CTOF_DEL    ---     0.495      R2C10A.B0 to      R2C10A.F0 system/SLICE_39
ROUTE        43     1.508      R2C10A.F0 to      R5C13B.D1 system/address[0]
CTOF_DEL    ---     0.495      R5C13B.D1 to      R5C13B.F1 system/SLICE_296
ROUTE        12     1.020      R5C13B.F1 to      R5C11D.D1 system/mem_request_fc_0
CTOF_DEL    ---     0.495      R5C11D.D1 to      R5C11D.F1 system/SLICE_348
ROUTE        33     1.117      R5C11D.F1 to      R3C12B.D1 system/writing_RNI9PU151
CTOF_DEL    ---     0.495      R3C12B.D1 to      R3C12B.F1 system/bus/SLICE_429
ROUTE         8     1.002      R3C12B.F1 to      R3C14C.D1 system/bus/service_dma_selecteddupdup
CTOF_DEL    ---     0.495      R3C14C.D1 to      R3C14C.F1 system/bus/SLICE_417
ROUTE        16     0.788      R3C14C.F1 to      R3C13C.C0 system/bus/panel_selecteddupdup
CTOF_DEL    ---     0.495      R3C13C.C0 to      R3C13C.F0 system/bus/SLICE_412
ROUTE         1     0.623      R3C13C.F0 to      R3C12D.D0 system/bus/acknowledge_fcdupdup_1
CTOF_DEL    ---     0.495      R3C12D.D0 to      R3C12D.F0 system/SLICE_301
ROUTE         2     0.632      R3C12D.F0 to      R4C12A.D1 system/ltc_selecteddupdup_RNI1HR0V1
CTOF_DEL    ---     0.495      R4C12A.D1 to      R4C12A.F1 system/SLICE_639
ROUTE         3     1.287      R4C12A.F1 to       R5C9B.C1 system/cpu/engine/bus_requestdupdup_RNIC2TH82
CTOOFX_DEL  ---     0.721       R5C9B.C1 to     R5C9B.OFX0 system/cpu/engine/seq/predicates_pmux_6/SLICE_257
ROUTE         1     0.958     R5C9B.OFX0 to       R5C7A.D0 system/cpu/engine/seq/N_71
CTOF_DEL    ---     0.495       R5C7A.D0 to       R5C7A.F0 system/cpu/engine/seq/SLICE_478
ROUTE         2     0.635       R5C7A.F0 to       R5C7A.D1 system/cpu/engine/seq/condition
CTOF_DEL    ---     0.495       R5C7A.D1 to       R5C7A.F1 system/cpu/engine/seq/SLICE_478
ROUTE         1     0.744       R5C7A.F1 to       R5C6C.C1 system/cpu/engine/seq/next_address_4_sqmuxa_1
CTOF_DEL    ---     0.495       R5C6C.C1 to       R5C6C.F1 system/cpu/engine/seq/SLICE_464
ROUTE         5     1.332       R5C6C.F1 to       R3C7D.A0 system/cpu/engine/seq/next_address_4_sqmuxa
CTOF_DEL    ---     0.495       R3C7D.A0 to       R3C7D.F0 system/cpu/engine/seq/SLICE_465
ROUTE         1     1.385       R3C7D.F0 to       R4C4A.D0 system/cpu/engine/seq/next_address_0_iv_7[4]
CTOF_DEL    ---     0.495       R4C4A.D0 to       R4C4A.F0 system/cpu/engine/seq/SLICE_178
ROUTE         5     2.173       R4C4A.F0 to EBR_R6C10.ADA7 system/cpu/engine/next_address_0_iv_i[4] (to clk)
                  --------
                   32.141   (40.8% logic, 59.2% route), 17 logic levels.

 Clock Skew Details: 

      Source Clock Path oscillator to system/cpu/engine/rom/lane_2:

   Name    Fanout   Delay (ns)          Site               Resource
ROUTE       244     3.714        OSC.OSC to  EBR_R6C7.CLKA clk
                  --------
                    3.714   (0.0% logic, 100.0% route), 0 logic levels.

      Destination Clock Path oscillator to system/cpu/engine/rom/lane_3:

   Name    Fanout   Delay (ns)          Site               Resource
ROUTE       244     3.714        OSC.OSC to EBR_R6C10.CLKA clk
                  --------
                    3.714   (0.0% logic, 100.0% route), 0 logic levels.


Passed: The following path meets requirements by 1.744ns

 Logical Details:  Cell type  Pin type       Cell/ASIC name  (clock net +/-)

   Source:         DP8KC      Port           system/cpu/engine/rom/lane_2(ASIC)  (from clk +)
   Destination:    DP8KC      Port           system/cpu/engine/rom/lane_3(ASIC)  (to clk +)

   Delay:              32.111ns  (40.9% logic, 59.1% route), 17 logic levels.

 Constraint Details:

     32.111ns physical path delay system/cpu/engine/rom/lane_2 to system/cpu/engine/rom/lane_3 meets
     33.829ns delay constraint less
      0.000ns skew and
     -0.026ns ADDR_SET requirement (totaling 33.855ns) by 1.744ns

 Physical Path Details:

      Data path system/cpu/engine/rom/lane_2 to system/cpu/engine/rom/lane_3:

   Name    Fanout   Delay (ns)          Site               Resource
C2Q_DEL     ---     4.979  EBR_R6C7.CLKA to  EBR_R6C7.DOA8 system/cpu/engine/rom/lane_2 (from clk)
ROUTE         4     1.603  EBR_R6C7.DOA8 to      R4C11C.D1 system/cpu/engine/a_select_2[0]
CTOF_DEL    ---     0.495      R4C11C.D1 to      R4C11C.F1 system/cpu/engine/SLICE_577
ROUTE         1     0.436      R4C11C.F1 to      R4C11C.C0 system/cpu/engine/un6_select_register[1]
CTOF_DEL    ---     0.495      R4C11C.C0 to      R4C11C.F0 system/cpu/engine/SLICE_577
ROUTE        18     1.773      R4C11C.F0 to      R2C10A.B0 system/cpu/engine/un9_d_axb1
CTOF_DEL    ---     0.495      R2C10A.B0 to      R2C10A.F0 system/SLICE_39
ROUTE        43     1.508      R2C10A.F0 to      R5C13B.D1 system/address[0]
CTOF_DEL    ---     0.495      R5C13B.D1 to      R5C13B.F1 system/SLICE_296
ROUTE        12     1.020      R5C13B.F1 to      R5C11D.D1 system/mem_request_fc_0
CTOF_DEL    ---     0.495      R5C11D.D1 to      R5C11D.F1 system/SLICE_348
ROUTE        33     1.117      R5C11D.F1 to      R3C12B.D1 system/writing_RNI9PU151
CTOF_DEL    ---     0.495      R3C12B.D1 to      R3C12B.F1 system/bus/SLICE_429
ROUTE         8     0.340      R3C12B.F1 to      R3C12C.D1 system/bus/service_dma_selecteddupdup
CTOF_DEL    ---     0.495      R3C12C.D1 to      R3C12C.F1 system/bus/SLICE_403
ROUTE        11     1.036      R3C12C.F1 to      R3C12A.B1 system/bus/rk_selecteddupdup
CTOF_DEL    ---     0.495      R3C12A.B1 to      R3C12A.F1 system/bus/SLICE_303
ROUTE         7     1.007      R3C12A.F1 to      R3C12D.A0 system/bus/rk_fixed_selecteddupdup
CTOF_DEL    ---     0.495      R3C12D.A0 to      R3C12D.F0 system/SLICE_301
ROUTE         2     0.632      R3C12D.F0 to      R4C12A.D1 system/ltc_selecteddupdup_RNI1HR0V1
CTOF_DEL    ---     0.495      R4C12A.D1 to      R4C12A.F1 system/SLICE_639
ROUTE         3     1.287      R4C12A.F1 to       R5C9B.C1 system/cpu/engine/bus_requestdupdup_RNIC2TH82
CTOOFX_DEL  ---     0.721       R5C9B.C1 to     R5C9B.OFX0 system/cpu/engine/seq/predicates_pmux_6/SLICE_257
ROUTE         1     0.958     R5C9B.OFX0 to       R5C7A.D0 system/cpu/engine/seq/N_71
CTOF_DEL    ---     0.495       R5C7A.D0 to       R5C7A.F0 system/cpu/engine/seq/SLICE_478
ROUTE         2     0.635       R5C7A.F0 to       R5C7A.D1 system/cpu/engine/seq/condition
CTOF_DEL    ---     0.495       R5C7A.D1 to       R5C7A.F1 system/cpu/engine/seq/SLICE_478
ROUTE         1     0.744       R5C7A.F1 to       R5C6C.C1 system/cpu/engine/seq/next_address_4_sqmuxa_1
CTOF_DEL    ---     0.495       R5C6C.C1 to       R5C6C.F1 system/cpu/engine/seq/SLICE_464
ROUTE         5     1.332       R5C6C.F1 to       R3C7D.A0 system/cpu/engine/seq/next_address_4_sqmuxa
CTOF_DEL    ---     0.495       R3C7D.A0 to       R3C7D.F0 system/cpu/engine/seq/SLICE_465
ROUTE         1     1.385       R3C7D.F0 to       R4C4A.D0 system/cpu/engine/seq/next_address_0_iv_7[4]
CTOF_DEL    ---     0.495       R4C4A.D0 to       R4C4A.F0 system/cpu/engine/seq/SLICE_178
ROUTE         5     2.173       R4C4A.F0 to EBR_R6C10.ADA7 system/cpu/engine/next_address_0_iv_i[4] (to clk)
                  --------
                   32.111   (40.9% logic, 59.1% route), 17 logic levels.

 Clock Skew Details: 

      Source Clock Path oscillator to system/cpu/engine/rom/lane_2:

   Name    Fanout   Delay (ns)          Site               Resource
ROUTE       244     3.714        OSC.OSC to  EBR_R6C7.CLKA clk
                  --------
                    3.714   (0.0% logic, 100.0% route), 0 logic levels.

      Destination Clock Path oscillator to system/cpu/engine/rom/lane_3:

   Name    Fanout   Delay (ns)          Site               Resource
ROUTE       244     3.714        OSC.OSC to EBR_R6C10.CLKA clk
                  --------
                    3.714   (0.0% logic, 100.0% route), 0 logic levels.


Passed: The following path meets requirements by 1.782ns

 Logical Details:  Cell type  Pin type       Cell/ASIC name  (clock net +/-)

   Source:         DP8KC      Port           system/cpu/engine/rom/lane_2(ASIC)  (from clk +)
   Destination:    DP8KC      Port           system/cpu/engine/rom/lane_3(ASIC)  (to clk +)

   Delay:              32.073ns  (40.2% logic, 59.8% route), 17 logic levels.

 Constraint Details:

     32.073ns physical path delay system/cpu/engine/rom/lane_2 to system/cpu/engine/rom/lane_3 meets
     33.829ns delay constraint less
      0.000ns skew and
     -0.026ns ADDR_SET requirement (totaling 33.855ns) by 1.782ns

 Physical Path Details:

      Data path system/cpu/engine/rom/lane_2 to system/cpu/engine/rom/lane_3:

   Name    Fanout   Delay (ns)          Site               Resource
C2Q_DEL     ---     4.979  EBR_R6C7.CLKA to  EBR_R6C7.DOA8 system/cpu/engine/rom/lane_2 (from clk)
ROUTE         4     1.603  EBR_R6C7.DOA8 to      R4C11C.D1 system/cpu/engine/a_select_2[0]
CTOF_DEL    ---     0.495      R4C11C.D1 to      R4C11C.F1 system/cpu/engine/SLICE_577
ROUTE         1     0.436      R4C11C.F1 to      R4C11C.C0 system/cpu/engine/un6_select_register[1]
CTOF_DEL    ---     0.495      R4C11C.C0 to      R4C11C.F0 system/cpu/engine/SLICE_577
ROUTE        18     1.773      R4C11C.F0 to      R2C10A.B0 system/cpu/engine/un9_d_axb1
CTOF_DEL    ---     0.495      R2C10A.B0 to      R2C10A.F0 system/SLICE_39
ROUTE        43     1.508      R2C10A.F0 to      R5C13B.D1 system/address[0]
CTOF_DEL    ---     0.495      R5C13B.D1 to      R5C13B.F1 system/SLICE_296
ROUTE        12     1.020      R5C13B.F1 to      R5C11D.D1 system/mem_request_fc_0
CTOF_DEL    ---     0.495      R5C11D.D1 to      R5C11D.F1 system/SLICE_348
ROUTE        33     1.117      R5C11D.F1 to      R3C12B.D1 system/writing_RNI9PU151
CTOF_DEL    ---     0.495      R3C12B.D1 to      R3C12B.F1 system/bus/SLICE_429
ROUTE         8     0.651      R3C12B.F1 to      R3C12B.D0 system/bus/service_dma_selecteddupdup
CTOF_DEL    ---     0.495      R3C12B.D0 to      R3C12B.F0 system/bus/SLICE_429
ROUTE         5     1.039      R3C12B.F0 to      R3C13C.B0 system/bus/service_dma_selecteddupdup_RNIIG46O
CTOF_DEL    ---     0.495      R3C13C.B0 to      R3C13C.F0 system/bus/SLICE_412
ROUTE         1     0.623      R3C13C.F0 to      R3C12D.D0 system/bus/acknowledge_fcdupdup_1
CTOF_DEL    ---     0.495      R3C12D.D0 to      R3C12D.F0 system/SLICE_301
ROUTE         2     0.632      R3C12D.F0 to      R4C12A.D1 system/ltc_selecteddupdup_RNI1HR0V1
CTOF_DEL    ---     0.495      R4C12A.D1 to      R4C12A.F1 system/SLICE_639
ROUTE         3     0.974      R4C12A.F1 to       R4C9C.D1 system/cpu/engine/bus_requestdupdup_RNIC2TH82
CTOF_DEL    ---     0.495       R4C9C.D1 to       R4C9C.F1 system/cpu/engine/SLICE_454
ROUTE        15     1.157       R4C9C.F1 to       R5C8D.C1 system/cpu/engine/fault_redirectdup
CTOF_DEL    ---     0.495       R5C8D.C1 to       R5C8D.F1 system/cpu/engine/seq/SLICE_481
ROUTE         9     1.056       R5C8D.F1 to       R5C7C.B1 system/cpu/engine/seq/next_address_7_sqmuxa
CTOF_DEL    ---     0.495       R5C7C.B1 to       R5C7C.F1 system/cpu/engine/seq/SLICE_455
ROUTE         1     1.023       R5C7C.F1 to       R3C7D.B1 system/cpu/engine/seq/next_address_0_iv_3[4]
CTOF_DEL    ---     0.495       R3C7D.B1 to       R3C7D.F1 system/cpu/engine/seq/SLICE_465
ROUTE         1     1.004       R3C7D.F1 to       R3C7D.B0 system/cpu/engine/seq/next_address_0_iv_5[4]
CTOF_DEL    ---     0.495       R3C7D.B0 to       R3C7D.F0 system/cpu/engine/seq/SLICE_465
ROUTE         1     1.385       R3C7D.F0 to       R4C4A.D0 system/cpu/engine/seq/next_address_0_iv_7[4]
CTOF_DEL    ---     0.495       R4C4A.D0 to       R4C4A.F0 system/cpu/engine/seq/SLICE_178
ROUTE         5     2.173       R4C4A.F0 to EBR_R6C10.ADA7 system/cpu/engine/next_address_0_iv_i[4] (to clk)
                  --------
                   32.073   (40.2% logic, 59.8% route), 17 logic levels.

 Clock Skew Details: 

      Source Clock Path oscillator to system/cpu/engine/rom/lane_2:

   Name    Fanout   Delay (ns)          Site               Resource
ROUTE       244     3.714        OSC.OSC to  EBR_R6C7.CLKA clk
                  --------
                    3.714   (0.0% logic, 100.0% route), 0 logic levels.

      Destination Clock Path oscillator to system/cpu/engine/rom/lane_3:

   Name    Fanout   Delay (ns)          Site               Resource
ROUTE       244     3.714        OSC.OSC to EBR_R6C10.CLKA clk
                  --------
                    3.714   (0.0% logic, 100.0% route), 0 logic levels.


Passed: The following path meets requirements by 1.814ns

 Logical Details:  Cell type  Pin type       Cell/ASIC name  (clock net +/-)

   Source:         DP8KC      Port           system/cpu/engine/rom/lane_2(ASIC)  (from clk +)
   Destination:    DP8KC      Port           system/cpu/engine/rom/lane_3(ASIC)  (to clk +)

   Delay:              32.041ns  (41.0% logic, 59.0% route), 17 logic levels.

 Constraint Details:

     32.041ns physical path delay system/cpu/engine/rom/lane_2 to system/cpu/engine/rom/lane_3 meets
     33.829ns delay constraint less
      0.000ns skew and
     -0.026ns ADDR_SET requirement (totaling 33.855ns) by 1.814ns

 Physical Path Details:

      Data path system/cpu/engine/rom/lane_2 to system/cpu/engine/rom/lane_3:

   Name    Fanout   Delay (ns)          Site               Resource
C2Q_DEL     ---     4.979  EBR_R6C7.CLKA to  EBR_R6C7.DOA8 system/cpu/engine/rom/lane_2 (from clk)
ROUTE         4     1.603  EBR_R6C7.DOA8 to      R4C11C.D1 system/cpu/engine/a_select_2[0]
CTOF_DEL    ---     0.495      R4C11C.D1 to      R4C11C.F1 system/cpu/engine/SLICE_577
ROUTE         1     0.436      R4C11C.F1 to      R4C11C.C0 system/cpu/engine/un6_select_register[1]
CTOF_DEL    ---     0.495      R4C11C.C0 to      R4C11C.F0 system/cpu/engine/SLICE_577
ROUTE        18     1.773      R4C11C.F0 to      R2C10A.B0 system/cpu/engine/un9_d_axb1
CTOF_DEL    ---     0.495      R2C10A.B0 to      R2C10A.F0 system/SLICE_39
ROUTE        43     1.508      R2C10A.F0 to      R5C13B.D1 system/address[0]
CTOF_DEL    ---     0.495      R5C13B.D1 to      R5C13B.F1 system/SLICE_296
ROUTE        12     1.020      R5C13B.F1 to      R5C11D.D1 system/mem_request_fc_0
CTOF_DEL    ---     0.495      R5C11D.D1 to      R5C11D.F1 system/SLICE_348
ROUTE        33     1.117      R5C11D.F1 to      R3C12B.D1 system/writing_RNI9PU151
CTOF_DEL    ---     0.495      R3C12B.D1 to      R3C12B.F1 system/bus/SLICE_429
ROUTE         8     0.651      R3C12B.F1 to      R3C12B.D0 system/bus/service_dma_selecteddupdup
CTOF_DEL    ---     0.495      R3C12B.D0 to      R3C12B.F0 system/bus/SLICE_429
ROUTE         5     1.039      R3C12B.F0 to      R3C13C.B0 system/bus/service_dma_selecteddupdup_RNIIG46O
CTOF_DEL    ---     0.495      R3C13C.B0 to      R3C13C.F0 system/bus/SLICE_412
ROUTE         1     0.623      R3C13C.F0 to      R3C12D.D0 system/bus/acknowledge_fcdupdup_1
CTOF_DEL    ---     0.495      R3C12D.D0 to      R3C12D.F0 system/SLICE_301
ROUTE         2     0.632      R3C12D.F0 to      R4C12A.D1 system/ltc_selecteddupdup_RNI1HR0V1
CTOF_DEL    ---     0.495      R4C12A.D1 to      R4C12A.F1 system/SLICE_639
ROUTE         3     1.287      R4C12A.F1 to       R5C9B.C1 system/cpu/engine/bus_requestdupdup_RNIC2TH82
CTOOFX_DEL  ---     0.721       R5C9B.C1 to     R5C9B.OFX0 system/cpu/engine/seq/predicates_pmux_6/SLICE_257
ROUTE         1     0.958     R5C9B.OFX0 to       R5C7A.D0 system/cpu/engine/seq/N_71
CTOF_DEL    ---     0.495       R5C7A.D0 to       R5C7A.F0 system/cpu/engine/seq/SLICE_478
ROUTE         2     0.635       R5C7A.F0 to       R5C7A.D1 system/cpu/engine/seq/condition
CTOF_DEL    ---     0.495       R5C7A.D1 to       R5C7A.F1 system/cpu/engine/seq/SLICE_478
ROUTE         1     0.744       R5C7A.F1 to       R5C6C.C1 system/cpu/engine/seq/next_address_4_sqmuxa_1
CTOF_DEL    ---     0.495       R5C6C.C1 to       R5C6C.F1 system/cpu/engine/seq/SLICE_464
ROUTE         5     1.332       R5C6C.F1 to       R3C7D.A0 system/cpu/engine/seq/next_address_4_sqmuxa
CTOF_DEL    ---     0.495       R3C7D.A0 to       R3C7D.F0 system/cpu/engine/seq/SLICE_465
ROUTE         1     1.385       R3C7D.F0 to       R4C4A.D0 system/cpu/engine/seq/next_address_0_iv_7[4]
CTOF_DEL    ---     0.495       R4C4A.D0 to       R4C4A.F0 system/cpu/engine/seq/SLICE_178
ROUTE         5     2.173       R4C4A.F0 to EBR_R6C10.ADA7 system/cpu/engine/next_address_0_iv_i[4] (to clk)
                  --------
                   32.041   (41.0% logic, 59.0% route), 17 logic levels.

 Clock Skew Details: 

      Source Clock Path oscillator to system/cpu/engine/rom/lane_2:

   Name    Fanout   Delay (ns)          Site               Resource
ROUTE       244     3.714        OSC.OSC to  EBR_R6C7.CLKA clk
                  --------
                    3.714   (0.0% logic, 100.0% route), 0 logic levels.

      Destination Clock Path oscillator to system/cpu/engine/rom/lane_3:

   Name    Fanout   Delay (ns)          Site               Resource
ROUTE       244     3.714        OSC.OSC to EBR_R6C10.CLKA clk
                  --------
                    3.714   (0.0% logic, 100.0% route), 0 logic levels.


Passed: The following path meets requirements by 1.842ns

 Logical Details:  Cell type  Pin type       Cell/ASIC name  (clock net +/-)

   Source:         DP8KC      Port           system/cpu/engine/rom/lane_2(ASIC)  (from clk +)
   Destination:    DP8KC      Port           system/cpu/sync_decode.decode/table_rom/lane_0(ASIC)  (to clk +)

   Delay:              32.013ns  (40.3% logic, 59.7% route), 17 logic levels.

 Constraint Details:

     32.013ns physical path delay system/cpu/engine/rom/lane_2 to system/cpu/sync_decode.decode/table_rom/lane_0 meets
     33.829ns delay constraint less
      0.000ns skew and
     -0.026ns ADDR_SET requirement (totaling 33.855ns) by 1.842ns

 Physical Path Details:

      Data path system/cpu/engine/rom/lane_2 to system/cpu/sync_decode.decode/table_rom/lane_0:

   Name    Fanout   Delay (ns)          Site               Resource
C2Q_DEL     ---     4.979  EBR_R6C7.CLKA to  EBR_R6C7.DOA8 system/cpu/engine/rom/lane_2 (from clk)
ROUTE         4     1.603  EBR_R6C7.DOA8 to      R4C11C.D1 system/cpu/engine/a_select_2[0]
CTOF_DEL    ---     0.495      R4C11C.D1 to      R4C11C.F1 system/cpu/engine/SLICE_577
ROUTE         1     0.436      R4C11C.F1 to      R4C11C.C0 system/cpu/engine/un6_select_register[1]
CTOF_DEL    ---     0.495      R4C11C.C0 to      R4C11C.F0 system/cpu/engine/SLICE_577
ROUTE        18     1.813      R4C11C.F0 to      R2C11B.B1 system/cpu/engine/un9_d_axb1
CTOF_DEL    ---     0.495      R2C11B.B1 to      R2C11B.F1 system/cpu/engine/dp/rf/words_ram_2/SLICE_43
ROUTE         9     1.419      R2C11B.F1 to      R2C15A.D1 system/address[15]
CTOF_DEL    ---     0.495      R2C15A.D1 to      R2C15A.F1 system/bus/SLICE_619
ROUTE         1     1.004      R2C15A.F1 to      R2C15D.B0 system/bus/un1_address_18_6
CTOF_DEL    ---     0.495      R2C15D.B0 to      R2C15D.F0 system/bus/SLICE_442
ROUTE         7     1.187      R2C15D.F0 to      R5C16D.D0 system/bus/un1_address_18_13
CTOF_DEL    ---     0.495      R5C16D.D0 to      R5C16D.F0 system/bus/SLICE_436
ROUTE         2     1.029      R5C16D.F0 to      R8C16C.D0 system/bus/un1_address_23
CTOF_DEL    ---     0.495      R8C16C.D0 to      R8C16C.F0 system/bus/SLICE_434
ROUTE         1     0.623      R8C16C.F0 to      R8C17B.D1 system/bus/un1_boot_release_armed_2_1
CTOF_DEL    ---     0.495      R8C17B.D1 to      R8C17B.F1 system/bus/SLICE_431
ROUTE         1     0.436      R8C17B.F1 to      R8C17B.C0 system/bus/un1_boot_release_armed_2_3
CTOF_DEL    ---     0.495      R8C17B.C0 to      R8C17B.F0 system/bus/SLICE_431
ROUTE         3     0.635      R8C17B.F0 to      R8C17C.D1 system/bus/un1_boot_release_armed_2
CTOF_DEL    ---     0.495      R8C17C.D1 to      R8C17C.F1 system/bus/SLICE_378
ROUTE        14     0.775      R8C17C.F1 to      R8C18C.C1 system/bus/local_boot_selecteddup
CTOF_DEL    ---     0.495      R8C18C.C1 to      R8C18C.F1 system/bus/SLICE_394
ROUTE        17     0.795      R8C18C.F1 to      R8C18A.C1 system/bus/guest_fram_selecteddup
CTOF_DEL    ---     0.495      R8C18A.C1 to      R8C18A.F1 system/bus/SLICE_638
ROUTE         1     0.958      R8C18A.F1 to      R8C20C.D0 system/bus/rdatadup_1[12]
CTOF_DEL    ---     0.495      R8C20C.D0 to      R8C20C.F0 system/SLICE_300
ROUTE         4     0.453      R8C20C.F0 to      R8C20C.C1 system/rdatadup[12]
CTOF_DEL    ---     0.495      R8C20C.C1 to      R8C20C.F1 system/SLICE_300
ROUTE         4     1.345      R8C20C.F1 to      R9C19A.B1 system/cpu/sync_decode.decode/un16_index_1
CTOF_DEL    ---     0.495      R9C19A.B1 to      R9C19A.F1 system/SLICE_392
ROUTE         9     2.505      R9C19A.F1 to       R5C5B.D0 system/cpu/sync_decode.decode/un1_incoming_1
CTOF_DEL    ---     0.495       R5C5B.D0 to       R5C5B.F0 system/SLICE_234
ROUTE         1     2.098       R5C5B.F0 to *R_R6C17.ADA12 system/cpu/sync_decode.decode/index[9] (to clk)
                  --------
                   32.013   (40.3% logic, 59.7% route), 17 logic levels.

 Clock Skew Details: 

      Source Clock Path oscillator to system/cpu/engine/rom/lane_2:

   Name    Fanout   Delay (ns)          Site               Resource
ROUTE       244     3.714        OSC.OSC to  EBR_R6C7.CLKA clk
                  --------
                    3.714   (0.0% logic, 100.0% route), 0 logic levels.

      Destination Clock Path oscillator to system/cpu/sync_decode.decode/table_rom/lane_0:

   Name    Fanout   Delay (ns)          Site               Resource
ROUTE       244     3.714        OSC.OSC to EBR_R6C17.CLKA clk
                  --------
                    3.714   (0.0% logic, 100.0% route), 0 logic levels.


Passed: The following path meets requirements by 1.871ns

 Logical Details:  Cell type  Pin type       Cell/ASIC name  (clock net +/-)

   Source:         DP8KC      Port           system/cpu/engine/rom/lane_2(ASIC)  (from clk +)
   Destination:    DP8KC      Port           system/cpu/sync_decode.decode/table_rom/lane_0(ASIC)  (to clk +)

   Delay:              31.984ns  (38.8% logic, 61.2% route), 16 logic levels.

 Constraint Details:

     31.984ns physical path delay system/cpu/engine/rom/lane_2 to system/cpu/sync_decode.decode/table_rom/lane_0 meets
     33.829ns delay constraint less
      0.000ns skew and
     -0.026ns ADDR_SET requirement (totaling 33.855ns) by 1.871ns

 Physical Path Details:

      Data path system/cpu/engine/rom/lane_2 to system/cpu/sync_decode.decode/table_rom/lane_0:

   Name    Fanout   Delay (ns)          Site               Resource
C2Q_DEL     ---     4.979  EBR_R6C7.CLKA to  EBR_R6C7.DOA8 system/cpu/engine/rom/lane_2 (from clk)
ROUTE         4     1.603  EBR_R6C7.DOA8 to      R4C11C.D1 system/cpu/engine/a_select_2[0]
CTOF_DEL    ---     0.495      R4C11C.D1 to      R4C11C.F1 system/cpu/engine/SLICE_577
ROUTE         1     0.436      R4C11C.F1 to      R4C11C.C0 system/cpu/engine/un6_select_register[1]
CTOF_DEL    ---     0.495      R4C11C.C0 to      R4C11C.F0 system/cpu/engine/SLICE_577
ROUTE        18     1.813      R4C11C.F0 to      R2C11B.B1 system/cpu/engine/un9_d_axb1
CTOF_DEL    ---     0.495      R2C11B.B1 to      R2C11B.F1 system/cpu/engine/dp/rf/words_ram_2/SLICE_43
ROUTE         9     1.419      R2C11B.F1 to      R2C15A.D1 system/address[15]
CTOF_DEL    ---     0.495      R2C15A.D1 to      R2C15A.F1 system/bus/SLICE_619
ROUTE         1     1.004      R2C15A.F1 to      R2C15D.B0 system/bus/un1_address_18_6
CTOF_DEL    ---     0.495      R2C15D.B0 to      R2C15D.F0 system/bus/SLICE_442
ROUTE         7     1.187      R2C15D.F0 to      R5C16D.D0 system/bus/un1_address_18_13
CTOF_DEL    ---     0.495      R5C16D.D0 to      R5C16D.F0 system/bus/SLICE_436
ROUTE         2     1.029      R5C16D.F0 to      R8C16C.D0 system/bus/un1_address_23
CTOF_DEL    ---     0.495      R8C16C.D0 to      R8C16C.F0 system/bus/SLICE_434
ROUTE         1     0.623      R8C16C.F0 to      R8C17B.D1 system/bus/un1_boot_release_armed_2_1
CTOF_DEL    ---     0.495      R8C17B.D1 to      R8C17B.F1 system/bus/SLICE_431
ROUTE         1     0.436      R8C17B.F1 to      R8C17B.C0 system/bus/un1_boot_release_armed_2_3
CTOF_DEL    ---     0.495      R8C17B.C0 to      R8C17B.F0 system/bus/SLICE_431
ROUTE         3     0.635      R8C17B.F0 to      R8C17C.D1 system/bus/un1_boot_release_armed_2
CTOF_DEL    ---     0.495      R8C17C.D1 to      R8C17C.F1 system/bus/SLICE_378
ROUTE        14     0.775      R8C17C.F1 to      R8C18C.C1 system/bus/local_boot_selecteddup
CTOF_DEL    ---     0.495      R8C18C.C1 to      R8C18C.F1 system/bus/SLICE_394
ROUTE        17     1.224      R8C18C.F1 to      R9C20A.D1 system/bus/guest_fram_selecteddup
CTOF_DEL    ---     0.495      R9C20A.D1 to      R9C20A.F1 system/bus/SLICE_389
ROUTE         2     0.702      R9C20A.F1 to      R9C20A.B0 system/rdatadup_0[13]
CTOF_DEL    ---     0.495      R9C20A.B0 to      R9C20A.F0 system/bus/SLICE_389
ROUTE         2     1.013      R9C20A.F0 to      R9C20B.B0 system/rdatadup[13]
CTOF_DEL    ---     0.495      R9C20B.B0 to      R9C20B.F0 system/cpu/sync_decode.decode/SLICE_331
ROUTE         8     3.583      R9C20B.F0 to       R5C5B.C0 system/cpu/sync_decode.decode/eis_group
CTOF_DEL    ---     0.495       R5C5B.C0 to       R5C5B.F0 system/SLICE_234
ROUTE         1     2.098       R5C5B.F0 to *R_R6C17.ADA12 system/cpu/sync_decode.decode/index[9] (to clk)
                  --------
                   31.984   (38.8% logic, 61.2% route), 16 logic levels.

 Clock Skew Details: 

      Source Clock Path oscillator to system/cpu/engine/rom/lane_2:

   Name    Fanout   Delay (ns)          Site               Resource
ROUTE       244     3.714        OSC.OSC to  EBR_R6C7.CLKA clk
                  --------
                    3.714   (0.0% logic, 100.0% route), 0 logic levels.

      Destination Clock Path oscillator to system/cpu/sync_decode.decode/table_rom/lane_0:

   Name    Fanout   Delay (ns)          Site               Resource
ROUTE       244     3.714        OSC.OSC to EBR_R6C17.CLKA clk
                  --------
                    3.714   (0.0% logic, 100.0% route), 0 logic levels.


Passed: The following path meets requirements by 1.895ns

 Logical Details:  Cell type  Pin type       Cell/ASIC name  (clock net +/-)

   Source:         DP8KC      Port           system/cpu/engine/rom/lane_2(ASIC)  (from clk +)
   Destination:    DP8KC      Port           system/cpu/engine/rom/lane_1(ASIC)  (to clk +)

   Delay:              31.960ns  (41.1% logic, 58.9% route), 17 logic levels.

 Constraint Details:

     31.960ns physical path delay system/cpu/engine/rom/lane_2 to system/cpu/engine/rom/lane_1 meets
     33.829ns delay constraint less
      0.000ns skew and
     -0.026ns ADDR_SET requirement (totaling 33.855ns) by 1.895ns

 Physical Path Details:

      Data path system/cpu/engine/rom/lane_2 to system/cpu/engine/rom/lane_1:

   Name    Fanout   Delay (ns)          Site               Resource
C2Q_DEL     ---     4.979  EBR_R6C7.CLKA to  EBR_R6C7.DOA8 system/cpu/engine/rom/lane_2 (from clk)
ROUTE         4     1.603  EBR_R6C7.DOA8 to      R4C11C.D1 system/cpu/engine/a_select_2[0]
CTOF_DEL    ---     0.495      R4C11C.D1 to      R4C11C.F1 system/cpu/engine/SLICE_577
ROUTE         1     0.436      R4C11C.F1 to      R4C11C.C0 system/cpu/engine/un6_select_register[1]
CTOF_DEL    ---     0.495      R4C11C.C0 to      R4C11C.F0 system/cpu/engine/SLICE_577
ROUTE        18     1.773      R4C11C.F0 to      R2C10A.B0 system/cpu/engine/un9_d_axb1
CTOF_DEL    ---     0.495      R2C10A.B0 to      R2C10A.F0 system/SLICE_39
ROUTE        43     1.508      R2C10A.F0 to      R5C13B.D1 system/address[0]
CTOF_DEL    ---     0.495      R5C13B.D1 to      R5C13B.F1 system/SLICE_296
ROUTE        12     1.020      R5C13B.F1 to      R5C11D.D1 system/mem_request_fc_0
CTOF_DEL    ---     0.495      R5C11D.D1 to      R5C11D.F1 system/SLICE_348
ROUTE        33     1.117      R5C11D.F1 to      R3C12B.D1 system/writing_RNI9PU151
CTOF_DEL    ---     0.495      R3C12B.D1 to      R3C12B.F1 system/bus/SLICE_429
ROUTE         8     1.002      R3C12B.F1 to      R3C14C.D1 system/bus/service_dma_selecteddupdup
CTOF_DEL    ---     0.495      R3C14C.D1 to      R3C14C.F1 system/bus/SLICE_417
ROUTE        16     0.788      R3C14C.F1 to      R3C13C.C0 system/bus/panel_selecteddupdup
CTOF_DEL    ---     0.495      R3C13C.C0 to      R3C13C.F0 system/bus/SLICE_412
ROUTE         1     0.623      R3C13C.F0 to      R3C12D.D0 system/bus/acknowledge_fcdupdup_1
CTOF_DEL    ---     0.495      R3C12D.D0 to      R3C12D.F0 system/SLICE_301
ROUTE         2     0.632      R3C12D.F0 to      R4C12A.D1 system/ltc_selecteddupdup_RNI1HR0V1
CTOF_DEL    ---     0.495      R4C12A.D1 to      R4C12A.F1 system/SLICE_639
ROUTE         3     1.287      R4C12A.F1 to       R5C9B.C1 system/cpu/engine/bus_requestdupdup_RNIC2TH82
CTOOFX_DEL  ---     0.721       R5C9B.C1 to     R5C9B.OFX0 system/cpu/engine/seq/predicates_pmux_6/SLICE_257
ROUTE         1     0.958     R5C9B.OFX0 to       R5C7A.D0 system/cpu/engine/seq/N_71
CTOF_DEL    ---     0.495       R5C7A.D0 to       R5C7A.F0 system/cpu/engine/seq/SLICE_478
ROUTE         2     0.635       R5C7A.F0 to       R5C7A.D1 system/cpu/engine/seq/condition
CTOF_DEL    ---     0.495       R5C7A.D1 to       R5C7A.F1 system/cpu/engine/seq/SLICE_478
ROUTE         1     0.744       R5C7A.F1 to       R5C6C.C1 system/cpu/engine/seq/next_address_4_sqmuxa_1
CTOF_DEL    ---     0.495       R5C6C.C1 to       R5C6C.F1 system/cpu/engine/seq/SLICE_464
ROUTE         5     1.323       R5C6C.F1 to       R7C9B.D0 system/cpu/engine/seq/next_address_4_sqmuxa
CTOF_DEL    ---     0.495       R7C9B.D0 to       R7C9B.F0 system/cpu/engine/seq/SLICE_467
ROUTE         1     1.290       R7C9B.F0 to       R5C6A.D0 system/cpu/engine/seq/next_address_2_i_m[0]
CTOF_DEL    ---     0.495       R5C6A.D0 to       R5C6A.F0 system/cpu/engine/seq/SLICE_176
ROUTE         5     2.096       R5C6A.F0 to  EBR_R6C1.ADA3 system/cpu/engine/next_address_0_iv_i[0] (to clk)
                  --------
                   31.960   (41.1% logic, 58.9% route), 17 logic levels.

 Clock Skew Details: 

      Source Clock Path oscillator to system/cpu/engine/rom/lane_2:

   Name    Fanout   Delay (ns)          Site               Resource
ROUTE       244     3.714        OSC.OSC to  EBR_R6C7.CLKA clk
                  --------
                    3.714   (0.0% logic, 100.0% route), 0 logic levels.

      Destination Clock Path oscillator to system/cpu/engine/rom/lane_1:

   Name    Fanout   Delay (ns)          Site               Resource
ROUTE       244     3.714        OSC.OSC to  EBR_R6C1.CLKA clk
                  --------
                    3.714   (0.0% logic, 100.0% route), 0 logic levels.


Passed: The following path meets requirements by 1.903ns

 Logical Details:  Cell type  Pin type       Cell/ASIC name  (clock net +/-)

   Source:         DP8KC      Port           system/cpu/engine/rom/lane_2(ASIC)  (from clk +)
   Destination:    DP8KC      Port           system/cpu/sync_decode.decode/table_rom/lane_0(ASIC)  (to clk +)

   Delay:              31.952ns  (38.8% logic, 61.2% route), 16 logic levels.

 Constraint Details:

     31.952ns physical path delay system/cpu/engine/rom/lane_2 to system/cpu/sync_decode.decode/table_rom/lane_0 meets
     33.829ns delay constraint less
      0.000ns skew and
     -0.026ns ADDR_SET requirement (totaling 33.855ns) by 1.903ns

 Physical Path Details:

      Data path system/cpu/engine/rom/lane_2 to system/cpu/sync_decode.decode/table_rom/lane_0:

   Name    Fanout   Delay (ns)          Site               Resource
C2Q_DEL     ---     4.979  EBR_R6C7.CLKA to  EBR_R6C7.DOA8 system/cpu/engine/rom/lane_2 (from clk)
ROUTE         4     1.603  EBR_R6C7.DOA8 to      R4C11C.D1 system/cpu/engine/a_select_2[0]
CTOF_DEL    ---     0.495      R4C11C.D1 to      R4C11C.F1 system/cpu/engine/SLICE_577
ROUTE         1     0.436      R4C11C.F1 to      R4C11C.C0 system/cpu/engine/un6_select_register[1]
CTOF_DEL    ---     0.495      R4C11C.C0 to      R4C11C.F0 system/cpu/engine/SLICE_577
ROUTE        18     1.813      R4C11C.F0 to      R2C11B.B1 system/cpu/engine/un9_d_axb1
CTOF_DEL    ---     0.495      R2C11B.B1 to      R2C11B.F1 system/cpu/engine/dp/rf/words_ram_2/SLICE_43
ROUTE         9     1.419      R2C11B.F1 to      R2C15A.D1 system/address[15]
CTOF_DEL    ---     0.495      R2C15A.D1 to      R2C15A.F1 system/bus/SLICE_619
ROUTE         1     1.004      R2C15A.F1 to      R2C15D.B0 system/bus/un1_address_18_6
CTOF_DEL    ---     0.495      R2C15D.B0 to      R2C15D.F0 system/bus/SLICE_442
ROUTE         7     1.713      R2C15D.F0 to      R8C17A.D1 system/bus/un1_address_18_13
CTOF_DEL    ---     0.495      R8C17A.D1 to      R8C17A.F1 system/bus/SLICE_364
ROUTE         8     1.029      R8C17A.F1 to      R8C17D.B0 system/bus/un1_address_18
CTOF_DEL    ---     0.495      R8C17D.B0 to      R8C17D.F0 system/bus/SLICE_433
ROUTE         1     0.967      R8C17D.F0 to      R8C17B.A0 system/bus/un1_boot_release_armed_1
CTOF_DEL    ---     0.495      R8C17B.A0 to      R8C17B.F0 system/bus/SLICE_431
ROUTE         3     0.635      R8C17B.F0 to      R8C17C.D1 system/bus/un1_boot_release_armed_2
CTOF_DEL    ---     0.495      R8C17C.D1 to      R8C17C.F1 system/bus/SLICE_378
ROUTE        14     0.775      R8C17C.F1 to      R8C18C.C1 system/bus/local_boot_selecteddup
CTOF_DEL    ---     0.495      R8C18C.C1 to      R8C18C.F1 system/bus/SLICE_394
ROUTE        17     0.795      R8C18C.F1 to      R8C18A.C1 system/bus/guest_fram_selecteddup
CTOF_DEL    ---     0.495      R8C18A.C1 to      R8C18A.F1 system/bus/SLICE_638
ROUTE         1     0.958      R8C18A.F1 to      R8C20C.D0 system/bus/rdatadup_1[12]
CTOF_DEL    ---     0.495      R8C20C.D0 to      R8C20C.F0 system/SLICE_300
ROUTE         4     0.453      R8C20C.F0 to      R8C20C.C1 system/rdatadup[12]
CTOF_DEL    ---     0.495      R8C20C.C1 to      R8C20C.F1 system/SLICE_300
ROUTE         4     1.345      R8C20C.F1 to      R9C19A.B1 system/cpu/sync_decode.decode/un16_index_1
CTOF_DEL    ---     0.495      R9C19A.B1 to      R9C19A.F1 system/SLICE_392
ROUTE         9     2.505      R9C19A.F1 to       R5C5B.D0 system/cpu/sync_decode.decode/un1_incoming_1
CTOF_DEL    ---     0.495       R5C5B.D0 to       R5C5B.F0 system/SLICE_234
ROUTE         1     2.098       R5C5B.F0 to *R_R6C17.ADA12 system/cpu/sync_decode.decode/index[9] (to clk)
                  --------
                   31.952   (38.8% logic, 61.2% route), 16 logic levels.

 Clock Skew Details: 

      Source Clock Path oscillator to system/cpu/engine/rom/lane_2:

   Name    Fanout   Delay (ns)          Site               Resource
ROUTE       244     3.714        OSC.OSC to  EBR_R6C7.CLKA clk
                  --------
                    3.714   (0.0% logic, 100.0% route), 0 logic levels.

      Destination Clock Path oscillator to system/cpu/sync_decode.decode/table_rom/lane_0:

   Name    Fanout   Delay (ns)          Site               Resource
ROUTE       244     3.714        OSC.OSC to EBR_R6C17.CLKA clk
                  --------
                    3.714   (0.0% logic, 100.0% route), 0 logic levels.

Report:   31.107MHz is the maximum frequency for this preference.


================================================================================
Preference: Unconstrained: CLOCK_DOMAIN
            0 unconstrained paths found
--------------------------------------------------------------------------------


================================================================================
Preference: Unconstrained: INPUT_SETUP
            8 unconstrained paths found
--------------------------------------------------------------------------------

Unconstrained Preference:
   INPUT_SETUP PORT "res" CLKNET "clk" 

Report:    5.075ns delay res to SLICE_404 (4.342ns delay and 0.733ns setup)

   Name    Fanout   Delay (ns)          Site               Resource
PADI_DEL    ---     1.132          4.PAD to        4.PADDI res
ROUTE         1     3.210        4.PADDI to     R5C12D.LSR res_c (to clk)
                  --------
                    4.342   (26.1% logic, 73.9% route), 1 logic levels.

Unconstrained Preference:
   INPUT_SETUP PORT "gpio_key_row[0]" CLKNET "clk" 

Report:    2.292ns delay gpio_key_row[0] to gpio_key_row[0]_MGIOL (1.697ns delay and 0.595ns setup)

   Name    Fanout   Delay (ns)          Site               Resource
PADI_DEL    ---     1.132         29.PAD to       29.PADDI gpio_key_row[0]
ROUTE         1     0.565       29.PADDI to    IOL_T11D.DI gpio_key_row_in[0] (to clk)
                  --------
                    1.697   (66.7% logic, 33.3% route), 1 logic levels.

Unconstrained Preference:
   INPUT_SETUP PORT "gpio_key_row[1]" CLKNET "clk" 

Report:    2.292ns delay gpio_key_row[1] to gpio_key_row[1]_MGIOL (1.697ns delay and 0.595ns setup)

   Name    Fanout   Delay (ns)          Site               Resource
PADI_DEL    ---     1.132         30.PAD to       30.PADDI gpio_key_row[1]
ROUTE         1     0.565       30.PADDI to    IOL_T11C.DI gpio_key_row_in[1] (to clk)
                  --------
                    1.697   (66.7% logic, 33.3% route), 1 logic levels.

Unconstrained Preference:
   INPUT_SETUP PORT "gpio_key_row[2]" CLKNET "clk" 

Report:    2.292ns delay gpio_key_row[2] to gpio_key_row[2]_MGIOL (1.697ns delay and 0.595ns setup)

   Name    Fanout   Delay (ns)          Site               Resource
PADI_DEL    ---     1.132         32.PAD to       32.PADDI gpio_key_row[2]
ROUTE         1     0.565       32.PADDI to    IOL_T10D.DI gpio_key_row_in[2] (to clk)
                  --------
                    1.697   (66.7% logic, 33.3% route), 1 logic levels.

Unconstrained Preference:
   INPUT_SETUP PORT "gpio_key_row[3]" CLKNET "clk" 

Report:    2.292ns delay gpio_key_row[3] to gpio_key_row[3]_MGIOL (1.697ns delay and 0.595ns setup)

   Name    Fanout   Delay (ns)          Site               Resource
PADI_DEL    ---     1.132          1.PAD to        1.PADDI gpio_key_row[3]
ROUTE         1     0.565        1.PADDI to    IOL_T10C.DI gpio_key_row_in[3] (to clk)
                  --------
                    1.697   (66.7% logic, 33.3% route), 1 logic levels.

Unconstrained Preference:
   INPUT_SETUP PORT "rx" CLKNET "clk" 

Report:    2.292ns delay rx to rx_MGIOL (1.697ns delay and 0.595ns setup)

   Name    Fanout   Delay (ns)          Site               Resource
PADI_DEL    ---     1.132         25.PAD to       25.PADDI rx
ROUTE         1     0.565       25.PADDI to    IOL_T15D.DI rx_c (to clk)
                  --------
                    1.697   (66.7% logic, 33.3% route), 1 logic levels.

Unconstrained Preference:
   INPUT_SETUP PORT "sd_miso" CLKNET "clk" 

Report:    2.292ns delay sd_miso to sd_miso_MGIOL (1.697ns delay and 0.595ns setup)

   Name    Fanout   Delay (ns)          Site               Resource
PADI_DEL    ---     1.132         28.PAD to       28.PADDI sd_miso
ROUTE         1     0.565       28.PADDI to    IOL_T12C.DI sd_miso_c (to clk)
                  --------
                    1.697   (66.7% logic, 33.3% route), 1 logic levels.

Unconstrained Preference:
   INPUT_SETUP PORT "gpio_miso" CLKNET "clk" 

Report:    2.111ns delay gpio_miso to gpio_miso_MGIOL (1.516ns delay and 0.595ns setup)

   Name    Fanout   Delay (ns)          Site               Resource
PADI_DEL    ---     1.132         10.PAD to       10.PADDI gpio_miso
ROUTE         1     0.384       10.PADDI to     IOL_B6D.DI gpio_miso_c (to clk)
                  --------
                    1.516   (74.7% logic, 25.3% route), 1 logic levels.


================================================================================
Preference: Unconstrained: CLOCK_TO_OUT
            18 unconstrained paths found
--------------------------------------------------------------------------------

Unconstrained Preference:
   CLOCK_TO_OUT PORT "gpio_key_row[3]" CLKNET "clk" 

Report:    9.168ns delay system/SLICE_144 to gpio_key_row[3]

   Name    Fanout   Delay (ns)          Site               Resource
REG_DEL     ---     0.452     R7C14A.CLK to      R7C14A.Q0 system/SLICE_144 (from clk)
ROUTE         3     4.536      R7C14A.Q0 to        1.PADDT system/bus/host_miso_oe
TDTS_DEL    ---     4.180        1.PADDT to          1.PAD gpio_key_row[3]
                  --------
                    9.168   (50.5% logic, 49.5% route), 2 logic levels.

Unconstrained Preference:
   CLOCK_TO_OUT PORT "sd_cs_n" CLKNET "clk" 

Report:    7.336ns delay system/SLICE_68 to sd_cs_n

   Name    Fanout   Delay (ns)          Site               Resource
REG_DEL     ---     0.452     R5C17D.CLK to      R5C17D.Q0 system/SLICE_68 (from clk)
ROUTE         2     4.087      R5C17D.Q0 to        5.PADDO sd_cs_n_c
DOPAD_DEL   ---     2.797        5.PADDO to          5.PAD sd_cs_n
                  --------
                    7.336   (44.3% logic, 55.7% route), 2 logic levels.

Unconstrained Preference:
   CLOCK_TO_OUT PORT "tx" CLKNET "clk" 

Report:    6.798ns delay system/bus/fixed_uart.console/SLICE_289 to tx

   Name    Fanout   Delay (ns)          Site               Resource
REG_DEL     ---     0.452     R3C20A.CLK to      R3C20A.Q0 system/bus/fixed_uart.console/SLICE_289 (from clk)
ROUTE         2     1.306      R3C20A.Q0 to      R2C19C.A1 system/bus/fixed_uart.console/tx_break
CTOF_DEL    ---     0.495      R2C19C.A1 to      R2C19C.F1 system/bus/fixed_uart.console/SLICE_118
ROUTE         1     1.748      R2C19C.F1 to       23.PADDO tx_c
DOPAD_DEL   ---     2.797       23.PADDO to         23.PAD tx
                  --------
                    6.798   (55.1% logic, 44.9% route), 3 logic levels.

Unconstrained Preference:
   CLOCK_TO_OUT PORT "gpio_rs" CLKNET "clk" 

Report:    6.769ns delay system/SLICE_65 to gpio_rs

   Name    Fanout   Delay (ns)          Site               Resource
REG_DEL     ---     0.452     R7C13A.CLK to      R7C13A.Q0 system/SLICE_65 (from clk)
ROUTE         3     3.520      R7C13A.Q0 to       11.PADDO gpio_rs_c
DOPAD_DEL   ---     2.797       11.PADDO to         11.PAD gpio_rs
                  --------
                    6.769   (48.0% logic, 52.0% route), 2 logic levels.

Unconstrained Preference:
   CLOCK_TO_OUT PORT "tx" CLKNET "clk" 

Report:    6.707ns delay system/bus/fixed_uart.console/SLICE_105 to tx

   Name    Fanout   Delay (ns)          Site               Resource
REG_DEL     ---     0.452     R3C20B.CLK to      R3C20B.Q0 system/bus/fixed_uart.console/SLICE_105 (from clk)
ROUTE        20     1.215      R3C20B.Q0 to      R2C19C.C1 system/bus/fixed_uart.console/tx_busy
CTOF_DEL    ---     0.495      R2C19C.C1 to      R2C19C.F1 system/bus/fixed_uart.console/SLICE_118
ROUTE         1     1.748      R2C19C.F1 to       23.PADDO tx_c
DOPAD_DEL   ---     2.797       23.PADDO to         23.PAD tx
                  --------
                    6.707   (55.8% logic, 44.2% route), 3 logic levels.

Unconstrained Preference:
   CLOCK_TO_OUT PORT "sd_mosi" CLKNET "clk" 

Report:    6.582ns delay system/bus/byte_sd/SLICE_86 to sd_mosi

   Name    Fanout   Delay (ns)          Site               Resource
REG_DEL     ---     0.452     R3C17A.CLK to      R3C17A.Q1 system/bus/byte_sd/SLICE_86 (from clk)
ROUTE         1     1.413      R3C17A.Q1 to      R4C19C.A0 system/bus/byte_sd/tx_shift[7]
CTOF_DEL    ---     0.495      R4C19C.A0 to      R4C19C.F0 system/bus/byte_sd/SLICE_632
ROUTE         1     1.425      R4C19C.F0 to       21.PADDO sd_mosi_c
DOPAD_DEL   ---     2.797       21.PADDO to         21.PAD sd_mosi
                  --------
                    6.582   (56.9% logic, 43.1% route), 3 logic levels.

Unconstrained Preference:
   CLOCK_TO_OUT PORT "tx" CLKNET "clk" 

Report:    6.496ns delay system/bus/fixed_uart.console/SLICE_114 to tx

   Name    Fanout   Delay (ns)          Site               Resource
REG_DEL     ---     0.452     R2C19A.CLK to      R2C19A.Q0 system/bus/fixed_uart.console/SLICE_114 (from clk)
ROUTE         1     1.004      R2C19A.Q0 to      R2C19C.B1 system/bus/fixed_uart.console/tx_shift[0]
CTOF_DEL    ---     0.495      R2C19C.B1 to      R2C19C.F1 system/bus/fixed_uart.console/SLICE_118
ROUTE         1     1.748      R2C19C.F1 to       23.PADDO tx_c
DOPAD_DEL   ---     2.797       23.PADDO to         23.PAD tx
                  --------
                    6.496   (57.6% logic, 42.4% route), 3 logic levels.

Unconstrained Preference:
   CLOCK_TO_OUT PORT "sd_mosi" CLKNET "clk" 

Report:    6.312ns delay system/bus/byte_sd/SLICE_76 to sd_mosi

   Name    Fanout   Delay (ns)          Site               Resource
REG_DEL     ---     0.452     R2C18D.CLK to      R2C18D.Q0 system/bus/byte_sd/SLICE_76 (from clk)
ROUTE        23     1.143      R2C18D.Q0 to      R4C19C.C0 system/bus/byte_sd/busy
CTOF_DEL    ---     0.495      R4C19C.C0 to      R4C19C.F0 system/bus/byte_sd/SLICE_632
ROUTE         1     1.425      R4C19C.F0 to       21.PADDO sd_mosi_c
DOPAD_DEL   ---     2.797       21.PADDO to         21.PAD sd_mosi
                  --------
                    6.312   (59.3% logic, 40.7% route), 3 logic levels.

Unconstrained Preference:
   CLOCK_TO_OUT PORT "gpio_blank" CLKNET "clk" 

Report:    5.904ns delay system/SLICE_59 to gpio_blank

   Name    Fanout   Delay (ns)          Site               Resource
REG_DEL     ---     0.452     R8C10A.CLK to      R8C10A.Q0 system/SLICE_59 (from clk)
ROUTE         3     2.655      R8C10A.Q0 to       13.PADDO gpio_blank_c
DOPAD_DEL   ---     2.797       13.PADDO to         13.PAD gpio_blank
                  --------
                    5.904   (55.0% logic, 45.0% route), 2 logic levels.

Unconstrained Preference:
   CLOCK_TO_OUT PORT "gpio_reg_latch" CLKNET "clk" 

Report:    5.741ns delay system/SLICE_64 to gpio_reg_latch

   Name    Fanout   Delay (ns)          Site               Resource
REG_DEL     ---     0.452     R8C10B.CLK to      R8C10B.Q0 system/SLICE_64 (from clk)
ROUTE         3     2.492      R8C10B.Q0 to       20.PADDO gpio_reg_latch_c
DOPAD_DEL   ---     2.797       20.PADDO to         20.PAD gpio_reg_latch
                  --------
                    5.741   (56.6% logic, 43.4% route), 2 logic levels.

Unconstrained Preference:
   CLOCK_TO_OUT PORT "sd_sck" CLKNET "clk" 

Report:    5.526ns delay system/bus/byte_sd/SLICE_69 to sd_sck

   Name    Fanout   Delay (ns)          Site               Resource
REG_DEL     ---     0.452     R2C19B.CLK to      R2C19B.Q0 system/bus/byte_sd/SLICE_69 (from clk)
ROUTE         9     2.277      R2C19B.Q0 to       27.PADDO sd_sck_c
DOPAD_DEL   ---     2.797       27.PADDO to         27.PAD sd_sck
                  --------
                    5.526   (58.8% logic, 41.2% route), 2 logic levels.

Unconstrained Preference:
   CLOCK_TO_OUT PORT "gpio_din" CLKNET "clk" 

Report:    5.455ns delay system/SLICE_62 to gpio_din

   Name    Fanout   Delay (ns)          Site               Resource
REG_DEL     ---     0.452     R9C13D.CLK to      R9C13D.Q0 system/SLICE_62 (from clk)
ROUTE         3     2.206      R9C13D.Q0 to       16.PADDO gpio_din_c
DOPAD_DEL   ---     2.797       16.PADDO to         16.PAD gpio_din
                  --------
                    5.455   (59.6% logic, 40.4% route), 2 logic levels.

Unconstrained Preference:
   CLOCK_TO_OUT PORT "gpio_msck" CLKNET "clk" 

Report:    5.346ns delay system/bus/guest_memory/SLICE_63 to gpio_msck

   Name    Fanout   Delay (ns)          Site               Resource
REG_DEL     ---     0.452    R10C15A.CLK to     R10C15A.Q0 system/bus/guest_memory/SLICE_63 (from clk)
ROUTE         4     2.097     R10C15A.Q0 to        9.PADDO gpio_msck_c
DOPAD_DEL   ---     2.797        9.PADDO to          9.PAD gpio_msck
                  --------
                    5.346   (60.8% logic, 39.2% route), 2 logic levels.

Unconstrained Preference:
   CLOCK_TO_OUT PORT "gpio_key_row[3]" CLKNET "clk" 

Report:    5.219ns delay system/SLICE_66 to gpio_key_row[3]

   Name    Fanout   Delay (ns)          Site               Resource
REG_DEL     ---     0.452     R7C13B.CLK to      R7C13B.Q0 system/SLICE_66 (from clk)
ROUTE         3     1.970      R7C13B.Q0 to        1.PADDO host_miso
DOPAD_DEL   ---     2.797        1.PADDO to          1.PAD gpio_key_row[3]
                  --------
                    5.219   (62.3% logic, 37.7% route), 2 logic levels.

Unconstrained Preference:
   CLOCK_TO_OUT PORT "gpio_ce" CLKNET "clk" 

Report:    5.022ns delay system/SLICE_60 to gpio_ce

   Name    Fanout   Delay (ns)          Site               Resource
REG_DEL     ---     0.452     R7C12D.CLK to      R7C12D.Q0 system/SLICE_60 (from clk)
ROUTE         3     1.773      R7C12D.Q0 to       14.PADDO gpio_ce_c
DOPAD_DEL   ---     2.797       14.PADDO to         14.PAD gpio_ce
                  --------
                    5.022   (64.7% logic, 35.3% route), 2 logic levels.

Unconstrained Preference:
   CLOCK_TO_OUT PORT "gpio_clk" CLKNET "clk" 

Report:    4.898ns delay system/SLICE_61 to gpio_clk

   Name    Fanout   Delay (ns)          Site               Resource
REG_DEL     ---     0.452     R9C13B.CLK to      R9C13B.Q0 system/SLICE_61 (from clk)
ROUTE         3     1.649      R9C13B.Q0 to       12.PADDO gpio_clk_c
DOPAD_DEL   ---     2.797       12.PADDO to         12.PAD gpio_clk
                  --------
                    4.898   (66.3% logic, 33.7% route), 2 logic levels.

Unconstrained Preference:
   CLOCK_TO_OUT PORT "gpio_mcs" CLKNET "clk" 

Report:    3.407ns delay gpio_mcs_MGIOL to gpio_mcs

   Name    Fanout   Delay (ns)          Site               Resource
C2OUT_DEL   ---     0.567    IOL_B4C.CLK to  IOL_B4C.IOLDO gpio_mcs_MGIOL (from clk)
ROUTE         1     0.043  IOL_B4C.IOLDO to        8.IOLDO gpio_mcs_c
OP0PAD_DEL  ---     2.797        8.IOLDO to          8.PAD gpio_mcs
                  --------
                    3.407   (98.7% logic, 1.3% route), 2 logic levels.

Unconstrained Preference:
   CLOCK_TO_OUT PORT "gpio_mosi" CLKNET "clk" 

Report:    3.407ns delay gpio_mosi_MGIOL to gpio_mosi

   Name    Fanout   Delay (ns)          Site               Resource
C2OUT_DEL   ---     0.567   IOL_B20D.CLK to IOL_B20D.IOLDO gpio_mosi_MGIOL (from clk)
ROUTE         1     0.043 IOL_B20D.IOLDO to       17.IOLDO gpio_mosi_c
OP0PAD_DEL  ---     2.797       17.IOLDO to         17.PAD gpio_mosi
                  --------
                    3.407   (98.7% logic, 1.3% route), 2 logic levels.


================================================================================
Preference: Unconstrained: MAXDELAY
            0 unconstrained paths found
--------------------------------------------------------------------------------

Report Summary
--------------
----------------------------------------------------------------------------
Preference                              |   Constraint|       Actual|Levels
----------------------------------------------------------------------------
                                        |             |             |
FREQUENCY NET "clk" 29.560000 MHz ;     |   29.560 MHz|   31.107 MHz|  17  
                                        |             |             |
----------------------------------------------------------------------------


All preferences were met.


Clock Domains Analysis
------------------------

Found 1 clocks:

Clock Domain: clk   Source: oscillator.OSC   Loads: 244
   Covered under: FREQUENCY NET "clk" 29.560000 MHz ;


--------------------------------------------------------------------------------
                Connections not covered by the preferences
--------------------------------------------------------------------------------

     Delay                        Element                 Net

    0.565ns pio_key_row[0].PADDI to _key_row[0]_MGIOL.DI gpio_key_row_in[0]
    0.565ns        sd_miso.PADDI to     sd_miso_MGIOL.DI sd_miso_c
    0.565ns             rx.PADDI to          rx_MGIOL.DI rx_c
    0.565ns pio_key_row[1].PADDI to _key_row[1]_MGIOL.DI gpio_key_row_in[1]
    0.565ns pio_key_row[2].PADDI to _key_row[2]_MGIOL.DI gpio_key_row_in[2]
    0.565ns pio_key_row[3].PADDI to _key_row[3]_MGIOL.DI gpio_key_row_in[3]
    0.384ns      gpio_miso.PADDI to   gpio_miso_MGIOL.DI gpio_miso_c
    3.210ns            res.PADDI to        SLICE_404.LSR res_c

--------------------------------------------------------------------------------


Timing summary (Setup):
---------------

Timing errors: 0  Score: 0
Cumulative negative slack: 0

Constraints cover 3157392 paths, 1 nets, and 5456 connections (99.85% coverage)

--------------------------------------------------------------------------------
Lattice TRACE Report - Hold, Version Diamond (64-bit) 3.14.0.75.2
Thu Sep 10 13:25:50 2026

Copyright (c) 1991-1994 by NeoCAD Inc. All rights reserved.
Copyright (c) 1995 AT&T Corp.   All rights reserved.
Copyright (c) 1995-2001 Lucent Technologies Inc.  All rights reserved.
Copyright (c) 2001 Agere Systems   All rights reserved.
Copyright (c) 2002-2024 Lattice Semiconductor Corporation,  All rights reserved.

Report Information
------------------
Command line:    trce -v 10 -c -u 0 -gt -sethld -sp 4 -sphld m -o cp36e_impl1.twr cp36e_impl1.ncd cp36e_impl1.prf 
Design file:     cp36e_impl1.ncd
Preference file: cp36e_impl1.prf
Device,speed:    LCMXO2-1200HC,m
Report level:    verbose report, limited to 10 items per preference
--------------------------------------------------------------------------------

BLOCK ASYNCPATHS
BLOCK RESETPATHS
--------------------------------------------------------------------------------



================================================================================
Preference: FREQUENCY NET "clk" 29.560000 MHz ;
            4096 items scored, 0 timing errors detected.
--------------------------------------------------------------------------------


Passed: The following path meets requirements by 0.294ns

 Logical Details:  Cell type  Pin type       Cell/ASIC name  (clock net +/-)

   Source:         Sync_RAM   Q              system/cpu/engine/dp/rf/words_ram/RAM0  (from clk +)
   Destination:    FF         Data in        system/bus/boot_release_armed  (to clk +)

   Delay:               0.281ns  (98.2% logic, 1.8% route), 1 logic levels.

 Constraint Details:

      0.281ns physical path delay system/SLICE_39 to system/SLICE_39 meets
     -0.013ns DIN_HLD and
      0.000ns delay constraint less
      0.000ns skew requirement (totaling -0.013ns) by 0.294ns

 Physical Path Details:

      Data path system/SLICE_39 to system/SLICE_39:

   Name    Fanout   Delay (ns)          Site               Resource
CLKTOF_DEL  ---     0.276     R2C10A.WCK to      R2C10A.F1 system/SLICE_39 (from clk)
ROUTE        37     0.005      R2C10A.F1 to     R2C10A.DI1 system/address[1] (to clk)
                  --------
                    0.281   (98.2% logic, 1.8% route), 1 logic levels.

 Clock Skew Details: 

      Source Clock Path oscillator to system/SLICE_39:

   Name    Fanout   Delay (ns)          Site               Resource
ROUTE       244     1.216        OSC.OSC to     R2C10A.WCK clk
                  --------
                    1.216   (0.0% logic, 100.0% route), 0 logic levels.

      Destination Clock Path oscillator to system/SLICE_39:

   Name    Fanout   Delay (ns)          Site               Resource
ROUTE       244     1.216        OSC.OSC to     R2C10A.CLK clk
                  --------
                    1.216   (0.0% logic, 100.0% route), 0 logic levels.


Passed: The following path meets requirements by 0.304ns

 Logical Details:  Cell type  Pin type       Cell/ASIC name  (clock net +/-)

   Source:         FF         Q              reset_sync[1]  (from clk +)
   Destination:    FF         Data in        reset_sync[0]  (to clk +)

   Delay:               0.285ns  (46.7% logic, 53.3% route), 1 logic levels.

 Constraint Details:

      0.285ns physical path delay SLICE_404 to SLICE_404 meets
     -0.019ns M_HLD and
      0.000ns delay constraint less
      0.000ns skew requirement (totaling -0.019ns) by 0.304ns

 Physical Path Details:

      Data path SLICE_404 to SLICE_404:

   Name    Fanout   Delay (ns)          Site               Resource
REG_DEL     ---     0.133     R5C12D.CLK to      R5C12D.Q1 SLICE_404 (from clk)
ROUTE         1     0.152      R5C12D.Q1 to      R5C12D.M0 reset_sync[1] (to clk)
                  --------
                    0.285   (46.7% logic, 53.3% route), 1 logic levels.

 Clock Skew Details: 

      Source Clock Path oscillator to SLICE_404:

   Name    Fanout   Delay (ns)          Site               Resource
ROUTE       244     1.216        OSC.OSC to     R5C12D.CLK clk
                  --------
                    1.216   (0.0% logic, 100.0% route), 0 logic levels.

      Destination Clock Path oscillator to SLICE_404:

   Name    Fanout   Delay (ns)          Site               Resource
ROUTE       244     1.216        OSC.OSC to     R5C12D.CLK clk
                  --------
                    1.216   (0.0% logic, 100.0% route), 0 logic levels.


Passed: The following path meets requirements by 0.304ns

 Logical Details:  Cell type  Pin type       Cell/ASIC name  (clock net +/-)

   Source:         FF         Q              system/bus/fixed_uart.console/cts_sync[0]  (from clk +)
   Destination:    FF         Data in        system/bus/fixed_uart.console/cts_sync[1]  (to clk +)

   Delay:               0.285ns  (46.7% logic, 53.3% route), 1 logic levels.

 Constraint Details:

      0.285ns physical path delay system/bus/fixed_uart.console/SLICE_87 to system/bus/fixed_uart.console/SLICE_87 meets
     -0.019ns M_HLD and
      0.000ns delay constraint less
      0.000ns skew requirement (totaling -0.019ns) by 0.304ns

 Physical Path Details:

      Data path system/bus/fixed_uart.console/SLICE_87 to system/bus/fixed_uart.console/SLICE_87:

   Name    Fanout   Delay (ns)          Site               Resource
REG_DEL     ---     0.133     R2C19D.CLK to      R2C19D.Q0 system/bus/fixed_uart.console/SLICE_87 (from clk)
ROUTE         1     0.152      R2C19D.Q0 to      R2C19D.M1 system/bus/fixed_uart.console/cts_sync[0] (to clk)
                  --------
                    0.285   (46.7% logic, 53.3% route), 1 logic levels.

 Clock Skew Details: 

      Source Clock Path oscillator to system/bus/fixed_uart.console/SLICE_87:

   Name    Fanout   Delay (ns)          Site               Resource
ROUTE       244     1.216        OSC.OSC to     R2C19D.CLK clk
                  --------
                    1.216   (0.0% logic, 100.0% route), 0 logic levels.

      Destination Clock Path oscillator to system/bus/fixed_uart.console/SLICE_87:

   Name    Fanout   Delay (ns)          Site               Resource
ROUTE       244     1.216        OSC.OSC to     R2C19D.CLK clk
                  --------
                    1.216   (0.0% logic, 100.0% route), 0 logic levels.


Passed: The following path meets requirements by 0.306ns

 Logical Details:  Cell type  Pin type       Cell/ASIC name  (clock net +/-)

   Source:         FF         Q              system/bus/fixed_uart.console/rx_shift[1]  (from clk +)
   Destination:    FF         Data in        system/bus/fixed_uart.console/rx_shift[0]  (to clk +)

   Delay:               0.287ns  (46.3% logic, 53.7% route), 1 logic levels.

 Constraint Details:

      0.287ns physical path delay system/bus/fixed_uart.console/SLICE_612 to system/bus/fixed_uart.console/SLICE_612 meets
     -0.019ns M_HLD and
      0.000ns delay constraint less
      0.000ns skew requirement (totaling -0.019ns) by 0.306ns

 Physical Path Details:

      Data path system/bus/fixed_uart.console/SLICE_612 to system/bus/fixed_uart.console/SLICE_612:

   Name    Fanout   Delay (ns)          Site               Resource
REG_DEL     ---     0.133     R4C20D.CLK to      R4C20D.Q1 system/bus/fixed_uart.console/SLICE_612 (from clk)
ROUTE         2     0.154      R4C20D.Q1 to      R4C20D.M0 system/bus/fixed_uart.console/rx_shift[1] (to clk)
                  --------
                    0.287   (46.3% logic, 53.7% route), 1 logic levels.

 Clock Skew Details: 

      Source Clock Path oscillator to system/bus/fixed_uart.console/SLICE_612:

   Name    Fanout   Delay (ns)          Site               Resource
ROUTE       244     1.216        OSC.OSC to     R4C20D.CLK clk
                  --------
                    1.216   (0.0% logic, 100.0% route), 0 logic levels.

      Destination Clock Path oscillator to system/bus/fixed_uart.console/SLICE_612:

   Name    Fanout   Delay (ns)          Site               Resource
ROUTE       244     1.216        OSC.OSC to     R4C20D.CLK clk
                  --------
                    1.216   (0.0% logic, 100.0% route), 0 logic levels.


Passed: The following path meets requirements by 0.306ns

 Logical Details:  Cell type  Pin type       Cell/ASIC name  (clock net +/-)

   Source:         FF         Q              system/bus/byte_sd/rx_shift[1]  (from clk +)
   Destination:    FF         Data in        system/bus/byte_sd/rx_shift[2]  (to clk +)

   Delay:               0.287ns  (46.3% logic, 53.7% route), 1 logic levels.

 Constraint Details:

      0.287ns physical path delay system/bus/SLICE_304 to system/bus/SLICE_304 meets
     -0.019ns M_HLD and
      0.000ns delay constraint less
      0.000ns skew requirement (totaling -0.019ns) by 0.306ns

 Physical Path Details:

      Data path system/bus/SLICE_304 to system/bus/SLICE_304:

   Name    Fanout   Delay (ns)          Site               Resource
REG_DEL     ---     0.133     R7C16A.CLK to      R7C16A.Q0 system/bus/SLICE_304 (from clk)
ROUTE         2     0.154      R7C16A.Q0 to      R7C16A.M1 system/bus/byte_sd/rx_shift[1] (to clk)
                  --------
                    0.287   (46.3% logic, 53.7% route), 1 logic levels.

 Clock Skew Details: 

      Source Clock Path oscillator to system/bus/SLICE_304:

   Name    Fanout   Delay (ns)          Site               Resource
ROUTE       244     1.216        OSC.OSC to     R7C16A.CLK clk
                  --------
                    1.216   (0.0% logic, 100.0% route), 0 logic levels.

      Destination Clock Path oscillator to system/bus/SLICE_304:

   Name    Fanout   Delay (ns)          Site               Resource
ROUTE       244     1.216        OSC.OSC to     R7C16A.CLK clk
                  --------
                    1.216   (0.0% logic, 100.0% route), 0 logic levels.


Passed: The following path meets requirements by 0.306ns

 Logical Details:  Cell type  Pin type       Cell/ASIC name  (clock net +/-)

   Source:         FF         Q              system/bus/fixed_uart.console/rx_shift[3]  (from clk +)
   Destination:    FF         Data in        system/bus/fixed_uart.console/rx_shift[2]  (to clk +)

   Delay:               0.287ns  (46.3% logic, 53.7% route), 1 logic levels.

 Constraint Details:

      0.287ns physical path delay system/bus/fixed_uart.console/SLICE_341 to system/bus/fixed_uart.console/SLICE_341 meets
     -0.019ns M_HLD and
      0.000ns delay constraint less
      0.000ns skew requirement (totaling -0.019ns) by 0.306ns

 Physical Path Details:

      Data path system/bus/fixed_uart.console/SLICE_341 to system/bus/fixed_uart.console/SLICE_341:

   Name    Fanout   Delay (ns)          Site               Resource
REG_DEL     ---     0.133     R9C21A.CLK to      R9C21A.Q1 system/bus/fixed_uart.console/SLICE_341 (from clk)
ROUTE         2     0.154      R9C21A.Q1 to      R9C21A.M0 system/bus/fixed_uart.console/rx_shift[3] (to clk)
                  --------
                    0.287   (46.3% logic, 53.7% route), 1 logic levels.

 Clock Skew Details: 

      Source Clock Path oscillator to system/bus/fixed_uart.console/SLICE_341:

   Name    Fanout   Delay (ns)          Site               Resource
ROUTE       244     1.216        OSC.OSC to     R9C21A.CLK clk
                  --------
                    1.216   (0.0% logic, 100.0% route), 0 logic levels.

      Destination Clock Path oscillator to system/bus/fixed_uart.console/SLICE_341:

   Name    Fanout   Delay (ns)          Site               Resource
ROUTE       244     1.216        OSC.OSC to     R9C21A.CLK clk
                  --------
                    1.216   (0.0% logic, 100.0% route), 0 logic levels.


Passed: The following path meets requirements by 0.306ns

 Logical Details:  Cell type  Pin type       Cell/ASIC name  (clock net +/-)

   Source:         FF         Q              system/bus/timebase/state[14]  (from clk +)
   Destination:    FF         Data in        system/bus/timebase/state[15]  (to clk +)

   Delay:               0.287ns  (46.3% logic, 53.7% route), 1 logic levels.

 Constraint Details:

      0.287ns physical path delay system/bus/SLICE_298 to system/bus/SLICE_298 meets
     -0.019ns M_HLD and
      0.000ns delay constraint less
      0.000ns skew requirement (totaling -0.019ns) by 0.306ns

 Physical Path Details:

      Data path system/bus/SLICE_298 to system/bus/SLICE_298:

   Name    Fanout   Delay (ns)          Site               Resource
REG_DEL     ---     0.133     R3C15C.CLK to      R3C15C.Q0 system/bus/SLICE_298 (from clk)
ROUTE         2     0.154      R3C15C.Q0 to      R3C15C.M1 system/bus/timebase/state[14] (to clk)
                  --------
                    0.287   (46.3% logic, 53.7% route), 1 logic levels.

 Clock Skew Details: 

      Source Clock Path oscillator to system/bus/SLICE_298:

   Name    Fanout   Delay (ns)          Site               Resource
ROUTE       244     1.216        OSC.OSC to     R3C15C.CLK clk
                  --------
                    1.216   (0.0% logic, 100.0% route), 0 logic levels.

      Destination Clock Path oscillator to system/bus/SLICE_298:

   Name    Fanout   Delay (ns)          Site               Resource
ROUTE       244     1.216        OSC.OSC to     R3C15C.CLK clk
                  --------
                    1.216   (0.0% logic, 100.0% route), 0 logic levels.


Passed: The following path meets requirements by 0.306ns

 Logical Details:  Cell type  Pin type       Cell/ASIC name  (clock net +/-)

   Source:         FF         Q              system/bus/fixed_uart.console/rx_shift[7]  (from clk +)
   Destination:    FF         Data in        system/bus/fixed_uart.console/rx_buffer[7]  (to clk +)

   Delay:               0.287ns  (46.3% logic, 53.7% route), 1 logic levels.

 Constraint Details:

      0.287ns physical path delay system/bus/fixed_uart.console/SLICE_590 to system/bus/fixed_uart.console/SLICE_589 meets
     -0.019ns M_HLD and
      0.000ns delay constraint less
      0.000ns skew requirement (totaling -0.019ns) by 0.306ns

 Physical Path Details:

      Data path system/bus/fixed_uart.console/SLICE_590 to system/bus/fixed_uart.console/SLICE_589:

   Name    Fanout   Delay (ns)          Site               Resource
REG_DEL     ---     0.133     R4C20B.CLK to      R4C20B.Q1 system/bus/fixed_uart.console/SLICE_590 (from clk)
ROUTE         2     0.154      R4C20B.Q1 to      R4C20C.M1 system/bus/fixed_uart.console/rx_shift[7] (to clk)
                  --------
                    0.287   (46.3% logic, 53.7% route), 1 logic levels.

 Clock Skew Details: 

      Source Clock Path oscillator to system/bus/fixed_uart.console/SLICE_590:

   Name    Fanout   Delay (ns)          Site               Resource
ROUTE       244     1.216        OSC.OSC to     R4C20B.CLK clk
                  --------
                    1.216   (0.0% logic, 100.0% route), 0 logic levels.

      Destination Clock Path oscillator to system/bus/fixed_uart.console/SLICE_589:

   Name    Fanout   Delay (ns)          Site               Resource
ROUTE       244     1.216        OSC.OSC to     R4C20C.CLK clk
                  --------
                    1.216   (0.0% logic, 100.0% route), 0 logic levels.


Passed: The following path meets requirements by 0.306ns

 Logical Details:  Cell type  Pin type       Cell/ASIC name  (clock net +/-)

   Source:         FF         Q              system/bus/timebase/state[16]  (from clk +)
   Destination:    FF         Data in        system/bus/timebase/state[17]  (to clk +)

   Delay:               0.287ns  (46.3% logic, 53.7% route), 1 logic levels.

 Constraint Details:

      0.287ns physical path delay system/bus/SLICE_618 to system/bus/SLICE_618 meets
     -0.019ns M_HLD and
      0.000ns delay constraint less
      0.000ns skew requirement (totaling -0.019ns) by 0.306ns

 Physical Path Details:

      Data path system/bus/SLICE_618 to system/bus/SLICE_618:

   Name    Fanout   Delay (ns)          Site               Resource
REG_DEL     ---     0.133     R3C14B.CLK to      R3C14B.Q0 system/bus/SLICE_618 (from clk)
ROUTE         2     0.154      R3C14B.Q0 to      R3C14B.M1 system/bus/timebase/state[16] (to clk)
                  --------
                    0.287   (46.3% logic, 53.7% route), 1 logic levels.

 Clock Skew Details: 

      Source Clock Path oscillator to system/bus/SLICE_618:

   Name    Fanout   Delay (ns)          Site               Resource
ROUTE       244     1.216        OSC.OSC to     R3C14B.CLK clk
                  --------
                    1.216   (0.0% logic, 100.0% route), 0 logic levels.

      Destination Clock Path oscillator to system/bus/SLICE_618:

   Name    Fanout   Delay (ns)          Site               Resource
ROUTE       244     1.216        OSC.OSC to     R3C14B.CLK clk
                  --------
                    1.216   (0.0% logic, 100.0% route), 0 logic levels.


Passed: The following path meets requirements by 0.306ns

 Logical Details:  Cell type  Pin type       Cell/ASIC name  (clock net +/-)

   Source:         FF         Q              system/bus/fixed_uart.console/rx_shift[7]  (from clk +)
   Destination:    FF         Data in        system/bus/fixed_uart.console/rx_shift[6]  (to clk +)

   Delay:               0.287ns  (46.3% logic, 53.7% route), 1 logic levels.

 Constraint Details:

      0.287ns physical path delay system/bus/fixed_uart.console/SLICE_590 to system/bus/fixed_uart.console/SLICE_590 meets
     -0.019ns M_HLD and
      0.000ns delay constraint less
      0.000ns skew requirement (totaling -0.019ns) by 0.306ns

 Physical Path Details:

      Data path system/bus/fixed_uart.console/SLICE_590 to system/bus/fixed_uart.console/SLICE_590:

   Name    Fanout   Delay (ns)          Site               Resource
REG_DEL     ---     0.133     R4C20B.CLK to      R4C20B.Q1 system/bus/fixed_uart.console/SLICE_590 (from clk)
ROUTE         2     0.154      R4C20B.Q1 to      R4C20B.M0 system/bus/fixed_uart.console/rx_shift[7] (to clk)
                  --------
                    0.287   (46.3% logic, 53.7% route), 1 logic levels.

 Clock Skew Details: 

      Source Clock Path oscillator to system/bus/fixed_uart.console/SLICE_590:

   Name    Fanout   Delay (ns)          Site               Resource
ROUTE       244     1.216        OSC.OSC to     R4C20B.CLK clk
                  --------
                    1.216   (0.0% logic, 100.0% route), 0 logic levels.

      Destination Clock Path oscillator to system/bus/fixed_uart.console/SLICE_590:

   Name    Fanout   Delay (ns)          Site               Resource
ROUTE       244     1.216        OSC.OSC to     R4C20B.CLK clk
                  --------
                    1.216   (0.0% logic, 100.0% route), 0 logic levels.

Report Summary
--------------
----------------------------------------------------------------------------
Preference(MIN Delays)                  |   Constraint|       Actual|Levels
----------------------------------------------------------------------------
                                        |             |             |
FREQUENCY NET "clk" 29.560000 MHz ;     |     0.000 ns|     0.294 ns|   1  
                                        |             |             |
----------------------------------------------------------------------------


All preferences were met.


Clock Domains Analysis
------------------------

Found 1 clocks:

Clock Domain: clk   Source: oscillator.OSC   Loads: 244
   Covered under: FREQUENCY NET "clk" 29.560000 MHz ;


--------------------------------------------------------------------------------
                Connections not covered by the preferences
--------------------------------------------------------------------------------

     Delay                        Element                 Net

    0.177ns pio_key_row[0].PADDI to _key_row[0]_MGIOL.DI gpio_key_row_in[0]
    0.177ns        sd_miso.PADDI to     sd_miso_MGIOL.DI sd_miso_c
    0.177ns             rx.PADDI to          rx_MGIOL.DI rx_c
    0.177ns pio_key_row[1].PADDI to _key_row[1]_MGIOL.DI gpio_key_row_in[1]
    0.177ns pio_key_row[2].PADDI to _key_row[2]_MGIOL.DI gpio_key_row_in[2]
    0.177ns pio_key_row[3].PADDI to _key_row[3]_MGIOL.DI gpio_key_row_in[3]
    0.127ns      gpio_miso.PADDI to   gpio_miso_MGIOL.DI gpio_miso_c
    1.097ns            res.PADDI to        SLICE_404.LSR res_c

--------------------------------------------------------------------------------


Timing summary (Hold):
---------------

Timing errors: 0  Score: 0
Cumulative negative slack: 0

Constraints cover 3157392 paths, 1 nets, and 5456 connections (99.85% coverage)



Timing summary (Setup and Hold):
---------------

Timing errors: 0 (setup), 0 (hold)
Score: 0 (setup), 0 (hold)
Cumulative negative slack: 0 (0+0)
--------------------------------------------------------------------------------

--------------------------------------------------------------------------------

