PASS FIS memory_mode=-1: 5960 exact state/PSW/bus/memory cases, 0 injected faults
- /Users/sash/Work/PROJECTS/k1801vm1/uJ11-fpga/build/cp58-service/tb_fis.v:150: Verilog $finish
- S i m u l a t i o n   R e p o r t: Verilator 5.050 2026-07-01
- Verilator: $finish at 22ms; walltime 1.514 s; speed 14.663 ms/s
- Verilator: cpu 1.511 s on 1 threads; allocated 2 MB

PASS FIS memory_mode=-1: 5960 exact state/PSW/bus/memory cases, 0 injected faults
- /Users/sash/Work/PROJECTS/k1801vm1/uJ11-fpga/build/cp58-service/tb_fis.v:150: Verilog $finish
- S i m u l a t i o n   R e p o r t: Verilator 5.050 2026-07-01
- Verilator: $finish at 23ms; walltime 1.587 s; speed 14.781 ms/s
- Verilator: cpu 1.585 s on 1 threads; allocated 2 MB

PASS FIS memory_mode=-1: 5960 exact state/PSW/bus/memory cases, 0 injected faults
- /Users/sash/Work/PROJECTS/k1801vm1/uJ11-fpga/build/cp58-service/tb_fis.v:150: Verilog $finish
- S i m u l a t i o n   R e p o r t: Verilator 5.050 2026-07-01
- Verilator: $finish at 22ms; walltime 1.504 s; speed 14.549 ms/s
- Verilator: cpu 1.500 s on 1 threads; allocated 2 MB

PASS FIS memory_mode=-1: 5960 exact state/PSW/bus/memory cases, 3072 injected faults
- /Users/sash/Work/PROJECTS/k1801vm1/uJ11-fpga/build/cp58-service/tb_fis.v:150: Verilog $finish
- S i m u l a t i o n   R e p o r t: Verilator 5.050 2026-07-01
- Verilator: $finish at 15ms; walltime 1.101 s; speed 13.390 ms/s
- Verilator: cpu 1.098 s on 1 threads; allocated 2 MB
PASS FIS aggregate: 23840 exact state/PSW/bus/memory cases; 4 independent shards
