
Loading design for application trce from file cp42a_impl1.ncd.
Design name: uj11_hc1200_microcomp
NCD version: 3.3
Vendor:      LATTICE
Device:      LCMXO2-1200HC
Package:     QFN32
Performance: 4
Loading device for application trce from file 'xo2c1200.nph' in environment: /home/sash/.local/lscc/diamond/3.14/ispfpga.
Package Status:                     Final          Version 1.44.
Performance Hardware Data Status:   Final          Version 36.4.
Setup and Hold Report

--------------------------------------------------------------------------------
Lattice TRACE Report - Setup, Version Diamond (64-bit) 3.14.0.75.2
Thu Sep 10 17:29:31 2026

Copyright (c) 1991-1994 by NeoCAD Inc. All rights reserved.
Copyright (c) 1995 AT&T Corp.   All rights reserved.
Copyright (c) 1995-2001 Lucent Technologies Inc.  All rights reserved.
Copyright (c) 2001 Agere Systems   All rights reserved.
Copyright (c) 2002-2024 Lattice Semiconductor Corporation,  All rights reserved.

Report Information
------------------
Command line:    trce -v 10 -c -u 0 -gt -sethld -sp 4 -sphld m -o cp42a_impl1.twr cp42a_impl1.ncd cp42a_impl1.prf 
Design file:     cp42a_impl1.ncd
Preference file: cp42a_impl1.prf
Device,speed:    LCMXO2-1200HC,4
Report level:    verbose report, limited to 10 items per preference
--------------------------------------------------------------------------------

BLOCK ASYNCPATHS
BLOCK RESETPATHS
--------------------------------------------------------------------------------



================================================================================
Preference: FREQUENCY NET "clk" 29.560000 MHz ;
            4096 items scored, 0 timing errors detected.
--------------------------------------------------------------------------------


Passed: The following path meets requirements by 2.137ns

 Logical Details:  Cell type  Pin type       Cell/ASIC name  (clock net +/-)

   Source:         DP8KC      Port           system/cpu/engine/rom/lane_2(ASIC)  (from clk +)
   Destination:    DP8KC      Port           system/cpu/engine/rom/lane_3(ASIC)  (to clk +)

   Delay:              31.718ns  (39.1% logic, 60.9% route), 16 logic levels.

 Constraint Details:

     31.718ns physical path delay system/cpu/engine/rom/lane_2 to system/cpu/engine/rom/lane_3 meets
     33.829ns delay constraint less
      0.000ns skew and
     -0.026ns ADDR_SET requirement (totaling 33.855ns) by 2.137ns

 Physical Path Details:

      Data path system/cpu/engine/rom/lane_2 to system/cpu/engine/rom/lane_3:

   Name    Fanout   Delay (ns)          Site               Resource
C2Q_DEL     ---     4.979 EBR_R6C14.CLKA to EBR_R6C14.DOA8 system/cpu/engine/rom/lane_2 (from clk)
ROUTE         4     1.814 EBR_R6C14.DOA8 to      R4C10D.C1 system/cpu/engine/a_select_2[0]
CTOF_DEL    ---     0.495      R4C10D.C1 to      R4C10D.F1 system/cpu/engine/SLICE_406
ROUTE         1     0.436      R4C10D.F1 to      R4C10D.C0 system/cpu/engine/un6_select_register[0]
CTOF_DEL    ---     0.495      R4C10D.C0 to      R4C10D.F0 system/cpu/engine/SLICE_406
ROUTE        16     2.203      R4C10D.F0 to      R2C12B.A1 system/cpu/engine/select_register_5[0]
CTOF_DEL    ---     0.495      R2C12B.A1 to      R2C12B.F1 system/cpu/engine/dp/rf/words_ram_1/SLICE_46
ROUTE        12     2.007      R2C12B.F1 to       R4C8C.B1 system/address[11]
CTOF_DEL    ---     0.495       R4C8C.B1 to       R4C8C.F1 system/bus/SLICE_477
ROUTE         5     1.444       R4C8C.F1 to       R5C8A.B1 system/bus/uart_selected_3
CTOF_DEL    ---     0.495       R5C8A.B1 to       R5C8A.F1 system/bus/SLICE_460
ROUTE        18     1.437       R5C8A.F1 to       R3C9D.D1 system/bus/un1_address_25
CTOF_DEL    ---     0.495       R3C9D.D1 to       R3C9D.F1 system/bus/SLICE_636
ROUTE         1     1.460       R3C9D.F1 to      R5C15A.D0 system/bus/acknowledgedup_1_1
CTOF_DEL    ---     0.495      R5C15A.D0 to      R5C15A.F0 system/SLICE_380
ROUTE         3     0.673      R5C15A.F0 to      R5C15A.A1 system/acknowledgedup_1
CTOF_DEL    ---     0.495      R5C15A.A1 to      R5C15A.F1 system/SLICE_380
ROUTE         4     0.643      R5C15A.F1 to      R5C15C.D1 system/acknowledgedup
CTOF_DEL    ---     0.495      R5C15C.D1 to      R5C15C.F1 system/SLICE_455
ROUTE         9     0.990      R5C15C.F1 to      R3C16A.D1 system/cpu/engine/fault_redirectdup
CTOF_DEL    ---     0.495      R3C16A.D1 to      R3C16A.F1 system/cpu/engine/seq/SLICE_383
ROUTE        10     1.013      R3C16A.F1 to      R3C16D.A0 system/cpu/engine/seq/next_address_10_sqmuxa
CTOF_DEL    ---     0.495      R3C16D.A0 to      R3C16D.F0 system/cpu/engine/seq/SLICE_619
ROUTE         1     0.656      R3C16D.F0 to      R3C17B.A0 system/cpu/engine/seq/next_address_0_iv_1[1]
CTOF_DEL    ---     0.495      R3C17B.A0 to      R3C17B.F0 system/cpu/engine/seq/SLICE_511
ROUTE         1     0.744      R3C17B.F0 to      R2C17D.C0 system/cpu/engine/seq/next_address_0_iv_2[1]
CTOF_DEL    ---     0.495      R2C17D.C0 to      R2C17D.F0 system/cpu/engine/SLICE_504
ROUTE         1     0.958      R2C17D.F0 to      R4C17A.D0 system/cpu/engine/seq/next_address_0_iv_4[1]
CTOF_DEL    ---     0.495      R4C17A.D0 to      R4C17A.F0 system/cpu/engine/seq/SLICE_499
ROUTE         1     0.693      R4C17A.F0 to      R4C17B.B1 system/cpu/engine/seq/next_address_0_iv_6[1]
CTOF_DEL    ---     0.495      R4C17B.B1 to      R4C17B.F1 system/cpu/engine/seq/SLICE_180
ROUTE         5     2.143      R4C17B.F1 to EBR_R6C10.ADA4 system/cpu/engine/next_address[1] (to clk)
                  --------
                   31.718   (39.1% logic, 60.9% route), 16 logic levels.

 Clock Skew Details: 

      Source Clock Path oscillator to system/cpu/engine/rom/lane_2:

   Name    Fanout   Delay (ns)          Site               Resource
ROUTE       249     3.714        OSC.OSC to EBR_R6C14.CLKA clk
                  --------
                    3.714   (0.0% logic, 100.0% route), 0 logic levels.

      Destination Clock Path oscillator to system/cpu/engine/rom/lane_3:

   Name    Fanout   Delay (ns)          Site               Resource
ROUTE       249     3.714        OSC.OSC to EBR_R6C10.CLKA clk
                  --------
                    3.714   (0.0% logic, 100.0% route), 0 logic levels.


Passed: The following path meets requirements by 2.218ns

 Logical Details:  Cell type  Pin type       Cell/ASIC name  (clock net +/-)

   Source:         DP8KC      Port           system/cpu/engine/rom/lane_2(ASIC)  (from clk +)
   Destination:    DP8KC      Port           system/cpu/engine/rom/lane_2(ASIC)  (to clk +)

   Delay:              31.637ns  (39.2% logic, 60.8% route), 16 logic levels.

 Constraint Details:

     31.637ns physical path delay system/cpu/engine/rom/lane_2 to system/cpu/engine/rom/lane_2 meets
     33.829ns delay constraint less
      0.000ns skew and
     -0.026ns ADDR_SET requirement (totaling 33.855ns) by 2.218ns

 Physical Path Details:

      Data path system/cpu/engine/rom/lane_2 to system/cpu/engine/rom/lane_2:

   Name    Fanout   Delay (ns)          Site               Resource
C2Q_DEL     ---     4.979 EBR_R6C14.CLKA to EBR_R6C14.DOA8 system/cpu/engine/rom/lane_2 (from clk)
ROUTE         4     1.814 EBR_R6C14.DOA8 to      R4C10D.C1 system/cpu/engine/a_select_2[0]
CTOF_DEL    ---     0.495      R4C10D.C1 to      R4C10D.F1 system/cpu/engine/SLICE_406
ROUTE         1     0.436      R4C10D.F1 to      R4C10D.C0 system/cpu/engine/un6_select_register[0]
CTOF_DEL    ---     0.495      R4C10D.C0 to      R4C10D.F0 system/cpu/engine/SLICE_406
ROUTE        16     2.203      R4C10D.F0 to      R2C12B.A1 system/cpu/engine/select_register_5[0]
CTOF_DEL    ---     0.495      R2C12B.A1 to      R2C12B.F1 system/cpu/engine/dp/rf/words_ram_1/SLICE_46
ROUTE        12     2.007      R2C12B.F1 to       R4C8C.B1 system/address[11]
CTOF_DEL    ---     0.495       R4C8C.B1 to       R4C8C.F1 system/bus/SLICE_477
ROUTE         5     1.444       R4C8C.F1 to       R5C8A.B1 system/bus/uart_selected_3
CTOF_DEL    ---     0.495       R5C8A.B1 to       R5C8A.F1 system/bus/SLICE_460
ROUTE        18     1.437       R5C8A.F1 to       R3C9D.D1 system/bus/un1_address_25
CTOF_DEL    ---     0.495       R3C9D.D1 to       R3C9D.F1 system/bus/SLICE_636
ROUTE         1     1.460       R3C9D.F1 to      R5C15A.D0 system/bus/acknowledgedup_1_1
CTOF_DEL    ---     0.495      R5C15A.D0 to      R5C15A.F0 system/SLICE_380
ROUTE         3     0.673      R5C15A.F0 to      R5C15A.A1 system/acknowledgedup_1
CTOF_DEL    ---     0.495      R5C15A.A1 to      R5C15A.F1 system/SLICE_380
ROUTE         4     0.643      R5C15A.F1 to      R5C15C.D1 system/acknowledgedup
CTOF_DEL    ---     0.495      R5C15C.D1 to      R5C15C.F1 system/SLICE_455
ROUTE         9     0.683      R5C15C.F1 to      R3C15B.D1 system/cpu/engine/fault_redirectdup
CTOF_DEL    ---     0.495      R3C15B.D1 to      R3C15B.F1 system/cpu/engine/seq/SLICE_513
ROUTE         9     1.079      R3C15B.F1 to      R3C17A.B1 system/cpu/engine/seq/next_address_7_sqmuxa
CTOF_DEL    ---     0.495      R3C17A.B1 to      R3C17A.F1 system/cpu/engine/seq/SLICE_516
ROUTE         1     0.626      R3C17A.F1 to      R3C17A.D0 system/cpu/engine/seq/dispatch_address_m[8]
CTOF_DEL    ---     0.495      R3C17A.D0 to      R3C17A.F0 system/cpu/engine/seq/SLICE_516
ROUTE         1     1.042      R3C17A.F0 to      R3C18A.D1 system/cpu/engine/seq/next_address_2_iv_0[8]
CTOF_DEL    ---     0.495      R3C18A.D1 to      R3C18A.F1 system/cpu/engine/seq/SLICE_502
ROUTE         1     0.626      R3C18A.F1 to      R3C18A.D0 system/cpu/engine/seq/next_address_2_iv_2[8]
CTOF_DEL    ---     0.495      R3C18A.D0 to      R3C18A.F0 system/cpu/engine/seq/SLICE_502
ROUTE         1     1.001      R3C18A.F0 to      R4C18B.B0 system/cpu/engine/seq/next_address_2_iv_3[8]
CTOF_DEL    ---     0.495      R4C18B.B0 to      R4C18B.F0 system/cpu/engine/seq/SLICE_184
ROUTE         5     2.059      R4C18B.F0 to *R_R6C14.ADA11 system/cpu/engine/next_address[8] (to clk)
                  --------
                   31.637   (39.2% logic, 60.8% route), 16 logic levels.

 Clock Skew Details: 

      Source Clock Path oscillator to system/cpu/engine/rom/lane_2:

   Name    Fanout   Delay (ns)          Site               Resource
ROUTE       249     3.714        OSC.OSC to EBR_R6C14.CLKA clk
                  --------
                    3.714   (0.0% logic, 100.0% route), 0 logic levels.

      Destination Clock Path oscillator to system/cpu/engine/rom/lane_2:

   Name    Fanout   Delay (ns)          Site               Resource
ROUTE       249     3.714        OSC.OSC to EBR_R6C14.CLKA clk
                  --------
                    3.714   (0.0% logic, 100.0% route), 0 logic levels.


Passed: The following path meets requirements by 2.327ns

 Logical Details:  Cell type  Pin type       Cell/ASIC name  (clock net +/-)

   Source:         DP8KC      Port           system/cpu/engine/rom/lane_2(ASIC)  (from clk +)
   Destination:    DP8KC      Port           system/cpu/engine/rom/lane_3(ASIC)  (to clk +)

   Delay:              31.528ns  (39.3% logic, 60.7% route), 16 logic levels.

 Constraint Details:

     31.528ns physical path delay system/cpu/engine/rom/lane_2 to system/cpu/engine/rom/lane_3 meets
     33.829ns delay constraint less
      0.000ns skew and
     -0.026ns ADDR_SET requirement (totaling 33.855ns) by 2.327ns

 Physical Path Details:

      Data path system/cpu/engine/rom/lane_2 to system/cpu/engine/rom/lane_3:

   Name    Fanout   Delay (ns)          Site               Resource
C2Q_DEL     ---     4.979 EBR_R6C14.CLKA to EBR_R6C14.DOA8 system/cpu/engine/rom/lane_2 (from clk)
ROUTE         4     1.814 EBR_R6C14.DOA8 to      R4C10D.C1 system/cpu/engine/a_select_2[0]
CTOF_DEL    ---     0.495      R4C10D.C1 to      R4C10D.F1 system/cpu/engine/SLICE_406
ROUTE         1     0.436      R4C10D.F1 to      R4C10D.C0 system/cpu/engine/un6_select_register[0]
CTOF_DEL    ---     0.495      R4C10D.C0 to      R4C10D.F0 system/cpu/engine/SLICE_406
ROUTE        16     2.203      R4C10D.F0 to      R2C12B.A1 system/cpu/engine/select_register_5[0]
CTOF_DEL    ---     0.495      R2C12B.A1 to      R2C12B.F1 system/cpu/engine/dp/rf/words_ram_1/SLICE_46
ROUTE        12     2.007      R2C12B.F1 to       R4C8C.B1 system/address[11]
CTOF_DEL    ---     0.495       R4C8C.B1 to       R4C8C.F1 system/bus/SLICE_477
ROUTE         5     1.444       R4C8C.F1 to       R5C8A.B1 system/bus/uart_selected_3
CTOF_DEL    ---     0.495       R5C8A.B1 to       R5C8A.F1 system/bus/SLICE_460
ROUTE        18     1.437       R5C8A.F1 to       R3C9D.D1 system/bus/un1_address_25
CTOF_DEL    ---     0.495       R3C9D.D1 to       R3C9D.F1 system/bus/SLICE_636
ROUTE         1     1.460       R3C9D.F1 to      R5C15A.D0 system/bus/acknowledgedup_1_1
CTOF_DEL    ---     0.495      R5C15A.D0 to      R5C15A.F0 system/SLICE_380
ROUTE         3     0.673      R5C15A.F0 to      R5C15C.A0 system/acknowledgedup_1
CTOF_DEL    ---     0.495      R5C15C.A0 to      R5C15C.F0 system/SLICE_455
ROUTE         5     0.453      R5C15C.F0 to      R5C15C.C1 system/acknowledgedup_1_RNII0AKH
CTOF_DEL    ---     0.495      R5C15C.C1 to      R5C15C.F1 system/SLICE_455
ROUTE         9     0.990      R5C15C.F1 to      R3C16A.D1 system/cpu/engine/fault_redirectdup
CTOF_DEL    ---     0.495      R3C16A.D1 to      R3C16A.F1 system/cpu/engine/seq/SLICE_383
ROUTE        10     1.013      R3C16A.F1 to      R3C16D.A0 system/cpu/engine/seq/next_address_10_sqmuxa
CTOF_DEL    ---     0.495      R3C16D.A0 to      R3C16D.F0 system/cpu/engine/seq/SLICE_619
ROUTE         1     0.656      R3C16D.F0 to      R3C17B.A0 system/cpu/engine/seq/next_address_0_iv_1[1]
CTOF_DEL    ---     0.495      R3C17B.A0 to      R3C17B.F0 system/cpu/engine/seq/SLICE_511
ROUTE         1     0.744      R3C17B.F0 to      R2C17D.C0 system/cpu/engine/seq/next_address_0_iv_2[1]
CTOF_DEL    ---     0.495      R2C17D.C0 to      R2C17D.F0 system/cpu/engine/SLICE_504
ROUTE         1     0.958      R2C17D.F0 to      R4C17A.D0 system/cpu/engine/seq/next_address_0_iv_4[1]
CTOF_DEL    ---     0.495      R4C17A.D0 to      R4C17A.F0 system/cpu/engine/seq/SLICE_499
ROUTE         1     0.693      R4C17A.F0 to      R4C17B.B1 system/cpu/engine/seq/next_address_0_iv_6[1]
CTOF_DEL    ---     0.495      R4C17B.B1 to      R4C17B.F1 system/cpu/engine/seq/SLICE_180
ROUTE         5     2.143      R4C17B.F1 to EBR_R6C10.ADA4 system/cpu/engine/next_address[1] (to clk)
                  --------
                   31.528   (39.3% logic, 60.7% route), 16 logic levels.

 Clock Skew Details: 

      Source Clock Path oscillator to system/cpu/engine/rom/lane_2:

   Name    Fanout   Delay (ns)          Site               Resource
ROUTE       249     3.714        OSC.OSC to EBR_R6C14.CLKA clk
                  --------
                    3.714   (0.0% logic, 100.0% route), 0 logic levels.

      Destination Clock Path oscillator to system/cpu/engine/rom/lane_3:

   Name    Fanout   Delay (ns)          Site               Resource
ROUTE       249     3.714        OSC.OSC to EBR_R6C10.CLKA clk
                  --------
                    3.714   (0.0% logic, 100.0% route), 0 logic levels.


Passed: The following path meets requirements by 2.332ns

 Logical Details:  Cell type  Pin type       Cell/ASIC name  (clock net +/-)

   Source:         DP8KC      Port           system/cpu/engine/rom/lane_2(ASIC)  (from clk +)
   Destination:    DP8KC      Port           system/cpu/engine/rom/lane_3(ASIC)  (to clk +)

   Delay:              31.523ns  (42.5% logic, 57.5% route), 18 logic levels.

 Constraint Details:

     31.523ns physical path delay system/cpu/engine/rom/lane_2 to system/cpu/engine/rom/lane_3 meets
     33.829ns delay constraint less
      0.000ns skew and
     -0.026ns ADDR_SET requirement (totaling 33.855ns) by 2.332ns

 Physical Path Details:

      Data path system/cpu/engine/rom/lane_2 to system/cpu/engine/rom/lane_3:

   Name    Fanout   Delay (ns)          Site               Resource
C2Q_DEL     ---     4.979 EBR_R6C14.CLKA to EBR_R6C14.DOA8 system/cpu/engine/rom/lane_2 (from clk)
ROUTE         4     1.693 EBR_R6C14.DOA8 to      R5C11D.D1 system/cpu/engine/a_select_2[0]
CTOF_DEL    ---     0.495      R5C11D.D1 to      R5C11D.F1 system/cpu/engine/SLICE_234
ROUTE         1     0.958      R5C11D.F1 to      R3C11A.D1 system/cpu/engine/un6_select_register[1]
CTOF_DEL    ---     0.495      R3C11A.D1 to      R3C11A.F1 system/cpu/engine/SLICE_521
ROUTE        18     1.587      R3C11A.F1 to       R4C9A.B0 system/cpu/engine/select_register_5[1]
CTOF_DEL    ---     0.495       R4C9A.B0 to       R4C9A.F0 system/SLICE_39
ROUTE        57     1.021       R4C9A.F0 to      R4C12B.D1 system/address[0]
CTOF_DEL    ---     0.495      R4C12B.D1 to      R4C12B.F1 system/SLICE_179
ROUTE         8     0.775      R4C12B.F1 to      R3C12D.C1 system/error_5_1
CTOF_DEL    ---     0.495      R3C12D.C1 to      R3C12D.F1 system/SLICE_435
ROUTE        22     0.691      R3C12D.F1 to      R3C10C.D1 system/mem_requestdup
CTOF_DEL    ---     0.495      R3C10C.D1 to      R3C10C.F1 system/SLICE_422
ROUTE        34     0.651      R3C10C.F1 to      R3C10D.D1 system/mem_writedup
CTOF_DEL    ---     0.495      R3C10D.D1 to      R3C10D.F1 system/bus/SLICE_462
ROUTE        15     0.669      R3C10D.F1 to      R3C11C.D1 system/bus/service_dma_selecteddup
CTOF_DEL    ---     0.495      R3C11C.D1 to      R3C11C.F1 system/bus/SLICE_456
ROUTE         5     1.010      R3C11C.F1 to      R3C12B.A1 system/bus/rk_selecteddup
CTOF_DEL    ---     0.495      R3C12B.A1 to      R3C12B.F1 system/bus/SLICE_376
ROUTE         6     1.424      R3C12B.F1 to      R5C15C.D0 system/rk_fixed_selecteddup
CTOF_DEL    ---     0.495      R5C15C.D0 to      R5C15C.F0 system/SLICE_455
ROUTE         5     0.453      R5C15C.F0 to      R5C15C.C1 system/acknowledgedup_1_RNII0AKH
CTOF_DEL    ---     0.495      R5C15C.C1 to      R5C15C.F1 system/SLICE_455
ROUTE         9     0.990      R5C15C.F1 to      R3C16A.D1 system/cpu/engine/fault_redirectdup
CTOF_DEL    ---     0.495      R3C16A.D1 to      R3C16A.F1 system/cpu/engine/seq/SLICE_383
ROUTE        10     1.013      R3C16A.F1 to      R3C16D.A0 system/cpu/engine/seq/next_address_10_sqmuxa
CTOF_DEL    ---     0.495      R3C16D.A0 to      R3C16D.F0 system/cpu/engine/seq/SLICE_619
ROUTE         1     0.656      R3C16D.F0 to      R3C17B.A0 system/cpu/engine/seq/next_address_0_iv_1[1]
CTOF_DEL    ---     0.495      R3C17B.A0 to      R3C17B.F0 system/cpu/engine/seq/SLICE_511
ROUTE         1     0.744      R3C17B.F0 to      R2C17D.C0 system/cpu/engine/seq/next_address_0_iv_2[1]
CTOF_DEL    ---     0.495      R2C17D.C0 to      R2C17D.F0 system/cpu/engine/SLICE_504
ROUTE         1     0.958      R2C17D.F0 to      R4C17A.D0 system/cpu/engine/seq/next_address_0_iv_4[1]
CTOF_DEL    ---     0.495      R4C17A.D0 to      R4C17A.F0 system/cpu/engine/seq/SLICE_499
ROUTE         1     0.693      R4C17A.F0 to      R4C17B.B1 system/cpu/engine/seq/next_address_0_iv_6[1]
CTOF_DEL    ---     0.495      R4C17B.B1 to      R4C17B.F1 system/cpu/engine/seq/SLICE_180
ROUTE         5     2.143      R4C17B.F1 to EBR_R6C10.ADA4 system/cpu/engine/next_address[1] (to clk)
                  --------
                   31.523   (42.5% logic, 57.5% route), 18 logic levels.

 Clock Skew Details: 

      Source Clock Path oscillator to system/cpu/engine/rom/lane_2:

   Name    Fanout   Delay (ns)          Site               Resource
ROUTE       249     3.714        OSC.OSC to EBR_R6C14.CLKA clk
                  --------
                    3.714   (0.0% logic, 100.0% route), 0 logic levels.

      Destination Clock Path oscillator to system/cpu/engine/rom/lane_3:

   Name    Fanout   Delay (ns)          Site               Resource
ROUTE       249     3.714        OSC.OSC to EBR_R6C10.CLKA clk
                  --------
                    3.714   (0.0% logic, 100.0% route), 0 logic levels.


Passed: The following path meets requirements by 2.370ns

 Logical Details:  Cell type  Pin type       Cell/ASIC name  (clock net +/-)

   Source:         DP8KC      Port           system/cpu/engine/rom/lane_2(ASIC)  (from clk +)
   Destination:    DP8KC      Port           system/cpu/engine/rom/lane_3(ASIC)  (to clk +)

   Delay:              31.485ns  (42.5% logic, 57.5% route), 18 logic levels.

 Constraint Details:

     31.485ns physical path delay system/cpu/engine/rom/lane_2 to system/cpu/engine/rom/lane_3 meets
     33.829ns delay constraint less
      0.000ns skew and
     -0.026ns ADDR_SET requirement (totaling 33.855ns) by 2.370ns

 Physical Path Details:

      Data path system/cpu/engine/rom/lane_2 to system/cpu/engine/rom/lane_3:

   Name    Fanout   Delay (ns)          Site               Resource
C2Q_DEL     ---     4.979 EBR_R6C14.CLKA to EBR_R6C14.DOA8 system/cpu/engine/rom/lane_2 (from clk)
ROUTE         4     1.693 EBR_R6C14.DOA8 to      R5C11D.D1 system/cpu/engine/a_select_2[0]
CTOF_DEL    ---     0.495      R5C11D.D1 to      R5C11D.F1 system/cpu/engine/SLICE_234
ROUTE         1     0.958      R5C11D.F1 to      R3C11A.D1 system/cpu/engine/un6_select_register[1]
CTOF_DEL    ---     0.495      R3C11A.D1 to      R3C11A.F1 system/cpu/engine/SLICE_521
ROUTE        18     1.587      R3C11A.F1 to       R4C9A.B0 system/cpu/engine/select_register_5[1]
CTOF_DEL    ---     0.495       R4C9A.B0 to       R4C9A.F0 system/SLICE_39
ROUTE        57     1.021       R4C9A.F0 to      R4C12B.D1 system/address[0]
CTOF_DEL    ---     0.495      R4C12B.D1 to      R4C12B.F1 system/SLICE_179
ROUTE         8     0.775      R4C12B.F1 to      R3C12D.C1 system/error_5_1
CTOF_DEL    ---     0.495      R3C12D.C1 to      R3C12D.F1 system/SLICE_435
ROUTE        22     0.691      R3C12D.F1 to      R3C10C.D1 system/mem_requestdup
CTOF_DEL    ---     0.495      R3C10C.D1 to      R3C10C.F1 system/SLICE_422
ROUTE        34     0.651      R3C10C.F1 to      R3C10D.D1 system/mem_writedup
CTOF_DEL    ---     0.495      R3C10D.D1 to      R3C10D.F1 system/bus/SLICE_462
ROUTE        15     0.989      R3C10D.F1 to      R4C12C.D0 system/bus/service_dma_selecteddup
CTOF_DEL    ---     0.495      R4C12C.D0 to      R4C12C.F0 system/bus/SLICE_616
ROUTE         5     0.652      R4C12C.F0 to      R3C12B.D1 system/bus/rk_ds_selecteddup
CTOF_DEL    ---     0.495      R3C12B.D1 to      R3C12B.F1 system/bus/SLICE_376
ROUTE         6     1.424      R3C12B.F1 to      R5C15C.D0 system/rk_fixed_selecteddup
CTOF_DEL    ---     0.495      R5C15C.D0 to      R5C15C.F0 system/SLICE_455
ROUTE         5     0.453      R5C15C.F0 to      R5C15C.C1 system/acknowledgedup_1_RNII0AKH
CTOF_DEL    ---     0.495      R5C15C.C1 to      R5C15C.F1 system/SLICE_455
ROUTE         9     0.990      R5C15C.F1 to      R3C16A.D1 system/cpu/engine/fault_redirectdup
CTOF_DEL    ---     0.495      R3C16A.D1 to      R3C16A.F1 system/cpu/engine/seq/SLICE_383
ROUTE        10     1.013      R3C16A.F1 to      R3C16D.A0 system/cpu/engine/seq/next_address_10_sqmuxa
CTOF_DEL    ---     0.495      R3C16D.A0 to      R3C16D.F0 system/cpu/engine/seq/SLICE_619
ROUTE         1     0.656      R3C16D.F0 to      R3C17B.A0 system/cpu/engine/seq/next_address_0_iv_1[1]
CTOF_DEL    ---     0.495      R3C17B.A0 to      R3C17B.F0 system/cpu/engine/seq/SLICE_511
ROUTE         1     0.744      R3C17B.F0 to      R2C17D.C0 system/cpu/engine/seq/next_address_0_iv_2[1]
CTOF_DEL    ---     0.495      R2C17D.C0 to      R2C17D.F0 system/cpu/engine/SLICE_504
ROUTE         1     0.958      R2C17D.F0 to      R4C17A.D0 system/cpu/engine/seq/next_address_0_iv_4[1]
CTOF_DEL    ---     0.495      R4C17A.D0 to      R4C17A.F0 system/cpu/engine/seq/SLICE_499
ROUTE         1     0.693      R4C17A.F0 to      R4C17B.B1 system/cpu/engine/seq/next_address_0_iv_6[1]
CTOF_DEL    ---     0.495      R4C17B.B1 to      R4C17B.F1 system/cpu/engine/seq/SLICE_180
ROUTE         5     2.143      R4C17B.F1 to EBR_R6C10.ADA4 system/cpu/engine/next_address[1] (to clk)
                  --------
                   31.485   (42.5% logic, 57.5% route), 18 logic levels.

 Clock Skew Details: 

      Source Clock Path oscillator to system/cpu/engine/rom/lane_2:

   Name    Fanout   Delay (ns)          Site               Resource
ROUTE       249     3.714        OSC.OSC to EBR_R6C14.CLKA clk
                  --------
                    3.714   (0.0% logic, 100.0% route), 0 logic levels.

      Destination Clock Path oscillator to system/cpu/engine/rom/lane_3:

   Name    Fanout   Delay (ns)          Site               Resource
ROUTE       249     3.714        OSC.OSC to EBR_R6C10.CLKA clk
                  --------
                    3.714   (0.0% logic, 100.0% route), 0 logic levels.


Passed: The following path meets requirements by 2.378ns

 Logical Details:  Cell type  Pin type       Cell/ASIC name  (clock net +/-)

   Source:         DP8KC      Port           system/cpu/engine/rom/lane_2(ASIC)  (from clk +)
   Destination:    DP8KC      Port           system/cpu/engine/rom/lane_3(ASIC)  (to clk +)

   Delay:              31.477ns  (39.4% logic, 60.6% route), 16 logic levels.

 Constraint Details:

     31.477ns physical path delay system/cpu/engine/rom/lane_2 to system/cpu/engine/rom/lane_3 meets
     33.829ns delay constraint less
      0.000ns skew and
     -0.026ns ADDR_SET requirement (totaling 33.855ns) by 2.378ns

 Physical Path Details:

      Data path system/cpu/engine/rom/lane_2 to system/cpu/engine/rom/lane_3:

   Name    Fanout   Delay (ns)          Site               Resource
C2Q_DEL     ---     4.979 EBR_R6C14.CLKA to EBR_R6C14.DOA8 system/cpu/engine/rom/lane_2 (from clk)
ROUTE         4     1.814 EBR_R6C14.DOA8 to      R4C10D.C1 system/cpu/engine/a_select_2[0]
CTOF_DEL    ---     0.495      R4C10D.C1 to      R4C10D.F1 system/cpu/engine/SLICE_406
ROUTE         1     0.436      R4C10D.F1 to      R4C10D.C0 system/cpu/engine/un6_select_register[0]
CTOF_DEL    ---     0.495      R4C10D.C0 to      R4C10D.F0 system/cpu/engine/SLICE_406
ROUTE        16     2.203      R4C10D.F0 to      R2C12B.A1 system/cpu/engine/select_register_5[0]
CTOF_DEL    ---     0.495      R2C12B.A1 to      R2C12B.F1 system/cpu/engine/dp/rf/words_ram_1/SLICE_46
ROUTE        12     2.007      R2C12B.F1 to       R4C8C.B1 system/address[11]
CTOF_DEL    ---     0.495       R4C8C.B1 to       R4C8C.F1 system/bus/SLICE_477
ROUTE         5     1.444       R4C8C.F1 to       R5C8A.B1 system/bus/uart_selected_3
CTOF_DEL    ---     0.495       R5C8A.B1 to       R5C8A.F1 system/bus/SLICE_460
ROUTE        18     1.437       R5C8A.F1 to       R3C9D.D1 system/bus/un1_address_25
CTOF_DEL    ---     0.495       R3C9D.D1 to       R3C9D.F1 system/bus/SLICE_636
ROUTE         1     1.460       R3C9D.F1 to      R5C15A.D0 system/bus/acknowledgedup_1_1
CTOF_DEL    ---     0.495      R5C15A.D0 to      R5C15A.F0 system/SLICE_380
ROUTE         3     0.673      R5C15A.F0 to      R5C15A.A1 system/acknowledgedup_1
CTOF_DEL    ---     0.495      R5C15A.A1 to      R5C15A.F1 system/SLICE_380
ROUTE         4     0.643      R5C15A.F1 to      R5C15C.D1 system/acknowledgedup
CTOF_DEL    ---     0.495      R5C15C.D1 to      R5C15C.F1 system/SLICE_455
ROUTE         9     0.683      R5C15C.F1 to      R3C15B.D1 system/cpu/engine/fault_redirectdup
CTOF_DEL    ---     0.495      R3C15B.D1 to      R3C15B.F1 system/cpu/engine/seq/SLICE_513
ROUTE         9     1.079      R3C15B.F1 to      R3C16D.B0 system/cpu/engine/seq/next_address_7_sqmuxa
CTOF_DEL    ---     0.495      R3C16D.B0 to      R3C16D.F0 system/cpu/engine/seq/SLICE_619
ROUTE         1     0.656      R3C16D.F0 to      R3C17B.A0 system/cpu/engine/seq/next_address_0_iv_1[1]
CTOF_DEL    ---     0.495      R3C17B.A0 to      R3C17B.F0 system/cpu/engine/seq/SLICE_511
ROUTE         1     0.744      R3C17B.F0 to      R2C17D.C0 system/cpu/engine/seq/next_address_0_iv_2[1]
CTOF_DEL    ---     0.495      R2C17D.C0 to      R2C17D.F0 system/cpu/engine/SLICE_504
ROUTE         1     0.958      R2C17D.F0 to      R4C17A.D0 system/cpu/engine/seq/next_address_0_iv_4[1]
CTOF_DEL    ---     0.495      R4C17A.D0 to      R4C17A.F0 system/cpu/engine/seq/SLICE_499
ROUTE         1     0.693      R4C17A.F0 to      R4C17B.B1 system/cpu/engine/seq/next_address_0_iv_6[1]
CTOF_DEL    ---     0.495      R4C17B.B1 to      R4C17B.F1 system/cpu/engine/seq/SLICE_180
ROUTE         5     2.143      R4C17B.F1 to EBR_R6C10.ADA4 system/cpu/engine/next_address[1] (to clk)
                  --------
                   31.477   (39.4% logic, 60.6% route), 16 logic levels.

 Clock Skew Details: 

      Source Clock Path oscillator to system/cpu/engine/rom/lane_2:

   Name    Fanout   Delay (ns)          Site               Resource
ROUTE       249     3.714        OSC.OSC to EBR_R6C14.CLKA clk
                  --------
                    3.714   (0.0% logic, 100.0% route), 0 logic levels.

      Destination Clock Path oscillator to system/cpu/engine/rom/lane_3:

   Name    Fanout   Delay (ns)          Site               Resource
ROUTE       249     3.714        OSC.OSC to EBR_R6C10.CLKA clk
                  --------
                    3.714   (0.0% logic, 100.0% route), 0 logic levels.


Passed: The following path meets requirements by 2.384ns

 Logical Details:  Cell type  Pin type       Cell/ASIC name  (clock net +/-)

   Source:         DP8KC      Port           system/cpu/engine/rom/lane_2(ASIC)  (from clk +)
   Destination:    DP8KC      Port           system/cpu/sync_decode.decode/table_rom/lane_0(ASIC)  (to clk +)

   Delay:              31.471ns  (39.8% logic, 60.2% route), 16 logic levels.

 Constraint Details:

     31.471ns physical path delay system/cpu/engine/rom/lane_2 to system/cpu/sync_decode.decode/table_rom/lane_0 meets
     33.829ns delay constraint less
      0.000ns skew and
     -0.026ns ADDR_SET requirement (totaling 33.855ns) by 2.384ns

 Physical Path Details:

      Data path system/cpu/engine/rom/lane_2 to system/cpu/sync_decode.decode/table_rom/lane_0:

   Name    Fanout   Delay (ns)          Site               Resource
C2Q_DEL     ---     4.979 EBR_R6C14.CLKA to EBR_R6C14.DOA8 system/cpu/engine/rom/lane_2 (from clk)
ROUTE         4     1.693 EBR_R6C14.DOA8 to      R5C11D.D1 system/cpu/engine/a_select_2[0]
CTOF_DEL    ---     0.495      R5C11D.D1 to      R5C11D.F1 system/cpu/engine/SLICE_234
ROUTE         1     0.958      R5C11D.F1 to      R3C11A.D1 system/cpu/engine/un6_select_register[1]
CTOF_DEL    ---     0.495      R3C11A.D1 to      R3C11A.F1 system/cpu/engine/SLICE_521
ROUTE        18     1.587      R3C11A.F1 to       R4C9A.B0 system/cpu/engine/select_register_5[1]
CTOF_DEL    ---     0.495       R4C9A.B0 to       R4C9A.F0 system/SLICE_39
ROUTE        57     1.021       R4C9A.F0 to      R4C12B.D1 system/address[0]
CTOF_DEL    ---     0.495      R4C12B.D1 to      R4C12B.F1 system/SLICE_179
ROUTE         8     0.775      R4C12B.F1 to      R3C12D.C1 system/error_5_1
CTOF_DEL    ---     0.495      R3C12D.C1 to      R3C12D.F1 system/SLICE_435
ROUTE        22     0.691      R3C12D.F1 to      R3C10C.D1 system/mem_requestdup
CTOF_DEL    ---     0.495      R3C10C.D1 to      R3C10C.F1 system/SLICE_422
ROUTE        34     0.651      R3C10C.F1 to      R3C10D.D1 system/mem_writedup
CTOF_DEL    ---     0.495      R3C10D.D1 to      R3C10D.F1 system/bus/SLICE_462
ROUTE        15     0.669      R3C10D.F1 to      R3C11C.D1 system/bus/service_dma_selecteddup
CTOF_DEL    ---     0.495      R3C11C.D1 to      R3C11C.F1 system/bus/SLICE_456
ROUTE         5     1.010      R3C11C.F1 to      R3C12B.A1 system/bus/rk_selecteddup
CTOF_DEL    ---     0.495      R3C12B.A1 to      R3C12B.F1 system/bus/SLICE_376
ROUTE         6     1.499      R3C12B.F1 to       R3C6A.D0 system/rk_fixed_selecteddup
CTOF_DEL    ---     0.495       R3C6A.D0 to       R3C6A.F0 system/bus/SLICE_453
ROUTE         4     0.635       R3C6A.F0 to       R3C6D.D1 system/bus/rk_fixed_selecteddup_RNII016G
CTOF_DEL    ---     0.495       R3C6D.D1 to       R3C6D.F1 system/bus/SLICE_444
ROUTE        16     1.358       R3C6D.F1 to       R5C8B.M0 system/bus/boot_program_selecteddup_RNIIIJCC1
MTOOFX_DEL  ---     0.376       R5C8B.M0 to     R5C8B.OFX0 system/bus/rdatadup[13]/SLICE_263
ROUTE         6     2.331     R5C8B.OFX0 to      R2C19D.C0 system/rdatadup[13]
CTOF_DEL    ---     0.495      R2C19D.C0 to      R2C19D.F0 system/SLICE_232
ROUTE         1     1.672      R2C19D.F0 to      R8C11A.D1 system/cpu/sync_decode.decode/un16_index_1
CTOF_DEL    ---     0.495      R8C11A.D1 to      R8C11A.F1 system/cpu/sync_decode.decode/SLICE_570
ROUTE         9     0.822      R8C11A.F1 to       R8C9C.C0 system/cpu/sync_decode.decode/un1_incoming_1
CTOOFX_DEL  ---     0.721       R8C9C.C0 to     R8C9C.OFX0 system/cpu/sync_decode.decode/index_u[6]/SLICE_354
ROUTE         1     1.588     R8C9C.OFX0 to  EBR_R6C7.ADA9 system/cpu/sync_decode.decode/index[6] (to clk)
                  --------
                   31.471   (39.8% logic, 60.2% route), 16 logic levels.

 Clock Skew Details: 

      Source Clock Path oscillator to system/cpu/engine/rom/lane_2:

   Name    Fanout   Delay (ns)          Site               Resource
ROUTE       249     3.714        OSC.OSC to EBR_R6C14.CLKA clk
                  --------
                    3.714   (0.0% logic, 100.0% route), 0 logic levels.

      Destination Clock Path oscillator to system/cpu/sync_decode.decode/table_rom/lane_0:

   Name    Fanout   Delay (ns)          Site               Resource
ROUTE       249     3.714        OSC.OSC to  EBR_R6C7.CLKA clk
                  --------
                    3.714   (0.0% logic, 100.0% route), 0 logic levels.


Passed: The following path meets requirements by 2.384ns

 Logical Details:  Cell type  Pin type       Cell/ASIC name  (clock net +/-)

   Source:         DP8KC      Port           system/cpu/engine/rom/lane_2(ASIC)  (from clk +)
   Destination:    DP8KC      Port           system/cpu/engine/rom/lane_3(ASIC)  (to clk +)

   Delay:              31.471ns  (42.6% logic, 57.4% route), 18 logic levels.

 Constraint Details:

     31.471ns physical path delay system/cpu/engine/rom/lane_2 to system/cpu/engine/rom/lane_3 meets
     33.829ns delay constraint less
      0.000ns skew and
     -0.026ns ADDR_SET requirement (totaling 33.855ns) by 2.384ns

 Physical Path Details:

      Data path system/cpu/engine/rom/lane_2 to system/cpu/engine/rom/lane_3:

   Name    Fanout   Delay (ns)          Site               Resource
C2Q_DEL     ---     4.979 EBR_R6C14.CLKA to EBR_R6C14.DOA8 system/cpu/engine/rom/lane_2 (from clk)
ROUTE         4     1.693 EBR_R6C14.DOA8 to      R5C11D.D1 system/cpu/engine/a_select_2[0]
CTOF_DEL    ---     0.495      R5C11D.D1 to      R5C11D.F1 system/cpu/engine/SLICE_234
ROUTE         1     0.958      R5C11D.F1 to      R3C11A.D1 system/cpu/engine/un6_select_register[1]
CTOF_DEL    ---     0.495      R3C11A.D1 to      R3C11A.F1 system/cpu/engine/SLICE_521
ROUTE        18     1.587      R3C11A.F1 to       R4C9A.B0 system/cpu/engine/select_register_5[1]
CTOF_DEL    ---     0.495       R4C9A.B0 to       R4C9A.F0 system/SLICE_39
ROUTE        57     1.021       R4C9A.F0 to      R4C12B.D1 system/address[0]
CTOF_DEL    ---     0.495      R4C12B.D1 to      R4C12B.F1 system/SLICE_179
ROUTE         8     0.775      R4C12B.F1 to      R3C12D.C1 system/error_5_1
CTOF_DEL    ---     0.495      R3C12D.C1 to      R3C12D.F1 system/SLICE_435
ROUTE        22     0.691      R3C12D.F1 to      R3C10C.D1 system/mem_requestdup
CTOF_DEL    ---     0.495      R3C10C.D1 to      R3C10C.F1 system/SLICE_422
ROUTE        34     0.651      R3C10C.F1 to      R3C10D.D1 system/mem_writedup
CTOF_DEL    ---     0.495      R3C10D.D1 to      R3C10D.F1 system/bus/SLICE_462
ROUTE        15     0.669      R3C10D.F1 to      R3C11C.D1 system/bus/service_dma_selecteddup
CTOF_DEL    ---     0.495      R3C11C.D1 to      R3C11C.F1 system/bus/SLICE_456
ROUTE         5     1.010      R3C11C.F1 to      R3C12B.A1 system/bus/rk_selecteddup
CTOF_DEL    ---     0.495      R3C12B.A1 to      R3C12B.F1 system/bus/SLICE_376
ROUTE         6     1.182      R3C12B.F1 to      R5C15A.D1 system/rk_fixed_selecteddup
CTOF_DEL    ---     0.495      R5C15A.D1 to      R5C15A.F1 system/SLICE_380
ROUTE         4     0.643      R5C15A.F1 to      R5C15C.D1 system/acknowledgedup
CTOF_DEL    ---     0.495      R5C15C.D1 to      R5C15C.F1 system/SLICE_455
ROUTE         9     0.990      R5C15C.F1 to      R3C16A.D1 system/cpu/engine/fault_redirectdup
CTOF_DEL    ---     0.495      R3C16A.D1 to      R3C16A.F1 system/cpu/engine/seq/SLICE_383
ROUTE        10     1.013      R3C16A.F1 to      R3C16D.A0 system/cpu/engine/seq/next_address_10_sqmuxa
CTOF_DEL    ---     0.495      R3C16D.A0 to      R3C16D.F0 system/cpu/engine/seq/SLICE_619
ROUTE         1     0.656      R3C16D.F0 to      R3C17B.A0 system/cpu/engine/seq/next_address_0_iv_1[1]
CTOF_DEL    ---     0.495      R3C17B.A0 to      R3C17B.F0 system/cpu/engine/seq/SLICE_511
ROUTE         1     0.744      R3C17B.F0 to      R2C17D.C0 system/cpu/engine/seq/next_address_0_iv_2[1]
CTOF_DEL    ---     0.495      R2C17D.C0 to      R2C17D.F0 system/cpu/engine/SLICE_504
ROUTE         1     0.958      R2C17D.F0 to      R4C17A.D0 system/cpu/engine/seq/next_address_0_iv_4[1]
CTOF_DEL    ---     0.495      R4C17A.D0 to      R4C17A.F0 system/cpu/engine/seq/SLICE_499
ROUTE         1     0.693      R4C17A.F0 to      R4C17B.B1 system/cpu/engine/seq/next_address_0_iv_6[1]
CTOF_DEL    ---     0.495      R4C17B.B1 to      R4C17B.F1 system/cpu/engine/seq/SLICE_180
ROUTE         5     2.143      R4C17B.F1 to EBR_R6C10.ADA4 system/cpu/engine/next_address[1] (to clk)
                  --------
                   31.471   (42.6% logic, 57.4% route), 18 logic levels.

 Clock Skew Details: 

      Source Clock Path oscillator to system/cpu/engine/rom/lane_2:

   Name    Fanout   Delay (ns)          Site               Resource
ROUTE       249     3.714        OSC.OSC to EBR_R6C14.CLKA clk
                  --------
                    3.714   (0.0% logic, 100.0% route), 0 logic levels.

      Destination Clock Path oscillator to system/cpu/engine/rom/lane_3:

   Name    Fanout   Delay (ns)          Site               Resource
ROUTE       249     3.714        OSC.OSC to EBR_R6C10.CLKA clk
                  --------
                    3.714   (0.0% logic, 100.0% route), 0 logic levels.


Passed: The following path meets requirements by 2.408ns

 Logical Details:  Cell type  Pin type       Cell/ASIC name  (clock net +/-)

   Source:         DP8KC      Port           system/cpu/engine/rom/lane_2(ASIC)  (from clk +)
   Destination:    DP8KC      Port           system/cpu/engine/rom/lane_2(ASIC)  (to clk +)

   Delay:              31.447ns  (39.4% logic, 60.6% route), 16 logic levels.

 Constraint Details:

     31.447ns physical path delay system/cpu/engine/rom/lane_2 to system/cpu/engine/rom/lane_2 meets
     33.829ns delay constraint less
      0.000ns skew and
     -0.026ns ADDR_SET requirement (totaling 33.855ns) by 2.408ns

 Physical Path Details:

      Data path system/cpu/engine/rom/lane_2 to system/cpu/engine/rom/lane_2:

   Name    Fanout   Delay (ns)          Site               Resource
C2Q_DEL     ---     4.979 EBR_R6C14.CLKA to EBR_R6C14.DOA8 system/cpu/engine/rom/lane_2 (from clk)
ROUTE         4     1.814 EBR_R6C14.DOA8 to      R4C10D.C1 system/cpu/engine/a_select_2[0]
CTOF_DEL    ---     0.495      R4C10D.C1 to      R4C10D.F1 system/cpu/engine/SLICE_406
ROUTE         1     0.436      R4C10D.F1 to      R4C10D.C0 system/cpu/engine/un6_select_register[0]
CTOF_DEL    ---     0.495      R4C10D.C0 to      R4C10D.F0 system/cpu/engine/SLICE_406
ROUTE        16     2.203      R4C10D.F0 to      R2C12B.A1 system/cpu/engine/select_register_5[0]
CTOF_DEL    ---     0.495      R2C12B.A1 to      R2C12B.F1 system/cpu/engine/dp/rf/words_ram_1/SLICE_46
ROUTE        12     2.007      R2C12B.F1 to       R4C8C.B1 system/address[11]
CTOF_DEL    ---     0.495       R4C8C.B1 to       R4C8C.F1 system/bus/SLICE_477
ROUTE         5     1.444       R4C8C.F1 to       R5C8A.B1 system/bus/uart_selected_3
CTOF_DEL    ---     0.495       R5C8A.B1 to       R5C8A.F1 system/bus/SLICE_460
ROUTE        18     1.437       R5C8A.F1 to       R3C9D.D1 system/bus/un1_address_25
CTOF_DEL    ---     0.495       R3C9D.D1 to       R3C9D.F1 system/bus/SLICE_636
ROUTE         1     1.460       R3C9D.F1 to      R5C15A.D0 system/bus/acknowledgedup_1_1
CTOF_DEL    ---     0.495      R5C15A.D0 to      R5C15A.F0 system/SLICE_380
ROUTE         3     0.673      R5C15A.F0 to      R5C15C.A0 system/acknowledgedup_1
CTOF_DEL    ---     0.495      R5C15C.A0 to      R5C15C.F0 system/SLICE_455
ROUTE         5     0.453      R5C15C.F0 to      R5C15C.C1 system/acknowledgedup_1_RNII0AKH
CTOF_DEL    ---     0.495      R5C15C.C1 to      R5C15C.F1 system/SLICE_455
ROUTE         9     0.683      R5C15C.F1 to      R3C15B.D1 system/cpu/engine/fault_redirectdup
CTOF_DEL    ---     0.495      R3C15B.D1 to      R3C15B.F1 system/cpu/engine/seq/SLICE_513
ROUTE         9     1.079      R3C15B.F1 to      R3C17A.B1 system/cpu/engine/seq/next_address_7_sqmuxa
CTOF_DEL    ---     0.495      R3C17A.B1 to      R3C17A.F1 system/cpu/engine/seq/SLICE_516
ROUTE         1     0.626      R3C17A.F1 to      R3C17A.D0 system/cpu/engine/seq/dispatch_address_m[8]
CTOF_DEL    ---     0.495      R3C17A.D0 to      R3C17A.F0 system/cpu/engine/seq/SLICE_516
ROUTE         1     1.042      R3C17A.F0 to      R3C18A.D1 system/cpu/engine/seq/next_address_2_iv_0[8]
CTOF_DEL    ---     0.495      R3C18A.D1 to      R3C18A.F1 system/cpu/engine/seq/SLICE_502
ROUTE         1     0.626      R3C18A.F1 to      R3C18A.D0 system/cpu/engine/seq/next_address_2_iv_2[8]
CTOF_DEL    ---     0.495      R3C18A.D0 to      R3C18A.F0 system/cpu/engine/seq/SLICE_502
ROUTE         1     1.001      R3C18A.F0 to      R4C18B.B0 system/cpu/engine/seq/next_address_2_iv_3[8]
CTOF_DEL    ---     0.495      R4C18B.B0 to      R4C18B.F0 system/cpu/engine/seq/SLICE_184
ROUTE         5     2.059      R4C18B.F0 to *R_R6C14.ADA11 system/cpu/engine/next_address[8] (to clk)
                  --------
                   31.447   (39.4% logic, 60.6% route), 16 logic levels.

 Clock Skew Details: 

      Source Clock Path oscillator to system/cpu/engine/rom/lane_2:

   Name    Fanout   Delay (ns)          Site               Resource
ROUTE       249     3.714        OSC.OSC to EBR_R6C14.CLKA clk
                  --------
                    3.714   (0.0% logic, 100.0% route), 0 logic levels.

      Destination Clock Path oscillator to system/cpu/engine/rom/lane_2:

   Name    Fanout   Delay (ns)          Site               Resource
ROUTE       249     3.714        OSC.OSC to EBR_R6C14.CLKA clk
                  --------
                    3.714   (0.0% logic, 100.0% route), 0 logic levels.


Passed: The following path meets requirements by 2.413ns

 Logical Details:  Cell type  Pin type       Cell/ASIC name  (clock net +/-)

   Source:         DP8KC      Port           system/cpu/engine/rom/lane_2(ASIC)  (from clk +)
   Destination:    DP8KC      Port           system/cpu/engine/rom/lane_2(ASIC)  (to clk +)

   Delay:              31.442ns  (42.6% logic, 57.4% route), 18 logic levels.

 Constraint Details:

     31.442ns physical path delay system/cpu/engine/rom/lane_2 to system/cpu/engine/rom/lane_2 meets
     33.829ns delay constraint less
      0.000ns skew and
     -0.026ns ADDR_SET requirement (totaling 33.855ns) by 2.413ns

 Physical Path Details:

      Data path system/cpu/engine/rom/lane_2 to system/cpu/engine/rom/lane_2:

   Name    Fanout   Delay (ns)          Site               Resource
C2Q_DEL     ---     4.979 EBR_R6C14.CLKA to EBR_R6C14.DOA8 system/cpu/engine/rom/lane_2 (from clk)
ROUTE         4     1.693 EBR_R6C14.DOA8 to      R5C11D.D1 system/cpu/engine/a_select_2[0]
CTOF_DEL    ---     0.495      R5C11D.D1 to      R5C11D.F1 system/cpu/engine/SLICE_234
ROUTE         1     0.958      R5C11D.F1 to      R3C11A.D1 system/cpu/engine/un6_select_register[1]
CTOF_DEL    ---     0.495      R3C11A.D1 to      R3C11A.F1 system/cpu/engine/SLICE_521
ROUTE        18     1.587      R3C11A.F1 to       R4C9A.B0 system/cpu/engine/select_register_5[1]
CTOF_DEL    ---     0.495       R4C9A.B0 to       R4C9A.F0 system/SLICE_39
ROUTE        57     1.021       R4C9A.F0 to      R4C12B.D1 system/address[0]
CTOF_DEL    ---     0.495      R4C12B.D1 to      R4C12B.F1 system/SLICE_179
ROUTE         8     0.775      R4C12B.F1 to      R3C12D.C1 system/error_5_1
CTOF_DEL    ---     0.495      R3C12D.C1 to      R3C12D.F1 system/SLICE_435
ROUTE        22     0.691      R3C12D.F1 to      R3C10C.D1 system/mem_requestdup
CTOF_DEL    ---     0.495      R3C10C.D1 to      R3C10C.F1 system/SLICE_422
ROUTE        34     0.651      R3C10C.F1 to      R3C10D.D1 system/mem_writedup
CTOF_DEL    ---     0.495      R3C10D.D1 to      R3C10D.F1 system/bus/SLICE_462
ROUTE        15     0.669      R3C10D.F1 to      R3C11C.D1 system/bus/service_dma_selecteddup
CTOF_DEL    ---     0.495      R3C11C.D1 to      R3C11C.F1 system/bus/SLICE_456
ROUTE         5     1.010      R3C11C.F1 to      R3C12B.A1 system/bus/rk_selecteddup
CTOF_DEL    ---     0.495      R3C12B.A1 to      R3C12B.F1 system/bus/SLICE_376
ROUTE         6     1.424      R3C12B.F1 to      R5C15C.D0 system/rk_fixed_selecteddup
CTOF_DEL    ---     0.495      R5C15C.D0 to      R5C15C.F0 system/SLICE_455
ROUTE         5     0.453      R5C15C.F0 to      R5C15C.C1 system/acknowledgedup_1_RNII0AKH
CTOF_DEL    ---     0.495      R5C15C.C1 to      R5C15C.F1 system/SLICE_455
ROUTE         9     0.683      R5C15C.F1 to      R3C15B.D1 system/cpu/engine/fault_redirectdup
CTOF_DEL    ---     0.495      R3C15B.D1 to      R3C15B.F1 system/cpu/engine/seq/SLICE_513
ROUTE         9     1.079      R3C15B.F1 to      R3C17A.B1 system/cpu/engine/seq/next_address_7_sqmuxa
CTOF_DEL    ---     0.495      R3C17A.B1 to      R3C17A.F1 system/cpu/engine/seq/SLICE_516
ROUTE         1     0.626      R3C17A.F1 to      R3C17A.D0 system/cpu/engine/seq/dispatch_address_m[8]
CTOF_DEL    ---     0.495      R3C17A.D0 to      R3C17A.F0 system/cpu/engine/seq/SLICE_516
ROUTE         1     1.042      R3C17A.F0 to      R3C18A.D1 system/cpu/engine/seq/next_address_2_iv_0[8]
CTOF_DEL    ---     0.495      R3C18A.D1 to      R3C18A.F1 system/cpu/engine/seq/SLICE_502
ROUTE         1     0.626      R3C18A.F1 to      R3C18A.D0 system/cpu/engine/seq/next_address_2_iv_2[8]
CTOF_DEL    ---     0.495      R3C18A.D0 to      R3C18A.F0 system/cpu/engine/seq/SLICE_502
ROUTE         1     1.001      R3C18A.F0 to      R4C18B.B0 system/cpu/engine/seq/next_address_2_iv_3[8]
CTOF_DEL    ---     0.495      R4C18B.B0 to      R4C18B.F0 system/cpu/engine/seq/SLICE_184
ROUTE         5     2.059      R4C18B.F0 to *R_R6C14.ADA11 system/cpu/engine/next_address[8] (to clk)
                  --------
                   31.442   (42.6% logic, 57.4% route), 18 logic levels.

 Clock Skew Details: 

      Source Clock Path oscillator to system/cpu/engine/rom/lane_2:

   Name    Fanout   Delay (ns)          Site               Resource
ROUTE       249     3.714        OSC.OSC to EBR_R6C14.CLKA clk
                  --------
                    3.714   (0.0% logic, 100.0% route), 0 logic levels.

      Destination Clock Path oscillator to system/cpu/engine/rom/lane_2:

   Name    Fanout   Delay (ns)          Site               Resource
ROUTE       249     3.714        OSC.OSC to EBR_R6C14.CLKA clk
                  --------
                    3.714   (0.0% logic, 100.0% route), 0 logic levels.

Report:   31.554MHz is the maximum frequency for this preference.


================================================================================
Preference: Unconstrained: CLOCK_DOMAIN
            0 unconstrained paths found
--------------------------------------------------------------------------------


================================================================================
Preference: Unconstrained: INPUT_SETUP
            8 unconstrained paths found
--------------------------------------------------------------------------------

Unconstrained Preference:
   INPUT_SETUP PORT "res" CLKNET "clk" 

Report:    4.954ns delay res to SLICE_483 (4.221ns delay and 0.733ns setup)

   Name    Fanout   Delay (ns)          Site               Resource
PADI_DEL    ---     1.132          4.PAD to        4.PADDI res
ROUTE         1     3.089        4.PADDI to     R7C12A.LSR res_c (to clk)
                  --------
                    4.221   (26.8% logic, 73.2% route), 1 logic levels.

Unconstrained Preference:
   INPUT_SETUP PORT "gpio_key_row[0]" CLKNET "clk" 

Report:    2.292ns delay gpio_key_row[0] to gpio_key_row[0]_MGIOL (1.697ns delay and 0.595ns setup)

   Name    Fanout   Delay (ns)          Site               Resource
PADI_DEL    ---     1.132         29.PAD to       29.PADDI gpio_key_row[0]
ROUTE         1     0.565       29.PADDI to    IOL_T11D.DI gpio_key_row_in[0] (to clk)
                  --------
                    1.697   (66.7% logic, 33.3% route), 1 logic levels.

Unconstrained Preference:
   INPUT_SETUP PORT "gpio_key_row[1]" CLKNET "clk" 

Report:    2.292ns delay gpio_key_row[1] to gpio_key_row[1]_MGIOL (1.697ns delay and 0.595ns setup)

   Name    Fanout   Delay (ns)          Site               Resource
PADI_DEL    ---     1.132         30.PAD to       30.PADDI gpio_key_row[1]
ROUTE         1     0.565       30.PADDI to    IOL_T11C.DI gpio_key_row_in[1] (to clk)
                  --------
                    1.697   (66.7% logic, 33.3% route), 1 logic levels.

Unconstrained Preference:
   INPUT_SETUP PORT "gpio_key_row[2]" CLKNET "clk" 

Report:    2.292ns delay gpio_key_row[2] to gpio_key_row[2]_MGIOL (1.697ns delay and 0.595ns setup)

   Name    Fanout   Delay (ns)          Site               Resource
PADI_DEL    ---     1.132         32.PAD to       32.PADDI gpio_key_row[2]
ROUTE         1     0.565       32.PADDI to    IOL_T10D.DI gpio_key_row_in[2] (to clk)
                  --------
                    1.697   (66.7% logic, 33.3% route), 1 logic levels.

Unconstrained Preference:
   INPUT_SETUP PORT "gpio_key_row[3]" CLKNET "clk" 

Report:    2.292ns delay gpio_key_row[3] to gpio_key_row[3]_MGIOL (1.697ns delay and 0.595ns setup)

   Name    Fanout   Delay (ns)          Site               Resource
PADI_DEL    ---     1.132          1.PAD to        1.PADDI gpio_key_row[3]
ROUTE         1     0.565        1.PADDI to    IOL_T10C.DI gpio_key_row_in[3] (to clk)
                  --------
                    1.697   (66.7% logic, 33.3% route), 1 logic levels.

Unconstrained Preference:
   INPUT_SETUP PORT "rx" CLKNET "clk" 

Report:    2.292ns delay rx to rx_MGIOL (1.697ns delay and 0.595ns setup)

   Name    Fanout   Delay (ns)          Site               Resource
PADI_DEL    ---     1.132         25.PAD to       25.PADDI rx
ROUTE         1     0.565       25.PADDI to    IOL_T15D.DI rx_c (to clk)
                  --------
                    1.697   (66.7% logic, 33.3% route), 1 logic levels.

Unconstrained Preference:
   INPUT_SETUP PORT "sd_miso" CLKNET "clk" 

Report:    2.292ns delay sd_miso to sd_miso_MGIOL (1.697ns delay and 0.595ns setup)

   Name    Fanout   Delay (ns)          Site               Resource
PADI_DEL    ---     1.132         28.PAD to       28.PADDI sd_miso
ROUTE         1     0.565       28.PADDI to    IOL_T12C.DI sd_miso_c (to clk)
                  --------
                    1.697   (66.7% logic, 33.3% route), 1 logic levels.

Unconstrained Preference:
   INPUT_SETUP PORT "gpio_miso" CLKNET "clk" 

Report:    2.111ns delay gpio_miso to gpio_miso_MGIOL (1.516ns delay and 0.595ns setup)

   Name    Fanout   Delay (ns)          Site               Resource
PADI_DEL    ---     1.132         10.PAD to       10.PADDI gpio_miso
ROUTE         1     0.384       10.PADDI to     IOL_B6D.DI gpio_miso_c (to clk)
                  --------
                    1.516   (74.7% logic, 25.3% route), 1 logic levels.


================================================================================
Preference: Unconstrained: CLOCK_TO_OUT
            18 unconstrained paths found
--------------------------------------------------------------------------------

Unconstrained Preference:
   CLOCK_TO_OUT PORT "tx" CLKNET "clk" 

Report:    9.366ns delay system/bus/fixed_uart.console/SLICE_104 to tx

   Name    Fanout   Delay (ns)          Site               Resource
REG_DEL     ---     0.452      R8C3A.CLK to       R8C3A.Q0 system/bus/fixed_uart.console/SLICE_104 (from clk)
ROUTE        20     2.302       R8C3A.Q0 to       R5C2B.A1 system/bus/fixed_uart.console/tx_busy
CTOF_DEL    ---     0.495       R5C2B.A1 to       R5C2B.F1 system/bus/fixed_uart.console/SLICE_117
ROUTE         1     3.320       R5C2B.F1 to       23.PADDO tx_c
DOPAD_DEL   ---     2.797       23.PADDO to         23.PAD tx
                  --------
                    9.366   (40.0% logic, 60.0% route), 3 logic levels.

Unconstrained Preference:
   CLOCK_TO_OUT PORT "sd_mosi" CLKNET "clk" 

Report:    8.810ns delay system/bus/byte_sd/SLICE_77 to sd_mosi

   Name    Fanout   Delay (ns)          Site               Resource
REG_DEL     ---     0.452      R2C4A.CLK to       R2C4A.Q0 system/bus/byte_sd/SLICE_77 (from clk)
ROUTE        25     1.747       R2C4A.Q0 to       R3C2B.C1 system/bus/byte_sd/busy
CTOF_DEL    ---     0.495       R3C2B.C1 to       R3C2B.F1 system/bus/byte_sd/SLICE_634
ROUTE         1     3.319       R3C2B.F1 to       21.PADDO sd_mosi_c
DOPAD_DEL   ---     2.797       21.PADDO to         21.PAD sd_mosi
                  --------
                    8.810   (42.5% logic, 57.5% route), 3 logic levels.

Unconstrained Preference:
   CLOCK_TO_OUT PORT "tx" CLKNET "clk" 

Report:    8.264ns delay system/bus/SLICE_605 to tx

   Name    Fanout   Delay (ns)          Site               Resource
REG_DEL     ---     0.452      R5C5C.CLK to       R5C5C.Q0 system/bus/SLICE_605 (from clk)
ROUTE         2     1.200       R5C5C.Q0 to       R5C2B.C1 system/bus/fixed_uart.console/tx_break
CTOF_DEL    ---     0.495       R5C2B.C1 to       R5C2B.F1 system/bus/fixed_uart.console/SLICE_117
ROUTE         1     3.320       R5C2B.F1 to       23.PADDO tx_c
DOPAD_DEL   ---     2.797       23.PADDO to         23.PAD tx
                  --------
                    8.264   (45.3% logic, 54.7% route), 3 logic levels.

Unconstrained Preference:
   CLOCK_TO_OUT PORT "tx" CLKNET "clk" 

Report:    8.068ns delay system/bus/fixed_uart.console/SLICE_113 to tx

   Name    Fanout   Delay (ns)          Site               Resource
REG_DEL     ---     0.452      R5C2C.CLK to       R5C2C.Q0 system/bus/fixed_uart.console/SLICE_113 (from clk)
ROUTE         1     1.004       R5C2C.Q0 to       R5C2B.B1 system/bus/fixed_uart.console/tx_shift[0]
CTOF_DEL    ---     0.495       R5C2B.B1 to       R5C2B.F1 system/bus/fixed_uart.console/SLICE_117
ROUTE         1     3.320       R5C2B.F1 to       23.PADDO tx_c
DOPAD_DEL   ---     2.797       23.PADDO to         23.PAD tx
                  --------
                    8.068   (46.4% logic, 53.6% route), 3 logic levels.

Unconstrained Preference:
   CLOCK_TO_OUT PORT "sd_mosi" CLKNET "clk" 

Report:    7.708ns delay system/bus/byte_sd/SLICE_88 to sd_mosi

   Name    Fanout   Delay (ns)          Site               Resource
REG_DEL     ---     0.452      R2C2C.CLK to       R2C2C.Q1 system/bus/byte_sd/SLICE_88 (from clk)
ROUTE         1     0.645       R2C2C.Q1 to       R3C2B.D1 system/bus/byte_sd/tx_shift[7]
CTOF_DEL    ---     0.495       R3C2B.D1 to       R3C2B.F1 system/bus/byte_sd/SLICE_634
ROUTE         1     3.319       R3C2B.F1 to       21.PADDO sd_mosi_c
DOPAD_DEL   ---     2.797       21.PADDO to         21.PAD sd_mosi
                  --------
                    7.708   (48.6% logic, 51.4% route), 3 logic levels.

Unconstrained Preference:
   CLOCK_TO_OUT PORT "gpio_key_row[3]" CLKNET "clk" 

Report:    7.364ns delay system/SLICE_143 to gpio_key_row[3]

   Name    Fanout   Delay (ns)          Site               Resource
REG_DEL     ---     0.452      R7C9D.CLK to       R7C9D.Q0 system/SLICE_143 (from clk)
ROUTE         2     2.732       R7C9D.Q0 to        1.PADDT system/bus/host_miso_oe
TDTS_DEL    ---     4.180        1.PADDT to          1.PAD gpio_key_row[3]
                  --------
                    7.364   (62.9% logic, 37.1% route), 2 logic levels.

Unconstrained Preference:
   CLOCK_TO_OUT PORT "gpio_reg_latch" CLKNET "clk" 

Report:    6.097ns delay system/SLICE_64 to gpio_reg_latch

   Name    Fanout   Delay (ns)          Site               Resource
REG_DEL     ---     0.452      R7C8C.CLK to       R7C8C.Q0 system/SLICE_64 (from clk)
ROUTE         3     2.848       R7C8C.Q0 to       20.PADDO gpio_reg_latch_c
DOPAD_DEL   ---     2.797       20.PADDO to         20.PAD gpio_reg_latch
                  --------
                    6.097   (53.3% logic, 46.7% route), 2 logic levels.

Unconstrained Preference:
   CLOCK_TO_OUT PORT "gpio_din" CLKNET "clk" 

Report:    6.011ns delay system/SLICE_62 to gpio_din

   Name    Fanout   Delay (ns)          Site               Resource
REG_DEL     ---     0.452      R7C7D.CLK to       R7C7D.Q0 system/SLICE_62 (from clk)
ROUTE         2     2.762       R7C7D.Q0 to       16.PADDO gpio_din_c
DOPAD_DEL   ---     2.797       16.PADDO to         16.PAD gpio_din
                  --------
                    6.011   (54.1% logic, 45.9% route), 2 logic levels.

Unconstrained Preference:
   CLOCK_TO_OUT PORT "gpio_ce" CLKNET "clk" 

Report:    5.853ns delay system/SLICE_60 to gpio_ce

   Name    Fanout   Delay (ns)          Site               Resource
REG_DEL     ---     0.452      R8C7C.CLK to       R8C7C.Q0 system/SLICE_60 (from clk)
ROUTE         3     2.604       R8C7C.Q0 to       14.PADDO gpio_ce_c
DOPAD_DEL   ---     2.797       14.PADDO to         14.PAD gpio_ce
                  --------
                    5.853   (55.5% logic, 44.5% route), 2 logic levels.

Unconstrained Preference:
   CLOCK_TO_OUT PORT "gpio_key_row[3]" CLKNET "clk" 

Report:    5.536ns delay system/SLICE_66 to gpio_key_row[3]

   Name    Fanout   Delay (ns)          Site               Resource
REG_DEL     ---     0.452      R7C8A.CLK to       R7C8A.Q0 system/SLICE_66 (from clk)
ROUTE         3     2.287       R7C8A.Q0 to        1.PADDO host_miso
DOPAD_DEL   ---     2.797        1.PADDO to          1.PAD gpio_key_row[3]
                  --------
                    5.536   (58.7% logic, 41.3% route), 2 logic levels.

Unconstrained Preference:
   CLOCK_TO_OUT PORT "sd_sck" CLKNET "clk" 

Report:    5.518ns delay system/bus/byte_sd/SLICE_69 to sd_sck

   Name    Fanout   Delay (ns)          Site               Resource
REG_DEL     ---     0.452      R2C4B.CLK to       R2C4B.Q0 system/bus/byte_sd/SLICE_69 (from clk)
ROUTE         5     2.269       R2C4B.Q0 to       27.PADDO sd_sck_c
DOPAD_DEL   ---     2.797       27.PADDO to         27.PAD sd_sck
                  --------
                    5.518   (58.9% logic, 41.1% route), 2 logic levels.

Unconstrained Preference:
   CLOCK_TO_OUT PORT "sd_cs_n" CLKNET "clk" 

Report:    5.108ns delay system/SLICE_68 to sd_cs_n

   Name    Fanout   Delay (ns)          Site               Resource
REG_DEL     ---     0.452      R3C4D.CLK to       R3C4D.Q0 system/SLICE_68 (from clk)
ROUTE         2     1.859       R3C4D.Q0 to        5.PADDO sd_cs_n_c
DOPAD_DEL   ---     2.797        5.PADDO to          5.PAD sd_cs_n
                  --------
                    5.108   (63.6% logic, 36.4% route), 2 logic levels.

Unconstrained Preference:
   CLOCK_TO_OUT PORT "gpio_blank" CLKNET "clk" 

Report:    5.094ns delay system/SLICE_59 to gpio_blank

   Name    Fanout   Delay (ns)          Site               Resource
REG_DEL     ---     0.452      R8C8D.CLK to       R8C8D.Q0 system/SLICE_59 (from clk)
ROUTE         2     1.845       R8C8D.Q0 to       13.PADDO gpio_blank_c
DOPAD_DEL   ---     2.797       13.PADDO to         13.PAD gpio_blank
                  --------
                    5.094   (63.8% logic, 36.2% route), 2 logic levels.

Unconstrained Preference:
   CLOCK_TO_OUT PORT "gpio_rs" CLKNET "clk" 

Report:    4.992ns delay system/SLICE_65 to gpio_rs

   Name    Fanout   Delay (ns)          Site               Resource
REG_DEL     ---     0.452      R8C9B.CLK to       R8C9B.Q0 system/SLICE_65 (from clk)
ROUTE         2     1.743       R8C9B.Q0 to       11.PADDO gpio_rs_c
DOPAD_DEL   ---     2.797       11.PADDO to         11.PAD gpio_rs
                  --------
                    4.992   (65.1% logic, 34.9% route), 2 logic levels.

Unconstrained Preference:
   CLOCK_TO_OUT PORT "gpio_msck" CLKNET "clk" 

Report:    4.516ns delay system/bus/guest_memory/SLICE_63 to gpio_msck

   Name    Fanout   Delay (ns)          Site               Resource
REG_DEL     ---     0.452     R10C5D.CLK to      R10C5D.Q0 system/bus/guest_memory/SLICE_63 (from clk)
ROUTE         4     1.267      R10C5D.Q0 to        9.PADDO gpio_msck_c
DOPAD_DEL   ---     2.797        9.PADDO to          9.PAD gpio_msck
                  --------
                    4.516   (71.9% logic, 28.1% route), 2 logic levels.

Unconstrained Preference:
   CLOCK_TO_OUT PORT "gpio_clk" CLKNET "clk" 

Report:    4.403ns delay system/SLICE_61 to gpio_clk

   Name    Fanout   Delay (ns)          Site               Resource
REG_DEL     ---     0.452      R8C9A.CLK to       R8C9A.Q0 system/SLICE_61 (from clk)
ROUTE         2     1.154       R8C9A.Q0 to       12.PADDO gpio_clk_c
DOPAD_DEL   ---     2.797       12.PADDO to         12.PAD gpio_clk
                  --------
                    4.403   (73.8% logic, 26.2% route), 2 logic levels.

Unconstrained Preference:
   CLOCK_TO_OUT PORT "gpio_mcs" CLKNET "clk" 

Report:    3.407ns delay gpio_mcs_MGIOL to gpio_mcs

   Name    Fanout   Delay (ns)          Site               Resource
C2OUT_DEL   ---     0.567    IOL_B4C.CLK to  IOL_B4C.IOLDO gpio_mcs_MGIOL (from clk)
ROUTE         1     0.043  IOL_B4C.IOLDO to        8.IOLDO gpio_mcs_c
OP0PAD_DEL  ---     2.797        8.IOLDO to          8.PAD gpio_mcs
                  --------
                    3.407   (98.7% logic, 1.3% route), 2 logic levels.

Unconstrained Preference:
   CLOCK_TO_OUT PORT "gpio_mosi" CLKNET "clk" 

Report:    3.407ns delay gpio_mosi_MGIOL to gpio_mosi

   Name    Fanout   Delay (ns)          Site               Resource
C2OUT_DEL   ---     0.567   IOL_B20D.CLK to IOL_B20D.IOLDO gpio_mosi_MGIOL (from clk)
ROUTE         1     0.043 IOL_B20D.IOLDO to       17.IOLDO gpio_mosi_c
OP0PAD_DEL  ---     2.797       17.IOLDO to         17.PAD gpio_mosi
                  --------
                    3.407   (98.7% logic, 1.3% route), 2 logic levels.


================================================================================
Preference: Unconstrained: MAXDELAY
            0 unconstrained paths found
--------------------------------------------------------------------------------

Report Summary
--------------
----------------------------------------------------------------------------
Preference                              |   Constraint|       Actual|Levels
----------------------------------------------------------------------------
                                        |             |             |
FREQUENCY NET "clk" 29.560000 MHz ;     |   29.560 MHz|   31.554 MHz|  16  
                                        |             |             |
----------------------------------------------------------------------------


All preferences were met.


Clock Domains Analysis
------------------------

Found 1 clocks:

Clock Domain: clk   Source: oscillator.OSC   Loads: 249
   Covered under: FREQUENCY NET "clk" 29.560000 MHz ;


--------------------------------------------------------------------------------
                Connections not covered by the preferences
--------------------------------------------------------------------------------

     Delay                        Element                 Net

    0.565ns pio_key_row[0].PADDI to _key_row[0]_MGIOL.DI gpio_key_row_in[0]
    0.565ns        sd_miso.PADDI to     sd_miso_MGIOL.DI sd_miso_c
    0.565ns             rx.PADDI to          rx_MGIOL.DI rx_c
    0.565ns pio_key_row[1].PADDI to _key_row[1]_MGIOL.DI gpio_key_row_in[1]
    0.565ns pio_key_row[2].PADDI to _key_row[2]_MGIOL.DI gpio_key_row_in[2]
    0.565ns pio_key_row[3].PADDI to _key_row[3]_MGIOL.DI gpio_key_row_in[3]
    0.384ns      gpio_miso.PADDI to   gpio_miso_MGIOL.DI gpio_miso_c
    3.089ns            res.PADDI to        SLICE_483.LSR res_c

--------------------------------------------------------------------------------


Timing summary (Setup):
---------------

Timing errors: 0  Score: 0
Cumulative negative slack: 0

Constraints cover 4399355 paths, 1 nets, and 5532 connections (99.86% coverage)

--------------------------------------------------------------------------------
Lattice TRACE Report - Hold, Version Diamond (64-bit) 3.14.0.75.2
Thu Sep 10 17:29:31 2026

Copyright (c) 1991-1994 by NeoCAD Inc. All rights reserved.
Copyright (c) 1995 AT&T Corp.   All rights reserved.
Copyright (c) 1995-2001 Lucent Technologies Inc.  All rights reserved.
Copyright (c) 2001 Agere Systems   All rights reserved.
Copyright (c) 2002-2024 Lattice Semiconductor Corporation,  All rights reserved.

Report Information
------------------
Command line:    trce -v 10 -c -u 0 -gt -sethld -sp 4 -sphld m -o cp42a_impl1.twr cp42a_impl1.ncd cp42a_impl1.prf 
Design file:     cp42a_impl1.ncd
Preference file: cp42a_impl1.prf
Device,speed:    LCMXO2-1200HC,m
Report level:    verbose report, limited to 10 items per preference
--------------------------------------------------------------------------------

BLOCK ASYNCPATHS
BLOCK RESETPATHS
--------------------------------------------------------------------------------



================================================================================
Preference: FREQUENCY NET "clk" 29.560000 MHz ;
            4096 items scored, 0 timing errors detected.
--------------------------------------------------------------------------------


Passed: The following path meets requirements by 0.291ns

 Logical Details:  Cell type  Pin type       Cell/ASIC name  (clock net +/-)

   Source:         Sync_RAM   Q              system/cpu/engine/dp/rf/words_ram_2/RAM1  (from clk +)
   Destination:    FF         Data in        system/cpu/engine/mmu_page[2]  (to clk +)

   Delay:               0.278ns  (99.3% logic, 0.7% route), 1 logic levels.

 Constraint Details:

      0.278ns physical path delay system/cpu/engine/SLICE_43 to system/cpu/engine/SLICE_43 meets
     -0.013ns DIN_HLD and
      0.000ns delay constraint less
      0.000ns skew requirement (totaling -0.013ns) by 0.291ns

 Physical Path Details:

      Data path system/cpu/engine/SLICE_43 to system/cpu/engine/SLICE_43:

   Name    Fanout   Delay (ns)          Site               Resource
CLKTOF_DEL  ---     0.276     R2C11B.WCK to      R2C11B.F1 system/cpu/engine/SLICE_43 (from clk)
ROUTE        10     0.002      R2C11B.F1 to     R2C11B.DI1 system/address[15] (to clk)
                  --------
                    0.278   (99.3% logic, 0.7% route), 1 logic levels.

 Clock Skew Details: 

      Source Clock Path oscillator to system/cpu/engine/SLICE_43:

   Name    Fanout   Delay (ns)          Site               Resource
ROUTE       249     1.216        OSC.OSC to     R2C11B.WCK clk
                  --------
                    1.216   (0.0% logic, 100.0% route), 0 logic levels.

      Destination Clock Path oscillator to system/cpu/engine/SLICE_43:

   Name    Fanout   Delay (ns)          Site               Resource
ROUTE       249     1.216        OSC.OSC to     R2C11B.CLK clk
                  --------
                    1.216   (0.0% logic, 100.0% route), 0 logic levels.


Passed: The following path meets requirements by 0.292ns

 Logical Details:  Cell type  Pin type       Cell/ASIC name  (clock net +/-)

   Source:         Sync_RAM   Q              system/cpu/engine/dp/rf/words_ram/RAM0  (from clk +)
   Destination:    FF         Data in        system/bus/boot_release_armed  (to clk +)

   Delay:               0.279ns  (98.9% logic, 1.1% route), 1 logic levels.

 Constraint Details:

      0.279ns physical path delay system/SLICE_39 to system/SLICE_39 meets
     -0.013ns DIN_HLD and
      0.000ns delay constraint less
      0.000ns skew requirement (totaling -0.013ns) by 0.292ns

 Physical Path Details:

      Data path system/SLICE_39 to system/SLICE_39:

   Name    Fanout   Delay (ns)          Site               Resource
CLKTOF_DEL  ---     0.276      R4C9A.WCK to       R4C9A.F1 system/SLICE_39 (from clk)
ROUTE        47     0.003       R4C9A.F1 to      R4C9A.DI1 system/address[1] (to clk)
                  --------
                    0.279   (98.9% logic, 1.1% route), 1 logic levels.

 Clock Skew Details: 

      Source Clock Path oscillator to system/SLICE_39:

   Name    Fanout   Delay (ns)          Site               Resource
ROUTE       249     1.216        OSC.OSC to      R4C9A.WCK clk
                  --------
                    1.216   (0.0% logic, 100.0% route), 0 logic levels.

      Destination Clock Path oscillator to system/SLICE_39:

   Name    Fanout   Delay (ns)          Site               Resource
ROUTE       249     1.216        OSC.OSC to      R4C9A.CLK clk
                  --------
                    1.216   (0.0% logic, 100.0% route), 0 logic levels.


Passed: The following path meets requirements by 0.293ns

 Logical Details:  Cell type  Pin type       Cell/ASIC name  (clock net +/-)

   Source:         Sync_RAM   Q              system/cpu/engine/dp/rf/words_ram_2/RAM1  (from clk +)
   Destination:    FF         Data in        system/cpu/engine/mmu_page[1]  (to clk +)

   Delay:               0.280ns  (98.6% logic, 1.4% route), 1 logic levels.

 Constraint Details:

      0.280ns physical path delay system/cpu/engine/SLICE_43 to system/cpu/engine/SLICE_43 meets
     -0.013ns DIN_HLD and
      0.000ns delay constraint less
      0.000ns skew requirement (totaling -0.013ns) by 0.293ns

 Physical Path Details:

      Data path system/cpu/engine/SLICE_43 to system/cpu/engine/SLICE_43:

   Name    Fanout   Delay (ns)          Site               Resource
CLKTOF_DEL  ---     0.276     R2C11B.WCK to      R2C11B.F0 system/cpu/engine/SLICE_43 (from clk)
ROUTE        10     0.004      R2C11B.F0 to     R2C11B.DI0 system/address[14] (to clk)
                  --------
                    0.280   (98.6% logic, 1.4% route), 1 logic levels.

 Clock Skew Details: 

      Source Clock Path oscillator to system/cpu/engine/SLICE_43:

   Name    Fanout   Delay (ns)          Site               Resource
ROUTE       249     1.216        OSC.OSC to     R2C11B.WCK clk
                  --------
                    1.216   (0.0% logic, 100.0% route), 0 logic levels.

      Destination Clock Path oscillator to system/cpu/engine/SLICE_43:

   Name    Fanout   Delay (ns)          Site               Resource
ROUTE       249     1.216        OSC.OSC to     R2C11B.CLK clk
                  --------
                    1.216   (0.0% logic, 100.0% route), 0 logic levels.


Passed: The following path meets requirements by 0.294ns

 Logical Details:  Cell type  Pin type       Cell/ASIC name  (clock net +/-)

   Source:         Sync_RAM   Q              system/cpu/engine/dp/rf/words_ram_2/RAM0  (from clk +)
   Destination:    FF         Data in        system/cpu/engine/mmu_page[0]  (to clk +)

   Delay:               0.281ns  (98.2% logic, 1.8% route), 1 logic levels.

 Constraint Details:

      0.281ns physical path delay system/cpu/engine/SLICE_42 to system/cpu/engine/SLICE_42 meets
     -0.013ns DIN_HLD and
      0.000ns delay constraint less
      0.000ns skew requirement (totaling -0.013ns) by 0.294ns

 Physical Path Details:

      Data path system/cpu/engine/SLICE_42 to system/cpu/engine/SLICE_42:

   Name    Fanout   Delay (ns)          Site               Resource
CLKTOF_DEL  ---     0.276     R2C11A.WCK to      R2C11A.F1 system/cpu/engine/SLICE_42 (from clk)
ROUTE        18     0.005      R2C11A.F1 to     R2C11A.DI1 system/address[13] (to clk)
                  --------
                    0.281   (98.2% logic, 1.8% route), 1 logic levels.

 Clock Skew Details: 

      Source Clock Path oscillator to system/cpu/engine/SLICE_42:

   Name    Fanout   Delay (ns)          Site               Resource
ROUTE       249     1.216        OSC.OSC to     R2C11A.WCK clk
                  --------
                    1.216   (0.0% logic, 100.0% route), 0 logic levels.

      Destination Clock Path oscillator to system/cpu/engine/SLICE_42:

   Name    Fanout   Delay (ns)          Site               Resource
ROUTE       249     1.216        OSC.OSC to     R2C11A.CLK clk
                  --------
                    1.216   (0.0% logic, 100.0% route), 0 logic levels.


Passed: The following path meets requirements by 0.304ns

 Logical Details:  Cell type  Pin type       Cell/ASIC name  (clock net +/-)

   Source:         FF         Q              reset_sync[1]  (from clk +)
   Destination:    FF         Data in        reset_sync[0]  (to clk +)

   Delay:               0.285ns  (46.7% logic, 53.3% route), 1 logic levels.

 Constraint Details:

      0.285ns physical path delay SLICE_483 to SLICE_483 meets
     -0.019ns M_HLD and
      0.000ns delay constraint less
      0.000ns skew requirement (totaling -0.019ns) by 0.304ns

 Physical Path Details:

      Data path SLICE_483 to SLICE_483:

   Name    Fanout   Delay (ns)          Site               Resource
REG_DEL     ---     0.133     R7C12A.CLK to      R7C12A.Q1 SLICE_483 (from clk)
ROUTE         1     0.152      R7C12A.Q1 to      R7C12A.M0 reset_sync[1] (to clk)
                  --------
                    0.285   (46.7% logic, 53.3% route), 1 logic levels.

 Clock Skew Details: 

      Source Clock Path oscillator to SLICE_483:

   Name    Fanout   Delay (ns)          Site               Resource
ROUTE       249     1.216        OSC.OSC to     R7C12A.CLK clk
                  --------
                    1.216   (0.0% logic, 100.0% route), 0 logic levels.

      Destination Clock Path oscillator to SLICE_483:

   Name    Fanout   Delay (ns)          Site               Resource
ROUTE       249     1.216        OSC.OSC to     R7C12A.CLK clk
                  --------
                    1.216   (0.0% logic, 100.0% route), 0 logic levels.


Passed: The following path meets requirements by 0.304ns

 Logical Details:  Cell type  Pin type       Cell/ASIC name  (clock net +/-)

   Source:         FF         Q              system/bus/fixed_uart.console/cts_sync[0]  (from clk +)
   Destination:    FF         Data in        system/bus/fixed_uart.console/cts_sync[1]  (to clk +)

   Delay:               0.285ns  (46.7% logic, 53.3% route), 1 logic levels.

 Constraint Details:

      0.285ns physical path delay system/bus/fixed_uart.console/SLICE_89 to system/bus/fixed_uart.console/SLICE_89 meets
     -0.019ns M_HLD and
      0.000ns delay constraint less
      0.000ns skew requirement (totaling -0.019ns) by 0.304ns

 Physical Path Details:

      Data path system/bus/fixed_uart.console/SLICE_89 to system/bus/fixed_uart.console/SLICE_89:

   Name    Fanout   Delay (ns)          Site               Resource
REG_DEL     ---     0.133      R9C4A.CLK to       R9C4A.Q0 system/bus/fixed_uart.console/SLICE_89 (from clk)
ROUTE         1     0.152       R9C4A.Q0 to       R9C4A.M1 system/bus/fixed_uart.console/cts_sync[0] (to clk)
                  --------
                    0.285   (46.7% logic, 53.3% route), 1 logic levels.

 Clock Skew Details: 

      Source Clock Path oscillator to system/bus/fixed_uart.console/SLICE_89:

   Name    Fanout   Delay (ns)          Site               Resource
ROUTE       249     1.216        OSC.OSC to      R9C4A.CLK clk
                  --------
                    1.216   (0.0% logic, 100.0% route), 0 logic levels.

      Destination Clock Path oscillator to system/bus/fixed_uart.console/SLICE_89:

   Name    Fanout   Delay (ns)          Site               Resource
ROUTE       249     1.216        OSC.OSC to      R9C4A.CLK clk
                  --------
                    1.216   (0.0% logic, 100.0% route), 0 logic levels.


Passed: The following path meets requirements by 0.306ns

 Logical Details:  Cell type  Pin type       Cell/ASIC name  (clock net +/-)

   Source:         FF         Q              system/bus/byte_sd/rx_shift[1]  (from clk +)
   Destination:    FF         Data in        system/bus/byte_sd/rx_shift[2]  (to clk +)

   Delay:               0.287ns  (46.3% logic, 53.7% route), 1 logic levels.

 Constraint Details:

      0.287ns physical path delay system/SLICE_418 to system/SLICE_418 meets
     -0.019ns M_HLD and
      0.000ns delay constraint less
      0.000ns skew requirement (totaling -0.019ns) by 0.306ns

 Physical Path Details:

      Data path system/SLICE_418 to system/SLICE_418:

   Name    Fanout   Delay (ns)          Site               Resource
REG_DEL     ---     0.133     R4C12A.CLK to      R4C12A.Q0 system/SLICE_418 (from clk)
ROUTE         2     0.154      R4C12A.Q0 to      R4C12A.M1 system/bus/byte_sd/rx_shift[1] (to clk)
                  --------
                    0.287   (46.3% logic, 53.7% route), 1 logic levels.

 Clock Skew Details: 

      Source Clock Path oscillator to system/SLICE_418:

   Name    Fanout   Delay (ns)          Site               Resource
ROUTE       249     1.216        OSC.OSC to     R4C12A.CLK clk
                  --------
                    1.216   (0.0% logic, 100.0% route), 0 logic levels.

      Destination Clock Path oscillator to system/SLICE_418:

   Name    Fanout   Delay (ns)          Site               Resource
ROUTE       249     1.216        OSC.OSC to     R4C12A.CLK clk
                  --------
                    1.216   (0.0% logic, 100.0% route), 0 logic levels.


Passed: The following path meets requirements by 0.306ns

 Logical Details:  Cell type  Pin type       Cell/ASIC name  (clock net +/-)

   Source:         FF         Q              system/bus/fixed_uart.console/rx_shift[5]  (from clk +)
   Destination:    FF         Data in        system/bus/fixed_uart.console/rx_shift[4]  (to clk +)

   Delay:               0.287ns  (46.3% logic, 53.7% route), 1 logic levels.

 Constraint Details:

      0.287ns physical path delay system/bus/fixed_uart.console/SLICE_414 to system/bus/fixed_uart.console/SLICE_414 meets
     -0.019ns M_HLD and
      0.000ns delay constraint less
      0.000ns skew requirement (totaling -0.019ns) by 0.306ns

 Physical Path Details:

      Data path system/bus/fixed_uart.console/SLICE_414 to system/bus/fixed_uart.console/SLICE_414:

   Name    Fanout   Delay (ns)          Site               Resource
REG_DEL     ---     0.133      R8C2A.CLK to       R8C2A.Q1 system/bus/fixed_uart.console/SLICE_414 (from clk)
ROUTE         2     0.154       R8C2A.Q1 to       R8C2A.M0 system/bus/fixed_uart.console/rx_shift[5] (to clk)
                  --------
                    0.287   (46.3% logic, 53.7% route), 1 logic levels.

 Clock Skew Details: 

      Source Clock Path oscillator to system/bus/fixed_uart.console/SLICE_414:

   Name    Fanout   Delay (ns)          Site               Resource
ROUTE       249     1.216        OSC.OSC to      R8C2A.CLK clk
                  --------
                    1.216   (0.0% logic, 100.0% route), 0 logic levels.

      Destination Clock Path oscillator to system/bus/fixed_uart.console/SLICE_414:

   Name    Fanout   Delay (ns)          Site               Resource
ROUTE       249     1.216        OSC.OSC to      R8C2A.CLK clk
                  --------
                    1.216   (0.0% logic, 100.0% route), 0 logic levels.


Passed: The following path meets requirements by 0.306ns

 Logical Details:  Cell type  Pin type       Cell/ASIC name  (clock net +/-)

   Source:         FF         Q              system/bus/fixed_uart.console/rx_shift[1]  (from clk +)
   Destination:    FF         Data in        system/bus/fixed_uart.console/rx_shift[0]  (to clk +)

   Delay:               0.287ns  (46.3% logic, 53.7% route), 1 logic levels.

 Constraint Details:

      0.287ns physical path delay system/bus/fixed_uart.console/SLICE_604 to system/bus/fixed_uart.console/SLICE_604 meets
     -0.019ns M_HLD and
      0.000ns delay constraint less
      0.000ns skew requirement (totaling -0.019ns) by 0.306ns

 Physical Path Details:

      Data path system/bus/fixed_uart.console/SLICE_604 to system/bus/fixed_uart.console/SLICE_604:

   Name    Fanout   Delay (ns)          Site               Resource
REG_DEL     ---     0.133      R9C4B.CLK to       R9C4B.Q1 system/bus/fixed_uart.console/SLICE_604 (from clk)
ROUTE         2     0.154       R9C4B.Q1 to       R9C4B.M0 system/bus/fixed_uart.console/rx_shift[1] (to clk)
                  --------
                    0.287   (46.3% logic, 53.7% route), 1 logic levels.

 Clock Skew Details: 

      Source Clock Path oscillator to system/bus/fixed_uart.console/SLICE_604:

   Name    Fanout   Delay (ns)          Site               Resource
ROUTE       249     1.216        OSC.OSC to      R9C4B.CLK clk
                  --------
                    1.216   (0.0% logic, 100.0% route), 0 logic levels.

      Destination Clock Path oscillator to system/bus/fixed_uart.console/SLICE_604:

   Name    Fanout   Delay (ns)          Site               Resource
ROUTE       249     1.216        OSC.OSC to      R9C4B.CLK clk
                  --------
                    1.216   (0.0% logic, 100.0% route), 0 logic levels.


Passed: The following path meets requirements by 0.306ns

 Logical Details:  Cell type  Pin type       Cell/ASIC name  (clock net +/-)

   Source:         FF         Q              system/bus/fixed_uart.console/rx_shift[5]  (from clk +)
   Destination:    FF         Data in        system/bus/fixed_uart.console/rx_buffer[5]  (to clk +)

   Delay:               0.287ns  (46.3% logic, 53.7% route), 1 logic levels.

 Constraint Details:

      0.287ns physical path delay system/bus/fixed_uart.console/SLICE_414 to system/bus/fixed_uart.console/SLICE_366 meets
     -0.019ns M_HLD and
      0.000ns delay constraint less
      0.000ns skew requirement (totaling -0.019ns) by 0.306ns

 Physical Path Details:

      Data path system/bus/fixed_uart.console/SLICE_414 to system/bus/fixed_uart.console/SLICE_366:

   Name    Fanout   Delay (ns)          Site               Resource
REG_DEL     ---     0.133      R8C2A.CLK to       R8C2A.Q1 system/bus/fixed_uart.console/SLICE_414 (from clk)
ROUTE         2     0.154       R8C2A.Q1 to       R8C2D.M1 system/bus/fixed_uart.console/rx_shift[5] (to clk)
                  --------
                    0.287   (46.3% logic, 53.7% route), 1 logic levels.

 Clock Skew Details: 

      Source Clock Path oscillator to system/bus/fixed_uart.console/SLICE_414:

   Name    Fanout   Delay (ns)          Site               Resource
ROUTE       249     1.216        OSC.OSC to      R8C2A.CLK clk
                  --------
                    1.216   (0.0% logic, 100.0% route), 0 logic levels.

      Destination Clock Path oscillator to system/bus/fixed_uart.console/SLICE_366:

   Name    Fanout   Delay (ns)          Site               Resource
ROUTE       249     1.216        OSC.OSC to      R8C2D.CLK clk
                  --------
                    1.216   (0.0% logic, 100.0% route), 0 logic levels.

Report Summary
--------------
----------------------------------------------------------------------------
Preference(MIN Delays)                  |   Constraint|       Actual|Levels
----------------------------------------------------------------------------
                                        |             |             |
FREQUENCY NET "clk" 29.560000 MHz ;     |     0.000 ns|     0.291 ns|   1  
                                        |             |             |
----------------------------------------------------------------------------


All preferences were met.


Clock Domains Analysis
------------------------

Found 1 clocks:

Clock Domain: clk   Source: oscillator.OSC   Loads: 249
   Covered under: FREQUENCY NET "clk" 29.560000 MHz ;


--------------------------------------------------------------------------------
                Connections not covered by the preferences
--------------------------------------------------------------------------------

     Delay                        Element                 Net

    0.177ns pio_key_row[0].PADDI to _key_row[0]_MGIOL.DI gpio_key_row_in[0]
    0.177ns        sd_miso.PADDI to     sd_miso_MGIOL.DI sd_miso_c
    0.177ns             rx.PADDI to          rx_MGIOL.DI rx_c
    0.177ns pio_key_row[1].PADDI to _key_row[1]_MGIOL.DI gpio_key_row_in[1]
    0.177ns pio_key_row[2].PADDI to _key_row[2]_MGIOL.DI gpio_key_row_in[2]
    0.177ns pio_key_row[3].PADDI to _key_row[3]_MGIOL.DI gpio_key_row_in[3]
    0.127ns      gpio_miso.PADDI to   gpio_miso_MGIOL.DI gpio_miso_c
    1.049ns            res.PADDI to        SLICE_483.LSR res_c

--------------------------------------------------------------------------------


Timing summary (Hold):
---------------

Timing errors: 0  Score: 0
Cumulative negative slack: 0

Constraints cover 4399355 paths, 1 nets, and 5532 connections (99.86% coverage)



Timing summary (Setup and Hold):
---------------

Timing errors: 0 (setup), 0 (hold)
Score: 0 (setup), 0 (hold)
Cumulative negative slack: 0 (0+0)
--------------------------------------------------------------------------------

--------------------------------------------------------------------------------

