
Loading design for application trce from file cp36c_impl1.ncd.
Design name: uj11_hc1200_microcomp
NCD version: 3.3
Vendor:      LATTICE
Device:      LCMXO2-1200HC
Package:     QFN32
Performance: 4
Loading device for application trce from file 'xo2c1200.nph' in environment: /home/sash/.local/lscc/diamond/3.14/ispfpga.
Package Status:                     Final          Version 1.44.
Performance Hardware Data Status:   Final          Version 36.4.
Setup and Hold Report

--------------------------------------------------------------------------------
Lattice TRACE Report - Setup, Version Diamond (64-bit) 3.14.0.75.2
Thu Sep 10 13:22:24 2026

Copyright (c) 1991-1994 by NeoCAD Inc. All rights reserved.
Copyright (c) 1995 AT&T Corp.   All rights reserved.
Copyright (c) 1995-2001 Lucent Technologies Inc.  All rights reserved.
Copyright (c) 2001 Agere Systems   All rights reserved.
Copyright (c) 2002-2024 Lattice Semiconductor Corporation,  All rights reserved.

Report Information
------------------
Command line:    trce -v 10 -c -u 0 -gt -sethld -sp 4 -sphld m -o cp36c_impl1.twr cp36c_impl1.ncd cp36c_impl1.prf 
Design file:     cp36c_impl1.ncd
Preference file: cp36c_impl1.prf
Device,speed:    LCMXO2-1200HC,4
Report level:    verbose report, limited to 10 items per preference
--------------------------------------------------------------------------------

BLOCK ASYNCPATHS
BLOCK RESETPATHS
--------------------------------------------------------------------------------



================================================================================
Preference: FREQUENCY NET "clk" 29.560000 MHz ;
            4096 items scored, 0 timing errors detected.
--------------------------------------------------------------------------------


Passed: The following path meets requirements by 1.888ns

 Logical Details:  Cell type  Pin type       Cell/ASIC name  (clock net +/-)

   Source:         DP8KC      Port           system/cpu/engine/rom/lane_3(ASIC)  (from clk +)
   Destination:    FF         Data in        system/cpu/engine/seq/link[9]  (to clk +)

   Delay:              31.486ns  (44.1% logic, 55.9% route), 19 logic levels.

 Constraint Details:

     31.486ns physical path delay system/cpu/engine/rom/lane_3 to system/cpu/engine/seq/SLICE_15 meets
     33.829ns delay constraint less
      0.173ns skew and
      0.282ns CE_SET requirement (totaling 33.374ns) by 1.888ns

 Physical Path Details:

      Data path system/cpu/engine/rom/lane_3 to system/cpu/engine/seq/SLICE_15:

   Name    Fanout   Delay (ns)          Site               Resource
C2Q_DEL     ---     4.979 EBR_R6C10.CLKA to EBR_R6C10.DOA4 system/cpu/engine/rom/lane_3 (from clk)
ROUTE        24     1.324 EBR_R6C10.DOA4 to      R5C13A.C1 system/cpu/engine/uword[31]
CTOF_DEL    ---     0.495      R5C13A.C1 to      R5C13A.F1 system/cpu/engine/SLICE_639
ROUTE         4     0.773      R5C13A.F1 to      R5C11D.C1 system/cpu/engine/reading_1
CTOF_DEL    ---     0.495      R5C11D.C1 to      R5C11D.F1 system/cpu/engine/SLICE_585
ROUTE         6     1.323      R5C11D.F1 to      R5C13C.A1 system/cpu/engine/reading
CTOF_DEL    ---     0.495      R5C13C.A1 to      R5C13C.F1 system/cpu/engine/SLICE_329
ROUTE         7     0.332      R5C13C.F1 to      R5C13B.D1 system/cpu/engine/memory_op
CTOF_DEL    ---     0.495      R5C13B.D1 to      R5C13B.F1 system/cpu/engine/SLICE_506
ROUTE         5     0.987      R5C13B.F1 to      R5C12D.A1 system/cpu/engine/un1_memory_op_1
CTOF_DEL    ---     0.495      R5C12D.A1 to      R5C12D.F1 system/SLICE_386
ROUTE         5     1.096      R5C12D.F1 to      R4C10C.D1 system/request
CTOF_DEL    ---     0.495      R4C10C.D1 to      R4C10C.F1 system/SLICE_439
ROUTE         5     0.975      R4C10C.F1 to      R4C13C.D1 system/writing_0
CTOF_DEL    ---     0.495      R4C13C.D1 to      R4C13C.F1 system/bus/SLICE_307
ROUTE         7     0.667      R4C13C.F1 to      R4C12D.D1 system/bus/service_dma_selected_2_fc_0
CTOF_DEL    ---     0.495      R4C12D.D1 to      R4C12D.F1 system/bus/SLICE_340
ROUTE        10     1.020      R4C12D.F1 to      R4C10C.D0 system/bus/cpu_io_page
CTOF_DEL    ---     0.495      R4C10C.D0 to      R4C10C.F0 system/SLICE_439
ROUTE         1     0.967      R4C10C.F0 to      R4C10D.A1 system/bus/un1_rk_cs1_selected_fc_0
CTOF_DEL    ---     0.495      R4C10D.A1 to      R4C10D.F1 system/bus/SLICE_294
ROUTE         3     0.643      R4C10D.F1 to      R4C10B.D1 system/bus/un6_acknowledge_fc_0
CTOF_DEL    ---     0.495      R4C10B.D1 to      R4C10B.F1 system/bus/SLICE_459
ROUTE         2     1.166      R4C10B.F1 to      R3C13A.D0 system/raw_ack_fc_0
CTOF_DEL    ---     0.495      R3C13A.D0 to      R3C13A.F0 system/SLICE_247
ROUTE         2     0.635      R3C13A.F0 to      R3C13A.D1 system/acknowledge
CTOF_DEL    ---     0.495      R3C13A.D1 to      R3C13A.F1 system/SLICE_247
ROUTE         1     0.958      R3C13A.F1 to      R5C13B.D0 system/cpu/engine/effective_ack
CTOF_DEL    ---     0.495      R5C13B.D0 to      R5C13B.F0 system/cpu/engine/SLICE_506
ROUTE         1     1.385      R5C13B.F0 to      R3C11C.D1 system/cpu/engine/complete
CTOF_DEL    ---     0.495      R3C11C.D1 to      R3C11C.F1 system/cpu/engine/SLICE_509
ROUTE         9     0.662      R3C11C.F1 to      R3C10D.D0 system/cpu/engine/step
CTOF_DEL    ---     0.495      R3C10D.D0 to      R3C10D.F0 system/cpu/engine/SLICE_619
ROUTE         2     0.635      R3C10D.F0 to      R3C10A.D1 system/cpu/engine/un1_step
CTOF_DEL    ---     0.495      R3C10A.D1 to      R3C10A.F1 system/cpu/engine/SLICE_469
ROUTE         2     0.635      R3C10A.F1 to      R3C10A.D0 system/cpu/engine/advance
CTOF_DEL    ---     0.495      R3C10A.D0 to      R3C10A.F0 system/cpu/engine/SLICE_469
ROUTE         6     1.414      R3C10A.F0 to      R2C11B.CE system/cpu/engine/seq/un1_upc6_1_i (to clk)
                  --------
                   31.486   (44.1% logic, 55.9% route), 19 logic levels.

 Clock Skew Details: 

      Source Clock Path oscillator to system/cpu/engine/rom/lane_3:

   Name    Fanout   Delay (ns)          Site               Resource
ROUTE       245     3.714        OSC.OSC to EBR_R6C10.CLKA clk
                  --------
                    3.714   (0.0% logic, 100.0% route), 0 logic levels.

      Destination Clock Path oscillator to system/cpu/engine/seq/SLICE_15:

   Name    Fanout   Delay (ns)          Site               Resource
ROUTE       245     3.541        OSC.OSC to     R2C11B.CLK clk
                  --------
                    3.541   (0.0% logic, 100.0% route), 0 logic levels.


Passed: The following path meets requirements by 1.888ns

 Logical Details:  Cell type  Pin type       Cell/ASIC name  (clock net +/-)

   Source:         DP8KC      Port           system/cpu/engine/rom/lane_3(ASIC)  (from clk +)
   Destination:    FF         Data in        system/cpu/engine/seq/link[8]  (to clk +)
                   FF                        system/cpu/engine/seq/link[7]

   Delay:              31.486ns  (44.1% logic, 55.9% route), 19 logic levels.

 Constraint Details:

     31.486ns physical path delay system/cpu/engine/rom/lane_3 to system/cpu/engine/seq/SLICE_16 meets
     33.829ns delay constraint less
      0.173ns skew and
      0.282ns CE_SET requirement (totaling 33.374ns) by 1.888ns

 Physical Path Details:

      Data path system/cpu/engine/rom/lane_3 to system/cpu/engine/seq/SLICE_16:

   Name    Fanout   Delay (ns)          Site               Resource
C2Q_DEL     ---     4.979 EBR_R6C10.CLKA to EBR_R6C10.DOA4 system/cpu/engine/rom/lane_3 (from clk)
ROUTE        24     1.324 EBR_R6C10.DOA4 to      R5C13A.C1 system/cpu/engine/uword[31]
CTOF_DEL    ---     0.495      R5C13A.C1 to      R5C13A.F1 system/cpu/engine/SLICE_639
ROUTE         4     0.773      R5C13A.F1 to      R5C11D.C1 system/cpu/engine/reading_1
CTOF_DEL    ---     0.495      R5C11D.C1 to      R5C11D.F1 system/cpu/engine/SLICE_585
ROUTE         6     1.323      R5C11D.F1 to      R5C13C.A1 system/cpu/engine/reading
CTOF_DEL    ---     0.495      R5C13C.A1 to      R5C13C.F1 system/cpu/engine/SLICE_329
ROUTE         7     0.332      R5C13C.F1 to      R5C13B.D1 system/cpu/engine/memory_op
CTOF_DEL    ---     0.495      R5C13B.D1 to      R5C13B.F1 system/cpu/engine/SLICE_506
ROUTE         5     0.987      R5C13B.F1 to      R5C12D.A1 system/cpu/engine/un1_memory_op_1
CTOF_DEL    ---     0.495      R5C12D.A1 to      R5C12D.F1 system/SLICE_386
ROUTE         5     1.096      R5C12D.F1 to      R4C10C.D1 system/request
CTOF_DEL    ---     0.495      R4C10C.D1 to      R4C10C.F1 system/SLICE_439
ROUTE         5     0.975      R4C10C.F1 to      R4C13C.D1 system/writing_0
CTOF_DEL    ---     0.495      R4C13C.D1 to      R4C13C.F1 system/bus/SLICE_307
ROUTE         7     0.667      R4C13C.F1 to      R4C12D.D1 system/bus/service_dma_selected_2_fc_0
CTOF_DEL    ---     0.495      R4C12D.D1 to      R4C12D.F1 system/bus/SLICE_340
ROUTE        10     1.020      R4C12D.F1 to      R4C10C.D0 system/bus/cpu_io_page
CTOF_DEL    ---     0.495      R4C10C.D0 to      R4C10C.F0 system/SLICE_439
ROUTE         1     0.967      R4C10C.F0 to      R4C10D.A1 system/bus/un1_rk_cs1_selected_fc_0
CTOF_DEL    ---     0.495      R4C10D.A1 to      R4C10D.F1 system/bus/SLICE_294
ROUTE         3     0.643      R4C10D.F1 to      R4C10B.D1 system/bus/un6_acknowledge_fc_0
CTOF_DEL    ---     0.495      R4C10B.D1 to      R4C10B.F1 system/bus/SLICE_459
ROUTE         2     1.166      R4C10B.F1 to      R3C13A.D0 system/raw_ack_fc_0
CTOF_DEL    ---     0.495      R3C13A.D0 to      R3C13A.F0 system/SLICE_247
ROUTE         2     0.635      R3C13A.F0 to      R3C13A.D1 system/acknowledge
CTOF_DEL    ---     0.495      R3C13A.D1 to      R3C13A.F1 system/SLICE_247
ROUTE         1     0.958      R3C13A.F1 to      R5C13B.D0 system/cpu/engine/effective_ack
CTOF_DEL    ---     0.495      R5C13B.D0 to      R5C13B.F0 system/cpu/engine/SLICE_506
ROUTE         1     1.385      R5C13B.F0 to      R3C11C.D1 system/cpu/engine/complete
CTOF_DEL    ---     0.495      R3C11C.D1 to      R3C11C.F1 system/cpu/engine/SLICE_509
ROUTE         9     0.662      R3C11C.F1 to      R3C10D.D0 system/cpu/engine/step
CTOF_DEL    ---     0.495      R3C10D.D0 to      R3C10D.F0 system/cpu/engine/SLICE_619
ROUTE         2     0.635      R3C10D.F0 to      R3C10A.D1 system/cpu/engine/un1_step
CTOF_DEL    ---     0.495      R3C10A.D1 to      R3C10A.F1 system/cpu/engine/SLICE_469
ROUTE         2     0.635      R3C10A.F1 to      R3C10A.D0 system/cpu/engine/advance
CTOF_DEL    ---     0.495      R3C10A.D0 to      R3C10A.F0 system/cpu/engine/SLICE_469
ROUTE         6     1.414      R3C10A.F0 to      R2C11A.CE system/cpu/engine/seq/un1_upc6_1_i (to clk)
                  --------
                   31.486   (44.1% logic, 55.9% route), 19 logic levels.

 Clock Skew Details: 

      Source Clock Path oscillator to system/cpu/engine/rom/lane_3:

   Name    Fanout   Delay (ns)          Site               Resource
ROUTE       245     3.714        OSC.OSC to EBR_R6C10.CLKA clk
                  --------
                    3.714   (0.0% logic, 100.0% route), 0 logic levels.

      Destination Clock Path oscillator to system/cpu/engine/seq/SLICE_16:

   Name    Fanout   Delay (ns)          Site               Resource
ROUTE       245     3.541        OSC.OSC to     R2C11A.CLK clk
                  --------
                    3.541   (0.0% logic, 100.0% route), 0 logic levels.


Passed: The following path meets requirements by 1.902ns

 Logical Details:  Cell type  Pin type       Cell/ASIC name  (clock net +/-)

   Source:         DP8KC      Port           system/cpu/engine/rom/lane_3(ASIC)  (from clk +)
   Destination:    FF         Data in        system/cpu/engine/seq/link[9]  (to clk +)

   Delay:              31.472ns  (44.1% logic, 55.9% route), 19 logic levels.

 Constraint Details:

     31.472ns physical path delay system/cpu/engine/rom/lane_3 to system/cpu/engine/seq/SLICE_15 meets
     33.829ns delay constraint less
      0.173ns skew and
      0.282ns CE_SET requirement (totaling 33.374ns) by 1.902ns

 Physical Path Details:

      Data path system/cpu/engine/rom/lane_3 to system/cpu/engine/seq/SLICE_15:

   Name    Fanout   Delay (ns)          Site               Resource
C2Q_DEL     ---     4.979 EBR_R6C10.CLKA to EBR_R6C10.DOA5 system/cpu/engine/rom/lane_3 (from clk)
ROUTE        27     1.310 EBR_R6C10.DOA5 to      R5C13A.D1 system/cpu/engine/uword[32]
CTOF_DEL    ---     0.495      R5C13A.D1 to      R5C13A.F1 system/cpu/engine/SLICE_639
ROUTE         4     0.773      R5C13A.F1 to      R5C11D.C1 system/cpu/engine/reading_1
CTOF_DEL    ---     0.495      R5C11D.C1 to      R5C11D.F1 system/cpu/engine/SLICE_585
ROUTE         6     1.323      R5C11D.F1 to      R5C13C.A1 system/cpu/engine/reading
CTOF_DEL    ---     0.495      R5C13C.A1 to      R5C13C.F1 system/cpu/engine/SLICE_329
ROUTE         7     0.332      R5C13C.F1 to      R5C13B.D1 system/cpu/engine/memory_op
CTOF_DEL    ---     0.495      R5C13B.D1 to      R5C13B.F1 system/cpu/engine/SLICE_506
ROUTE         5     0.987      R5C13B.F1 to      R5C12D.A1 system/cpu/engine/un1_memory_op_1
CTOF_DEL    ---     0.495      R5C12D.A1 to      R5C12D.F1 system/SLICE_386
ROUTE         5     1.096      R5C12D.F1 to      R4C10C.D1 system/request
CTOF_DEL    ---     0.495      R4C10C.D1 to      R4C10C.F1 system/SLICE_439
ROUTE         5     0.975      R4C10C.F1 to      R4C13C.D1 system/writing_0
CTOF_DEL    ---     0.495      R4C13C.D1 to      R4C13C.F1 system/bus/SLICE_307
ROUTE         7     0.667      R4C13C.F1 to      R4C12D.D1 system/bus/service_dma_selected_2_fc_0
CTOF_DEL    ---     0.495      R4C12D.D1 to      R4C12D.F1 system/bus/SLICE_340
ROUTE        10     1.020      R4C12D.F1 to      R4C10C.D0 system/bus/cpu_io_page
CTOF_DEL    ---     0.495      R4C10C.D0 to      R4C10C.F0 system/SLICE_439
ROUTE         1     0.967      R4C10C.F0 to      R4C10D.A1 system/bus/un1_rk_cs1_selected_fc_0
CTOF_DEL    ---     0.495      R4C10D.A1 to      R4C10D.F1 system/bus/SLICE_294
ROUTE         3     0.643      R4C10D.F1 to      R4C10B.D1 system/bus/un6_acknowledge_fc_0
CTOF_DEL    ---     0.495      R4C10B.D1 to      R4C10B.F1 system/bus/SLICE_459
ROUTE         2     1.166      R4C10B.F1 to      R3C13A.D0 system/raw_ack_fc_0
CTOF_DEL    ---     0.495      R3C13A.D0 to      R3C13A.F0 system/SLICE_247
ROUTE         2     0.635      R3C13A.F0 to      R3C13A.D1 system/acknowledge
CTOF_DEL    ---     0.495      R3C13A.D1 to      R3C13A.F1 system/SLICE_247
ROUTE         1     0.958      R3C13A.F1 to      R5C13B.D0 system/cpu/engine/effective_ack
CTOF_DEL    ---     0.495      R5C13B.D0 to      R5C13B.F0 system/cpu/engine/SLICE_506
ROUTE         1     1.385      R5C13B.F0 to      R3C11C.D1 system/cpu/engine/complete
CTOF_DEL    ---     0.495      R3C11C.D1 to      R3C11C.F1 system/cpu/engine/SLICE_509
ROUTE         9     0.662      R3C11C.F1 to      R3C10D.D0 system/cpu/engine/step
CTOF_DEL    ---     0.495      R3C10D.D0 to      R3C10D.F0 system/cpu/engine/SLICE_619
ROUTE         2     0.635      R3C10D.F0 to      R3C10A.D1 system/cpu/engine/un1_step
CTOF_DEL    ---     0.495      R3C10A.D1 to      R3C10A.F1 system/cpu/engine/SLICE_469
ROUTE         2     0.635      R3C10A.F1 to      R3C10A.D0 system/cpu/engine/advance
CTOF_DEL    ---     0.495      R3C10A.D0 to      R3C10A.F0 system/cpu/engine/SLICE_469
ROUTE         6     1.414      R3C10A.F0 to      R2C11B.CE system/cpu/engine/seq/un1_upc6_1_i (to clk)
                  --------
                   31.472   (44.1% logic, 55.9% route), 19 logic levels.

 Clock Skew Details: 

      Source Clock Path oscillator to system/cpu/engine/rom/lane_3:

   Name    Fanout   Delay (ns)          Site               Resource
ROUTE       245     3.714        OSC.OSC to EBR_R6C10.CLKA clk
                  --------
                    3.714   (0.0% logic, 100.0% route), 0 logic levels.

      Destination Clock Path oscillator to system/cpu/engine/seq/SLICE_15:

   Name    Fanout   Delay (ns)          Site               Resource
ROUTE       245     3.541        OSC.OSC to     R2C11B.CLK clk
                  --------
                    3.541   (0.0% logic, 100.0% route), 0 logic levels.


Passed: The following path meets requirements by 1.902ns

 Logical Details:  Cell type  Pin type       Cell/ASIC name  (clock net +/-)

   Source:         DP8KC      Port           system/cpu/engine/rom/lane_3(ASIC)  (from clk +)
   Destination:    FF         Data in        system/cpu/engine/seq/link[8]  (to clk +)
                   FF                        system/cpu/engine/seq/link[7]

   Delay:              31.472ns  (44.1% logic, 55.9% route), 19 logic levels.

 Constraint Details:

     31.472ns physical path delay system/cpu/engine/rom/lane_3 to system/cpu/engine/seq/SLICE_16 meets
     33.829ns delay constraint less
      0.173ns skew and
      0.282ns CE_SET requirement (totaling 33.374ns) by 1.902ns

 Physical Path Details:

      Data path system/cpu/engine/rom/lane_3 to system/cpu/engine/seq/SLICE_16:

   Name    Fanout   Delay (ns)          Site               Resource
C2Q_DEL     ---     4.979 EBR_R6C10.CLKA to EBR_R6C10.DOA5 system/cpu/engine/rom/lane_3 (from clk)
ROUTE        27     1.310 EBR_R6C10.DOA5 to      R5C13A.D1 system/cpu/engine/uword[32]
CTOF_DEL    ---     0.495      R5C13A.D1 to      R5C13A.F1 system/cpu/engine/SLICE_639
ROUTE         4     0.773      R5C13A.F1 to      R5C11D.C1 system/cpu/engine/reading_1
CTOF_DEL    ---     0.495      R5C11D.C1 to      R5C11D.F1 system/cpu/engine/SLICE_585
ROUTE         6     1.323      R5C11D.F1 to      R5C13C.A1 system/cpu/engine/reading
CTOF_DEL    ---     0.495      R5C13C.A1 to      R5C13C.F1 system/cpu/engine/SLICE_329
ROUTE         7     0.332      R5C13C.F1 to      R5C13B.D1 system/cpu/engine/memory_op
CTOF_DEL    ---     0.495      R5C13B.D1 to      R5C13B.F1 system/cpu/engine/SLICE_506
ROUTE         5     0.987      R5C13B.F1 to      R5C12D.A1 system/cpu/engine/un1_memory_op_1
CTOF_DEL    ---     0.495      R5C12D.A1 to      R5C12D.F1 system/SLICE_386
ROUTE         5     1.096      R5C12D.F1 to      R4C10C.D1 system/request
CTOF_DEL    ---     0.495      R4C10C.D1 to      R4C10C.F1 system/SLICE_439
ROUTE         5     0.975      R4C10C.F1 to      R4C13C.D1 system/writing_0
CTOF_DEL    ---     0.495      R4C13C.D1 to      R4C13C.F1 system/bus/SLICE_307
ROUTE         7     0.667      R4C13C.F1 to      R4C12D.D1 system/bus/service_dma_selected_2_fc_0
CTOF_DEL    ---     0.495      R4C12D.D1 to      R4C12D.F1 system/bus/SLICE_340
ROUTE        10     1.020      R4C12D.F1 to      R4C10C.D0 system/bus/cpu_io_page
CTOF_DEL    ---     0.495      R4C10C.D0 to      R4C10C.F0 system/SLICE_439
ROUTE         1     0.967      R4C10C.F0 to      R4C10D.A1 system/bus/un1_rk_cs1_selected_fc_0
CTOF_DEL    ---     0.495      R4C10D.A1 to      R4C10D.F1 system/bus/SLICE_294
ROUTE         3     0.643      R4C10D.F1 to      R4C10B.D1 system/bus/un6_acknowledge_fc_0
CTOF_DEL    ---     0.495      R4C10B.D1 to      R4C10B.F1 system/bus/SLICE_459
ROUTE         2     1.166      R4C10B.F1 to      R3C13A.D0 system/raw_ack_fc_0
CTOF_DEL    ---     0.495      R3C13A.D0 to      R3C13A.F0 system/SLICE_247
ROUTE         2     0.635      R3C13A.F0 to      R3C13A.D1 system/acknowledge
CTOF_DEL    ---     0.495      R3C13A.D1 to      R3C13A.F1 system/SLICE_247
ROUTE         1     0.958      R3C13A.F1 to      R5C13B.D0 system/cpu/engine/effective_ack
CTOF_DEL    ---     0.495      R5C13B.D0 to      R5C13B.F0 system/cpu/engine/SLICE_506
ROUTE         1     1.385      R5C13B.F0 to      R3C11C.D1 system/cpu/engine/complete
CTOF_DEL    ---     0.495      R3C11C.D1 to      R3C11C.F1 system/cpu/engine/SLICE_509
ROUTE         9     0.662      R3C11C.F1 to      R3C10D.D0 system/cpu/engine/step
CTOF_DEL    ---     0.495      R3C10D.D0 to      R3C10D.F0 system/cpu/engine/SLICE_619
ROUTE         2     0.635      R3C10D.F0 to      R3C10A.D1 system/cpu/engine/un1_step
CTOF_DEL    ---     0.495      R3C10A.D1 to      R3C10A.F1 system/cpu/engine/SLICE_469
ROUTE         2     0.635      R3C10A.F1 to      R3C10A.D0 system/cpu/engine/advance
CTOF_DEL    ---     0.495      R3C10A.D0 to      R3C10A.F0 system/cpu/engine/SLICE_469
ROUTE         6     1.414      R3C10A.F0 to      R2C11A.CE system/cpu/engine/seq/un1_upc6_1_i (to clk)
                  --------
                   31.472   (44.1% logic, 55.9% route), 19 logic levels.

 Clock Skew Details: 

      Source Clock Path oscillator to system/cpu/engine/rom/lane_3:

   Name    Fanout   Delay (ns)          Site               Resource
ROUTE       245     3.714        OSC.OSC to EBR_R6C10.CLKA clk
                  --------
                    3.714   (0.0% logic, 100.0% route), 0 logic levels.

      Destination Clock Path oscillator to system/cpu/engine/seq/SLICE_16:

   Name    Fanout   Delay (ns)          Site               Resource
ROUTE       245     3.541        OSC.OSC to     R2C11A.CLK clk
                  --------
                    3.541   (0.0% logic, 100.0% route), 0 logic levels.


Passed: The following path meets requirements by 1.903ns

 Logical Details:  Cell type  Pin type       Cell/ASIC name  (clock net +/-)

   Source:         DP8KC      Port           system/cpu/engine/rom/lane_3(ASIC)  (from clk +)
   Destination:    FF         Data in        system/cpu/engine/seq/link[0]  (to clk +)

   Delay:              31.471ns  (44.1% logic, 55.9% route), 19 logic levels.

 Constraint Details:

     31.471ns physical path delay system/cpu/engine/rom/lane_3 to system/cpu/engine/SLICE_236 meets
     33.829ns delay constraint less
      0.173ns skew and
      0.282ns CE_SET requirement (totaling 33.374ns) by 1.903ns

 Physical Path Details:

      Data path system/cpu/engine/rom/lane_3 to system/cpu/engine/SLICE_236:

   Name    Fanout   Delay (ns)          Site               Resource
C2Q_DEL     ---     4.979 EBR_R6C10.CLKA to EBR_R6C10.DOA4 system/cpu/engine/rom/lane_3 (from clk)
ROUTE        24     1.324 EBR_R6C10.DOA4 to      R5C13A.C1 system/cpu/engine/uword[31]
CTOF_DEL    ---     0.495      R5C13A.C1 to      R5C13A.F1 system/cpu/engine/SLICE_639
ROUTE         4     0.773      R5C13A.F1 to      R5C11D.C1 system/cpu/engine/reading_1
CTOF_DEL    ---     0.495      R5C11D.C1 to      R5C11D.F1 system/cpu/engine/SLICE_585
ROUTE         6     1.323      R5C11D.F1 to      R5C13C.A1 system/cpu/engine/reading
CTOF_DEL    ---     0.495      R5C13C.A1 to      R5C13C.F1 system/cpu/engine/SLICE_329
ROUTE         7     0.332      R5C13C.F1 to      R5C13B.D1 system/cpu/engine/memory_op
CTOF_DEL    ---     0.495      R5C13B.D1 to      R5C13B.F1 system/cpu/engine/SLICE_506
ROUTE         5     0.987      R5C13B.F1 to      R5C12D.A1 system/cpu/engine/un1_memory_op_1
CTOF_DEL    ---     0.495      R5C12D.A1 to      R5C12D.F1 system/SLICE_386
ROUTE         5     1.096      R5C12D.F1 to      R4C10C.D1 system/request
CTOF_DEL    ---     0.495      R4C10C.D1 to      R4C10C.F1 system/SLICE_439
ROUTE         5     0.975      R4C10C.F1 to      R4C13C.D1 system/writing_0
CTOF_DEL    ---     0.495      R4C13C.D1 to      R4C13C.F1 system/bus/SLICE_307
ROUTE         7     0.667      R4C13C.F1 to      R4C12D.D1 system/bus/service_dma_selected_2_fc_0
CTOF_DEL    ---     0.495      R4C12D.D1 to      R4C12D.F1 system/bus/SLICE_340
ROUTE        10     1.020      R4C12D.F1 to      R4C10C.D0 system/bus/cpu_io_page
CTOF_DEL    ---     0.495      R4C10C.D0 to      R4C10C.F0 system/SLICE_439
ROUTE         1     0.967      R4C10C.F0 to      R4C10D.A1 system/bus/un1_rk_cs1_selected_fc_0
CTOF_DEL    ---     0.495      R4C10D.A1 to      R4C10D.F1 system/bus/SLICE_294
ROUTE         3     0.643      R4C10D.F1 to      R4C10B.D1 system/bus/un6_acknowledge_fc_0
CTOF_DEL    ---     0.495      R4C10B.D1 to      R4C10B.F1 system/bus/SLICE_459
ROUTE         2     1.166      R4C10B.F1 to      R3C13A.D0 system/raw_ack_fc_0
CTOF_DEL    ---     0.495      R3C13A.D0 to      R3C13A.F0 system/SLICE_247
ROUTE         2     0.635      R3C13A.F0 to      R3C13A.D1 system/acknowledge
CTOF_DEL    ---     0.495      R3C13A.D1 to      R3C13A.F1 system/SLICE_247
ROUTE         1     0.958      R3C13A.F1 to      R5C13B.D0 system/cpu/engine/effective_ack
CTOF_DEL    ---     0.495      R5C13B.D0 to      R5C13B.F0 system/cpu/engine/SLICE_506
ROUTE         1     1.385      R5C13B.F0 to      R3C11C.D1 system/cpu/engine/complete
CTOF_DEL    ---     0.495      R3C11C.D1 to      R3C11C.F1 system/cpu/engine/SLICE_509
ROUTE         9     0.662      R3C11C.F1 to      R3C10D.D0 system/cpu/engine/step
CTOF_DEL    ---     0.495      R3C10D.D0 to      R3C10D.F0 system/cpu/engine/SLICE_619
ROUTE         2     0.635      R3C10D.F0 to      R3C10A.D1 system/cpu/engine/un1_step
CTOF_DEL    ---     0.495      R3C10A.D1 to      R3C10A.F1 system/cpu/engine/SLICE_469
ROUTE         2     0.635      R3C10A.F1 to      R3C10A.D0 system/cpu/engine/advance
CTOF_DEL    ---     0.495      R3C10A.D0 to      R3C10A.F0 system/cpu/engine/SLICE_469
ROUTE         6     1.399      R3C10A.F0 to       R4C9C.CE system/cpu/engine/seq/un1_upc6_1_i (to clk)
                  --------
                   31.471   (44.1% logic, 55.9% route), 19 logic levels.

 Clock Skew Details: 

      Source Clock Path oscillator to system/cpu/engine/rom/lane_3:

   Name    Fanout   Delay (ns)          Site               Resource
ROUTE       245     3.714        OSC.OSC to EBR_R6C10.CLKA clk
                  --------
                    3.714   (0.0% logic, 100.0% route), 0 logic levels.

      Destination Clock Path oscillator to system/cpu/engine/SLICE_236:

   Name    Fanout   Delay (ns)          Site               Resource
ROUTE       245     3.541        OSC.OSC to      R4C9C.CLK clk
                  --------
                    3.541   (0.0% logic, 100.0% route), 0 logic levels.


Passed: The following path meets requirements by 1.906ns

 Logical Details:  Cell type  Pin type       Cell/ASIC name  (clock net +/-)

   Source:         DP8KC      Port           system/cpu/engine/rom/lane_2(ASIC)  (from clk +)
   Destination:    FF         Data in        system/cpu/engine/seq/link[8]  (to clk +)
                   FF                        system/cpu/engine/seq/link[7]

   Delay:              31.468ns  (42.6% logic, 57.4% route), 18 logic levels.

 Constraint Details:

     31.468ns physical path delay system/cpu/engine/rom/lane_2 to system/cpu/engine/seq/SLICE_16 meets
     33.829ns delay constraint less
      0.173ns skew and
      0.282ns CE_SET requirement (totaling 33.374ns) by 1.906ns

 Physical Path Details:

      Data path system/cpu/engine/rom/lane_2 to system/cpu/engine/seq/SLICE_16:

   Name    Fanout   Delay (ns)          Site               Resource
C2Q_DEL     ---     4.979  EBR_R6C7.CLKA to  EBR_R6C7.DOA8 system/cpu/engine/rom/lane_2 (from clk)
ROUTE         4     1.610  EBR_R6C7.DOA8 to      R4C12C.D1 system/cpu/engine/a_select_2[0]
CTOF_DEL    ---     0.495      R4C12C.D1 to      R4C12C.F1 system/cpu/engine/SLICE_592
ROUTE         1     0.436      R4C12C.F1 to      R4C12C.C0 system/cpu/engine/un6_select_register[2]
CTOF_DEL    ---     0.495      R4C12C.C0 to      R4C12C.F0 system/cpu/engine/SLICE_592
ROUTE        18     1.633      R4C12C.F0 to      R2C12A.C0 system/cpu/engine/un9_d_axb2
CTOF_DEL    ---     0.495      R2C12A.C0 to      R2C12A.F0 system/SLICE_39
ROUTE        47     1.537      R2C12A.F0 to      R5C12D.B1 system/address[0]
CTOF_DEL    ---     0.495      R5C12D.B1 to      R5C12D.F1 system/SLICE_386
ROUTE         5     1.096      R5C12D.F1 to      R4C10C.D1 system/request
CTOF_DEL    ---     0.495      R4C10C.D1 to      R4C10C.F1 system/SLICE_439
ROUTE         5     0.975      R4C10C.F1 to      R4C13C.D1 system/writing_0
CTOF_DEL    ---     0.495      R4C13C.D1 to      R4C13C.F1 system/bus/SLICE_307
ROUTE         7     0.667      R4C13C.F1 to      R4C12D.D1 system/bus/service_dma_selected_2_fc_0
CTOF_DEL    ---     0.495      R4C12D.D1 to      R4C12D.F1 system/bus/SLICE_340
ROUTE        10     1.020      R4C12D.F1 to      R4C10C.D0 system/bus/cpu_io_page
CTOF_DEL    ---     0.495      R4C10C.D0 to      R4C10C.F0 system/SLICE_439
ROUTE         1     0.967      R4C10C.F0 to      R4C10D.A1 system/bus/un1_rk_cs1_selected_fc_0
CTOF_DEL    ---     0.495      R4C10D.A1 to      R4C10D.F1 system/bus/SLICE_294
ROUTE         3     0.643      R4C10D.F1 to      R4C10B.D1 system/bus/un6_acknowledge_fc_0
CTOF_DEL    ---     0.495      R4C10B.D1 to      R4C10B.F1 system/bus/SLICE_459
ROUTE         2     1.166      R4C10B.F1 to      R3C13A.D0 system/raw_ack_fc_0
CTOF_DEL    ---     0.495      R3C13A.D0 to      R3C13A.F0 system/SLICE_247
ROUTE         2     0.635      R3C13A.F0 to      R3C13A.D1 system/acknowledge
CTOF_DEL    ---     0.495      R3C13A.D1 to      R3C13A.F1 system/SLICE_247
ROUTE         1     0.958      R3C13A.F1 to      R5C13B.D0 system/cpu/engine/effective_ack
CTOF_DEL    ---     0.495      R5C13B.D0 to      R5C13B.F0 system/cpu/engine/SLICE_506
ROUTE         1     1.385      R5C13B.F0 to      R3C11C.D1 system/cpu/engine/complete
CTOF_DEL    ---     0.495      R3C11C.D1 to      R3C11C.F1 system/cpu/engine/SLICE_509
ROUTE         9     0.662      R3C11C.F1 to      R3C10D.D0 system/cpu/engine/step
CTOF_DEL    ---     0.495      R3C10D.D0 to      R3C10D.F0 system/cpu/engine/SLICE_619
ROUTE         2     0.635      R3C10D.F0 to      R3C10A.D1 system/cpu/engine/un1_step
CTOF_DEL    ---     0.495      R3C10A.D1 to      R3C10A.F1 system/cpu/engine/SLICE_469
ROUTE         2     0.635      R3C10A.F1 to      R3C10A.D0 system/cpu/engine/advance
CTOF_DEL    ---     0.495      R3C10A.D0 to      R3C10A.F0 system/cpu/engine/SLICE_469
ROUTE         6     1.414      R3C10A.F0 to      R2C11A.CE system/cpu/engine/seq/un1_upc6_1_i (to clk)
                  --------
                   31.468   (42.6% logic, 57.4% route), 18 logic levels.

 Clock Skew Details: 

      Source Clock Path oscillator to system/cpu/engine/rom/lane_2:

   Name    Fanout   Delay (ns)          Site               Resource
ROUTE       245     3.714        OSC.OSC to  EBR_R6C7.CLKA clk
                  --------
                    3.714   (0.0% logic, 100.0% route), 0 logic levels.

      Destination Clock Path oscillator to system/cpu/engine/seq/SLICE_16:

   Name    Fanout   Delay (ns)          Site               Resource
ROUTE       245     3.541        OSC.OSC to     R2C11A.CLK clk
                  --------
                    3.541   (0.0% logic, 100.0% route), 0 logic levels.


Passed: The following path meets requirements by 1.906ns

 Logical Details:  Cell type  Pin type       Cell/ASIC name  (clock net +/-)

   Source:         DP8KC      Port           system/cpu/engine/rom/lane_2(ASIC)  (from clk +)
   Destination:    FF         Data in        system/cpu/engine/seq/link[9]  (to clk +)

   Delay:              31.468ns  (42.6% logic, 57.4% route), 18 logic levels.

 Constraint Details:

     31.468ns physical path delay system/cpu/engine/rom/lane_2 to system/cpu/engine/seq/SLICE_15 meets
     33.829ns delay constraint less
      0.173ns skew and
      0.282ns CE_SET requirement (totaling 33.374ns) by 1.906ns

 Physical Path Details:

      Data path system/cpu/engine/rom/lane_2 to system/cpu/engine/seq/SLICE_15:

   Name    Fanout   Delay (ns)          Site               Resource
C2Q_DEL     ---     4.979  EBR_R6C7.CLKA to  EBR_R6C7.DOA8 system/cpu/engine/rom/lane_2 (from clk)
ROUTE         4     1.610  EBR_R6C7.DOA8 to      R4C12C.D1 system/cpu/engine/a_select_2[0]
CTOF_DEL    ---     0.495      R4C12C.D1 to      R4C12C.F1 system/cpu/engine/SLICE_592
ROUTE         1     0.436      R4C12C.F1 to      R4C12C.C0 system/cpu/engine/un6_select_register[2]
CTOF_DEL    ---     0.495      R4C12C.C0 to      R4C12C.F0 system/cpu/engine/SLICE_592
ROUTE        18     1.633      R4C12C.F0 to      R2C12A.C0 system/cpu/engine/un9_d_axb2
CTOF_DEL    ---     0.495      R2C12A.C0 to      R2C12A.F0 system/SLICE_39
ROUTE        47     1.537      R2C12A.F0 to      R5C12D.B1 system/address[0]
CTOF_DEL    ---     0.495      R5C12D.B1 to      R5C12D.F1 system/SLICE_386
ROUTE         5     1.096      R5C12D.F1 to      R4C10C.D1 system/request
CTOF_DEL    ---     0.495      R4C10C.D1 to      R4C10C.F1 system/SLICE_439
ROUTE         5     0.975      R4C10C.F1 to      R4C13C.D1 system/writing_0
CTOF_DEL    ---     0.495      R4C13C.D1 to      R4C13C.F1 system/bus/SLICE_307
ROUTE         7     0.667      R4C13C.F1 to      R4C12D.D1 system/bus/service_dma_selected_2_fc_0
CTOF_DEL    ---     0.495      R4C12D.D1 to      R4C12D.F1 system/bus/SLICE_340
ROUTE        10     1.020      R4C12D.F1 to      R4C10C.D0 system/bus/cpu_io_page
CTOF_DEL    ---     0.495      R4C10C.D0 to      R4C10C.F0 system/SLICE_439
ROUTE         1     0.967      R4C10C.F0 to      R4C10D.A1 system/bus/un1_rk_cs1_selected_fc_0
CTOF_DEL    ---     0.495      R4C10D.A1 to      R4C10D.F1 system/bus/SLICE_294
ROUTE         3     0.643      R4C10D.F1 to      R4C10B.D1 system/bus/un6_acknowledge_fc_0
CTOF_DEL    ---     0.495      R4C10B.D1 to      R4C10B.F1 system/bus/SLICE_459
ROUTE         2     1.166      R4C10B.F1 to      R3C13A.D0 system/raw_ack_fc_0
CTOF_DEL    ---     0.495      R3C13A.D0 to      R3C13A.F0 system/SLICE_247
ROUTE         2     0.635      R3C13A.F0 to      R3C13A.D1 system/acknowledge
CTOF_DEL    ---     0.495      R3C13A.D1 to      R3C13A.F1 system/SLICE_247
ROUTE         1     0.958      R3C13A.F1 to      R5C13B.D0 system/cpu/engine/effective_ack
CTOF_DEL    ---     0.495      R5C13B.D0 to      R5C13B.F0 system/cpu/engine/SLICE_506
ROUTE         1     1.385      R5C13B.F0 to      R3C11C.D1 system/cpu/engine/complete
CTOF_DEL    ---     0.495      R3C11C.D1 to      R3C11C.F1 system/cpu/engine/SLICE_509
ROUTE         9     0.662      R3C11C.F1 to      R3C10D.D0 system/cpu/engine/step
CTOF_DEL    ---     0.495      R3C10D.D0 to      R3C10D.F0 system/cpu/engine/SLICE_619
ROUTE         2     0.635      R3C10D.F0 to      R3C10A.D1 system/cpu/engine/un1_step
CTOF_DEL    ---     0.495      R3C10A.D1 to      R3C10A.F1 system/cpu/engine/SLICE_469
ROUTE         2     0.635      R3C10A.F1 to      R3C10A.D0 system/cpu/engine/advance
CTOF_DEL    ---     0.495      R3C10A.D0 to      R3C10A.F0 system/cpu/engine/SLICE_469
ROUTE         6     1.414      R3C10A.F0 to      R2C11B.CE system/cpu/engine/seq/un1_upc6_1_i (to clk)
                  --------
                   31.468   (42.6% logic, 57.4% route), 18 logic levels.

 Clock Skew Details: 

      Source Clock Path oscillator to system/cpu/engine/rom/lane_2:

   Name    Fanout   Delay (ns)          Site               Resource
ROUTE       245     3.714        OSC.OSC to  EBR_R6C7.CLKA clk
                  --------
                    3.714   (0.0% logic, 100.0% route), 0 logic levels.

      Destination Clock Path oscillator to system/cpu/engine/seq/SLICE_15:

   Name    Fanout   Delay (ns)          Site               Resource
ROUTE       245     3.541        OSC.OSC to     R2C11B.CLK clk
                  --------
                    3.541   (0.0% logic, 100.0% route), 0 logic levels.


Passed: The following path meets requirements by 1.913ns

 Logical Details:  Cell type  Pin type       Cell/ASIC name  (clock net +/-)

   Source:         DP8KC      Port           system/cpu/engine/rom/lane_3(ASIC)  (from clk +)
   Destination:    FF         Data in        system/cpu/engine/dp/q[11]  (to clk +)

   Delay:              31.461ns  (41.0% logic, 59.0% route), 17 logic levels.

 Constraint Details:

     31.461ns physical path delay system/cpu/engine/rom/lane_3 to system/cpu/engine/dp/SLICE_192 meets
     33.829ns delay constraint less
      0.173ns skew and
      0.282ns CE_SET requirement (totaling 33.374ns) by 1.913ns

 Physical Path Details:

      Data path system/cpu/engine/rom/lane_3 to system/cpu/engine/dp/SLICE_192:

   Name    Fanout   Delay (ns)          Site               Resource
C2Q_DEL     ---     4.979 EBR_R6C10.CLKA to EBR_R6C10.DOA4 system/cpu/engine/rom/lane_3 (from clk)
ROUTE        24     1.324 EBR_R6C10.DOA4 to      R5C13A.C1 system/cpu/engine/uword[31]
CTOF_DEL    ---     0.495      R5C13A.C1 to      R5C13A.F1 system/cpu/engine/SLICE_639
ROUTE         4     0.773      R5C13A.F1 to      R5C11D.C1 system/cpu/engine/reading_1
CTOF_DEL    ---     0.495      R5C11D.C1 to      R5C11D.F1 system/cpu/engine/SLICE_585
ROUTE         6     1.323      R5C11D.F1 to      R5C13C.A1 system/cpu/engine/reading
CTOF_DEL    ---     0.495      R5C13C.A1 to      R5C13C.F1 system/cpu/engine/SLICE_329
ROUTE         7     0.332      R5C13C.F1 to      R5C13B.D1 system/cpu/engine/memory_op
CTOF_DEL    ---     0.495      R5C13B.D1 to      R5C13B.F1 system/cpu/engine/SLICE_506
ROUTE         5     0.987      R5C13B.F1 to      R5C12D.A1 system/cpu/engine/un1_memory_op_1
CTOF_DEL    ---     0.495      R5C12D.A1 to      R5C12D.F1 system/SLICE_386
ROUTE         5     1.096      R5C12D.F1 to      R4C10C.D1 system/request
CTOF_DEL    ---     0.495      R4C10C.D1 to      R4C10C.F1 system/SLICE_439
ROUTE         5     0.975      R4C10C.F1 to      R4C13C.D1 system/writing_0
CTOF_DEL    ---     0.495      R4C13C.D1 to      R4C13C.F1 system/bus/SLICE_307
ROUTE         7     0.667      R4C13C.F1 to      R4C12D.D1 system/bus/service_dma_selected_2_fc_0
CTOF_DEL    ---     0.495      R4C12D.D1 to      R4C12D.F1 system/bus/SLICE_340
ROUTE        10     1.020      R4C12D.F1 to      R4C10C.D0 system/bus/cpu_io_page
CTOF_DEL    ---     0.495      R4C10C.D0 to      R4C10C.F0 system/SLICE_439
ROUTE         1     0.967      R4C10C.F0 to      R4C10D.A1 system/bus/un1_rk_cs1_selected_fc_0
CTOF_DEL    ---     0.495      R4C10D.A1 to      R4C10D.F1 system/bus/SLICE_294
ROUTE         3     0.643      R4C10D.F1 to      R4C10B.D1 system/bus/un6_acknowledge_fc_0
CTOF_DEL    ---     0.495      R4C10B.D1 to      R4C10B.F1 system/bus/SLICE_459
ROUTE         2     1.166      R4C10B.F1 to      R3C13A.D0 system/raw_ack_fc_0
CTOF_DEL    ---     0.495      R3C13A.D0 to      R3C13A.F0 system/SLICE_247
ROUTE         2     0.635      R3C13A.F0 to      R3C13A.D1 system/acknowledge
CTOF_DEL    ---     0.495      R3C13A.D1 to      R3C13A.F1 system/SLICE_247
ROUTE         1     0.958      R3C13A.F1 to      R5C13B.D0 system/cpu/engine/effective_ack
CTOF_DEL    ---     0.495      R5C13B.D0 to      R5C13B.F0 system/cpu/engine/SLICE_506
ROUTE         1     1.385      R5C13B.F0 to      R3C11C.D1 system/cpu/engine/complete
CTOF_DEL    ---     0.495      R3C11C.D1 to      R3C11C.F1 system/cpu/engine/SLICE_509
ROUTE         9     1.501      R3C11C.F1 to      R7C12B.D0 system/cpu/engine/step
CTOF_DEL    ---     0.495      R7C12B.D0 to      R7C12B.F0 system/cpu/engine/dp/SLICE_642
ROUTE        16     2.810      R7C12B.F0 to       R9C3B.CE system/cpu/engine/dp/un1_q20_i (to clk)
                  --------
                   31.461   (41.0% logic, 59.0% route), 17 logic levels.

 Clock Skew Details: 

      Source Clock Path oscillator to system/cpu/engine/rom/lane_3:

   Name    Fanout   Delay (ns)          Site               Resource
ROUTE       245     3.714        OSC.OSC to EBR_R6C10.CLKA clk
                  --------
                    3.714   (0.0% logic, 100.0% route), 0 logic levels.

      Destination Clock Path oscillator to system/cpu/engine/dp/SLICE_192:

   Name    Fanout   Delay (ns)          Site               Resource
ROUTE       245     3.541        OSC.OSC to      R9C3B.CLK clk
                  --------
                    3.541   (0.0% logic, 100.0% route), 0 logic levels.


Passed: The following path meets requirements by 1.913ns

 Logical Details:  Cell type  Pin type       Cell/ASIC name  (clock net +/-)

   Source:         DP8KC      Port           system/cpu/engine/rom/lane_3(ASIC)  (from clk +)
   Destination:    FF         Data in        system/cpu/engine/dp/q[10]  (to clk +)

   Delay:              31.461ns  (41.0% logic, 59.0% route), 17 logic levels.

 Constraint Details:

     31.461ns physical path delay system/cpu/engine/rom/lane_3 to system/cpu/engine/dp/SLICE_191 meets
     33.829ns delay constraint less
      0.173ns skew and
      0.282ns CE_SET requirement (totaling 33.374ns) by 1.913ns

 Physical Path Details:

      Data path system/cpu/engine/rom/lane_3 to system/cpu/engine/dp/SLICE_191:

   Name    Fanout   Delay (ns)          Site               Resource
C2Q_DEL     ---     4.979 EBR_R6C10.CLKA to EBR_R6C10.DOA4 system/cpu/engine/rom/lane_3 (from clk)
ROUTE        24     1.324 EBR_R6C10.DOA4 to      R5C13A.C1 system/cpu/engine/uword[31]
CTOF_DEL    ---     0.495      R5C13A.C1 to      R5C13A.F1 system/cpu/engine/SLICE_639
ROUTE         4     0.773      R5C13A.F1 to      R5C11D.C1 system/cpu/engine/reading_1
CTOF_DEL    ---     0.495      R5C11D.C1 to      R5C11D.F1 system/cpu/engine/SLICE_585
ROUTE         6     1.323      R5C11D.F1 to      R5C13C.A1 system/cpu/engine/reading
CTOF_DEL    ---     0.495      R5C13C.A1 to      R5C13C.F1 system/cpu/engine/SLICE_329
ROUTE         7     0.332      R5C13C.F1 to      R5C13B.D1 system/cpu/engine/memory_op
CTOF_DEL    ---     0.495      R5C13B.D1 to      R5C13B.F1 system/cpu/engine/SLICE_506
ROUTE         5     0.987      R5C13B.F1 to      R5C12D.A1 system/cpu/engine/un1_memory_op_1
CTOF_DEL    ---     0.495      R5C12D.A1 to      R5C12D.F1 system/SLICE_386
ROUTE         5     1.096      R5C12D.F1 to      R4C10C.D1 system/request
CTOF_DEL    ---     0.495      R4C10C.D1 to      R4C10C.F1 system/SLICE_439
ROUTE         5     0.975      R4C10C.F1 to      R4C13C.D1 system/writing_0
CTOF_DEL    ---     0.495      R4C13C.D1 to      R4C13C.F1 system/bus/SLICE_307
ROUTE         7     0.667      R4C13C.F1 to      R4C12D.D1 system/bus/service_dma_selected_2_fc_0
CTOF_DEL    ---     0.495      R4C12D.D1 to      R4C12D.F1 system/bus/SLICE_340
ROUTE        10     1.020      R4C12D.F1 to      R4C10C.D0 system/bus/cpu_io_page
CTOF_DEL    ---     0.495      R4C10C.D0 to      R4C10C.F0 system/SLICE_439
ROUTE         1     0.967      R4C10C.F0 to      R4C10D.A1 system/bus/un1_rk_cs1_selected_fc_0
CTOF_DEL    ---     0.495      R4C10D.A1 to      R4C10D.F1 system/bus/SLICE_294
ROUTE         3     0.643      R4C10D.F1 to      R4C10B.D1 system/bus/un6_acknowledge_fc_0
CTOF_DEL    ---     0.495      R4C10B.D1 to      R4C10B.F1 system/bus/SLICE_459
ROUTE         2     1.166      R4C10B.F1 to      R3C13A.D0 system/raw_ack_fc_0
CTOF_DEL    ---     0.495      R3C13A.D0 to      R3C13A.F0 system/SLICE_247
ROUTE         2     0.635      R3C13A.F0 to      R3C13A.D1 system/acknowledge
CTOF_DEL    ---     0.495      R3C13A.D1 to      R3C13A.F1 system/SLICE_247
ROUTE         1     0.958      R3C13A.F1 to      R5C13B.D0 system/cpu/engine/effective_ack
CTOF_DEL    ---     0.495      R5C13B.D0 to      R5C13B.F0 system/cpu/engine/SLICE_506
ROUTE         1     1.385      R5C13B.F0 to      R3C11C.D1 system/cpu/engine/complete
CTOF_DEL    ---     0.495      R3C11C.D1 to      R3C11C.F1 system/cpu/engine/SLICE_509
ROUTE         9     1.501      R3C11C.F1 to      R7C12B.D0 system/cpu/engine/step
CTOF_DEL    ---     0.495      R7C12B.D0 to      R7C12B.F0 system/cpu/engine/dp/SLICE_642
ROUTE        16     2.810      R7C12B.F0 to       R9C3A.CE system/cpu/engine/dp/un1_q20_i (to clk)
                  --------
                   31.461   (41.0% logic, 59.0% route), 17 logic levels.

 Clock Skew Details: 

      Source Clock Path oscillator to system/cpu/engine/rom/lane_3:

   Name    Fanout   Delay (ns)          Site               Resource
ROUTE       245     3.714        OSC.OSC to EBR_R6C10.CLKA clk
                  --------
                    3.714   (0.0% logic, 100.0% route), 0 logic levels.

      Destination Clock Path oscillator to system/cpu/engine/dp/SLICE_191:

   Name    Fanout   Delay (ns)          Site               Resource
ROUTE       245     3.541        OSC.OSC to      R9C3A.CLK clk
                  --------
                    3.541   (0.0% logic, 100.0% route), 0 logic levels.


Passed: The following path meets requirements by 1.917ns

 Logical Details:  Cell type  Pin type       Cell/ASIC name  (clock net +/-)

   Source:         DP8KC      Port           system/cpu/engine/rom/lane_3(ASIC)  (from clk +)
   Destination:    FF         Data in        system/cpu/engine/seq/link[0]  (to clk +)

   Delay:              31.457ns  (44.2% logic, 55.8% route), 19 logic levels.

 Constraint Details:

     31.457ns physical path delay system/cpu/engine/rom/lane_3 to system/cpu/engine/SLICE_236 meets
     33.829ns delay constraint less
      0.173ns skew and
      0.282ns CE_SET requirement (totaling 33.374ns) by 1.917ns

 Physical Path Details:

      Data path system/cpu/engine/rom/lane_3 to system/cpu/engine/SLICE_236:

   Name    Fanout   Delay (ns)          Site               Resource
C2Q_DEL     ---     4.979 EBR_R6C10.CLKA to EBR_R6C10.DOA5 system/cpu/engine/rom/lane_3 (from clk)
ROUTE        27     1.310 EBR_R6C10.DOA5 to      R5C13A.D1 system/cpu/engine/uword[32]
CTOF_DEL    ---     0.495      R5C13A.D1 to      R5C13A.F1 system/cpu/engine/SLICE_639
ROUTE         4     0.773      R5C13A.F1 to      R5C11D.C1 system/cpu/engine/reading_1
CTOF_DEL    ---     0.495      R5C11D.C1 to      R5C11D.F1 system/cpu/engine/SLICE_585
ROUTE         6     1.323      R5C11D.F1 to      R5C13C.A1 system/cpu/engine/reading
CTOF_DEL    ---     0.495      R5C13C.A1 to      R5C13C.F1 system/cpu/engine/SLICE_329
ROUTE         7     0.332      R5C13C.F1 to      R5C13B.D1 system/cpu/engine/memory_op
CTOF_DEL    ---     0.495      R5C13B.D1 to      R5C13B.F1 system/cpu/engine/SLICE_506
ROUTE         5     0.987      R5C13B.F1 to      R5C12D.A1 system/cpu/engine/un1_memory_op_1
CTOF_DEL    ---     0.495      R5C12D.A1 to      R5C12D.F1 system/SLICE_386
ROUTE         5     1.096      R5C12D.F1 to      R4C10C.D1 system/request
CTOF_DEL    ---     0.495      R4C10C.D1 to      R4C10C.F1 system/SLICE_439
ROUTE         5     0.975      R4C10C.F1 to      R4C13C.D1 system/writing_0
CTOF_DEL    ---     0.495      R4C13C.D1 to      R4C13C.F1 system/bus/SLICE_307
ROUTE         7     0.667      R4C13C.F1 to      R4C12D.D1 system/bus/service_dma_selected_2_fc_0
CTOF_DEL    ---     0.495      R4C12D.D1 to      R4C12D.F1 system/bus/SLICE_340
ROUTE        10     1.020      R4C12D.F1 to      R4C10C.D0 system/bus/cpu_io_page
CTOF_DEL    ---     0.495      R4C10C.D0 to      R4C10C.F0 system/SLICE_439
ROUTE         1     0.967      R4C10C.F0 to      R4C10D.A1 system/bus/un1_rk_cs1_selected_fc_0
CTOF_DEL    ---     0.495      R4C10D.A1 to      R4C10D.F1 system/bus/SLICE_294
ROUTE         3     0.643      R4C10D.F1 to      R4C10B.D1 system/bus/un6_acknowledge_fc_0
CTOF_DEL    ---     0.495      R4C10B.D1 to      R4C10B.F1 system/bus/SLICE_459
ROUTE         2     1.166      R4C10B.F1 to      R3C13A.D0 system/raw_ack_fc_0
CTOF_DEL    ---     0.495      R3C13A.D0 to      R3C13A.F0 system/SLICE_247
ROUTE         2     0.635      R3C13A.F0 to      R3C13A.D1 system/acknowledge
CTOF_DEL    ---     0.495      R3C13A.D1 to      R3C13A.F1 system/SLICE_247
ROUTE         1     0.958      R3C13A.F1 to      R5C13B.D0 system/cpu/engine/effective_ack
CTOF_DEL    ---     0.495      R5C13B.D0 to      R5C13B.F0 system/cpu/engine/SLICE_506
ROUTE         1     1.385      R5C13B.F0 to      R3C11C.D1 system/cpu/engine/complete
CTOF_DEL    ---     0.495      R3C11C.D1 to      R3C11C.F1 system/cpu/engine/SLICE_509
ROUTE         9     0.662      R3C11C.F1 to      R3C10D.D0 system/cpu/engine/step
CTOF_DEL    ---     0.495      R3C10D.D0 to      R3C10D.F0 system/cpu/engine/SLICE_619
ROUTE         2     0.635      R3C10D.F0 to      R3C10A.D1 system/cpu/engine/un1_step
CTOF_DEL    ---     0.495      R3C10A.D1 to      R3C10A.F1 system/cpu/engine/SLICE_469
ROUTE         2     0.635      R3C10A.F1 to      R3C10A.D0 system/cpu/engine/advance
CTOF_DEL    ---     0.495      R3C10A.D0 to      R3C10A.F0 system/cpu/engine/SLICE_469
ROUTE         6     1.399      R3C10A.F0 to       R4C9C.CE system/cpu/engine/seq/un1_upc6_1_i (to clk)
                  --------
                   31.457   (44.2% logic, 55.8% route), 19 logic levels.

 Clock Skew Details: 

      Source Clock Path oscillator to system/cpu/engine/rom/lane_3:

   Name    Fanout   Delay (ns)          Site               Resource
ROUTE       245     3.714        OSC.OSC to EBR_R6C10.CLKA clk
                  --------
                    3.714   (0.0% logic, 100.0% route), 0 logic levels.

      Destination Clock Path oscillator to system/cpu/engine/SLICE_236:

   Name    Fanout   Delay (ns)          Site               Resource
ROUTE       245     3.541        OSC.OSC to      R4C9C.CLK clk
                  --------
                    3.541   (0.0% logic, 100.0% route), 0 logic levels.

Report:   31.308MHz is the maximum frequency for this preference.


================================================================================
Preference: Unconstrained: CLOCK_DOMAIN
            0 unconstrained paths found
--------------------------------------------------------------------------------


================================================================================
Preference: Unconstrained: INPUT_SETUP
            8 unconstrained paths found
--------------------------------------------------------------------------------

Unconstrained Preference:
   INPUT_SETUP PORT "res" CLKNET "clk" 

Report:    4.963ns delay res to SLICE_454 (4.230ns delay and 0.733ns setup)

   Name    Fanout   Delay (ns)          Site               Resource
PADI_DEL    ---     1.132          4.PAD to        4.PADDI res
ROUTE         1     3.098        4.PADDI to     R7C14A.LSR res_c (to clk)
                  --------
                    4.230   (26.8% logic, 73.2% route), 1 logic levels.

Unconstrained Preference:
   INPUT_SETUP PORT "gpio_key_row[0]" CLKNET "clk" 

Report:    2.292ns delay gpio_key_row[0] to gpio_key_row[0]_MGIOL (1.697ns delay and 0.595ns setup)

   Name    Fanout   Delay (ns)          Site               Resource
PADI_DEL    ---     1.132         29.PAD to       29.PADDI gpio_key_row[0]
ROUTE         1     0.565       29.PADDI to    IOL_T11D.DI gpio_key_row_in[0] (to clk)
                  --------
                    1.697   (66.7% logic, 33.3% route), 1 logic levels.

Unconstrained Preference:
   INPUT_SETUP PORT "gpio_key_row[1]" CLKNET "clk" 

Report:    2.292ns delay gpio_key_row[1] to gpio_key_row[1]_MGIOL (1.697ns delay and 0.595ns setup)

   Name    Fanout   Delay (ns)          Site               Resource
PADI_DEL    ---     1.132         30.PAD to       30.PADDI gpio_key_row[1]
ROUTE         1     0.565       30.PADDI to    IOL_T11C.DI gpio_key_row_in[1] (to clk)
                  --------
                    1.697   (66.7% logic, 33.3% route), 1 logic levels.

Unconstrained Preference:
   INPUT_SETUP PORT "gpio_key_row[2]" CLKNET "clk" 

Report:    2.292ns delay gpio_key_row[2] to gpio_key_row[2]_MGIOL (1.697ns delay and 0.595ns setup)

   Name    Fanout   Delay (ns)          Site               Resource
PADI_DEL    ---     1.132         32.PAD to       32.PADDI gpio_key_row[2]
ROUTE         1     0.565       32.PADDI to    IOL_T10D.DI gpio_key_row_in[2] (to clk)
                  --------
                    1.697   (66.7% logic, 33.3% route), 1 logic levels.

Unconstrained Preference:
   INPUT_SETUP PORT "gpio_key_row[3]" CLKNET "clk" 

Report:    2.292ns delay gpio_key_row[3] to gpio_key_row[3]_MGIOL (1.697ns delay and 0.595ns setup)

   Name    Fanout   Delay (ns)          Site               Resource
PADI_DEL    ---     1.132          1.PAD to        1.PADDI gpio_key_row[3]
ROUTE         1     0.565        1.PADDI to    IOL_T10C.DI gpio_key_row_in[3] (to clk)
                  --------
                    1.697   (66.7% logic, 33.3% route), 1 logic levels.

Unconstrained Preference:
   INPUT_SETUP PORT "rx" CLKNET "clk" 

Report:    2.292ns delay rx to rx_MGIOL (1.697ns delay and 0.595ns setup)

   Name    Fanout   Delay (ns)          Site               Resource
PADI_DEL    ---     1.132         25.PAD to       25.PADDI rx
ROUTE         1     0.565       25.PADDI to    IOL_T15D.DI rx_c (to clk)
                  --------
                    1.697   (66.7% logic, 33.3% route), 1 logic levels.

Unconstrained Preference:
   INPUT_SETUP PORT "sd_miso" CLKNET "clk" 

Report:    2.292ns delay sd_miso to sd_miso_MGIOL (1.697ns delay and 0.595ns setup)

   Name    Fanout   Delay (ns)          Site               Resource
PADI_DEL    ---     1.132         28.PAD to       28.PADDI sd_miso
ROUTE         1     0.565       28.PADDI to    IOL_T12C.DI sd_miso_c (to clk)
                  --------
                    1.697   (66.7% logic, 33.3% route), 1 logic levels.

Unconstrained Preference:
   INPUT_SETUP PORT "gpio_miso" CLKNET "clk" 

Report:    2.111ns delay gpio_miso to gpio_miso_MGIOL (1.516ns delay and 0.595ns setup)

   Name    Fanout   Delay (ns)          Site               Resource
PADI_DEL    ---     1.132         10.PAD to       10.PADDI gpio_miso
ROUTE         1     0.384       10.PADDI to     IOL_B6D.DI gpio_miso_c (to clk)
                  --------
                    1.516   (74.7% logic, 25.3% route), 1 logic levels.


================================================================================
Preference: Unconstrained: CLOCK_TO_OUT
            18 unconstrained paths found
--------------------------------------------------------------------------------

Unconstrained Preference:
   CLOCK_TO_OUT PORT "tx" CLKNET "clk" 

Report:    7.477ns delay system/bus/SLICE_347 to tx

   Name    Fanout   Delay (ns)          Site               Resource
REG_DEL     ---     0.452     R9C17A.CLK to      R9C17A.Q0 system/bus/SLICE_347 (from clk)
ROUTE         2     1.985      R9C17A.Q0 to      R2C19B.B1 system/bus/fixed_uart.console/tx_break
CTOF_DEL    ---     0.495      R2C19B.B1 to      R2C19B.F1 system/bus/fixed_uart.console/SLICE_117
ROUTE         1     1.748      R2C19B.F1 to       23.PADDO tx_c
DOPAD_DEL   ---     2.797       23.PADDO to         23.PAD tx
                  --------
                    7.477   (50.1% logic, 49.9% route), 3 logic levels.

Unconstrained Preference:
   CLOCK_TO_OUT PORT "sd_mosi" CLKNET "clk" 

Report:    7.318ns delay system/bus/byte_sd/SLICE_76 to sd_mosi

   Name    Fanout   Delay (ns)          Site               Resource
REG_DEL     ---     0.452     R9C13A.CLK to      R9C13A.Q0 system/bus/byte_sd/SLICE_76 (from clk)
ROUTE        25     2.149      R9C13A.Q0 to      R5C17D.D1 system/bus/byte_sd/busy
CTOF_DEL    ---     0.495      R5C17D.D1 to      R5C17D.F1 system/SLICE_60
ROUTE         1     1.425      R5C17D.F1 to       21.PADDO sd_mosi_c
DOPAD_DEL   ---     2.797       21.PADDO to         21.PAD sd_mosi
                  --------
                    7.318   (51.2% logic, 48.8% route), 3 logic levels.

Unconstrained Preference:
   CLOCK_TO_OUT PORT "gpio_key_row[3]" CLKNET "clk" 

Report:    7.086ns delay system/SLICE_144 to gpio_key_row[3]

   Name    Fanout   Delay (ns)          Site               Resource
REG_DEL     ---     0.452     R4C16D.CLK to      R4C16D.Q0 system/SLICE_144 (from clk)
ROUTE         3     2.454      R4C16D.Q0 to        1.PADDT system/bus/host_miso_oe
TDTS_DEL    ---     4.180        1.PADDT to          1.PAD gpio_key_row[3]
                  --------
                    7.086   (65.4% logic, 34.6% route), 2 logic levels.

Unconstrained Preference:
   CLOCK_TO_OUT PORT "gpio_reg_latch" CLKNET "clk" 

Report:    7.084ns delay system/SLICE_64 to gpio_reg_latch

   Name    Fanout   Delay (ns)          Site               Resource
REG_DEL     ---     0.452     R7C11A.CLK to      R7C11A.Q0 system/SLICE_64 (from clk)
ROUTE         3     3.835      R7C11A.Q0 to       20.PADDO gpio_reg_latch_c
DOPAD_DEL   ---     2.797       20.PADDO to         20.PAD gpio_reg_latch
                  --------
                    7.084   (45.9% logic, 54.1% route), 2 logic levels.

Unconstrained Preference:
   CLOCK_TO_OUT PORT "tx" CLKNET "clk" 

Report:    6.840ns delay system/bus/fixed_uart.console/SLICE_104 to tx

   Name    Fanout   Delay (ns)          Site               Resource
REG_DEL     ---     0.452     R5C21B.CLK to      R5C21B.Q0 system/bus/fixed_uart.console/SLICE_104 (from clk)
ROUTE        20     1.348      R5C21B.Q0 to      R2C19B.C1 system/bus/fixed_uart.console/tx_busy
CTOF_DEL    ---     0.495      R2C19B.C1 to      R2C19B.F1 system/bus/fixed_uart.console/SLICE_117
ROUTE         1     1.748      R2C19B.F1 to       23.PADDO tx_c
DOPAD_DEL   ---     2.797       23.PADDO to         23.PAD tx
                  --------
                    6.840   (54.7% logic, 45.3% route), 3 logic levels.

Unconstrained Preference:
   CLOCK_TO_OUT PORT "sd_mosi" CLKNET "clk" 

Report:    6.468ns delay system/bus/byte_sd/SLICE_86 to sd_mosi

   Name    Fanout   Delay (ns)          Site               Resource
REG_DEL     ---     0.452     R3C18D.CLK to      R3C18D.Q1 system/bus/byte_sd/SLICE_86 (from clk)
ROUTE         1     1.299      R3C18D.Q1 to      R5C17D.A1 system/bus/byte_sd/tx_shift[7]
CTOF_DEL    ---     0.495      R5C17D.A1 to      R5C17D.F1 system/SLICE_60
ROUTE         1     1.425      R5C17D.F1 to       21.PADDO sd_mosi_c
DOPAD_DEL   ---     2.797       21.PADDO to         21.PAD sd_mosi
                  --------
                    6.468   (57.9% logic, 42.1% route), 3 logic levels.

Unconstrained Preference:
   CLOCK_TO_OUT PORT "sd_cs_n" CLKNET "clk" 

Report:    6.401ns delay system/SLICE_68 to sd_cs_n

   Name    Fanout   Delay (ns)          Site               Resource
REG_DEL     ---     0.452     R4C13A.CLK to      R4C13A.Q0 system/SLICE_68 (from clk)
ROUTE         2     3.152      R4C13A.Q0 to        5.PADDO sd_cs_n_c
DOPAD_DEL   ---     2.797        5.PADDO to          5.PAD sd_cs_n
                  --------
                    6.401   (50.8% logic, 49.2% route), 2 logic levels.

Unconstrained Preference:
   CLOCK_TO_OUT PORT "tx" CLKNET "clk" 

Report:    6.118ns delay system/bus/fixed_uart.console/SLICE_113 to tx

   Name    Fanout   Delay (ns)          Site               Resource
REG_DEL     ---     0.452     R2C19D.CLK to      R2C19D.Q0 system/bus/fixed_uart.console/SLICE_113 (from clk)
ROUTE         1     0.626      R2C19D.Q0 to      R2C19B.D1 system/bus/fixed_uart.console/tx_shift[0]
CTOF_DEL    ---     0.495      R2C19B.D1 to      R2C19B.F1 system/bus/fixed_uart.console/SLICE_117
ROUTE         1     1.748      R2C19B.F1 to       23.PADDO tx_c
DOPAD_DEL   ---     2.797       23.PADDO to         23.PAD tx
                  --------
                    6.118   (61.2% logic, 38.8% route), 3 logic levels.

Unconstrained Preference:
   CLOCK_TO_OUT PORT "gpio_ce" CLKNET "clk" 

Report:    5.546ns delay system/SLICE_60 to gpio_ce

   Name    Fanout   Delay (ns)          Site               Resource
REG_DEL     ---     0.452     R5C17D.CLK to      R5C17D.Q0 system/SLICE_60 (from clk)
ROUTE         3     2.297      R5C17D.Q0 to       14.PADDO gpio_ce_c
DOPAD_DEL   ---     2.797       14.PADDO to         14.PAD gpio_ce
                  --------
                    5.546   (58.6% logic, 41.4% route), 2 logic levels.

Unconstrained Preference:
   CLOCK_TO_OUT PORT "gpio_clk" CLKNET "clk" 

Report:    5.522ns delay system/SLICE_61 to gpio_clk

   Name    Fanout   Delay (ns)          Site               Resource
REG_DEL     ---     0.452     R5C15B.CLK to      R5C15B.Q0 system/SLICE_61 (from clk)
ROUTE         3     2.273      R5C15B.Q0 to       12.PADDO gpio_clk_c
DOPAD_DEL   ---     2.797       12.PADDO to         12.PAD gpio_clk
                  --------
                    5.522   (58.8% logic, 41.2% route), 2 logic levels.

Unconstrained Preference:
   CLOCK_TO_OUT PORT "sd_sck" CLKNET "clk" 

Report:    5.308ns delay system/bus/byte_sd/SLICE_69 to sd_sck

   Name    Fanout   Delay (ns)          Site               Resource
REG_DEL     ---     0.452    R10C12D.CLK to     R10C12D.Q0 system/bus/byte_sd/SLICE_69 (from clk)
ROUTE         5     2.059     R10C12D.Q0 to       27.PADDO sd_sck_c
DOPAD_DEL   ---     2.797       27.PADDO to         27.PAD sd_sck
                  --------
                    5.308   (61.2% logic, 38.8% route), 2 logic levels.

Unconstrained Preference:
   CLOCK_TO_OUT PORT "gpio_blank" CLKNET "clk" 

Report:    5.118ns delay system/SLICE_59 to gpio_blank

   Name    Fanout   Delay (ns)          Site               Resource
REG_DEL     ---     0.452     R5C16C.CLK to      R5C16C.Q0 system/SLICE_59 (from clk)
ROUTE         4     1.869      R5C16C.Q0 to       13.PADDO gpio_blank_c
DOPAD_DEL   ---     2.797       13.PADDO to         13.PAD gpio_blank
                  --------
                    5.118   (63.5% logic, 36.5% route), 2 logic levels.

Unconstrained Preference:
   CLOCK_TO_OUT PORT "gpio_rs" CLKNET "clk" 

Report:    5.102ns delay system/SLICE_65 to gpio_rs

   Name    Fanout   Delay (ns)          Site               Resource
REG_DEL     ---     0.452     R7C15D.CLK to      R7C15D.Q0 system/SLICE_65 (from clk)
ROUTE         3     1.853      R7C15D.Q0 to       11.PADDO gpio_rs_c
DOPAD_DEL   ---     2.797       11.PADDO to         11.PAD gpio_rs
                  --------
                    5.102   (63.7% logic, 36.3% route), 2 logic levels.

Unconstrained Preference:
   CLOCK_TO_OUT PORT "gpio_din" CLKNET "clk" 

Report:    4.823ns delay system/SLICE_62 to gpio_din

   Name    Fanout   Delay (ns)          Site               Resource
REG_DEL     ---     0.452     R9C18B.CLK to      R9C18B.Q0 system/SLICE_62 (from clk)
ROUTE         3     1.574      R9C18B.Q0 to       16.PADDO gpio_din_c
DOPAD_DEL   ---     2.797       16.PADDO to         16.PAD gpio_din
                  --------
                    4.823   (67.4% logic, 32.6% route), 2 logic levels.

Unconstrained Preference:
   CLOCK_TO_OUT PORT "gpio_key_row[3]" CLKNET "clk" 

Report:    4.691ns delay system/SLICE_66 to gpio_key_row[3]

   Name    Fanout   Delay (ns)          Site               Resource
REG_DEL     ---     0.452     R3C12D.CLK to      R3C12D.Q0 system/SLICE_66 (from clk)
ROUTE         3     1.442      R3C12D.Q0 to        1.PADDO host_miso
DOPAD_DEL   ---     2.797        1.PADDO to          1.PAD gpio_key_row[3]
                  --------
                    4.691   (69.3% logic, 30.7% route), 2 logic levels.

Unconstrained Preference:
   CLOCK_TO_OUT PORT "gpio_msck" CLKNET "clk" 

Report:    4.402ns delay system/bus/guest_memory/SLICE_63 to gpio_msck

   Name    Fanout   Delay (ns)          Site               Resource
REG_DEL     ---     0.452     R10C6A.CLK to      R10C6A.Q0 system/bus/guest_memory/SLICE_63 (from clk)
ROUTE         4     1.153      R10C6A.Q0 to        9.PADDO gpio_msck_c
DOPAD_DEL   ---     2.797        9.PADDO to          9.PAD gpio_msck
                  --------
                    4.402   (73.8% logic, 26.2% route), 2 logic levels.

Unconstrained Preference:
   CLOCK_TO_OUT PORT "gpio_mcs" CLKNET "clk" 

Report:    3.407ns delay gpio_mcs_MGIOL to gpio_mcs

   Name    Fanout   Delay (ns)          Site               Resource
C2OUT_DEL   ---     0.567    IOL_B4C.CLK to  IOL_B4C.IOLDO gpio_mcs_MGIOL (from clk)
ROUTE         1     0.043  IOL_B4C.IOLDO to        8.IOLDO gpio_mcs_c
OP0PAD_DEL  ---     2.797        8.IOLDO to          8.PAD gpio_mcs
                  --------
                    3.407   (98.7% logic, 1.3% route), 2 logic levels.

Unconstrained Preference:
   CLOCK_TO_OUT PORT "gpio_mosi" CLKNET "clk" 

Report:    3.407ns delay gpio_mosi_MGIOL to gpio_mosi

   Name    Fanout   Delay (ns)          Site               Resource
C2OUT_DEL   ---     0.567   IOL_B20D.CLK to IOL_B20D.IOLDO gpio_mosi_MGIOL (from clk)
ROUTE         1     0.043 IOL_B20D.IOLDO to       17.IOLDO gpio_mosi_c
OP0PAD_DEL  ---     2.797       17.IOLDO to         17.PAD gpio_mosi
                  --------
                    3.407   (98.7% logic, 1.3% route), 2 logic levels.


================================================================================
Preference: Unconstrained: MAXDELAY
            0 unconstrained paths found
--------------------------------------------------------------------------------

Report Summary
--------------
----------------------------------------------------------------------------
Preference                              |   Constraint|       Actual|Levels
----------------------------------------------------------------------------
                                        |             |             |
FREQUENCY NET "clk" 29.560000 MHz ;     |   29.560 MHz|   31.308 MHz|  19  
                                        |             |             |
----------------------------------------------------------------------------


All preferences were met.


Clock Domains Analysis
------------------------

Found 1 clocks:

Clock Domain: clk   Source: oscillator.OSC   Loads: 245
   Covered under: FREQUENCY NET "clk" 29.560000 MHz ;


--------------------------------------------------------------------------------
                Connections not covered by the preferences
--------------------------------------------------------------------------------

     Delay                        Element                 Net

    0.565ns pio_key_row[0].PADDI to _key_row[0]_MGIOL.DI gpio_key_row_in[0]
    0.565ns        sd_miso.PADDI to     sd_miso_MGIOL.DI sd_miso_c
    0.565ns             rx.PADDI to          rx_MGIOL.DI rx_c
    0.565ns pio_key_row[1].PADDI to _key_row[1]_MGIOL.DI gpio_key_row_in[1]
    0.565ns pio_key_row[2].PADDI to _key_row[2]_MGIOL.DI gpio_key_row_in[2]
    0.565ns pio_key_row[3].PADDI to _key_row[3]_MGIOL.DI gpio_key_row_in[3]
    0.384ns      gpio_miso.PADDI to   gpio_miso_MGIOL.DI gpio_miso_c
    3.098ns            res.PADDI to        SLICE_454.LSR res_c

--------------------------------------------------------------------------------


Timing summary (Setup):
---------------

Timing errors: 0  Score: 0
Cumulative negative slack: 0

Constraints cover 2949191 paths, 1 nets, and 5562 connections (99.86% coverage)

--------------------------------------------------------------------------------
Lattice TRACE Report - Hold, Version Diamond (64-bit) 3.14.0.75.2
Thu Sep 10 13:22:24 2026

Copyright (c) 1991-1994 by NeoCAD Inc. All rights reserved.
Copyright (c) 1995 AT&T Corp.   All rights reserved.
Copyright (c) 1995-2001 Lucent Technologies Inc.  All rights reserved.
Copyright (c) 2001 Agere Systems   All rights reserved.
Copyright (c) 2002-2024 Lattice Semiconductor Corporation,  All rights reserved.

Report Information
------------------
Command line:    trce -v 10 -c -u 0 -gt -sethld -sp 4 -sphld m -o cp36c_impl1.twr cp36c_impl1.ncd cp36c_impl1.prf 
Design file:     cp36c_impl1.ncd
Preference file: cp36c_impl1.prf
Device,speed:    LCMXO2-1200HC,m
Report level:    verbose report, limited to 10 items per preference
--------------------------------------------------------------------------------

BLOCK ASYNCPATHS
BLOCK RESETPATHS
--------------------------------------------------------------------------------



================================================================================
Preference: FREQUENCY NET "clk" 29.560000 MHz ;
            4096 items scored, 0 timing errors detected.
--------------------------------------------------------------------------------


Passed: The following path meets requirements by 0.293ns

 Logical Details:  Cell type  Pin type       Cell/ASIC name  (clock net +/-)

   Source:         Sync_RAM   Q              system/cpu/engine/dp/rf/words_ram/RAM0  (from clk +)
   Destination:    FF         Data in        system/bus/boot_release_armed  (to clk +)

   Delay:               0.280ns  (98.6% logic, 1.4% route), 1 logic levels.

 Constraint Details:

      0.280ns physical path delay system/SLICE_39 to system/SLICE_39 meets
     -0.013ns DIN_HLD and
      0.000ns delay constraint less
      0.000ns skew requirement (totaling -0.013ns) by 0.293ns

 Physical Path Details:

      Data path system/SLICE_39 to system/SLICE_39:

   Name    Fanout   Delay (ns)          Site               Resource
CLKTOF_DEL  ---     0.276     R2C12A.WCK to      R2C12A.F1 system/SLICE_39 (from clk)
ROUTE        40     0.004      R2C12A.F1 to     R2C12A.DI1 system/address[1] (to clk)
                  --------
                    0.280   (98.6% logic, 1.4% route), 1 logic levels.

 Clock Skew Details: 

      Source Clock Path oscillator to system/SLICE_39:

   Name    Fanout   Delay (ns)          Site               Resource
ROUTE       245     1.216        OSC.OSC to     R2C12A.WCK clk
                  --------
                    1.216   (0.0% logic, 100.0% route), 0 logic levels.

      Destination Clock Path oscillator to system/SLICE_39:

   Name    Fanout   Delay (ns)          Site               Resource
ROUTE       245     1.216        OSC.OSC to     R2C12A.CLK clk
                  --------
                    1.216   (0.0% logic, 100.0% route), 0 logic levels.


Passed: The following path meets requirements by 0.304ns

 Logical Details:  Cell type  Pin type       Cell/ASIC name  (clock net +/-)

   Source:         FF         Q              reset_sync[1]  (from clk +)
   Destination:    FF         Data in        reset_sync[0]  (to clk +)

   Delay:               0.285ns  (46.7% logic, 53.3% route), 1 logic levels.

 Constraint Details:

      0.285ns physical path delay SLICE_454 to SLICE_454 meets
     -0.019ns M_HLD and
      0.000ns delay constraint less
      0.000ns skew requirement (totaling -0.019ns) by 0.304ns

 Physical Path Details:

      Data path SLICE_454 to SLICE_454:

   Name    Fanout   Delay (ns)          Site               Resource
REG_DEL     ---     0.133     R7C14A.CLK to      R7C14A.Q1 SLICE_454 (from clk)
ROUTE         1     0.152      R7C14A.Q1 to      R7C14A.M0 reset_sync[1] (to clk)
                  --------
                    0.285   (46.7% logic, 53.3% route), 1 logic levels.

 Clock Skew Details: 

      Source Clock Path oscillator to SLICE_454:

   Name    Fanout   Delay (ns)          Site               Resource
ROUTE       245     1.216        OSC.OSC to     R7C14A.CLK clk
                  --------
                    1.216   (0.0% logic, 100.0% route), 0 logic levels.

      Destination Clock Path oscillator to SLICE_454:

   Name    Fanout   Delay (ns)          Site               Resource
ROUTE       245     1.216        OSC.OSC to     R7C14A.CLK clk
                  --------
                    1.216   (0.0% logic, 100.0% route), 0 logic levels.


Passed: The following path meets requirements by 0.304ns

 Logical Details:  Cell type  Pin type       Cell/ASIC name  (clock net +/-)

   Source:         FF         Q              system/bus/fixed_uart.console/cts_sync[0]  (from clk +)
   Destination:    FF         Data in        system/bus/fixed_uart.console/cts_sync[1]  (to clk +)

   Delay:               0.285ns  (46.7% logic, 53.3% route), 1 logic levels.

 Constraint Details:

      0.285ns physical path delay system/bus/fixed_uart.console/SLICE_87 to system/bus/fixed_uart.console/SLICE_87 meets
     -0.019ns M_HLD and
      0.000ns delay constraint less
      0.000ns skew requirement (totaling -0.019ns) by 0.304ns

 Physical Path Details:

      Data path system/bus/fixed_uart.console/SLICE_87 to system/bus/fixed_uart.console/SLICE_87:

   Name    Fanout   Delay (ns)          Site               Resource
REG_DEL     ---     0.133     R3C21D.CLK to      R3C21D.Q0 system/bus/fixed_uart.console/SLICE_87 (from clk)
ROUTE         1     0.152      R3C21D.Q0 to      R3C21D.M1 system/bus/fixed_uart.console/cts_sync[0] (to clk)
                  --------
                    0.285   (46.7% logic, 53.3% route), 1 logic levels.

 Clock Skew Details: 

      Source Clock Path oscillator to system/bus/fixed_uart.console/SLICE_87:

   Name    Fanout   Delay (ns)          Site               Resource
ROUTE       245     1.216        OSC.OSC to     R3C21D.CLK clk
                  --------
                    1.216   (0.0% logic, 100.0% route), 0 logic levels.

      Destination Clock Path oscillator to system/bus/fixed_uart.console/SLICE_87:

   Name    Fanout   Delay (ns)          Site               Resource
ROUTE       245     1.216        OSC.OSC to     R3C21D.CLK clk
                  --------
                    1.216   (0.0% logic, 100.0% route), 0 logic levels.


Passed: The following path meets requirements by 0.306ns

 Logical Details:  Cell type  Pin type       Cell/ASIC name  (clock net +/-)

   Source:         FF         Q              system/cpu/engine/seq/upc[2]  (from clk +)
   Destination:    FF         Data in        system/cpu/engine/entry/saved_upc[2]  (to clk +)

   Delay:               0.287ns  (46.3% logic, 53.7% route), 1 logic levels.

 Constraint Details:

      0.287ns physical path delay system/cpu/engine/seq/SLICE_177 to system/cpu/engine/SLICE_613 meets
     -0.019ns M_HLD and
      0.000ns delay constraint less
      0.000ns skew requirement (totaling -0.019ns) by 0.306ns

 Physical Path Details:

      Data path system/cpu/engine/seq/SLICE_177 to system/cpu/engine/SLICE_613:

   Name    Fanout   Delay (ns)          Site               Resource
REG_DEL     ---     0.133      R4C6A.CLK to       R4C6A.Q0 system/cpu/engine/seq/SLICE_177 (from clk)
ROUTE         3     0.154       R4C6A.Q0 to       R4C6C.M0 system/cpu/engine/debug_upc[2] (to clk)
                  --------
                    0.287   (46.3% logic, 53.7% route), 1 logic levels.

 Clock Skew Details: 

      Source Clock Path oscillator to system/cpu/engine/seq/SLICE_177:

   Name    Fanout   Delay (ns)          Site               Resource
ROUTE       245     1.216        OSC.OSC to      R4C6A.CLK clk
                  --------
                    1.216   (0.0% logic, 100.0% route), 0 logic levels.

      Destination Clock Path oscillator to system/cpu/engine/SLICE_613:

   Name    Fanout   Delay (ns)          Site               Resource
ROUTE       245     1.216        OSC.OSC to      R4C6C.CLK clk
                  --------
                    1.216   (0.0% logic, 100.0% route), 0 logic levels.


Passed: The following path meets requirements by 0.306ns

 Logical Details:  Cell type  Pin type       Cell/ASIC name  (clock net +/-)

   Source:         FF         Q              system/bus/byte_sd/rx_shift[3]  (from clk +)
   Destination:    FF         Data in        system/bus/byte_sd/rx_shift[4]  (to clk +)

   Delay:               0.287ns  (46.3% logic, 53.7% route), 1 logic levels.

 Constraint Details:

      0.287ns physical path delay system/bus/byte_sd/SLICE_301 to system/bus/byte_sd/SLICE_301 meets
     -0.019ns M_HLD and
      0.000ns delay constraint less
      0.000ns skew requirement (totaling -0.019ns) by 0.306ns

 Physical Path Details:

      Data path system/bus/byte_sd/SLICE_301 to system/bus/byte_sd/SLICE_301:

   Name    Fanout   Delay (ns)          Site               Resource
REG_DEL     ---     0.133    R10C13B.CLK to     R10C13B.Q0 system/bus/byte_sd/SLICE_301 (from clk)
ROUTE         2     0.154     R10C13B.Q0 to     R10C13B.M1 system/bus/byte_sd/rdata_8[3] (to clk)
                  --------
                    0.287   (46.3% logic, 53.7% route), 1 logic levels.

 Clock Skew Details: 

      Source Clock Path oscillator to system/bus/byte_sd/SLICE_301:

   Name    Fanout   Delay (ns)          Site               Resource
ROUTE       245     1.216        OSC.OSC to    R10C13B.CLK clk
                  --------
                    1.216   (0.0% logic, 100.0% route), 0 logic levels.

      Destination Clock Path oscillator to system/bus/byte_sd/SLICE_301:

   Name    Fanout   Delay (ns)          Site               Resource
ROUTE       245     1.216        OSC.OSC to    R10C13B.CLK clk
                  --------
                    1.216   (0.0% logic, 100.0% route), 0 logic levels.


Passed: The following path meets requirements by 0.306ns

 Logical Details:  Cell type  Pin type       Cell/ASIC name  (clock net +/-)

   Source:         FF         Q              system/bus/byte_sd/rx_shift[5]  (from clk +)
   Destination:    FF         Data in        system/bus/byte_sd/rx_shift[6]  (to clk +)

   Delay:               0.287ns  (46.3% logic, 53.7% route), 1 logic levels.

 Constraint Details:

      0.287ns physical path delay system/bus/SLICE_341 to system/bus/SLICE_341 meets
     -0.019ns M_HLD and
      0.000ns delay constraint less
      0.000ns skew requirement (totaling -0.019ns) by 0.306ns

 Physical Path Details:

      Data path system/bus/SLICE_341 to system/bus/SLICE_341:

   Name    Fanout   Delay (ns)          Site               Resource
REG_DEL     ---     0.133     R9C14B.CLK to      R9C14B.Q0 system/bus/SLICE_341 (from clk)
ROUTE         2     0.154      R9C14B.Q0 to      R9C14B.M1 system/bus/byte_sd/rdata_8[5] (to clk)
                  --------
                    0.287   (46.3% logic, 53.7% route), 1 logic levels.

 Clock Skew Details: 

      Source Clock Path oscillator to system/bus/SLICE_341:

   Name    Fanout   Delay (ns)          Site               Resource
ROUTE       245     1.216        OSC.OSC to     R9C14B.CLK clk
                  --------
                    1.216   (0.0% logic, 100.0% route), 0 logic levels.

      Destination Clock Path oscillator to system/bus/SLICE_341:

   Name    Fanout   Delay (ns)          Site               Resource
ROUTE       245     1.216        OSC.OSC to     R9C14B.CLK clk
                  --------
                    1.216   (0.0% logic, 100.0% route), 0 logic levels.


Passed: The following path meets requirements by 0.306ns

 Logical Details:  Cell type  Pin type       Cell/ASIC name  (clock net +/-)

   Source:         FF         Q              system/bus/byte_sd/rx_shift[2]  (from clk +)
   Destination:    FF         Data in        system/bus/byte_sd/rx_shift[3]  (to clk +)

   Delay:               0.287ns  (46.3% logic, 53.7% route), 1 logic levels.

 Constraint Details:

      0.287ns physical path delay system/SLICE_352 to system/bus/byte_sd/SLICE_301 meets
     -0.019ns M_HLD and
      0.000ns delay constraint less
      0.000ns skew requirement (totaling -0.019ns) by 0.306ns

 Physical Path Details:

      Data path system/SLICE_352 to system/bus/byte_sd/SLICE_301:

   Name    Fanout   Delay (ns)          Site               Resource
REG_DEL     ---     0.133    R10C13C.CLK to     R10C13C.Q1 system/SLICE_352 (from clk)
ROUTE         2     0.154     R10C13C.Q1 to     R10C13B.M0 system/bus/byte_sd/rdata_8[2] (to clk)
                  --------
                    0.287   (46.3% logic, 53.7% route), 1 logic levels.

 Clock Skew Details: 

      Source Clock Path oscillator to system/SLICE_352:

   Name    Fanout   Delay (ns)          Site               Resource
ROUTE       245     1.216        OSC.OSC to    R10C13C.CLK clk
                  --------
                    1.216   (0.0% logic, 100.0% route), 0 logic levels.

      Destination Clock Path oscillator to system/bus/byte_sd/SLICE_301:

   Name    Fanout   Delay (ns)          Site               Resource
ROUTE       245     1.216        OSC.OSC to    R10C13B.CLK clk
                  --------
                    1.216   (0.0% logic, 100.0% route), 0 logic levels.


Passed: The following path meets requirements by 0.306ns

 Logical Details:  Cell type  Pin type       Cell/ASIC name  (clock net +/-)

   Source:         FF         Q              system/bus/fixed_uart.console/rx_shift[6]  (from clk +)
   Destination:    FF         Data in        system/bus/fixed_uart.console/rx_shift[5]  (to clk +)

   Delay:               0.287ns  (46.3% logic, 53.7% route), 1 logic levels.

 Constraint Details:

      0.287ns physical path delay system/bus/SLICE_622 to system/bus/fixed_uart.console/SLICE_350 meets
     -0.019ns M_HLD and
      0.000ns delay constraint less
      0.000ns skew requirement (totaling -0.019ns) by 0.306ns

 Physical Path Details:

      Data path system/bus/SLICE_622 to system/bus/fixed_uart.console/SLICE_350:

   Name    Fanout   Delay (ns)          Site               Resource
REG_DEL     ---     0.133     R7C21B.CLK to      R7C21B.Q0 system/bus/SLICE_622 (from clk)
ROUTE         2     0.154      R7C21B.Q0 to      R7C21A.M1 system/bus/fixed_uart.console/rx_shift[6] (to clk)
                  --------
                    0.287   (46.3% logic, 53.7% route), 1 logic levels.

 Clock Skew Details: 

      Source Clock Path oscillator to system/bus/SLICE_622:

   Name    Fanout   Delay (ns)          Site               Resource
ROUTE       245     1.216        OSC.OSC to     R7C21B.CLK clk
                  --------
                    1.216   (0.0% logic, 100.0% route), 0 logic levels.

      Destination Clock Path oscillator to system/bus/fixed_uart.console/SLICE_350:

   Name    Fanout   Delay (ns)          Site               Resource
ROUTE       245     1.216        OSC.OSC to     R7C21A.CLK clk
                  --------
                    1.216   (0.0% logic, 100.0% route), 0 logic levels.


Passed: The following path meets requirements by 0.306ns

 Logical Details:  Cell type  Pin type       Cell/ASIC name  (clock net +/-)

   Source:         FF         Q              system/bus/byte_sd/rx_shift[3]  (from clk +)
   Destination:    FF         Data in        system/bus/byte_sd/rdata_1[3]  (to clk +)

   Delay:               0.287ns  (46.3% logic, 53.7% route), 1 logic levels.

 Constraint Details:

      0.287ns physical path delay system/bus/byte_sd/SLICE_301 to system/bus/byte_sd/SLICE_602 meets
     -0.019ns M_HLD and
      0.000ns delay constraint less
      0.000ns skew requirement (totaling -0.019ns) by 0.306ns

 Physical Path Details:

      Data path system/bus/byte_sd/SLICE_301 to system/bus/byte_sd/SLICE_602:

   Name    Fanout   Delay (ns)          Site               Resource
REG_DEL     ---     0.133    R10C13B.CLK to     R10C13B.Q0 system/bus/byte_sd/SLICE_301 (from clk)
ROUTE         2     0.154     R10C13B.Q0 to     R10C13A.M1 system/bus/byte_sd/rdata_8[3] (to clk)
                  --------
                    0.287   (46.3% logic, 53.7% route), 1 logic levels.

 Clock Skew Details: 

      Source Clock Path oscillator to system/bus/byte_sd/SLICE_301:

   Name    Fanout   Delay (ns)          Site               Resource
ROUTE       245     1.216        OSC.OSC to    R10C13B.CLK clk
                  --------
                    1.216   (0.0% logic, 100.0% route), 0 logic levels.

      Destination Clock Path oscillator to system/bus/byte_sd/SLICE_602:

   Name    Fanout   Delay (ns)          Site               Resource
ROUTE       245     1.216        OSC.OSC to    R10C13A.CLK clk
                  --------
                    1.216   (0.0% logic, 100.0% route), 0 logic levels.


Passed: The following path meets requirements by 0.306ns

 Logical Details:  Cell type  Pin type       Cell/ASIC name  (clock net +/-)

   Source:         FF         Q              system/bus/fixed_uart.console/rx_shift[2]  (from clk +)
   Destination:    FF         Data in        system/bus/fixed_uart.console/rx_shift[1]  (to clk +)

   Delay:               0.287ns  (46.3% logic, 53.7% route), 1 logic levels.

 Constraint Details:

      0.287ns physical path delay system/bus/fixed_uart.console/SLICE_349 to system/bus/fixed_uart.console/SLICE_621 meets
     -0.019ns M_HLD and
      0.000ns delay constraint less
      0.000ns skew requirement (totaling -0.019ns) by 0.306ns

 Physical Path Details:

      Data path system/bus/fixed_uart.console/SLICE_349 to system/bus/fixed_uart.console/SLICE_621:

   Name    Fanout   Delay (ns)          Site               Resource
REG_DEL     ---     0.133     R8C21A.CLK to      R8C21A.Q0 system/bus/fixed_uart.console/SLICE_349 (from clk)
ROUTE         2     0.154      R8C21A.Q0 to      R8C21B.M1 system/bus/fixed_uart.console/rx_shift[2] (to clk)
                  --------
                    0.287   (46.3% logic, 53.7% route), 1 logic levels.

 Clock Skew Details: 

      Source Clock Path oscillator to system/bus/fixed_uart.console/SLICE_349:

   Name    Fanout   Delay (ns)          Site               Resource
ROUTE       245     1.216        OSC.OSC to     R8C21A.CLK clk
                  --------
                    1.216   (0.0% logic, 100.0% route), 0 logic levels.

      Destination Clock Path oscillator to system/bus/fixed_uart.console/SLICE_621:

   Name    Fanout   Delay (ns)          Site               Resource
ROUTE       245     1.216        OSC.OSC to     R8C21B.CLK clk
                  --------
                    1.216   (0.0% logic, 100.0% route), 0 logic levels.

Report Summary
--------------
----------------------------------------------------------------------------
Preference(MIN Delays)                  |   Constraint|       Actual|Levels
----------------------------------------------------------------------------
                                        |             |             |
FREQUENCY NET "clk" 29.560000 MHz ;     |     0.000 ns|     0.293 ns|   1  
                                        |             |             |
----------------------------------------------------------------------------


All preferences were met.


Clock Domains Analysis
------------------------

Found 1 clocks:

Clock Domain: clk   Source: oscillator.OSC   Loads: 245
   Covered under: FREQUENCY NET "clk" 29.560000 MHz ;


--------------------------------------------------------------------------------
                Connections not covered by the preferences
--------------------------------------------------------------------------------

     Delay                        Element                 Net

    0.177ns pio_key_row[0].PADDI to _key_row[0]_MGIOL.DI gpio_key_row_in[0]
    0.177ns        sd_miso.PADDI to     sd_miso_MGIOL.DI sd_miso_c
    0.177ns             rx.PADDI to          rx_MGIOL.DI rx_c
    0.177ns pio_key_row[1].PADDI to _key_row[1]_MGIOL.DI gpio_key_row_in[1]
    0.177ns pio_key_row[2].PADDI to _key_row[2]_MGIOL.DI gpio_key_row_in[2]
    0.177ns pio_key_row[3].PADDI to _key_row[3]_MGIOL.DI gpio_key_row_in[3]
    0.127ns      gpio_miso.PADDI to   gpio_miso_MGIOL.DI gpio_miso_c
    1.041ns            res.PADDI to        SLICE_454.LSR res_c

--------------------------------------------------------------------------------


Timing summary (Hold):
---------------

Timing errors: 0  Score: 0
Cumulative negative slack: 0

Constraints cover 2949191 paths, 1 nets, and 5562 connections (99.86% coverage)



Timing summary (Setup and Hold):
---------------

Timing errors: 0 (setup), 0 (hold)
Score: 0 (setup), 0 (hold)
Cumulative negative slack: 0 (0+0)
--------------------------------------------------------------------------------

--------------------------------------------------------------------------------

