SD image: /Users/sash/Work/PROJECTS/k1801vm1/uJ11-fpga/build/cp76-rt11-c/test.dsk (53790 sectors), read-only backing, 256-sector RAM overlay
CP76 progress 20000000 phase0 PC004466 UART0
CP76 progress 40000000 phase0 PC160430 UART24
CP76 progress 60000000 phase0 PC160430 UART66
CP76 progress 80000000 phase1 PC070324 UART96
CP76 progress 100000000 phase1 PC001422 UART175
CP76 progress 120000000 phase1 PC143312 UART241
CP76 progress 140000000 phase1 PC001322 UART471
CP76 progress 160000000 phase2 PC004466 UART541
CP76 progress 180000000 phase2 PC160224 UART541
CP76 progress 200000000 phase2 PC070240 UART565
CP76 progress 220000000 phase2 PC142766 UART615
CP76 progress 240000000 phase3 PC031546 UART703
CP76 progress 260000000 phase3 PC031564 UART1108
CP76 progress 280000000 phase3 PC031530 UART1502
CP76 progress 300000000 phase3 PC031556 UART2038
CP76 progress 320000000 phase3 PC031544 UART2410
CP76 progress 340000000 phase3 PC014374 UART2924
CP76 progress 360000000 phase3 PC031534 UART3340
CP76 progress 380000000 phase3 PC031540 UART3734
CP76 progress 400000000 phase3 PC031254 UART4256
CP76 progress 420000000 phase3 PC031570 UART4642
CP76 progress 440000000 phase3 PC014724 UART5059
CP76 progress 460000000 phase3 PC031556 UART5572
CP76 progress 480000000 phase3 PC031526 UART5944
CP76 progress 500000000 phase3 PC031562 UART6488
CP76 progress 520000000 phase3 PC031532 UART6874
CP76 progress 540000000 phase3 PC031564 UART7268
CP76 progress 560000000 phase3 PC031532 UART7790
CP76 progress 580000000 phase3 PC031532 UART8176
CP76 progress 600000000 phase3 PC014354 UART8658
CP76 progress 620000000 phase3 PC031562 UART9011
CP76 progress 640000000 phase4 PC000434 UART9137
CP76 progress 660000000 phase4 PC004466 UART9137
CP76 progress 680000000 phase4 PC160432 UART9161
CP76 progress 700000000 phase4 PC160432 UART9199
CP76 progress 720000000 phase4 PC060306 UART9233
CP76 progress 740000000 phase5 PC004466 UART9330
CP76 progress 760000000 phase5 PC002752 UART9330
CP76 progress 780000000 phase5 PC137562 UART9392
CP76 progress 800000000 phase5 PC155636 UART9416
PASS CP76 RT11 modules: 94 checks, 811627733 clocks, 9429 UART bytes
- build/cp76-rt11-c/tb.v:239: Verilog $finish
- S i m u l a t i o n   R e p o r t: Verilator 5.050 2026-07-01
- Verilator: $finish at 8s; walltime 971.265 s; speed 8.356 ms/s
- Verilator: cpu 970.462 s on 1 threads; allocated 2 MB
