SD image: /Users/sash/Work/PROJECTS/k1801vm1/uJ11-fpga/build/cp76-rt11-a/test.dsk (53790 sectors), read-only backing, 256-sector RAM overlay
CP76 progress 20000000 phase0 PC004466 UART0
CP76 progress 40000000 phase0 PC160430 UART24
CP76 progress 60000000 phase0 PC160430 UART66
CP76 progress 80000000 phase1 PC070324 UART96
CP76 progress 100000000 phase1 PC001422 UART175
CP76 progress 120000000 phase1 PC143312 UART241
CP76 progress 140000000 phase1 PC001322 UART471
CP76 progress 160000000 phase2 PC004466 UART541
CP76 progress 180000000 phase2 PC160224 UART541
CP76 progress 200000000 phase2 PC070240 UART565
CP76 progress 220000000 phase2 PC142766 UART615
CP76 progress 240000000 phase3 PC031546 UART703
CP76 progress 260000000 phase3 PC031564 UART1108
CP76 progress 280000000 phase3 PC031530 UART1502
CP76 progress 300000000 phase3 PC031556 UART2038
CP76 progress 320000000 phase3 PC031544 UART2410
CP76 progress 340000000 phase3 PC014374 UART2924
CP76 progress 360000000 phase3 PC031534 UART3340
CP76 progress 380000000 phase3 PC031540 UART3734
CP76 progress 400000000 phase3 PC031254 UART4256
CP76 progress 420000000 phase3 PC031570 UART4642
CP76 progress 440000000 phase3 PC014724 UART5059
CP76 progress 460000000 phase3 PC031556 UART5572
CP76 progress 480000000 phase3 PC031526 UART5944
CP76 progress 500000000 phase3 PC031562 UART6488
[5014588920000] %Fatal: tb.v:53: Assertion failed in tb_odt_rt11.check: phase3 LDCID minimum signed word
%Error: build/cp76-rt11-a/tb.v:53: Verilog $stop
Aborting...
