
        Lattice Mapping Report File for Design Module 'uj11_probe_seq'


Design Information
------------------

Command line:   map -a MachXO2 -p LCMXO2-1200HC -t QFN32 -s 4 -oc Commercial
     uj11-seq_impl1.ngd -o uj11-seq_impl1_map.ncd -pr uj11-seq_impl1.prf -mp
     uj11-seq_impl1.mrp -lpf
     /tmp/uj11-cp1.wAuEMf/synth/machxo2/impl1/uj11-seq_impl1_synplify.lpf -lpf
     /tmp/uj11-cp1.wAuEMf/synth/machxo2/uj11.lpf -c 0 -pe 
Target Vendor:  LATTICE
Target Device:  LCMXO2-1200HCQFN32
Target Performance:   4
Mapper:  xo2c00,  version:  Diamond (64-bit) 3.14.0.75.2
Mapped on:  09/08/26  17:50:57

Design Summary
--------------

   Number of registers:     62 out of  1346 (5%)
      PFU registers:           60 out of  1280 (5%)
      PIO registers:            2 out of    66 (3%)
   Number of SLICEs:        67 out of   640 (10%)
      SLICEs as Logic/ROM:     67 out of   640 (10%)
      SLICEs as RAM:            0 out of   480 (0%)
      SLICEs as Carry:          6 out of   640 (1%)
   Number of LUT4s:        133 out of  1280 (10%)
      Number used as logic LUTs:        121
      Number used as distributed RAM:     0
      Number used as ripple logic:       12
      Number used as shift registers:     0
   Number of PIO sites used: 4 + 4(JTAG) out of 22 (36%)
   Number of block RAMs:  4 out of 7 (57%)
   Number of GSRs:        0 out of 1 (0%)
   EFB used :        No
   JTAG used :       No
   Readback used :   No
   Oscillator used : No
   Startup used :    No
   POR :             On
   Bandgap :         On
   Number of Power Controller:  0 out of 1 (0%)
   Number of Dynamic Bank Controller (BCINRD):  0 out of 4 (0%)
   Number of Dynamic Bank Controller (BCLVDSO):  0 out of 1 (0%)
   Number of DCCA:  0 out of 8 (0%)
   Number of DCMA:  0 out of 2 (0%)
   Number of PLLs:  0 out of 1 (0%)
   Number of DQSDLLs:  0 out of 2 (0%)
   Number of CLKDIVC:  0 out of 4 (0%)
   Number of ECLKSYNCA:  0 out of 4 (0%)
   Number of ECLKBRIDGECS:  0 out of 2 (0%)
   Notes:-
      1. Total number of LUT4s = (Number of logic LUT4s) + 2*(Number of
     distributed RAMs) + 2*(Number of ripple logic)
      2. Number of logic LUT4s does not include count of distributed RAM and
     ripple logic.
   Number of clocks:  1
     Net clk_c: 42 loads, 42 rising, 0 falling (Driver: PIO clk )
   Number of Clock Enables:  4
     Net un1_reset: 8 loads, 0 LSLICEs

                                    Page 1




Design:  uj11_probe_seq                                Date:  09/08/26  17:50:57

Design Summary (cont)
---------------------
     Net seq/link_valid_0_sqmuxa: 6 loads, 6 LSLICEs
     Net stimulus[29]: 9 loads, 9 LSLICEs
     Net seq/link_valid_en: 1 loads, 1 LSLICEs
   Number of LSRs:  1
     Net reset_c: 38 loads, 36 LSLICEs
   Number of nets driven by tri-state buffers:  0
   Top 10 highest fanout non-clock nets:
     Net reset_c: 50 loads
     Net uword[35]: 25 loads
     Net uword[31]: 23 loads
     Net uword[34]: 22 loads
     Net stimulus[29]: 13 loads
     Net seq.next_address_sn_N_11: 11 loads
     Net seq/next_address_sn_N_15: 10 loads
     Net seq/next_address_sn_N_25: 10 loads
     Net seq/next_address_sn_N_32_mux: 10 loads
     Net seq/next_address_sn_N_9: 10 loads




   Number of warnings:  0
   Number of errors:    0
     

Design Errors/Warnings
----------------------

   No errors or warnings present.

IO (PIO) Attributes
-------------------

+---------------------+-----------+-----------+------------+
| IO Name             | Direction | Levelmode | IO         |
|                     |           |  IO_TYPE  | Register   |
+---------------------+-----------+-----------+------------+
| serial_out          | OUTPUT    | LVCMOS33  | OUT        |
+---------------------+-----------+-----------+------------+
| clk                 | INPUT     | LVCMOS33  |            |
+---------------------+-----------+-----------+------------+
| serial_in           | INPUT     | LVCMOS33  | IN         |
+---------------------+-----------+-----------+------------+
| reset               | INPUT     | LVCMOS33  |            |
+---------------------+-----------+-----------+------------+

Removed logic
-------------

Block VCC undriven or does not drive anything - clipped.
Block GSR_INST undriven or does not drive anything - clipped.
Block GND undriven or does not drive anything - clipped.
Signal seq/GND undriven or does not drive anything - clipped.
Signal rom/VCC undriven or does not drive anything - clipped.
Signal rom/GND undriven or does not drive anything - clipped.
Signal VCC undriven or does not drive anything - clipped.

                                    Page 2




Design:  uj11_probe_seq                                Date:  09/08/26  17:50:57

Removed logic (cont)
--------------------
Signal seq/un1_upc_s_9_0_S1 undriven or does not drive anything - clipped.
Signal seq/un1_upc_s_9_0_COUT undriven or does not drive anything - clipped.
Signal seq/un1_upc_cry_0_0_S1 undriven or does not drive anything - clipped.
Signal seq/un1_upc_cry_0_0_S0 undriven or does not drive anything - clipped.
Signal seq/N_8 undriven or does not drive anything - clipped.
Signal rom/lane_2_DOB8 undriven or does not drive anything - clipped.
Signal rom/lane_2_DOB7 undriven or does not drive anything - clipped.
Signal rom/lane_2_DOB6 undriven or does not drive anything - clipped.
Signal rom/lane_2_DOB5 undriven or does not drive anything - clipped.
Signal rom/lane_2_DOB4 undriven or does not drive anything - clipped.
Signal rom/lane_2_DOB3 undriven or does not drive anything - clipped.
Signal rom/lane_2_DOB2 undriven or does not drive anything - clipped.
Signal rom/lane_2_DOB1 undriven or does not drive anything - clipped.
Signal rom/lane_2_DOB0 undriven or does not drive anything - clipped.
Signal rom/lane_1_DOB8 undriven or does not drive anything - clipped.
Signal rom/lane_1_DOB7 undriven or does not drive anything - clipped.
Signal rom/lane_1_DOB6 undriven or does not drive anything - clipped.
Signal rom/lane_1_DOB5 undriven or does not drive anything - clipped.
Signal rom/lane_1_DOB4 undriven or does not drive anything - clipped.
Signal rom/lane_1_DOB3 undriven or does not drive anything - clipped.
Signal rom/lane_1_DOB2 undriven or does not drive anything - clipped.
Signal rom/lane_1_DOB1 undriven or does not drive anything - clipped.
Signal rom/lane_1_DOB0 undriven or does not drive anything - clipped.
Signal rom/lane_0_DOB8 undriven or does not drive anything - clipped.
Signal rom/lane_0_DOB7 undriven or does not drive anything - clipped.
Signal rom/lane_0_DOB6 undriven or does not drive anything - clipped.
Signal rom/lane_0_DOB5 undriven or does not drive anything - clipped.
Signal rom/lane_0_DOB4 undriven or does not drive anything - clipped.
Signal rom/lane_0_DOB3 undriven or does not drive anything - clipped.
Signal rom/lane_0_DOB2 undriven or does not drive anything - clipped.
Signal rom/lane_0_DOB1 undriven or does not drive anything - clipped.
Signal rom/lane_0_DOB0 undriven or does not drive anything - clipped.
Signal rom/lane_3_DOB8 undriven or does not drive anything - clipped.
Signal rom/lane_3_DOB7 undriven or does not drive anything - clipped.
Signal rom/lane_3_DOB6 undriven or does not drive anything - clipped.
Signal rom/lane_3_DOB5 undriven or does not drive anything - clipped.
Signal rom/lane_3_DOB4 undriven or does not drive anything - clipped.
Signal rom/lane_3_DOB3 undriven or does not drive anything - clipped.
Signal rom/lane_3_DOB2 undriven or does not drive anything - clipped.
Signal rom/lane_3_DOB1 undriven or does not drive anything - clipped.
Signal rom/lane_3_DOB0 undriven or does not drive anything - clipped.
Block seq/GND was optimized away.
Block rom/VCC was optimized away.
Block rom/GND was optimized away.

Memory Usage
------------

/rom:
    EBRs: 4
    RAM SLICEs: 0
    Logic SLICEs: 0
    PFU Registers: 0
    -Contains EBR lane_3:  TYPE= DP8KC,  Width_A= 9,  Depth_A= 1024,  REGMODE_A=
         NOREG,  REGMODE_B= NOREG,  RESETMODE= SYNC,  ASYNC_RESET_RELEASE= SYNC,
         WRITEMODE_A= NORMAL,  WRITEMODE_B= NORMAL,  GSR= DISABLED

                                    Page 3




Design:  uj11_probe_seq                                Date:  09/08/26  17:50:57

Memory Usage (cont)
-------------------
    -Contains EBR lane_0:  TYPE= DP8KC,  Width_A= 9,  Depth_A= 1024,  REGMODE_A=
         NOREG,  REGMODE_B= NOREG,  RESETMODE= SYNC,  ASYNC_RESET_RELEASE= SYNC,
         WRITEMODE_A= NORMAL,  WRITEMODE_B= NORMAL,  GSR= DISABLED
    -Contains EBR lane_1:  TYPE= DP8KC,  Width_A= 9,  Depth_A= 1024,  REGMODE_A=
         NOREG,  REGMODE_B= NOREG,  RESETMODE= SYNC,  ASYNC_RESET_RELEASE= SYNC,
         WRITEMODE_A= NORMAL,  WRITEMODE_B= NORMAL,  GSR= DISABLED
    -Contains EBR lane_2:  TYPE= DP8KC,  Width_A= 9,  Depth_A= 1024,  REGMODE_A=
         NOREG,  REGMODE_B= NOREG,  RESETMODE= SYNC,  ASYNC_RESET_RELEASE= SYNC,
         WRITEMODE_A= NORMAL,  WRITEMODE_B= NORMAL,  GSR= DISABLED

     

ASIC Components
---------------

Instance Name: rom/lane_3
         Type: DP8KC
Instance Name: rom/lane_0
         Type: DP8KC
Instance Name: rom/lane_1
         Type: DP8KC
Instance Name: rom/lane_2
         Type: DP8KC

Run Time and Memory Usage
-------------------------

   Total CPU Time: 0 secs  
   Total REAL Time: 0 secs  
   Peak Memory Usage: 150 MB
        


























                                    Page 4


Copyright (c) 1991-1994 by NeoCAD Inc. All rights reserved.
     Copyright (c) 1995 AT&T Corp.   All rights reserved.
     Copyright (c) 1995-2001 Lucent Technologies Inc.  All rights reserved.
     Copyright (c) 2001 Agere Systems   All rights reserved.
     Copyright (c) 2002-2024 Lattice Semiconductor Corporation,  All rights
     reserved.
