mkdir -p build
test -f "/home/sash/.local/lscc/diamond/3.14/cae_library/simulation/verilog/machxo2/DP8KC.v"
iverilog -g2012 -DVENDOR_ROM -s tb_rom -o build/vendor_rom tb/tb_rom.v microcode/generated/uj11_rom_ebr.v "/home/sash/.local/lscc/diamond/3.14/cae_library/simulation/verilog/machxo2/DP8KC.v" "/home/sash/.local/lscc/diamond/3.14/cae_library/simulation/verilog/machxo2/GSR.v" "/home/sash/.local/lscc/diamond/3.14/cae_library/simulation/verilog/machxo2/PUR.v"
vvp build/vendor_rom
PASS ROM: all 1024 words and 1024 enable holds
tb/tb_rom.v:29: $finish called at 20576000 (1ps)
iverilog -g2012 -DVENDOR_ROM -s tb_control_store -o build/vendor_store tb/tb_control_store.v rtl/uj11_microseq.v microcode/generated/uj11_rom_ebr.v "/home/sash/.local/lscc/diamond/3.14/cae_library/simulation/verilog/machxo2/DP8KC.v" "/home/sash/.local/lscc/diamond/3.14/cae_library/simulation/verilog/machxo2/GSR.v" "/home/sash/.local/lscc/diamond/3.14/cae_library/simulation/verilog/machxo2/PUR.v"
vvp build/vendor_store
PASS control store: 17 transitions, no sequencing bubbles, stalls preserve uIR alignment
tb/tb_control_store.v:43: $finish called at 606000 (1ps)
python3 tools/source_manifest.py build/cp1-inputs.json
CP1 input revision: b7d860d0a264937e44eada8fdf14ff3d96b6573fda4628d9ceec3695e827b846
LD_PRELOAD="/lib/x86_64-linux-gnu/libstdc++.so.6" "/home/sash/.local/lscc/diamond/3.14/bin/lin64/diamondc" synth/machxo2/build.tcl

synpwrap -msg -prj "uj11-seq_impl1_synplify.tcl" -log "uj11-seq_impl1.srf"
Copyright (C) 1992-2024 Lattice Semiconductor Corporation. All rights reserved.
Lattice Diamond Version 3.14.0.75.2
    <postMsg mid="2011000" type="Info"    dynamic="0" navigation="0"  />

------ Message Queues --------
key        msqid      owner      perms      used-bytes   messages    

------ Shared Memory Segments --------
key        shmid      owner      perms      bytes      nattch     status      

------ Semaphore Arrays --------
key        semid      owner      perms      nsems     

/proc/sys/vm/admin_reserve_kbytes:8192
/proc/sys/vm/compact_unevictable_allowed:1
/proc/sys/vm/compaction_proactiveness:20
/proc/sys/vm/dirty_background_bytes:0
/proc/sys/vm/dirty_background_ratio:10
/proc/sys/vm/dirty_bytes:0
/proc/sys/vm/dirty_expire_centisecs:3000
/proc/sys/vm/dirty_ratio:20
/proc/sys/vm/dirty_writeback_centisecs:500
/proc/sys/vm/dirtytime_expire_seconds:43200
/proc/sys/vm/extfrag_threshold:500
/proc/sys/vm/hugetlb_optimize_vmemmap:0
/proc/sys/vm/hugetlb_shm_group:0
/proc/sys/vm/laptop_mode:0
/proc/sys/vm/legacy_va_layout:0
/proc/sys/vm/lowmem_reserve_ratio:256	256	32	0	0
/proc/sys/vm/max_map_count:1048576
/proc/sys/vm/memfd_noexec:0
/proc/sys/vm/memory_failure_early_kill:0
/proc/sys/vm/memory_failure_recovery:1
/proc/sys/vm/min_free_kbytes:67584
/proc/sys/vm/min_slab_ratio:5
/proc/sys/vm/min_unmapped_ratio:1
/proc/sys/vm/mmap_min_addr:65536
/proc/sys/vm/nr_hugepages:0
/proc/sys/vm/nr_hugepages_mempolicy:0
/proc/sys/vm/nr_overcommit_hugepages:0
/proc/sys/vm/numa_stat:1
/proc/sys/vm/numa_zonelist_order:Node
/proc/sys/vm/oom_dump_tasks:1
/proc/sys/vm/oom_kill_allocating_task:0
/proc/sys/vm/overcommit_kbytes:0
/proc/sys/vm/overcommit_memory:0
/proc/sys/vm/overcommit_ratio:50
/proc/sys/vm/page-cluster:3
/proc/sys/vm/page_lock_unfairness:5
/proc/sys/vm/panic_on_oom:0
/proc/sys/vm/percpu_pagelist_high_fraction:0
/proc/sys/vm/stat_interval:1
/proc/sys/vm/swappiness:60
/proc/sys/vm/unprivileged_userfaultfd:0
/proc/sys/vm/user_reserve_kbytes:131072
/proc/sys/vm/vfs_cache_pressure:100
/proc/sys/vm/watermark_boost_factor:15000
/proc/sys/vm/watermark_scale_factor:10
/proc/sys/vm/zone_reclaim_mode:0
+04
Ubuntu 24.04.4 LTS
###########################################################[
Running in Lattice mode

                               Synplify Pro (R) 

                Version V-2023.09L-2 for linux64 - Sep 17, 2024 

                    Copyright (c) 1988 - 2024 Synopsys, Inc.
   This software and the associated documentation are proprietary to Synopsys,
 Inc. This software may only be used in accordance with the terms and conditions
 of a written license agreement with Synopsys, Inc. All other use, reproduction,
   or distribution of this software is strictly prohibited.  Licensed Products
     communicate with Synopsys servers for the purpose of providing software
    updates, detecting software piracy and verifying that customers are using
    Licensed Products in conformity with the applicable License Key for such
  Licensed Products. Synopsys will use information gathered in connection with
    this process to deliver software updates and pursue software pirates and
                                   infringers.

 Inclusivity & Diversity - Visit SolvNetPlus to read the "Synopsys Statement on
            Inclusivity and Diversity" (Refer to article 000036315 at
                        https://solvnetplus.synopsys.com)

Starting:    /home/sash/.local/lscc/diamond/3.14/synpbase/linux_a_64/mbin/synbatch
Install:     /home/sash/.local/lscc/diamond/3.14/synpbase
Hostname:    sashz-ubuntu
Date:        Tue Sep  8 17:50:53 2026
Version:     V-2023.09L-2

Arguments:   -product synplify_base -batch uj11-seq_impl1_synplify.tcl
ProductType: synplify_pro





log file: "/tmp/uj11-cp1.wAuEMf/synth/machxo2/impl1/uj11-seq_impl1.srr"
Running: impl1 in foreground

Running proj_1|impl1

Running Flow: compile (Compile) on proj_1|impl1
# Tue Sep  8 17:50:53 2026

Running Flow: compile_flow (Compile Process) on proj_1|impl1
# Tue Sep  8 17:50:53 2026

Running: compiler (Compile Input) on proj_1|impl1
# Tue Sep  8 17:50:53 2026
Process ID: 4622
Copied /tmp/uj11-cp1.wAuEMf/synth/machxo2/impl1/synwork/uj11-seq_impl1_comp.srs to /tmp/uj11-cp1.wAuEMf/synth/machxo2/impl1/uj11-seq_impl1.srs

compiler completed
# Tue Sep  8 17:50:55 2026

Return Code: 0
Run Time:00h:00m:01s

Running: multi_srs_gen (Multi-srs Generator) on proj_1|impl1
# Tue Sep  8 17:50:55 2026
Process ID: 4670

multi_srs_gen completed
# Tue Sep  8 17:50:55 2026

Return Code: 0
Run Time:00h:00m:00s
Copied /tmp/uj11-cp1.wAuEMf/synth/machxo2/impl1/synwork/uj11-seq_impl1_mult.srs to /tmp/uj11-cp1.wAuEMf/synth/machxo2/impl1/uj11-seq_impl1.srs
Copied /tmp/uj11-cp1.wAuEMf/synth/machxo2/impl1/uj11-seq_impl1.srr to /tmp/uj11-cp1.wAuEMf/synth/machxo2/impl1/uj11-seq_impl1.srf
Complete: Compile Process on proj_1|impl1

Running: premap (Premap) on proj_1|impl1
# Tue Sep  8 17:50:55 2026
Process ID: 4686

premap completed with warnings
# Tue Sep  8 17:50:56 2026

Return Code: 1
Run Time:00h:00m:00s
Complete: Compile on proj_1|impl1

Running Flow: map (Map) on proj_1|impl1
# Tue Sep  8 17:50:56 2026
License granted for 4 parallel jobs

Running: fpga_mapper (Map & Optimize) on proj_1|impl1
# Tue Sep  8 17:50:56 2026
Process ID: 4701
Copied /tmp/uj11-cp1.wAuEMf/synth/machxo2/impl1/synwork/uj11-seq_impl1_m.srm to /tmp/uj11-cp1.wAuEMf/synth/machxo2/impl1/uj11-seq_impl1.srm

fpga_mapper completed with warnings
# Tue Sep  8 17:50:57 2026

Return Code: 1
Run Time:00h:00m:01s
Complete: Map on proj_1|impl1
Copied /tmp/uj11-cp1.wAuEMf/synth/machxo2/impl1/uj11-seq_impl1.srr to /tmp/uj11-cp1.wAuEMf/synth/machxo2/impl1/uj11-seq_impl1.srf
Complete: Logic Synthesis on proj_1|impl1
TCL script complete: "uj11-seq_impl1_synplify.tcl"
exit status=0
exit status=0
Save changes for project:
/tmp/uj11-cp1.wAuEMf/synth/machxo2/impl1/proj_1.prj
batch mode default:no
Child process exit with 0.

==contents of uj11-seq_impl1.srf
#Build: Synplify Pro (R) V-2023.09L-2, Build 349R, Sep 17 2024
#install: /home/sash/.local/lscc/diamond/3.14/synpbase
#OS: Linux 
#Hostname: sashz-ubuntu

# Tue Sep  8 17:50:53 2026

#Implementation: impl1


Copyright (C) 1994-2023 Synopsys, Inc.
This Synopsys software and all associated documentation are proprietary to Synopsys, Inc.
and may only be used pursuant to the terms and conditions of a written license agreement
with Synopsys, Inc. All other use, reproduction, modification, or distribution of the
Synopsys software or the associated documentation is strictly prohibited.
Tool: Synplify Pro (R)
Build: V-2023.09L-2
Install: /home/sash/.local/lscc/diamond/3.14/synpbase
OS: Ubuntu 24.04.4 LTS
Hostname: sashz-ubuntu
max virtual memory: unlimited (bytes)
max user processes: 512757
max stack size: 8388608 (bytes)


Implementation : impl1
Synopsys HDL Compiler, Version comp202309synp1, Build 349R, Built Sep 17 2024 08:30:48, @5637152

@N|Running in 64-bit mode
###########################################################[

Copyright (C) 1994-2023 Synopsys, Inc.
This Synopsys software and all associated documentation are proprietary to Synopsys, Inc.
and may only be used pursuant to the terms and conditions of a written license agreement
with Synopsys, Inc. All other use, reproduction, modification, or distribution of the
Synopsys software or the associated documentation is strictly prohibited.
Tool: Synplify Pro (R)
Build: V-2023.09L-2
Install: /home/sash/.local/lscc/diamond/3.14/synpbase
OS: Ubuntu 24.04.4 LTS
Hostname: sashz-ubuntu
max virtual memory: unlimited (bytes)
max user processes: 512757
max stack size: 8388608 (bytes)


Implementation : impl1
Synopsys Verilog Compiler, Version comp202309synp1, Build 349R, Built Sep 17 2024 08:30:48, @5637152

@N|Running in 64-bit mode
@I::"/home/sash/.local/lscc/diamond/3.14/synpbase/lib/lucent/machxo2.v" (library work)
@I::"/home/sash/.local/lscc/diamond/3.14/synpbase/lib/lucent/pmi_def.v" (library work)
@I::"/home/sash/.local/lscc/diamond/3.14/synpbase/lib/vlog/hypermods.v" (library __hyper__lib__)
@I::"/tmp/uj11-cp1.wAuEMf/synth/machxo2/uj11_probe_seq.v" (library work)
@I::"/tmp/uj11-cp1.wAuEMf/rtl/uj11_microseq.v" (library work)
@I::"/tmp/uj11-cp1.wAuEMf/microcode/generated/uj11_rom_ebr.v" (library work)
@N|stack limit increased to max
Verilog syntax check successful!
Selecting top level module uj11_probe_seq
@N: CG364 :"/tmp/uj11-cp1.wAuEMf/rtl/uj11_microseq.v":4:7:4:19|Synthesizing module uj11_microseq in library work.
Running optimization stage 1 on uj11_microseq .......
Finished optimization stage 1 on uj11_microseq (CPU Time 0h:00m:00s, Memory Used current: 191MB peak: 191MB)
@N: CG364 :"/home/sash/.local/lscc/diamond/3.14/synpbase/lib/lucent/machxo2.v":1291:7:1291:11|Synthesizing module DP8KC in library work.
Running optimization stage 1 on DP8KC .......
Finished optimization stage 1 on DP8KC (CPU Time 0h:00m:00s, Memory Used current: 191MB peak: 191MB)
@N: CG364 :"/tmp/uj11-cp1.wAuEMf/microcode/generated/uj11_rom_ebr.v":3:7:3:14|Synthesizing module uj11_rom in library work.
Running optimization stage 1 on uj11_rom .......
Finished optimization stage 1 on uj11_rom (CPU Time 0h:00m:00s, Memory Used current: 191MB peak: 191MB)
@N: CG364 :"/tmp/uj11-cp1.wAuEMf/synth/machxo2/uj11_probe_seq.v":5:7:5:20|Synthesizing module uj11_probe_seq in library work.
Running optimization stage 1 on uj11_probe_seq .......
Finished optimization stage 1 on uj11_probe_seq (CPU Time 0h:00m:00s, Memory Used current: 191MB peak: 191MB)
Running optimization stage 2 on uj11_probe_seq .......
Finished optimization stage 2 on uj11_probe_seq (CPU Time 0h:00m:00s, Memory Used current: 191MB peak: 191MB)
Running optimization stage 2 on uj11_rom .......
Finished optimization stage 2 on uj11_rom (CPU Time 0h:00m:00s, Memory Used current: 191MB peak: 191MB)
Running optimization stage 2 on DP8KC .......
Finished optimization stage 2 on DP8KC (CPU Time 0h:00m:00s, Memory Used current: 191MB peak: 191MB)
Running optimization stage 2 on uj11_microseq .......
@W: CL246 :"/tmp/uj11-cp1.wAuEMf/rtl/uj11_microseq.v":6:22:6:26|Input port bits 16 to 10 of uword[35:0] are unused. Assign logic for all port bits or change the input port size.
@W: CL246 :"/tmp/uj11-cp1.wAuEMf/rtl/uj11_microseq.v":7:22:7:23|Input port bits 15 to 12 of ir[15:0] are unused. Assign logic for all port bits or change the input port size.
@W: CL246 :"/tmp/uj11-cp1.wAuEMf/rtl/uj11_microseq.v":7:22:7:23|Input port bits 8 to 6 of ir[15:0] are unused. Assign logic for all port bits or change the input port size.
@W: CL246 :"/tmp/uj11-cp1.wAuEMf/rtl/uj11_microseq.v":7:22:7:23|Input port bits 2 to 0 of ir[15:0] are unused. Assign logic for all port bits or change the input port size.
@W: CL247 :"/tmp/uj11-cp1.wAuEMf/rtl/uj11_microseq.v":11:21:11:30|Input port bit 3 of selected_a[3:0] is unused

@W: CL247 :"/tmp/uj11-cp1.wAuEMf/rtl/uj11_microseq.v":11:21:11:30|Input port bit 0 of selected_a[3:0] is unused

Finished optimization stage 2 on uj11_microseq (CPU Time 0h:00m:00s, Memory Used current: 194MB peak: 194MB)

For a summary of runtime per design unit, please see file:
==========================================================
@L: /tmp/uj11-cp1.wAuEMf/synth/machxo2/impl1/synwork/layer0.duruntime



At c_ver Exit (Real Time elapsed 0h:00m:00s; CPU Time elapsed 0h:00m:00s; Memory used current: 194MB peak: 194MB)

Process took 0h:00m:01s realtime, 0h:00m:01s cputime

Process completed successfully.
# Tue Sep  8 17:50:54 2026

###########################################################]
###########################################################[

Copyright (C) 1994-2023 Synopsys, Inc.
This Synopsys software and all associated documentation are proprietary to Synopsys, Inc.
and may only be used pursuant to the terms and conditions of a written license agreement
with Synopsys, Inc. All other use, reproduction, modification, or distribution of the
Synopsys software or the associated documentation is strictly prohibited.
Tool: Synplify Pro (R)
Build: V-2023.09L-2
Install: /home/sash/.local/lscc/diamond/3.14/synpbase
OS: Ubuntu 24.04.4 LTS
Hostname: sashz-ubuntu
max virtual memory: unlimited (bytes)
max user processes: 512757
max stack size: 8388608 (bytes)


Implementation : impl1
Synopsys Synopsys Netlist Linker, Version comp202309synp1, Build 349R, Built Sep 17 2024 08:30:48, @5637152

@N|Running in 64-bit mode

At syn_nfilter Exit (Real Time elapsed 0h:00m:00s; CPU Time elapsed 0h:00m:00s; Memory used current: 197MB peak: 197MB)

Process took 0h:00m:01s realtime, 0h:00m:01s cputime

Process completed successfully.
# Tue Sep  8 17:50:54 2026

###########################################################]

For a summary of runtime and memory usage for all design units, please see file:
==========================================================
@L: /tmp/uj11-cp1.wAuEMf/synth/machxo2/impl1/synwork/uj11-seq_impl1_comp.rt.csv

@END

At c_hdl Exit (Real Time elapsed 0h:00m:00s; CPU Time elapsed 0h:00m:00s; Memory used current: 41MB peak: 41MB)

Process took 0h:00m:01s realtime, 0h:00m:01s cputime

Process completed successfully.
# Tue Sep  8 17:50:54 2026

###########################################################]
###########################################################[

Copyright (C) 1994-2023 Synopsys, Inc.
This Synopsys software and all associated documentation are proprietary to Synopsys, Inc.
and may only be used pursuant to the terms and conditions of a written license agreement
with Synopsys, Inc. All other use, reproduction, modification, or distribution of the
Synopsys software or the associated documentation is strictly prohibited.
Tool: Synplify Pro (R)
Build: V-2023.09L-2
Install: /home/sash/.local/lscc/diamond/3.14/synpbase
OS: Ubuntu 24.04.4 LTS
Hostname: sashz-ubuntu
max virtual memory: unlimited (bytes)
max user processes: 512757
max stack size: 8388608 (bytes)


Implementation : impl1
Synopsys Synopsys Netlist Linker, Version comp202309synp1, Build 349R, Built Sep 17 2024 08:30:48, @5637152

@N|Running in 64-bit mode

At syn_nfilter Exit (Real Time elapsed 0h:00m:00s; CPU Time elapsed 0h:00m:00s; Memory used current: 197MB peak: 197MB)

Process took 0h:00m:01s realtime, 0h:00m:01s cputime

Process completed successfully.
# Tue Sep  8 17:50:55 2026

###########################################################]
Premap Report

# Tue Sep  8 17:50:55 2026


Copyright (C) 1994-2023 Synopsys, Inc.
This Synopsys software and all associated documentation are proprietary to Synopsys, Inc.
and may only be used pursuant to the terms and conditions of a written license agreement
with Synopsys, Inc. All other use, reproduction, modification, or distribution of the
Synopsys software or the associated documentation is strictly prohibited.
Tool: Synplify Pro (R)
Build: V-2023.09L-2
Install: /home/sash/.local/lscc/diamond/3.14/synpbase
OS: Ubuntu 24.04.4 LTS
Hostname: sashz-ubuntu
max virtual memory: unlimited (bytes)
max user processes: 512757
max stack size: 8388608 (bytes)


Implementation : impl1
Synopsys Lattice Technology Pre-mapping, Version map202309lat, Build 191R, Built Sep 17 2024 09:08:23, @5637152


Mapper Startup Complete (Real Time elapsed 0h:00m:00s; CPU Time elapsed 0h:00m:00s; Memory used current: 439MB peak: 439MB)


Done reading skeleton netlist (Real Time elapsed 0h:00m:00s; CPU Time elapsed 0h:00m:00s; Memory used current: 453MB peak: 454MB)

@A: MF827 |No constraint file specified.
@L: /tmp/uj11-cp1.wAuEMf/synth/machxo2/impl1/uj11-seq_impl1_scck.rpt 
See clock summary report "/tmp/uj11-cp1.wAuEMf/synth/machxo2/impl1/uj11-seq_impl1_scck.rpt"
@N: MF916 |Option synthesis_strategy=base is enabled. 
@N: MF248 |Running in 64-bit mode.
@N: MF666 |Clock conversion enabled. (Command "set_option -fix_gated_and_generated_clocks 1" in the project file.)

Design Input Complete (Real Time elapsed 0h:00m:00s; CPU Time elapsed 0h:00m:00s; Memory used current: 458MB peak: 459MB)


Mapper Initialization Complete (Real Time elapsed 0h:00m:00s; CPU Time elapsed 0h:00m:00s; Memory used current: 458MB peak: 459MB)


Start loading timing files (Real Time elapsed 0h:00m:00s; CPU Time elapsed 0h:00m:00s; Memory used current: 463MB peak: 463MB)


Finished loading timing files (Real Time elapsed 0h:00m:00s; CPU Time elapsed 0h:00m:00s; Memory used current: 465MB peak: 465MB)

NConnInternalConnection caching is on

Starting HSTDM IP insertion (Real Time elapsed 0h:00m:00s; CPU Time elapsed 0h:00m:00s; Memory used current: 513MB peak: 513MB)


Finished HSTDM IP insertion (Real Time elapsed 0h:00m:00s; CPU Time elapsed 0h:00m:00s; Memory used current: 513MB peak: 513MB)


Started DisTri Cleanup (Real Time elapsed 0h:00m:00s; CPU Time elapsed 0h:00m:00s; Memory used current: 513MB peak: 513MB)


Finished DisTri Cleanup (Real Time elapsed 0h:00m:00s; CPU Time elapsed 0h:00m:00s; Memory used current: 513MB peak: 513MB)


Starting clock optimization phase (Real Time elapsed 0h:00m:00s; CPU Time elapsed 0h:00m:00s; Memory used current: 513MB peak: 513MB)


mixed edge conversion for GCC is OFF

Finished clock optimization phase (Real Time elapsed 0h:00m:00s; CPU Time elapsed 0h:00m:00s; Memory used current: 513MB peak: 513MB)


Starting clock optimization report phase (Real Time elapsed 0h:00m:00s; CPU Time elapsed 0h:00m:00s; Memory used current: 513MB peak: 513MB)


Finished clock optimization report phase (Real Time elapsed 0h:00m:00s; CPU Time elapsed 0h:00m:00s; Memory used current: 513MB peak: 513MB)

@N: FX1184 |Applying syn_allowed_resources blockrams=7 on top level netlist uj11_probe_seq 

Finished netlist restructuring (Real Time elapsed 0h:00m:00s; CPU Time elapsed 0h:00m:00s; Memory used current: 513MB peak: 513MB)



Clock Summary
******************

          Start                  Requested     Requested     Clock        Clock          Clock
Level     Clock                  Frequency     Period        Type         Group          Load 
----------------------------------------------------------------------------------------------
0 -       uj11_probe_seq|clk     1.0 MHz       1000.000      inferred     (multiple)     66   
==============================================================================================



Clock Load Summary
***********************

                       Clock     Source        Clock Pin            Non-clock Pin     Non-clock Pin
Clock                  Load      Pin           Seq Example          Seq Example       Comb Example 
---------------------------------------------------------------------------------------------------
uj11_probe_seq|clk     66        clk(port)     stimulus[39:0].C     -                 -            
===================================================================================================

@W: MT529 :"/tmp/uj11-cp1.wAuEMf/rtl/uj11_microseq.v":59:4:59:9|Found inferred clock uj11_probe_seq|clk which controls 66 sequential elements including seq.upc[9:0]. This clock has no specified timing constraint which may prevent conversion of gated or generated clocks and may adversely impact design performance. 

ICG Latch Removal Summary:
Number of ICG latches removed: 0
Number of ICG latches not removed:	0


@S |Clock Optimization Summary



#### START OF PREMAP CLOCK OPTIMIZATION REPORT #####[

1 non-gated/non-generated clock tree(s) driving 66 clock pin(s) of sequential element(s)
0 gated/generated clock tree(s) driving 0 clock pin(s) of sequential element(s)
0 instances converted, 0 sequential instances remain driven by gated/generated clocks

=========================== Non-Gated/Non-Generated Clocks ============================
Clock Tree ID     Driving Element     Drive Element Type     Fanout     Sample Instance
---------------------------------------------------------------------------------------
@KP:ckid0_0       clk                 port                   66         serial_out     
=======================================================================================


##### END OF CLOCK OPTIMIZATION REPORT ######


Summary of user generated gated clocks:
0 user generated gated/generated clock tree(s) driving 0 clock pin(s) of sequential element(s)

@N: FX1143 |Skipping assigning INTERNAL_VREF to iobanks, because the table of mapping from pin to iobank is not initialized.
Finished Pre Mapping Phase.

Starting constraint checker (Real Time elapsed 0h:00m:00s; CPU Time elapsed 0h:00m:00s; Memory used current: 513MB peak: 513MB)


Finished constraint checker preprocessing (Real Time elapsed 0h:00m:00s; CPU Time elapsed 0h:00m:00s; Memory used current: 513MB peak: 513MB)


Finished constraint checker (Real Time elapsed 0h:00m:00s; CPU Time elapsed 0h:00m:00s; Memory used current: 513MB peak: 513MB)

Pre-mapping successful!

At Mapper Exit (Real Time elapsed 0h:00m:00s; CPU Time elapsed 0h:00m:00s; Memory used current: 424MB peak: 513MB)

Process took 0h:00m:01s realtime, 0h:00m:01s cputime
# Tue Sep  8 17:50:55 2026

###########################################################]
Map & Optimize Report

# Tue Sep  8 17:50:56 2026


Copyright (C) 1994-2023 Synopsys, Inc.
This Synopsys software and all associated documentation are proprietary to Synopsys, Inc.
and may only be used pursuant to the terms and conditions of a written license agreement
with Synopsys, Inc. All other use, reproduction, modification, or distribution of the
Synopsys software or the associated documentation is strictly prohibited.
Tool: Synplify Pro (R)
Build: V-2023.09L-2
Install: /home/sash/.local/lscc/diamond/3.14/synpbase
OS: Ubuntu 24.04.4 LTS
Hostname: sashz-ubuntu
max virtual memory: unlimited (bytes)
max user processes: 512757
max stack size: 8388608 (bytes)


Implementation : impl1
Synopsys Lattice Technology Mapper, Version map202309lat, Build 191R, Built Sep 17 2024 09:08:23, @5637152


Mapper Startup Complete (Real Time elapsed 0h:00m:00s; CPU Time elapsed 0h:00m:00s; Memory used current: 439MB peak: 439MB)

@N: MF916 |Option synthesis_strategy=base is enabled. 
@N: MF248 |Running in 64-bit mode.
@N: MF666 |Clock conversion enabled. (Command "set_option -fix_gated_and_generated_clocks 1" in the project file.)

Design Input Complete (Real Time elapsed 0h:00m:00s; CPU Time elapsed 0h:00m:00s; Memory used current: 452MB peak: 454MB)


Mapper Initialization Complete (Real Time elapsed 0h:00m:00s; CPU Time elapsed 0h:00m:00s; Memory used current: 452MB peak: 454MB)


Start loading timing files (Real Time elapsed 0h:00m:00s; CPU Time elapsed 0h:00m:00s; Memory used current: 456MB peak: 456MB)


Finished loading timing files (Real Time elapsed 0h:00m:00s; CPU Time elapsed 0h:00m:00s; Memory used current: 464MB peak: 464MB)



Starting Optimization and Mapping (Real Time elapsed 0h:00m:00s; CPU Time elapsed 0h:00m:00s; Memory used current: 510MB peak: 510MB)


Available hyper_sources - for debug and ip models
	None Found


Finished RTL optimizations (Real Time elapsed 0h:00m:00s; CPU Time elapsed 0h:00m:00s; Memory used current: 511MB peak: 511MB)


Starting factoring (Real Time elapsed 0h:00m:00s; CPU Time elapsed 0h:00m:00s; Memory used current: 512MB peak: 513MB)


Finished factoring (Real Time elapsed 0h:00m:00s; CPU Time elapsed 0h:00m:00s; Memory used current: 513MB peak: 513MB)

NConnInternalConnection caching is on
@W: BN161 :"/tmp/uj11-cp1.wAuEMf/synth/machxo2/uj11_probe_seq.v":5:7:5:20|Net seq.N_21 has multiple drivers .
@W: BN161 :"/tmp/uj11-cp1.wAuEMf/synth/machxo2/uj11_probe_seq.v":5:7:5:20|Net seq.N_42 has multiple drivers .

Finished generic timing optimizations - Pass 1 (Real Time elapsed 0h:00m:00s; CPU Time elapsed 0h:00m:00s; Memory used current: 513MB peak: 513MB)

@W: BN161 :"/tmp/uj11-cp1.wAuEMf/synth/machxo2/uj11_probe_seq.v":5:7:5:20|Net N_7 has multiple drivers .
@W: BN161 :"/tmp/uj11-cp1.wAuEMf/synth/machxo2/uj11_probe_seq.v":5:7:5:20|Net seq.un1_upc_axb_0 has multiple drivers .
@W: BN161 :"/tmp/uj11-cp1.wAuEMf/synth/machxo2/uj11_probe_seq.v":5:7:5:20|Net seq.un1_upc_axb_1 has multiple drivers .
@W: BN161 :"/tmp/uj11-cp1.wAuEMf/synth/machxo2/uj11_probe_seq.v":5:7:5:20|Net seq.un1_upc_axb_2 has multiple drivers .
@W: BN161 :"/tmp/uj11-cp1.wAuEMf/synth/machxo2/uj11_probe_seq.v":5:7:5:20|Net seq.un1_upc_axb_3 has multiple drivers .
@W: BN161 :"/tmp/uj11-cp1.wAuEMf/synth/machxo2/uj11_probe_seq.v":5:7:5:20|Net seq.un1_upc_axb_4 has multiple drivers .
@W: BN161 :"/tmp/uj11-cp1.wAuEMf/synth/machxo2/uj11_probe_seq.v":5:7:5:20|Net seq.un1_upc_axb_5 has multiple drivers .
@W: BN161 :"/tmp/uj11-cp1.wAuEMf/synth/machxo2/uj11_probe_seq.v":5:7:5:20|Net seq.un1_upc_axb_6 has multiple drivers .
@W: BN161 :"/tmp/uj11-cp1.wAuEMf/synth/machxo2/uj11_probe_seq.v":5:7:5:20|Net seq.un1_upc_axb_7 has multiple drivers .
@W: BN161 :"/tmp/uj11-cp1.wAuEMf/synth/machxo2/uj11_probe_seq.v":5:7:5:20|Net seq.un1_upc_axb_8 has multiple drivers .
@W: BN161 :"/tmp/uj11-cp1.wAuEMf/synth/machxo2/uj11_probe_seq.v":5:7:5:20|Net seq.un1_upc_axb_9 has multiple drivers .

Starting Early Timing Optimization (Real Time elapsed 0h:00m:00s; CPU Time elapsed 0h:00m:00s; Memory used current: 514MB peak: 514MB)


Finished Early Timing Optimization (Real Time elapsed 0h:00m:00s; CPU Time elapsed 0h:00m:00s; Memory used current: 514MB peak: 514MB)


Finished generic timing optimizations - Pass 2 (Real Time elapsed 0h:00m:00s; CPU Time elapsed 0h:00m:00s; Memory used current: 514MB peak: 514MB)


Finished preparing to map (Real Time elapsed 0h:00m:00s; CPU Time elapsed 0h:00m:00s; Memory used current: 514MB peak: 514MB)


Finished technology mapping (Real Time elapsed 0h:00m:00s; CPU Time elapsed 0h:00m:00s; Memory used current: 520MB peak: 520MB)

Pass		 CPU time		Worst Slack		Luts / Registers
------------------------------------------------------------
   1		0h:00m:00s		   988.25ns		 121 /        57

Finished technology timing optimizations and critical path resynthesis (Real Time elapsed 0h:00m:00s; CPU Time elapsed 0h:00m:00s; Memory used current: 520MB peak: 520MB)

@N: FX164 |The option to pack registers in the IOB has not been specified. Please set syn_useioff attribute.  

Finished restoring hierarchy (Real Time elapsed 0h:00m:00s; CPU Time elapsed 0h:00m:00s; Memory used current: 520MB peak: 520MB)


Starting CDBProcessSetClockGroups... (Real Time elapsed 0h:00m:00s; CPU Time elapsed 0h:00m:00s; Memory used current: 520MB peak: 520MB)


Finished with CDBProcessSetClockGroups (Real Time elapsed 0h:00m:00s; CPU Time elapsed 0h:00m:00s; Memory used current: 520MB peak: 520MB)


Start Writing Netlists (Real Time elapsed 0h:00m:00s; CPU Time elapsed 0h:00m:00s; Memory used current: 520MB peak: 520MB)

Writing Analyst data base /tmp/uj11-cp1.wAuEMf/synth/machxo2/impl1/synwork/uj11-seq_impl1_m.srm

Finished Writing Netlist Databases (Real Time elapsed 0h:00m:00s; CPU Time elapsed 0h:00m:00s; Memory used current: 520MB peak: 520MB)

Writing EDIF Netlist and constraint files
@N: FX1056 |Writing EDF file: /tmp/uj11-cp1.wAuEMf/synth/machxo2/impl1/uj11-seq_impl1.edi
@N: BW106 |Synplicity Constraint File capacitance units using default value of 1pF 

Finished Writing EDIF Netlist and constraint files (Real Time elapsed 0h:00m:00s; CPU Time elapsed 0h:00m:00s; Memory used current: 527MB peak: 527MB)


Finished Writing Netlists (Real Time elapsed 0h:00m:00s; CPU Time elapsed 0h:00m:00s; Memory used current: 527MB peak: 527MB)


Start final timing analysis (Real Time elapsed 0h:00m:00s; CPU Time elapsed 0h:00m:00s; Memory used current: 527MB peak: 527MB)

@W: MT420 |Found inferred clock uj11_probe_seq|clk with period 1000.00ns. Please declare a user-defined clock on port clk.


##### START OF TIMING REPORT #####[
# Timing report written on Tue Sep  8 17:50:57 2026
#


Top view:               uj11_probe_seq
Requested Frequency:    1.0 MHz
Wire load mode:         top
Paths requested:        5
Constraint File(s):    
@N: MT320 |This timing report is an estimate of place and route data. For final timing results, use the FPGA vendor place and route report.

@N: MT322 |Clock constraints include only register-to-register paths associated with each individual clock.



Performance Summary
*******************


Worst slack in design: 985.894

                       Requested     Estimated     Requested     Estimated                 Clock        Clock     
Starting Clock         Frequency     Frequency     Period        Period        Slack       Type         Group     
------------------------------------------------------------------------------------------------------------------
uj11_probe_seq|clk     1.0 MHz       70.9 MHz      1000.000      14.106        985.894     inferred     (multiple)
==================================================================================================================





Clock Relationships
*******************

Clocks                                  |    rise  to  rise     |    fall  to  fall   |    rise  to  fall   |    fall  to  rise 
--------------------------------------------------------------------------------------------------------------------------------
Starting            Ending              |  constraint  slack    |  constraint  slack  |  constraint  slack  |  constraint  slack
--------------------------------------------------------------------------------------------------------------------------------
uj11_probe_seq|clk  uj11_probe_seq|clk  |  1000.000    985.894  |  No paths    -      |  No paths    -      |  No paths    -    
================================================================================================================================
 Note: 'No paths' indicates there are no paths in the design for that pair of clock edges.
       'Diff grp' indicates that paths exist but the starting clock and ending clock are in different clock groups.



Interface Information 
*********************

No IO constraint found



====================================
Detailed Report for Clock: uj11_probe_seq|clk
====================================



Starting Points with Worst Slack
********************************

                 Starting                                                     Arrival            
Instance         Reference              Type        Pin      Net              Time        Slack  
                 Clock                                                                           
-------------------------------------------------------------------------------------------------
rom.lane_2       uj11_probe_seq|clk     DP8KC       DOA1     uword[19]        3.737       985.894
rom.lane_2       uj11_probe_seq|clk     DP8KC       DOA0     uword[18]        3.737       986.911
rom.lane_1       uj11_probe_seq|clk     DP8KC       DOA0     uword[9]         3.737       987.928
rom.lane_1       uj11_probe_seq|clk     DP8KC       DOA8     uword[17]        3.737       987.928
rom.lane_2       uj11_probe_seq|clk     DP8KC       DOA2     uword[20]        3.737       987.928
rom.lane_3       uj11_probe_seq|clk     DP8KC       DOA8     uword[35]        3.737       987.928
stimulus[17]     uj11_probe_seq|clk     FD1S3IX     Q        stimulus[17]     1.044       988.587
stimulus[27]     uj11_probe_seq|clk     FD1S3IX     Q        stimulus[27]     1.044       988.587
rom.lane_0       uj11_probe_seq|clk     DP8KC       DOA8     uword[8]         3.737       988.944
rom.lane_3       uj11_probe_seq|clk     DP8KC       DOA4     uword[31]        3.737       988.944
=================================================================================================


Ending Points with Worst Slack
******************************

                   Starting                                                          Required            
Instance           Reference              Type         Pin       Net                 Time         Slack  
                   Clock                                                                                 
---------------------------------------------------------------------------------------------------------
serial_out_0io     uj11_probe_seq|clk     OFS1P3IX     D         serial_out_2        1000.089     985.894
rom.lane_0         uj11_probe_seq|clk     DP8KC        ADA10     next_address[7]     998.318      987.726
rom.lane_1         uj11_probe_seq|clk     DP8KC        ADA10     next_address[7]     998.318      987.726
rom.lane_2         uj11_probe_seq|clk     DP8KC        ADA10     next_address[7]     998.318      987.726
rom.lane_3         uj11_probe_seq|clk     DP8KC        ADA10     next_address[7]     998.318      987.726
rom.lane_0         uj11_probe_seq|clk     DP8KC        ADA3      next_address[0]     998.318      987.790
rom.lane_0         uj11_probe_seq|clk     DP8KC        ADA4      next_address[1]     998.318      987.790
rom.lane_0         uj11_probe_seq|clk     DP8KC        ADA6      next_address[3]     998.318      987.790
rom.lane_0         uj11_probe_seq|clk     DP8KC        ADA7      next_address[4]     998.318      987.790
rom.lane_0         uj11_probe_seq|clk     DP8KC        ADA8      next_address[5]     998.318      987.790
=========================================================================================================



Worst Path Information
***********************


Path information for path number 1: 
      Requested Period:                      1000.000
    - Setup time:                            -0.089
    + Clock delay at ending point:           0.000 (ideal)
    = Required time:                         1000.089

    - Propagation time:                      14.195
    - Clock delay at starting point:         0.000 (ideal)
    = Slack (critical) :                     985.894

    Number of logic level(s):                11
    Starting point:                          rom.lane_2 / DOA1
    Ending point:                            serial_out_0io / D
    The start point is clocked by            uj11_probe_seq|clk [rising] (rise=0.000 fall=500.000 period=1000.000) on pin CLKA
    The end   point is clocked by            uj11_probe_seq|clk [rising] (rise=0.000 fall=500.000 period=1000.000) on pin SCLK

Instance / Net                             Pin      Pin               Arrival      No. of    
Name                          Type         Name     Dir     Delay     Time         Fan Out(s)
---------------------------------------------------------------------------------------------
rom.lane_2                    DP8KC        DOA1     Out     3.737     3.737 r      -         
uword[19]                     Net          -        -       -         -            5         
seq.predicates_pmux_2         ORCALUT4     C        In      0.000     3.737 r      -         
seq.predicates_pmux_2         ORCALUT4     Z        Out     1.017     4.753 r      -         
N_158                         Net          -        -       -         -            1         
seq.predicates_pmux_3         ORCALUT4     A        In      0.000     4.753 r      -         
seq.predicates_pmux_3         ORCALUT4     Z        Out     1.017     5.770 r      -         
N_159                         Net          -        -       -         -            1         
seq.condition                 ORCALUT4     A        In      0.000     5.770 r      -         
seq.condition                 ORCALUT4     Z        Out     1.017     6.787 r      -         
condition                     Net          -        -       -         -            1         
seq.condition_RNI836BB        ORCALUT4     A        In      0.000     6.787 r      -         
seq.condition_RNI836BB        ORCALUT4     Z        Out     1.277     8.064 f      -         
next_address_sn_N_9           Net          -        -       -         -            10        
seq.next_address_8[3]         ORCALUT4     B        In      0.000     8.064 f      -         
seq.next_address_8[3]         ORCALUT4     Z        Out     1.017     9.081 r      -         
N_103                         Net          -        -       -         -            1         
seq.next_address_bm[3]        ORCALUT4     A        In      0.000     9.081 r      -         
seq.next_address_bm[3]        ORCALUT4     Z        Out     1.017     10.097 r     -         
next_address_bm[3]            Net          -        -       -         -            1         
seq.next_address[3]           PFUMX        ALUT     In      0.000     10.097 r     -         
seq.next_address[3]           PFUMX        Z        Out     0.430     10.528 r     -         
next_address[3]               Net          -        -       -         -            6         
serial_out_2_a_a_a_RNO_16     ORCALUT4     D        In      0.000     10.528 r     -         
serial_out_2_a_a_a_RNO_16     ORCALUT4     Z        Out     1.017     11.544 r     -         
serial_out_2_a_a_a_1_11       Net          -        -       -         -            1         
serial_out_2_a_a_a_RNO_10     ORCALUT4     D        In      0.000     11.544 r     -         
serial_out_2_a_a_a_RNO_10     ORCALUT4     Z        Out     1.017     12.561 r     -         
serial_out_2_a_a_a_1_15       Net          -        -       -         -            1         
serial_out_2_a_a_a_RNO_2      ORCALUT4     B        In      0.000     12.561 r     -         
serial_out_2_a_a_a_RNO_2      ORCALUT4     Z        Out     1.017     13.578 r     -         
serial_out_2_a_a_a_1_17       Net          -        -       -         -            1         
serial_out_2_a_a_a            ORCALUT4     D        In      0.000     13.578 r     -         
serial_out_2_a_a_a            ORCALUT4     Z        Out     0.617     14.195 r     -         
serial_out_2                  Net          -        -       -         -            1         
serial_out_0io                OFS1P3IX     D        In      0.000     14.195 r     -         
=============================================================================================



##### END OF TIMING REPORT #####]

Timing exceptions that could not be applied

Finished final timing analysis (Real Time elapsed 0h:00m:00s; CPU Time elapsed 0h:00m:00s; Memory used current: 527MB peak: 527MB)


Finished timing report (Real Time elapsed 0h:00m:00s; CPU Time elapsed 0h:00m:00s; Memory used current: 527MB peak: 527MB)

---------------------------------------
Resource Usage Report
Part: lcmxo2_1200hc-4

Register bits: 62 of 1280 (5%)
PIC Latch:       0
I/O cells:       4
Block Rams : 4 of 7 (57%)


Details:
CCU2D:          6
DP8KC:          4
FD1P3IX:        21
FD1S3IX:        39
GSR:            1
IB:             3
IFS1P3IX:       1
INV:            1
L6MUX21:        1
OB:             1
OFS1P3IX:       1
ORCALUT4:       120
PFUMX:          19
PUR:            1
VHI:            3
VLO:            3
Mapper successful!

At Mapper Exit (Real Time elapsed 0h:00m:00s; CPU Time elapsed 0h:00m:00s; Memory used current: 439MB peak: 527MB)

Process took 0h:00m:01s realtime, 0h:00m:01s cputime
# Tue Sep  8 17:50:57 2026

###########################################################]


Synthesis exit by 0.

edif2ngd  -l "MachXO2" -d LCMXO2-1200HC -path "/tmp/uj11-cp1.wAuEMf/synth/machxo2/impl1" -path "/tmp/uj11-cp1.wAuEMf/synth/machxo2"   "/tmp/uj11-cp1.wAuEMf/synth/machxo2/impl1/uj11-seq_impl1.edi" "uj11-seq_impl1.ngo"   
edif2ngd:  version Diamond (64-bit) 3.14.0.75.2

Copyright (c) 1991-1994 by NeoCAD Inc. All rights reserved.
Copyright (c) 1995 AT&T Corp.   All rights reserved.
Copyright (c) 1995-2001 Lucent Technologies Inc.  All rights reserved.
Copyright (c) 2001 Agere Systems   All rights reserved.
Copyright (c) 2002-2024 Lattice Semiconductor Corporation,  All rights reserved.
WARNING - edif2ngd: Unsupported property IMAGE found - ignoring...
Writing the design to uj11-seq_impl1.ngo...

Total CPU Time: 0 secs  
Total REAL Time: 0 secs  
Peak Memory Usage: 32 MB


ngdbuild  -a "MachXO2" -d LCMXO2-1200HC  -p "/home/sash/.local/lscc/diamond/3.14/ispfpga/xo2c00/data"  -p "/tmp/uj11-cp1.wAuEMf/synth/machxo2/impl1" -p "/tmp/uj11-cp1.wAuEMf/synth/machxo2"  "uj11-seq_impl1.ngo" "uj11-seq_impl1.ngd"  	
ngdbuild:  version Diamond (64-bit) 3.14.0.75.2

Copyright (c) 1991-1994 by NeoCAD Inc. All rights reserved.
Copyright (c) 1995 AT&T Corp.   All rights reserved.
Copyright (c) 1995-2001 Lucent Technologies Inc.  All rights reserved.
Copyright (c) 2001 Agere Systems   All rights reserved.
Copyright (c) 2002-2024 Lattice Semiconductor Corporation,  All rights reserved.
Reading 'uj11-seq_impl1.ngo' ...
Loading NGL library '/home/sash/.local/lscc/diamond/3.14/ispfpga/xo2c00a/data/xo2alib.ngl'...
Loading NGL library '/home/sash/.local/lscc/diamond/3.14/ispfpga/xo2c00/data/xo2clib.ngl'...
Loading NGL library '/home/sash/.local/lscc/diamond/3.14/ispfpga/mg5g00/data/mg5glib.ngl'...
Loading NGL library '/home/sash/.local/lscc/diamond/3.14/ispfpga/or5g00/data/orc5glib.ngl'...


Running DRC...

WARNING - ngdbuild: logical net 'rom/lane_0_DOB0' has no load.
WARNING - ngdbuild: logical net 'rom/lane_0_DOB1' has no load.
WARNING - ngdbuild: logical net 'rom/lane_0_DOB2' has no load.
WARNING - ngdbuild: logical net 'rom/lane_0_DOB3' has no load.
WARNING - ngdbuild: logical net 'rom/lane_0_DOB4' has no load.
WARNING - ngdbuild: logical net 'rom/lane_0_DOB5' has no load.
WARNING - ngdbuild: logical net 'rom/lane_0_DOB6' has no load.
WARNING - ngdbuild: logical net 'rom/lane_0_DOB7' has no load.
WARNING - ngdbuild: logical net 'rom/lane_0_DOB8' has no load.
WARNING - ngdbuild: logical net 'rom/lane_1_DOB0' has no load.
WARNING - ngdbuild: logical net 'rom/lane_1_DOB1' has no load.
WARNING - ngdbuild: logical net 'rom/lane_1_DOB2' has no load.
WARNING - ngdbuild: logical net 'rom/lane_1_DOB3' has no load.
WARNING - ngdbuild: logical net 'rom/lane_1_DOB4' has no load.
WARNING - ngdbuild: logical net 'rom/lane_1_DOB5' has no load.
WARNING - ngdbuild: logical net 'rom/lane_1_DOB6' has no load.
WARNING - ngdbuild: logical net 'rom/lane_1_DOB7' has no load.
WARNING - ngdbuild: logical net 'rom/lane_1_DOB8' has no load.
WARNING - ngdbuild: logical net 'rom/lane_2_DOB0' has no load.
WARNING - ngdbuild: logical net 'rom/lane_2_DOB1' has no load.
WARNING - ngdbuild: logical net 'rom/lane_2_DOB2' has no load.
WARNING - ngdbuild: logical net 'rom/lane_2_DOB3' has no load.
WARNING - ngdbuild: logical net 'rom/lane_2_DOB4' has no load.
WARNING - ngdbuild: logical net 'rom/lane_2_DOB5' has no load.
WARNING - ngdbuild: logical net 'rom/lane_2_DOB6' has no load.
WARNING - ngdbuild: logical net 'rom/lane_2_DOB7' has no load.
WARNING - ngdbuild: logical net 'rom/lane_2_DOB8' has no load.
WARNING - ngdbuild: logical net 'rom/lane_3_DOB0' has no load.
WARNING - ngdbuild: logical net 'rom/lane_3_DOB1' has no load.
WARNING - ngdbuild: logical net 'rom/lane_3_DOB2' has no load.
WARNING - ngdbuild: logical net 'rom/lane_3_DOB3' has no load.
WARNING - ngdbuild: logical net 'rom/lane_3_DOB4' has no load.
WARNING - ngdbuild: logical net 'rom/lane_3_DOB5' has no load.
WARNING - ngdbuild: logical net 'rom/lane_3_DOB6' has no load.
WARNING - ngdbuild: logical net 'rom/lane_3_DOB7' has no load.
WARNING - ngdbuild: logical net 'rom/lane_3_DOB8' has no load.
WARNING - ngdbuild: DRC complete with 36 warnings.

Design Results:
    224 blocks expanded
Complete the first expansion.
Writing 'uj11-seq_impl1.ngd' ...
Total CPU Time: 0 secs 
Total REAL Time: 0 secs 
Peak Memory Usage: 67 MB


map -a "MachXO2" -p LCMXO2-1200HC -t QFN32 -s 4 -oc Commercial   "uj11-seq_impl1.ngd" -o "uj11-seq_impl1_map.ncd" -pr "uj11-seq_impl1.prf" -mp "uj11-seq_impl1.mrp" -lpf "/tmp/uj11-cp1.wAuEMf/synth/machxo2/impl1/uj11-seq_impl1_synplify.lpf" -lpf "/tmp/uj11-cp1.wAuEMf/synth/machxo2/uj11.lpf"  -c 0 -pe          
map:  version Diamond (64-bit) 3.14.0.75.2

Copyright (c) 1991-1994 by NeoCAD Inc. All rights reserved.
Copyright (c) 1995 AT&T Corp.   All rights reserved.
Copyright (c) 1995-2001 Lucent Technologies Inc.  All rights reserved.
Copyright (c) 2001 Agere Systems   All rights reserved.
Copyright (c) 2002-2024 Lattice Semiconductor Corporation,  All rights reserved.
   Process the file: uj11-seq_impl1.ngd
   Picdevice="LCMXO2-1200HC"

   Pictype="QFN32"

   Picspeed=4

   Remove unused logic

   Do not produce over sized NCDs.

Part used: LCMXO2-1200HCQFN32, Performance used: 4.

Loading device for application map from file 'xo2c1200.nph' in environment: /home/sash/.local/lscc/diamond/3.14/ispfpga.
Package Status:                     Final          Version 1.44.

Running general design DRC...

Removing unused logic...

Optimizing...

1 CCU2 constant inputs absorbed.




Design Summary:
   Number of registers:     62 out of  1346 (5%)
      PFU registers:           60 out of  1280 (5%)
      PIO registers:            2 out of    66 (3%)
   Number of SLICEs:        67 out of   640 (10%)
      SLICEs as Logic/ROM:     67 out of   640 (10%)
      SLICEs as RAM:            0 out of   480 (0%)
      SLICEs as Carry:          6 out of   640 (1%)
   Number of LUT4s:        133 out of  1280 (10%)
      Number used as logic LUTs:        121
      Number used as distributed RAM:     0
      Number used as ripple logic:       12
      Number used as shift registers:     0
   Number of PIO sites used: 4 + 4(JTAG) out of 22 (36%)
   Number of block RAMs:  4 out of 7 (57%)
   Number of GSRs:        0 out of 1 (0%)
   EFB used :        No
   JTAG used :       No
   Readback used :   No
   Oscillator used : No
   Startup used :    No
   POR :             On
   Bandgap :         On
   Number of Power Controller:  0 out of 1 (0%)
   Number of Dynamic Bank Controller (BCINRD):  0 out of 4 (0%)
   Number of Dynamic Bank Controller (BCLVDSO):  0 out of 1 (0%)
   Number of DCCA:  0 out of 8 (0%)
   Number of DCMA:  0 out of 2 (0%)
   Number of PLLs:  0 out of 1 (0%)
   Number of DQSDLLs:  0 out of 2 (0%)
   Number of CLKDIVC:  0 out of 4 (0%)
   Number of ECLKSYNCA:  0 out of 4 (0%)
   Number of ECLKBRIDGECS:  0 out of 2 (0%)
   Notes:-
      1. Total number of LUT4s = (Number of logic LUT4s) + 2*(Number of distributed RAMs) + 2*(Number of ripple logic)
      2. Number of logic LUT4s does not include count of distributed RAM and ripple logic.
   Number of clocks:  1
     Net clk_c: 42 loads, 42 rising, 0 falling (Driver: PIO clk )
   Number of Clock Enables:  4
     Net un1_reset: 8 loads, 0 LSLICEs
     Net seq/link_valid_0_sqmuxa: 6 loads, 6 LSLICEs
     Net stimulus[29]: 9 loads, 9 LSLICEs
     Net seq/link_valid_en: 1 loads, 1 LSLICEs
   Number of LSRs:  1
     Net reset_c: 38 loads, 36 LSLICEs
   Number of nets driven by tri-state buffers:  0
   Top 10 highest fanout non-clock nets:
     Net reset_c: 50 loads
     Net uword[35]: 25 loads
     Net uword[31]: 23 loads
     Net uword[34]: 22 loads
     Net stimulus[29]: 13 loads
     Net seq.next_address_sn_N_11: 11 loads
     Net seq/next_address_sn_N_15: 10 loads
     Net seq/next_address_sn_N_25: 10 loads
     Net seq/next_address_sn_N_32_mux: 10 loads
     Net seq/next_address_sn_N_9: 10 loads
 

   Number of warnings:  0
   Number of errors:    0



Total CPU Time: 0 secs  
Total REAL Time: 0 secs  
Peak Memory Usage: 150 MB

Dumping design to file uj11-seq_impl1_map.ncd.

mpartrce -p "uj11-seq_impl1.p2t" -f "uj11-seq_impl1.p3t" -tf "uj11-seq_impl1.pt" "uj11-seq_impl1_map.ncd" "uj11-seq_impl1.ncd"

---- MParTrce Tool ----
Removing old design directory at request of -rem command line option to this program.
Running par. Please wait . . .

Lattice Place and Route Report for Design "uj11-seq_impl1_map.ncd"
Tue Sep  8 17:50:57 2026

PAR: Place And Route Diamond (64-bit) 3.14.0.75.2.
Command Line: par -w -l 5 -i 6 -t 1 -c 0 -e 0 -exp parUseNBR=1:parCDP=0:parCDR=0:parPathBased=OFF:parASE=1 uj11-seq_impl1_map.ncd uj11-seq_impl1.dir/5_1.ncd uj11-seq_impl1.prf
Preference file: uj11-seq_impl1.prf.
Placement level-cost: 5-1.
Routing Iterations: 6

Loading design for application par from file uj11-seq_impl1_map.ncd.
Design name: uj11_probe_seq
NCD version: 3.3
Vendor:      LATTICE
Device:      LCMXO2-1200HC
Package:     QFN32
Performance: 4
Loading device for application par from file 'xo2c1200.nph' in environment: /home/sash/.local/lscc/diamond/3.14/ispfpga.
Package Status:                     Final          Version 1.44.
Performance Hardware Data Status:   Final          Version 36.4.
License checked out.


Ignore Preference Error(s):  True
Device utilization summary:

   PIO (prelim)    4+4(JTAG)/108     7% used
                   4+4(JTAG)/22      36% bonded
   IOLOGIC            2/108           1% used

   SLICE             67/640          10% used

   EBR                4/7            57% used


INFO: Design contains pre-loadable EBR during configuration that has a requirement: Since the GSR is disabled for the EBR, make sure write enable and chip enable are inactive during wake-up, so that the pre-loaded initialization values will not be corrupted during wake-up state.
Number of Signals: 218
Number of Connections: 636

Pin Constraint Summary:
   0 out of 4 pins locked (0% locked).

The following 1 signal is selected to use the primary clock routing resources:
    clk_c (driver: clk, clk load #: 42)


The following 1 signal is selected to use the secondary clock routing resources:
    reset_c (driver: reset, clk load #: 0, sr load #: 38, ce load #: 0)

No signal is selected as Global Set/Reset.
.
Starting Placer Phase 0.
..............
Finished Placer Phase 0.  REAL time: 0 secs 

Starting Placer Phase 1.
...................
Placer score = 34081.
Finished Placer Phase 1.  REAL time: 2 secs 

Starting Placer Phase 2.
.
Placer score =  34042
Finished Placer Phase 2.  REAL time: 2 secs 


------------------ Clock Report ------------------

Global Clock Resources:
  CLK_PIN    : 2 out of 8 (25%)
  PLL        : 0 out of 1 (0%)
  DCM        : 0 out of 2 (0%)
  DCC        : 0 out of 8 (0%)

Global Clocks:
  PRIMARY "clk_c" from comp "clk" on CLK_PIN site "13 (PB11A)", clk load = 42
  SECONDARY "reset_c" from comp "reset" on CLK_PIN site "4 (PL9A)", clk load = 0, ce load = 0, sr load = 38

  PRIMARY  : 1 out of 8 (12%)
  SECONDARY: 1 out of 8 (12%)

Edge Clocks:
  No edge clock selected.

--------------- End of Clock Report ---------------


I/O Usage Summary (final):
   4 + 4(JTAG) out of 108 (7.4%) PIO sites used.
   4 + 4(JTAG) out of 22 (36.4%) bonded PIO sites used.
   Number of PIO comps: 4; differential: 0.
   Number of Vref pins used: 0.

I/O Bank Usage Summary:
+----------+--------------+------------+-----------+
| I/O Bank | Usage        | Bank Vccio | Bank Vref |
+----------+--------------+------------+-----------+
| 0        | 0 / 9 (  0%) | -          | -         |
| 1        | 0 / 2 (  0%) | -          | -         |
| 2        | 3 / 9 ( 33%) | 3.3V       | -         |
| 3        | 1 / 2 ( 50%) | 3.3V       | -         |
+----------+--------------+------------+-----------+

Total placer CPU time: 1 secs 

Dumping design to file uj11-seq_impl1.dir/5_1.ncd.

0 connections routed; 636 unrouted.
Starting router resource preassignment

Completed router resource preassignment. Real time: 2 secs 

Start NBR router at Tue Sep 08 17:50:59 +04 2026

*****************************************************************
Info: NBR allows conflicts(one node used by more than one signal)
      in the earlier iterations. In each iteration, it tries to  
      solve the conflicts while keeping the critical connections 
      routed as short as possible. The routing process is said to
      be completed when no conflicts exist and all connections   
      are routed.                                                
Note: NBR uses a different method to calculate timing slacks. The
      worst slack and total negative slack may not be the same as
      that in TRCE report. You should always run TRCE to verify  
      your design.                                               
*****************************************************************

Start NBR special constraint process at Tue Sep 08 17:50:59 +04 2026

Start NBR section for initial routing at Tue Sep 08 17:50:59 +04 2026
Level 1, iteration 1
3(0.00%) conflicts; 503(79.09%) untouched conns; 0 (nbr) score; 
Estimated worst slack/total negative slack<setup>: 1.399ns/0.000ns; real time: 2 secs 
Level 2, iteration 1
2(0.00%) conflicts; 486(76.42%) untouched conns; 0 (nbr) score; 
Estimated worst slack/total negative slack<setup>: 1.791ns/0.000ns; real time: 2 secs 
Level 3, iteration 1
6(0.01%) conflicts; 341(53.62%) untouched conns; 0 (nbr) score; 
Estimated worst slack/total negative slack<setup>: 1.847ns/0.000ns; real time: 2 secs 
Level 4, iteration 1
16(0.02%) conflicts; 0(0.00%) untouched conn; 0 (nbr) score; 
Estimated worst slack/total negative slack<setup>: 1.780ns/0.000ns; real time: 2 secs 

Info: Initial congestion level at 75% usage is 0
Info: Initial congestion area  at 75% usage is 0 (0.00%)

Start NBR section for normal routing at Tue Sep 08 17:50:59 +04 2026
Level 1, iteration 1
0(0.00%) conflict; 20(3.14%) untouched conns; 0 (nbr) score; 
Estimated worst slack/total negative slack<setup>: 1.780ns/0.000ns; real time: 2 secs 
Level 2, iteration 1
0(0.00%) conflict; 20(3.14%) untouched conns; 0 (nbr) score; 
Estimated worst slack/total negative slack<setup>: 1.780ns/0.000ns; real time: 2 secs 
Level 3, iteration 1
0(0.00%) conflict; 20(3.14%) untouched conns; 0 (nbr) score; 
Estimated worst slack/total negative slack<setup>: 1.780ns/0.000ns; real time: 2 secs 
Level 4, iteration 1
8(0.01%) conflicts; 0(0.00%) untouched conn; 0 (nbr) score; 
Estimated worst slack/total negative slack<setup>: 1.780ns/0.000ns; real time: 2 secs 
Level 4, iteration 2
5(0.01%) conflicts; 0(0.00%) untouched conn; 0 (nbr) score; 
Estimated worst slack/total negative slack<setup>: 1.780ns/0.000ns; real time: 2 secs 
Level 4, iteration 3
2(0.00%) conflicts; 0(0.00%) untouched conn; 0 (nbr) score; 
Estimated worst slack/total negative slack<setup>: 1.780ns/0.000ns; real time: 2 secs 
Level 4, iteration 4
0(0.00%) conflict; 0(0.00%) untouched conn; 0 (nbr) score; 
Estimated worst slack/total negative slack<setup>: 1.780ns/0.000ns; real time: 2 secs 

Start NBR section for setup/hold timing optimization with effort level 3 at Tue Sep 08 17:50:59 +04 2026

Start NBR section for re-routing at Tue Sep 08 17:50:59 +04 2026
Level 4, iteration 1
0(0.00%) conflict; 0(0.00%) untouched conn; 0 (nbr) score; 
Estimated worst slack/total negative slack<setup>: 1.780ns/0.000ns; real time: 2 secs 

Start NBR section for post-routing at Tue Sep 08 17:50:59 +04 2026

End NBR router with 0 unrouted connection

NBR Summary
-----------
  Number of unrouted connections : 0 (0.00%)
  Number of connections with timing violations : 0 (0.00%)
  Estimated worst slack<setup> : 1.780ns
  Timing score<setup> : 0
-----------
Notes: The timing info is calculated for SETUP only and all PAR_ADJs are ignored.



Total CPU time 2 secs 
Total REAL time: 2 secs 
Completely routed.
End of route.  636 routed (100.00%); 0 unrouted.

Hold time timing score: 0, hold timing errors: 0

Timing score: 0 

Dumping design to file uj11-seq_impl1.dir/5_1.ncd.


PAR_SUMMARY::Run status = Completed
PAR_SUMMARY::Number of unrouted conns = 0
PAR_SUMMARY::Worst  slack<setup/<ns>> = 1.780
PAR_SUMMARY::Timing score<setup/<ns>> = 0.000
PAR_SUMMARY::Worst  slack<hold /<ns>> = 0.304
PAR_SUMMARY::Timing score<hold /<ns>> = 0.000
PAR_SUMMARY::Number of errors = 0

Total CPU  time to completion: 2 secs 
Total REAL time to completion: 2 secs 

par done!

Note: user must run 'Trace' for timing closure signoff.

Copyright (c) 1991-1994 by NeoCAD Inc. All rights reserved.
Copyright (c) 1995 AT&T Corp.   All rights reserved.
Copyright (c) 1995-2001 Lucent Technologies Inc.  All rights reserved.
Copyright (c) 2001 Agere Systems   All rights reserved.
Copyright (c) 2002-2024 Lattice Semiconductor Corporation,  All rights reserved.
Exiting par with exit code 0
Exiting mpartrce with exit code 0

trce -f "uj11-seq_impl1.pt" -o "uj11-seq_impl1.twr" "uj11-seq_impl1.ncd" "uj11-seq_impl1.prf"
trce:  version Diamond (64-bit) 3.14.0.75.2

Copyright (c) 1991-1994 by NeoCAD Inc. All rights reserved.
Copyright (c) 1995 AT&T Corp.   All rights reserved.
Copyright (c) 1995-2001 Lucent Technologies Inc.  All rights reserved.
Copyright (c) 2001 Agere Systems   All rights reserved.
Copyright (c) 2002-2024 Lattice Semiconductor Corporation,  All rights reserved.

Loading design for application trce from file uj11-seq_impl1.ncd.
Design name: uj11_probe_seq
NCD version: 3.3
Vendor:      LATTICE
Device:      LCMXO2-1200HC
Package:     QFN32
Performance: 4
Loading device for application trce from file 'xo2c1200.nph' in environment: /home/sash/.local/lscc/diamond/3.14/ispfpga.
Package Status:                     Final          Version 1.44.
Performance Hardware Data Status:   Final          Version 36.4.
Setup and Hold Report

--------------------------------------------------------------------------------
Lattice TRACE Report - Setup, Version Diamond (64-bit) 3.14.0.75.2
Tue Sep  8 17:51:00 2026

Copyright (c) 1991-1994 by NeoCAD Inc. All rights reserved.
Copyright (c) 1995 AT&T Corp.   All rights reserved.
Copyright (c) 1995-2001 Lucent Technologies Inc.  All rights reserved.
Copyright (c) 2001 Agere Systems   All rights reserved.
Copyright (c) 2002-2024 Lattice Semiconductor Corporation,  All rights reserved.

Report Information
------------------
Command line:    trce -v 10 -c -u 0 -gt -sethld -sp 4 -sphld m -o uj11-seq_impl1.twr uj11-seq_impl1.ncd uj11-seq_impl1.prf 
Design file:     uj11-seq_impl1.ncd
Preference file: uj11-seq_impl1.prf
Device,speed:    LCMXO2-1200HC,4
Report level:    verbose report, limited to 10 items per preference
--------------------------------------------------------------------------------

BLOCK ASYNCPATHS
BLOCK RESETPATHS
--------------------------------------------------------------------------------



Timing summary (Setup):
---------------

Timing errors: 0  Score: 0
Cumulative negative slack: 0

Constraints cover 4113 paths, 1 nets, and 584 connections (91.82% coverage)

--------------------------------------------------------------------------------
Lattice TRACE Report - Hold, Version Diamond (64-bit) 3.14.0.75.2
Tue Sep  8 17:51:00 2026

Copyright (c) 1991-1994 by NeoCAD Inc. All rights reserved.
Copyright (c) 1995 AT&T Corp.   All rights reserved.
Copyright (c) 1995-2001 Lucent Technologies Inc.  All rights reserved.
Copyright (c) 2001 Agere Systems   All rights reserved.
Copyright (c) 2002-2024 Lattice Semiconductor Corporation,  All rights reserved.

Report Information
------------------
Command line:    trce -v 10 -c -u 0 -gt -sethld -sp 4 -sphld m -o uj11-seq_impl1.twr uj11-seq_impl1.ncd uj11-seq_impl1.prf 
Design file:     uj11-seq_impl1.ncd
Preference file: uj11-seq_impl1.prf
Device,speed:    LCMXO2-1200HC,m
Report level:    verbose report, limited to 10 items per preference
--------------------------------------------------------------------------------

BLOCK ASYNCPATHS
BLOCK RESETPATHS
--------------------------------------------------------------------------------



Timing summary (Hold):
---------------

Timing errors: 0  Score: 0
Cumulative negative slack: 0

Constraints cover 4113 paths, 1 nets, and 584 connections (91.82% coverage)



Timing summary (Setup and Hold):
---------------

Timing errors: 0 (setup), 0 (hold)
Score: 0 (setup), 0 (hold)
Cumulative negative slack: 0 (0+0)
--------------------------------------------------------------------------------

--------------------------------------------------------------------------------

Total CPU Time: 0 secs 
Total REAL Time: 0 secs 
Peak Memory Usage: 121 MB

Nothing is executed for the "PAR - PARTrace" process
python3 tools/report_synthesis.py synth/machxo2/impl1/uj11-seq_impl1.mrp synth/machxo2/impl1/uj11-seq_impl1.twr --output build/cp1-synthesis.json
{
  "lut4": 133,
  "ff": 62,
  "ebr": 4,
  "fmax_mhz": 54.885,
  "timing_pass": true
}
