KEY start 18 cycles1309349 last177777
KEY done 18 cycles1688465 last177777
KEY start 18 cycles1688465 last177777
KEY done 18 cycles2064611 last177777
KEY start 18 cycles2064611 last177777
KEY done 18 cycles2440724 last177777
KEY start 18 cycles2440724 last177777
KEY done 18 cycles2816813 last177777
KEY start 18 cycles2816813 last177777
KEY done 18 cycles3192992 last177777
KEY start 18 cycles3192992 last177777
KEY done 18 cycles3569027 last177777
KEY start 18 cycles3569027 last177777
KEY done 18 cycles3945170 last177777
KEY start 18 cycles3945170 last177777
KEY done 18 cycles4327624 last177777
KEY start 18 cycles4327624 last177777
KEY done 18 cycles4703798 last177777
KEY start 17 cycles4703798 last177777
KEY done 17 cycles5086224 last177777
KEY start 10 cycles5086224 last177777
KEY done 10 cycles5473249 last177777
KEY start 18 cycles5750088 last177777
KEY done 18 cycles6140692 last177777
KEY start 18 cycles6140692 last177777
KEY done 18 cycles6532150 last177777
KEY start 18 cycles6532150 last177777
KEY done 18 cycles6930327 last177777
KEY start 17 cycles6930327 last177777
KEY done 17 cycles7321468 last177777
KEY start 17 cycles7321468 last177777
KEY done 17 cycles7701775 last177777
KEY start 17 cycles7701775 last177777
KEY done 17 cycles8098842 last177777
AUTO scan timing: initial 2791204 clocks, interior 502568 clocks, two trips 49388583 clocks
KEY start 15 cycles75288350 last177777
KEY done 15 cycles75702864 last177777
KEY start 11 cycles75702864 last177777
KEY done 11 cycles75932005 last177777
KEY start 8 cycles75932005 last177777
KEY done 8 cycles76160952 last177777
KEY start 9 cycles76160952 last177777
KEY done 9 cycles76389887 last177777
KEY start 15 cycles76389887 last177777
KEY done 15 cycles76618714 last177777
KEY start 10 cycles76618714 last177777
KEY done 10 cycles76847538 last177777
KEY start 12 cycles77220565 last177777
KEY done 12 cycles77449592 last177777
KEY start 1 cycles77449592 last177777
KEY done 1 cycles77679170 last177777
KEY start 4 cycles77679170 last177777
KEY done 4 cycles77908763 last177777
KEY start 3 cycles77908763 last177777
KEY done 3 cycles78138311 last177777
KEY start 0 cycles78138311 last177777
KEY done 0 cycles78367829 last177777
KEY start 4 cycles78367829 last177777
KEY done 4 cycles78597392 last177777
KEY start 2 cycles78597392 last177777
KEY done 2 cycles78826910 last177777
KEY start 19 cycles78826910 last177777
KEY done 19 cycles79227380 last177777
KEY start 13 cycles99723078 last177777
KEY done 13 cycles99953481 last177777
KEY start 3 cycles99953481 last177777
KEY done 3 cycles100183071 last177777
KEY start 0 cycles100183071 last177777
KEY done 0 cycles100412631 last177777
KEY start 0 cycles100412631 last177777
KEY done 0 cycles100642191 last177777
KEY start 0 cycles100642191 last177777
KEY done 0 cycles100871751 last177777
KEY start 6 cycles100871751 last177777
KEY done 6 cycles101101359 last177777
KEY start 16 cycles102028172 last177777
KEY done 16 cycles102248629 last177777
KEY start 18 cycles102248629 last177777
KEY done 18 cycles102470608 last177777
KEY start 18 cycles102470608 last177777
KEY done 18 cycles102692575 last177777
KEY start 18 cycles102692575 last177777
KEY done 18 cycles102911655 last177777
KEY start 18 cycles102911655 last177777
KEY done 18 cycles103131968 last177777
KEY start 18 cycles103131968 last177777
KEY done 18 cycles103352896 last177777
KEY start 18 cycles103352896 last177777
KEY done 18 cycles103572870 last177777
KEY start 18 cycles103572870 last177777
KEY done 18 cycles103793489 last177777
KEY start 18 cycles103793489 last177777
KEY done 18 cycles104015450 last177777
KEY start 19 cycles104015450 last177777
KEY done 19 cycles104234766 last177777
KEY start 3 cycles104234766 last177777
KEY done 3 cycles104464356 last177777
KEY start 0 cycles104464356 last177777
KEY done 0 cycles104693916 last177777
KEY start 0 cycles104693916 last177777
KEY done 0 cycles104923476 last177777
KEY start 0 cycles104923476 last177777
KEY done 0 cycles105153036 last177777
KEY start 4 cycles105153036 last177777
KEY done 4 cycles105382641 last177777
KEY start 19 cycles105382641 last177777
KEY done 19 cycles105764310 last177777
KEY start 16 cycles105764310 last177777
KEY done 16 cycles105986088 last177777
KEY start 18 cycles105986088 last177777
KEY done 18 cycles106208549 last177777
KEY start 18 cycles106208549 last177777
KEY done 18 cycles106430760 last177777
KEY start 19 cycles106430760 last177777
KEY done 19 cycles106804488 last177777
KEY start 16 cycles106804488 last177777
KEY done 16 cycles107026516 last177777
KEY start 17 cycles107026516 last177777
KEY done 17 cycles107248925 last177777
KEY start 19 cycles107248925 last177777
KEY done 19 cycles107468295 last177777
KEY start 3 cycles107468295 last177777
KEY done 3 cycles107697885 last177777
KEY start 0 cycles107697885 last177777
KEY done 0 cycles107927445 last177777
KEY start 0 cycles107927445 last177777
KEY done 0 cycles108157005 last177777
KEY start 0 cycles108157005 last177777
KEY done 0 cycles108386565 last177777
KEY start 4 cycles108386565 last177777
KEY done 4 cycles108616170 last177777
KEY start 19 cycles108616170 last177777
KEY done 19 cycles108995748 last177777
KEY start 16 cycles109241625 last177777
KEY done 16 cycles109473883 last177777
KEY start 18 cycles109473883 last177777
KEY done 18 cycles109696094 last177777
KEY start 18 cycles109696094 last177777
KEY done 18 cycles109918350 last177777
KEY start 19 cycles109918350 last177777
KEY done 19 cycles110294017 last177777
KEY start 16 cycles111100344 last177777
KEY done 16 cycles111332397 last177777
KEY start 18 cycles111332397 last177777
KEY done 18 cycles111554319 last177777
KEY start 19 cycles111554319 last177777
KEY done 19 cycles111773635 last177777
KEY start 3 cycles111773635 last177777
KEY done 3 cycles112003225 last177777
KEY start 0 cycles112003225 last177777
KEY done 0 cycles112232785 last177777
KEY start 0 cycles112232785 last177777
KEY done 0 cycles112462345 last177777
KEY start 0 cycles112462345 last177777
KEY done 0 cycles112691905 last177777
KEY start 6 cycles112691905 last177777
KEY done 6 cycles112921513 last177777
KEY start 19 cycles112921513 last177777
KEY done 19 cycles113862340 last177777
KEY start 16 cycles113862340 last177777
KEY done 16 cycles114084079 last177777
KEY start 18 cycles114084079 last177777
KEY done 18 cycles114304732 last177777
KEY start 17 cycles114304732 last177777
KEY done 17 cycles114526626 last177777
PASS CP66: 2699 checks 85 windows 114526626 clocks
- /Users/sash/Work/PROJECTS/k1801vm1/uJ11-fpga/build/cp66-panel-release/cp66_panel.vh:187: Verilog $finish
PASS CP64 monitor: 2699 checks 163 commands 114526626 clocks
- build/cp66-panel-release/tb.v:149: Verilog $finish
- S i m u l a t i o n   R e p o r t: Verilator 5.050 2026-07-01
- Verilator: $finish at 1s; walltime 58.427 s; speed 19.602 ms/s
- Verilator: cpu 58.246 s on 1 threads; allocated 3 MB
