
Loading design for application trce from file cp55a_impl1.ncd.
Design name: uj11_hc1200_microcomp
NCD version: 3.3
Vendor:      LATTICE
Device:      LCMXO2-1200HC
Package:     QFN32
Performance: 4
Loading device for application trce from file 'xo2c1200.nph' in environment: /home/sash/.local/lscc/diamond/3.14/ispfpga.
Package Status:                     Final          Version 1.44.
Performance Hardware Data Status:   Final          Version 36.4.
Setup and Hold Report

--------------------------------------------------------------------------------
Lattice TRACE Report - Setup, Version Diamond (64-bit) 3.14.0.75.2
Fri Sep 11 14:51:12 2026

Copyright (c) 1991-1994 by NeoCAD Inc. All rights reserved.
Copyright (c) 1995 AT&T Corp.   All rights reserved.
Copyright (c) 1995-2001 Lucent Technologies Inc.  All rights reserved.
Copyright (c) 2001 Agere Systems   All rights reserved.
Copyright (c) 2002-2024 Lattice Semiconductor Corporation,  All rights reserved.

Report Information
------------------
Command line:    trce -v 10 -c -u 0 -gt -sethld -sp 4 -sphld m -o cp55a_impl1.twr cp55a_impl1.ncd cp55a_impl1.prf 
Design file:     cp55a_impl1.ncd
Preference file: cp55a_impl1.prf
Device,speed:    LCMXO2-1200HC,4
Report level:    verbose report, limited to 10 items per preference
--------------------------------------------------------------------------------

BLOCK ASYNCPATHS
BLOCK RESETPATHS
--------------------------------------------------------------------------------



================================================================================
Preference: FREQUENCY NET "clk" 29.560000 MHz ;
            4096 items scored, 0 timing errors detected.
--------------------------------------------------------------------------------


Passed: The following path meets requirements by 1.390ns

 Logical Details:  Cell type  Pin type       Cell/ASIC name  (clock net +/-)

   Source:         DP8KC      Port           system/cpu/engine/rom/lane_2(ASIC)  (from clk +)
   Destination:    DP8KC      Port           system/cpu/engine/rom/lane_2(ASIC)  (to clk +)

   Delay:              32.465ns  (39.7% logic, 60.3% route), 17 logic levels.

 Constraint Details:

     32.465ns physical path delay system/cpu/engine/rom/lane_2 to system/cpu/engine/rom/lane_2 meets
     33.829ns delay constraint less
      0.000ns skew and
     -0.026ns ADDR_SET requirement (totaling 33.855ns) by 1.390ns

 Physical Path Details:

      Data path system/cpu/engine/rom/lane_2 to system/cpu/engine/rom/lane_2:

   Name    Fanout   Delay (ns)          Site               Resource
C2Q_DEL     ---     4.979  EBR_R6C7.CLKA to  EBR_R6C7.DOA8 system/cpu/engine/rom/lane_2 (from clk)
ROUTE         4     1.189  EBR_R6C7.DOA8 to      R5C10A.D1 system/cpu/engine/a_select_2[0]
CTOF_DEL    ---     0.495      R5C10A.D1 to      R5C10A.F1 system/cpu/engine/SLICE_618
ROUTE         1     0.623      R5C10A.F1 to      R4C10A.D1 system/cpu/engine/un6_select_register[1]
CTOF_DEL    ---     0.495      R4C10A.D1 to      R4C10A.F1 system/cpu/engine/SLICE_515
ROUTE        18     1.980      R4C10A.F1 to      R2C10A.B0 system/cpu/engine/un9_d_axb1
CTOF_DEL    ---     0.495      R2C10A.B0 to      R2C10A.F0 system/cpu/engine/dp/rf/words_ram/SLICE_44
ROUTE        49     1.822      R2C10A.F0 to      R5C15D.C0 system/address[0]
CTOF_DEL    ---     0.495      R5C15D.C0 to      R5C15D.F0 system/SLICE_420
ROUTE         7     0.985      R5C15D.F0 to      R5C12A.D1 system/error_5_1
CTOF_DEL    ---     0.495      R5C12A.D1 to      R5C12A.F1 system/SLICE_421
ROUTE        21     0.682      R5C12A.F1 to      R5C12D.D1 system/mem_requestdupdup
CTOF_DEL    ---     0.495      R5C12D.D1 to      R5C12D.F1 system/SLICE_419
ROUTE        23     0.643      R5C12D.F1 to      R5C12C.D0 system/mem_writedupdup
CTOF_DEL    ---     0.495      R5C12C.D0 to      R5C12C.F0 system/SLICE_457
ROUTE         3     0.967      R5C12C.F0 to      R5C10D.D1 system/bus/service_dma_operanddupdup
CTOF_DEL    ---     0.495      R5C10D.D1 to      R5C10D.F1 system/bus/SLICE_432
ROUTE        13     1.104      R5C10D.F1 to      R3C12D.D0 system/bus/cpu_io_pagedupdup
CTOF_DEL    ---     0.495      R3C12D.D0 to      R3C12D.F0 system/SLICE_380
ROUTE         6     0.461      R3C12D.F0 to      R3C12D.C1 system/acknowledgedupdup
CTOF_DEL    ---     0.495      R3C12D.C1 to      R3C12D.F1 system/SLICE_380
ROUTE         8     1.492      R3C12D.F1 to      R5C18A.D0 system/cpu/engine/un1_bus_fault_2dupdup
CTOF_DEL    ---     0.495      R5C18A.D0 to      R5C18A.F0 system/cpu/engine/SLICE_596
ROUTE         3     0.635      R5C18A.F0 to      R5C18B.D1 system/cpu/engine/fault_redirectdup
CTOF_DEL    ---     0.495      R5C18B.D1 to      R5C18B.F1 system/cpu/engine/seq/SLICE_508
ROUTE         9     1.021      R5C18B.F1 to      R5C19B.A1 system/cpu/engine/seq/next_address_6_sqmuxa
CTOF_DEL    ---     0.495      R5C19B.A1 to      R5C19B.F1 system/cpu/engine/seq/SLICE_504
ROUTE         1     1.004      R5C19B.F1 to      R5C19B.B0 system/cpu/engine/seq/next_address_0_iv_0[3]
CTOF_DEL    ---     0.495      R5C19B.B0 to      R5C19B.F0 system/cpu/engine/seq/SLICE_504
ROUTE         1     1.450      R5C19B.F0 to      R3C20B.B0 system/cpu/engine/seq/next_address_0_iv_2[3]
CTOF_DEL    ---     0.495      R3C20B.B0 to      R3C20B.F0 system/cpu/engine/seq/SLICE_484
ROUTE         1     0.958      R3C20B.F0 to      R2C19D.D1 system/cpu/engine/seq/next_address_0_iv_5[3]
CTOF_DEL    ---     0.495      R2C19D.D1 to      R2C19D.F1 system/cpu/engine/seq/SLICE_237
ROUTE         5     2.550      R2C19D.F1 to  EBR_R6C7.ADA6 system/cpu/engine/next_address[3] (to clk)
                  --------
                   32.465   (39.7% logic, 60.3% route), 17 logic levels.

 Clock Skew Details: 

      Source Clock Path oscillator to system/cpu/engine/rom/lane_2:

   Name    Fanout   Delay (ns)          Site               Resource
ROUTE       239     3.714        OSC.OSC to  EBR_R6C7.CLKA clk
                  --------
                    3.714   (0.0% logic, 100.0% route), 0 logic levels.

      Destination Clock Path oscillator to system/cpu/engine/rom/lane_2:

   Name    Fanout   Delay (ns)          Site               Resource
ROUTE       239     3.714        OSC.OSC to  EBR_R6C7.CLKA clk
                  --------
                    3.714   (0.0% logic, 100.0% route), 0 logic levels.


Passed: The following path meets requirements by 1.614ns

 Logical Details:  Cell type  Pin type       Cell/ASIC name  (clock net +/-)

   Source:         DP8KC      Port           system/cpu/engine/rom/lane_2(ASIC)  (from clk +)
   Destination:    FF         Data in        system/bus/fixed_uart.console/rx_irq_o  (to clk +)

   Delay:              31.760ns  (42.2% logic, 57.8% route), 18 logic levels.

 Constraint Details:

     31.760ns physical path delay system/cpu/engine/rom/lane_2 to system/bus/fixed_uart.console/SLICE_247 meets
     33.829ns delay constraint less
      0.173ns skew and
      0.282ns CE_SET requirement (totaling 33.374ns) by 1.614ns

 Physical Path Details:

      Data path system/cpu/engine/rom/lane_2 to system/bus/fixed_uart.console/SLICE_247:

   Name    Fanout   Delay (ns)          Site               Resource
C2Q_DEL     ---     4.979  EBR_R6C7.CLKA to  EBR_R6C7.DOA8 system/cpu/engine/rom/lane_2 (from clk)
ROUTE         4     1.189  EBR_R6C7.DOA8 to      R5C10A.D1 system/cpu/engine/a_select_2[0]
CTOF_DEL    ---     0.495      R5C10A.D1 to      R5C10A.F1 system/cpu/engine/SLICE_618
ROUTE         1     0.623      R5C10A.F1 to      R4C10A.D1 system/cpu/engine/un6_select_register[1]
CTOF_DEL    ---     0.495      R4C10A.D1 to      R4C10A.F1 system/cpu/engine/SLICE_515
ROUTE        18     1.980      R4C10A.F1 to      R2C10A.B0 system/cpu/engine/un9_d_axb1
CTOF_DEL    ---     0.495      R2C10A.B0 to      R2C10A.F0 system/cpu/engine/dp/rf/words_ram/SLICE_44
ROUTE        49     1.822      R2C10A.F0 to      R5C15D.C0 system/address[0]
CTOF_DEL    ---     0.495      R5C15D.C0 to      R5C15D.F0 system/SLICE_420
ROUTE         7     0.985      R5C15D.F0 to      R5C12A.D1 system/error_5_1
CTOF_DEL    ---     0.495      R5C12A.D1 to      R5C12A.F1 system/SLICE_421
ROUTE        21     0.682      R5C12A.F1 to      R5C12D.D1 system/mem_requestdupdup
CTOF_DEL    ---     0.495      R5C12D.D1 to      R5C12D.F1 system/SLICE_419
ROUTE        23     0.643      R5C12D.F1 to      R5C12C.D0 system/mem_writedupdup
CTOF_DEL    ---     0.495      R5C12C.D0 to      R5C12C.F0 system/SLICE_457
ROUTE         3     0.967      R5C12C.F0 to      R5C10D.D1 system/bus/service_dma_operanddupdup
CTOF_DEL    ---     0.495      R5C10D.D1 to      R5C10D.F1 system/bus/SLICE_432
ROUTE        13     1.104      R5C10D.F1 to      R3C12D.D0 system/bus/cpu_io_pagedupdup
CTOF_DEL    ---     0.495      R3C12D.D0 to      R3C12D.F0 system/SLICE_380
ROUTE         6     1.104      R3C12D.F0 to      R2C14B.D1 system/acknowledgedupdup
CTOF_DEL    ---     0.495      R2C14B.D1 to      R2C14B.F1 system/SLICE_619
ROUTE         1     0.964      R2C14B.F1 to      R3C14A.A1 system/cpu/engine/readydupdup_RNO
CTOF_DEL    ---     0.495      R3C14A.A1 to      R3C14A.F1 system/cpu/engine/SLICE_395
ROUTE         1     0.958      R3C14A.F1 to      R5C14B.D0 system/cpu/engine/readydupdup
CTOF_DEL    ---     0.495      R5C14B.D0 to      R5C14B.F0 system/cpu/engine/SLICE_364
ROUTE         9     1.190      R5C14B.F0 to       R3C8A.D1 system/cpu/engine/readydupdup_RNIFL1N8
CTOF_DEL    ---     0.495       R3C8A.D1 to       R3C8A.F1 system/SLICE_477
ROUTE         6     0.791       R3C8A.F1 to       R3C6C.C1 system/irq_pending_RNIRSORG
CTOF_DEL    ---     0.495       R3C6C.C1 to       R3C6C.F1 system/SLICE_378
ROUTE         2     1.508       R3C6C.F1 to       R3C4B.D1 system/device_ack
CTOF_DEL    ---     0.495       R3C4B.D1 to       R3C4B.F1 system/bus/SLICE_451
ROUTE         3     0.445       R3C4B.F1 to       R3C4B.C0 system/bus/vic_strobe
CTOF_DEL    ---     0.495       R3C4B.C0 to       R3C4B.F0 system/bus/SLICE_451
ROUTE         2     0.758       R3C4B.F0 to       R3C3C.C1 system/bus/rx_irq_ack
CTOF_DEL    ---     0.495       R3C3C.C1 to       R3C3C.F1 system/bus/fixed_uart.console/SLICE_101
ROUTE         1     0.653       R3C3C.F1 to       R3C3A.CE system/bus/fixed_uart.console/un1_rx_full8_1_i (to clk)
                  --------
                   31.760   (42.2% logic, 57.8% route), 18 logic levels.

 Clock Skew Details: 

      Source Clock Path oscillator to system/cpu/engine/rom/lane_2:

   Name    Fanout   Delay (ns)          Site               Resource
ROUTE       239     3.714        OSC.OSC to  EBR_R6C7.CLKA clk
                  --------
                    3.714   (0.0% logic, 100.0% route), 0 logic levels.

      Destination Clock Path oscillator to system/bus/fixed_uart.console/SLICE_247:

   Name    Fanout   Delay (ns)          Site               Resource
ROUTE       239     3.541        OSC.OSC to      R3C3A.CLK clk
                  --------
                    3.541   (0.0% logic, 100.0% route), 0 logic levels.


Passed: The following path meets requirements by 1.731ns

 Logical Details:  Cell type  Pin type       Cell/ASIC name  (clock net +/-)

   Source:         DP8KC      Port           system/cpu/engine/rom/lane_2(ASIC)  (from clk +)
   Destination:    DP8KC      Port           system/cpu/engine/rom/lane_2(ASIC)  (to clk +)

   Delay:              32.124ns  (40.9% logic, 59.1% route), 17 logic levels.

 Constraint Details:

     32.124ns physical path delay system/cpu/engine/rom/lane_2 to system/cpu/engine/rom/lane_2 meets
     33.829ns delay constraint less
      0.000ns skew and
     -0.026ns ADDR_SET requirement (totaling 33.855ns) by 1.731ns

 Physical Path Details:

      Data path system/cpu/engine/rom/lane_2 to system/cpu/engine/rom/lane_2:

   Name    Fanout   Delay (ns)          Site               Resource
C2Q_DEL     ---     4.979  EBR_R6C7.CLKA to  EBR_R6C7.DOA8 system/cpu/engine/rom/lane_2 (from clk)
ROUTE         4     1.189  EBR_R6C7.DOA8 to      R5C10A.D1 system/cpu/engine/a_select_2[0]
CTOF_DEL    ---     0.495      R5C10A.D1 to      R5C10A.F1 system/cpu/engine/SLICE_618
ROUTE         1     0.623      R5C10A.F1 to      R4C10A.D1 system/cpu/engine/un6_select_register[1]
CTOF_DEL    ---     0.495      R4C10A.D1 to      R4C10A.F1 system/cpu/engine/SLICE_515
ROUTE        18     1.980      R4C10A.F1 to      R2C10A.B0 system/cpu/engine/un9_d_axb1
CTOF_DEL    ---     0.495      R2C10A.B0 to      R2C10A.F0 system/cpu/engine/dp/rf/words_ram/SLICE_44
ROUTE        49     1.822      R2C10A.F0 to      R5C15D.C0 system/address[0]
CTOF_DEL    ---     0.495      R5C15D.C0 to      R5C15D.F0 system/SLICE_420
ROUTE         7     0.985      R5C15D.F0 to      R5C12A.D1 system/error_5_1
CTOF_DEL    ---     0.495      R5C12A.D1 to      R5C12A.F1 system/SLICE_421
ROUTE        21     0.682      R5C12A.F1 to      R5C12D.D1 system/mem_requestdupdup
CTOF_DEL    ---     0.495      R5C12D.D1 to      R5C12D.F1 system/SLICE_419
ROUTE        23     0.643      R5C12D.F1 to      R5C12C.D0 system/mem_writedupdup
CTOF_DEL    ---     0.495      R5C12C.D0 to      R5C12C.F0 system/SLICE_457
ROUTE         3     0.967      R5C12C.F0 to      R5C10D.D1 system/bus/service_dma_operanddupdup
CTOF_DEL    ---     0.495      R5C10D.D1 to      R5C10D.F1 system/bus/SLICE_432
ROUTE        13     1.104      R5C10D.F1 to      R3C12D.D0 system/bus/cpu_io_pagedupdup
CTOF_DEL    ---     0.495      R3C12D.D0 to      R3C12D.F0 system/SLICE_380
ROUTE         6     0.461      R3C12D.F0 to      R3C12D.C1 system/acknowledgedupdup
CTOF_DEL    ---     0.495      R3C12D.C1 to      R3C12D.F1 system/SLICE_380
ROUTE         8     1.599      R3C12D.F1 to      R5C17C.D1 system/cpu/engine/un1_bus_fault_2dupdup
CTOOFX_DEL  ---     0.721      R5C17C.D1 to    R5C17C.OFX0 system/cpu/engine/seq/predicates_pmux_6/SLICE_289
ROUTE         1     0.626    R5C17C.OFX0 to      R5C17B.D0 system/cpu/engine/seq/N_65
CTOF_DEL    ---     0.495      R5C17B.D0 to      R5C17B.F0 system/cpu/engine/seq/SLICE_499
ROUTE         2     1.166      R5C17B.F0 to      R4C20D.D0 system/cpu/engine/seq/condition
CTOF_DEL    ---     0.495      R4C20D.D0 to      R4C20D.F0 system/cpu/engine/seq/SLICE_490
ROUTE         1     0.958      R4C20D.F0 to      R3C19C.D0 system/cpu/engine/seq/un1_next_address33
CTOF_DEL    ---     0.495      R3C19C.D0 to      R3C19C.F0 system/cpu/engine/seq/SLICE_488
ROUTE        10     0.686      R3C19C.F0 to      R3C20B.D0 system/cpu/engine/seq/next_address_3_sqmuxa
CTOF_DEL    ---     0.495      R3C20B.D0 to      R3C20B.F0 system/cpu/engine/seq/SLICE_484
ROUTE         1     0.958      R3C20B.F0 to      R2C19D.D1 system/cpu/engine/seq/next_address_0_iv_5[3]
CTOF_DEL    ---     0.495      R2C19D.D1 to      R2C19D.F1 system/cpu/engine/seq/SLICE_237
ROUTE         5     2.550      R2C19D.F1 to  EBR_R6C7.ADA6 system/cpu/engine/next_address[3] (to clk)
                  --------
                   32.124   (40.9% logic, 59.1% route), 17 logic levels.

 Clock Skew Details: 

      Source Clock Path oscillator to system/cpu/engine/rom/lane_2:

   Name    Fanout   Delay (ns)          Site               Resource
ROUTE       239     3.714        OSC.OSC to  EBR_R6C7.CLKA clk
                  --------
                    3.714   (0.0% logic, 100.0% route), 0 logic levels.

      Destination Clock Path oscillator to system/cpu/engine/rom/lane_2:

   Name    Fanout   Delay (ns)          Site               Resource
ROUTE       239     3.714        OSC.OSC to  EBR_R6C7.CLKA clk
                  --------
                    3.714   (0.0% logic, 100.0% route), 0 logic levels.


Passed: The following path meets requirements by 1.776ns

 Logical Details:  Cell type  Pin type       Cell/ASIC name  (clock net +/-)

   Source:         DP8KC      Port           system/cpu/engine/rom/lane_2(ASIC)  (from clk +)
   Destination:    DP8KC      Port           system/cpu/engine/rom/lane_2(ASIC)  (to clk +)

   Delay:              32.079ns  (38.7% logic, 61.3% route), 16 logic levels.

 Constraint Details:

     32.079ns physical path delay system/cpu/engine/rom/lane_2 to system/cpu/engine/rom/lane_2 meets
     33.829ns delay constraint less
      0.000ns skew and
     -0.026ns ADDR_SET requirement (totaling 33.855ns) by 1.776ns

 Physical Path Details:

      Data path system/cpu/engine/rom/lane_2 to system/cpu/engine/rom/lane_2:

   Name    Fanout   Delay (ns)          Site               Resource
C2Q_DEL     ---     4.979  EBR_R6C7.CLKA to  EBR_R6C7.DOA8 system/cpu/engine/rom/lane_2 (from clk)
ROUTE         4     1.189  EBR_R6C7.DOA8 to      R5C10A.D1 system/cpu/engine/a_select_2[0]
CTOF_DEL    ---     0.495      R5C10A.D1 to      R5C10A.F1 system/cpu/engine/SLICE_618
ROUTE         1     0.623      R5C10A.F1 to      R4C10A.D1 system/cpu/engine/un6_select_register[1]
CTOF_DEL    ---     0.495      R4C10A.D1 to      R4C10A.F1 system/cpu/engine/SLICE_515
ROUTE        18     1.980      R4C10A.F1 to      R2C10A.B1 system/cpu/engine/un9_d_axb1
CTOF_DEL    ---     0.495      R2C10A.B1 to      R2C10A.F1 system/cpu/engine/dp/rf/words_ram/SLICE_44
ROUTE        42     2.075      R2C10A.F1 to       R5C5C.D0 system/address[1]
CTOF_DEL    ---     0.495       R5C5C.D0 to       R5C5C.F0 system/bus/SLICE_412
ROUTE         4     1.826       R5C5C.F0 to      R4C11A.A1 system/bus/un1_address_28_1
CTOF_DEL    ---     0.495      R4C11A.A1 to      R4C11A.F1 system/bus/SLICE_463
ROUTE         4     0.453      R4C11A.F1 to      R4C11B.C0 system/bus/un1_address_28
CTOF_DEL    ---     0.495      R4C11B.C0 to      R4C11B.F0 system/bus/SLICE_600
ROUTE         2     0.972      R4C11B.F0 to      R5C12B.D0 system/bus/immediate_io_response_2
CTOF_DEL    ---     0.495      R5C12B.D0 to      R5C12B.F0 system/bus/SLICE_444
ROUTE         1     0.986      R5C12B.F0 to      R3C12D.A0 system/bus/acknowledgedupdup_RNO
CTOF_DEL    ---     0.495      R3C12D.A0 to      R3C12D.F0 system/SLICE_380
ROUTE         6     0.461      R3C12D.F0 to      R3C12D.C1 system/acknowledgedupdup
CTOF_DEL    ---     0.495      R3C12D.C1 to      R3C12D.F1 system/SLICE_380
ROUTE         8     1.492      R3C12D.F1 to      R5C18A.D0 system/cpu/engine/un1_bus_fault_2dupdup
CTOF_DEL    ---     0.495      R5C18A.D0 to      R5C18A.F0 system/cpu/engine/SLICE_596
ROUTE         3     0.635      R5C18A.F0 to      R5C18B.D1 system/cpu/engine/fault_redirectdup
CTOF_DEL    ---     0.495      R5C18B.D1 to      R5C18B.F1 system/cpu/engine/seq/SLICE_508
ROUTE         9     1.021      R5C18B.F1 to      R5C19B.A1 system/cpu/engine/seq/next_address_6_sqmuxa
CTOF_DEL    ---     0.495      R5C19B.A1 to      R5C19B.F1 system/cpu/engine/seq/SLICE_504
ROUTE         1     1.004      R5C19B.F1 to      R5C19B.B0 system/cpu/engine/seq/next_address_0_iv_0[3]
CTOF_DEL    ---     0.495      R5C19B.B0 to      R5C19B.F0 system/cpu/engine/seq/SLICE_504
ROUTE         1     1.450      R5C19B.F0 to      R3C20B.B0 system/cpu/engine/seq/next_address_0_iv_2[3]
CTOF_DEL    ---     0.495      R3C20B.B0 to      R3C20B.F0 system/cpu/engine/seq/SLICE_484
ROUTE         1     0.958      R3C20B.F0 to      R2C19D.D1 system/cpu/engine/seq/next_address_0_iv_5[3]
CTOF_DEL    ---     0.495      R2C19D.D1 to      R2C19D.F1 system/cpu/engine/seq/SLICE_237
ROUTE         5     2.550      R2C19D.F1 to  EBR_R6C7.ADA6 system/cpu/engine/next_address[3] (to clk)
                  --------
                   32.079   (38.7% logic, 61.3% route), 16 logic levels.

 Clock Skew Details: 

      Source Clock Path oscillator to system/cpu/engine/rom/lane_2:

   Name    Fanout   Delay (ns)          Site               Resource
ROUTE       239     3.714        OSC.OSC to  EBR_R6C7.CLKA clk
                  --------
                    3.714   (0.0% logic, 100.0% route), 0 logic levels.

      Destination Clock Path oscillator to system/cpu/engine/rom/lane_2:

   Name    Fanout   Delay (ns)          Site               Resource
ROUTE       239     3.714        OSC.OSC to  EBR_R6C7.CLKA clk
                  --------
                    3.714   (0.0% logic, 100.0% route), 0 logic levels.


Passed: The following path meets requirements by 1.817ns

 Logical Details:  Cell type  Pin type       Cell/ASIC name  (clock net +/-)

   Source:         DP8KC      Port           system/cpu/engine/rom/lane_2(ASIC)  (from clk +)
   Destination:    DP8KC      Port           system/cpu/engine/rom/lane_3(ASIC)  (to clk +)

   Delay:              32.038ns  (40.3% logic, 59.7% route), 17 logic levels.

 Constraint Details:

     32.038ns physical path delay system/cpu/engine/rom/lane_2 to system/cpu/engine/rom/lane_3 meets
     33.829ns delay constraint less
      0.000ns skew and
     -0.026ns ADDR_SET requirement (totaling 33.855ns) by 1.817ns

 Physical Path Details:

      Data path system/cpu/engine/rom/lane_2 to system/cpu/engine/rom/lane_3:

   Name    Fanout   Delay (ns)          Site               Resource
C2Q_DEL     ---     4.979  EBR_R6C7.CLKA to  EBR_R6C7.DOA8 system/cpu/engine/rom/lane_2 (from clk)
ROUTE         4     1.189  EBR_R6C7.DOA8 to      R5C10A.D1 system/cpu/engine/a_select_2[0]
CTOF_DEL    ---     0.495      R5C10A.D1 to      R5C10A.F1 system/cpu/engine/SLICE_618
ROUTE         1     0.623      R5C10A.F1 to      R4C10A.D1 system/cpu/engine/un6_select_register[1]
CTOF_DEL    ---     0.495      R4C10A.D1 to      R4C10A.F1 system/cpu/engine/SLICE_515
ROUTE        18     1.980      R4C10A.F1 to      R2C10A.B0 system/cpu/engine/un9_d_axb1
CTOF_DEL    ---     0.495      R2C10A.B0 to      R2C10A.F0 system/cpu/engine/dp/rf/words_ram/SLICE_44
ROUTE        49     1.822      R2C10A.F0 to      R5C15D.C0 system/address[0]
CTOF_DEL    ---     0.495      R5C15D.C0 to      R5C15D.F0 system/SLICE_420
ROUTE         7     0.985      R5C15D.F0 to      R5C12A.D1 system/error_5_1
CTOF_DEL    ---     0.495      R5C12A.D1 to      R5C12A.F1 system/SLICE_421
ROUTE        21     0.682      R5C12A.F1 to      R5C12D.D1 system/mem_requestdupdup
CTOF_DEL    ---     0.495      R5C12D.D1 to      R5C12D.F1 system/SLICE_419
ROUTE        23     0.643      R5C12D.F1 to      R5C12C.D0 system/mem_writedupdup
CTOF_DEL    ---     0.495      R5C12C.D0 to      R5C12C.F0 system/SLICE_457
ROUTE         3     0.967      R5C12C.F0 to      R5C10D.D1 system/bus/service_dma_operanddupdup
CTOF_DEL    ---     0.495      R5C10D.D1 to      R5C10D.F1 system/bus/SLICE_432
ROUTE        13     1.104      R5C10D.F1 to      R3C12D.D0 system/bus/cpu_io_pagedupdup
CTOF_DEL    ---     0.495      R3C12D.D0 to      R3C12D.F0 system/SLICE_380
ROUTE         6     0.461      R3C12D.F0 to      R3C12D.C1 system/acknowledgedupdup
CTOF_DEL    ---     0.495      R3C12D.C1 to      R3C12D.F1 system/SLICE_380
ROUTE         8     1.492      R3C12D.F1 to      R5C18A.D0 system/cpu/engine/un1_bus_fault_2dupdup
CTOF_DEL    ---     0.495      R5C18A.D0 to      R5C18A.F0 system/cpu/engine/SLICE_596
ROUTE         3     0.635      R5C18A.F0 to      R5C18B.D1 system/cpu/engine/fault_redirectdup
CTOF_DEL    ---     0.495      R5C18B.D1 to      R5C18B.F1 system/cpu/engine/seq/SLICE_508
ROUTE         9     1.021      R5C18B.F1 to      R5C19B.A1 system/cpu/engine/seq/next_address_6_sqmuxa
CTOF_DEL    ---     0.495      R5C19B.A1 to      R5C19B.F1 system/cpu/engine/seq/SLICE_504
ROUTE         1     1.004      R5C19B.F1 to      R5C19B.B0 system/cpu/engine/seq/next_address_0_iv_0[3]
CTOF_DEL    ---     0.495      R5C19B.B0 to      R5C19B.F0 system/cpu/engine/seq/SLICE_504
ROUTE         1     1.450      R5C19B.F0 to      R3C20B.B0 system/cpu/engine/seq/next_address_0_iv_2[3]
CTOF_DEL    ---     0.495      R3C20B.B0 to      R3C20B.F0 system/cpu/engine/seq/SLICE_484
ROUTE         1     0.958      R3C20B.F0 to      R2C19D.D1 system/cpu/engine/seq/next_address_0_iv_5[3]
CTOF_DEL    ---     0.495      R2C19D.D1 to      R2C19D.F1 system/cpu/engine/seq/SLICE_237
ROUTE         5     2.123      R2C19D.F1 to EBR_R6C10.ADA6 system/cpu/engine/next_address[3] (to clk)
                  --------
                   32.038   (40.3% logic, 59.7% route), 17 logic levels.

 Clock Skew Details: 

      Source Clock Path oscillator to system/cpu/engine/rom/lane_2:

   Name    Fanout   Delay (ns)          Site               Resource
ROUTE       239     3.714        OSC.OSC to  EBR_R6C7.CLKA clk
                  --------
                    3.714   (0.0% logic, 100.0% route), 0 logic levels.

      Destination Clock Path oscillator to system/cpu/engine/rom/lane_3:

   Name    Fanout   Delay (ns)          Site               Resource
ROUTE       239     3.714        OSC.OSC to EBR_R6C10.CLKA clk
                  --------
                    3.714   (0.0% logic, 100.0% route), 0 logic levels.


Passed: The following path meets requirements by 1.866ns

 Logical Details:  Cell type  Pin type       Cell/ASIC name  (clock net +/-)

   Source:         DP8KC      Port           system/cpu/engine/rom/lane_2(ASIC)  (from clk +)
   Destination:    DP8KC      Port           system/cpu/engine/rom/lane_1(ASIC)  (to clk +)

   Delay:              31.989ns  (40.3% logic, 59.7% route), 17 logic levels.

 Constraint Details:

     31.989ns physical path delay system/cpu/engine/rom/lane_2 to system/cpu/engine/rom/lane_1 meets
     33.829ns delay constraint less
      0.000ns skew and
     -0.026ns ADDR_SET requirement (totaling 33.855ns) by 1.866ns

 Physical Path Details:

      Data path system/cpu/engine/rom/lane_2 to system/cpu/engine/rom/lane_1:

   Name    Fanout   Delay (ns)          Site               Resource
C2Q_DEL     ---     4.979  EBR_R6C7.CLKA to  EBR_R6C7.DOA8 system/cpu/engine/rom/lane_2 (from clk)
ROUTE         4     1.189  EBR_R6C7.DOA8 to      R5C10A.D1 system/cpu/engine/a_select_2[0]
CTOF_DEL    ---     0.495      R5C10A.D1 to      R5C10A.F1 system/cpu/engine/SLICE_618
ROUTE         1     0.623      R5C10A.F1 to      R4C10A.D1 system/cpu/engine/un6_select_register[1]
CTOF_DEL    ---     0.495      R4C10A.D1 to      R4C10A.F1 system/cpu/engine/SLICE_515
ROUTE        18     1.980      R4C10A.F1 to      R2C10A.B0 system/cpu/engine/un9_d_axb1
CTOF_DEL    ---     0.495      R2C10A.B0 to      R2C10A.F0 system/cpu/engine/dp/rf/words_ram/SLICE_44
ROUTE        49     1.822      R2C10A.F0 to      R5C15D.C0 system/address[0]
CTOF_DEL    ---     0.495      R5C15D.C0 to      R5C15D.F0 system/SLICE_420
ROUTE         7     0.985      R5C15D.F0 to      R5C12A.D1 system/error_5_1
CTOF_DEL    ---     0.495      R5C12A.D1 to      R5C12A.F1 system/SLICE_421
ROUTE        21     0.682      R5C12A.F1 to      R5C12D.D1 system/mem_requestdupdup
CTOF_DEL    ---     0.495      R5C12D.D1 to      R5C12D.F1 system/SLICE_419
ROUTE        23     0.643      R5C12D.F1 to      R5C12C.D0 system/mem_writedupdup
CTOF_DEL    ---     0.495      R5C12C.D0 to      R5C12C.F0 system/SLICE_457
ROUTE         3     0.967      R5C12C.F0 to      R5C10D.D1 system/bus/service_dma_operanddupdup
CTOF_DEL    ---     0.495      R5C10D.D1 to      R5C10D.F1 system/bus/SLICE_432
ROUTE        13     1.104      R5C10D.F1 to      R3C12D.D0 system/bus/cpu_io_pagedupdup
CTOF_DEL    ---     0.495      R3C12D.D0 to      R3C12D.F0 system/SLICE_380
ROUTE         6     0.461      R3C12D.F0 to      R3C12D.C1 system/acknowledgedupdup
CTOF_DEL    ---     0.495      R3C12D.C1 to      R3C12D.F1 system/SLICE_380
ROUTE         8     1.492      R3C12D.F1 to      R5C18A.D0 system/cpu/engine/un1_bus_fault_2dupdup
CTOF_DEL    ---     0.495      R5C18A.D0 to      R5C18A.F0 system/cpu/engine/SLICE_596
ROUTE         3     0.635      R5C18A.F0 to      R5C18B.D1 system/cpu/engine/fault_redirectdup
CTOF_DEL    ---     0.495      R5C18B.D1 to      R5C18B.F1 system/cpu/engine/seq/SLICE_508
ROUTE         9     1.021      R5C18B.F1 to      R5C19B.A1 system/cpu/engine/seq/next_address_6_sqmuxa
CTOF_DEL    ---     0.495      R5C19B.A1 to      R5C19B.F1 system/cpu/engine/seq/SLICE_504
ROUTE         1     1.004      R5C19B.F1 to      R5C19B.B0 system/cpu/engine/seq/next_address_0_iv_0[3]
CTOF_DEL    ---     0.495      R5C19B.B0 to      R5C19B.F0 system/cpu/engine/seq/SLICE_504
ROUTE         1     1.450      R5C19B.F0 to      R3C20B.B0 system/cpu/engine/seq/next_address_0_iv_2[3]
CTOF_DEL    ---     0.495      R3C20B.B0 to      R3C20B.F0 system/cpu/engine/seq/SLICE_484
ROUTE         1     0.958      R3C20B.F0 to      R2C19D.D1 system/cpu/engine/seq/next_address_0_iv_5[3]
CTOF_DEL    ---     0.495      R2C19D.D1 to      R2C19D.F1 system/cpu/engine/seq/SLICE_237
ROUTE         5     2.074      R2C19D.F1 to EBR_R6C14.ADA6 system/cpu/engine/next_address[3] (to clk)
                  --------
                   31.989   (40.3% logic, 59.7% route), 17 logic levels.

 Clock Skew Details: 

      Source Clock Path oscillator to system/cpu/engine/rom/lane_2:

   Name    Fanout   Delay (ns)          Site               Resource
ROUTE       239     3.714        OSC.OSC to  EBR_R6C7.CLKA clk
                  --------
                    3.714   (0.0% logic, 100.0% route), 0 logic levels.

      Destination Clock Path oscillator to system/cpu/engine/rom/lane_1:

   Name    Fanout   Delay (ns)          Site               Resource
ROUTE       239     3.714        OSC.OSC to EBR_R6C14.CLKA clk
                  --------
                    3.714   (0.0% logic, 100.0% route), 0 logic levels.


Passed: The following path meets requirements by 1.869ns

 Logical Details:  Cell type  Pin type       Cell/ASIC name  (clock net +/-)

   Source:         DP8KC      Port           system/cpu/engine/rom/lane_2(ASIC)  (from clk +)
   Destination:    DP8KC      Port           system/cpu/engine/rom/lane_2(ASIC)  (to clk +)

   Delay:              31.986ns  (40.3% logic, 59.7% route), 17 logic levels.

 Constraint Details:

     31.986ns physical path delay system/cpu/engine/rom/lane_2 to system/cpu/engine/rom/lane_2 meets
     33.829ns delay constraint less
      0.000ns skew and
     -0.026ns ADDR_SET requirement (totaling 33.855ns) by 1.869ns

 Physical Path Details:

      Data path system/cpu/engine/rom/lane_2 to system/cpu/engine/rom/lane_2:

   Name    Fanout   Delay (ns)          Site               Resource
C2Q_DEL     ---     4.979  EBR_R6C7.CLKA to  EBR_R6C7.DOA8 system/cpu/engine/rom/lane_2 (from clk)
ROUTE         4     1.189  EBR_R6C7.DOA8 to      R5C10A.D1 system/cpu/engine/a_select_2[0]
CTOF_DEL    ---     0.495      R5C10A.D1 to      R5C10A.F1 system/cpu/engine/SLICE_618
ROUTE         1     0.623      R5C10A.F1 to      R4C10A.D1 system/cpu/engine/un6_select_register[1]
CTOF_DEL    ---     0.495      R4C10A.D1 to      R4C10A.F1 system/cpu/engine/SLICE_515
ROUTE        18     1.495      R4C10A.F1 to      R4C12B.B0 system/cpu/engine/un9_d_axb1
CTOF_DEL    ---     0.495      R4C12B.B0 to      R4C12B.F0 system/cpu/engine/dp/rf/words_ram_1/SLICE_51
ROUTE        14     1.497      R4C12B.F0 to      R2C11D.B1 system/address[10]
CTOF_DEL    ---     0.495      R2C11D.B1 to      R2C11D.F1 system/bus/SLICE_472
ROUTE         2     1.013      R2C11D.F1 to      R2C11B.B1 system/bus/un1_address_28_4
CTOF_DEL    ---     0.495      R2C11B.B1 to      R2C11B.F1 system/bus/SLICE_603
ROUTE         1     1.023      R2C11B.F1 to      R4C11C.B1 system/bus/un1_address_29_1
CTOF_DEL    ---     0.495      R4C11C.B1 to      R4C11C.F1 system/bus/SLICE_456
ROUTE        19     0.718      R4C11C.F1 to      R4C11B.B0 system/bus/un1_address_29
CTOF_DEL    ---     0.495      R4C11B.B0 to      R4C11B.F0 system/bus/SLICE_600
ROUTE         2     0.972      R4C11B.F0 to      R5C12B.D0 system/bus/immediate_io_response_2
CTOF_DEL    ---     0.495      R5C12B.D0 to      R5C12B.F0 system/bus/SLICE_444
ROUTE         1     0.986      R5C12B.F0 to      R3C12D.A0 system/bus/acknowledgedupdup_RNO
CTOF_DEL    ---     0.495      R3C12D.A0 to      R3C12D.F0 system/SLICE_380
ROUTE         6     0.461      R3C12D.F0 to      R3C12D.C1 system/acknowledgedupdup
CTOF_DEL    ---     0.495      R3C12D.C1 to      R3C12D.F1 system/SLICE_380
ROUTE         8     1.492      R3C12D.F1 to      R5C18A.D0 system/cpu/engine/un1_bus_fault_2dupdup
CTOF_DEL    ---     0.495      R5C18A.D0 to      R5C18A.F0 system/cpu/engine/SLICE_596
ROUTE         3     0.635      R5C18A.F0 to      R5C18B.D1 system/cpu/engine/fault_redirectdup
CTOF_DEL    ---     0.495      R5C18B.D1 to      R5C18B.F1 system/cpu/engine/seq/SLICE_508
ROUTE         9     1.021      R5C18B.F1 to      R5C19B.A1 system/cpu/engine/seq/next_address_6_sqmuxa
CTOF_DEL    ---     0.495      R5C19B.A1 to      R5C19B.F1 system/cpu/engine/seq/SLICE_504
ROUTE         1     1.004      R5C19B.F1 to      R5C19B.B0 system/cpu/engine/seq/next_address_0_iv_0[3]
CTOF_DEL    ---     0.495      R5C19B.B0 to      R5C19B.F0 system/cpu/engine/seq/SLICE_504
ROUTE         1     1.450      R5C19B.F0 to      R3C20B.B0 system/cpu/engine/seq/next_address_0_iv_2[3]
CTOF_DEL    ---     0.495      R3C20B.B0 to      R3C20B.F0 system/cpu/engine/seq/SLICE_484
ROUTE         1     0.958      R3C20B.F0 to      R2C19D.D1 system/cpu/engine/seq/next_address_0_iv_5[3]
CTOF_DEL    ---     0.495      R2C19D.D1 to      R2C19D.F1 system/cpu/engine/seq/SLICE_237
ROUTE         5     2.550      R2C19D.F1 to  EBR_R6C7.ADA6 system/cpu/engine/next_address[3] (to clk)
                  --------
                   31.986   (40.3% logic, 59.7% route), 17 logic levels.

 Clock Skew Details: 

      Source Clock Path oscillator to system/cpu/engine/rom/lane_2:

   Name    Fanout   Delay (ns)          Site               Resource
ROUTE       239     3.714        OSC.OSC to  EBR_R6C7.CLKA clk
                  --------
                    3.714   (0.0% logic, 100.0% route), 0 logic levels.

      Destination Clock Path oscillator to system/cpu/engine/rom/lane_2:

   Name    Fanout   Delay (ns)          Site               Resource
ROUTE       239     3.714        OSC.OSC to  EBR_R6C7.CLKA clk
                  --------
                    3.714   (0.0% logic, 100.0% route), 0 logic levels.


Passed: The following path meets requirements by 1.874ns

 Logical Details:  Cell type  Pin type       Cell/ASIC name  (clock net +/-)

   Source:         DP8KC      Port           system/cpu/engine/rom/lane_2(ASIC)  (from clk +)
   Destination:    DP8KC      Port           system/cpu/engine/rom/lane_2(ASIC)  (to clk +)

   Delay:              31.981ns  (38.8% logic, 61.2% route), 16 logic levels.

 Constraint Details:

     31.981ns physical path delay system/cpu/engine/rom/lane_2 to system/cpu/engine/rom/lane_2 meets
     33.829ns delay constraint less
      0.000ns skew and
     -0.026ns ADDR_SET requirement (totaling 33.855ns) by 1.874ns

 Physical Path Details:

      Data path system/cpu/engine/rom/lane_2 to system/cpu/engine/rom/lane_2:

   Name    Fanout   Delay (ns)          Site               Resource
C2Q_DEL     ---     4.979  EBR_R6C7.CLKA to  EBR_R6C7.DOA8 system/cpu/engine/rom/lane_2 (from clk)
ROUTE         4     1.189  EBR_R6C7.DOA8 to      R5C10A.D1 system/cpu/engine/a_select_2[0]
CTOF_DEL    ---     0.495      R5C10A.D1 to      R5C10A.F1 system/cpu/engine/SLICE_618
ROUTE         1     0.623      R5C10A.F1 to      R4C10A.D1 system/cpu/engine/un6_select_register[1]
CTOF_DEL    ---     0.495      R4C10A.D1 to      R4C10A.F1 system/cpu/engine/SLICE_515
ROUTE        18     1.980      R4C10A.F1 to      R2C10A.B1 system/cpu/engine/un9_d_axb1
CTOF_DEL    ---     0.495      R2C10A.B1 to      R2C10A.F1 system/cpu/engine/dp/rf/words_ram/SLICE_44
ROUTE        42     1.586      R2C10A.F1 to       R5C9D.B1 system/address[1]
CTOF_DEL    ---     0.495       R5C9D.B1 to       R5C9D.F1 system/bus/SLICE_569
ROUTE         1     1.506       R5C9D.F1 to      R2C11C.C1 system/bus/un1_address_30_4
CTOF_DEL    ---     0.495      R2C11C.C1 to      R2C11C.F1 system/bus/SLICE_433
ROUTE         4     1.164      R2C11C.F1 to      R4C11B.D0 system/bus/un1_address_30
CTOF_DEL    ---     0.495      R4C11B.D0 to      R4C11B.F0 system/bus/SLICE_600
ROUTE         2     0.972      R4C11B.F0 to      R5C12B.D0 system/bus/immediate_io_response_2
CTOF_DEL    ---     0.495      R5C12B.D0 to      R5C12B.F0 system/bus/SLICE_444
ROUTE         1     0.986      R5C12B.F0 to      R3C12D.A0 system/bus/acknowledgedupdup_RNO
CTOF_DEL    ---     0.495      R3C12D.A0 to      R3C12D.F0 system/SLICE_380
ROUTE         6     0.461      R3C12D.F0 to      R3C12D.C1 system/acknowledgedupdup
CTOF_DEL    ---     0.495      R3C12D.C1 to      R3C12D.F1 system/SLICE_380
ROUTE         8     1.492      R3C12D.F1 to      R5C18A.D0 system/cpu/engine/un1_bus_fault_2dupdup
CTOF_DEL    ---     0.495      R5C18A.D0 to      R5C18A.F0 system/cpu/engine/SLICE_596
ROUTE         3     0.635      R5C18A.F0 to      R5C18B.D1 system/cpu/engine/fault_redirectdup
CTOF_DEL    ---     0.495      R5C18B.D1 to      R5C18B.F1 system/cpu/engine/seq/SLICE_508
ROUTE         9     1.021      R5C18B.F1 to      R5C19B.A1 system/cpu/engine/seq/next_address_6_sqmuxa
CTOF_DEL    ---     0.495      R5C19B.A1 to      R5C19B.F1 system/cpu/engine/seq/SLICE_504
ROUTE         1     1.004      R5C19B.F1 to      R5C19B.B0 system/cpu/engine/seq/next_address_0_iv_0[3]
CTOF_DEL    ---     0.495      R5C19B.B0 to      R5C19B.F0 system/cpu/engine/seq/SLICE_504
ROUTE         1     1.450      R5C19B.F0 to      R3C20B.B0 system/cpu/engine/seq/next_address_0_iv_2[3]
CTOF_DEL    ---     0.495      R3C20B.B0 to      R3C20B.F0 system/cpu/engine/seq/SLICE_484
ROUTE         1     0.958      R3C20B.F0 to      R2C19D.D1 system/cpu/engine/seq/next_address_0_iv_5[3]
CTOF_DEL    ---     0.495      R2C19D.D1 to      R2C19D.F1 system/cpu/engine/seq/SLICE_237
ROUTE         5     2.550      R2C19D.F1 to  EBR_R6C7.ADA6 system/cpu/engine/next_address[3] (to clk)
                  --------
                   31.981   (38.8% logic, 61.2% route), 16 logic levels.

 Clock Skew Details: 

      Source Clock Path oscillator to system/cpu/engine/rom/lane_2:

   Name    Fanout   Delay (ns)          Site               Resource
ROUTE       239     3.714        OSC.OSC to  EBR_R6C7.CLKA clk
                  --------
                    3.714   (0.0% logic, 100.0% route), 0 logic levels.

      Destination Clock Path oscillator to system/cpu/engine/rom/lane_2:

   Name    Fanout   Delay (ns)          Site               Resource
ROUTE       239     3.714        OSC.OSC to  EBR_R6C7.CLKA clk
                  --------
                    3.714   (0.0% logic, 100.0% route), 0 logic levels.


Passed: The following path meets requirements by 1.880ns

 Logical Details:  Cell type  Pin type       Cell/ASIC name  (clock net +/-)

   Source:         DP8KC      Port           system/cpu/engine/rom/lane_2(ASIC)  (from clk +)
   Destination:    DP8KC      Port           system/cpu/engine/rom/lane_2(ASIC)  (to clk +)

   Delay:              31.975ns  (41.0% logic, 59.0% route), 17 logic levels.

 Constraint Details:

     31.975ns physical path delay system/cpu/engine/rom/lane_2 to system/cpu/engine/rom/lane_2 meets
     33.829ns delay constraint less
      0.000ns skew and
     -0.026ns ADDR_SET requirement (totaling 33.855ns) by 1.880ns

 Physical Path Details:

      Data path system/cpu/engine/rom/lane_2 to system/cpu/engine/rom/lane_2:

   Name    Fanout   Delay (ns)          Site               Resource
C2Q_DEL     ---     4.979  EBR_R6C7.CLKA to  EBR_R6C7.DOA8 system/cpu/engine/rom/lane_2 (from clk)
ROUTE         4     1.189  EBR_R6C7.DOA8 to      R5C10A.D1 system/cpu/engine/a_select_2[0]
CTOF_DEL    ---     0.495      R5C10A.D1 to      R5C10A.F1 system/cpu/engine/SLICE_618
ROUTE         1     0.623      R5C10A.F1 to      R4C10A.D1 system/cpu/engine/un6_select_register[1]
CTOF_DEL    ---     0.495      R4C10A.D1 to      R4C10A.F1 system/cpu/engine/SLICE_515
ROUTE        18     1.980      R4C10A.F1 to      R2C10A.B0 system/cpu/engine/un9_d_axb1
CTOF_DEL    ---     0.495      R2C10A.B0 to      R2C10A.F0 system/cpu/engine/dp/rf/words_ram/SLICE_44
ROUTE        49     1.822      R2C10A.F0 to      R5C15D.C0 system/address[0]
CTOF_DEL    ---     0.495      R5C15D.C0 to      R5C15D.F0 system/SLICE_420
ROUTE         7     0.985      R5C15D.F0 to      R5C12A.D1 system/error_5_1
CTOF_DEL    ---     0.495      R5C12A.D1 to      R5C12A.F1 system/SLICE_421
ROUTE        21     0.682      R5C12A.F1 to      R5C12D.D1 system/mem_requestdupdup
CTOF_DEL    ---     0.495      R5C12D.D1 to      R5C12D.F1 system/SLICE_419
ROUTE        23     0.643      R5C12D.F1 to      R5C12C.D0 system/mem_writedupdup
CTOF_DEL    ---     0.495      R5C12C.D0 to      R5C12C.F0 system/SLICE_457
ROUTE         3     0.967      R5C12C.F0 to      R5C10D.D1 system/bus/service_dma_operanddupdup
CTOF_DEL    ---     0.495      R5C10D.D1 to      R5C10D.F1 system/bus/SLICE_432
ROUTE        13     1.104      R5C10D.F1 to      R3C12D.D0 system/bus/cpu_io_pagedupdup
CTOF_DEL    ---     0.495      R3C12D.D0 to      R3C12D.F0 system/SLICE_380
ROUTE         6     0.461      R3C12D.F0 to      R3C12D.C1 system/acknowledgedupdup
CTOF_DEL    ---     0.495      R3C12D.C1 to      R3C12D.F1 system/SLICE_380
ROUTE         8     1.599      R3C12D.F1 to      R5C17C.D1 system/cpu/engine/un1_bus_fault_2dupdup
CTOOFX_DEL  ---     0.721      R5C17C.D1 to    R5C17C.OFX0 system/cpu/engine/seq/predicates_pmux_6/SLICE_289
ROUTE         1     0.626    R5C17C.OFX0 to      R5C17B.D0 system/cpu/engine/seq/N_65
CTOF_DEL    ---     0.495      R5C17B.D0 to      R5C17B.F0 system/cpu/engine/seq/SLICE_499
ROUTE         2     1.166      R5C17B.F0 to      R4C20D.D0 system/cpu/engine/seq/condition
CTOF_DEL    ---     0.495      R4C20D.D0 to      R4C20D.F0 system/cpu/engine/seq/SLICE_490
ROUTE         1     0.958      R4C20D.F0 to      R3C19C.D0 system/cpu/engine/seq/un1_next_address33
CTOF_DEL    ---     0.495      R3C19C.D0 to      R3C19C.F0 system/cpu/engine/seq/SLICE_488
ROUTE        10     0.485      R3C19C.F0 to      R3C19C.C1 system/cpu/engine/seq/next_address_3_sqmuxa
CTOF_DEL    ---     0.495      R3C19C.C1 to      R3C19C.F1 system/cpu/engine/seq/SLICE_488
ROUTE         1     1.001      R3C19C.F1 to      R2C19D.B0 system/cpu/engine/seq/next_address_2_i_m[2]
CTOF_DEL    ---     0.495      R2C19D.B0 to      R2C19D.F0 system/cpu/engine/seq/SLICE_237
ROUTE         5     2.559      R2C19D.F0 to  EBR_R6C7.ADA5 system/cpu/engine/next_address_0_iv_i[2] (to clk)
                  --------
                   31.975   (41.0% logic, 59.0% route), 17 logic levels.

 Clock Skew Details: 

      Source Clock Path oscillator to system/cpu/engine/rom/lane_2:

   Name    Fanout   Delay (ns)          Site               Resource
ROUTE       239     3.714        OSC.OSC to  EBR_R6C7.CLKA clk
                  --------
                    3.714   (0.0% logic, 100.0% route), 0 logic levels.

      Destination Clock Path oscillator to system/cpu/engine/rom/lane_2:

   Name    Fanout   Delay (ns)          Site               Resource
ROUTE       239     3.714        OSC.OSC to  EBR_R6C7.CLKA clk
                  --------
                    3.714   (0.0% logic, 100.0% route), 0 logic levels.


Passed: The following path meets requirements by 1.910ns

 Logical Details:  Cell type  Pin type       Cell/ASIC name  (clock net +/-)

   Source:         DP8KC      Port           system/cpu/engine/rom/lane_2(ASIC)  (from clk +)
   Destination:    DP8KC      Port           system/cpu/engine/rom/lane_2(ASIC)  (to clk +)

   Delay:              31.945ns  (41.1% logic, 58.9% route), 17 logic levels.

 Constraint Details:

     31.945ns physical path delay system/cpu/engine/rom/lane_2 to system/cpu/engine/rom/lane_2 meets
     33.829ns delay constraint less
      0.000ns skew and
     -0.026ns ADDR_SET requirement (totaling 33.855ns) by 1.910ns

 Physical Path Details:

      Data path system/cpu/engine/rom/lane_2 to system/cpu/engine/rom/lane_2:

   Name    Fanout   Delay (ns)          Site               Resource
C2Q_DEL     ---     4.979  EBR_R6C7.CLKA to  EBR_R6C7.DOA8 system/cpu/engine/rom/lane_2 (from clk)
ROUTE         4     1.189  EBR_R6C7.DOA8 to      R5C10A.D1 system/cpu/engine/a_select_2[0]
CTOF_DEL    ---     0.495      R5C10A.D1 to      R5C10A.F1 system/cpu/engine/SLICE_618
ROUTE         1     0.623      R5C10A.F1 to      R4C10A.D1 system/cpu/engine/un6_select_register[1]
CTOF_DEL    ---     0.495      R4C10A.D1 to      R4C10A.F1 system/cpu/engine/SLICE_515
ROUTE        18     1.980      R4C10A.F1 to      R2C10A.B0 system/cpu/engine/un9_d_axb1
CTOF_DEL    ---     0.495      R2C10A.B0 to      R2C10A.F0 system/cpu/engine/dp/rf/words_ram/SLICE_44
ROUTE        49     1.822      R2C10A.F0 to      R5C15D.C0 system/address[0]
CTOF_DEL    ---     0.495      R5C15D.C0 to      R5C15D.F0 system/SLICE_420
ROUTE         7     0.985      R5C15D.F0 to      R5C12A.D1 system/error_5_1
CTOF_DEL    ---     0.495      R5C12A.D1 to      R5C12A.F1 system/SLICE_421
ROUTE        21     0.682      R5C12A.F1 to      R5C12D.D1 system/mem_requestdupdup
CTOF_DEL    ---     0.495      R5C12D.D1 to      R5C12D.F1 system/SLICE_419
ROUTE        23     0.643      R5C12D.F1 to      R5C12C.D0 system/mem_writedupdup
CTOF_DEL    ---     0.495      R5C12C.D0 to      R5C12C.F0 system/SLICE_457
ROUTE         3     0.967      R5C12C.F0 to      R5C10D.D1 system/bus/service_dma_operanddupdup
CTOF_DEL    ---     0.495      R5C10D.D1 to      R5C10D.F1 system/bus/SLICE_432
ROUTE        13     1.104      R5C10D.F1 to      R3C12D.D0 system/bus/cpu_io_pagedupdup
CTOF_DEL    ---     0.495      R3C12D.D0 to      R3C12D.F0 system/SLICE_380
ROUTE         6     0.461      R3C12D.F0 to      R3C12D.C1 system/acknowledgedupdup
CTOF_DEL    ---     0.495      R3C12D.C1 to      R3C12D.F1 system/SLICE_380
ROUTE         8     1.599      R3C12D.F1 to      R5C17C.D1 system/cpu/engine/un1_bus_fault_2dupdup
CTOOFX_DEL  ---     0.721      R5C17C.D1 to    R5C17C.OFX0 system/cpu/engine/seq/predicates_pmux_6/SLICE_289
ROUTE         1     0.626    R5C17C.OFX0 to      R5C17B.D0 system/cpu/engine/seq/N_65
CTOF_DEL    ---     0.495      R5C17B.D0 to      R5C17B.F0 system/cpu/engine/seq/SLICE_499
ROUTE         2     1.166      R5C17B.F0 to      R4C20D.D0 system/cpu/engine/seq/condition
CTOF_DEL    ---     0.495      R4C20D.D0 to      R4C20D.F0 system/cpu/engine/seq/SLICE_490
ROUTE         1     0.958      R4C20D.F0 to      R3C19C.D0 system/cpu/engine/seq/un1_next_address33
CTOF_DEL    ---     0.495      R3C19C.D0 to      R3C19C.F0 system/cpu/engine/seq/SLICE_488
ROUTE        10     1.035      R3C19C.F0 to      R3C17D.A0 system/cpu/engine/seq/next_address_3_sqmuxa
CTOF_DEL    ---     0.495      R3C17D.A0 to      R3C17D.F0 system/cpu/engine/seq/SLICE_486
ROUTE         1     0.645      R3C17D.F0 to      R3C18D.D0 system/cpu/engine/seq/next_address_2_i_m[0]
CTOF_DEL    ---     0.495      R3C18D.D0 to      R3C18D.F0 system/cpu/engine/seq/SLICE_236
ROUTE         5     2.335      R3C18D.F0 to  EBR_R6C7.ADA3 system/cpu/engine/next_address_0_iv_i[0] (to clk)
                  --------
                   31.945   (41.1% logic, 58.9% route), 17 logic levels.

 Clock Skew Details: 

      Source Clock Path oscillator to system/cpu/engine/rom/lane_2:

   Name    Fanout   Delay (ns)          Site               Resource
ROUTE       239     3.714        OSC.OSC to  EBR_R6C7.CLKA clk
                  --------
                    3.714   (0.0% logic, 100.0% route), 0 logic levels.

      Destination Clock Path oscillator to system/cpu/engine/rom/lane_2:

   Name    Fanout   Delay (ns)          Site               Resource
ROUTE       239     3.714        OSC.OSC to  EBR_R6C7.CLKA clk
                  --------
                    3.714   (0.0% logic, 100.0% route), 0 logic levels.

Report:   30.827MHz is the maximum frequency for this preference.


================================================================================
Preference: Unconstrained: CLOCK_DOMAIN
            0 unconstrained paths found
--------------------------------------------------------------------------------


================================================================================
Preference: Unconstrained: INPUT_SETUP
            8 unconstrained paths found
--------------------------------------------------------------------------------

Unconstrained Preference:
   INPUT_SETUP PORT "res" CLKNET "clk" 

Report:    4.575ns delay res to SLICE_469 (3.842ns delay and 0.733ns setup)

   Name    Fanout   Delay (ns)          Site               Resource
PADI_DEL    ---     1.132          4.PAD to        4.PADDI res
ROUTE         1     2.710        4.PADDI to     R7C12D.LSR res_c (to clk)
                  --------
                    3.842   (29.5% logic, 70.5% route), 1 logic levels.

Unconstrained Preference:
   INPUT_SETUP PORT "gpio_miso" CLKNET "clk" 

Report:    4.233ns delay gpio_miso to system/bus/guest_memory/SLICE_131 (4.067ns delay and 0.166ns setup)

   Name    Fanout   Delay (ns)          Site               Resource
PADI_DEL    ---     1.132         10.PAD to       10.PADDI gpio_miso
ROUTE         1     2.440       10.PADDI to       R7C5B.C0 gpio_miso_c
CTOF_DEL    ---     0.495       R7C5B.C0 to       R7C5B.F0 system/bus/guest_memory/SLICE_131
ROUTE         1     0.000       R7C5B.F0 to      R7C5B.DI0 system/bus/guest_memory/rdata_11[8] (to clk)
                  --------
                    4.067   (40.0% logic, 60.0% route), 2 logic levels.

Unconstrained Preference:
   INPUT_SETUP PORT "gpio_key_row[0]" CLKNET "clk" 

Report:    2.292ns delay gpio_key_row[0] to gpio_key_row[0]_MGIOL (1.697ns delay and 0.595ns setup)

   Name    Fanout   Delay (ns)          Site               Resource
PADI_DEL    ---     1.132         29.PAD to       29.PADDI gpio_key_row[0]
ROUTE         1     0.565       29.PADDI to    IOL_T11D.DI gpio_key_row_in[0] (to clk)
                  --------
                    1.697   (66.7% logic, 33.3% route), 1 logic levels.

Unconstrained Preference:
   INPUT_SETUP PORT "gpio_key_row[1]" CLKNET "clk" 

Report:    2.292ns delay gpio_key_row[1] to gpio_key_row[1]_MGIOL (1.697ns delay and 0.595ns setup)

   Name    Fanout   Delay (ns)          Site               Resource
PADI_DEL    ---     1.132         30.PAD to       30.PADDI gpio_key_row[1]
ROUTE         1     0.565       30.PADDI to    IOL_T11C.DI gpio_key_row_in[1] (to clk)
                  --------
                    1.697   (66.7% logic, 33.3% route), 1 logic levels.

Unconstrained Preference:
   INPUT_SETUP PORT "gpio_key_row[2]" CLKNET "clk" 

Report:    2.292ns delay gpio_key_row[2] to gpio_key_row[2]_MGIOL (1.697ns delay and 0.595ns setup)

   Name    Fanout   Delay (ns)          Site               Resource
PADI_DEL    ---     1.132         32.PAD to       32.PADDI gpio_key_row[2]
ROUTE         1     0.565       32.PADDI to    IOL_T10D.DI gpio_key_row_in[2] (to clk)
                  --------
                    1.697   (66.7% logic, 33.3% route), 1 logic levels.

Unconstrained Preference:
   INPUT_SETUP PORT "gpio_key_row[3]" CLKNET "clk" 

Report:    2.292ns delay gpio_key_row[3] to gpio_key_row[3]_MGIOL (1.697ns delay and 0.595ns setup)

   Name    Fanout   Delay (ns)          Site               Resource
PADI_DEL    ---     1.132          1.PAD to        1.PADDI gpio_key_row[3]
ROUTE         1     0.565        1.PADDI to    IOL_T10C.DI gpio_key_row_in[3] (to clk)
                  --------
                    1.697   (66.7% logic, 33.3% route), 1 logic levels.

Unconstrained Preference:
   INPUT_SETUP PORT "rx" CLKNET "clk" 

Report:    2.292ns delay rx to rx_MGIOL (1.697ns delay and 0.595ns setup)

   Name    Fanout   Delay (ns)          Site               Resource
PADI_DEL    ---     1.132         25.PAD to       25.PADDI rx
ROUTE         1     0.565       25.PADDI to    IOL_T15D.DI rx_c (to clk)
                  --------
                    1.697   (66.7% logic, 33.3% route), 1 logic levels.

Unconstrained Preference:
   INPUT_SETUP PORT "sd_miso" CLKNET "clk" 

Report:    2.292ns delay sd_miso to sd_miso_MGIOL (1.697ns delay and 0.595ns setup)

   Name    Fanout   Delay (ns)          Site               Resource
PADI_DEL    ---     1.132         28.PAD to       28.PADDI sd_miso
ROUTE         1     0.565       28.PADDI to    IOL_T12C.DI sd_miso_c (to clk)
                  --------
                    1.697   (66.7% logic, 33.3% route), 1 logic levels.


================================================================================
Preference: Unconstrained: CLOCK_TO_OUT
            18 unconstrained paths found
--------------------------------------------------------------------------------

Unconstrained Preference:
   CLOCK_TO_OUT PORT "tx" CLKNET "clk" 

Report:    8.249ns delay system/bus/fixed_uart.console/SLICE_119 to tx

   Name    Fanout   Delay (ns)          Site               Resource
REG_DEL     ---     0.452      R8C4B.CLK to       R8C4B.Q0 system/bus/fixed_uart.console/SLICE_119 (from clk)
ROUTE         1     1.535       R8C4B.Q0 to       R8C4C.B1 system/bus/fixed_uart.console/tx_shift[0]
CTOF_DEL    ---     0.495       R8C4C.B1 to       R8C4C.F1 system/bus/fixed_uart.console/SLICE_123
ROUTE         1     2.970       R8C4C.F1 to       23.PADDO tx_c
DOPAD_DEL   ---     2.797       23.PADDO to         23.PAD tx
                  --------
                    8.249   (45.4% logic, 54.6% route), 3 logic levels.

Unconstrained Preference:
   CLOCK_TO_OUT PORT "sd_mosi" CLKNET "clk" 

Report:    8.106ns delay system/bus/byte_sd/SLICE_82 to sd_mosi

   Name    Fanout   Delay (ns)          Site               Resource
REG_DEL     ---     0.452      R9C7D.CLK to       R9C7D.Q0 system/bus/byte_sd/SLICE_82 (from clk)
ROUTE        24     1.027       R9C7D.Q0 to       R9C7A.A1 system/bus/byte_sd/busy
CTOF_DEL    ---     0.495       R9C7A.A1 to       R9C7A.F1 system/bus/byte_sd/SLICE_75
ROUTE         1     3.335       R9C7A.F1 to       21.PADDO sd_mosi_c
DOPAD_DEL   ---     2.797       21.PADDO to         21.PAD sd_mosi
                  --------
                    8.106   (46.2% logic, 53.8% route), 3 logic levels.

Unconstrained Preference:
   CLOCK_TO_OUT PORT "sd_mosi" CLKNET "clk" 

Report:    7.823ns delay system/bus/byte_sd/SLICE_93 to sd_mosi

   Name    Fanout   Delay (ns)          Site               Resource
REG_DEL     ---     0.452      R9C6B.CLK to       R9C6B.Q1 system/bus/byte_sd/SLICE_93 (from clk)
ROUTE         1     0.744       R9C6B.Q1 to       R9C7A.C1 system/bus/byte_sd/tx_shift[7]
CTOF_DEL    ---     0.495       R9C7A.C1 to       R9C7A.F1 system/bus/byte_sd/SLICE_75
ROUTE         1     3.335       R9C7A.F1 to       21.PADDO sd_mosi_c
DOPAD_DEL   ---     2.797       21.PADDO to         21.PAD sd_mosi
                  --------
                    7.823   (47.9% logic, 52.1% route), 3 logic levels.

Unconstrained Preference:
   CLOCK_TO_OUT PORT "tx" CLKNET "clk" 

Report:    7.542ns delay system/bus/fixed_uart.console/SLICE_110 to tx

   Name    Fanout   Delay (ns)          Site               Resource
REG_DEL     ---     0.452      R8C3B.CLK to       R8C3B.Q0 system/bus/fixed_uart.console/SLICE_110 (from clk)
ROUTE        20     0.828       R8C3B.Q0 to       R8C4C.C1 system/bus/fixed_uart.console/tx_busy
CTOF_DEL    ---     0.495       R8C4C.C1 to       R8C4C.F1 system/bus/fixed_uart.console/SLICE_123
ROUTE         1     2.970       R8C4C.F1 to       23.PADDO tx_c
DOPAD_DEL   ---     2.797       23.PADDO to         23.PAD tx
                  --------
                    7.542   (49.6% logic, 50.4% route), 3 logic levels.

Unconstrained Preference:
   CLOCK_TO_OUT PORT "tx" CLKNET "clk" 

Report:    7.366ns delay system/bus/SLICE_571 to tx

   Name    Fanout   Delay (ns)          Site               Resource
REG_DEL     ---     0.452      R8C6D.CLK to       R8C6D.Q0 system/bus/SLICE_571 (from clk)
ROUTE         2     0.652       R8C6D.Q0 to       R8C4C.D1 system/bus/fixed_uart.console/tx_break
CTOF_DEL    ---     0.495       R8C4C.D1 to       R8C4C.F1 system/bus/fixed_uart.console/SLICE_123
ROUTE         1     2.970       R8C4C.F1 to       23.PADDO tx_c
DOPAD_DEL   ---     2.797       23.PADDO to         23.PAD tx
                  --------
                    7.366   (50.8% logic, 49.2% route), 3 logic levels.

Unconstrained Preference:
   CLOCK_TO_OUT PORT "gpio_key_row[3]" CLKNET "clk" 

Report:    6.905ns delay system/SLICE_154 to gpio_key_row[3]

   Name    Fanout   Delay (ns)          Site               Resource
REG_DEL     ---     0.452     R8C10D.CLK to      R8C10D.Q0 system/SLICE_154 (from clk)
ROUTE         2     2.273      R8C10D.Q0 to        1.PADDT system/bus/host_miso_oe
TDTS_DEL    ---     4.180        1.PADDT to          1.PAD gpio_key_row[3]
                  --------
                    6.905   (67.1% logic, 32.9% route), 2 logic levels.

Unconstrained Preference:
   CLOCK_TO_OUT PORT "sd_sck" CLKNET "clk" 

Report:    6.616ns delay system/bus/byte_sd/SLICE_75 to sd_sck

   Name    Fanout   Delay (ns)          Site               Resource
REG_DEL     ---     0.452      R9C7A.CLK to       R9C7A.Q0 system/bus/byte_sd/SLICE_75 (from clk)
ROUTE         9     3.367       R9C7A.Q0 to       27.PADDO sd_sck_c
DOPAD_DEL   ---     2.797       27.PADDO to         27.PAD sd_sck
                  --------
                    6.616   (49.1% logic, 50.9% route), 2 logic levels.

Unconstrained Preference:
   CLOCK_TO_OUT PORT "gpio_reg_latch" CLKNET "clk" 

Report:    6.482ns delay system/SLICE_70 to gpio_reg_latch

   Name    Fanout   Delay (ns)          Site               Resource
REG_DEL     ---     0.452      R8C9A.CLK to       R8C9A.Q0 system/SLICE_70 (from clk)
ROUTE         3     3.233       R8C9A.Q0 to       20.PADDO gpio_reg_latch_c
DOPAD_DEL   ---     2.797       20.PADDO to         20.PAD gpio_reg_latch
                  --------
                    6.482   (50.1% logic, 49.9% route), 2 logic levels.

Unconstrained Preference:
   CLOCK_TO_OUT PORT "sd_cs_n" CLKNET "clk" 

Report:    5.824ns delay system/SLICE_74 to sd_cs_n

   Name    Fanout   Delay (ns)          Site               Resource
REG_DEL     ---     0.452      R8C7A.CLK to       R8C7A.Q0 system/SLICE_74 (from clk)
ROUTE         2     2.575       R8C7A.Q0 to        5.PADDO sd_cs_n_c
DOPAD_DEL   ---     2.797        5.PADDO to          5.PAD sd_cs_n
                  --------
                    5.824   (55.8% logic, 44.2% route), 2 logic levels.

Unconstrained Preference:
   CLOCK_TO_OUT PORT "gpio_din" CLKNET "clk" 

Report:    5.491ns delay system/SLICE_67 to gpio_din

   Name    Fanout   Delay (ns)          Site               Resource
REG_DEL     ---     0.452      R9C8B.CLK to       R9C8B.Q0 system/SLICE_67 (from clk)
ROUTE         2     2.242       R9C8B.Q0 to       16.PADDO gpio_din_c
DOPAD_DEL   ---     2.797       16.PADDO to         16.PAD gpio_din
                  --------
                    5.491   (59.2% logic, 40.8% route), 2 logic levels.

Unconstrained Preference:
   CLOCK_TO_OUT PORT "gpio_key_row[3]" CLKNET "clk" 

Report:    5.220ns delay system/bus/SLICE_72 to gpio_key_row[3]

   Name    Fanout   Delay (ns)          Site               Resource
REG_DEL     ---     0.452      R7C8C.CLK to       R7C8C.Q0 system/bus/SLICE_72 (from clk)
ROUTE         3     1.971       R7C8C.Q0 to        1.PADDO host_miso
DOPAD_DEL   ---     2.797        1.PADDO to          1.PAD gpio_key_row[3]
                  --------
                    5.220   (62.2% logic, 37.8% route), 2 logic levels.

Unconstrained Preference:
   CLOCK_TO_OUT PORT "gpio_rs" CLKNET "clk" 

Report:    4.992ns delay system/SLICE_71 to gpio_rs

   Name    Fanout   Delay (ns)          Site               Resource
REG_DEL     ---     0.452      R8C8B.CLK to       R8C8B.Q0 system/SLICE_71 (from clk)
ROUTE         3     1.743       R8C8B.Q0 to       11.PADDO gpio_rs_c
DOPAD_DEL   ---     2.797       11.PADDO to         11.PAD gpio_rs
                  --------
                    4.992   (65.1% logic, 34.9% route), 2 logic levels.

Unconstrained Preference:
   CLOCK_TO_OUT PORT "gpio_mcs" CLKNET "clk" 

Report:    4.829ns delay system/bus/guest_memory/SLICE_68 to gpio_mcs

   Name    Fanout   Delay (ns)          Site               Resource
REG_DEL     ---     0.452      R7C4B.CLK to       R7C4B.Q0 system/bus/guest_memory/SLICE_68 (from clk)
ROUTE         3     1.580       R7C4B.Q0 to        8.PADDO gpio_mcs_c
DOPAD_DEL   ---     2.797        8.PADDO to          8.PAD gpio_mcs
                  --------
                    4.829   (67.3% logic, 32.7% route), 2 logic levels.

Unconstrained Preference:
   CLOCK_TO_OUT PORT "gpio_blank" CLKNET "clk" 

Report:    4.793ns delay system/SLICE_64 to gpio_blank

   Name    Fanout   Delay (ns)          Site               Resource
REG_DEL     ---     0.452     R9C11B.CLK to      R9C11B.Q0 system/SLICE_64 (from clk)
ROUTE         2     1.544      R9C11B.Q0 to       13.PADDO gpio_blank_c
DOPAD_DEL   ---     2.797       13.PADDO to         13.PAD gpio_blank
                  --------
                    4.793   (67.8% logic, 32.2% route), 2 logic levels.

Unconstrained Preference:
   CLOCK_TO_OUT PORT "gpio_ce" CLKNET "clk" 

Report:    4.595ns delay system/bus/SLICE_65 to gpio_ce

   Name    Fanout   Delay (ns)          Site               Resource
REG_DEL     ---     0.452     R8C11D.CLK to      R8C11D.Q0 system/bus/SLICE_65 (from clk)
ROUTE         3     1.346      R8C11D.Q0 to       14.PADDO gpio_ce_c
DOPAD_DEL   ---     2.797       14.PADDO to         14.PAD gpio_ce
                  --------
                    4.595   (70.7% logic, 29.3% route), 2 logic levels.

Unconstrained Preference:
   CLOCK_TO_OUT PORT "gpio_msck" CLKNET "clk" 

Report:    4.402ns delay system/bus/SLICE_69 to gpio_msck

   Name    Fanout   Delay (ns)          Site               Resource
REG_DEL     ---     0.452     R10C6A.CLK to      R10C6A.Q0 system/bus/SLICE_69 (from clk)
ROUTE        15     1.153      R10C6A.Q0 to        9.PADDO gpio_msck_c
DOPAD_DEL   ---     2.797        9.PADDO to          9.PAD gpio_msck
                  --------
                    4.402   (73.8% logic, 26.2% route), 2 logic levels.

Unconstrained Preference:
   CLOCK_TO_OUT PORT "gpio_clk" CLKNET "clk" 

Report:    4.396ns delay system/bus/SLICE_66 to gpio_clk

   Name    Fanout   Delay (ns)          Site               Resource
REG_DEL     ---     0.452      R8C9B.CLK to       R8C9B.Q0 system/bus/SLICE_66 (from clk)
ROUTE         3     1.147       R8C9B.Q0 to       12.PADDO gpio_clk_c
DOPAD_DEL   ---     2.797       12.PADDO to         12.PAD gpio_clk
                  --------
                    4.396   (73.9% logic, 26.1% route), 2 logic levels.

Unconstrained Preference:
   CLOCK_TO_OUT PORT "gpio_mosi" CLKNET "clk" 

Report:    3.407ns delay gpio_mosi_MGIOL to gpio_mosi

   Name    Fanout   Delay (ns)          Site               Resource
C2OUT_DEL   ---     0.567   IOL_B20D.CLK to IOL_B20D.IOLDO gpio_mosi_MGIOL (from clk)
ROUTE         1     0.043 IOL_B20D.IOLDO to       17.IOLDO gpio_mosi_c
OP0PAD_DEL  ---     2.797       17.IOLDO to         17.PAD gpio_mosi
                  --------
                    3.407   (98.7% logic, 1.3% route), 2 logic levels.


================================================================================
Preference: Unconstrained: MAXDELAY
            0 unconstrained paths found
--------------------------------------------------------------------------------

Report Summary
--------------
----------------------------------------------------------------------------
Preference                              |   Constraint|       Actual|Levels
----------------------------------------------------------------------------
                                        |             |             |
FREQUENCY NET "clk" 29.560000 MHz ;     |   29.560 MHz|   30.827 MHz|  17  
                                        |             |             |
----------------------------------------------------------------------------


All preferences were met.


Clock Domains Analysis
------------------------

Found 1 clocks:

Clock Domain: clk   Source: oscillator.OSC   Loads: 239
   Covered under: FREQUENCY NET "clk" 29.560000 MHz ;


--------------------------------------------------------------------------------
                Connections not covered by the preferences
--------------------------------------------------------------------------------

     Delay                        Element                 Net

    0.565ns pio_key_row[0].PADDI to _key_row[0]_MGIOL.DI gpio_key_row_in[0]
    0.565ns        sd_miso.PADDI to     sd_miso_MGIOL.DI sd_miso_c
    0.565ns             rx.PADDI to          rx_MGIOL.DI rx_c
    2.440ns      gpio_miso.PADDI to _memory/SLICE_131.C0 gpio_miso_c
    0.565ns pio_key_row[1].PADDI to _key_row[1]_MGIOL.DI gpio_key_row_in[1]
    0.565ns pio_key_row[2].PADDI to _key_row[2]_MGIOL.DI gpio_key_row_in[2]
    0.565ns pio_key_row[3].PADDI to _key_row[3]_MGIOL.DI gpio_key_row_in[3]
    2.710ns            res.PADDI to        SLICE_469.LSR res_c

--------------------------------------------------------------------------------


Timing summary (Setup):
---------------

Timing errors: 0  Score: 0
Cumulative negative slack: 0

Constraints cover 3019251 paths, 1 nets, and 5172 connections (99.85% coverage)

--------------------------------------------------------------------------------
Lattice TRACE Report - Hold, Version Diamond (64-bit) 3.14.0.75.2
Fri Sep 11 14:51:12 2026

Copyright (c) 1991-1994 by NeoCAD Inc. All rights reserved.
Copyright (c) 1995 AT&T Corp.   All rights reserved.
Copyright (c) 1995-2001 Lucent Technologies Inc.  All rights reserved.
Copyright (c) 2001 Agere Systems   All rights reserved.
Copyright (c) 2002-2024 Lattice Semiconductor Corporation,  All rights reserved.

Report Information
------------------
Command line:    trce -v 10 -c -u 0 -gt -sethld -sp 4 -sphld m -o cp55a_impl1.twr cp55a_impl1.ncd cp55a_impl1.prf 
Design file:     cp55a_impl1.ncd
Preference file: cp55a_impl1.prf
Device,speed:    LCMXO2-1200HC,m
Report level:    verbose report, limited to 10 items per preference
--------------------------------------------------------------------------------

BLOCK ASYNCPATHS
BLOCK RESETPATHS
--------------------------------------------------------------------------------



================================================================================
Preference: FREQUENCY NET "clk" 29.560000 MHz ;
            4096 items scored, 0 timing errors detected.
--------------------------------------------------------------------------------


Passed: The following path meets requirements by 0.293ns

 Logical Details:  Cell type  Pin type       Cell/ASIC name  (clock net +/-)

   Source:         Sync_RAM   Q              system/cpu/engine/dp/rf/words_ram_2/RAM0  (from clk +)
   Destination:    FF         Data in        system/bus/boot_release_armed  (to clk +)

   Delay:               0.280ns  (98.6% logic, 1.4% route), 1 logic levels.

 Constraint Details:

      0.280ns physical path delay system/SLICE_47 to system/SLICE_47 meets
     -0.013ns DIN_HLD and
      0.000ns delay constraint less
      0.000ns skew requirement (totaling -0.013ns) by 0.293ns

 Physical Path Details:

      Data path system/SLICE_47 to system/SLICE_47:

   Name    Fanout   Delay (ns)          Site               Resource
CLKTOF_DEL  ---     0.276     R3C10A.WCK to      R3C10A.F1 system/SLICE_47 (from clk)
ROUTE        22     0.004      R3C10A.F1 to     R3C10A.DI1 system/address[13] (to clk)
                  --------
                    0.280   (98.6% logic, 1.4% route), 1 logic levels.

 Clock Skew Details: 

      Source Clock Path oscillator to system/SLICE_47:

   Name    Fanout   Delay (ns)          Site               Resource
ROUTE       239     1.216        OSC.OSC to     R3C10A.WCK clk
                  --------
                    1.216   (0.0% logic, 100.0% route), 0 logic levels.

      Destination Clock Path oscillator to system/SLICE_47:

   Name    Fanout   Delay (ns)          Site               Resource
ROUTE       239     1.216        OSC.OSC to     R3C10A.CLK clk
                  --------
                    1.216   (0.0% logic, 100.0% route), 0 logic levels.


Passed: The following path meets requirements by 0.304ns

 Logical Details:  Cell type  Pin type       Cell/ASIC name  (clock net +/-)

   Source:         FF         Q              reset_sync[1]  (from clk +)
   Destination:    FF         Data in        reset_sync[0]  (to clk +)

   Delay:               0.285ns  (46.7% logic, 53.3% route), 1 logic levels.

 Constraint Details:

      0.285ns physical path delay SLICE_469 to SLICE_469 meets
     -0.019ns M_HLD and
      0.000ns delay constraint less
      0.000ns skew requirement (totaling -0.019ns) by 0.304ns

 Physical Path Details:

      Data path SLICE_469 to SLICE_469:

   Name    Fanout   Delay (ns)          Site               Resource
REG_DEL     ---     0.133     R7C12D.CLK to      R7C12D.Q1 SLICE_469 (from clk)
ROUTE         1     0.152      R7C12D.Q1 to      R7C12D.M0 reset_sync[1] (to clk)
                  --------
                    0.285   (46.7% logic, 53.3% route), 1 logic levels.

 Clock Skew Details: 

      Source Clock Path oscillator to SLICE_469:

   Name    Fanout   Delay (ns)          Site               Resource
ROUTE       239     1.216        OSC.OSC to     R7C12D.CLK clk
                  --------
                    1.216   (0.0% logic, 100.0% route), 0 logic levels.

      Destination Clock Path oscillator to SLICE_469:

   Name    Fanout   Delay (ns)          Site               Resource
ROUTE       239     1.216        OSC.OSC to     R7C12D.CLK clk
                  --------
                    1.216   (0.0% logic, 100.0% route), 0 logic levels.


Passed: The following path meets requirements by 0.304ns

 Logical Details:  Cell type  Pin type       Cell/ASIC name  (clock net +/-)

   Source:         FF         Q              system/bus/fixed_uart.console/cts_sync[0]  (from clk +)
   Destination:    FF         Data in        system/bus/fixed_uart.console/cts_sync[1]  (to clk +)

   Delay:               0.285ns  (46.7% logic, 53.3% route), 1 logic levels.

 Constraint Details:

      0.285ns physical path delay system/bus/fixed_uart.console/SLICE_94 to system/bus/fixed_uart.console/SLICE_94 meets
     -0.019ns M_HLD and
      0.000ns delay constraint less
      0.000ns skew requirement (totaling -0.019ns) by 0.304ns

 Physical Path Details:

      Data path system/bus/fixed_uart.console/SLICE_94 to system/bus/fixed_uart.console/SLICE_94:

   Name    Fanout   Delay (ns)          Site               Resource
REG_DEL     ---     0.133      R8C2D.CLK to       R8C2D.Q0 system/bus/fixed_uart.console/SLICE_94 (from clk)
ROUTE         1     0.152       R8C2D.Q0 to       R8C2D.M1 system/bus/fixed_uart.console/cts_sync[0] (to clk)
                  --------
                    0.285   (46.7% logic, 53.3% route), 1 logic levels.

 Clock Skew Details: 

      Source Clock Path oscillator to system/bus/fixed_uart.console/SLICE_94:

   Name    Fanout   Delay (ns)          Site               Resource
ROUTE       239     1.216        OSC.OSC to      R8C2D.CLK clk
                  --------
                    1.216   (0.0% logic, 100.0% route), 0 logic levels.

      Destination Clock Path oscillator to system/bus/fixed_uart.console/SLICE_94:

   Name    Fanout   Delay (ns)          Site               Resource
ROUTE       239     1.216        OSC.OSC to      R8C2D.CLK clk
                  --------
                    1.216   (0.0% logic, 100.0% route), 0 logic levels.


Passed: The following path meets requirements by 0.306ns

 Logical Details:  Cell type  Pin type       Cell/ASIC name  (clock net +/-)

   Source:         FF         Q              system/bus/timebase/state[15]  (from clk +)
   Destination:    FF         Data in        system/bus/timebase/state[16]  (to clk +)

   Delay:               0.287ns  (46.3% logic, 53.7% route), 1 logic levels.

 Constraint Details:

      0.287ns physical path delay SLICE_182 to SLICE_182 meets
     -0.019ns M_HLD and
      0.000ns delay constraint less
      0.000ns skew requirement (totaling -0.019ns) by 0.306ns

 Physical Path Details:

      Data path SLICE_182 to SLICE_182:

   Name    Fanout   Delay (ns)          Site               Resource
REG_DEL     ---     0.133     R7C11A.CLK to      R7C11A.Q0 SLICE_182 (from clk)
ROUTE         2     0.154      R7C11A.Q0 to      R7C11A.M1 system/bus/timebase/state[15] (to clk)
                  --------
                    0.287   (46.3% logic, 53.7% route), 1 logic levels.

 Clock Skew Details: 

      Source Clock Path oscillator to SLICE_182:

   Name    Fanout   Delay (ns)          Site               Resource
ROUTE       239     1.216        OSC.OSC to     R7C11A.CLK clk
                  --------
                    1.216   (0.0% logic, 100.0% route), 0 logic levels.

      Destination Clock Path oscillator to SLICE_182:

   Name    Fanout   Delay (ns)          Site               Resource
ROUTE       239     1.216        OSC.OSC to     R7C11A.CLK clk
                  --------
                    1.216   (0.0% logic, 100.0% route), 0 logic levels.


Passed: The following path meets requirements by 0.306ns

 Logical Details:  Cell type  Pin type       Cell/ASIC name  (clock net +/-)

   Source:         FF         Q              system/bus/byte_sd/rx_shift[1]  (from clk +)
   Destination:    FF         Data in        system/bus/byte_sd/rx_shift[2]  (to clk +)

   Delay:               0.287ns  (46.3% logic, 53.7% route), 1 logic levels.

 Constraint Details:

      0.287ns physical path delay system/SLICE_417 to system/SLICE_417 meets
     -0.019ns M_HLD and
      0.000ns delay constraint less
      0.000ns skew requirement (totaling -0.019ns) by 0.306ns

 Physical Path Details:

      Data path system/SLICE_417 to system/SLICE_417:

   Name    Fanout   Delay (ns)          Site               Resource
REG_DEL     ---     0.133     R7C12C.CLK to      R7C12C.Q0 system/SLICE_417 (from clk)
ROUTE         2     0.154      R7C12C.Q0 to      R7C12C.M1 system/bus/byte_sd/rx_shift[1] (to clk)
                  --------
                    0.287   (46.3% logic, 53.7% route), 1 logic levels.

 Clock Skew Details: 

      Source Clock Path oscillator to system/SLICE_417:

   Name    Fanout   Delay (ns)          Site               Resource
ROUTE       239     1.216        OSC.OSC to     R7C12C.CLK clk
                  --------
                    1.216   (0.0% logic, 100.0% route), 0 logic levels.

      Destination Clock Path oscillator to system/SLICE_417:

   Name    Fanout   Delay (ns)          Site               Resource
ROUTE       239     1.216        OSC.OSC to     R7C12C.CLK clk
                  --------
                    1.216   (0.0% logic, 100.0% route), 0 logic levels.


Passed: The following path meets requirements by 0.306ns

 Logical Details:  Cell type  Pin type       Cell/ASIC name  (clock net +/-)

   Source:         FF         Q              system/bus/fixed_uart.console/rx_shift[1]  (from clk +)
   Destination:    FF         Data in        system/bus/fixed_uart.console/rx_shift[0]  (to clk +)

   Delay:               0.287ns  (46.3% logic, 53.7% route), 1 logic levels.

 Constraint Details:

      0.287ns physical path delay system/bus/fixed_uart.console/SLICE_570 to system/bus/fixed_uart.console/SLICE_570 meets
     -0.019ns M_HLD and
      0.000ns delay constraint less
      0.000ns skew requirement (totaling -0.019ns) by 0.306ns

 Physical Path Details:

      Data path system/bus/fixed_uart.console/SLICE_570 to system/bus/fixed_uart.console/SLICE_570:

   Name    Fanout   Delay (ns)          Site               Resource
REG_DEL     ---     0.133     R10C3D.CLK to      R10C3D.Q1 system/bus/fixed_uart.console/SLICE_570 (from clk)
ROUTE         2     0.154      R10C3D.Q1 to      R10C3D.M0 system/bus/fixed_uart.console/rx_shift[1] (to clk)
                  --------
                    0.287   (46.3% logic, 53.7% route), 1 logic levels.

 Clock Skew Details: 

      Source Clock Path oscillator to system/bus/fixed_uart.console/SLICE_570:

   Name    Fanout   Delay (ns)          Site               Resource
ROUTE       239     1.216        OSC.OSC to     R10C3D.CLK clk
                  --------
                    1.216   (0.0% logic, 100.0% route), 0 logic levels.

      Destination Clock Path oscillator to system/bus/fixed_uart.console/SLICE_570:

   Name    Fanout   Delay (ns)          Site               Resource
ROUTE       239     1.216        OSC.OSC to     R10C3D.CLK clk
                  --------
                    1.216   (0.0% logic, 100.0% route), 0 logic levels.


Passed: The following path meets requirements by 0.306ns

 Logical Details:  Cell type  Pin type       Cell/ASIC name  (clock net +/-)

   Source:         FF         Q              system/bus/timebase/state[14]  (from clk +)
   Destination:    FF         Data in        system/bus/timebase/state[15]  (to clk +)

   Delay:               0.287ns  (46.3% logic, 53.7% route), 1 logic levels.

 Constraint Details:

      0.287ns physical path delay system/bus/timebase/SLICE_431 to SLICE_182 meets
     -0.019ns M_HLD and
      0.000ns delay constraint less
      0.000ns skew requirement (totaling -0.019ns) by 0.306ns

 Physical Path Details:

      Data path system/bus/timebase/SLICE_431 to SLICE_182:

   Name    Fanout   Delay (ns)          Site               Resource
REG_DEL     ---     0.133     R7C11B.CLK to      R7C11B.Q1 system/bus/timebase/SLICE_431 (from clk)
ROUTE         2     0.154      R7C11B.Q1 to      R7C11A.M0 system/bus/timebase/state[14] (to clk)
                  --------
                    0.287   (46.3% logic, 53.7% route), 1 logic levels.

 Clock Skew Details: 

      Source Clock Path oscillator to system/bus/timebase/SLICE_431:

   Name    Fanout   Delay (ns)          Site               Resource
ROUTE       239     1.216        OSC.OSC to     R7C11B.CLK clk
                  --------
                    1.216   (0.0% logic, 100.0% route), 0 logic levels.

      Destination Clock Path oscillator to SLICE_182:

   Name    Fanout   Delay (ns)          Site               Resource
ROUTE       239     1.216        OSC.OSC to     R7C11A.CLK clk
                  --------
                    1.216   (0.0% logic, 100.0% route), 0 logic levels.


Passed: The following path meets requirements by 0.306ns

 Logical Details:  Cell type  Pin type       Cell/ASIC name  (clock net +/-)

   Source:         FF         Q              system/bus/byte_sd/rx_shift[5]  (from clk +)
   Destination:    FF         Data in        system/bus/byte_sd/rx_shift[6]  (to clk +)

   Delay:               0.287ns  (46.3% logic, 53.7% route), 1 logic levels.

 Constraint Details:

      0.287ns physical path delay system/bus/SLICE_569 to system/bus/SLICE_569 meets
     -0.019ns M_HLD and
      0.000ns delay constraint less
      0.000ns skew requirement (totaling -0.019ns) by 0.306ns

 Physical Path Details:

      Data path system/bus/SLICE_569 to system/bus/SLICE_569:

   Name    Fanout   Delay (ns)          Site               Resource
REG_DEL     ---     0.133      R5C9D.CLK to       R5C9D.Q0 system/bus/SLICE_569 (from clk)
ROUTE         2     0.154       R5C9D.Q0 to       R5C9D.M1 system/bus/byte_sd/rdata_8[5] (to clk)
                  --------
                    0.287   (46.3% logic, 53.7% route), 1 logic levels.

 Clock Skew Details: 

      Source Clock Path oscillator to system/bus/SLICE_569:

   Name    Fanout   Delay (ns)          Site               Resource
ROUTE       239     1.216        OSC.OSC to      R5C9D.CLK clk
                  --------
                    1.216   (0.0% logic, 100.0% route), 0 logic levels.

      Destination Clock Path oscillator to system/bus/SLICE_569:

   Name    Fanout   Delay (ns)          Site               Resource
ROUTE       239     1.216        OSC.OSC to      R5C9D.CLK clk
                  --------
                    1.216   (0.0% logic, 100.0% route), 0 logic levels.


Passed: The following path meets requirements by 0.306ns

 Logical Details:  Cell type  Pin type       Cell/ASIC name  (clock net +/-)

   Source:         FF         Q              system/bus/fixed_uart.console/rx_shift[3]  (from clk +)
   Destination:    FF         Data in        system/bus/fixed_uart.console/rx_shift[2]  (to clk +)

   Delay:               0.287ns  (46.3% logic, 53.7% route), 1 logic levels.

 Constraint Details:

      0.287ns physical path delay system/bus/fixed_uart.console/SLICE_409 to system/bus/fixed_uart.console/SLICE_409 meets
     -0.019ns M_HLD and
      0.000ns delay constraint less
      0.000ns skew requirement (totaling -0.019ns) by 0.306ns

 Physical Path Details:

      Data path system/bus/fixed_uart.console/SLICE_409 to system/bus/fixed_uart.console/SLICE_409:

   Name    Fanout   Delay (ns)          Site               Resource
REG_DEL     ---     0.133      R8C2B.CLK to       R8C2B.Q1 system/bus/fixed_uart.console/SLICE_409 (from clk)
ROUTE         2     0.154       R8C2B.Q1 to       R8C2B.M0 system/bus/fixed_uart.console/rx_shift[3] (to clk)
                  --------
                    0.287   (46.3% logic, 53.7% route), 1 logic levels.

 Clock Skew Details: 

      Source Clock Path oscillator to system/bus/fixed_uart.console/SLICE_409:

   Name    Fanout   Delay (ns)          Site               Resource
ROUTE       239     1.216        OSC.OSC to      R8C2B.CLK clk
                  --------
                    1.216   (0.0% logic, 100.0% route), 0 logic levels.

      Destination Clock Path oscillator to system/bus/fixed_uart.console/SLICE_409:

   Name    Fanout   Delay (ns)          Site               Resource
ROUTE       239     1.216        OSC.OSC to      R8C2B.CLK clk
                  --------
                    1.216   (0.0% logic, 100.0% route), 0 logic levels.


Passed: The following path meets requirements by 0.306ns

 Logical Details:  Cell type  Pin type       Cell/ASIC name  (clock net +/-)

   Source:         FF         Q              system/bus/fixed_uart.console/rx_shift[7]  (from clk +)
   Destination:    FF         Data in        system/bus/fixed_uart.console/rx_shift[6]  (to clk +)

   Delay:               0.287ns  (46.3% logic, 53.7% route), 1 logic levels.

 Constraint Details:

      0.287ns physical path delay system/bus/SLICE_412 to system/bus/SLICE_412 meets
     -0.019ns M_HLD and
      0.000ns delay constraint less
      0.000ns skew requirement (totaling -0.019ns) by 0.306ns

 Physical Path Details:

      Data path system/bus/SLICE_412 to system/bus/SLICE_412:

   Name    Fanout   Delay (ns)          Site               Resource
REG_DEL     ---     0.133      R5C5C.CLK to       R5C5C.Q1 system/bus/SLICE_412 (from clk)
ROUTE         2     0.154       R5C5C.Q1 to       R5C5C.M0 system/bus/fixed_uart.console/rx_shift[7] (to clk)
                  --------
                    0.287   (46.3% logic, 53.7% route), 1 logic levels.

 Clock Skew Details: 

      Source Clock Path oscillator to system/bus/SLICE_412:

   Name    Fanout   Delay (ns)          Site               Resource
ROUTE       239     1.216        OSC.OSC to      R5C5C.CLK clk
                  --------
                    1.216   (0.0% logic, 100.0% route), 0 logic levels.

      Destination Clock Path oscillator to system/bus/SLICE_412:

   Name    Fanout   Delay (ns)          Site               Resource
ROUTE       239     1.216        OSC.OSC to      R5C5C.CLK clk
                  --------
                    1.216   (0.0% logic, 100.0% route), 0 logic levels.

Report Summary
--------------
----------------------------------------------------------------------------
Preference(MIN Delays)                  |   Constraint|       Actual|Levels
----------------------------------------------------------------------------
                                        |             |             |
FREQUENCY NET "clk" 29.560000 MHz ;     |     0.000 ns|     0.293 ns|   1  
                                        |             |             |
----------------------------------------------------------------------------


All preferences were met.


Clock Domains Analysis
------------------------

Found 1 clocks:

Clock Domain: clk   Source: oscillator.OSC   Loads: 239
   Covered under: FREQUENCY NET "clk" 29.560000 MHz ;


--------------------------------------------------------------------------------
                Connections not covered by the preferences
--------------------------------------------------------------------------------

     Delay                        Element                 Net

    0.177ns pio_key_row[0].PADDI to _key_row[0]_MGIOL.DI gpio_key_row_in[0]
    0.177ns        sd_miso.PADDI to     sd_miso_MGIOL.DI sd_miso_c
    0.177ns             rx.PADDI to          rx_MGIOL.DI rx_c
    0.809ns      gpio_miso.PADDI to _memory/SLICE_131.C0 gpio_miso_c
    0.177ns pio_key_row[1].PADDI to _key_row[1]_MGIOL.DI gpio_key_row_in[1]
    0.177ns pio_key_row[2].PADDI to _key_row[2]_MGIOL.DI gpio_key_row_in[2]
    0.177ns pio_key_row[3].PADDI to _key_row[3]_MGIOL.DI gpio_key_row_in[3]
    0.873ns            res.PADDI to        SLICE_469.LSR res_c

--------------------------------------------------------------------------------


Timing summary (Hold):
---------------

Timing errors: 0  Score: 0
Cumulative negative slack: 0

Constraints cover 3019251 paths, 1 nets, and 5172 connections (99.85% coverage)



Timing summary (Setup and Hold):
---------------

Timing errors: 0 (setup), 0 (hold)
Score: 0 (setup), 0 (hold)
Cumulative negative slack: 0 (0+0)
--------------------------------------------------------------------------------

--------------------------------------------------------------------------------

