UJFP11	MACRO V05.03b  00:00  Page 1


      1						.TITLE UJFP11
      2						.IDENT /00.09/
      3					; CP76 FP11-A firmware: conversions. Absolute HALT FRAM, CP67 module ABI3.
      4					; LDFPS/STFPS/STST support all eight word addressing modes.
      5					; Full documented FP11 instruction families; ordinary code in HALT FRAM.
      6	000000					.ASECT
      7		040000 				.=40000
      8	040000	000137 	040010 		INIT:	JMP @#COLD
      9	040004	125110 	000001 		SIGN:	.WORD 125110,1
     10		000100 			CPC=100
     11		000102 			CPSW=102
     12		147757 			FPSMSK=147757
     13						.MACRO JNE DST,?OK
     14						BEQ OK
     15						JMP DST
     16					OK:
     17						.ENDM
     18						.MACRO JMI DST,?OK
     19						BPL OK
     20						JMP DST
     21					OK:
     22						.ENDM
     23						.MACRO JGE DST,?OK
     24						BLT OK
     25						JMP DST
     26					OK:
     27						.ENDM
     28						.MACRO JEQ DST,?OK
     29						BNE OK
     30						JMP DST
     31					OK:
     32						.ENDM
     33					; The generic walker owns its fault vector until we return RTS PC.
     34	040010	000043 			COLD:	.WORD 43
     35	040012	032700 	000400 			BIT #400,R0
     36	040016	001443 				BEQ CFAIL
     37	040020	023727 	000122 	007000 		CMP @#122,#7000
     38	040026	001037 				BNE CFAIL
     39	040030	042700 	177770 			BIC #177770,R0
     40	040034	010003 				MOV R0,R3
     41	040036	012701 	050272 			MOV #IMMEND,R1
     42	040042	012702 	000206 			MOV #<MEMEND-IMMEND>/2,R2
     43	040046	005011 			1$:	CLR (R1)
     44	040050	005721 				TST (R1)+
     45	040052	001025 				BNE CFAIL
     46	040054	077204 				SOB R2,1$
     47	040056	012737 	040134 	000010 		MOV #ENTER,@#10
     48	040064	023727 	000010 	040134 		CMP @#10,#ENTER
     49	040072	001015 				BNE CFAIL
     50	040074	012737 	000340 	000012 		MOV #340,@#12
     51	040102	023727 	000012 	000340 		CMP @#12,#340
     52	040110	001006 				BNE CFAIL
     53					; Ready is published last; preserve installed ODT/debug bits.
     54	040112	010300 				MOV R3,R0
     55	040114	052700 	000002 			BIS #2,R0
     56	040120	000042 				.WORD 42
     57	040122	005000 				CLR R0
UJFP11	MACRO V05.03b  00:00  Page 1-1


     58	040124	000207 				RTS PC
     59	040126	012700 	000001 		CFAIL:	MOV #1,R0
     60	040132	000207 				RTS PC
     61
     62					; No use of the USER stack, even when its address is odd.
     63	040134	010067 	010220 		ENTER:	MOV R0,REGS
     64	040140	010167 	010216 			MOV R1,REGS+2
     65	040144	010267 	010214 			MOV R2,REGS+4
     66	040150	010367 	010212 			MOV R3,REGS+6
     67	040154	010467 	010210 			MOV R4,REGS+10
     68	040160	010567 	010206 			MOV R5,REGS+12
     69	040164	010667 	010204 			MOV SP,REGS+14
     70	040170	013767 	000100 	010200 		MOV @#CPC,REGS+16
     71	040176	013767 	000102 	010174 		MOV @#CPSW,REGS+20
     72	040204	012706 	050706 			MOV #STKTOP,SP
     73	040210	013767 	000004 	010164 		MOV @#4,OLDVEC
     74	040216	013767 	000006 	010160 		MOV @#6,OLDVEC+2
     75	040224	005067 	010164 			CLR INTRAP
     76	040230	012737 	050114 	000004 		MOV #BUSERR,@#4
     77	040236	012737 	000340 	000006 		MOV #340,@#6
     78					; HALT entry supplies PC after the opcode. Decode its RAM word, without
     79					; consuming an extension word or changing the saved architectural PC.
     80	040244	016705 	010126 			MOV REGS+16,R5
     81	040250	162705 	000002 			SUB #2,R5
     82	040254	010567 	010126 			MOV R5,OPADDR
     83	040260	000021 				.WORD 21
     84	040262	010067 	010122 			MOV R0,OPCODE
     85	040266	020027 	170000 			CMP R0,#170000
     86	040272	001503 				BEQ CFCC
     87	040274	020027 	170001 			CMP R0,#170001
     88	040300	001513 				BEQ SETF
     89	040302	020027 	170002 			CMP R0,#170002
     90	040306	001515 				BEQ SETI
     91	040310	020027 	170011 			CMP R0,#170011
     92	040314	001517 				BEQ SETD
     93	040316	020027 	170012 			CMP R0,#170012
     94	040322	001521 				BEQ SETL
     95	040324	010004 				MOV R0,R4
     96	040326	042704 	000077 			BIC #77,R4
     97	040332	020427 	170100 			CMP R4,#170100
     98	040336	001520 				BEQ XFER
     99	040340	020427 	170200 			CMP R4,#170200
    100	040344	001515 				BEQ XFER
    101	040346	020427 	170300 			CMP R4,#170300
    102	040352	001512 				BEQ XFER
    103	040354	020427 	170400 			CMP R4,#170400
    104	040360	001507 				BEQ XFER
    105	040362	020427 	170500 			CMP R4,#170500
    106	040366	001504 				BEQ XFER
    107	040370	020427 	170600 			CMP R4,#170600
    108	040374	001501 				BEQ XFER
    109	040376	020427 	170700 			CMP R4,#170700
    110	040402	001476 				BEQ XFER
    111	040404	042704 	000300 			BIC #300,R4
    112	040410	020427 	173400 			CMP R4,#173400
    113	040414	001471 				BEQ XFER
    114	040416	020427 	172400 			CMP R4,#172400
UJFP11	MACRO V05.03b  00:00  Page 1-2


    115	040422	001466 				BEQ XFER
    116	040424	020427 	174000 			CMP R4,#174000
    117	040430	001463 				BEQ XFER
    118	040432	020427 	172000 			CMP R4,#172000
    119	040436	001460 				BEQ XFER
    120	040440	020427 	173000 			CMP R4,#173000
    121	040444	001455 				BEQ XFER
    122	040446	020427 	171000 			CMP R4,#171000
    123	040452	001452 				BEQ XFER
    124	040454	020427 	174400 			CMP R4,#174400
    125	040460	001447 				BEQ XFER
    126	040462	020427 	171400 			CMP R4,#171400
    127	040466	001444 				BEQ XFER
    128	040470	020427 	175000 			CMP R4,#175000
    129	040474	103041 				BHIS XFER
    130	040476	000167 	007342 			JMP UNIMPL
    131	040502	016700 	007564 		CFCC:	MOV FPS,R0
    132	040506	042700 	177760 			BIC #177760,R0
    133	040512	042767 	000017 	007660 		BIC #17,REGS+20
    134	040520	050067 	007654 			BIS R0,REGS+20
    135	040524	000167 	007452 			JMP RETURN
    136	040530	042767 	000200 	007534 	SETF:	BIC #200,FPS
    137	040536	000167 	007440 			JMP RETURN
    138	040542	042767 	000100 	007522 	SETI:	BIC #100,FPS
    139	040550	000167 	007426 			JMP RETURN
    140	040554	052767 	000200 	007510 	SETD:	BIS #200,FPS
    141	040562	000167 	007414 			JMP RETURN
    142	040566	052767 	000100 	007476 	SETL:	BIS #100,FPS
    143	040574	000167 	007402 			JMP RETURN
    144					; R1 addresses the saved CPU register, R2 is mode*2, R3 operand bytes.
    145					; R0/R5 alone are clobbered by the inter-bank instructions.
    146	040600	016701 	007604 		XFER:	MOV OPCODE,R1
    147	040604	042701 	177770 			BIC #177770,R1
    148	040610	006301 				ASL R1
    149	040612	062701 	050360 			ADD #REGS,R1
    150	040616	016702 	007566 			MOV OPCODE,R2
    151	040622	042702 	177707 			BIC #177707,R2
    152	040626	006202 				ASR R2
    153	040630	006202 				ASR R2
    154	040632	012703 	000002 			MOV #2,R3
    155	040636	020427 	175000 			CMP R4,#175000
    156	040642	103402 				BLO XOLD
    157	040644	000167 	004732 			JMP CSIZE
    158	040650	032704 	007400 		XOLD:	BIT #7400,R4
    159	040654	001006 				BNE FSET
    160	040656	020427 	170300 			CMP R4,#170300
    161	040662	001040 				BNE XD
    162	040664	012703 	000004 			MOV #4,R3
    163	040670	000424 				BR IMMLEN
    164	040672	016700 	007512 		FSET:	MOV OPCODE,R0
    165	040676	042700 	177477 			BIC #177477,R0
    166	040702	006200 				ASR R0
    167	040704	006200 				ASR R0
    168	040706	006200 				ASR R0
    169	040710	062700 	050300 			ADD #ACS,R0
    170	040714	010067 	007502 			MOV R0,ACPTR
    171	040720	012703 	000004 			MOV #4,R3
UJFP11	MACRO V05.03b  00:00  Page 1-3


    172	040724	032767 	000200 	007340 		BIT #200,FPS
    173	040732	001401 				BEQ FSIZE
    174	040734	006303 				ASL R3
    175	040736	010367 	007462 		FSIZE:	MOV R3,FLEN
    176	040742	016700 	007442 		IMMLEN:	MOV OPCODE,R0
    177	040746	042700 	177700 			BIC #177700,R0
    178	040752	020027 	000027 			CMP R0,#27
    179	040756	001002 				BNE XD
    180	040760	012703 	000002 			MOV #2,R3
    181	040764	005067 	007426 		XD:	CLR CHGPTR
    182	040770	011105 				MOV (R1),R5
    183	040772	000172 	040776 			JMP @EATAB(R2)
    184	040776	041016 	041216 	041112 	EATAB:	.WORD REG,EA,EAINC,EAIND,EADEC,EADDEF,EAIDX,EAIDXD
	041004	041124 	041140 	041152
	041012	041166 	041166
    185	041016	020427 	175000 		REG:	CMP R4,#175000
    186	041022	103402 				BLO ROLD
    187	041024	000167 	004766 			JMP CREG
    188	041030	032704 	007400 		ROLD:	BIT #7400,R4
    189	041034					JNE FREG
    190	041042	020427 	170100 			CMP R4,#170100
    191	041046	001007 				BNE REGST
    192	041050	011167 	007216 			MOV (R1),FPS
    193	041054	042767 	030020 	007210 		BIC #<177777-FPSMSK>,FPS
    194	041062	000167 	007114 			JMP RETURN
    195	041066	016700 	007200 		REGST:	MOV FPS,R0
    196	041072	020427 	170200 			CMP R4,#170200
    197	041076	001402 				BEQ REGSAV
    198	041100	016700 	007170 			MOV FEC,R0
    199	041104	010011 			REGSAV:	MOV R0,(R1)
    200	041106	000167 	007070 			JMP RETURN
    201	041112	010500 			EAINC:	MOV R5,R0
    202	041114	060300 				ADD R3,R0
    203	041116	004767 	000236 			JSR PC,CHANGE
    204	041122	000435 				BR EA
    205	041124	010500 			EAIND:	MOV R5,R0
    206	041126	062700 	000002 			ADD #2,R0
    207	041132	004767 	000222 			JSR PC,CHANGE
    208	041136	000425 				BR INDIRECT
    209	041140	160305 			EADEC:	SUB R3,R5
    210	041142	010500 				MOV R5,R0
    211	041144	004767 	000210 			JSR PC,CHANGE
    212	041150	000422 				BR EA
    213	041152	162705 	000002 		EADDEF:	SUB #2,R5
    214	041156	010500 				MOV R5,R0
    215	041160	004767 	000174 			JSR PC,CHANGE
    216	041164	000412 				BR INDIRECT
    217	041166				EAIDX:
    218	041166	016705 	007204 		EAIDXD:	MOV REGS+16,R5
    219	041172	000021 				.WORD 21
    220					; Failed extension read never reaches the PC update. Index R7 uses PC+2.
    221	041174	010567 	007176 			MOV R5,REGS+16
    222	041200	061100 				ADD (R1),R0
    223	041202	010005 				MOV R0,R5
    224	041204	020227 	000014 			CMP R2,#14
    225	041210	001402 				BEQ EA
    226	041212				INDIRECT:
UJFP11	MACRO V05.03b  00:00  Page 1-4


    227	041212	000021 				.WORD 21
    228	041214	010005 				MOV R0,R5
    229	041216	020427 	175000 		EA:	CMP R4,#175000
    230	041222	103402 				BLO EAOLD
    231	041224	000167 	004742 			JMP CMEM
    232	041230	032704 	007400 		EAOLD:	BIT #7400,R4
    233	041234					JNE FMEM
    234	041242	020427 	170100 			CMP R4,#170100
    235	041246	001007 				BNE MEMST
    236	041250	000021 				.WORD 21
    237	041252	010067 	007014 			MOV R0,FPS
    238	041256	042767 	030020 	007006 		BIC #<177777-FPSMSK>,FPS
    239	041264	000422 				BR COMMIT
    240	041266	016700 	007000 		MEMST:	MOV FPS,R0
    241	041272	020427 	170200 			CMP R4,#170200
    242	041276	001402 				BEQ STORE1
    243	041300	016700 	006770 			MOV FEC,R0
    244	041304	062705 	000002 		STORE1:	ADD #2,R5
    245	041310	000031 				.WORD 31
    246	041312	020327 	000004 			CMP R3,#4
    247	041316	001005 				BNE COMMIT
    248	041320	016700 	006752 			MOV FEA,R0
    249	041324	062705 	000004 			ADD #4,R5
    250	041330	000031 				.WORD 31
    251	041332	004767 	000004 		COMMIT:	JSR PC,UPD
    252	041336	000167 	006640 			JMP RETURN
    253	041342	005767 	007050 		UPD:	TST CHGPTR
    254	041346	001403 				BEQ URET
    255	041350	016777 	007044 	007040 		MOV CHGVAL,@CHGPTR
    256	041356	000207 			URET:	RTS PC
    257					; Match J11: R0-R6 autoupdates commit after all operand accesses succeed.
    258					; PC changes are immediate, including an absolute/immediate pointer fetch.
    259	041360	020127 	050376 		CHANGE:	CMP R1,#REGS+16
    260	041364	001002 				BNE PENDING
    261	041366	010011 				MOV R0,(R1)
    262	041370	000207 				RTS PC
    263	041372				PENDING:
    264	041372	010167 	007020 			MOV R1,CHGPTR
    265	041376	010067 	007016 			MOV R0,CHGVAL
    266	041402	000207 				RTS PC
    267					; Mode 0 names floating accumulators, not CPU registers. AC6/7 are illegal.
    268	041404	010105 			FREG:	MOV R1,R5
    269	041406	162705 	050360 			SUB #REGS,R5
    270	041412	020527 	000014 			CMP R5,#14
    271	041416	103402 				BLO FRVALID
    272	041420	000167 	006420 			JMP UNIMPL
    273	041424	006305 			FRVALID:	ASL R5
    274	041426	006305 				ASL R5
    275	041430	062705 	050300 			ADD #ACS,R5
    276	041434	020427 	174000 			CMP R4,#174000
    277	041440	001004 				BNE FRLOAD
    278	041442	010501 				MOV R5,R1
    279	041444	016705 	006752 			MOV ACPTR,R5
    280	041450	000405 				BR FRCOPY
    281	041452	020427 	172400 		FRLOAD:	CMP R4,#172400
    282	041456	001022 				BNE FREGIN
    283	041460	016701 	006736 			MOV ACPTR,R1
UJFP11	MACRO V05.03b  00:00  Page 1-5


    284					; Both operands are validated ACs in HALT FRAM. Preserve the first source
    285					; word for LDF flags; F mode must neither read nor overwrite the low half.
    286					; No USER addressing side effects exist on this path, including self-copy.
    287	041464	012500 			FRCOPY:	MOV (R5)+,R0
    288	041466	010021 				MOV R0,(R1)+
    289	041470	012521 				MOV (R5)+,(R1)+
    290	041472	032767 	000200 	006572 		BIT #200,FPS
    291	041500	001402 				BEQ FRCEND
    292	041502	012521 				MOV (R5)+,(R1)+
    293	041504	011511 				MOV (R5),(R1)
    294	041506	020427 	174000 		FRCEND:	CMP R4,#174000
    295	041512	001402 				BEQ FRRET
    296	041514	004767 	000626 			JSR PC,SETCC
    297	041520	000167 	006456 		FRRET:	JMP RETURN
    298	041524	010567 	006700 		FREGIN:	MOV R5,EADDR
    299	041530	004767 	000570 			JSR PC,ZBUF
    300	041534	020427 	170400 			CMP R4,#170400
    301	041540					JEQ FEXEC
    302	041546	012701 	050432 			MOV #FBUF,R1
    303	041552	016702 	006646 			MOV FLEN,R2
    304	041556	006202 				ASR R2
    305	041560	012521 			FRIN:	MOV (R5)+,(R1)+
    306	041562	077202 				SOB R2,FRIN
    307	041564	000167 	000162 			JMP FEXEC
    308					; Buffer all words before modifying AC/FPS. CLR never reads its destination.
    309	041570	010567 	006634 		FMEM:	MOV R5,EADDR
    310	041574	020427 	174000 			CMP R4,#174000
    311	041600					JEQ FSTORE
    312	041606	004767 	000512 			JSR PC,ZBUF
    313	041612	020427 	170400 			CMP R4,#170400
    314	041616					JEQ FEXEC
    315	041624	012701 	050432 			MOV #FBUF,R1
    316	041630	010302 				MOV R3,R2
    317	041632	006202 				ASR R2
    318	041634	000021 			FREAD:	.WORD 21
    319	041636	010021 				MOV R0,(R1)+
    320	041640	077203 				SOB R2,FREAD
    321					; Undefined-variable detection applies to memory/immediate, not AC sources.
    322	041642	016700 	006564 			MOV FBUF,R0
    323	041646	100041 				BPL FEXEC
    324	041650	032700 	077600 			BIT #77600,R0
    325	041654	001036 				BNE FEXEC
    326	041656	032767 	004000 	006406 		BIT #4000,FPS
    327	041664	001432 				BEQ FEXEC
    328					; FP11-A unary UV exceptions complete the operation first (DEC 1981
    329					; pp. 320/334). Arithmetic/compare/load cancel before execution.
    330	041666	020427 	170600 			CMP R4,#170600
    331	041672	001421 				BEQ FUWR
    332	041674	020427 	170700 			CMP R4,#170700
    333	041700	001416 				BEQ FUWR
    334					; TST retains the sign while setting flags (FP11-A manual 5.3.8).
    335	041702	020427 	172400 			CMP R4,#172400
    336	041706	001403 				BEQ FUVCC
    337	041710	020427 	170500 			CMP R4,#170500
    338	041714	001002 				BNE FUV
    339	041716				FUVCC:
    340	041716	004767 	000424 			JSR PC,SETCC
UJFP11	MACRO V05.03b  00:00  Page 1-6


    341	041722	004767 	177414 		FUV:	JSR PC,UPD
    342	041726	012700 	000014 			MOV #14,R0
    343	041732	000167 	006112 			JMP FPERR
    344	041736	004767 	000362 		FUWR:	JSR PC,ZBUF
    345	041742	012704 	170610 			MOV #170610,R4
    346	041746	000167 	000162 			JMP UWRITE
    347	041752	020427 	172000 		FEXEC:	CMP R4,#172000
    348	041756					JEQ ARITH
    349	041764	020427 	173000 			CMP R4,#173000
    350	041770					JEQ ARITH
    351	041776	020427 	172400 			CMP R4,#172400
    352	042002	001511 				BEQ FLOAD
    353	042004	020427 	173400 			CMP R4,#173400
    354	042010					JEQ FCOMP
    355	042016	020427 	170500 			CMP R4,#170500
    356	042022	001466 				BEQ FFLAGS
    357	042024	020427 	170400 			CMP R4,#170400
    358	042030	001441 				BEQ UWRITE
    359	042032	020427 	171000 			CMP R4,#171000
    360	042036					JEQ ARITH
    361	042044	020427 	174400 			CMP R4,#174400
    362	042050					JEQ ARITH
    363	042056	020427 	171400 			CMP R4,#171400
    364	042062					JEQ ARITH
    365	042070	032767 	077600 	006334 		BIT #77600,FBUF
    366	042076	001003 				BNE USIGN
    367	042100	004767 	000220 			JSR PC,ZBUF
    368	042104	000413 				BR UWRITE
    369	042106	020427 	170600 		USIGN:	CMP R4,#170600
    370	042112	001004 				BNE UNEG
    371	042114	042767 	100000 	006310 		BIC #100000,FBUF
    372	042122	000404 				BR UWRITE
    373	042124	012700 	100000 		UNEG:	MOV #100000,R0
    374	042130	074067 	006276 			XOR R0,FBUF
    375	042134	016705 	006270 		UWRITE:	MOV EADDR,R5
    376	042140	012701 	050432 			MOV #FBUF,R1
    377	042144	016702 	006254 			MOV FLEN,R2
    378	042150	006202 				ASR R2
    379	042152	032767 	000070 	006230 		BIT #70,OPCODE
    380	042160	001003 				BNE USTORE
    381	042162	012125 			URCOPY:	MOV (R1)+,(R5)+
    382	042164	077202 				SOB R2,URCOPY
    383	042166	000404 				BR FFLAGS
    384	042170	010302 			USTORE:	MOV R3,R2
    385	042172	006202 				ASR R2
    386	042174	004767 	000104 			JSR PC,WRITE
    387	042200	016700 	006226 		FFLAGS:	MOV FBUF,R0
    388	042204	004767 	000136 			JSR PC,SETCC
    389	042210	020427 	170610 			CMP R4,#170610
    390	042214					JEQ FUV
    391	042222	000167 	177104 			JMP COMMIT
    392	042226	012705 	050432 		FLOAD:	MOV #FBUF,R5
    393	042232	016701 	006164 			MOV ACPTR,R1
    394	042236	016702 	006162 		FCOPY:	MOV FLEN,R2
    395	042242	006202 				ASR R2
    396	042244	012521 			FCOPY1:	MOV (R5)+,(R1)+
    397	042246	077202 				SOB R2,FCOPY1
UJFP11	MACRO V05.03b  00:00  Page 1-7


    398	042250	020427 	174000 			CMP R4,#174000
    399	042254					JEQ COMMIT
    400	042262	000746 				BR FFLAGS
    401	042264	016701 	006132 		FSTORE:	MOV ACPTR,R1
    402	042270	010302 				MOV R3,R2
    403	042272	006202 				ASR R2
    404	042274	004767 	000004 			JSR PC,WRITE
    405	042300	000167 	177026 			JMP COMMIT
    406					; R5=USER destination, R1=HALT source, R2=word count. No FPS commit on fault.
    407	042304	062705 	000002 		WRITE:	ADD #2,R5
    408	042310	012100 			FWRITE:	MOV (R1)+,R0
    409	042312	000031 				.WORD 31
    410	042314	062705 	000004 			ADD #4,R5
    411	042320	077205 				SOB R2,FWRITE
    412	042322	000207 				RTS PC
    413	042324	005067 	006102 		ZBUF:	CLR FBUF
    414	042330	005067 	006100 			CLR FBUF+2
    415	042334	005067 	006076 			CLR FBUF+4
    416	042340	005067 	006074 			CLR FBUF+6
    417	042344	000207 				RTS PC
    418	042346	042767 	000017 	005716 	SETCC:	BIC #17,FPS
    419	042354	005700 				TST R0
    420	042356	100003 				BPL FZERO
    421	042360	052767 	000010 	005704 		BIS #10,FPS
    422	042366	032700 	077600 		FZERO:	BIT #77600,R0
    423	042372	001003 				BNE FCCRET
    424	042374	052767 	000004 	005670 		BIS #4,FPS
    425	042402	000207 			FCCRET:	RTS PC
    426					; Compare FSRC - AC, treating any zero exponent as exact zero. AC is only
    427					; changed when both operands are zero; its low half is preserved in F mode.
    428	042404	032767 	077600 	006020 	FCOMP:	BIT #77600,FBUF
    429	042412	001002 				BNE CSRC
    430	042414	004767 	177704 			JSR PC,ZBUF
    431	042420	016705 	005776 		CSRC:	MOV ACPTR,R5
    432	042424	032715 	077600 			BIT #77600,(R5)
    433	042430	001002 				BNE CAC
    434	042432	012705 	042560 			MOV #ZEROS,R5
    435	042436	005004 			CAC:	CLR R4
    436	042440	016700 	005766 			MOV FBUF,R0
    437	042444	100002 				BPL CSIGN
    438	042446	012704 	000010 			MOV #10,R4
    439	042452	011501 			CSIGN:	MOV (R5),R1
    440	042454	074001 				XOR R0,R1
    441	042456	100431 				BMI CDONE
    442	042460	012701 	050432 			MOV #FBUF,R1
    443	042464	016702 	005734 			MOV FLEN,R2
    444	042470	006202 				ASR R2
    445	042472	022125 			CLOOP:	CMP (R1)+,(R5)+
    446	042474	103417 				BLO CLESS
    447	042476	101021 				BHI CDONE
    448	042500	077204 				SOB R2,CLOOP
    449	042502	012704 	000004 			MOV #4,R4
    450	042506	005767 	005720 			TST FBUF
    451	042512	001013 				BNE CDONE
    452	042514	016701 	005702 			MOV ACPTR,R1
    453	042520	016702 	005700 			MOV FLEN,R2
    454	042524	006202 				ASR R2
UJFP11	MACRO V05.03b  00:00  Page 1-8


    455	042526	005021 			CZERO:	CLR (R1)+
    456	042530	077202 				SOB R2,CZERO
    457	042532	000403 				BR CDONE
    458	042534	012700 	000010 		CLESS:	MOV #10,R0
    459	042540	074004 				XOR R0,R4
    460	042542	042767 	000017 	005522 	CDONE:	BIC #17,FPS
    461	042550	050467 	005516 			BIS R4,FPS
    462	042554	000167 	176552 			JMP COMMIT
    463	042560	000000 	000000 	000000 	ZEROS:	.WORD 0,0,0,0
	042566	000000
    464					; Two 64-bit integer mantissas in little-word order: hidden bit 62,
    465					; seven low guard bits. The same width serves F and D; F ignores AC[31:0].
    466					; No host floating arithmetic, FPGA additions or new microinstructions.
    467	042570	005067 	005706 		ARITH:	CLR AERR
    468	042574	005067 	005704 			CLR AOVF
    469	042600	016705 	005616 			MOV ACPTR,R5
    470	042604	012701 	050442 			MOV #AMAN,R1
    471	042610	004767 	005064 			JSR PC,UNPACK
    472	042614	010067 	005652 			MOV R0,AEXP
    473	042620	010367 	005652 			MOV R3,ASIGN
    474	042624	012705 	050432 			MOV #FBUF,R5
    475	042630	012701 	050452 			MOV #BMAN,R1
    476	042634	004767 	005040 			JSR PC,UNPACK
    477	042640	010067 	005630 			MOV R0,BEXP
    478	042644	010367 	005630 			MOV R3,BSIGN
    479	042650	020427 	171000 			CMP R4,#171000
    480	042654					JEQ AMULT
    481	042662	020427 	174400 			CMP R4,#174400
    482	042666					JEQ ADIV
    483	042674	020427 	171400 			CMP R4,#171400
    484	042700					JEQ AMULT
    485	042706	020427 	173000 			CMP R4,#173000
    486	042712	001007 				BNE ASORT
    487	042714	005767 	005554 			TST BEXP
    488	042720	001404 				BEQ ASORT
    489	042722	012700 	100000 			MOV #100000,R0
    490	042726	074067 	005546 			XOR R0,BSIGN
    491	042732	026767 	005534 	005534 	ASORT:	CMP AEXP,BEXP
    492	042740	103414 				BLO ASWAP
    493	042742	101043 				BHI AREADY
    494	042744	012701 	050452 			MOV #AMAN+10,R1
    495	042750	012702 	050462 			MOV #BMAN+10,R2
    496	042754	012703 	000004 			MOV #4,R3
    497	042760	024142 			ACMPL:	CMP -(R1),-(R2)
    498	042762	103403 				BLO ASWAP
    499	042764	101032 				BHI AREADY
    500	042766	077304 				SOB R3,ACMPL
    501	042770	000430 				BR AREADY
    502	042772	012701 	050442 		ASWAP:	MOV #AMAN,R1
    503	042776	012702 	050452 			MOV #BMAN,R2
    504	043002	012703 	000004 			MOV #4,R3
    505	043006	011100 			ASWPL:	MOV (R1),R0
    506	043010	011221 				MOV (R2),(R1)+
    507	043012	010022 				MOV R0,(R2)+
    508	043014	077304 				SOB R3,ASWPL
    509	043016	016700 	005450 			MOV AEXP,R0
    510	043022	016767 	005446 	005442 		MOV BEXP,AEXP
UJFP11	MACRO V05.03b  00:00  Page 1-9


    511	043030	010067 	005440 			MOV R0,BEXP
    512	043034	016700 	005436 			MOV ASIGN,R0
    513	043040	016767 	005434 	005430 		MOV BSIGN,ASIGN
    514	043046	010067 	005426 			MOV R0,BSIGN
    515	043052	005767 	005414 		AREADY:	TST AEXP
    516	043056					JEQ AZERO
    517	043064	005767 	005404 			TST BEXP
    518	043070					JEQ APACK
    519	043076	016702 	005370 			MOV AEXP,R2
    520	043102	166702 	005366 			SUB BEXP,R2
    521	043106	020227 	000100 			CMP R2,#64.
    522	043112					JGE APACK
    523	043120	005702 				TST R2
    524	043122	001412 				BEQ ALIGNED
    525	043124	000241 			ASHIFT:	CLC
    526	043126	006067 	005326 			ROR BMAN+6
    527	043132	006067 	005320 			ROR BMAN+4
    528	043136	006067 	005312 			ROR BMAN+2
    529	043142	006067 	005304 			ROR BMAN
    530	043146	077212 				SOB R2,ASHIFT
    531	043150	016700 	005322 		ALIGNED:	MOV ASIGN,R0
    532	043154	016701 	005320 			MOV BSIGN,R1
    533	043160	074100 				XOR R1,R0
    534	043162					JMI ASUB
    535					; Propagate each word's carry before adding the next source word.
    536	043170	066767 	005256 	005244 		ADD BMAN,AMAN
    537	043176	103010 				BCC AA1
    538	043200	005267 	005240 			INC AMAN+2
    539	043204	001005 				BNE AA1
    540	043206	005267 	005234 			INC AMAN+4
    541	043212	001002 				BNE AA1
    542	043214	005267 	005230 			INC AMAN+6
    543	043220	066767 	005230 	005216 	AA1:	ADD BMAN+2,AMAN+2
    544	043226	103005 				BCC AA2
    545	043230	005267 	005212 			INC AMAN+4
    546	043234	001002 				BNE AA2
    547	043236	005267 	005206 			INC AMAN+6
    548	043242	066767 	005210 	005176 	AA2:	ADD BMAN+4,AMAN+4
    549	043250	103002 				BCC AA3
    550	043252	005267 	005172 			INC AMAN+6
    551	043256	066767 	005176 	005164 	AA3:	ADD BMAN+6,AMAN+6
    552	043264	000501 				BR ACARRY
    553	043266	166767 	005160 	005146 	ASUB:	SUB BMAN,AMAN
    554	043274	103016 				BCC AS1
    555	043276	005367 	005142 			DEC AMAN+2
    556	043302	026727 	005136 	177777 		CMP AMAN+2,#177777
    557	043310	001010 				BNE AS1
    558	043312	005367 	005130 			DEC AMAN+4
    559	043316	026727 	005124 	177777 		CMP AMAN+4,#177777
    560	043324	001002 				BNE AS1
    561	043326	005367 	005116 			DEC AMAN+6
    562	043332	166767 	005116 	005104 	AS1:	SUB BMAN+2,AMAN+2
    563	043340	103010 				BCC AS2
    564	043342	005367 	005100 			DEC AMAN+4
    565	043346	026727 	005074 	177777 		CMP AMAN+4,#177777
    566	043354	001002 				BNE AS2
    567	043356	005367 	005066 			DEC AMAN+6
UJFP11	MACRO V05.03b  00:00  Page 1-10


    568	043362	166767 	005070 	005056 	AS2:	SUB BMAN+4,AMAN+4
    569	043370	103002 				BCC AS3
    570	043372	005367 	005052 			DEC AMAN+6
    571	043376	166767 	005056 	005044 	AS3:	SUB BMAN+6,AMAN+6
    572	043404	016700 	005032 			MOV AMAN,R0
    573	043410	056700 	005030 			BIS AMAN+2,R0
    574	043414	056700 	005026 			BIS AMAN+4,R0
    575	043420	056700 	005024 			BIS AMAN+6,R0
    576	043424					JEQ AZERO
    577	043432	032767 	040000 	005010 	ANORM:	BIT #40000,AMAN+6
    578	043440	001022 				BNE AROUND
    579	043442	006367 	004774 			ASL AMAN
    580	043446	006167 	004772 			ROL AMAN+2
    581	043452	006167 	004770 			ROL AMAN+4
    582	043456	006167 	004766 			ROL AMAN+6
    583	043462	005367 	005004 			DEC AEXP
    584	043466	000761 				BR ANORM
    585	043470	005767 	004754 		ACARRY:	TST AMAN+6
    586	043474	100004 				BPL AROUND
    587	043476	004767 	000364 			JSR PC,ARIGHT
    588	043502	005267 	004764 			INC AEXP
    589	043506	032767 	000040 	004556 	AROUND:	BIT #40,FPS
    590	043514	001042 				BNE APACK
    591	043516	032767 	000200 	004546 		BIT #200,FPS
    592	043524	001416 				BEQ AFROUND
    593	043526	032767 	000100 	004706 		BIT #100,AMAN
    594	043534	001432 				BEQ APACK
    595	043536	062767 	000200 	004676 		ADD #200,AMAN
    596	043544	005567 	004674 			ADC AMAN+2
    597	043550	005567 	004672 			ADC AMAN+4
    598	043554	005567 	004670 			ADC AMAN+6
    599	043560	000411 				BR ARCARR
    600	043562	032767 	000100 	004656 	AFROUND:	BIT #100,AMAN+4
    601	043570	001414 				BEQ APACK
    602	043572	062767 	000200 	004646 		ADD #200,AMAN+4
    603	043600	005567 	004644 			ADC AMAN+6
    604	043604	005767 	004640 		ARCARR:	TST AMAN+6
    605	043610	100004 				BPL APACK
    606	043612	004767 	000250 			JSR PC,ARIGHT
    607	043616	005267 	004650 			INC AEXP
    608	043622	012702 	000007 		APACK:	MOV #7,R2
    609	043626	004767 	000234 		APSHFT:	JSR PC,ARIGHT
    610	043632	077203 				SOB R2,APSHFT
    611	043634	016700 	004632 			MOV AEXP,R0
    612	043640	042700 	177400 			BIC #177400,R0
    613	043644	072027 	000007 			ASH #7,R0
    614	043650	056700 	004622 			BIS ASIGN,R0
    615	043654	042767 	177600 	004566 		BIC #177600,AMAN+6
    616	043662	056700 	004562 			BIS AMAN+6,R0
    617	043666	010067 	004540 			MOV R0,FBUF
    618	043672	016767 	004550 	004534 		MOV AMAN+4,FBUF+2
    619	043700	016767 	004540 	004530 		MOV AMAN+2,FBUF+4
    620	043706	016767 	004530 	004524 		MOV AMAN,FBUF+6
    621	043714	026727 	004552 	000377 		CMP AEXP,#377
    622	043722	003013 				BGT AOVER
    623	043724	005767 	004542 			TST AEXP
    624	043730	003025 				BGT ACOMIT
UJFP11	MACRO V05.03b  00:00  Page 1-11


    625	043732	032767 	002000 	004332 		BIT #2000,FPS
    626	043740	001417 				BEQ AZERO
    627	043742	012767 	000012 	004532 		MOV #12,AERR
    628	043750	000415 				BR ACOMIT
    629	043752	012767 	000002 	004524 	AOVER:	MOV #2,AOVF
    630	043760	032767 	001000 	004304 		BIT #1000,FPS
    631	043766	001404 				BEQ AZERO
    632	043770	012767 	000010 	004504 		MOV #10,AERR
    633	043776	000402 				BR ACOMIT
    634	044000	004767 	176320 		AZERO:	JSR PC,ZBUF
    635	044004	016701 	004412 		ACOMIT:	MOV ACPTR,R1
    636	044010	012705 	050432 			MOV #FBUF,R5
    637	044014	016702 	004404 			MOV FLEN,R2
    638	044020	006202 				ASR R2
    639	044022	012521 			ARES:	MOV (R5)+,(R1)+
    640	044024	077202 				SOB R2,ARES
    641	044026	016700 	004400 			MOV FBUF,R0
    642	044032	004767 	176310 			JSR PC,SETCC
    643	044036	056767 	004442 	004226 		BIS AOVF,FPS
    644	044044	004767 	175272 			JSR PC,UPD
    645	044050	016700 	004426 			MOV AERR,R0
    646	044054					JNE FPERR
    647	044062	000167 	004114 			JMP RETURN
    648	044066	000241 			ARIGHT:	CLC
    649	044070	006067 	004354 			ROR AMAN+6
    650	044074	006067 	004346 			ROR AMAN+4
    651	044100	006067 	004340 			ROR AMAN+2
    652	044104	006067 	004332 			ROR AMAN
    653	044110	000207 				RTS PC
    654					; Shift/add multiply retains seven guard bits. Each right shift discards
    655					; only bits below the retained product, including after one normalization.
    656					; PMAN is the product/quotient; operands remain private until ACOMIT.
    657	044112	005767 	004354 		AMULT:	TST AEXP
    658	044116					JEQ MZERO
    659	044124	005767 	004344 			TST BEXP
    660	044130					JEQ MZERO
    661	044136	066767 	004332 	004326 		ADD BEXP,AEXP
    662	044144	162767 	000200 	004320 		SUB #128.,AEXP
    663	044152	004767 	000602 			JSR PC,MDINIT
    664					; BMAN becomes the unguarded 56-bit multiplier (24 bits in F mode).
    665	044156	012702 	000007 			MOV #7,R2
    666	044162	004767 	000624 		MSHIFT:	JSR PC,BRIGHT
    667	044166	077203 				SOB R2,MSHIFT
    668	044170	012704 	000070 			MOV #56.,R4
    669	044174	032767 	000200 	004070 		BIT #200,FPS
    670	044202	001014 				BNE MLOOP
    671	044204	016767 	004246 	004240 		MOV BMAN+4,BMAN
    672	044212	016767 	004242 	004234 		MOV BMAN+6,BMAN+2
    673	044220	005067 	004232 			CLR BMAN+4
    674	044224	005067 	004230 			CLR BMAN+6
    675	044230	012704 	000030 			MOV #24.,R4
    676	044234	004767 	000552 		MLOOP:	JSR PC,BRIGHT
    677	044240	103036 				BCC MRIGHT
    678	044242	066767 	004174 	004212 		ADD AMAN,PMAN
    679	044250	103010 				BCC MA1
    680	044252	005267 	004206 			INC PMAN+2
    681	044256	001005 				BNE MA1
UJFP11	MACRO V05.03b  00:00  Page 1-12


    682	044260	005267 	004202 			INC PMAN+4
    683	044264	001002 				BNE MA1
    684	044266	005267 	004176 			INC PMAN+6
    685	044272	066767 	004146 	004164 	MA1:	ADD AMAN+2,PMAN+2
    686	044300	103005 				BCC MA2
    687	044302	005267 	004160 			INC PMAN+4
    688	044306	001002 				BNE MA2
    689	044310	005267 	004154 			INC PMAN+6
    690	044314	066767 	004126 	004144 	MA2:	ADD AMAN+4,PMAN+4
    691	044322	103002 				BCC MA3
    692	044324	005267 	004140 			INC PMAN+6
    693	044330	066767 	004114 	004132 	MA3:	ADD AMAN+6,PMAN+6
    694	044336	000241 			MRIGHT:	CLC
    695	044340	006067 	004124 			ROR PMAN+6
    696	044344	006067 	004116 			ROR PMAN+4
    697	044350	006067 	004110 			ROR PMAN+2
    698	044354	006067 	004102 			ROR PMAN
    699	044360	077453 				SOB R4,MLOOP
    700	044362	012704 	043432 			MOV #ANORM,R4
    701	044366	032767 	000400 	004014 		BIT #400,OPCODE
    702	044374	001554 				BEQ MDONE
    703	044376	012704 	045036 			MOV #MNORM,R4
    704	044402	000551 				BR MDONE
    705					; DIV by exponent-zero source precedes dividend zero. No AC or NZVC write;
    706					; successful EA autoupdates still commit, including when FID inhibits trap.
    707	044404	005767 	004064 		ADIV:	TST BEXP
    708	044410	001006 				BNE DNONZ
    709	044412	004767 	174724 			JSR PC,UPD
    710	044416	012700 	000004 			MOV #4,R0
    711	044422	000167 	003422 			JMP FPERR
    712	044426	005767 	004040 		DNONZ:	TST AEXP
    713	044432					JEQ AZERO
    714	044440	166767 	004030 	004024 		SUB BEXP,AEXP
    715	044446	062767 	000201 	004016 		ADD #129.,AEXP
    716	044454	004767 	000300 			JSR PC,MDINIT
    717	044460	012705 	050462 			MOV #PMAN,R5
    718	044464	012704 	000077 			MOV #63.,R4
    719	044470	032767 	000200 	003574 		BIT #200,FPS
    720	044476	001004 				BNE DLOOP
    721	044500	062705 	000004 			ADD #4,R5
    722	044504	012704 	000037 			MOV #31.,R4
    723					; Restoring division: remainder < 2*divisor fits unsigned 64 bits. F builds
    724					; the quotient in PMAN[63:32]; D uses all words. No premature rounding.
    725	044510	006367 	003746 		DLOOP:	ASL PMAN
    726	044514	006167 	003744 			ROL PMAN+2
    727	044520	006167 	003742 			ROL PMAN+4
    728	044524	006167 	003740 			ROL PMAN+6
    729	044530	012701 	050452 			MOV #AMAN+10,R1
    730	044534	012702 	050462 			MOV #BMAN+10,R2
    731	044540	012703 	000004 			MOV #4,R3
    732	044544	024142 			DCMPL:	CMP -(R1),-(R2)
    733	044546	103453 				BLO DNEXT
    734	044550	101001 				BHI DSUB
    735	044552	077304 				SOB R3,DCMPL
    736	044554	166767 	003672 	003660 	DSUB:	SUB BMAN,AMAN
    737	044562	103016 				BCC DS1
    738	044564	005367 	003654 			DEC AMAN+2
UJFP11	MACRO V05.03b  00:00  Page 1-13


    739	044570	026727 	003650 	177777 		CMP AMAN+2,#177777
    740	044576	001010 				BNE DS1
    741	044600	005367 	003642 			DEC AMAN+4
    742	044604	026727 	003636 	177777 		CMP AMAN+4,#177777
    743	044612	001002 				BNE DS1
    744	044614	005367 	003630 			DEC AMAN+6
    745	044620	166767 	003630 	003616 	DS1:	SUB BMAN+2,AMAN+2
    746	044626	103010 				BCC DS2
    747	044630	005367 	003612 			DEC AMAN+4
    748	044634	026727 	003606 	177777 		CMP AMAN+4,#177777
    749	044642	001002 				BNE DS2
    750	044644	005367 	003600 			DEC AMAN+6
    751	044650	166767 	003602 	003570 	DS2:	SUB BMAN+4,AMAN+4
    752	044656	103002 				BCC DS3
    753	044660	005367 	003564 			DEC AMAN+6
    754	044664	166767 	003570 	003556 	DS3:	SUB BMAN+6,AMAN+6
    755	044672	052715 	000001 			BIS #1,(R5)
    756	044676	006367 	003540 		DNEXT:	ASL AMAN
    757	044702	006167 	003536 			ROL AMAN+2
    758	044706	006167 	003534 			ROL AMAN+4
    759	044712	006167 	003532 			ROL AMAN+6
    760	044716	005304 				DEC R4
    761	044720	001273 				BNE DLOOP
    762	044722	012704 	043432 			MOV #ANORM,R4
    763	044726	016767 	003530 	003506 	MDONE:	MOV PMAN,AMAN
    764	044734	016767 	003524 	003502 		MOV PMAN+2,AMAN+2
    765	044742	016767 	003520 	003476 		MOV PMAN+4,AMAN+4
    766	044750	016767 	003514 	003472 		MOV PMAN+6,AMAN+6
    767	044756	000114 				JMP (R4)
    768	044760	016700 	003514 		MDINIT:	MOV BSIGN,R0
    769	044764	074067 	003506 			XOR R0,ASIGN
    770	044770	005067 	003466 			CLR PMAN
    771	044774	005067 	003464 			CLR PMAN+2
    772	045000	005067 	003462 			CLR PMAN+4
    773	045004	005067 	003460 			CLR PMAN+6
    774	045010	000207 				RTS PC
    775	045012	000241 			BRIGHT:	CLC
    776	045014	006067 	003440 			ROR BMAN+6
    777	045020	006067 	003432 			ROR BMAN+4
    778	045024	006067 	003424 			ROR BMAN+2
    779	045030	006067 	003416 			ROR BMAN
    780	045034	000207 				RTS PC
    781					; FP11-A MOD develops 48 exact F bits / 59 D product bits (DEC 1978
    782					; table 5-2, DEC 1983 pp.147-149). Discard four CP74 guard positions
    783					; BEFORE the optional normalization; F's exact product already has zeros.
    784	045036	042767 	000017 	003376 	MNORM:	BIC #17,AMAN
    785	045044	032767 	040000 	003376 		BIT #40000,AMAN+6
    786	045052	001012 				BNE MSPLIT
    787	045054	006367 	003362 			ASL AMAN
    788	045060	006167 	003360 			ROL AMAN+2
    789	045064	006167 	003356 			ROL AMAN+4
    790	045070	006167 	003354 			ROL AMAN+6
    791	045074	005367 	003372 			DEC AEXP
    792	045100	026727 	003366 	000200 	MSPLIT:	CMP AEXP,#128.
    793	045106	003004 				BGT MWHOLE
    794	045110	004767 	000272 			JSR PC,MZINT
    795	045114	000167 	176366 			JMP AROUND
UJFP11	MACRO V05.03b  00:00  Page 1-14


    796	045120	016767 	003316 	003324 	MWHOLE:	MOV AMAN,BMAN
    797	045126	016767 	003312 	003320 		MOV AMAN+2,BMAN+2
    798	045134	016767 	003306 	003314 		MOV AMAN+4,BMAN+4
    799	045142	016767 	003302 	003310 		MOV AMAN+6,BMAN+6
    800	045150	012700 	000230 			MOV #152.,R0
    801	045154	032767 	000200 	003110 		BIT #200,FPS
    802	045162	001402 				BEQ MLIMIT
    803	045164	062700 	000040 			ADD #32.,R0
    804	045170	026700 	003276 		MLIMIT:	CMP AEXP,R0
    805	045174	003404 				BLE MMASK
    806					; Product >= 2**L: integer is always chopped, fractional result is zero.
    807	045176	004767 	000240 			JSR PC,MPINT
    808	045202	000167 	176572 			JMP AZERO
    809	045206	016704 	003260 		MMASK:	MOV AEXP,R4
    810	045212	162704 	000200 			SUB #128.,R4
    811	045216	012767 	177777 	003236 		MOV #177777,PMAN
    812	045224	016767 	003232 	003232 		MOV PMAN,PMAN+2
    813	045232	016767 	003224 	003226 		MOV PMAN,PMAN+4
    814	045240	012767 	077777 	003222 		MOV #77777,PMAN+6
    815	045246	000241 			MMLOOP:	CLC
    816	045250	006067 	003214 			ROR PMAN+6
    817	045254	006067 	003206 			ROR PMAN+4
    818	045260	006067 	003200 			ROR PMAN+2
    819	045264	006067 	003172 			ROR PMAN
    820	045270	077412 				SOB R4,MMLOOP
    821					; BMAN keeps the integer bits; AMAN keeps the fractional bits. Sources
    822					; have already been buffered, including aliases with the second AC.
    823	045272	012701 	050442 			MOV #AMAN,R1
    824	045276	012702 	050452 			MOV #BMAN,R2
    825	045302	012703 	050462 			MOV #PMAN,R3
    826	045306	012704 	000004 			MOV #4,R4
    827	045312	012300 			MAND:	MOV (R3)+,R0
    828	045314	040022 				BIC R0,(R2)+
    829	045316	005100 				COM R0
    830	045320	040021 				BIC R0,(R1)+
    831	045322	077405 				SOB R4,MAND
    832	045324	004767 	000112 			JSR PC,MPINT
    833	045330	016700 	003106 			MOV AMAN,R0
    834	045334	056700 	003104 			BIS AMAN+2,R0
    835	045340	056700 	003102 			BIS AMAN+4,R0
    836	045344	056700 	003100 			BIS AMAN+6,R0
    837	045350					JEQ AZERO
    838	045356	000167 	176050 			JMP ANORM
    839					; Only MUL/MOD reach this zero shortcut. MOD also clears its integer AC.
    840	045362	032767 	000400 	003020 	MZERO:	BIT #400,OPCODE
    841	045370					JEQ AZERO
    842	045376	004767 	000004 			JSR PC,MZINT
    843	045402	000167 	176372 			JMP AZERO
    844					; Store a positive exact integer zero only for even destination AC.
    845	045406	032767 	000100 	002774 	MZINT:	BIT #100,OPCODE
    846	045414	001011 				BNE MIRET
    847	045416	016701 	003000 			MOV ACPTR,R1
    848	045422	062701 	000010 			ADD #10,R1
    849	045426	016702 	002772 			MOV FLEN,R2
    850	045432	006202 				ASR R2
    851	045434	005021 			MZLOOP:	CLR (R1)+
    852	045436	077202 				SOB R2,MZLOOP
UJFP11	MACRO V05.03b  00:00  Page 1-15


    853	045440	000207 			MIRET:	RTS PC
    854					; Pack BMAN WITHOUT rounding. Even when AC is odd (integer discarded),
    855					; overflow sets FV/FEC. Fractional AC/FPS commit and trap happen later.
    856	045442	026727 	003024 	000377 	MPINT:	CMP AEXP,#377
    857	045450	003412 				BLE MIPACK
    858	045452	012767 	000002 	003024 		MOV #2,AOVF
    859	045460	032767 	001000 	002604 		BIT #1000,FPS
    860	045466	001747 				BEQ MZINT
    861	045470	012767 	000010 	003004 		MOV #10,AERR
    862	045476	032767 	000100 	002704 	MIPACK:	BIT #100,OPCODE
    863	045504	001355 				BNE MIRET
    864	045506	012702 	000007 			MOV #7,R2
    865	045512	004767 	177274 		MISHFT:	JSR PC,BRIGHT
    866	045516	077203 				SOB R2,MISHFT
    867	045520	016700 	002746 			MOV AEXP,R0
    868	045524	042700 	177400 			BIC #177400,R0
    869	045530	072027 	000007 			ASH #7,R0
    870	045534	056700 	002736 			BIS ASIGN,R0
    871	045540	042767 	177600 	002712 		BIC #177600,BMAN+6
    872	045546	050067 	002706 			BIS R0,BMAN+6
    873	045552	016701 	002644 			MOV ACPTR,R1
    874	045556	062701 	000010 			ADD #10,R1
    875	045562	012705 	050462 			MOV #BMAN+10,R5
    876	045566	016702 	002632 			MOV FLEN,R2
    877	045572	006202 				ASR R2
    878	045574	014521 			MICOPY:	MOV -(R5),(R1)+
    879	045576	077202 				SOB R2,MICOPY
    880	045600	000207 				RTS PC
    881					; CP76 conversion operand widths. R1/R2 retain the shared EA inputs.
    882					; CLEN is actual USER operand length; FLEN is floating result width.
    883	045602	005067 	002674 		CSIZE:	CLR AERR
    884	045606	005067 	002672 			CLR AOVF
    885	045612	005067 	002656 			CLR BEXP
    886	045616	016700 	002566 			MOV OPCODE,R0
    887	045622	042700 	177477 			BIC #177477,R0
    888	045626	006200 				ASR R0
    889	045630	006200 				ASR R0
    890	045632	006200 				ASR R0
    891	045634	062700 	050300 			ADD #ACS,R0
    892	045640	010067 	002556 			MOV R0,ACPTR
    893	045644	012767 	000004 	002552 		MOV #4,FLEN
    894	045652	032767 	000200 	002412 		BIT #200,FPS
    895	045660	001403 				BEQ CTYPE
    896	045662	012767 	000010 	002534 		MOV #10,FLEN
    897	045670	020427 	176000 		CTYPE:	CMP R4,#176000
    898	045674	001420 				BEQ CSTSIZE
    899	045676	020427 	177400 			CMP R4,#177400
    900	045702	001424 				BEQ CLDSIZE
    901	045704	020427 	175400 			CMP R4,#175400
    902	045710	001403 				BEQ CISIZE
    903	045712	020427 	177000 			CMP R4,#177000
    904	045716	001022 				BNE CSHORT
    905	045720	032767 	000100 	002344 	CISIZE:	BIT #100,FPS
    906	045726	001416 				BEQ CSHORT
    907	045730	012703 	000004 			MOV #4,R3
    908	045734	000413 				BR CSHORT
    909	045736	012703 	000014 		CSTSIZE:	MOV #14,R3
UJFP11	MACRO V05.03b  00:00  Page 1-16


    910	045742	166703 	002456 			SUB FLEN,R3
    911	045746	010367 	002452 			MOV R3,FLEN
    912	045752	000404 				BR CSHORT
    913	045754	012703 	000014 		CLDSIZE:	MOV #14,R3
    914	045760	166703 	002440 			SUB FLEN,R3
    915	045764	016700 	002420 		CSHORT:	MOV OPCODE,R0
    916	045770	042700 	177700 			BIC #177700,R0
    917	045774	020027 	000027 			CMP R0,#27
    918	046000	001002 				BNE CSIZED
    919	046002	012703 	000002 			MOV #2,R3
    920	046006	010367 	002414 		CSIZED:	MOV R3,CLEN
    921	046012	000167 	172746 			JMP XD
    922	046016	010167 	002406 		CREG:	MOV R1,EADDR
    923	046022	020427 	176000 			CMP R4,#176000
    924	046026	001423 				BEQ CRFLOAT
    925	046030	020427 	177400 			CMP R4,#177400
    926	046034	001420 				BEQ CRFLOAT
    927	046036	004767 	174262 			JSR PC,ZBUF
    928	046042	020427 	175000 			CMP R4,#175000
    929	046046					JEQ CSTE
    930	046054	020427 	175400 			CMP R4,#175400
    931	046060					JEQ CSTI
    932	046066	011167 	002340 			MOV (R1),FBUF
    933	046072	000167 	000224 			JMP CEXEC
    934	046076	010105 			CRFLOAT:	MOV R1,R5
    935	046100	162705 	050360 			SUB #REGS,R5
    936	046104	020527 	000014 			CMP R5,#14
    937	046110	103402 				BLO CRVALID
    938	046112	000167 	001726 			JMP UNIMPL
    939	046116	006305 			CRVALID:	ASL R5
    940	046120	006305 				ASL R5
    941	046122	062705 	050300 			ADD #ACS,R5
    942	046126	010567 	002276 			MOV R5,EADDR
    943	046132	004767 	174166 			JSR PC,ZBUF
    944	046136	020427 	176000 			CMP R4,#176000
    945	046142					JEQ CSTF
    946	046150	016702 	002252 			MOV CLEN,R2
    947	046154	006202 				ASR R2
    948	046156	012701 	050432 			MOV #FBUF,R1
    949	046162	012521 			CRREAD:	MOV (R5)+,(R1)+
    950	046164	077202 				SOB R2,CRREAD
    951	046166	000167 	000130 			JMP CEXEC
    952	046172	010567 	002232 		CMEM:	MOV R5,EADDR
    953	046176	004767 	174122 			JSR PC,ZBUF
    954	046202	020427 	175000 			CMP R4,#175000
    955	046206					JEQ CSTE
    956	046214	020427 	175400 			CMP R4,#175400
    957	046220					JEQ CSTI
    958	046226	020427 	176000 			CMP R4,#176000
    959	046232					JEQ CSTF
    960	046240	012701 	050432 			MOV #FBUF,R1
    961	046244	016702 	002156 			MOV CLEN,R2
    962	046250	006202 				ASR R2
    963	046252	000021 			CMREAD:	.WORD 21
    964	046254	010021 				MOV R0,(R1)+
    965	046256	077203 				SOB R2,CMREAD
    966	046260	020427 	177400 			CMP R4,#177400
UJFP11	MACRO V05.03b  00:00  Page 1-17


    967	046264	001016 				BNE CEXEC
    968	046266	016700 	002140 			MOV FBUF,R0
    969	046272	100013 				BPL CEXEC
    970	046274	032700 	077600 			BIT #77600,R0
    971	046300	001010 				BNE CEXEC
    972	046302	032767 	004000 	001762 		BIT #4000,FPS
    973	046310	001404 				BEQ CEXEC
    974					; DEC 1983 p143: flags reflect fetched -0 even when FIUV aborts LDC.
    975	046312	004767 	174030 			JSR PC,SETCC
    976	046316	000167 	173400 			JMP FUV
    977	046322	020427 	176400 		CEXEC:	CMP R4,#176400
    978	046326					JEQ CLDE
    979	046334	020427 	177000 			CMP R4,#177000
    980	046340					JEQ CLDI
    981					; LDC F/D: canonical zero; retain the fetched -0 sign in condition codes.
    982	046346	032767 	077600 	002056 		BIT #77600,FBUF
    983	046354	001021 				BNE CROUND
    984	046356	005767 	002050 			TST FBUF
    985	046362	100003 				BPL CZLOAD
    986	046364	012767 	000010 	002102 		MOV #10,BEXP
    987	046372	004767 	173726 		CZLOAD:	JSR PC,ZBUF
    988	046376	000410 				BR CROUND
    989	046400	004767 	000250 		CSTF:	JSR PC,CGETAC
    990	046404	032767 	077600 	002020 		BIT #77600,FBUF
    991	046412	001002 				BNE CROUND
    992	046414	004767 	173704 			JSR PC,ZBUF
    993	046420	026727 	002000 	000004 	CROUND:	CMP FLEN,#4
    994	046426	001043 				BNE CREADY
    995	046430	032767 	000040 	001634 		BIT #40,FPS
    996	046436	001037 				BNE CREADY
    997	046440	005767 	001772 			TST FBUF+4
    998	046444	100034 				BPL CREADY
    999	046446	016700 	001760 			MOV FBUF,R0
   1000	046452	062767 	000001 	001754 		ADD #1,FBUF+2
   1001	046460	005567 	001746 			ADC FBUF
   1002	046464	016701 	001742 			MOV FBUF,R1
   1003	046470	074100 				XOR R1,R0
   1004	046472	100021 				BPL CREADY
   1005	046474	012700 	100000 			MOV #100000,R0
   1006	046500	074067 	001726 			XOR R0,FBUF
   1007	046504	012767 	000002 	001772 		MOV #2,AOVF
   1008	046512	032767 	001000 	001552 		BIT #1000,FPS
   1009	046520	001003 				BNE CROVF
   1010	046522	004767 	173576 			JSR PC,ZBUF
   1011	046526	000403 				BR CREADY
   1012	046530	012767 	000010 	001744 	CROVF:	MOV #10,AERR
   1013	046536	020427 	176000 		CREADY:	CMP R4,#176000
   1014	046542	001403 				BEQ CFSTORE
   1015	046544	016705 	001652 			MOV ACPTR,R5
   1016	046550	000416 				BR CFCOPY
   1017	046552	016705 	001652 		CFSTORE:	MOV EADDR,R5
   1018	046556	032767 	000070 	001624 		BIT #70,OPCODE
   1019	046564	001410 				BEQ CFCOPY
   1020	046566	012701 	050432 			MOV #FBUF,R1
   1021	046572	016702 	001630 			MOV CLEN,R2
   1022	046576	006202 				ASR R2
   1023	046600	004767 	173500 			JSR PC,WRITE
UJFP11	MACRO V05.03b  00:00  Page 1-18


   1024	046604	000407 				BR CFCOM
   1025	046606	012701 	050432 		CFCOPY:	MOV #FBUF,R1
   1026	046612	016702 	001606 			MOV FLEN,R2
   1027	046616	006202 				ASR R2
   1028	046620	012125 			CFCPLP:	MOV (R1)+,(R5)+
   1029	046622	077202 				SOB R2,CFCPLP
   1030	046624	016700 	001602 		CFCOM:	MOV FBUF,R0
   1031	046630	004767 	173512 			JSR PC,SETCC
   1032	046634	056767 	001644 	001430 		BIS AOVF,FPS
   1033	046642	056767 	001626 	001422 		BIS BEXP,FPS
   1034	046650	000167 	001002 			JMP CFIN
   1035					; Copy the current precision AC into a zero-padded FBUF.
   1036	046654	016705 	001542 		CGETAC:	MOV ACPTR,R5
   1037	046660	012701 	050432 			MOV #FBUF,R1
   1038	046664	012702 	000002 			MOV #2,R2
   1039	046670	032767 	000200 	001374 		BIT #200,FPS
   1040	046676	001402 				BEQ CGLOOP
   1041	046700	012702 	000004 			MOV #4,R2
   1042	046704	012521 			CGLOOP:	MOV (R5)+,(R1)+
   1043	046706	077202 				SOB R2,CGLOOP
   1044	046710	000207 				RTS PC
   1045	046712	016767 	001514 	001554 	CLDE:	MOV FBUF,BEXP
   1046	046720	004767 	177730 			JSR PC,CGETAC
   1047	046724	016700 	001544 			MOV BEXP,R0
   1048	046730	062700 	000200 			ADD #200,R0
   1049	046734	042700 	177400 			BIC #177400,R0
   1050	046740	072027 	000007 			ASH #7,R0
   1051	046744	042767 	077600 	001460 		BIC #77600,FBUF
   1052	046752	050067 	001454 			BIS R0,FBUF
   1053	046756	026727 	001512 	000177 		CMP BEXP,#177
   1054	046764	003014 				BGT CEOVER
   1055	046766	026727 	001502 	177600 		CMP BEXP,#177600
   1056	046774	003025 				BGT CEOK
   1057	046776	032767 	002000 	001266 		BIT #2000,FPS
   1058	047004	001417 				BEQ CEZERO
   1059	047006	012767 	000012 	001466 		MOV #12,AERR
   1060	047014	000415 				BR CEOK
   1061	047016	012767 	000002 	001460 	CEOVER:	MOV #2,AOVF
   1062	047024	032767 	001000 	001240 		BIT #1000,FPS
   1063	047032	001404 				BEQ CEZERO
   1064	047034	012767 	000010 	001440 		MOV #10,AERR
   1065	047042	000402 				BR CEOK
   1066	047044	004767 	173254 		CEZERO:	JSR PC,ZBUF
   1067	047050	000167 	174730 		CEOK:	JMP ACOMIT
   1068					; Integer is left justified: short in FBUF, long in FBUF:FBUF+2.
   1069	047054	005067 	001362 		CLDI:	CLR AMAN
   1070	047060	005067 	001360 			CLR AMAN+2
   1071	047064	016767 	001344 	001354 		MOV FBUF+2,AMAN+4
   1072	047072	016767 	001334 	001350 		MOV FBUF,AMAN+6
   1073	047100	016767 	001326 	001370 		MOV FBUF,ASIGN
   1074	047106	042767 	077777 	001362 		BIC #77777,ASIGN
   1075	047114	001411 				BEQ CIZTEST
   1076	047116	005167 	001324 			COM AMAN+4
   1077	047122	005167 	001322 			COM AMAN+6
   1078	047126	062767 	000001 	001312 		ADD #1,AMAN+4
   1079	047134	005567 	001310 			ADC AMAN+6
   1080	047140	016700 	001302 		CIZTEST:	MOV AMAN+4,R0
UJFP11	MACRO V05.03b  00:00  Page 1-19


   1081	047144	056700 	001300 			BIS AMAN+6,R0
   1082	047150					JEQ AZERO
   1083	047156	012767 	000220 	001306 		MOV #144.,AEXP
   1084	047164	032767 	000100 	001100 		BIT #100,FPS
   1085	047172	001403 				BEQ CINTN
   1086	047174	012767 	000240 	001270 		MOV #160.,AEXP
   1087	047202	004767 	174660 		CINTN:	JSR PC,ARIGHT
   1088	047206	000167 	174220 			JMP ANORM
   1089	047212	017700 	001204 		CSTE:	MOV @ACPTR,R0
   1090	047216	042700 	100177 			BIC #100177,R0
   1091	047222	072027 	177771 			ASH #-7,R0
   1092	047226	162700 	000200 			SUB #200,R0
   1093	047232	010067 	001174 			MOV R0,FBUF
   1094	047236	000535 				BR CICC
   1095					; Always chop the magnitude towards zero; the most negative integer fits.
   1096	047240	016705 	001156 		CSTI:	MOV ACPTR,R5
   1097	047244	012701 	050442 			MOV #AMAN,R1
   1098	047250	004767 	000424 			JSR PC,UNPACK
   1099	047254	010367 	001216 			MOV R3,ASIGN
   1100	047260	020027 	000200 			CMP R0,#128.
   1101	047264	003520 				BLE CIZERO
   1102	047266	012701 	000220 			MOV #144.,R1
   1103	047272	032767 	000100 	000772 		BIT #100,FPS
   1104	047300	001402 				BEQ CILIMIT
   1105	047302	012701 	000240 			MOV #160.,R1
   1106	047306	020001 			CILIMIT:	CMP R0,R1
   1107	047310	003074 				BGT CIERR
   1108	047312	012704 	000277 			MOV #191.,R4
   1109	047316	160004 				SUB R0,R4
   1110	047320	004767 	174542 		CISHFT:	JSR PC,ARIGHT
   1111	047324	077403 				SOB R4,CISHFT
   1112	047326	032767 	000100 	000736 		BIT #100,FPS
   1113	047334	001011 				BNE CILONG
   1114	047336	016700 	001100 			MOV AMAN,R0
   1115	047342	005767 	001130 			TST ASIGN
   1116	047346	001421 				BEQ CIPOS
   1117	047350	020027 	100000 			CMP R0,#100000
   1118	047354	101052 				BHI CIERR
   1119	047356	000417 				BR CISIGN
   1120	047360	016700 	001060 		CILONG:	MOV AMAN+2,R0
   1121	047364	005767 	001106 			TST ASIGN
   1122	047370	001410 				BEQ CIPOS
   1123	047372	020027 	100000 			CMP R0,#100000
   1124	047376	101041 				BHI CIERR
   1125	047400	103406 				BLO CISIGN
   1126	047402	005767 	001034 			TST AMAN
   1127	047406	001035 				BNE CIERR
   1128	047410	000402 				BR CISIGN
   1129	047412	005700 			CIPOS:	TST R0
   1130	047414	100432 				BMI CIERR
   1131	047416	005767 	001054 		CISIGN:	TST ASIGN
   1132	047422	001411 				BEQ CIPACK
   1133	047424	005167 	001012 			COM AMAN
   1134	047430	005167 	001010 			COM AMAN+2
   1135	047434	062767 	000001 	001000 		ADD #1,AMAN
   1136	047442	005567 	000776 			ADC AMAN+2
   1137	047446	016767 	000770 	000756 	CIPACK:	MOV AMAN,FBUF
UJFP11	MACRO V05.03b  00:00  Page 1-20


   1138	047454	032767 	000100 	000610 		BIT #100,FPS
   1139	047462	001423 				BEQ CICC
   1140	047464	016767 	000752 	000742 		MOV AMAN,FBUF+2
   1141	047472	016767 	000746 	000732 		MOV AMAN+2,FBUF
   1142	047500	000414 				BR CICC
   1143	047502	012767 	000001 	000764 	CIERR:	MOV #1,BEXP
   1144	047510	032767 	000400 	000554 		BIT #400,FPS
   1145	047516	001403 				BEQ CIZERO
   1146	047520	012767 	000006 	000754 		MOV #6,AERR
   1147	047526	004767 	172572 		CIZERO:	JSR PC,ZBUF
   1148	047532	005767 	000674 		CICC:	TST FBUF
   1149	047536	100003 				BPL CIZFLAG
   1150	047540	052767 	000010 	000726 		BIS #10,BEXP
   1151	047546	016700 	000660 		CIZFLAG:	MOV FBUF,R0
   1152	047552	056700 	000656 			BIS FBUF+2,R0
   1153	047556	001003 				BNE CISTORE
   1154	047560	052767 	000004 	000706 		BIS #4,BEXP
   1155	047566	016705 	000636 		CISTORE:	MOV EADDR,R5
   1156	047572	032767 	000070 	000610 		BIT #70,OPCODE
   1157	047600	001003 				BNE CIMEM
   1158	047602	016715 	000624 			MOV FBUF,(R5)
   1159	047606	000407 				BR CICOM
   1160	047610	012701 	050432 		CIMEM:	MOV #FBUF,R1
   1161	047614	016702 	000606 			MOV CLEN,R2
   1162	047620	006202 				ASR R2
   1163	047622	004767 	172456 			JSR PC,WRITE
   1164					; Both FPS and CPU NZVC commit only after all operand stores succeed.
   1165	047626	042767 	000017 	000544 	CICOM:	BIC #17,REGS+20
   1166	047634	056767 	000634 	000536 		BIS BEXP,REGS+20
   1167	047642	042767 	000017 	000422 		BIC #17,FPS
   1168	047650	056767 	000620 	000414 		BIS BEXP,FPS
   1169	047656	004767 	171460 		CFIN:	JSR PC,UPD
   1170	047662	016700 	000614 			MOV AERR,R0
   1171	047666					JNE FPERR
   1172	047674	000167 	000302 			JMP RETURN
   1173					; R5=raw operand, R1=64-bit output; returns R0=exponent, R3=sign.
   1174					; Exponent-zero encodings become exact positive zero before arithmetic.
   1175	047700	012500 			UNPACK:	MOV (R5)+,R0
   1176	047702	010003 				MOV R0,R3
   1177	047704	042703 	077777 			BIC #77777,R3
   1178	047710	010061 	000006 			MOV R0,6(R1)
   1179	047714	042761 	177600 	000006 		BIC #177600,6(R1)
   1180	047722	052761 	000200 	000006 		BIS #200,6(R1)
   1181	047730	042700 	100177 			BIC #100177,R0
   1182	047734	072027 	177771 			ASH #-7,R0
   1183	047740	012561 	000004 			MOV (R5)+,4(R1)
   1184	047744	005061 	000002 			CLR 2(R1)
   1185	047750	005011 				CLR (R1)
   1186	047752	032767 	000200 	000312 		BIT #200,FPS
   1187	047760	001403 				BEQ UPZERO
   1188	047762	012561 	000002 			MOV (R5)+,2(R1)
   1189	047766	011511 				MOV (R5),(R1)
   1190	047770	005700 			UPZERO:	TST R0
   1191	047772	001011 				BNE UPSHFT
   1192	047774	005011 				CLR (R1)
   1193	047776	005061 	000002 			CLR 2(R1)
   1194	050002	005061 	000004 			CLR 4(R1)
UJFP11	MACRO V05.03b  00:00  Page 1-21


   1195	050006	005061 	000006 			CLR 6(R1)
   1196	050012	005003 				CLR R3
   1197	050014	000207 				RTS PC
   1198	050016	012702 	000007 		UPSHFT:	MOV #7,R2
   1199	050022	006311 			UPLOOP:	ASL (R1)
   1200	050024	006161 	000002 			ROL 2(R1)
   1201	050030	006161 	000004 			ROL 4(R1)
   1202	050034	006161 	000006 			ROL 6(R1)
   1203	050040	077210 				SOB R2,UPLOOP
   1204	050042	000207 				RTS PC
   1205					; Reserved controls and invalid AC6/AC7 encodings report illegal FP opcode.
   1206	050044	012700 	000002 		UNIMPL:	MOV #2,R0
   1207	050050	010067 	000220 		FPERR:	MOV R0,FEC
   1208	050054	016767 	000326 	000214 		MOV OPADDR,FEA
   1209	050062	052767 	100000 	000202 		BIS #100000,FPS
   1210	050070	032767 	040000 	000174 		BIT #40000,FPS
   1211	050076					JNE RETURN
   1212	050104	012767 	000244 	000300 		MOV #244,TVEC
   1213	050112	000406 				BR TRAP
   1214	050114	005767 	000274 		BUSERR:	TST INTRAP
   1215	050120	001063 				BNE FATAL
   1216	050122	012767 	000004 	000262 		MOV #4,TVEC
   1217					; Construct the usual unbanked CPU frame: PSW then PC, then read the vector.
   1218					; A fault during this construction is terminal, as with the base CPU.
   1219	050130	012767 	000001 	000256 	TRAP:	MOV #1,INTRAP
   1220	050136	016705 	000232 			MOV REGS+14,R5
   1221	050142	016700 	000232 			MOV REGS+20,R0
   1222	050146	000031 				.WORD 31
   1223	050150	016700 	000222 			MOV REGS+16,R0
   1224	050154	000031 				.WORD 31
   1225	050156	010567 	000212 			MOV R5,REGS+14
   1226	050162	016705 	000224 			MOV TVEC,R5
   1227	050166	000021 				.WORD 21
   1228	050170	010067 	000202 			MOV R0,REGS+16
   1229	050174	000021 				.WORD 21
   1230	050176	010067 	000176 			MOV R0,REGS+20
   1231	050202	016737 	000174 	000004 	RETURN:	MOV OLDVEC,@#4
   1232	050210	016737 	000170 	000006 		MOV OLDVEC+2,@#6
   1233	050216	016737 	000154 	000100 		MOV REGS+16,@#CPC
   1234	050224	016737 	000150 	000102 		MOV REGS+20,@#CPSW
   1235	050232	016700 	000122 			MOV REGS,R0
   1236	050236	016701 	000120 			MOV REGS+2,R1
   1237	050242	016702 	000116 			MOV REGS+4,R2
   1238	050246	016703 	000114 			MOV REGS+6,R3
   1239	050252	016704 	000112 			MOV REGS+10,R4
   1240	050256	016705 	000110 			MOV REGS+12,R5
   1241	050262	016706 	000106 			MOV REGS+14,SP
   1242	050266	000010 				.WORD 10
   1243	050270	000000 			FATAL:	HALT
   1244					; Mutable state is excluded from the retained image checksum.
   1245	050272				IMMEND:
   1246	050272				FPS:	.BLKW 1
   1247	050274				FEC:	.BLKW 1
   1248	050276				FEA:	.BLKW 1
   1249	050300				ACS:	.BLKW 24.
   1250	050360				REGS:	.BLKW 9.
   1251	050402				OLDVEC:	.BLKW 2
UJFP11	MACRO V05.03b  00:00  Page 1-22


   1252	050406				OPADDR:	.BLKW 1
   1253	050410				OPCODE:	.BLKW 1
   1254	050412				TVEC:	.BLKW 1
   1255	050414				INTRAP:	.BLKW 1
   1256	050416				CHGPTR:	.BLKW 1
   1257	050420				CHGVAL:	.BLKW 1
   1258	050422				ACPTR:	.BLKW 1
   1259	050424				FLEN:	.BLKW 1
   1260	050426				CLEN:	.BLKW 1
   1261	050430				EADDR:	.BLKW 1
   1262	050432				FBUF:	.BLKW 4
   1263	050442				AMAN:	.BLKW 4
   1264	050452				BMAN:	.BLKW 4
   1265	050462				PMAN:	.BLKW 4
   1266	050472				AEXP:	.BLKW 1
   1267	050474				BEXP:	.BLKW 1
   1268	050476				ASIGN:	.BLKW 1
   1269	050500				BSIGN:	.BLKW 1
   1270	050502				AERR:	.BLKW 1
   1271	050504				AOVF:	.BLKW 1
   1272	050506				STACK:	.BLKW 64.
   1273	050706				STKTOP:
   1274	050706				MEMEND:
   1275		040000 				.END INIT
UJFP11	MACRO V05.03b  00:00  Page 1-23
Symbol table

AA1     043220   	CEZERO  047044   	CRREAD  046162   	FPERR   050050   	MSPLIT  045100
AA2     043242   	CFAIL   040126   	CRVALI  046116   	FPS     050272   	MWHOLE  045120
AA3     043256   	CFCC    040502   	CSHORT  045764   	FPSMSK= 147757   	MZERO   045362
ACARRY  043470   	CFCOM   046624   	CSIGN   042452   	FRCEND  041506   	MZINT   045406
ACMPL   042760   	CFCOPY  046606   	CSIZE   045602   	FRCOPY  041464   	MZLOOP  045434
ACOMIT  044004   	CFCPLP  046620   	CSIZED  046006   	FREAD   041634   	OLDVEC  050402
ACPTR   050422   	CFIN    047656   	CSRC    042420   	FREG    041404   	OPADDR  050406
ACS     050300   	CFSTOR  046552   	CSTE    047212   	FREGIN  041524   	OPCODE  050410
ADIV    044404   	CGETAC  046654   	CSTF    046400   	FRIN    041560   	PENDIN  041372
AERR    050502   	CGLOOP  046704   	CSTI    047240   	FRLOAD  041452   	PMAN    050462
AEXP    050472   	CHANGE  041360   	CSTSIZ  045736   	FRRET   041520   	REG     041016
AFROUN  043562   	CHGPTR  050416   	CTYPE   045670   	FRVALI  041424   	REGS    050360
ALIGNE  043150   	CHGVAL  050420   	CZERO   042526   	FSET    040672   	REGSAV  041104
AMAN    050442   	CICC    047532   	CZLOAD  046372   	FSIZE   040736   	REGST   041066
AMULT   044112   	CICOM   047626   	DCMPL   044544   	FSTORE  042264   	RETURN  050202
ANORM   043432   	CIERR   047502   	DLOOP   044510   	FUV     041722   	ROLD    041030
AOVER   043752   	CILIMI  047306   	DNEXT   044676   	FUVCC   041716   	SETCC   042346
AOVF    050504   	CILONG  047360   	DNONZ   044426   	FUWR    041736   	SETD    040554
APACK   043622   	CIMEM   047610   	DSUB    044554   	FWRITE  042310   	SETF    040530
APSHFT  043626   	CINTN   047202   	DS1     044620   	FZERO   042366   	SETI    040542
ARCARR  043604   	CIPACK  047446   	DS2     044650   	IMMEND  050272   	SETL    040566
AREADY  043052   	CIPOS   047412   	DS3     044664   	IMMLEN  040742   	SIGN    040004
ARES    044022   	CISHFT  047320   	EA      041216   	INDIRE  041212   	STACK   050506
ARIGHT  044066   	CISIGN  047416   	EADDEF  041152   	INIT    040000   	STKTOP  050706
ARITH   042570   	CISIZE  045720   	EADDR   050430   	INTRAP  050414   	STORE1  041304
AROUND  043506   	CISTOR  047566   	EADEC   041140   	MAND    045312   	TRAP    050130
ASHIFT  043124   	CIZERO  047526   	EAIDX   041166   	MA1     044272   	TVEC    050412
ASIGN   050476   	CIZFLA  047546   	EAIDXD  041166   	MA2     044314   	UNEG    042124
ASORT   042732   	CIZTES  047140   	EAINC   041112   	MA3     044330   	UNIMPL  050044
ASUB    043266   	CLDE    046712   	EAIND   041124   	MDINIT  044760   	UNPACK  047700
ASWAP   042772   	CLDI    047054   	EAOLD   041230   	MDONE   044726   	UPD     041342
ASWPL   043006   	CLDSIZ  045754   	EATAB   040776   	MEMEND  050706   	UPLOOP  050022
AS1     043332   	CLEN    050426   	ENTER   040134   	MEMST   041266   	UPSHFT  050016
AS2     043362   	CLESS   042534   	FATAL   050270   	MICOPY  045574   	UPZERO  047770
AS3     043376   	CLOOP   042472   	FBUF    050432   	MIPACK  045476   	URCOPY  042162
AZERO   044000   	CMEM    046172   	FCCRET  042402   	MIRET   045440   	URET    041356
BEXP    050474   	CMREAD  046252   	FCOMP   042404   	MISHFT  045512   	USIGN   042106
BMAN    050452   	COLD    040010   	FCOPY   042236   	MLIMIT  045170   	USTORE  042170
BRIGHT  045012   	COMMIT  041332   	FCOPY1  042244   	MLOOP   044234   	UWRITE  042134
BSIGN   050500   	CPC   = 000100   	FEA     050276   	MMASK   045206   	WRITE   042304
BUSERR  050114   	CPSW  = 000102   	FEC     050274   	MMLOOP  045246   	XD      040764
CAC     042436   	CREADY  046536   	FEXEC   041752   	MNORM   045036   	XFER    040600
CDONE   042542   	CREG    046016   	FFLAGS  042200   	MPINT   045442   	XOLD    040650
CEOK    047050   	CRFLOA  046076   	FLEN    050424   	MRIGHT  044336   	ZBUF    042324
CEOVER  047016   	CROUND  046420   	FLOAD   042226   	MSHIFT  044162   	ZEROS   042560
CEXEC   046322   	CROVF   046530   	FMEM    041570

. ABS.	050706    000	(RW,I,GBL,ABS,OVR)
      	000000    001	(RW,I,LCL,REL,CON)
Errors detected:  0

*** Assembler statistics


Work  file  reads: 0
Work  file writes: 0
Size of work file: 188 Words  ( 1 Pages)
UJFP11	MACRO V05.03b  00:00  Page 1-24
Symbol table

Size of core pool: 10240 Words  ( 40 Pages)
Operating  system: RT-11

Elapsed time: 00:00:00.05
FP11,FP11=FP11
                                                                                                                                                                                                                                                                                                                                                                                                                                                                                                      