SD image: /Users/sash/Work/PROJECTS/k1801vm1/uJ11-fpga/build/cp78-rt11/test.dsk (53790 sectors), read-only backing, 256-sector RAM overlay
CP77 progress 20000000 phase0 PC004466 UART0
CP77 progress 40000000 phase0 PC160430 UART24
CP77 progress 60000000 phase0 PC160430 UART66
CP77 progress 80000000 phase1 PC070324 UART96
CP77 progress 100000000 phase1 PC002424 UART175
CP77 progress 120000000 phase1 PC001422 UART175
CP77 progress 140000000 phase1 PC152676 UART432
CP77 progress 160000000 phase2 PC004020 UART541
CP77 progress 180000000 phase2 PC004552 UART541
CP77 progress 200000000 phase2 PC160432 UART565
CP77 progress 220000000 phase2 PC160430 UART607
CP77 progress 240000000 phase3 PC142474 UART641
CP77 progress 260000000 phase3 PC033310 UART953
CP77 progress 280000000 phase3 PC033336 UART1427
CP77 progress 300000000 phase3 PC033270 UART1819
CP77 progress 320000000 phase3 PC014662 UART2267
CP77 progress 340000000 phase3 PC033320 UART2772
CP77 progress 360000000 phase3 PC033334 UART3147
CP77 progress 380000000 phase3 PC014664 UART3680
CP77 progress 400000000 phase3 PC033342 UART4117
CP77 progress 420000000 phase3 PC033334 UART4511
CP77 progress 440000000 phase3 PC033350 UART4919
CP77 progress 460000000 phase3 PC014564 UART5366
CP77 progress 480000000 phase3 PC033366 UART5860
CP77 progress 500000000 phase3 PC033276 UART6253
CP77 progress 520000000 phase3 PC017504 UART6790
CP77 progress 540000000 phase3 PC033350 UART7218
CP77 progress 560000000 phase3 PC014724 UART7605
CP77 progress 580000000 phase3 PC033322 UART8132
CP77 progress 600000000 phase3 PC033070 UART8519
CP77 progress 620000000 phase3 PC014724 UART8906
CP77 progress 640000000 phase3 PC033332 UART9358
CP77 progress 660000000 phase3 PC070324 UART9481
CP77 progress 680000000 phase4 PC004466 UART9484
CP77 progress 700000000 phase4 PC160430 UART9508
CP77 progress 720000000 phase4 PC160430 UART9546
CP77 progress 740000000 phase4 PC062014 UART9580
CP77 progress 760000000 phase5 PC004466 UART9677
CP77 progress 780000000 phase5 PC160226 UART9677
CP77 progress 800000000 phase5 PC152420 UART9727
CP77 progress 820000000 phase5 PC130404 UART9757
PASS CP77 RT11 modules: 99 checks, 832980518 clocks, 9776 UART bytes
- build/cp78-rt11/tb.v:244: Verilog $finish
- S i m u l a t i o n   R e p o r t: Verilator 5.050 2026-07-01
- Verilator: $finish at 8s; walltime 897.758 s; speed 9.278 ms/s
- Verilator: cpu 897.526 s on 1 threads; allocated 2 MB
