
 /----------------------------------------------------------------------------\
 |  yosys -- Yosys Open SYnthesis Suite                                       |
 |  Copyright (C) 2012 - 2026  Claire Xenia Wolf <claire@yosyshq.com>         |
 |  Distributed under an ISC-like license, type "license" to see terms        |
 \----------------------------------------------------------------------------/
 Yosys 0.69 (git sha1 9f75ca1f9, Release, Clang /workspace/YoWASP/yosys/wasi-sdk-33.0-x86_64-linux/share/cmake/../..//bin/clang++ 22.1.0)

-- Executing script file `proof.ys' --

1. Executing Verilog-2005 frontend: gold.v
Parsing SystemVerilog input from `gold.v' to AST representation.
Generating RTLIL representation for module `\gold'.
Successfully finished Verilog frontend.

2. Executing Verilog-2005 frontend: gate.v
Parsing SystemVerilog input from `gate.v' to AST representation.
Generating RTLIL representation for module `\gate'.
Successfully finished Verilog frontend.

3. Executing PROC pass (convert processes to netlists).

3.1. Executing PROC_CLEAN pass (remove empty switches from decision trees).
Cleaned up 0 empty switches.

3.2. Executing PROC_RMDEAD pass (remove dead branches from decision trees).
Marked 7 switch rules as full_case in process $proc$gate.v:58$64 in module gate.
Marked 1 switch rules as full_case in process $proc$gate.v:48$62 in module gate.
Marked 7 switch rules as full_case in process $proc$gold.v:51$21 in module gold.
Marked 1 switch rules as full_case in process $proc$gold.v:41$19 in module gold.
Removed a total of 0 dead cases.

3.3. Executing PROC_PRUNE pass (remove redundant assignments in processes).
Removed 4 redundant assignments.
Promoted 2 assignments to connections.

3.4. Executing PROC_INIT pass (extract init attributes).

3.5. Executing PROC_ARST pass (detect async resets in processes).

3.6. Executing PROC_ROM pass (convert switches to ROMs).
Converted 0 switches.
<suppressed ~28 debug messages>

3.7. Executing PROC_MUX pass (convert decision trees to multiplexers).
Creating decoders for process `\gate.$proc$gate.v:58$64'.
     1/15: $0\rdata[15:0] [15:8]
     2/15: $0\rdata[15:0] [7:0]
     3/15: $0\ready[0:0]
     4/15: $0\divider[1:0]
     5/15: $0\bit_count[2:0]
     6/15: $0\rx[7:0]
     7/15: $0\tx[6:0]
     8/15: $0\next_word[14:0]
     9/15: $0\seen[0:0]
    10/15: $0\active[0:0]
    11/15: $0\state[3:0]
    12/15: $0\spi_mosi[0:0]
    13/15: $0\spi_sck[0:0]
    14/15: $0\spi_cs_n[0:0]
    15/15: $0\error[0:0]
Creating decoders for process `\gate.$proc$gate.v:48$62'.
     1/1: $1\next_byte[7:0]
Creating decoders for process `\gold.$proc$gold.v:51$21'.
     1/15: $0\rdata[15:0] [15:8]
     2/15: $0\rdata[15:0] [7:0]
     3/15: $0\ready[0:0]
     4/15: $0\divider[1:0]
     5/15: $0\bit_count[2:0]
     6/15: $0\rx[7:0]
     7/15: $0\tx[6:0]
     8/15: $0\next_word[14:0]
     9/15: $0\seen[0:0]
    10/15: $0\active[0:0]
    11/15: $0\state[3:0]
    12/15: $0\spi_mosi[0:0]
    13/15: $0\spi_sck[0:0]
    14/15: $0\spi_cs_n[0:0]
    15/15: $0\error[0:0]
Creating decoders for process `\gold.$proc$gold.v:41$19'.
     1/1: $1\next_byte[7:0]

3.8. Executing PROC_DLATCH pass (convert process syncs to latches).
No latch inferred for signal `\gate.\next_byte' from process `\gate.$proc$gate.v:48$62'.
No latch inferred for signal `\gold.\next_byte' from process `\gold.$proc$gold.v:41$19'.

3.9. Executing PROC_DFF pass (convert process syncs to FFs).
Creating register for signal `\gate.\rdata' using process `\gate.$proc$gate.v:58$64'.
  created $dff cell `$procdff$614' with positive edge clock.
Creating register for signal `\gate.\ready' using process `\gate.$proc$gate.v:58$64'.
  created $dff cell `$procdff$615' with positive edge clock.
Creating register for signal `\gate.\error' using process `\gate.$proc$gate.v:58$64'.
  created $dff cell `$procdff$616' with positive edge clock.
Creating register for signal `\gate.\spi_cs_n' using process `\gate.$proc$gate.v:58$64'.
  created $dff cell `$procdff$617' with positive edge clock.
Creating register for signal `\gate.\spi_sck' using process `\gate.$proc$gate.v:58$64'.
  created $dff cell `$procdff$618' with positive edge clock.
Creating register for signal `\gate.\spi_mosi' using process `\gate.$proc$gate.v:58$64'.
  created $dff cell `$procdff$619' with positive edge clock.
Creating register for signal `\gate.\state' using process `\gate.$proc$gate.v:58$64'.
  created $dff cell `$procdff$620' with positive edge clock.
Creating register for signal `\gate.\active' using process `\gate.$proc$gate.v:58$64'.
  created $dff cell `$procdff$621' with positive edge clock.
Creating register for signal `\gate.\seen' using process `\gate.$proc$gate.v:58$64'.
  created $dff cell `$procdff$622' with positive edge clock.
Creating register for signal `\gate.\next_word' using process `\gate.$proc$gate.v:58$64'.
  created $dff cell `$procdff$623' with positive edge clock.
Creating register for signal `\gate.\tx' using process `\gate.$proc$gate.v:58$64'.
  created $dff cell `$procdff$624' with positive edge clock.
Creating register for signal `\gate.\rx' using process `\gate.$proc$gate.v:58$64'.
  created $dff cell `$procdff$625' with positive edge clock.
Creating register for signal `\gate.\bit_count' using process `\gate.$proc$gate.v:58$64'.
  created $dff cell `$procdff$626' with positive edge clock.
Creating register for signal `\gate.\divider' using process `\gate.$proc$gate.v:58$64'.
  created $dff cell `$procdff$627' with positive edge clock.
Creating register for signal `\gold.\rdata' using process `\gold.$proc$gold.v:51$21'.
  created $dff cell `$procdff$628' with positive edge clock.
Creating register for signal `\gold.\ready' using process `\gold.$proc$gold.v:51$21'.
  created $dff cell `$procdff$629' with positive edge clock.
Creating register for signal `\gold.\error' using process `\gold.$proc$gold.v:51$21'.
  created $dff cell `$procdff$630' with positive edge clock.
Creating register for signal `\gold.\spi_cs_n' using process `\gold.$proc$gold.v:51$21'.
  created $dff cell `$procdff$631' with positive edge clock.
Creating register for signal `\gold.\spi_sck' using process `\gold.$proc$gold.v:51$21'.
  created $dff cell `$procdff$632' with positive edge clock.
Creating register for signal `\gold.\spi_mosi' using process `\gold.$proc$gold.v:51$21'.
  created $dff cell `$procdff$633' with positive edge clock.
Creating register for signal `\gold.\state' using process `\gold.$proc$gold.v:51$21'.
  created $dff cell `$procdff$634' with positive edge clock.
Creating register for signal `\gold.\active' using process `\gold.$proc$gold.v:51$21'.
  created $dff cell `$procdff$635' with positive edge clock.
Creating register for signal `\gold.\seen' using process `\gold.$proc$gold.v:51$21'.
  created $dff cell `$procdff$636' with positive edge clock.
Creating register for signal `\gold.\next_word' using process `\gold.$proc$gold.v:51$21'.
  created $dff cell `$procdff$637' with positive edge clock.
Creating register for signal `\gold.\tx' using process `\gold.$proc$gold.v:51$21'.
  created $dff cell `$procdff$638' with positive edge clock.
Creating register for signal `\gold.\rx' using process `\gold.$proc$gold.v:51$21'.
  created $dff cell `$procdff$639' with positive edge clock.
Creating register for signal `\gold.\bit_count' using process `\gold.$proc$gold.v:51$21'.
  created $dff cell `$procdff$640' with positive edge clock.
Creating register for signal `\gold.\divider' using process `\gold.$proc$gold.v:51$21'.
  created $dff cell `$procdff$641' with positive edge clock.

3.10. Executing PROC_MEMWR pass (convert process memory writes to cells).

3.11. Executing PROC_CLEAN pass (remove empty switches from decision trees).
Found and cleaned up 13 empty switches in `\gate.$proc$gate.v:58$64'.
Removing empty process `gate.$proc$gate.v:58$64'.
Found and cleaned up 1 empty switch in `\gate.$proc$gate.v:48$62'.
Removing empty process `gate.$proc$gate.v:48$62'.
Found and cleaned up 13 empty switches in `\gold.$proc$gold.v:51$21'.
Removing empty process `gold.$proc$gold.v:51$21'.
Found and cleaned up 1 empty switch in `\gold.$proc$gold.v:41$19'.
Removing empty process `gold.$proc$gold.v:41$19'.
Cleaned up 28 empty switches.

3.12. Executing OPT_EXPR pass (perform const folding).
Optimizing module gate.
<suppressed ~20 debug messages>
Optimizing module gold.
<suppressed ~20 debug messages>

4. Executing OPT_CLEAN pass (remove unused cells and wires).
Finding unused cells or wires in module \gate..
Finding unused cells or wires in module \gold..
Removed 4 unused cells and 189 unused wires.
<suppressed ~6 debug messages>

5. Executing EQUIV_MAKE pass (creating equiv checking module).
Presumably equivalent wires: next_byte_gold (\next_byte_gold), next_byte_gate (\next_byte_gate) -> next_byte
Presumably equivalent wires: divider_gold (\divider_gold), divider_gate (\divider_gate) -> divider
Presumably equivalent wires: bit_count_gold (\bit_count_gold), bit_count_gate (\bit_count_gate) -> bit_count
Presumably equivalent wires: rx_gold (\rx_gold), rx_gate (\rx_gate) -> rx
Presumably equivalent wires: tx_gold (\tx_gold), tx_gate (\tx_gate) -> tx
Presumably equivalent wires: resume_read_gold (\resume_read_gold), resume_read_gate (\resume_read_gate) -> resume_read
Presumably equivalent wires: retain_gold (\retain_gold), retain_gate (\retain_gate) -> retain
Presumably equivalent wires: next_word_gold (\next_word_gold), next_word_gate (\next_word_gate) -> next_word
Presumably equivalent wires: seen_gold (\seen_gold), seen_gate (\seen_gate) -> seen
Presumably equivalent wires: active_gold (\active_gold), active_gate (\active_gate) -> active
Presumably equivalent wires: state_gold (\state_gold), state_gate (\state_gate) -> state
Presumably equivalent wires: spi_miso_gold (\spi_miso_gold), spi_miso_gate (\spi_miso_gate) -> spi_miso
Presumably equivalent wires: spi_mosi_gold (\spi_mosi_gold), spi_mosi_gate (\spi_mosi_gate) -> spi_mosi
Presumably equivalent wires: spi_sck_gold (\spi_sck_gold), spi_sck_gate (\spi_sck_gate) -> spi_sck
Presumably equivalent wires: spi_cs_n_gold (\spi_cs_n_gold), spi_cs_n_gate (\spi_cs_n_gate) -> spi_cs_n
Presumably equivalent wires: busy_gold (\busy_gold), busy_gate (\busy_gate) -> busy
Presumably equivalent wires: error_gold (\error_gold), error_gate (\error_gate) -> error
Presumably equivalent wires: ready_gold (\ready_gold), ready_gate (\ready_gate) -> ready
Presumably equivalent wires: rdata_gold (\rdata_gold), rdata_gate (\rdata_gate) -> rdata
Presumably equivalent wires: wdata_gold (\wdata_gold), wdata_gate (\wdata_gate) -> wdata
Presumably equivalent wires: address_gold (\address_gold), address_gate (\address_gate) -> address
Presumably equivalent wires: close_read_gold (\close_read_gold), close_read_gate (\close_read_gate) -> close_read
Presumably equivalent wires: keep_read_gold (\keep_read_gold), keep_read_gate (\keep_read_gate) -> keep_read
Presumably equivalent wires: bank_gold (\bank_gold), bank_gate (\bank_gate) -> bank
Presumably equivalent wires: byte_access_gold (\byte_access_gold), byte_access_gate (\byte_access_gate) -> byte_access
Presumably equivalent wires: write_gold (\write_gold), write_gate (\write_gate) -> write
Presumably equivalent wires: req_gold (\req_gold), req_gate (\req_gate) -> req
Presumably equivalent wires: rst_gold (\rst_gold), rst_gate (\rst_gate) -> rst
Presumably equivalent wires: clk_gold (\clk_gold), clk_gate (\clk_gate) -> clk
Changing input A of cell $procmux$352_CMP0_gate ($eq): \state_gate -> \state
Changing input A of cell $procmux$351_CMP0_gate ($eq): \state_gate -> \state
Changing input A of cell $procmux$350_CMP0_gate ($eq): \state_gate -> \state
Changing input A of cell $procmux$349_CMP0_gate ($eq): \state_gate -> \state
Changing input A of cell $procmux$348_CMP0_gate ($eq): \state_gate -> \state
Changing input A of cell $procmux$347_CMP0_gate ($eq): \state_gate -> \state
Changing input A of cell $procmux$346_CMP0_gate ($eq): \state_gate -> \state
Changing input S of cell $procmux$339_gate ($mux): \active_gate -> \active
Changing input A of cell $procmux$337_CMP0_gate ($logic_not): \state_gate -> \state
Changing input S of cell $procmux$323_gate ($mux): \active_gate -> \active
Changing input B of cell $procmux$323_gate ($mux): \spi_cs_n_gate -> \spi_cs_n
Changing input A of cell $procmux$321_CMP0_gate ($logic_not): \state_gate -> \state
Changing input A of cell $procmux$317_gate ($mux): \spi_cs_n_gate -> \spi_cs_n
Changing input A of cell $procmux$316_CMP0_gate ($eq): \state_gate -> \state
Changing input A of cell $procmux$315_CMP0_gate ($eq): \state_gate -> \state
Changing input S of cell $procmux$308_gate ($mux): \active_gate -> \active
Changing input A of cell $procmux$306_gate ($mux): \spi_sck_gate -> \spi_sck
Changing input A of cell $procmux$303_CMP0_gate ($eq): \state_gate -> \state
Changing input B of cell $procmux$301_gate ($pmux): { \spi_sck_gate \spi_sck_gate } -> { \spi_sck \spi_sck }
Changing input A of cell $procmux$302_CMP0_gate ($eq): \state_gate -> \state
Changing input S of cell $procmux$295_gate ($mux): \active_gate -> \active
Changing input A of cell $procmux$293_gate ($mux): \spi_mosi_gate -> \spi_mosi
Changing input S of cell $procmux$291_gate ($mux): \spi_sck_gate -> \spi_sck
Changing input A of cell $procmux$291_gate ($mux): \spi_mosi_gate -> \spi_mosi
Changing input B of cell $procmux$288_gate ($mux): \spi_mosi_gate -> \spi_mosi
Changing input A of cell $procmux$288_gate ($mux): \tx_gate [6] -> \tx [6]
Changing input A of cell $procmux$284_CMP0_gate ($logic_not): \state_gate -> \state
Changing input A of cell $procmux$283_CMP0_gate ($eq): \state_gate -> \state
Changing input B of cell $procmux$281_gate ($pmux): { \spi_mosi_gate \spi_mosi_gate \spi_mosi_gate } -> { \spi_mosi \spi_mosi \spi_mosi }
Changing input A of cell $procmux$281_gate ($pmux): \next_byte_gate [7] -> \next_byte [7]
Changing input A of cell $procmux$282_CMP0_gate ($eq): \state_gate -> \state
Changing input S of cell $procmux$275_gate ($mux): \active_gate -> \active
Changing input A of cell $procmux$273_gate ($mux): \state_gate -> \state
Changing input S of cell $procmux$271_gate ($mux): \spi_sck_gate -> \spi_sck
Changing input A of cell $procmux$271_gate ($mux): \state_gate -> \state
Changing input A of cell $procmux$268_gate ($mux): \state_gate -> \state
Changing input A of cell $procmux$264_CMP0_gate ($logic_not): \state_gate -> \state
Changing input A of cell $procmux$262_gate ($mux): \state_gate -> \state
Changing input B of cell $procmux$260_gate ($mux): \state_gate -> \state
Changing input A of cell $procmux$258_CMP0_gate ($eq): \state_gate -> \state
Changing input A of cell $procmux$256_gate ($pmux): \state_gate -> \state
Changing input A of cell $procmux$257_CMP0_gate ($eq): \state_gate -> \state
Changing input S of cell $procmux$250_gate ($mux): \active_gate -> \active
Changing input A of cell $procmux$248_gate ($mux): \active_gate -> \active
Changing input S of cell $procmux$246_gate ($mux): \spi_sck_gate -> \spi_sck
Changing input A of cell $procmux$246_gate ($mux): \active_gate -> \active
Changing input A of cell $procmux$243_gate ($mux): \active_gate -> \active
Changing input A of cell $procmux$239_CMP0_gate ($logic_not): \state_gate -> \state
Changing input A of cell $procmux$238_CMP0_gate ($eq): \state_gate -> \state
Changing input B of cell $procmux$236_gate ($pmux): { \active_gate \active_gate \active_gate } -> { \active \active \active }
Changing input A of cell $procmux$237_CMP0_gate ($eq): \state_gate -> \state
Changing input S of cell $procmux$230_gate ($mux): \active_gate -> \active
Changing input A of cell $procmux$228_CMP0_gate ($logic_not): \state_gate -> \state
Changing input B of cell $procmux$220_gate ($mux): \seen_gate -> \seen
Changing input S of cell $procmux$215_gate ($mux): \active_gate -> \active
Changing input B of cell $procmux$215_gate ($mux): \next_word_gate -> \next_word
Changing input A of cell $procmux$212_gate ($mux): \next_word_gate -> \next_word
Changing input A of cell $procmux$213_CMP0_gate ($eq): \state_gate -> \state
Changing input S of cell $procmux$206_gate ($mux): \active_gate -> \active
Changing input A of cell $procmux$204_gate ($mux): \tx_gate -> \tx
Changing input S of cell $procmux$202_gate ($mux): \spi_sck_gate -> \spi_sck
Changing input A of cell $procmux$202_gate ($mux): \tx_gate -> \tx
Changing input B of cell $procmux$199_gate ($mux): \tx_gate -> \tx
Changing input A of cell $procmux$199_gate ($mux): { \tx_gate [5:0] 1'0 } -> { \tx [5:0] 1'0 }
Changing input A of cell $procmux$195_CMP0_gate ($logic_not): \state_gate -> \state
Changing input A of cell $procmux$194_CMP0_gate ($eq): \state_gate -> \state
Changing input B of cell $procmux$192_gate ($pmux): { \tx_gate \tx_gate \tx_gate } -> { \tx \tx \tx }
Changing input A of cell $procmux$192_gate ($pmux): \next_byte_gate [6:0] -> \next_byte [6:0]
Changing input A of cell $procmux$193_CMP0_gate ($eq): \state_gate -> \state
Changing input S of cell $procmux$186_gate ($mux): \active_gate -> \active
Changing input A of cell $procmux$186_gate ($mux): \rx_gate -> \rx
Changing input A of cell $procmux$184_gate ($mux): \rx_gate -> \rx
Changing input S of cell $procmux$182_gate ($mux): \spi_sck_gate -> \spi_sck
Changing input B of cell $procmux$182_gate ($mux): \rx_gate -> \rx
Changing input A of cell $procmux$182_gate ($mux): { \rx_gate [6:0] \spi_miso_gate } -> { \rx [6:0] \spi_miso_gate }
Changing input S of cell $procmux$174_gate ($mux): \active_gate -> \active
Changing input A of cell $procmux$172_gate ($mux): \bit_count_gate -> \bit_count
Changing input S of cell $procmux$170_gate ($mux): \spi_sck_gate -> \spi_sck
Changing input A of cell $procmux$170_gate ($mux): \bit_count_gate -> \bit_count
Changing input B of cell $procmux$167_gate ($mux): \bit_count_gate -> \bit_count
Changing input A of cell $procmux$163_CMP0_gate ($logic_not): \state_gate -> \state
Changing input A of cell $procmux$162_CMP0_gate ($eq): \state_gate -> \state
Changing input B of cell $procmux$160_gate ($pmux): { \bit_count_gate \bit_count_gate \bit_count_gate } -> { \bit_count \bit_count \bit_count }
Changing input A of cell $procmux$161_CMP0_gate ($eq): \state_gate -> \state
Changing input S of cell $procmux$154_gate ($mux): \active_gate -> \active
Changing input A of cell $procmux$149_CMP0_gate ($logic_not): \state_gate -> \state
Changing input A of cell $procmux$148_CMP0_gate ($eq): \state_gate -> \state
Changing input B of cell $procmux$146_gate ($pmux): { \divider_gate \divider_gate \divider_gate } -> { \divider \divider \divider }
Changing input A of cell $procmux$147_CMP0_gate ($eq): \state_gate -> \state
Changing input S of cell $procmux$140_gate ($mux): \active_gate -> \active
Changing input A of cell $procmux$138_CMP0_gate ($logic_not): \state_gate -> \state
Changing input A of cell $procmux$132_CMP0_gate ($eq): \state_gate -> \state
Changing input S of cell $procmux$125_gate ($mux): \active_gate -> \active
Changing input A of cell $procmux$125_gate ($mux): \rdata_gate [7:0] -> \rdata [7:0]
Changing input A of cell $procmux$123_gate ($mux): \rdata_gate [7:0] -> \rdata [7:0]
Changing input S of cell $procmux$121_gate ($mux): \spi_sck_gate -> \spi_sck
Changing input A of cell $procmux$121_gate ($mux): \rdata_gate [7:0] -> \rdata [7:0]
Changing input A of cell $procmux$118_gate ($mux): \rdata_gate [7:0] -> \rdata [7:0]
Changing input B of cell $procmux$116_gate ($mux): \rx_gate -> \rx
Changing input A of cell $procmux$116_gate ($mux): \rdata_gate [7:0] -> \rdata [7:0]
Changing input S of cell $procmux$108_gate ($mux): \active_gate -> \active
Changing input A of cell $procmux$108_gate ($mux): \rdata_gate [15:8] -> \rdata [15:8]
Changing input A of cell $procmux$106_gate ($mux): \rdata_gate [15:8] -> \rdata [15:8]
Changing input S of cell $procmux$104_gate ($mux): \spi_sck_gate -> \spi_sck
Changing input A of cell $procmux$104_gate ($mux): \rdata_gate [15:8] -> \rdata [15:8]
Changing input A of cell $procmux$101_gate ($mux): \rdata_gate [15:8] -> \rdata [15:8]
Changing input B of cell $procmux$99_gate ($mux): \rx_gate -> \rx
Changing input A of cell $procmux$97_gate ($mux): \rdata_gate [15:8] -> \rdata [15:8]
Changing input A of cell $procmux$95_gate ($mux): \rdata_gate [15:8] -> \rdata [15:8]
Changing input B of cell $eq$gate.v:33$91_gate ($eq): \next_word_gate [14:12] -> \next_word [14:12]
Changing input B of cell $eq$gate.v:33$90_gate ($eq): \next_word_gate [11:9] -> \next_word [11:9]
Changing input B of cell $eq$gate.v:33$89_gate ($eq): \next_word_gate [8:6] -> \next_word [8:6]
Changing input B of cell $eq$gate.v:33$88_gate ($eq): \next_word_gate [5:3] -> \next_word [5:3]
Changing input B of cell $eq$gate.v:33$87_gate ($eq): \next_word_gate [2:0] -> \next_word [2:0]
Changing input A of cell $logic_not$gate.v:110$85_gate ($logic_not): \retain_gate -> \retain
Changing input S of cell $ternary$gate.v:105$83_gate ($mux): \resume_read_gate -> \resume_read
Changing input A of cell $logic_not$gate.v:103$80_gate ($logic_not): \resume_read_gate -> \resume_read
Changing input A of cell $logic_not$gate.v:99$78_gate ($logic_not): \seen_gate -> \seen
Changing input A of cell $add$gate.v:94$77_gate ($add): \divider_gate -> \divider
Changing input A of cell $add$gate.v:91$76_gate ($add): \bit_count_gate -> \bit_count
Changing input A of cell $add$gate.v:89$74_gate ($add): \state_gate -> \state
Changing input A of cell $eq$gate.v:89$72_gate ($eq): \state_gate -> \state
Changing input A of cell $eq$gate.v:87$71_gate ($eq): \state_gate -> \state
Changing input A of cell $eq$gate.v:81$70_gate ($eq): \state_gate -> \state
Changing input A of cell $eq$gate.v:79$69_gate ($eq): \bit_count_gate -> \bit_count
Changing input A of cell $logic_not$gate.v:73$67_gate ($logic_not): \spi_sck_gate -> \spi_sck
Changing input A of cell $eq$gate.v:71$66_gate ($eq): \divider_gate -> \divider
Changing input A of cell $ne$gate.v:47$61_gate ($reduce_bool): \state_gate -> \state
Changing input A of cell $logic_and$gate.v:35$58_gate ($logic_and): \retain_gate -> \retain
Changing input A of cell $logic_not$gate.v:35$57_gate ($logic_not): \spi_cs_n_gate -> \spi_cs_n
Changing input A of cell $procmux$613_CMP0_gold ($eq): \state_gold -> \state
Changing input A of cell $procmux$612_CMP0_gold ($eq): \state_gold -> \state
Changing input A of cell $procmux$611_CMP0_gold ($eq): \state_gold -> \state
Changing input A of cell $procmux$610_CMP0_gold ($eq): \state_gold -> \state
Changing input A of cell $procmux$609_CMP0_gold ($eq): \state_gold -> \state
Changing input A of cell $procmux$608_CMP0_gold ($eq): \state_gold -> \state
Changing input A of cell $procmux$607_CMP0_gold ($eq): \state_gold -> \state
Changing input S of cell $procmux$600_gold ($mux): \active_gold -> \active
Changing input A of cell $procmux$598_CMP0_gold ($logic_not): \state_gold -> \state
Changing input S of cell $procmux$584_gold ($mux): \active_gold -> \active
Changing input B of cell $procmux$584_gold ($mux): \spi_cs_n_gold -> \spi_cs_n
Changing input A of cell $procmux$582_CMP0_gold ($logic_not): \state_gold -> \state
Changing input A of cell $procmux$578_gold ($mux): \spi_cs_n_gold -> \spi_cs_n
Changing input A of cell $procmux$577_CMP0_gold ($eq): \state_gold -> \state
Changing input A of cell $procmux$576_CMP0_gold ($eq): \state_gold -> \state
Changing input S of cell $procmux$569_gold ($mux): \active_gold -> \active
Changing input A of cell $procmux$567_gold ($mux): \spi_sck_gold -> \spi_sck
Changing input A of cell $procmux$564_CMP0_gold ($eq): \state_gold -> \state
Changing input B of cell $procmux$562_gold ($pmux): { \spi_sck_gold \spi_sck_gold } -> { \spi_sck \spi_sck }
Changing input A of cell $procmux$563_CMP0_gold ($eq): \state_gold -> \state
Changing input S of cell $procmux$556_gold ($mux): \active_gold -> \active
Changing input A of cell $procmux$554_gold ($mux): \spi_mosi_gold -> \spi_mosi
Changing input S of cell $procmux$552_gold ($mux): \spi_sck_gold -> \spi_sck
Changing input A of cell $procmux$552_gold ($mux): \spi_mosi_gold -> \spi_mosi
Changing input B of cell $procmux$549_gold ($mux): \spi_mosi_gold -> \spi_mosi
Changing input A of cell $procmux$549_gold ($mux): \tx_gold [6] -> \tx [6]
Changing input A of cell $procmux$545_CMP0_gold ($logic_not): \state_gold -> \state
Changing input A of cell $procmux$544_CMP0_gold ($eq): \state_gold -> \state
Changing input B of cell $procmux$542_gold ($pmux): { \spi_mosi_gold \spi_mosi_gold \spi_mosi_gold } -> { \spi_mosi \spi_mosi \spi_mosi }
Changing input A of cell $procmux$542_gold ($pmux): \next_byte_gold [7] -> \next_byte [7]
Changing input A of cell $procmux$543_CMP0_gold ($eq): \state_gold -> \state
Changing input S of cell $procmux$536_gold ($mux): \active_gold -> \active
Changing input A of cell $procmux$534_gold ($mux): \state_gold -> \state
Changing input S of cell $procmux$532_gold ($mux): \spi_sck_gold -> \spi_sck
Changing input A of cell $procmux$532_gold ($mux): \state_gold -> \state
Changing input A of cell $procmux$529_gold ($mux): \state_gold -> \state
Changing input A of cell $procmux$525_CMP0_gold ($logic_not): \state_gold -> \state
Changing input A of cell $procmux$523_gold ($mux): \state_gold -> \state
Changing input B of cell $procmux$521_gold ($mux): \state_gold -> \state
Changing input A of cell $procmux$519_CMP0_gold ($eq): \state_gold -> \state
Changing input A of cell $procmux$517_gold ($pmux): \state_gold -> \state
Changing input A of cell $procmux$518_CMP0_gold ($eq): \state_gold -> \state
Changing input S of cell $procmux$511_gold ($mux): \active_gold -> \active
Changing input A of cell $procmux$509_gold ($mux): \active_gold -> \active
Changing input S of cell $procmux$507_gold ($mux): \spi_sck_gold -> \spi_sck
Changing input A of cell $procmux$507_gold ($mux): \active_gold -> \active
Changing input A of cell $procmux$504_gold ($mux): \active_gold -> \active
Changing input A of cell $procmux$500_CMP0_gold ($logic_not): \state_gold -> \state
Changing input A of cell $procmux$499_CMP0_gold ($eq): \state_gold -> \state
Changing input B of cell $procmux$497_gold ($pmux): { \active_gold \active_gold \active_gold } -> { \active \active \active }
Changing input A of cell $procmux$498_CMP0_gold ($eq): \state_gold -> \state
Changing input S of cell $procmux$491_gold ($mux): \active_gold -> \active
Changing input A of cell $procmux$489_CMP0_gold ($logic_not): \state_gold -> \state
Changing input B of cell $procmux$481_gold ($mux): \seen_gold -> \seen
Changing input S of cell $procmux$476_gold ($mux): \active_gold -> \active
Changing input B of cell $procmux$476_gold ($mux): \next_word_gold -> \next_word
Changing input A of cell $procmux$473_gold ($mux): \next_word_gold -> \next_word
Changing input A of cell $procmux$474_CMP0_gold ($eq): \state_gold -> \state
Changing input S of cell $procmux$467_gold ($mux): \active_gold -> \active
Changing input A of cell $procmux$465_gold ($mux): \tx_gold -> \tx
Changing input S of cell $procmux$463_gold ($mux): \spi_sck_gold -> \spi_sck
Changing input A of cell $procmux$463_gold ($mux): \tx_gold -> \tx
Changing input B of cell $procmux$460_gold ($mux): \tx_gold -> \tx
Changing input A of cell $procmux$460_gold ($mux): { \tx_gold [5:0] 1'0 } -> { \tx [5:0] 1'0 }
Changing input A of cell $procmux$456_CMP0_gold ($logic_not): \state_gold -> \state
Changing input A of cell $procmux$455_CMP0_gold ($eq): \state_gold -> \state
Changing input B of cell $procmux$453_gold ($pmux): { \tx_gold \tx_gold \tx_gold } -> { \tx \tx \tx }
Changing input A of cell $procmux$453_gold ($pmux): \next_byte_gold [6:0] -> \next_byte [6:0]
Changing input A of cell $procmux$454_CMP0_gold ($eq): \state_gold -> \state
Changing input S of cell $procmux$447_gold ($mux): \active_gold -> \active
Changing input A of cell $procmux$447_gold ($mux): \rx_gold -> \rx
Changing input A of cell $procmux$445_gold ($mux): \rx_gold -> \rx
Changing input S of cell $procmux$443_gold ($mux): \spi_sck_gold -> \spi_sck
Changing input B of cell $procmux$443_gold ($mux): \rx_gold -> \rx
Changing input A of cell $procmux$443_gold ($mux): { \rx_gold [6:0] \spi_miso_gold } -> { \rx [6:0] \spi_miso_gold }
Changing input S of cell $procmux$435_gold ($mux): \active_gold -> \active
Changing input A of cell $procmux$433_gold ($mux): \bit_count_gold -> \bit_count
Changing input S of cell $procmux$431_gold ($mux): \spi_sck_gold -> \spi_sck
Changing input A of cell $procmux$431_gold ($mux): \bit_count_gold -> \bit_count
Changing input B of cell $procmux$428_gold ($mux): \bit_count_gold -> \bit_count
Changing input A of cell $procmux$424_CMP0_gold ($logic_not): \state_gold -> \state
Changing input A of cell $procmux$423_CMP0_gold ($eq): \state_gold -> \state
Changing input B of cell $procmux$421_gold ($pmux): { \bit_count_gold \bit_count_gold \bit_count_gold } -> { \bit_count \bit_count \bit_count }
Changing input A of cell $procmux$422_CMP0_gold ($eq): \state_gold -> \state
Changing input S of cell $procmux$415_gold ($mux): \active_gold -> \active
Changing input A of cell $procmux$410_CMP0_gold ($logic_not): \state_gold -> \state
Changing input A of cell $procmux$409_CMP0_gold ($eq): \state_gold -> \state
Changing input B of cell $procmux$407_gold ($pmux): { \divider_gold \divider_gold \divider_gold } -> { \divider \divider \divider }
Changing input A of cell $procmux$408_CMP0_gold ($eq): \state_gold -> \state
Changing input S of cell $procmux$401_gold ($mux): \active_gold -> \active
Changing input A of cell $procmux$399_CMP0_gold ($logic_not): \state_gold -> \state
Changing input A of cell $procmux$393_CMP0_gold ($eq): \state_gold -> \state
Changing input S of cell $procmux$386_gold ($mux): \active_gold -> \active
Changing input A of cell $procmux$386_gold ($mux): \rdata_gold [7:0] -> \rdata [7:0]
Changing input A of cell $procmux$384_gold ($mux): \rdata_gold [7:0] -> \rdata [7:0]
Changing input S of cell $procmux$382_gold ($mux): \spi_sck_gold -> \spi_sck
Changing input A of cell $procmux$382_gold ($mux): \rdata_gold [7:0] -> \rdata [7:0]
Changing input A of cell $procmux$379_gold ($mux): \rdata_gold [7:0] -> \rdata [7:0]
Changing input B of cell $procmux$377_gold ($mux): \rx_gold -> \rx
Changing input A of cell $procmux$377_gold ($mux): \rdata_gold [7:0] -> \rdata [7:0]
Changing input S of cell $procmux$369_gold ($mux): \active_gold -> \active
Changing input A of cell $procmux$369_gold ($mux): \rdata_gold [15:8] -> \rdata [15:8]
Changing input A of cell $procmux$367_gold ($mux): \rdata_gold [15:8] -> \rdata [15:8]
Changing input S of cell $procmux$365_gold ($mux): \spi_sck_gold -> \spi_sck
Changing input A of cell $procmux$365_gold ($mux): \rdata_gold [15:8] -> \rdata [15:8]
Changing input A of cell $procmux$362_gold ($mux): \rdata_gold [15:8] -> \rdata [15:8]
Changing input B of cell $procmux$360_gold ($mux): \rx_gold -> \rx
Changing input A of cell $procmux$358_gold ($mux): \rdata_gold [15:8] -> \rdata [15:8]
Changing input A of cell $procmux$356_gold ($mux): \rdata_gold [15:8] -> \rdata [15:8]
Changing input A of cell $logic_not$gold.v:103$42_gold ($logic_not): \retain_gold -> \retain
Changing input S of cell $ternary$gold.v:98$40_gold ($mux): \resume_read_gold -> \resume_read
Changing input A of cell $logic_not$gold.v:96$37_gold ($logic_not): \resume_read_gold -> \resume_read
Changing input A of cell $logic_not$gold.v:92$35_gold ($logic_not): \seen_gold -> \seen
Changing input A of cell $add$gold.v:87$34_gold ($add): \divider_gold -> \divider
Changing input A of cell $add$gold.v:84$33_gold ($add): \bit_count_gold -> \bit_count
Changing input A of cell $add$gold.v:82$31_gold ($add): \state_gold -> \state
Changing input A of cell $eq$gold.v:82$29_gold ($eq): \state_gold -> \state
Changing input A of cell $eq$gold.v:80$28_gold ($eq): \state_gold -> \state
Changing input A of cell $eq$gold.v:74$27_gold ($eq): \state_gold -> \state
Changing input A of cell $eq$gold.v:72$26_gold ($eq): \bit_count_gold -> \bit_count
Changing input A of cell $logic_not$gold.v:66$24_gold ($logic_not): \spi_sck_gold -> \spi_sck
Changing input A of cell $eq$gold.v:64$23_gold ($eq): \divider_gold -> \divider
Changing input A of cell $ne$gold.v:40$18_gold ($reduce_bool): \state_gold -> \state
Changing input B of cell $eq$gold.v:28$16_gold ($eq): \next_word_gold -> \next_word
Changing input A of cell $logic_and$gold.v:28$15_gold ($logic_and): \retain_gold -> \retain
Changing input A of cell $logic_not$gold.v:28$14_gold ($logic_not): \spi_cs_n_gold -> \spi_cs_n

6. Executing HIERARCHY pass (managing design hierarchy).

6.1. Analyzing design hierarchy..
Top module:  \equiv

6.2. Analyzing design hierarchy..
Top module:  \equiv
Removing unused module `\gate'.
Removing unused module `\gold'.
Removed 2 unused modules.

7. Executing EQUIV_SIMPLE pass.
Found 73 unproven $equiv cells (18 groups) in equiv:
 Grouping SAT models for \rdata:
  Trying to prove $equiv for \rdata [0]:ezsat
ezsat
 success!
  Trying to prove $equiv for \rdata [1]:ezsat
 success!
  Trying to prove $equiv for \rdata [2]:ezsat
 success!
  Trying to prove $equiv for \rdata [3]:ezsat
 success!
  Trying to prove $equiv for \rdata [4]:ezsat
 success!
  Trying to prove $equiv for \rdata [5]:ezsat
 success!
  Trying to prove $equiv for \rdata [6]:ezsat
 success!
  Trying to prove $equiv for \rdata [7]:ezsat
 success!
  Trying to prove $equiv for \rdata [8]:ezsat
 success!
  Trying to prove $equiv for \rdata [9]:ezsat
 success!
  Trying to prove $equiv for \rdata [10]:ezsat
 success!
  Trying to prove $equiv for \rdata [11]:ezsat
 success!
  Trying to prove $equiv for \rdata [12]:ezsat
 success!
  Trying to prove $equiv for \rdata [13]:ezsat
 success!
  Trying to prove $equiv for \rdata [14]:ezsat
 success!
  Trying to prove $equiv for \rdata [15]:ezsat
 success!
  Trying to prove $equiv for \ready:ezsat
ezsat
 success!
  Trying to prove $equiv for \error:ezsat
ezsat
 success!
  Trying to prove $equiv for \busy:ezsat
 success!
  Trying to prove $equiv for \spi_cs_n:ezsat
ezsat
 success!
  Trying to prove $equiv for \spi_sck:ezsat
ezsat
 success!
  Trying to prove $equiv for \spi_mosi:ezsat
ezsat
 success!
 Grouping SAT models for \state:
  Trying to prove $equiv for \state [0]:ezsat
ezsat
 success!
  Trying to prove $equiv for \state [1]:ezsat
 success!
  Trying to prove $equiv for \state [2]:ezsat
 success!
  Trying to prove $equiv for \state [3]:ezsat
 success!
  Trying to prove $equiv for \active:ezsat
ezsat
 success!
  Trying to prove $equiv for \seen:ezsat
ezsat
 success!
 Grouping SAT models for \next_word:
  Trying to prove $equiv for \next_word [0]:ezsat
ezsat
 success!
  Trying to prove $equiv for \next_word [1]:ezsat
 success!
  Trying to prove $equiv for \next_word [2]:ezsat
 success!
  Trying to prove $equiv for \next_word [3]:ezsat
 success!
  Trying to prove $equiv for \next_word [4]:ezsat
 success!
  Trying to prove $equiv for \next_word [5]:ezsat
 success!
  Trying to prove $equiv for \next_word [6]:ezsat
 success!
  Trying to prove $equiv for \next_word [7]:ezsat
 success!
  Trying to prove $equiv for \next_word [8]:ezsat
 success!
  Trying to prove $equiv for \next_word [9]:ezsat
 success!
  Trying to prove $equiv for \next_word [10]:ezsat
 success!
  Trying to prove $equiv for \next_word [11]:ezsat
 success!
  Trying to prove $equiv for \next_word [12]:ezsat
 success!
  Trying to prove $equiv for \next_word [13]:ezsat
 success!
  Trying to prove $equiv for \next_word [14]:ezsat
 success!
  Trying to prove $equiv for \retain:ezsat
 success!
  Trying to prove $equiv for \resume_read:ezsat
 success!
 Grouping SAT models for \tx:
  Trying to prove $equiv for \tx [0]:ezsat
ezsat
 success!
  Trying to prove $equiv for \tx [1]:ezsat
 success!
  Trying to prove $equiv for \tx [2]:ezsat
 success!
  Trying to prove $equiv for \tx [3]:ezsat
 success!
  Trying to prove $equiv for \tx [4]:ezsat
 success!
  Trying to prove $equiv for \tx [5]:ezsat
 success!
  Trying to prove $equiv for \tx [6]:ezsat
 success!
 Grouping SAT models for \rx:
  Trying to prove $equiv for \rx [0]:ezsat
ezsat
 success!
  Trying to prove $equiv for \rx [1]:ezsat
 success!
  Trying to prove $equiv for \rx [2]:ezsat
 success!
  Trying to prove $equiv for \rx [3]:ezsat
 success!
  Trying to prove $equiv for \rx [4]:ezsat
 success!
  Trying to prove $equiv for \rx [5]:ezsat
 success!
  Trying to prove $equiv for \rx [6]:ezsat
 success!
  Trying to prove $equiv for \rx [7]:ezsat
 success!
 Grouping SAT models for \bit_count:
  Trying to prove $equiv for \bit_count [0]:ezsat
ezsat
 success!
  Trying to prove $equiv for \bit_count [1]:ezsat
 success!
  Trying to prove $equiv for \bit_count [2]:ezsat
 success!
 Grouping SAT models for \divider:
  Trying to prove $equiv for \divider [0]:ezsat
ezsat
 success!
  Trying to prove $equiv for \divider [1]:ezsat
 success!
 Grouping SAT models for \next_byte:
  Trying to prove $equiv for \next_byte [0]:ezsat
 success!
  Trying to prove $equiv for \next_byte [1]:ezsat
 success!
  Trying to prove $equiv for \next_byte [2]:ezsat
 success!
  Trying to prove $equiv for \next_byte [3]:ezsat
 success!
  Trying to prove $equiv for \next_byte [4]:ezsat
 success!
  Trying to prove $equiv for \next_byte [5]:ezsat
 success!
  Trying to prove $equiv for \next_byte [6]:ezsat
 success!
  Trying to prove $equiv for \next_byte [7]:ezsat
 success!
Proved 73 previously unproven $equiv cells.

8. Executing EQUIV_INDUCT pass.
No selected unproven $equiv cells found in equiv.
Proved 0 previously unproven $equiv cells.

9. Executing EQUIV_STATUS pass.
Found 73 $equiv cells in equiv:
  Of those cells 73 are proven and 0 are unproven.
  Equivalence successfully proven!

End of script. Logfile hash: df5e99198e, time: 0.05s, user: 0.05s, system: 0.00s
Yosys 0.69 (git sha1 9f75ca1f9, Release, Clang /workspace/YoWASP/yosys/wasi-sdk-33.0-x86_64-linux/share/cmake/../..//bin/clang++ 22.1.0)
Time spent: 67% 1x equiv_simple (0 sec), 13% 3x read_verilog (0 sec), ...
