
Loading design for application trce from file cp40b_impl1.ncd.
Design name: uj11_hc1200_microcomp
NCD version: 3.3
Vendor:      LATTICE
Device:      LCMXO2-1200HC
Package:     QFN32
Performance: 4
Loading device for application trce from file 'xo2c1200.nph' in environment: /home/sash/.local/lscc/diamond/3.14/ispfpga.
Package Status:                     Final          Version 1.44.
Performance Hardware Data Status:   Final          Version 36.4.
Setup and Hold Report

--------------------------------------------------------------------------------
Lattice TRACE Report - Setup, Version Diamond (64-bit) 3.14.0.75.2
Thu Sep 10 16:09:28 2026

Copyright (c) 1991-1994 by NeoCAD Inc. All rights reserved.
Copyright (c) 1995 AT&T Corp.   All rights reserved.
Copyright (c) 1995-2001 Lucent Technologies Inc.  All rights reserved.
Copyright (c) 2001 Agere Systems   All rights reserved.
Copyright (c) 2002-2024 Lattice Semiconductor Corporation,  All rights reserved.

Report Information
------------------
Command line:    trce -v 10 -c -u 0 -gt -sethld -sp 4 -sphld m -o cp40b_impl1.twr cp40b_impl1.ncd cp40b_impl1.prf 
Design file:     cp40b_impl1.ncd
Preference file: cp40b_impl1.prf
Device,speed:    LCMXO2-1200HC,4
Report level:    verbose report, limited to 10 items per preference
--------------------------------------------------------------------------------

BLOCK ASYNCPATHS
BLOCK RESETPATHS
--------------------------------------------------------------------------------



================================================================================
Preference: FREQUENCY NET "clk" 29.560000 MHz ;
            4096 items scored, 0 timing errors detected.
--------------------------------------------------------------------------------


Passed: The following path meets requirements by 1.400ns

 Logical Details:  Cell type  Pin type       Cell/ASIC name  (clock net +/-)

   Source:         DP8KC      Port           system/cpu/engine/rom/lane_2(ASIC)  (from clk +)
   Destination:    DP8KC      Port           system/cpu/engine/rom/lane_3(ASIC)  (to clk +)

   Delay:              32.455ns  (42.8% logic, 57.2% route), 19 logic levels.

 Constraint Details:

     32.455ns physical path delay system/cpu/engine/rom/lane_2 to system/cpu/engine/rom/lane_3 meets
     33.829ns delay constraint less
      0.000ns skew and
     -0.026ns ADDR_SET requirement (totaling 33.855ns) by 1.400ns

 Physical Path Details:

      Data path system/cpu/engine/rom/lane_2 to system/cpu/engine/rom/lane_3:

   Name    Fanout   Delay (ns)          Site               Resource
C2Q_DEL     ---     4.979  EBR_R6C7.CLKA to  EBR_R6C7.DOA8 system/cpu/engine/rom/lane_2 (from clk)
ROUTE         4     1.603  EBR_R6C7.DOA8 to      R5C12C.D0 system/cpu/engine/a_select_2[0]
CTOF_DEL    ---     0.495      R5C12C.D0 to      R5C12C.F0 system/cpu/engine/SLICE_665
ROUTE         1     0.958      R5C12C.F0 to      R3C12A.D1 system/cpu/engine/un6_select_register[1]
CTOF_DEL    ---     0.495      R3C12A.D1 to      R3C12A.F1 system/cpu/engine/SLICE_521
ROUTE        18     1.497      R3C12A.F1 to      R3C11B.B1 system/cpu/engine/un9_d_axb1
CTOF_DEL    ---     0.495      R3C11B.B1 to      R3C11B.F1 system/cpu/engine/SLICE_43
ROUTE        11     1.187      R3C11B.F1 to      R3C10D.C1 system/address[15]
CTOF_DEL    ---     0.495      R3C10D.C1 to      R3C10D.F1 system/bus/SLICE_445
ROUTE        18     0.664      R3C10D.F1 to      R3C11D.D1 system/bus/io_page
CTOF_DEL    ---     0.495      R3C11D.D1 to      R3C11D.F1 system/bus/SLICE_466
ROUTE         4     0.975      R3C11D.F1 to      R4C10A.D1 system/bus/service_dma_selected_0
CTOF_DEL    ---     0.495      R4C10A.D1 to      R4C10A.F1 system/bus/SLICE_381
ROUTE        16     1.008      R4C10A.F1 to      R4C10D.A0 system/bus/service_dma_selecteddup
CTOF_DEL    ---     0.495      R4C10D.A0 to      R4C10D.F0 system/bus/SLICE_458
ROUTE         5     0.652      R4C10D.F0 to      R4C12C.D1 system/bus/rk_ds_selecteddup
CTOF_DEL    ---     0.495      R4C12C.D1 to      R4C12C.F1 system/bus/SLICE_455
ROUTE         2     0.445      R4C12C.F1 to      R4C12C.C0 system/bus/rk_fixed_selecteddup
CTOF_DEL    ---     0.495      R4C12C.C0 to      R4C12C.F0 system/bus/SLICE_455
ROUTE         3     0.974      R4C12C.F0 to      R3C10C.D0 system/bus/acknowledge_4dup
CTOF_DEL    ---     0.495      R3C10C.D0 to      R3C10C.F0 system/SLICE_454
ROUTE         4     0.453      R3C10C.F0 to      R3C10C.C1 system/acknowledgedup
CTOF_DEL    ---     0.495      R3C10C.C1 to      R3C10C.F1 system/SLICE_454
ROUTE         7     1.195      R3C10C.F1 to       R4C4C.D1 system/cpu/engine/un1_bus_fault_2dup
CTOF_DEL    ---     0.495       R4C4C.D1 to       R4C4C.F1 system/cpu/engine/SLICE_636
ROUTE         3     1.003       R4C4C.F1 to       R4C2D.A1 system/cpu/engine/fault_redirectdup
CTOF_DEL    ---     0.495       R4C2D.A1 to       R4C2D.F1 system/cpu/engine/seq/SLICE_504
ROUTE        10     0.697       R4C2D.F1 to       R4C3A.A0 system/cpu/engine/seq/next_address_10_sqmuxa
CTOF_DEL    ---     0.495       R4C3A.A0 to       R4C3A.F0 system/cpu/engine/seq/SLICE_516
ROUTE         1     0.744       R4C3A.F0 to       R5C3B.C0 system/cpu/engine/seq/next_address_0_iv_1[1]
CTOF_DEL    ---     0.495       R5C3B.C0 to       R5C3B.F0 system/cpu/engine/seq/SLICE_512
ROUTE         1     0.958       R5C3B.F0 to       R3C3C.D0 system/cpu/engine/seq/next_address_0_iv_2[1]
CTOF_DEL    ---     0.495       R3C3C.D0 to       R3C3C.F0 system/cpu/engine/SLICE_507
ROUTE         1     0.626       R3C3C.F0 to       R3C3D.D0 system/cpu/engine/seq/next_address_0_iv_4[1]
CTOF_DEL    ---     0.495       R3C3D.D0 to       R3C3D.F0 system/cpu/engine/seq/SLICE_501
ROUTE         1     0.744       R3C3D.F0 to       R4C3D.C1 system/cpu/engine/seq/next_address_0_iv_6[1]
CTOF_DEL    ---     0.495       R4C3D.C1 to       R4C3D.F1 system/cpu/engine/seq/SLICE_181
ROUTE         5     2.183       R4C3D.F1 to EBR_R6C10.ADA4 system/cpu/engine/next_address[1] (to clk)
                  --------
                   32.455   (42.8% logic, 57.2% route), 19 logic levels.

 Clock Skew Details: 

      Source Clock Path oscillator to system/cpu/engine/rom/lane_2:

   Name    Fanout   Delay (ns)          Site               Resource
ROUTE       249     3.714        OSC.OSC to  EBR_R6C7.CLKA clk
                  --------
                    3.714   (0.0% logic, 100.0% route), 0 logic levels.

      Destination Clock Path oscillator to system/cpu/engine/rom/lane_3:

   Name    Fanout   Delay (ns)          Site               Resource
ROUTE       249     3.714        OSC.OSC to EBR_R6C10.CLKA clk
                  --------
                    3.714   (0.0% logic, 100.0% route), 0 logic levels.


Passed: The following path meets requirements by 1.575ns

 Logical Details:  Cell type  Pin type       Cell/ASIC name  (clock net +/-)

   Source:         DP8KC      Port           system/cpu/engine/rom/lane_2(ASIC)  (from clk +)
   Destination:    DP8KC      Port           system/cpu/engine/rom/lane_3(ASIC)  (to clk +)

   Delay:              32.280ns  (43.0% logic, 57.0% route), 19 logic levels.

 Constraint Details:

     32.280ns physical path delay system/cpu/engine/rom/lane_2 to system/cpu/engine/rom/lane_3 meets
     33.829ns delay constraint less
      0.000ns skew and
     -0.026ns ADDR_SET requirement (totaling 33.855ns) by 1.575ns

 Physical Path Details:

      Data path system/cpu/engine/rom/lane_2 to system/cpu/engine/rom/lane_3:

   Name    Fanout   Delay (ns)          Site               Resource
C2Q_DEL     ---     4.979  EBR_R6C7.CLKA to  EBR_R6C7.DOA8 system/cpu/engine/rom/lane_2 (from clk)
ROUTE         4     1.603  EBR_R6C7.DOA8 to      R5C12C.D0 system/cpu/engine/a_select_2[0]
CTOF_DEL    ---     0.495      R5C12C.D0 to      R5C12C.F0 system/cpu/engine/SLICE_665
ROUTE         1     0.958      R5C12C.F0 to      R3C12A.D1 system/cpu/engine/un6_select_register[1]
CTOF_DEL    ---     0.495      R3C12A.D1 to      R3C12A.F1 system/cpu/engine/SLICE_521
ROUTE        18     1.497      R3C12A.F1 to      R3C11B.B1 system/cpu/engine/un9_d_axb1
CTOF_DEL    ---     0.495      R3C11B.B1 to      R3C11B.F1 system/cpu/engine/SLICE_43
ROUTE        11     1.187      R3C11B.F1 to      R3C10D.C1 system/address[15]
CTOF_DEL    ---     0.495      R3C10D.C1 to      R3C10D.F1 system/bus/SLICE_445
ROUTE        18     0.664      R3C10D.F1 to      R3C11D.D1 system/bus/io_page
CTOF_DEL    ---     0.495      R3C11D.D1 to      R3C11D.F1 system/bus/SLICE_466
ROUTE         4     0.975      R3C11D.F1 to      R4C10A.D1 system/bus/service_dma_selected_0
CTOF_DEL    ---     0.495      R4C10A.D1 to      R4C10A.F1 system/bus/SLICE_381
ROUTE        16     0.820      R4C10A.F1 to      R4C12A.C1 system/bus/service_dma_selecteddup
CTOF_DEL    ---     0.495      R4C12A.C1 to      R4C12A.F1 system/bus/SLICE_438
ROUTE         3     0.665      R4C12A.F1 to      R4C12C.A1 system/bus/rk_cs1_selecteddup
CTOF_DEL    ---     0.495      R4C12C.A1 to      R4C12C.F1 system/bus/SLICE_455
ROUTE         2     0.445      R4C12C.F1 to      R4C12C.C0 system/bus/rk_fixed_selecteddup
CTOF_DEL    ---     0.495      R4C12C.C0 to      R4C12C.F0 system/bus/SLICE_455
ROUTE         3     0.974      R4C12C.F0 to      R3C10C.D0 system/bus/acknowledge_4dup
CTOF_DEL    ---     0.495      R3C10C.D0 to      R3C10C.F0 system/SLICE_454
ROUTE         4     0.453      R3C10C.F0 to      R3C10C.C1 system/acknowledgedup
CTOF_DEL    ---     0.495      R3C10C.C1 to      R3C10C.F1 system/SLICE_454
ROUTE         7     1.195      R3C10C.F1 to       R4C4C.D1 system/cpu/engine/un1_bus_fault_2dup
CTOF_DEL    ---     0.495       R4C4C.D1 to       R4C4C.F1 system/cpu/engine/SLICE_636
ROUTE         3     1.003       R4C4C.F1 to       R4C2D.A1 system/cpu/engine/fault_redirectdup
CTOF_DEL    ---     0.495       R4C2D.A1 to       R4C2D.F1 system/cpu/engine/seq/SLICE_504
ROUTE        10     0.697       R4C2D.F1 to       R4C3A.A0 system/cpu/engine/seq/next_address_10_sqmuxa
CTOF_DEL    ---     0.495       R4C3A.A0 to       R4C3A.F0 system/cpu/engine/seq/SLICE_516
ROUTE         1     0.744       R4C3A.F0 to       R5C3B.C0 system/cpu/engine/seq/next_address_0_iv_1[1]
CTOF_DEL    ---     0.495       R5C3B.C0 to       R5C3B.F0 system/cpu/engine/seq/SLICE_512
ROUTE         1     0.958       R5C3B.F0 to       R3C3C.D0 system/cpu/engine/seq/next_address_0_iv_2[1]
CTOF_DEL    ---     0.495       R3C3C.D0 to       R3C3C.F0 system/cpu/engine/SLICE_507
ROUTE         1     0.626       R3C3C.F0 to       R3C3D.D0 system/cpu/engine/seq/next_address_0_iv_4[1]
CTOF_DEL    ---     0.495       R3C3D.D0 to       R3C3D.F0 system/cpu/engine/seq/SLICE_501
ROUTE         1     0.744       R3C3D.F0 to       R4C3D.C1 system/cpu/engine/seq/next_address_0_iv_6[1]
CTOF_DEL    ---     0.495       R4C3D.C1 to       R4C3D.F1 system/cpu/engine/seq/SLICE_181
ROUTE         5     2.183       R4C3D.F1 to EBR_R6C10.ADA4 system/cpu/engine/next_address[1] (to clk)
                  --------
                   32.280   (43.0% logic, 57.0% route), 19 logic levels.

 Clock Skew Details: 

      Source Clock Path oscillator to system/cpu/engine/rom/lane_2:

   Name    Fanout   Delay (ns)          Site               Resource
ROUTE       249     3.714        OSC.OSC to  EBR_R6C7.CLKA clk
                  --------
                    3.714   (0.0% logic, 100.0% route), 0 logic levels.

      Destination Clock Path oscillator to system/cpu/engine/rom/lane_3:

   Name    Fanout   Delay (ns)          Site               Resource
ROUTE       249     3.714        OSC.OSC to EBR_R6C10.CLKA clk
                  --------
                    3.714   (0.0% logic, 100.0% route), 0 logic levels.


Passed: The following path meets requirements by 1.670ns

 Logical Details:  Cell type  Pin type       Cell/ASIC name  (clock net +/-)

   Source:         DP8KC      Port           system/cpu/engine/rom/lane_2(ASIC)  (from clk +)
   Destination:    DP8KC      Port           system/cpu/engine/rom/lane_3(ASIC)  (to clk +)

   Delay:              32.185ns  (43.2% logic, 56.8% route), 19 logic levels.

 Constraint Details:

     32.185ns physical path delay system/cpu/engine/rom/lane_2 to system/cpu/engine/rom/lane_3 meets
     33.829ns delay constraint less
      0.000ns skew and
     -0.026ns ADDR_SET requirement (totaling 33.855ns) by 1.670ns

 Physical Path Details:

      Data path system/cpu/engine/rom/lane_2 to system/cpu/engine/rom/lane_3:

   Name    Fanout   Delay (ns)          Site               Resource
C2Q_DEL     ---     4.979  EBR_R6C7.CLKA to  EBR_R6C7.DOA8 system/cpu/engine/rom/lane_2 (from clk)
ROUTE         4     1.603  EBR_R6C7.DOA8 to      R5C12C.D0 system/cpu/engine/a_select_2[0]
CTOF_DEL    ---     0.495      R5C12C.D0 to      R5C12C.F0 system/cpu/engine/SLICE_665
ROUTE         1     0.958      R5C12C.F0 to      R3C12A.D1 system/cpu/engine/un6_select_register[1]
CTOF_DEL    ---     0.495      R3C12A.D1 to      R3C12A.F1 system/cpu/engine/SLICE_521
ROUTE        18     1.497      R3C12A.F1 to      R3C11B.B1 system/cpu/engine/un9_d_axb1
CTOF_DEL    ---     0.495      R3C11B.B1 to      R3C11B.F1 system/cpu/engine/SLICE_43
ROUTE        11     1.187      R3C11B.F1 to      R3C10D.C1 system/address[15]
CTOF_DEL    ---     0.495      R3C10D.C1 to      R3C10D.F1 system/bus/SLICE_445
ROUTE        18     0.664      R3C10D.F1 to      R3C11D.D1 system/bus/io_page
CTOF_DEL    ---     0.495      R3C11D.D1 to      R3C11D.F1 system/bus/SLICE_466
ROUTE         4     0.975      R3C11D.F1 to      R4C10A.D1 system/bus/service_dma_selected_0
CTOF_DEL    ---     0.495      R4C10A.D1 to      R4C10A.F1 system/bus/SLICE_381
ROUTE        16     1.008      R4C10A.F1 to      R4C10D.A0 system/bus/service_dma_selecteddup
CTOF_DEL    ---     0.495      R4C10D.A0 to      R4C10D.F0 system/bus/SLICE_458
ROUTE         5     0.652      R4C10D.F0 to      R4C12C.D1 system/bus/rk_ds_selecteddup
CTOF_DEL    ---     0.495      R4C12C.D1 to      R4C12C.F1 system/bus/SLICE_455
ROUTE         2     0.445      R4C12C.F1 to      R4C12C.C0 system/bus/rk_fixed_selecteddup
CTOF_DEL    ---     0.495      R4C12C.C0 to      R4C12C.F0 system/bus/SLICE_455
ROUTE         3     0.974      R4C12C.F0 to      R3C10C.D0 system/bus/acknowledge_4dup
CTOF_DEL    ---     0.495      R3C10C.D0 to      R3C10C.F0 system/SLICE_454
ROUTE         4     0.453      R3C10C.F0 to      R3C10C.C1 system/acknowledgedup
CTOF_DEL    ---     0.495      R3C10C.C1 to      R3C10C.F1 system/SLICE_454
ROUTE         7     1.195      R3C10C.F1 to       R4C4C.D1 system/cpu/engine/un1_bus_fault_2dup
CTOF_DEL    ---     0.495       R4C4C.D1 to       R4C4C.F1 system/cpu/engine/SLICE_636
ROUTE         3     0.761       R4C4C.F1 to       R4C3A.C1 system/cpu/engine/fault_redirectdup
CTOF_DEL    ---     0.495       R4C3A.C1 to       R4C3A.F1 system/cpu/engine/seq/SLICE_516
ROUTE         9     1.403       R4C3A.F1 to       R2C4A.B1 system/cpu/engine/seq/next_address_7_sqmuxa
CTOF_DEL    ---     0.495       R2C4A.B1 to       R2C4A.F1 system/cpu/engine/seq/SLICE_626
ROUTE         1     0.626       R2C4A.F1 to       R2C4C.D1 system/cpu/engine/seq/next_address_1_iv_1_1[6]
CTOF_DEL    ---     0.495       R2C4C.D1 to       R2C4C.F1 system/cpu/engine/seq/SLICE_508
ROUTE         1     0.436       R2C4C.F1 to       R2C4C.C0 system/cpu/engine/seq/next_address_1_iv_1[6]
CTOF_DEL    ---     0.495       R2C4C.C0 to       R2C4C.F0 system/cpu/engine/seq/SLICE_508
ROUTE         1     0.744       R2C4C.F0 to       R2C3C.C0 system/cpu/engine/seq/next_address_1_iv_3[6]
CTOF_DEL    ---     0.495       R2C3C.C0 to       R2C3C.F0 system/cpu/engine/seq/SLICE_493
ROUTE         1     0.958       R2C3C.F0 to       R5C3A.D0 system/cpu/engine/seq/next_address_1_iv_5[6]
CTOF_DEL    ---     0.495       R5C3A.D0 to       R5C3A.F0 system/cpu/engine/seq/SLICE_184
ROUTE         5     1.757       R5C3A.F0 to EBR_R6C10.ADA9 system/cpu/engine/next_address[6] (to clk)
                  --------
                   32.185   (43.2% logic, 56.8% route), 19 logic levels.

 Clock Skew Details: 

      Source Clock Path oscillator to system/cpu/engine/rom/lane_2:

   Name    Fanout   Delay (ns)          Site               Resource
ROUTE       249     3.714        OSC.OSC to  EBR_R6C7.CLKA clk
                  --------
                    3.714   (0.0% logic, 100.0% route), 0 logic levels.

      Destination Clock Path oscillator to system/cpu/engine/rom/lane_3:

   Name    Fanout   Delay (ns)          Site               Resource
ROUTE       249     3.714        OSC.OSC to EBR_R6C10.CLKA clk
                  --------
                    3.714   (0.0% logic, 100.0% route), 0 logic levels.


Passed: The following path meets requirements by 1.680ns

 Logical Details:  Cell type  Pin type       Cell/ASIC name  (clock net +/-)

   Source:         DP8KC      Port           system/cpu/engine/rom/lane_2(ASIC)  (from clk +)
   Destination:    DP8KC      Port           system/cpu/engine/rom/lane_3(ASIC)  (to clk +)

   Delay:              32.175ns  (43.2% logic, 56.8% route), 19 logic levels.

 Constraint Details:

     32.175ns physical path delay system/cpu/engine/rom/lane_2 to system/cpu/engine/rom/lane_3 meets
     33.829ns delay constraint less
      0.000ns skew and
     -0.026ns ADDR_SET requirement (totaling 33.855ns) by 1.680ns

 Physical Path Details:

      Data path system/cpu/engine/rom/lane_2 to system/cpu/engine/rom/lane_3:

   Name    Fanout   Delay (ns)          Site               Resource
C2Q_DEL     ---     4.979  EBR_R6C7.CLKA to  EBR_R6C7.DOA8 system/cpu/engine/rom/lane_2 (from clk)
ROUTE         4     1.603  EBR_R6C7.DOA8 to      R5C12C.D0 system/cpu/engine/a_select_2[0]
CTOF_DEL    ---     0.495      R5C12C.D0 to      R5C12C.F0 system/cpu/engine/SLICE_665
ROUTE         1     0.958      R5C12C.F0 to      R3C12A.D1 system/cpu/engine/un6_select_register[1]
CTOF_DEL    ---     0.495      R3C12A.D1 to      R3C12A.F1 system/cpu/engine/SLICE_521
ROUTE        18     1.497      R3C12A.F1 to      R3C11B.B1 system/cpu/engine/un9_d_axb1
CTOF_DEL    ---     0.495      R3C11B.B1 to      R3C11B.F1 system/cpu/engine/SLICE_43
ROUTE        11     1.187      R3C11B.F1 to      R3C10D.C1 system/address[15]
CTOF_DEL    ---     0.495      R3C10D.C1 to      R3C10D.F1 system/bus/SLICE_445
ROUTE        18     0.664      R3C10D.F1 to      R3C11D.D1 system/bus/io_page
CTOF_DEL    ---     0.495      R3C11D.D1 to      R3C11D.F1 system/bus/SLICE_466
ROUTE         4     0.975      R3C11D.F1 to      R4C10A.D1 system/bus/service_dma_selected_0
CTOF_DEL    ---     0.495      R4C10A.D1 to      R4C10A.F1 system/bus/SLICE_381
ROUTE        16     1.008      R4C10A.F1 to      R4C10D.A0 system/bus/service_dma_selecteddup
CTOF_DEL    ---     0.495      R4C10D.A0 to      R4C10D.F0 system/bus/SLICE_458
ROUTE         5     0.652      R4C10D.F0 to      R4C12C.D1 system/bus/rk_ds_selecteddup
CTOF_DEL    ---     0.495      R4C12C.D1 to      R4C12C.F1 system/bus/SLICE_455
ROUTE         2     0.445      R4C12C.F1 to      R4C12C.C0 system/bus/rk_fixed_selecteddup
CTOF_DEL    ---     0.495      R4C12C.C0 to      R4C12C.F0 system/bus/SLICE_455
ROUTE         3     0.974      R4C12C.F0 to      R3C10C.D0 system/bus/acknowledge_4dup
CTOF_DEL    ---     0.495      R3C10C.D0 to      R3C10C.F0 system/SLICE_454
ROUTE         4     0.453      R3C10C.F0 to      R3C10C.C1 system/acknowledgedup
CTOF_DEL    ---     0.495      R3C10C.C1 to      R3C10C.F1 system/SLICE_454
ROUTE         7     1.195      R3C10C.F1 to       R4C4C.D1 system/cpu/engine/un1_bus_fault_2dup
CTOF_DEL    ---     0.495       R4C4C.D1 to       R4C4C.F1 system/cpu/engine/SLICE_636
ROUTE         3     0.761       R4C4C.F1 to       R4C3A.C1 system/cpu/engine/fault_redirectdup
CTOF_DEL    ---     0.495       R4C3A.C1 to       R4C3A.F1 system/cpu/engine/seq/SLICE_516
ROUTE         9     0.659       R4C3A.F1 to       R4C3A.D0 system/cpu/engine/seq/next_address_7_sqmuxa
CTOF_DEL    ---     0.495       R4C3A.D0 to       R4C3A.F0 system/cpu/engine/seq/SLICE_516
ROUTE         1     0.744       R4C3A.F0 to       R5C3B.C0 system/cpu/engine/seq/next_address_0_iv_1[1]
CTOF_DEL    ---     0.495       R5C3B.C0 to       R5C3B.F0 system/cpu/engine/seq/SLICE_512
ROUTE         1     0.958       R5C3B.F0 to       R3C3C.D0 system/cpu/engine/seq/next_address_0_iv_2[1]
CTOF_DEL    ---     0.495       R3C3C.D0 to       R3C3C.F0 system/cpu/engine/SLICE_507
ROUTE         1     0.626       R3C3C.F0 to       R3C3D.D0 system/cpu/engine/seq/next_address_0_iv_4[1]
CTOF_DEL    ---     0.495       R3C3D.D0 to       R3C3D.F0 system/cpu/engine/seq/SLICE_501
ROUTE         1     0.744       R3C3D.F0 to       R4C3D.C1 system/cpu/engine/seq/next_address_0_iv_6[1]
CTOF_DEL    ---     0.495       R4C3D.C1 to       R4C3D.F1 system/cpu/engine/seq/SLICE_181
ROUTE         5     2.183       R4C3D.F1 to EBR_R6C10.ADA4 system/cpu/engine/next_address[1] (to clk)
                  --------
                   32.175   (43.2% logic, 56.8% route), 19 logic levels.

 Clock Skew Details: 

      Source Clock Path oscillator to system/cpu/engine/rom/lane_2:

   Name    Fanout   Delay (ns)          Site               Resource
ROUTE       249     3.714        OSC.OSC to  EBR_R6C7.CLKA clk
                  --------
                    3.714   (0.0% logic, 100.0% route), 0 logic levels.

      Destination Clock Path oscillator to system/cpu/engine/rom/lane_3:

   Name    Fanout   Delay (ns)          Site               Resource
ROUTE       249     3.714        OSC.OSC to EBR_R6C10.CLKA clk
                  --------
                    3.714   (0.0% logic, 100.0% route), 0 logic levels.


Passed: The following path meets requirements by 1.707ns

 Logical Details:  Cell type  Pin type       Cell/ASIC name  (clock net +/-)

   Source:         DP8KC      Port           system/cpu/engine/rom/lane_2(ASIC)  (from clk +)
   Destination:    DP8KC      Port           system/cpu/engine/rom/lane_2(ASIC)  (to clk +)

   Delay:              32.148ns  (43.2% logic, 56.8% route), 19 logic levels.

 Constraint Details:

     32.148ns physical path delay system/cpu/engine/rom/lane_2 to system/cpu/engine/rom/lane_2 meets
     33.829ns delay constraint less
      0.000ns skew and
     -0.026ns ADDR_SET requirement (totaling 33.855ns) by 1.707ns

 Physical Path Details:

      Data path system/cpu/engine/rom/lane_2 to system/cpu/engine/rom/lane_2:

   Name    Fanout   Delay (ns)          Site               Resource
C2Q_DEL     ---     4.979  EBR_R6C7.CLKA to  EBR_R6C7.DOA8 system/cpu/engine/rom/lane_2 (from clk)
ROUTE         4     1.603  EBR_R6C7.DOA8 to      R5C12C.D0 system/cpu/engine/a_select_2[0]
CTOF_DEL    ---     0.495      R5C12C.D0 to      R5C12C.F0 system/cpu/engine/SLICE_665
ROUTE         1     0.958      R5C12C.F0 to      R3C12A.D1 system/cpu/engine/un6_select_register[1]
CTOF_DEL    ---     0.495      R3C12A.D1 to      R3C12A.F1 system/cpu/engine/SLICE_521
ROUTE        18     1.497      R3C12A.F1 to      R3C11B.B1 system/cpu/engine/un9_d_axb1
CTOF_DEL    ---     0.495      R3C11B.B1 to      R3C11B.F1 system/cpu/engine/SLICE_43
ROUTE        11     1.187      R3C11B.F1 to      R3C10D.C1 system/address[15]
CTOF_DEL    ---     0.495      R3C10D.C1 to      R3C10D.F1 system/bus/SLICE_445
ROUTE        18     0.664      R3C10D.F1 to      R3C11D.D1 system/bus/io_page
CTOF_DEL    ---     0.495      R3C11D.D1 to      R3C11D.F1 system/bus/SLICE_466
ROUTE         4     0.975      R3C11D.F1 to      R4C10A.D1 system/bus/service_dma_selected_0
CTOF_DEL    ---     0.495      R4C10A.D1 to      R4C10A.F1 system/bus/SLICE_381
ROUTE        16     1.008      R4C10A.F1 to      R4C10D.A0 system/bus/service_dma_selecteddup
CTOF_DEL    ---     0.495      R4C10D.A0 to      R4C10D.F0 system/bus/SLICE_458
ROUTE         5     0.652      R4C10D.F0 to      R4C12C.D1 system/bus/rk_ds_selecteddup
CTOF_DEL    ---     0.495      R4C12C.D1 to      R4C12C.F1 system/bus/SLICE_455
ROUTE         2     0.445      R4C12C.F1 to      R4C12C.C0 system/bus/rk_fixed_selecteddup
CTOF_DEL    ---     0.495      R4C12C.C0 to      R4C12C.F0 system/bus/SLICE_455
ROUTE         3     0.974      R4C12C.F0 to      R3C10C.D0 system/bus/acknowledge_4dup
CTOF_DEL    ---     0.495      R3C10C.D0 to      R3C10C.F0 system/SLICE_454
ROUTE         4     0.453      R3C10C.F0 to      R3C10C.C1 system/acknowledgedup
CTOF_DEL    ---     0.495      R3C10C.C1 to      R3C10C.F1 system/SLICE_454
ROUTE         7     1.195      R3C10C.F1 to       R4C4C.D1 system/cpu/engine/un1_bus_fault_2dup
CTOF_DEL    ---     0.495       R4C4C.D1 to       R4C4C.F1 system/cpu/engine/SLICE_636
ROUTE         3     1.003       R4C4C.F1 to       R4C2D.A1 system/cpu/engine/fault_redirectdup
CTOF_DEL    ---     0.495       R4C2D.A1 to       R4C2D.F1 system/cpu/engine/seq/SLICE_504
ROUTE        10     1.045       R4C2D.F1 to       R4C2B.B1 system/cpu/engine/seq/next_address_10_sqmuxa
CTOF_DEL    ---     0.495       R4C2B.B1 to       R4C2B.F1 system/cpu/engine/seq/SLICE_651
ROUTE         1     0.744       R4C2B.F1 to       R4C3C.C1 system/cpu/engine/seq/next_address_1_iv_1_1[7]
CTOF_DEL    ---     0.495       R4C3C.C1 to       R4C3C.F1 system/cpu/engine/seq/SLICE_511
ROUTE         1     0.436       R4C3C.F1 to       R4C3C.C0 system/cpu/engine/seq/next_address_1_iv_1[7]
CTOF_DEL    ---     0.495       R4C3C.C0 to       R4C3C.F0 system/cpu/engine/seq/SLICE_511
ROUTE         1     1.023       R4C3C.F0 to       R5C3D.B0 system/cpu/engine/seq/next_address_1_iv_3[7]
CTOF_DEL    ---     0.495       R5C3D.B0 to       R5C3D.F0 system/cpu/engine/seq/SLICE_495
ROUTE         1     0.626       R5C3D.F0 to       R5C3A.D1 system/cpu/engine/seq/next_address_1_iv_5[7]
CTOF_DEL    ---     0.495       R5C3A.D1 to       R5C3A.F1 system/cpu/engine/seq/SLICE_184
ROUTE         5     1.771       R5C3A.F1 to EBR_R6C7.ADA10 system/cpu/engine/next_address[7] (to clk)
                  --------
                   32.148   (43.2% logic, 56.8% route), 19 logic levels.

 Clock Skew Details: 

      Source Clock Path oscillator to system/cpu/engine/rom/lane_2:

   Name    Fanout   Delay (ns)          Site               Resource
ROUTE       249     3.714        OSC.OSC to  EBR_R6C7.CLKA clk
                  --------
                    3.714   (0.0% logic, 100.0% route), 0 logic levels.

      Destination Clock Path oscillator to system/cpu/engine/rom/lane_2:

   Name    Fanout   Delay (ns)          Site               Resource
ROUTE       249     3.714        OSC.OSC to  EBR_R6C7.CLKA clk
                  --------
                    3.714   (0.0% logic, 100.0% route), 0 logic levels.


Passed: The following path meets requirements by 1.707ns

 Logical Details:  Cell type  Pin type       Cell/ASIC name  (clock net +/-)

   Source:         DP8KC      Port           system/cpu/engine/rom/lane_2(ASIC)  (from clk +)
   Destination:    DP8KC      Port           system/cpu/engine/rom/lane_3(ASIC)  (to clk +)

   Delay:              32.148ns  (43.2% logic, 56.8% route), 19 logic levels.

 Constraint Details:

     32.148ns physical path delay system/cpu/engine/rom/lane_2 to system/cpu/engine/rom/lane_3 meets
     33.829ns delay constraint less
      0.000ns skew and
     -0.026ns ADDR_SET requirement (totaling 33.855ns) by 1.707ns

 Physical Path Details:

      Data path system/cpu/engine/rom/lane_2 to system/cpu/engine/rom/lane_3:

   Name    Fanout   Delay (ns)          Site               Resource
C2Q_DEL     ---     4.979  EBR_R6C7.CLKA to  EBR_R6C7.DOA8 system/cpu/engine/rom/lane_2 (from clk)
ROUTE         4     1.603  EBR_R6C7.DOA8 to      R5C12C.D0 system/cpu/engine/a_select_2[0]
CTOF_DEL    ---     0.495      R5C12C.D0 to      R5C12C.F0 system/cpu/engine/SLICE_665
ROUTE         1     0.958      R5C12C.F0 to      R3C12A.D1 system/cpu/engine/un6_select_register[1]
CTOF_DEL    ---     0.495      R3C12A.D1 to      R3C12A.F1 system/cpu/engine/SLICE_521
ROUTE        18     1.497      R3C12A.F1 to      R3C11B.B1 system/cpu/engine/un9_d_axb1
CTOF_DEL    ---     0.495      R3C11B.B1 to      R3C11B.F1 system/cpu/engine/SLICE_43
ROUTE        11     1.187      R3C11B.F1 to      R3C10D.C1 system/address[15]
CTOF_DEL    ---     0.495      R3C10D.C1 to      R3C10D.F1 system/bus/SLICE_445
ROUTE        18     0.664      R3C10D.F1 to      R3C11D.D1 system/bus/io_page
CTOF_DEL    ---     0.495      R3C11D.D1 to      R3C11D.F1 system/bus/SLICE_466
ROUTE         4     0.975      R3C11D.F1 to      R4C10A.D1 system/bus/service_dma_selected_0
CTOF_DEL    ---     0.495      R4C10A.D1 to      R4C10A.F1 system/bus/SLICE_381
ROUTE        16     1.008      R4C10A.F1 to      R4C10D.A0 system/bus/service_dma_selecteddup
CTOF_DEL    ---     0.495      R4C10D.A0 to      R4C10D.F0 system/bus/SLICE_458
ROUTE         5     0.652      R4C10D.F0 to      R4C12C.D1 system/bus/rk_ds_selecteddup
CTOF_DEL    ---     0.495      R4C12C.D1 to      R4C12C.F1 system/bus/SLICE_455
ROUTE         2     0.445      R4C12C.F1 to      R4C12C.C0 system/bus/rk_fixed_selecteddup
CTOF_DEL    ---     0.495      R4C12C.C0 to      R4C12C.F0 system/bus/SLICE_455
ROUTE         3     0.974      R4C12C.F0 to      R3C10C.D0 system/bus/acknowledge_4dup
CTOF_DEL    ---     0.495      R3C10C.D0 to      R3C10C.F0 system/SLICE_454
ROUTE         4     0.453      R3C10C.F0 to      R3C10C.C1 system/acknowledgedup
CTOF_DEL    ---     0.495      R3C10C.C1 to      R3C10C.F1 system/SLICE_454
ROUTE         7     1.195      R3C10C.F1 to       R4C4C.D1 system/cpu/engine/un1_bus_fault_2dup
CTOF_DEL    ---     0.495       R4C4C.D1 to       R4C4C.F1 system/cpu/engine/SLICE_636
ROUTE         3     1.003       R4C4C.F1 to       R4C2D.A1 system/cpu/engine/fault_redirectdup
CTOF_DEL    ---     0.495       R4C2D.A1 to       R4C2D.F1 system/cpu/engine/seq/SLICE_504
ROUTE        10     1.045       R4C2D.F1 to       R4C2B.B1 system/cpu/engine/seq/next_address_10_sqmuxa
CTOF_DEL    ---     0.495       R4C2B.B1 to       R4C2B.F1 system/cpu/engine/seq/SLICE_651
ROUTE         1     0.744       R4C2B.F1 to       R4C3C.C1 system/cpu/engine/seq/next_address_1_iv_1_1[7]
CTOF_DEL    ---     0.495       R4C3C.C1 to       R4C3C.F1 system/cpu/engine/seq/SLICE_511
ROUTE         1     0.436       R4C3C.F1 to       R4C3C.C0 system/cpu/engine/seq/next_address_1_iv_1[7]
CTOF_DEL    ---     0.495       R4C3C.C0 to       R4C3C.F0 system/cpu/engine/seq/SLICE_511
ROUTE         1     1.023       R4C3C.F0 to       R5C3D.B0 system/cpu/engine/seq/next_address_1_iv_3[7]
CTOF_DEL    ---     0.495       R5C3D.B0 to       R5C3D.F0 system/cpu/engine/seq/SLICE_495
ROUTE         1     0.626       R5C3D.F0 to       R5C3A.D1 system/cpu/engine/seq/next_address_1_iv_5[7]
CTOF_DEL    ---     0.495       R5C3A.D1 to       R5C3A.F1 system/cpu/engine/seq/SLICE_184
ROUTE         5     1.771       R5C3A.F1 to *R_R6C10.ADA10 system/cpu/engine/next_address[7] (to clk)
                  --------
                   32.148   (43.2% logic, 56.8% route), 19 logic levels.

 Clock Skew Details: 

      Source Clock Path oscillator to system/cpu/engine/rom/lane_2:

   Name    Fanout   Delay (ns)          Site               Resource
ROUTE       249     3.714        OSC.OSC to  EBR_R6C7.CLKA clk
                  --------
                    3.714   (0.0% logic, 100.0% route), 0 logic levels.

      Destination Clock Path oscillator to system/cpu/engine/rom/lane_3:

   Name    Fanout   Delay (ns)          Site               Resource
ROUTE       249     3.714        OSC.OSC to EBR_R6C10.CLKA clk
                  --------
                    3.714   (0.0% logic, 100.0% route), 0 logic levels.


Passed: The following path meets requirements by 1.718ns

 Logical Details:  Cell type  Pin type       Cell/ASIC name  (clock net +/-)

   Source:         DP8KC      Port           system/cpu/engine/rom/lane_2(ASIC)  (from clk +)
   Destination:    DP8KC      Port           system/cpu/engine/rom/lane_3(ASIC)  (to clk +)

   Delay:              32.137ns  (43.2% logic, 56.8% route), 19 logic levels.

 Constraint Details:

     32.137ns physical path delay system/cpu/engine/rom/lane_2 to system/cpu/engine/rom/lane_3 meets
     33.829ns delay constraint less
      0.000ns skew and
     -0.026ns ADDR_SET requirement (totaling 33.855ns) by 1.718ns

 Physical Path Details:

      Data path system/cpu/engine/rom/lane_2 to system/cpu/engine/rom/lane_3:

   Name    Fanout   Delay (ns)          Site               Resource
C2Q_DEL     ---     4.979  EBR_R6C7.CLKA to  EBR_R6C7.DOA8 system/cpu/engine/rom/lane_2 (from clk)
ROUTE         4     1.603  EBR_R6C7.DOA8 to      R5C12C.D0 system/cpu/engine/a_select_2[0]
CTOF_DEL    ---     0.495      R5C12C.D0 to      R5C12C.F0 system/cpu/engine/SLICE_665
ROUTE         1     0.958      R5C12C.F0 to      R3C12A.D1 system/cpu/engine/un6_select_register[1]
CTOF_DEL    ---     0.495      R3C12A.D1 to      R3C12A.F1 system/cpu/engine/SLICE_521
ROUTE        18     1.497      R3C12A.F1 to      R3C11B.B1 system/cpu/engine/un9_d_axb1
CTOF_DEL    ---     0.495      R3C11B.B1 to      R3C11B.F1 system/cpu/engine/SLICE_43
ROUTE        11     1.187      R3C11B.F1 to      R3C10D.C1 system/address[15]
CTOF_DEL    ---     0.495      R3C10D.C1 to      R3C10D.F1 system/bus/SLICE_445
ROUTE        18     0.664      R3C10D.F1 to      R3C11D.D1 system/bus/io_page
CTOF_DEL    ---     0.495      R3C11D.D1 to      R3C11D.F1 system/bus/SLICE_466
ROUTE         4     0.975      R3C11D.F1 to      R4C10A.D1 system/bus/service_dma_selected_0
CTOF_DEL    ---     0.495      R4C10A.D1 to      R4C10A.F1 system/bus/SLICE_381
ROUTE        16     1.008      R4C10A.F1 to      R4C10D.A0 system/bus/service_dma_selecteddup
CTOF_DEL    ---     0.495      R4C10D.A0 to      R4C10D.F0 system/bus/SLICE_458
ROUTE         5     0.652      R4C10D.F0 to      R4C12C.D1 system/bus/rk_ds_selecteddup
CTOF_DEL    ---     0.495      R4C12C.D1 to      R4C12C.F1 system/bus/SLICE_455
ROUTE         2     0.445      R4C12C.F1 to      R4C12C.C0 system/bus/rk_fixed_selecteddup
CTOF_DEL    ---     0.495      R4C12C.C0 to      R4C12C.F0 system/bus/SLICE_455
ROUTE         3     0.974      R4C12C.F0 to      R3C10C.D0 system/bus/acknowledge_4dup
CTOF_DEL    ---     0.495      R3C10C.D0 to      R3C10C.F0 system/SLICE_454
ROUTE         4     0.453      R3C10C.F0 to      R3C10C.C1 system/acknowledgedup
CTOF_DEL    ---     0.495      R3C10C.C1 to      R3C10C.F1 system/SLICE_454
ROUTE         7     1.195      R3C10C.F1 to       R4C4C.D1 system/cpu/engine/un1_bus_fault_2dup
CTOF_DEL    ---     0.495       R4C4C.D1 to       R4C4C.F1 system/cpu/engine/SLICE_636
ROUTE         3     1.003       R4C4C.F1 to       R4C2D.A1 system/cpu/engine/fault_redirectdup
CTOF_DEL    ---     0.495       R4C2D.A1 to       R4C2D.F1 system/cpu/engine/seq/SLICE_504
ROUTE        10     1.113       R4C2D.F1 to       R2C4A.D1 system/cpu/engine/seq/next_address_10_sqmuxa
CTOF_DEL    ---     0.495       R2C4A.D1 to       R2C4A.F1 system/cpu/engine/seq/SLICE_626
ROUTE         1     0.626       R2C4A.F1 to       R2C4C.D1 system/cpu/engine/seq/next_address_1_iv_1_1[6]
CTOF_DEL    ---     0.495       R2C4C.D1 to       R2C4C.F1 system/cpu/engine/seq/SLICE_508
ROUTE         1     0.436       R2C4C.F1 to       R2C4C.C0 system/cpu/engine/seq/next_address_1_iv_1[6]
CTOF_DEL    ---     0.495       R2C4C.C0 to       R2C4C.F0 system/cpu/engine/seq/SLICE_508
ROUTE         1     0.744       R2C4C.F0 to       R2C3C.C0 system/cpu/engine/seq/next_address_1_iv_3[6]
CTOF_DEL    ---     0.495       R2C3C.C0 to       R2C3C.F0 system/cpu/engine/seq/SLICE_493
ROUTE         1     0.958       R2C3C.F0 to       R5C3A.D0 system/cpu/engine/seq/next_address_1_iv_5[6]
CTOF_DEL    ---     0.495       R5C3A.D0 to       R5C3A.F0 system/cpu/engine/seq/SLICE_184
ROUTE         5     1.757       R5C3A.F0 to EBR_R6C10.ADA9 system/cpu/engine/next_address[6] (to clk)
                  --------
                   32.137   (43.2% logic, 56.8% route), 19 logic levels.

 Clock Skew Details: 

      Source Clock Path oscillator to system/cpu/engine/rom/lane_2:

   Name    Fanout   Delay (ns)          Site               Resource
ROUTE       249     3.714        OSC.OSC to  EBR_R6C7.CLKA clk
                  --------
                    3.714   (0.0% logic, 100.0% route), 0 logic levels.

      Destination Clock Path oscillator to system/cpu/engine/rom/lane_3:

   Name    Fanout   Delay (ns)          Site               Resource
ROUTE       249     3.714        OSC.OSC to EBR_R6C10.CLKA clk
                  --------
                    3.714   (0.0% logic, 100.0% route), 0 logic levels.


Passed: The following path meets requirements by 1.728ns

 Logical Details:  Cell type  Pin type       Cell/ASIC name  (clock net +/-)

   Source:         DP8KC      Port           system/cpu/engine/rom/lane_2(ASIC)  (from clk +)
   Destination:    FF         Data in        system/bus/rk_irq_pending  (to clk +)

   Delay:              31.646ns  (45.5% logic, 54.5% route), 20 logic levels.

 Constraint Details:

     31.646ns physical path delay system/cpu/engine/rom/lane_2 to system/bus/SLICE_248 meets
     33.829ns delay constraint less
      0.173ns skew and
      0.282ns CE_SET requirement (totaling 33.374ns) by 1.728ns

 Physical Path Details:

      Data path system/cpu/engine/rom/lane_2 to system/bus/SLICE_248:

   Name    Fanout   Delay (ns)          Site               Resource
C2Q_DEL     ---     4.979  EBR_R6C7.CLKA to  EBR_R6C7.DOA8 system/cpu/engine/rom/lane_2 (from clk)
ROUTE         4     1.603  EBR_R6C7.DOA8 to      R5C12C.D0 system/cpu/engine/a_select_2[0]
CTOF_DEL    ---     0.495      R5C12C.D0 to      R5C12C.F0 system/cpu/engine/SLICE_665
ROUTE         1     0.958      R5C12C.F0 to      R3C12A.D1 system/cpu/engine/un6_select_register[1]
CTOF_DEL    ---     0.495      R3C12A.D1 to      R3C12A.F1 system/cpu/engine/SLICE_521
ROUTE        18     1.497      R3C12A.F1 to      R3C11B.B1 system/cpu/engine/un9_d_axb1
CTOF_DEL    ---     0.495      R3C11B.B1 to      R3C11B.F1 system/cpu/engine/SLICE_43
ROUTE        11     1.187      R3C11B.F1 to      R3C10D.C1 system/address[15]
CTOF_DEL    ---     0.495      R3C10D.C1 to      R3C10D.F1 system/bus/SLICE_445
ROUTE        18     0.664      R3C10D.F1 to      R3C11D.D1 system/bus/io_page
CTOF_DEL    ---     0.495      R3C11D.D1 to      R3C11D.F1 system/bus/SLICE_466
ROUTE         4     0.975      R3C11D.F1 to      R4C10A.D1 system/bus/service_dma_selected_0
CTOF_DEL    ---     0.495      R4C10A.D1 to      R4C10A.F1 system/bus/SLICE_381
ROUTE        16     1.008      R4C10A.F1 to      R4C10D.A0 system/bus/service_dma_selecteddup
CTOF_DEL    ---     0.495      R4C10D.A0 to      R4C10D.F0 system/bus/SLICE_458
ROUTE         5     0.652      R4C10D.F0 to      R4C12C.D1 system/bus/rk_ds_selecteddup
CTOF_DEL    ---     0.495      R4C12C.D1 to      R4C12C.F1 system/bus/SLICE_455
ROUTE         2     0.445      R4C12C.F1 to      R4C12C.C0 system/bus/rk_fixed_selecteddup
CTOF_DEL    ---     0.495      R4C12C.C0 to      R4C12C.F0 system/bus/SLICE_455
ROUTE         3     0.974      R4C12C.F0 to      R3C10C.D0 system/bus/acknowledge_4dup
CTOF_DEL    ---     0.495      R3C10C.D0 to      R3C10C.F0 system/SLICE_454
ROUTE         4     1.074      R3C10C.F0 to      R3C12B.D1 system/acknowledgedup
CTOF_DEL    ---     0.495      R3C12B.D1 to      R3C12B.F1 system/cpu/engine/SLICE_402
ROUTE         1     0.436      R3C12B.F1 to      R3C12B.C0 system/cpu/engine/acknowledgedup_0
CTOF_DEL    ---     0.495      R3C12B.C0 to      R3C12B.F0 system/cpu/engine/SLICE_402
ROUTE         1     0.626      R3C12B.F0 to      R3C12D.D1 system/cpu/engine/effective_ackdup
CTOF_DEL    ---     0.495      R3C12D.D1 to      R3C12D.F1 system/SLICE_95
ROUTE         1     1.079      R3C12D.F1 to      R4C11D.C0 system/cpu/engine/memory/un1_completedup
CTOF_DEL    ---     0.495      R4C11D.C0 to      R4C11D.F0 system/cpu/engine/SLICE_529
ROUTE         2     0.654      R4C11D.F0 to      R4C13B.D1 system/cpu/engine/un1_completedup_RNIHJ5JR
CTOF_DEL    ---     0.495      R4C13B.D1 to      R4C13B.F1 system/cpu/engine/SLICE_533
ROUTE         7     0.990      R4C13B.F1 to      R4C15D.D0 system/cpu/engine/stepdup
CTOF_DEL    ---     0.495      R4C15D.D0 to      R4C15D.F0 system/cpu/engine/SLICE_399
ROUTE         9     0.356      R4C15D.F0 to      R4C15C.D0 system/un1_uword_8_RNIVU0EF[0]
CTOF_DEL    ---     0.495      R4C15C.D0 to      R4C15C.F0 system/bus/SLICE_151
ROUTE         2     0.445      R4C15C.F0 to      R4C15C.C1 system/bus/rk_local_vector_ack18
CTOF_DEL    ---     0.495      R4C15C.C1 to      R4C15C.F1 system/bus/SLICE_151
ROUTE         1     0.986      R4C15C.F1 to      R4C14D.A0 system/bus/rk_irq_pending_1_sqmuxa
CTOF_DEL    ---     0.495      R4C14D.A0 to      R4C14D.F0 system/bus/SLICE_452
ROUTE         1     0.653      R4C14D.F0 to      R4C14A.CE system/bus/rk_irq_pending_en (to clk)
                  --------
                   31.646   (45.5% logic, 54.5% route), 20 logic levels.

 Clock Skew Details: 

      Source Clock Path oscillator to system/cpu/engine/rom/lane_2:

   Name    Fanout   Delay (ns)          Site               Resource
ROUTE       249     3.714        OSC.OSC to  EBR_R6C7.CLKA clk
                  --------
                    3.714   (0.0% logic, 100.0% route), 0 logic levels.

      Destination Clock Path oscillator to system/bus/SLICE_248:

   Name    Fanout   Delay (ns)          Site               Resource
ROUTE       249     3.541        OSC.OSC to     R4C14A.CLK clk
                  --------
                    3.541   (0.0% logic, 100.0% route), 0 logic levels.


Passed: The following path meets requirements by 1.845ns

 Logical Details:  Cell type  Pin type       Cell/ASIC name  (clock net +/-)

   Source:         DP8KC      Port           system/cpu/engine/rom/lane_2(ASIC)  (from clk +)
   Destination:    DP8KC      Port           system/cpu/engine/rom/lane_3(ASIC)  (to clk +)

   Delay:              32.010ns  (43.4% logic, 56.6% route), 19 logic levels.

 Constraint Details:

     32.010ns physical path delay system/cpu/engine/rom/lane_2 to system/cpu/engine/rom/lane_3 meets
     33.829ns delay constraint less
      0.000ns skew and
     -0.026ns ADDR_SET requirement (totaling 33.855ns) by 1.845ns

 Physical Path Details:

      Data path system/cpu/engine/rom/lane_2 to system/cpu/engine/rom/lane_3:

   Name    Fanout   Delay (ns)          Site               Resource
C2Q_DEL     ---     4.979  EBR_R6C7.CLKA to  EBR_R6C7.DOA8 system/cpu/engine/rom/lane_2 (from clk)
ROUTE         4     1.603  EBR_R6C7.DOA8 to      R5C12C.D0 system/cpu/engine/a_select_2[0]
CTOF_DEL    ---     0.495      R5C12C.D0 to      R5C12C.F0 system/cpu/engine/SLICE_665
ROUTE         1     0.958      R5C12C.F0 to      R3C12A.D1 system/cpu/engine/un6_select_register[1]
CTOF_DEL    ---     0.495      R3C12A.D1 to      R3C12A.F1 system/cpu/engine/SLICE_521
ROUTE        18     1.497      R3C12A.F1 to      R3C11B.B1 system/cpu/engine/un9_d_axb1
CTOF_DEL    ---     0.495      R3C11B.B1 to      R3C11B.F1 system/cpu/engine/SLICE_43
ROUTE        11     1.187      R3C11B.F1 to      R3C10D.C1 system/address[15]
CTOF_DEL    ---     0.495      R3C10D.C1 to      R3C10D.F1 system/bus/SLICE_445
ROUTE        18     0.664      R3C10D.F1 to      R3C11D.D1 system/bus/io_page
CTOF_DEL    ---     0.495      R3C11D.D1 to      R3C11D.F1 system/bus/SLICE_466
ROUTE         4     0.975      R3C11D.F1 to      R4C10A.D1 system/bus/service_dma_selected_0
CTOF_DEL    ---     0.495      R4C10A.D1 to      R4C10A.F1 system/bus/SLICE_381
ROUTE        16     0.820      R4C10A.F1 to      R4C12A.C1 system/bus/service_dma_selecteddup
CTOF_DEL    ---     0.495      R4C12A.C1 to      R4C12A.F1 system/bus/SLICE_438
ROUTE         3     0.665      R4C12A.F1 to      R4C12C.A1 system/bus/rk_cs1_selecteddup
CTOF_DEL    ---     0.495      R4C12C.A1 to      R4C12C.F1 system/bus/SLICE_455
ROUTE         2     0.445      R4C12C.F1 to      R4C12C.C0 system/bus/rk_fixed_selecteddup
CTOF_DEL    ---     0.495      R4C12C.C0 to      R4C12C.F0 system/bus/SLICE_455
ROUTE         3     0.974      R4C12C.F0 to      R3C10C.D0 system/bus/acknowledge_4dup
CTOF_DEL    ---     0.495      R3C10C.D0 to      R3C10C.F0 system/SLICE_454
ROUTE         4     0.453      R3C10C.F0 to      R3C10C.C1 system/acknowledgedup
CTOF_DEL    ---     0.495      R3C10C.C1 to      R3C10C.F1 system/SLICE_454
ROUTE         7     1.195      R3C10C.F1 to       R4C4C.D1 system/cpu/engine/un1_bus_fault_2dup
CTOF_DEL    ---     0.495       R4C4C.D1 to       R4C4C.F1 system/cpu/engine/SLICE_636
ROUTE         3     0.761       R4C4C.F1 to       R4C3A.C1 system/cpu/engine/fault_redirectdup
CTOF_DEL    ---     0.495       R4C3A.C1 to       R4C3A.F1 system/cpu/engine/seq/SLICE_516
ROUTE         9     1.403       R4C3A.F1 to       R2C4A.B1 system/cpu/engine/seq/next_address_7_sqmuxa
CTOF_DEL    ---     0.495       R2C4A.B1 to       R2C4A.F1 system/cpu/engine/seq/SLICE_626
ROUTE         1     0.626       R2C4A.F1 to       R2C4C.D1 system/cpu/engine/seq/next_address_1_iv_1_1[6]
CTOF_DEL    ---     0.495       R2C4C.D1 to       R2C4C.F1 system/cpu/engine/seq/SLICE_508
ROUTE         1     0.436       R2C4C.F1 to       R2C4C.C0 system/cpu/engine/seq/next_address_1_iv_1[6]
CTOF_DEL    ---     0.495       R2C4C.C0 to       R2C4C.F0 system/cpu/engine/seq/SLICE_508
ROUTE         1     0.744       R2C4C.F0 to       R2C3C.C0 system/cpu/engine/seq/next_address_1_iv_3[6]
CTOF_DEL    ---     0.495       R2C3C.C0 to       R2C3C.F0 system/cpu/engine/seq/SLICE_493
ROUTE         1     0.958       R2C3C.F0 to       R5C3A.D0 system/cpu/engine/seq/next_address_1_iv_5[6]
CTOF_DEL    ---     0.495       R5C3A.D0 to       R5C3A.F0 system/cpu/engine/seq/SLICE_184
ROUTE         5     1.757       R5C3A.F0 to EBR_R6C10.ADA9 system/cpu/engine/next_address[6] (to clk)
                  --------
                   32.010   (43.4% logic, 56.6% route), 19 logic levels.

 Clock Skew Details: 

      Source Clock Path oscillator to system/cpu/engine/rom/lane_2:

   Name    Fanout   Delay (ns)          Site               Resource
ROUTE       249     3.714        OSC.OSC to  EBR_R6C7.CLKA clk
                  --------
                    3.714   (0.0% logic, 100.0% route), 0 logic levels.

      Destination Clock Path oscillator to system/cpu/engine/rom/lane_3:

   Name    Fanout   Delay (ns)          Site               Resource
ROUTE       249     3.714        OSC.OSC to EBR_R6C10.CLKA clk
                  --------
                    3.714   (0.0% logic, 100.0% route), 0 logic levels.


Passed: The following path meets requirements by 1.846ns

 Logical Details:  Cell type  Pin type       Cell/ASIC name  (clock net +/-)

   Source:         DP8KC      Port           system/cpu/engine/rom/lane_2(ASIC)  (from clk +)
   Destination:    FF         Data in        system/bus/fixed_uart.console/tx_irq_o  (to clk +)

   Delay:              31.528ns  (44.1% logic, 55.9% route), 19 logic levels.

 Constraint Details:

     31.528ns physical path delay system/cpu/engine/rom/lane_2 to system/SLICE_179 meets
     33.829ns delay constraint less
      0.173ns skew and
      0.282ns CE_SET requirement (totaling 33.374ns) by 1.846ns

 Physical Path Details:

      Data path system/cpu/engine/rom/lane_2 to system/SLICE_179:

   Name    Fanout   Delay (ns)          Site               Resource
C2Q_DEL     ---     4.979  EBR_R6C7.CLKA to  EBR_R6C7.DOA8 system/cpu/engine/rom/lane_2 (from clk)
ROUTE         4     1.603  EBR_R6C7.DOA8 to      R5C12C.D0 system/cpu/engine/a_select_2[0]
CTOF_DEL    ---     0.495      R5C12C.D0 to      R5C12C.F0 system/cpu/engine/SLICE_665
ROUTE         1     0.958      R5C12C.F0 to      R3C12A.D1 system/cpu/engine/un6_select_register[1]
CTOF_DEL    ---     0.495      R3C12A.D1 to      R3C12A.F1 system/cpu/engine/SLICE_521
ROUTE        18     1.497      R3C12A.F1 to      R3C11B.B1 system/cpu/engine/un9_d_axb1
CTOF_DEL    ---     0.495      R3C11B.B1 to      R3C11B.F1 system/cpu/engine/SLICE_43
ROUTE        11     1.187      R3C11B.F1 to      R3C10D.C1 system/address[15]
CTOF_DEL    ---     0.495      R3C10D.C1 to      R3C10D.F1 system/bus/SLICE_445
ROUTE        18     0.664      R3C10D.F1 to      R3C11D.D1 system/bus/io_page
CTOF_DEL    ---     0.495      R3C11D.D1 to      R3C11D.F1 system/bus/SLICE_466
ROUTE         4     0.975      R3C11D.F1 to      R4C10A.D1 system/bus/service_dma_selected_0
CTOF_DEL    ---     0.495      R4C10A.D1 to      R4C10A.F1 system/bus/SLICE_381
ROUTE        16     1.008      R4C10A.F1 to      R4C10D.A0 system/bus/service_dma_selecteddup
CTOF_DEL    ---     0.495      R4C10D.A0 to      R4C10D.F0 system/bus/SLICE_458
ROUTE         5     0.652      R4C10D.F0 to      R4C12C.D1 system/bus/rk_ds_selecteddup
CTOF_DEL    ---     0.495      R4C12C.D1 to      R4C12C.F1 system/bus/SLICE_455
ROUTE         2     0.445      R4C12C.F1 to      R4C12C.C0 system/bus/rk_fixed_selecteddup
CTOF_DEL    ---     0.495      R4C12C.C0 to      R4C12C.F0 system/bus/SLICE_455
ROUTE         3     0.974      R4C12C.F0 to      R3C10C.D0 system/bus/acknowledge_4dup
CTOF_DEL    ---     0.495      R3C10C.D0 to      R3C10C.F0 system/SLICE_454
ROUTE         4     1.074      R3C10C.F0 to      R3C12B.D1 system/acknowledgedup
CTOF_DEL    ---     0.495      R3C12B.D1 to      R3C12B.F1 system/cpu/engine/SLICE_402
ROUTE         1     0.436      R3C12B.F1 to      R3C12B.C0 system/cpu/engine/acknowledgedup_0
CTOF_DEL    ---     0.495      R3C12B.C0 to      R3C12B.F0 system/cpu/engine/SLICE_402
ROUTE         1     0.626      R3C12B.F0 to      R3C12D.D1 system/cpu/engine/effective_ackdup
CTOF_DEL    ---     0.495      R3C12D.D1 to      R3C12D.F1 system/SLICE_95
ROUTE         1     1.079      R3C12D.F1 to      R4C11D.C0 system/cpu/engine/memory/un1_completedup
CTOF_DEL    ---     0.495      R4C11D.C0 to      R4C11D.F0 system/cpu/engine/SLICE_529
ROUTE         2     0.654      R4C11D.F0 to      R4C13B.D1 system/cpu/engine/un1_completedup_RNIHJ5JR
CTOF_DEL    ---     0.495      R4C13B.D1 to      R4C13B.F1 system/cpu/engine/SLICE_533
ROUTE         7     0.990      R4C13B.F1 to      R4C15D.D0 system/cpu/engine/stepdup
CTOF_DEL    ---     0.495      R4C15D.D0 to      R4C15D.F0 system/cpu/engine/SLICE_399
ROUTE         9     1.133      R4C15D.F0 to      R5C13A.D1 system/un1_uword_8_RNIVU0EF[0]
CTOF_DEL    ---     0.495      R5C13A.D1 to      R5C13A.F1 system/bus/SLICE_413
ROUTE         2     0.635      R5C13A.F1 to      R5C13A.D0 system/bus/tx_irq_ack
CTOF_DEL    ---     0.495      R5C13A.D0 to      R5C13A.F0 system/bus/SLICE_413
ROUTE         1     1.049      R5C13A.F0 to      R7C13C.CE system/bus/fixed_uart.console/un1_tx_ack_i_1_i (to clk)
                  --------
                   31.528   (44.1% logic, 55.9% route), 19 logic levels.

 Clock Skew Details: 

      Source Clock Path oscillator to system/cpu/engine/rom/lane_2:

   Name    Fanout   Delay (ns)          Site               Resource
ROUTE       249     3.714        OSC.OSC to  EBR_R6C7.CLKA clk
                  --------
                    3.714   (0.0% logic, 100.0% route), 0 logic levels.

      Destination Clock Path oscillator to system/SLICE_179:

   Name    Fanout   Delay (ns)          Site               Resource
ROUTE       249     3.541        OSC.OSC to     R7C13C.CLK clk
                  --------
                    3.541   (0.0% logic, 100.0% route), 0 logic levels.

Report:   30.837MHz is the maximum frequency for this preference.


================================================================================
Preference: Unconstrained: CLOCK_DOMAIN
            0 unconstrained paths found
--------------------------------------------------------------------------------


================================================================================
Preference: Unconstrained: INPUT_SETUP
            8 unconstrained paths found
--------------------------------------------------------------------------------

Unconstrained Preference:
   INPUT_SETUP PORT "res" CLKNET "clk" 

Report:    4.536ns delay res to SLICE_485 (3.803ns delay and 0.733ns setup)

   Name    Fanout   Delay (ns)          Site               Resource
PADI_DEL    ---     1.132          4.PAD to        4.PADDI res
ROUTE         1     2.671        4.PADDI to     R7C12D.LSR res_c (to clk)
                  --------
                    3.803   (29.8% logic, 70.2% route), 1 logic levels.

Unconstrained Preference:
   INPUT_SETUP PORT "gpio_key_row[0]" CLKNET "clk" 

Report:    2.292ns delay gpio_key_row[0] to gpio_key_row[0]_MGIOL (1.697ns delay and 0.595ns setup)

   Name    Fanout   Delay (ns)          Site               Resource
PADI_DEL    ---     1.132         29.PAD to       29.PADDI gpio_key_row[0]
ROUTE         1     0.565       29.PADDI to    IOL_T11D.DI gpio_key_row_in[0] (to clk)
                  --------
                    1.697   (66.7% logic, 33.3% route), 1 logic levels.

Unconstrained Preference:
   INPUT_SETUP PORT "gpio_key_row[1]" CLKNET "clk" 

Report:    2.292ns delay gpio_key_row[1] to gpio_key_row[1]_MGIOL (1.697ns delay and 0.595ns setup)

   Name    Fanout   Delay (ns)          Site               Resource
PADI_DEL    ---     1.132         30.PAD to       30.PADDI gpio_key_row[1]
ROUTE         1     0.565       30.PADDI to    IOL_T11C.DI gpio_key_row_in[1] (to clk)
                  --------
                    1.697   (66.7% logic, 33.3% route), 1 logic levels.

Unconstrained Preference:
   INPUT_SETUP PORT "gpio_key_row[2]" CLKNET "clk" 

Report:    2.292ns delay gpio_key_row[2] to gpio_key_row[2]_MGIOL (1.697ns delay and 0.595ns setup)

   Name    Fanout   Delay (ns)          Site               Resource
PADI_DEL    ---     1.132         32.PAD to       32.PADDI gpio_key_row[2]
ROUTE         1     0.565       32.PADDI to    IOL_T10D.DI gpio_key_row_in[2] (to clk)
                  --------
                    1.697   (66.7% logic, 33.3% route), 1 logic levels.

Unconstrained Preference:
   INPUT_SETUP PORT "gpio_key_row[3]" CLKNET "clk" 

Report:    2.292ns delay gpio_key_row[3] to gpio_key_row[3]_MGIOL (1.697ns delay and 0.595ns setup)

   Name    Fanout   Delay (ns)          Site               Resource
PADI_DEL    ---     1.132          1.PAD to        1.PADDI gpio_key_row[3]
ROUTE         1     0.565        1.PADDI to    IOL_T10C.DI gpio_key_row_in[3] (to clk)
                  --------
                    1.697   (66.7% logic, 33.3% route), 1 logic levels.

Unconstrained Preference:
   INPUT_SETUP PORT "rx" CLKNET "clk" 

Report:    2.292ns delay rx to rx_MGIOL (1.697ns delay and 0.595ns setup)

   Name    Fanout   Delay (ns)          Site               Resource
PADI_DEL    ---     1.132         25.PAD to       25.PADDI rx
ROUTE         1     0.565       25.PADDI to    IOL_T15D.DI rx_c (to clk)
                  --------
                    1.697   (66.7% logic, 33.3% route), 1 logic levels.

Unconstrained Preference:
   INPUT_SETUP PORT "sd_miso" CLKNET "clk" 

Report:    2.292ns delay sd_miso to sd_miso_MGIOL (1.697ns delay and 0.595ns setup)

   Name    Fanout   Delay (ns)          Site               Resource
PADI_DEL    ---     1.132         28.PAD to       28.PADDI sd_miso
ROUTE         1     0.565       28.PADDI to    IOL_T12C.DI sd_miso_c (to clk)
                  --------
                    1.697   (66.7% logic, 33.3% route), 1 logic levels.

Unconstrained Preference:
   INPUT_SETUP PORT "gpio_miso" CLKNET "clk" 

Report:    2.111ns delay gpio_miso to gpio_miso_MGIOL (1.516ns delay and 0.595ns setup)

   Name    Fanout   Delay (ns)          Site               Resource
PADI_DEL    ---     1.132         10.PAD to       10.PADDI gpio_miso
ROUTE         1     0.384       10.PADDI to     IOL_B6D.DI gpio_miso_c (to clk)
                  --------
                    1.516   (74.7% logic, 25.3% route), 1 logic levels.


================================================================================
Preference: Unconstrained: CLOCK_TO_OUT
            18 unconstrained paths found
--------------------------------------------------------------------------------

Unconstrained Preference:
   CLOCK_TO_OUT PORT "tx" CLKNET "clk" 

Report:    8.070ns delay system/bus/SLICE_413 to tx

   Name    Fanout   Delay (ns)          Site               Resource
REG_DEL     ---     0.452     R5C13A.CLK to      R5C13A.Q0 system/bus/SLICE_413 (from clk)
ROUTE         2     2.307      R5C13A.Q0 to      R5C20C.A1 system/bus/fixed_uart.console/tx_break
CTOF_DEL    ---     0.495      R5C20C.A1 to      R5C20C.F1 system/bus/fixed_uart.console/SLICE_118
ROUTE         1     2.019      R5C20C.F1 to       23.PADDO tx_c
DOPAD_DEL   ---     2.797       23.PADDO to         23.PAD tx
                  --------
                    8.070   (46.4% logic, 53.6% route), 3 logic levels.

Unconstrained Preference:
   CLOCK_TO_OUT PORT "tx" CLKNET "clk" 

Report:    7.901ns delay system/bus/fixed_uart.console/SLICE_105 to tx

   Name    Fanout   Delay (ns)          Site               Resource
REG_DEL     ---     0.452     R8C20D.CLK to      R8C20D.Q0 system/bus/fixed_uart.console/SLICE_105 (from clk)
ROUTE        20     2.138      R8C20D.Q0 to      R5C20C.D1 system/bus/fixed_uart.console/tx_busy
CTOF_DEL    ---     0.495      R5C20C.D1 to      R5C20C.F1 system/bus/fixed_uart.console/SLICE_118
ROUTE         1     2.019      R5C20C.F1 to       23.PADDO tx_c
DOPAD_DEL   ---     2.797       23.PADDO to         23.PAD tx
                  --------
                    7.901   (47.4% logic, 52.6% route), 3 logic levels.

Unconstrained Preference:
   CLOCK_TO_OUT PORT "gpio_key_row[3]" CLKNET "clk" 

Report:    6.889ns delay system/SLICE_145 to gpio_key_row[3]

   Name    Fanout   Delay (ns)          Site               Resource
REG_DEL     ---     0.452     R5C16C.CLK to      R5C16C.Q0 system/SLICE_145 (from clk)
ROUTE         3     2.257      R5C16C.Q0 to        1.PADDT system/bus/host_miso_oe
TDTS_DEL    ---     4.180        1.PADDT to          1.PAD gpio_key_row[3]
                  --------
                    6.889   (67.2% logic, 32.8% route), 2 logic levels.

Unconstrained Preference:
   CLOCK_TO_OUT PORT "sd_cs_n" CLKNET "clk" 

Report:    6.853ns delay system/SLICE_68 to sd_cs_n

   Name    Fanout   Delay (ns)          Site               Resource
REG_DEL     ---     0.452     R4C17D.CLK to      R4C17D.Q0 system/SLICE_68 (from clk)
ROUTE         2     3.604      R4C17D.Q0 to        5.PADDO sd_cs_n_c
DOPAD_DEL   ---     2.797        5.PADDO to          5.PAD sd_cs_n
                  --------
                    6.853   (47.4% logic, 52.6% route), 2 logic levels.

Unconstrained Preference:
   CLOCK_TO_OUT PORT "sd_mosi" CLKNET "clk" 

Report:    6.576ns delay system/bus/byte_sd/SLICE_77 to sd_mosi

   Name    Fanout   Delay (ns)          Site               Resource
REG_DEL     ---     0.452     R2C20D.CLK to      R2C20D.Q0 system/bus/byte_sd/SLICE_77 (from clk)
ROUTE        22     1.209      R2C20D.Q0 to      R4C20C.D1 system/bus/byte_sd/busy
CTOF_DEL    ---     0.495      R4C20C.D1 to      R4C20C.F1 system/bus/byte_sd/SLICE_638
ROUTE         1     1.623      R4C20C.F1 to       21.PADDO sd_mosi_c
DOPAD_DEL   ---     2.797       21.PADDO to         21.PAD sd_mosi
                  --------
                    6.576   (56.9% logic, 43.1% route), 3 logic levels.

Unconstrained Preference:
   CLOCK_TO_OUT PORT "tx" CLKNET "clk" 

Report:    6.507ns delay system/bus/fixed_uart.console/SLICE_114 to tx

   Name    Fanout   Delay (ns)          Site               Resource
REG_DEL     ---     0.452     R5C21D.CLK to      R5C21D.Q0 system/bus/fixed_uart.console/SLICE_114 (from clk)
ROUTE         1     0.744      R5C21D.Q0 to      R5C20C.C1 system/bus/fixed_uart.console/tx_shift[0]
CTOF_DEL    ---     0.495      R5C20C.C1 to      R5C20C.F1 system/bus/fixed_uart.console/SLICE_118
ROUTE         1     2.019      R5C20C.F1 to       23.PADDO tx_c
DOPAD_DEL   ---     2.797       23.PADDO to         23.PAD tx
                  --------
                    6.507   (57.5% logic, 42.5% route), 3 logic levels.

Unconstrained Preference:
   CLOCK_TO_OUT PORT "sd_mosi" CLKNET "clk" 

Report:    6.446ns delay system/bus/byte_sd/SLICE_88 to sd_mosi

   Name    Fanout   Delay (ns)          Site               Resource
REG_DEL     ---     0.452     R5C19C.CLK to      R5C19C.Q1 system/bus/byte_sd/SLICE_88 (from clk)
ROUTE         1     1.079      R5C19C.Q1 to      R4C20C.C1 system/bus/byte_sd/tx_shift[7]
CTOF_DEL    ---     0.495      R4C20C.C1 to      R4C20C.F1 system/bus/byte_sd/SLICE_638
ROUTE         1     1.623      R4C20C.F1 to       21.PADDO sd_mosi_c
DOPAD_DEL   ---     2.797       21.PADDO to         21.PAD sd_mosi
                  --------
                    6.446   (58.1% logic, 41.9% route), 3 logic levels.

Unconstrained Preference:
   CLOCK_TO_OUT PORT "gpio_reg_latch" CLKNET "clk" 

Report:    5.912ns delay system/SLICE_64 to gpio_reg_latch

   Name    Fanout   Delay (ns)          Site               Resource
REG_DEL     ---     0.452     R9C15D.CLK to      R9C15D.Q0 system/SLICE_64 (from clk)
ROUTE         2     2.663      R9C15D.Q0 to       20.PADDO gpio_reg_latch_c
DOPAD_DEL   ---     2.797       20.PADDO to         20.PAD gpio_reg_latch
                  --------
                    5.912   (55.0% logic, 45.0% route), 2 logic levels.

Unconstrained Preference:
   CLOCK_TO_OUT PORT "gpio_msck" CLKNET "clk" 

Report:    5.749ns delay system/bus/guest_memory/SLICE_63 to gpio_msck

   Name    Fanout   Delay (ns)          Site               Resource
REG_DEL     ---     0.452    R10C15A.CLK to     R10C15A.Q0 system/bus/guest_memory/SLICE_63 (from clk)
ROUTE         4     2.500     R10C15A.Q0 to        9.PADDO gpio_msck_c
DOPAD_DEL   ---     2.797        9.PADDO to          9.PAD gpio_msck
                  --------
                    5.749   (56.5% logic, 43.5% route), 2 logic levels.

Unconstrained Preference:
   CLOCK_TO_OUT PORT "gpio_key_row[3]" CLKNET "clk" 

Report:    5.688ns delay system/SLICE_66 to gpio_key_row[3]

   Name    Fanout   Delay (ns)          Site               Resource
REG_DEL     ---     0.452     R7C15A.CLK to      R7C15A.Q0 system/SLICE_66 (from clk)
ROUTE         2     2.439      R7C15A.Q0 to        1.PADDO host_miso
DOPAD_DEL   ---     2.797        1.PADDO to          1.PAD gpio_key_row[3]
                  --------
                    5.688   (57.1% logic, 42.9% route), 2 logic levels.

Unconstrained Preference:
   CLOCK_TO_OUT PORT "sd_sck" CLKNET "clk" 

Report:    5.590ns delay system/bus/byte_sd/SLICE_69 to sd_sck

   Name    Fanout   Delay (ns)          Site               Resource
REG_DEL     ---     0.452     R3C20A.CLK to      R3C20A.Q0 system/bus/byte_sd/SLICE_69 (from clk)
ROUTE         7     2.341      R3C20A.Q0 to       27.PADDO sd_sck_c
DOPAD_DEL   ---     2.797       27.PADDO to         27.PAD sd_sck
                  --------
                    5.590   (58.1% logic, 41.9% route), 2 logic levels.

Unconstrained Preference:
   CLOCK_TO_OUT PORT "gpio_din" CLKNET "clk" 

Report:    5.404ns delay system/SLICE_62 to gpio_din

   Name    Fanout   Delay (ns)          Site               Resource
REG_DEL     ---     0.452     R9C16A.CLK to      R9C16A.Q0 system/SLICE_62 (from clk)
ROUTE         2     2.155      R9C16A.Q0 to       16.PADDO gpio_din_c
DOPAD_DEL   ---     2.797       16.PADDO to         16.PAD gpio_din
                  --------
                    5.404   (60.1% logic, 39.9% route), 2 logic levels.

Unconstrained Preference:
   CLOCK_TO_OUT PORT "gpio_ce" CLKNET "clk" 

Report:    5.234ns delay system/SLICE_60 to gpio_ce

   Name    Fanout   Delay (ns)          Site               Resource
REG_DEL     ---     0.452     R9C14A.CLK to      R9C14A.Q0 system/SLICE_60 (from clk)
ROUTE         3     1.985      R9C14A.Q0 to       14.PADDO gpio_ce_c
DOPAD_DEL   ---     2.797       14.PADDO to         14.PAD gpio_ce
                  --------
                    5.234   (62.1% logic, 37.9% route), 2 logic levels.

Unconstrained Preference:
   CLOCK_TO_OUT PORT "gpio_rs" CLKNET "clk" 

Report:    4.898ns delay system/SLICE_65 to gpio_rs

   Name    Fanout   Delay (ns)          Site               Resource
REG_DEL     ---     0.452     R9C13D.CLK to      R9C13D.Q0 system/SLICE_65 (from clk)
ROUTE         2     1.649      R9C13D.Q0 to       11.PADDO gpio_rs_c
DOPAD_DEL   ---     2.797       11.PADDO to         11.PAD gpio_rs
                  --------
                    4.898   (66.3% logic, 33.7% route), 2 logic levels.

Unconstrained Preference:
   CLOCK_TO_OUT PORT "gpio_clk" CLKNET "clk" 

Report:    4.898ns delay system/SLICE_61 to gpio_clk

   Name    Fanout   Delay (ns)          Site               Resource
REG_DEL     ---     0.452     R9C15B.CLK to      R9C15B.Q0 system/SLICE_61 (from clk)
ROUTE         2     1.649      R9C15B.Q0 to       12.PADDO gpio_clk_c
DOPAD_DEL   ---     2.797       12.PADDO to         12.PAD gpio_clk
                  --------
                    4.898   (66.3% logic, 33.7% route), 2 logic levels.

Unconstrained Preference:
   CLOCK_TO_OUT PORT "gpio_blank" CLKNET "clk" 

Report:    4.898ns delay system/SLICE_59 to gpio_blank

   Name    Fanout   Delay (ns)          Site               Resource
REG_DEL     ---     0.452     R9C14B.CLK to      R9C14B.Q0 system/SLICE_59 (from clk)
ROUTE         2     1.649      R9C14B.Q0 to       13.PADDO gpio_blank_c
DOPAD_DEL   ---     2.797       13.PADDO to         13.PAD gpio_blank
                  --------
                    4.898   (66.3% logic, 33.7% route), 2 logic levels.

Unconstrained Preference:
   CLOCK_TO_OUT PORT "gpio_mcs" CLKNET "clk" 

Report:    3.407ns delay gpio_mcs_MGIOL to gpio_mcs

   Name    Fanout   Delay (ns)          Site               Resource
C2OUT_DEL   ---     0.567    IOL_B4C.CLK to  IOL_B4C.IOLDO gpio_mcs_MGIOL (from clk)
ROUTE         1     0.043  IOL_B4C.IOLDO to        8.IOLDO gpio_mcs_c
OP0PAD_DEL  ---     2.797        8.IOLDO to          8.PAD gpio_mcs
                  --------
                    3.407   (98.7% logic, 1.3% route), 2 logic levels.

Unconstrained Preference:
   CLOCK_TO_OUT PORT "gpio_mosi" CLKNET "clk" 

Report:    3.407ns delay gpio_mosi_MGIOL to gpio_mosi

   Name    Fanout   Delay (ns)          Site               Resource
C2OUT_DEL   ---     0.567   IOL_B20D.CLK to IOL_B20D.IOLDO gpio_mosi_MGIOL (from clk)
ROUTE         1     0.043 IOL_B20D.IOLDO to       17.IOLDO gpio_mosi_c
OP0PAD_DEL  ---     2.797       17.IOLDO to         17.PAD gpio_mosi
                  --------
                    3.407   (98.7% logic, 1.3% route), 2 logic levels.


================================================================================
Preference: Unconstrained: MAXDELAY
            0 unconstrained paths found
--------------------------------------------------------------------------------

Report Summary
--------------
----------------------------------------------------------------------------
Preference                              |   Constraint|       Actual|Levels
----------------------------------------------------------------------------
                                        |             |             |
FREQUENCY NET "clk" 29.560000 MHz ;     |   29.560 MHz|   30.837 MHz|  19  
                                        |             |             |
----------------------------------------------------------------------------


All preferences were met.


Clock Domains Analysis
------------------------

Found 1 clocks:

Clock Domain: clk   Source: oscillator.OSC   Loads: 249
   Covered under: FREQUENCY NET "clk" 29.560000 MHz ;


--------------------------------------------------------------------------------
                Connections not covered by the preferences
--------------------------------------------------------------------------------

     Delay                        Element                 Net

    0.565ns pio_key_row[0].PADDI to _key_row[0]_MGIOL.DI gpio_key_row_in[0]
    0.565ns        sd_miso.PADDI to     sd_miso_MGIOL.DI sd_miso_c
    0.565ns             rx.PADDI to          rx_MGIOL.DI rx_c
    0.565ns pio_key_row[1].PADDI to _key_row[1]_MGIOL.DI gpio_key_row_in[1]
    0.565ns pio_key_row[2].PADDI to _key_row[2]_MGIOL.DI gpio_key_row_in[2]
    0.565ns pio_key_row[3].PADDI to _key_row[3]_MGIOL.DI gpio_key_row_in[3]
    0.384ns      gpio_miso.PADDI to   gpio_miso_MGIOL.DI gpio_miso_c
    2.671ns            res.PADDI to        SLICE_485.LSR res_c

--------------------------------------------------------------------------------


Timing summary (Setup):
---------------

Timing errors: 0  Score: 0
Cumulative negative slack: 0

Constraints cover 3710956 paths, 1 nets, and 5603 connections (99.86% coverage)

--------------------------------------------------------------------------------
Lattice TRACE Report - Hold, Version Diamond (64-bit) 3.14.0.75.2
Thu Sep 10 16:09:28 2026

Copyright (c) 1991-1994 by NeoCAD Inc. All rights reserved.
Copyright (c) 1995 AT&T Corp.   All rights reserved.
Copyright (c) 1995-2001 Lucent Technologies Inc.  All rights reserved.
Copyright (c) 2001 Agere Systems   All rights reserved.
Copyright (c) 2002-2024 Lattice Semiconductor Corporation,  All rights reserved.

Report Information
------------------
Command line:    trce -v 10 -c -u 0 -gt -sethld -sp 4 -sphld m -o cp40b_impl1.twr cp40b_impl1.ncd cp40b_impl1.prf 
Design file:     cp40b_impl1.ncd
Preference file: cp40b_impl1.prf
Device,speed:    LCMXO2-1200HC,m
Report level:    verbose report, limited to 10 items per preference
--------------------------------------------------------------------------------

BLOCK ASYNCPATHS
BLOCK RESETPATHS
--------------------------------------------------------------------------------



================================================================================
Preference: FREQUENCY NET "clk" 29.560000 MHz ;
            4096 items scored, 0 timing errors detected.
--------------------------------------------------------------------------------


Passed: The following path meets requirements by 0.292ns

 Logical Details:  Cell type  Pin type       Cell/ASIC name  (clock net +/-)

   Source:         Sync_RAM   Q              system/cpu/engine/dp/rf/words_ram_2/RAM1  (from clk +)
   Destination:    FF         Data in        system/cpu/engine/mmu_page[2]  (to clk +)

   Delay:               0.279ns  (98.9% logic, 1.1% route), 1 logic levels.

 Constraint Details:

      0.279ns physical path delay system/cpu/engine/SLICE_43 to system/cpu/engine/SLICE_43 meets
     -0.013ns DIN_HLD and
      0.000ns delay constraint less
      0.000ns skew requirement (totaling -0.013ns) by 0.292ns

 Physical Path Details:

      Data path system/cpu/engine/SLICE_43 to system/cpu/engine/SLICE_43:

   Name    Fanout   Delay (ns)          Site               Resource
CLKTOF_DEL  ---     0.276     R3C11B.WCK to      R3C11B.F1 system/cpu/engine/SLICE_43 (from clk)
ROUTE        11     0.003      R3C11B.F1 to     R3C11B.DI1 system/address[15] (to clk)
                  --------
                    0.279   (98.9% logic, 1.1% route), 1 logic levels.

 Clock Skew Details: 

      Source Clock Path oscillator to system/cpu/engine/SLICE_43:

   Name    Fanout   Delay (ns)          Site               Resource
ROUTE       249     1.216        OSC.OSC to     R3C11B.WCK clk
                  --------
                    1.216   (0.0% logic, 100.0% route), 0 logic levels.

      Destination Clock Path oscillator to system/cpu/engine/SLICE_43:

   Name    Fanout   Delay (ns)          Site               Resource
ROUTE       249     1.216        OSC.OSC to     R3C11B.CLK clk
                  --------
                    1.216   (0.0% logic, 100.0% route), 0 logic levels.


Passed: The following path meets requirements by 0.293ns

 Logical Details:  Cell type  Pin type       Cell/ASIC name  (clock net +/-)

   Source:         Sync_RAM   Q              system/cpu/engine/dp/rf/words_ram/RAM0  (from clk +)
   Destination:    FF         Data in        system/bus/boot_release_armed  (to clk +)

   Delay:               0.280ns  (98.6% logic, 1.4% route), 1 logic levels.

 Constraint Details:

      0.280ns physical path delay system/SLICE_39 to system/SLICE_39 meets
     -0.013ns DIN_HLD and
      0.000ns delay constraint less
      0.000ns skew requirement (totaling -0.013ns) by 0.293ns

 Physical Path Details:

      Data path system/SLICE_39 to system/SLICE_39:

   Name    Fanout   Delay (ns)          Site               Resource
CLKTOF_DEL  ---     0.276     R2C10A.WCK to      R2C10A.F1 system/SLICE_39 (from clk)
ROUTE        45     0.004      R2C10A.F1 to     R2C10A.DI1 system/address[1] (to clk)
                  --------
                    0.280   (98.6% logic, 1.4% route), 1 logic levels.

 Clock Skew Details: 

      Source Clock Path oscillator to system/SLICE_39:

   Name    Fanout   Delay (ns)          Site               Resource
ROUTE       249     1.216        OSC.OSC to     R2C10A.WCK clk
                  --------
                    1.216   (0.0% logic, 100.0% route), 0 logic levels.

      Destination Clock Path oscillator to system/SLICE_39:

   Name    Fanout   Delay (ns)          Site               Resource
ROUTE       249     1.216        OSC.OSC to     R2C10A.CLK clk
                  --------
                    1.216   (0.0% logic, 100.0% route), 0 logic levels.


Passed: The following path meets requirements by 0.293ns

 Logical Details:  Cell type  Pin type       Cell/ASIC name  (clock net +/-)

   Source:         Sync_RAM   Q              system/cpu/engine/dp/rf/words_ram_2/RAM1  (from clk +)
   Destination:    FF         Data in        system/cpu/engine/mmu_page[1]  (to clk +)

   Delay:               0.280ns  (98.6% logic, 1.4% route), 1 logic levels.

 Constraint Details:

      0.280ns physical path delay system/cpu/engine/SLICE_43 to system/cpu/engine/SLICE_43 meets
     -0.013ns DIN_HLD and
      0.000ns delay constraint less
      0.000ns skew requirement (totaling -0.013ns) by 0.293ns

 Physical Path Details:

      Data path system/cpu/engine/SLICE_43 to system/cpu/engine/SLICE_43:

   Name    Fanout   Delay (ns)          Site               Resource
CLKTOF_DEL  ---     0.276     R3C11B.WCK to      R3C11B.F0 system/cpu/engine/SLICE_43 (from clk)
ROUTE        11     0.004      R3C11B.F0 to     R3C11B.DI0 system/address[14] (to clk)
                  --------
                    0.280   (98.6% logic, 1.4% route), 1 logic levels.

 Clock Skew Details: 

      Source Clock Path oscillator to system/cpu/engine/SLICE_43:

   Name    Fanout   Delay (ns)          Site               Resource
ROUTE       249     1.216        OSC.OSC to     R3C11B.WCK clk
                  --------
                    1.216   (0.0% logic, 100.0% route), 0 logic levels.

      Destination Clock Path oscillator to system/cpu/engine/SLICE_43:

   Name    Fanout   Delay (ns)          Site               Resource
ROUTE       249     1.216        OSC.OSC to     R3C11B.CLK clk
                  --------
                    1.216   (0.0% logic, 100.0% route), 0 logic levels.


Passed: The following path meets requirements by 0.294ns

 Logical Details:  Cell type  Pin type       Cell/ASIC name  (clock net +/-)

   Source:         Sync_RAM   Q              system/cpu/engine/dp/rf/words_ram_2/RAM0  (from clk +)
   Destination:    FF         Data in        system/cpu/engine/mmu_page[0]  (to clk +)

   Delay:               0.281ns  (98.2% logic, 1.8% route), 1 logic levels.

 Constraint Details:

      0.281ns physical path delay system/cpu/engine/SLICE_42 to system/cpu/engine/SLICE_42 meets
     -0.013ns DIN_HLD and
      0.000ns delay constraint less
      0.000ns skew requirement (totaling -0.013ns) by 0.294ns

 Physical Path Details:

      Data path system/cpu/engine/SLICE_42 to system/cpu/engine/SLICE_42:

   Name    Fanout   Delay (ns)          Site               Resource
CLKTOF_DEL  ---     0.276     R3C11A.WCK to      R3C11A.F1 system/cpu/engine/SLICE_42 (from clk)
ROUTE        18     0.005      R3C11A.F1 to     R3C11A.DI1 system/address[13] (to clk)
                  --------
                    0.281   (98.2% logic, 1.8% route), 1 logic levels.

 Clock Skew Details: 

      Source Clock Path oscillator to system/cpu/engine/SLICE_42:

   Name    Fanout   Delay (ns)          Site               Resource
ROUTE       249     1.216        OSC.OSC to     R3C11A.WCK clk
                  --------
                    1.216   (0.0% logic, 100.0% route), 0 logic levels.

      Destination Clock Path oscillator to system/cpu/engine/SLICE_42:

   Name    Fanout   Delay (ns)          Site               Resource
ROUTE       249     1.216        OSC.OSC to     R3C11A.CLK clk
                  --------
                    1.216   (0.0% logic, 100.0% route), 0 logic levels.


Passed: The following path meets requirements by 0.304ns

 Logical Details:  Cell type  Pin type       Cell/ASIC name  (clock net +/-)

   Source:         FF         Q              reset_sync[1]  (from clk +)
   Destination:    FF         Data in        reset_sync[0]  (to clk +)

   Delay:               0.285ns  (46.7% logic, 53.3% route), 1 logic levels.

 Constraint Details:

      0.285ns physical path delay SLICE_485 to SLICE_485 meets
     -0.019ns M_HLD and
      0.000ns delay constraint less
      0.000ns skew requirement (totaling -0.019ns) by 0.304ns

 Physical Path Details:

      Data path SLICE_485 to SLICE_485:

   Name    Fanout   Delay (ns)          Site               Resource
REG_DEL     ---     0.133     R7C12D.CLK to      R7C12D.Q1 SLICE_485 (from clk)
ROUTE         1     0.152      R7C12D.Q1 to      R7C12D.M0 reset_sync[1] (to clk)
                  --------
                    0.285   (46.7% logic, 53.3% route), 1 logic levels.

 Clock Skew Details: 

      Source Clock Path oscillator to SLICE_485:

   Name    Fanout   Delay (ns)          Site               Resource
ROUTE       249     1.216        OSC.OSC to     R7C12D.CLK clk
                  --------
                    1.216   (0.0% logic, 100.0% route), 0 logic levels.

      Destination Clock Path oscillator to SLICE_485:

   Name    Fanout   Delay (ns)          Site               Resource
ROUTE       249     1.216        OSC.OSC to     R7C12D.CLK clk
                  --------
                    1.216   (0.0% logic, 100.0% route), 0 logic levels.


Passed: The following path meets requirements by 0.304ns

 Logical Details:  Cell type  Pin type       Cell/ASIC name  (clock net +/-)

   Source:         FF         Q              system/bus/fixed_uart.console/cts_sync[0]  (from clk +)
   Destination:    FF         Data in        system/bus/fixed_uart.console/cts_sync[1]  (to clk +)

   Delay:               0.285ns  (46.7% logic, 53.3% route), 1 logic levels.

 Constraint Details:

      0.285ns physical path delay system/bus/fixed_uart.console/SLICE_89 to system/bus/fixed_uart.console/SLICE_89 meets
     -0.019ns M_HLD and
      0.000ns delay constraint less
      0.000ns skew requirement (totaling -0.019ns) by 0.304ns

 Physical Path Details:

      Data path system/bus/fixed_uart.console/SLICE_89 to system/bus/fixed_uart.console/SLICE_89:

   Name    Fanout   Delay (ns)          Site               Resource
REG_DEL     ---     0.133     R4C20A.CLK to      R4C20A.Q0 system/bus/fixed_uart.console/SLICE_89 (from clk)
ROUTE         1     0.152      R4C20A.Q0 to      R4C20A.M1 system/bus/fixed_uart.console/cts_sync[0] (to clk)
                  --------
                    0.285   (46.7% logic, 53.3% route), 1 logic levels.

 Clock Skew Details: 

      Source Clock Path oscillator to system/bus/fixed_uart.console/SLICE_89:

   Name    Fanout   Delay (ns)          Site               Resource
ROUTE       249     1.216        OSC.OSC to     R4C20A.CLK clk
                  --------
                    1.216   (0.0% logic, 100.0% route), 0 logic levels.

      Destination Clock Path oscillator to system/bus/fixed_uart.console/SLICE_89:

   Name    Fanout   Delay (ns)          Site               Resource
ROUTE       249     1.216        OSC.OSC to     R4C20A.CLK clk
                  --------
                    1.216   (0.0% logic, 100.0% route), 0 logic levels.


Passed: The following path meets requirements by 0.306ns

 Logical Details:  Cell type  Pin type       Cell/ASIC name  (clock net +/-)

   Source:         FF         Q              system/bus/timebase/state[17]  (from clk +)
   Destination:    FF         Data in        system/bus/timebase/state[18]  (to clk +)

   Delay:               0.287ns  (46.3% logic, 53.7% route), 1 logic levels.

 Constraint Details:

      0.287ns physical path delay system/bus/SLICE_444 to system/bus/SLICE_440 meets
     -0.019ns M_HLD and
      0.000ns delay constraint less
      0.000ns skew requirement (totaling -0.019ns) by 0.306ns

 Physical Path Details:

      Data path system/bus/SLICE_444 to system/bus/SLICE_440:

   Name    Fanout   Delay (ns)          Site               Resource
REG_DEL     ---     0.133     R3C17A.CLK to      R3C17A.Q1 system/bus/SLICE_444 (from clk)
ROUTE         2     0.154      R3C17A.Q1 to      R3C17B.M0 system/bus/timebase/state[17] (to clk)
                  --------
                    0.287   (46.3% logic, 53.7% route), 1 logic levels.

 Clock Skew Details: 

      Source Clock Path oscillator to system/bus/SLICE_444:

   Name    Fanout   Delay (ns)          Site               Resource
ROUTE       249     1.216        OSC.OSC to     R3C17A.CLK clk
                  --------
                    1.216   (0.0% logic, 100.0% route), 0 logic levels.

      Destination Clock Path oscillator to system/bus/SLICE_440:

   Name    Fanout   Delay (ns)          Site               Resource
ROUTE       249     1.216        OSC.OSC to     R3C17B.CLK clk
                  --------
                    1.216   (0.0% logic, 100.0% route), 0 logic levels.


Passed: The following path meets requirements by 0.306ns

 Logical Details:  Cell type  Pin type       Cell/ASIC name  (clock net +/-)

   Source:         FF         Q              system/bus/byte_sd/rx_shift[1]  (from clk +)
   Destination:    FF         Data in        system/bus/byte_sd/rx_shift[2]  (to clk +)

   Delay:               0.287ns  (46.3% logic, 53.7% route), 1 logic levels.

 Constraint Details:

      0.287ns physical path delay system/bus/SLICE_410 to system/bus/SLICE_410 meets
     -0.019ns M_HLD and
      0.000ns delay constraint less
      0.000ns skew requirement (totaling -0.019ns) by 0.306ns

 Physical Path Details:

      Data path system/bus/SLICE_410 to system/bus/SLICE_410:

   Name    Fanout   Delay (ns)          Site               Resource
REG_DEL     ---     0.133     R3C18A.CLK to      R3C18A.Q0 system/bus/SLICE_410 (from clk)
ROUTE         2     0.154      R3C18A.Q0 to      R3C18A.M1 system/bus/byte_sd/rx_shift[1] (to clk)
                  --------
                    0.287   (46.3% logic, 53.7% route), 1 logic levels.

 Clock Skew Details: 

      Source Clock Path oscillator to system/bus/SLICE_410:

   Name    Fanout   Delay (ns)          Site               Resource
ROUTE       249     1.216        OSC.OSC to     R3C18A.CLK clk
                  --------
                    1.216   (0.0% logic, 100.0% route), 0 logic levels.

      Destination Clock Path oscillator to system/bus/SLICE_410:

   Name    Fanout   Delay (ns)          Site               Resource
ROUTE       249     1.216        OSC.OSC to     R3C18A.CLK clk
                  --------
                    1.216   (0.0% logic, 100.0% route), 0 logic levels.


Passed: The following path meets requirements by 0.306ns

 Logical Details:  Cell type  Pin type       Cell/ASIC name  (clock net +/-)

   Source:         FF         Q              system/bus/guest_memory/rx[1]  (from clk +)
   Destination:    FF         Data in        system/bus/guest_memory/rx[2]  (to clk +)

   Delay:               0.287ns  (46.3% logic, 53.7% route), 1 logic levels.

 Constraint Details:

      0.287ns physical path delay system/SLICE_425 to system/SLICE_425 meets
     -0.019ns M_HLD and
      0.000ns delay constraint less
      0.000ns skew requirement (totaling -0.019ns) by 0.306ns

 Physical Path Details:

      Data path system/SLICE_425 to system/SLICE_425:

   Name    Fanout   Delay (ns)          Site               Resource
REG_DEL     ---     0.133     R9C12D.CLK to      R9C12D.Q0 system/SLICE_425 (from clk)
ROUTE         3     0.154      R9C12D.Q0 to      R9C12D.M1 system/bus/guest_memory/rx[1] (to clk)
                  --------
                    0.287   (46.3% logic, 53.7% route), 1 logic levels.

 Clock Skew Details: 

      Source Clock Path oscillator to system/SLICE_425:

   Name    Fanout   Delay (ns)          Site               Resource
ROUTE       249     1.216        OSC.OSC to     R9C12D.CLK clk
                  --------
                    1.216   (0.0% logic, 100.0% route), 0 logic levels.

      Destination Clock Path oscillator to system/SLICE_425:

   Name    Fanout   Delay (ns)          Site               Resource
ROUTE       249     1.216        OSC.OSC to     R9C12D.CLK clk
                  --------
                    1.216   (0.0% logic, 100.0% route), 0 logic levels.


Passed: The following path meets requirements by 0.306ns

 Logical Details:  Cell type  Pin type       Cell/ASIC name  (clock net +/-)

   Source:         FF         Q              system/bus/fixed_uart.console/rx_shift[3]  (from clk +)
   Destination:    FF         Data in        system/bus/fixed_uart.console/rx_shift[2]  (to clk +)

   Delay:               0.287ns  (46.3% logic, 53.7% route), 1 logic levels.

 Constraint Details:

      0.287ns physical path delay system/bus/fixed_uart.console/SLICE_415 to system/bus/fixed_uart.console/SLICE_415 meets
     -0.019ns M_HLD and
      0.000ns delay constraint less
      0.000ns skew requirement (totaling -0.019ns) by 0.306ns

 Physical Path Details:

      Data path system/bus/fixed_uart.console/SLICE_415 to system/bus/fixed_uart.console/SLICE_415:

   Name    Fanout   Delay (ns)          Site               Resource
REG_DEL     ---     0.133     R8C20B.CLK to      R8C20B.Q1 system/bus/fixed_uart.console/SLICE_415 (from clk)
ROUTE         2     0.154      R8C20B.Q1 to      R8C20B.M0 system/bus/fixed_uart.console/rx_shift[3] (to clk)
                  --------
                    0.287   (46.3% logic, 53.7% route), 1 logic levels.

 Clock Skew Details: 

      Source Clock Path oscillator to system/bus/fixed_uart.console/SLICE_415:

   Name    Fanout   Delay (ns)          Site               Resource
ROUTE       249     1.216        OSC.OSC to     R8C20B.CLK clk
                  --------
                    1.216   (0.0% logic, 100.0% route), 0 logic levels.

      Destination Clock Path oscillator to system/bus/fixed_uart.console/SLICE_415:

   Name    Fanout   Delay (ns)          Site               Resource
ROUTE       249     1.216        OSC.OSC to     R8C20B.CLK clk
                  --------
                    1.216   (0.0% logic, 100.0% route), 0 logic levels.

Report Summary
--------------
----------------------------------------------------------------------------
Preference(MIN Delays)                  |   Constraint|       Actual|Levels
----------------------------------------------------------------------------
                                        |             |             |
FREQUENCY NET "clk" 29.560000 MHz ;     |     0.000 ns|     0.292 ns|   1  
                                        |             |             |
----------------------------------------------------------------------------


All preferences were met.


Clock Domains Analysis
------------------------

Found 1 clocks:

Clock Domain: clk   Source: oscillator.OSC   Loads: 249
   Covered under: FREQUENCY NET "clk" 29.560000 MHz ;


--------------------------------------------------------------------------------
                Connections not covered by the preferences
--------------------------------------------------------------------------------

     Delay                        Element                 Net

    0.177ns pio_key_row[0].PADDI to _key_row[0]_MGIOL.DI gpio_key_row_in[0]
    0.177ns        sd_miso.PADDI to     sd_miso_MGIOL.DI sd_miso_c
    0.177ns             rx.PADDI to          rx_MGIOL.DI rx_c
    0.177ns pio_key_row[1].PADDI to _key_row[1]_MGIOL.DI gpio_key_row_in[1]
    0.177ns pio_key_row[2].PADDI to _key_row[2]_MGIOL.DI gpio_key_row_in[2]
    0.177ns pio_key_row[3].PADDI to _key_row[3]_MGIOL.DI gpio_key_row_in[3]
    0.127ns      gpio_miso.PADDI to   gpio_miso_MGIOL.DI gpio_miso_c
    0.890ns            res.PADDI to        SLICE_485.LSR res_c

--------------------------------------------------------------------------------


Timing summary (Hold):
---------------

Timing errors: 0  Score: 0
Cumulative negative slack: 0

Constraints cover 3710956 paths, 1 nets, and 5603 connections (99.86% coverage)



Timing summary (Setup and Hold):
---------------

Timing errors: 0 (setup), 0 (hold)
Score: 0 (setup), 0 (hold)
Cumulative negative slack: 0 (0+0)
--------------------------------------------------------------------------------

--------------------------------------------------------------------------------

