
        Lattice Mapping Report File for Design Module 'uj11_probe_apr'


Design Information
------------------

Command line:   map -a MachXO2 -p LCMXO2-1200HC -t QFN32 -s 4 -oc Commercial
     cp33a_impl1.ngd -o cp33a_impl1_map.ncd -pr cp33a_impl1.prf -mp
     cp33a_impl1.mrp -lpf
     /tmp/uj11-cp33/uJ11-fpga/build/cp33a/impl1/cp33a_impl1_synplify.lpf -lpf
     /tmp/uj11-cp33/uJ11-fpga/build/cp33a/clock.lpf -c 0 -pe 
Target Vendor:  LATTICE
Target Device:  LCMXO2-1200HCQFN32
Target Performance:   4
Mapper:  xo2c00,  version:  Diamond (64-bit) 3.14.0.75.2
Mapped on:  09/10/26  10:17:36

Design Summary
--------------

   Number of registers:     49 out of  1346 (4%)
      PFU registers:           48 out of  1280 (4%)
      PIO registers:            1 out of    66 (2%)
   Number of SLICEs:        24 out of   640 (4%)
      SLICEs as Logic/ROM:     24 out of   640 (4%)
      SLICEs as RAM:            0 out of   480 (0%)
      SLICEs as Carry:          0 out of   640 (0%)
   Number of LUT4s:         31 out of  1280 (2%)
      Number used as logic LUTs:         31
      Number used as distributed RAM:     0
      Number used as ripple logic:        0
      Number used as shift registers:     0
   Number of PIO sites used: 4 + 4(JTAG) out of 22 (36%)
   Number of block RAMs:  1 out of 7 (14%)
   Number of GSRs:        0 out of 1 (0%)
   EFB used :        No
   JTAG used :       No
   Readback used :   No
   Oscillator used : No
   Startup used :    No
   POR :             On
   Bandgap :         On
   Number of Power Controller:  0 out of 1 (0%)
   Number of Dynamic Bank Controller (BCINRD):  0 out of 4 (0%)
   Number of Dynamic Bank Controller (BCLVDSO):  0 out of 1 (0%)
   Number of DCCA:  0 out of 8 (0%)
   Number of DCMA:  0 out of 2 (0%)
   Number of PLLs:  0 out of 1 (0%)
   Number of DQSDLLs:  0 out of 2 (0%)
   Number of CLKDIVC:  0 out of 4 (0%)
   Number of ECLKSYNCA:  0 out of 4 (0%)
   Number of ECLKBRIDGECS:  0 out of 2 (0%)
   Notes:-
      1. Total number of LUT4s = (Number of logic LUT4s) + 2*(Number of
     distributed RAMs) + 2*(Number of ripple logic)
      2. Number of logic LUT4s does not include count of distributed RAM and
     ripple logic.
   Number of clocks:  1
     Net clk_c: 27 loads, 27 rising, 0 falling (Driver: PIO clk )
   Number of Clock Enables:  1
     Net apr/memory_enable: 4 loads, 0 LSLICEs

                                    Page 1




Design:  uj11_probe_apr                                Date:  09/10/26  10:17:36

Design Summary (cont)
---------------------
   Number of LSRs:  1
     Net reset_c: 24 loads, 23 LSLICEs
   Number of nets driven by tri-state buffers:  0
   Top 10 highest fanout non-clock nets:
     Net reset_c: 27 loads
     Net apr/phase[0]: 14 loads
     Net apr/phase[1]: 13 loads
     Net stimulus[20]: 6 loads
     Net stimulus[16]: 5 loads
     Net stimulus[17]: 5 loads
     Net stimulus[19]: 5 loads
     Net apr/memory_enable: 4 loads
     Net apr/phase_9_d: 4 loads
     Net stimulus[27]: 4 loads




   Number of warnings:  0
   Number of errors:    0
     

Design Errors/Warnings
----------------------

   No errors or warnings present.

IO (PIO) Attributes
-------------------

+---------------------+-----------+-----------+------------+
| IO Name             | Direction | Levelmode | IO         |
|                     |           |  IO_TYPE  | Register   |
+---------------------+-----------+-----------+------------+
| serial_out          | OUTPUT    | LVCMOS33  |            |
+---------------------+-----------+-----------+------------+
| clk                 | INPUT     | LVCMOS33  |            |
+---------------------+-----------+-----------+------------+
| serial_in           | INPUT     | LVCMOS33  | IN         |
+---------------------+-----------+-----------+------------+
| reset               | INPUT     | LVCMOS33  |            |
+---------------------+-----------+-----------+------------+

Removed logic
-------------

Block VCC undriven or does not drive anything - clipped.
Block GSR_INST undriven or does not drive anything - clipped.
Block GND undriven or does not drive anything - clipped.
Block apr/GND undriven or does not drive anything - clipped.
Block apr/VCC undriven or does not drive anything - clipped.
Signal apr/ram/GND undriven or does not drive anything - clipped.
Signal VCC undriven or does not drive anything - clipped.
Signal apr/ram/memory_DOB8 undriven or does not drive anything - clipped.
Signal apr/ram/memory_DOA8 undriven or does not drive anything - clipped.
Block apr/ram/GND was optimized away.

                                    Page 2




Design:  uj11_probe_apr                                Date:  09/10/26  10:17:36


Memory Usage
------------

/apr/ram:
    EBRs: 1
    RAM SLICEs: 0
    Logic SLICEs: 0
    PFU Registers: 0
    -Contains EBR memory:  TYPE= DP8KC,  Width_A= 8,  Width_B= 8,  Depth_A= 128,
         Depth_B= 128,  REGMODE_A= NOREG,  REGMODE_B= NOREG,  RESETMODE= SYNC,
         ASYNC_RESET_RELEASE= SYNC,  WRITEMODE_A= NORMAL,  WRITEMODE_B= NORMAL,
         GSR= DISABLED

     

ASIC Components
---------------

Instance Name: apr/ram/memory
         Type: DP8KC

Run Time and Memory Usage
-------------------------

   Total CPU Time: 0 secs  
   Total REAL Time: 0 secs  
   Peak Memory Usage: 148 MB
        






























                                    Page 3


Copyright (c) 1991-1994 by NeoCAD Inc. All rights reserved.
     Copyright (c) 1995 AT&T Corp.   All rights reserved.
     Copyright (c) 1995-2001 Lucent Technologies Inc.  All rights reserved.
     Copyright (c) 2001 Agere Systems   All rights reserved.
     Copyright (c) 2002-2024 Lattice Semiconductor Corporation,  All rights
     reserved.
