
Loading design for application trce from file cp33c_impl1.ncd.
Design name: uj11_probe_apr_csr
NCD version: 3.3
Vendor:      LATTICE
Device:      LCMXO2-1200HC
Package:     QFN32
Performance: 4
Loading device for application trce from file 'xo2c1200.nph' in environment: /home/sash/.local/lscc/diamond/3.14/ispfpga.
Package Status:                     Final          Version 1.44.
Performance Hardware Data Status:   Final          Version 36.4.
Setup and Hold Report

--------------------------------------------------------------------------------
Lattice TRACE Report - Setup, Version Diamond (64-bit) 3.14.0.75.2
Thu Sep 10 10:22:27 2026

Copyright (c) 1991-1994 by NeoCAD Inc. All rights reserved.
Copyright (c) 1995 AT&T Corp.   All rights reserved.
Copyright (c) 1995-2001 Lucent Technologies Inc.  All rights reserved.
Copyright (c) 2001 Agere Systems   All rights reserved.
Copyright (c) 2002-2024 Lattice Semiconductor Corporation,  All rights reserved.

Report Information
------------------
Command line:    trce -v 10 -c -u 0 -gt -sethld -sp 4 -sphld m -o cp33c_impl1.twr cp33c_impl1.ncd cp33c_impl1.prf 
Design file:     cp33c_impl1.ncd
Preference file: cp33c_impl1.prf
Device,speed:    LCMXO2-1200HC,4
Report level:    verbose report, limited to 10 items per preference
--------------------------------------------------------------------------------

BLOCK ASYNCPATHS
BLOCK RESETPATHS
--------------------------------------------------------------------------------



================================================================================
Preference: FREQUENCY PORT "clk" 29.560000 MHz ;
            355 items scored, 0 timing errors detected.
--------------------------------------------------------------------------------


Passed: The following path meets requirements by 23.505ns

 Logical Details:  Cell type  Pin type       Cell/ASIC name  (clock net +/-)

   Source:         FF         Q              stimulus[38]  (from clk_c +)
   Destination:    DP8KC      Port           apr/ram/memory(ASIC)  (to clk_c +)

   Delay:              10.247ns  (28.6% logic, 71.4% route), 6 logic levels.

 Constraint Details:

     10.247ns physical path delay SLICE_31 to apr/ram/memory meets
     33.829ns delay constraint less
     -0.173ns skew and
      0.250ns CE_SET requirement (totaling 33.752ns) by 23.505ns

 Physical Path Details:

      Data path SLICE_31 to apr/ram/memory:

   Name    Fanout   Delay (ns)          Site               Resource
REG_DEL     ---     0.452     R5C14C.CLK to      R5C14C.Q0 SLICE_31 (from clk_c)
ROUTE         2     1.427      R5C14C.Q0 to      R5C13A.B1 stimulus[38]
CTOF_DEL    ---     0.495      R5C13A.B1 to      R5C13A.F1 SLICE_42
ROUTE         1     0.693      R5C13A.F1 to      R5C13A.B0 decode/selected_5
CTOF_DEL    ---     0.495      R5C13A.B0 to      R5C13A.F0 SLICE_42
ROUTE         1     1.336      R5C13A.F0 to      R4C12C.B0 decode/selected_7
CTOF_DEL    ---     0.495      R4C12C.B0 to      R4C12C.F0 SLICE_4
ROUTE         3     1.024      R4C12C.F0 to      R4C11A.B1 selected
CTOF_DEL    ---     0.495      R4C11A.B1 to      R4C11A.F1 SLICE_44
ROUTE         3     1.040      R4C11A.F1 to      R5C11B.B0 apr/un1_selected
CTOF_DEL    ---     0.495      R5C11B.B0 to      R5C11B.F0 SLICE_34
ROUTE         4     1.800      R5C11B.F0 to  EBR_R6C10.CEB apr/memory_enable (to clk_c)
                  --------
                   10.247   (28.6% logic, 71.4% route), 6 logic levels.

 Clock Skew Details: 

      Source Clock Path clk to SLICE_31:

   Name    Fanout   Delay (ns)          Site               Resource
ROUTE        35     2.178       13.PADDI to     R5C14C.CLK clk_c
                  --------
                    2.178   (0.0% logic, 100.0% route), 0 logic levels.

      Destination Clock Path clk to apr/ram/memory:

   Name    Fanout   Delay (ns)          Site               Resource
ROUTE        35     2.351       13.PADDI to EBR_R6C10.CLKB clk_c
                  --------
                    2.351   (0.0% logic, 100.0% route), 0 logic levels.


Passed: The following path meets requirements by 23.834ns

 Logical Details:  Cell type  Pin type       Cell/ASIC name  (clock net +/-)

   Source:         FF         Q              stimulus[38]  (from clk_c +)
   Destination:    DP8KC      Port           apr/ram/memory(ASIC)  (to clk_c +)

   Delay:              10.247ns  (28.6% logic, 71.4% route), 6 logic levels.

 Constraint Details:

     10.247ns physical path delay SLICE_31 to apr/ram/memory meets
     33.829ns delay constraint less
     -0.173ns skew and
     -0.079ns CE_SET requirement (totaling 34.081ns) by 23.834ns

 Physical Path Details:

      Data path SLICE_31 to apr/ram/memory:

   Name    Fanout   Delay (ns)          Site               Resource
REG_DEL     ---     0.452     R5C14C.CLK to      R5C14C.Q0 SLICE_31 (from clk_c)
ROUTE         2     1.427      R5C14C.Q0 to      R5C13A.B1 stimulus[38]
CTOF_DEL    ---     0.495      R5C13A.B1 to      R5C13A.F1 SLICE_42
ROUTE         1     0.693      R5C13A.F1 to      R5C13A.B0 decode/selected_5
CTOF_DEL    ---     0.495      R5C13A.B0 to      R5C13A.F0 SLICE_42
ROUTE         1     1.336      R5C13A.F0 to      R4C12C.B0 decode/selected_7
CTOF_DEL    ---     0.495      R4C12C.B0 to      R4C12C.F0 SLICE_4
ROUTE         3     1.024      R4C12C.F0 to      R4C11A.B1 selected
CTOF_DEL    ---     0.495      R4C11A.B1 to      R4C11A.F1 SLICE_44
ROUTE         3     1.040      R4C11A.F1 to      R5C11B.B0 apr/un1_selected
CTOF_DEL    ---     0.495      R5C11B.B0 to      R5C11B.F0 SLICE_34
ROUTE         4     1.800      R5C11B.F0 to EBR_R6C10.OCEA apr/memory_enable (to clk_c)
                  --------
                   10.247   (28.6% logic, 71.4% route), 6 logic levels.

 Clock Skew Details: 

      Source Clock Path clk to SLICE_31:

   Name    Fanout   Delay (ns)          Site               Resource
ROUTE        35     2.178       13.PADDI to     R5C14C.CLK clk_c
                  --------
                    2.178   (0.0% logic, 100.0% route), 0 logic levels.

      Destination Clock Path clk to apr/ram/memory:

   Name    Fanout   Delay (ns)          Site               Resource
ROUTE        35     2.351       13.PADDI to EBR_R6C10.CLKA clk_c
                  --------
                    2.351   (0.0% logic, 100.0% route), 0 logic levels.


Passed: The following path meets requirements by 23.941ns

 Logical Details:  Cell type  Pin type       Cell/ASIC name  (clock net +/-)

   Source:         FF         Q              stimulus[38]  (from clk_c +)
   Destination:    DP8KC      Port           apr/ram/memory(ASIC)  (to clk_c +)

   Delay:               9.835ns  (29.8% logic, 70.2% route), 6 logic levels.

 Constraint Details:

      9.835ns physical path delay SLICE_31 to apr/ram/memory meets
     33.829ns delay constraint less
     -0.173ns skew and
      0.226ns CE_SET requirement (totaling 33.776ns) by 23.941ns

 Physical Path Details:

      Data path SLICE_31 to apr/ram/memory:

   Name    Fanout   Delay (ns)          Site               Resource
REG_DEL     ---     0.452     R5C14C.CLK to      R5C14C.Q0 SLICE_31 (from clk_c)
ROUTE         2     1.427      R5C14C.Q0 to      R5C13A.B1 stimulus[38]
CTOF_DEL    ---     0.495      R5C13A.B1 to      R5C13A.F1 SLICE_42
ROUTE         1     0.693      R5C13A.F1 to      R5C13A.B0 decode/selected_5
CTOF_DEL    ---     0.495      R5C13A.B0 to      R5C13A.F0 SLICE_42
ROUTE         1     1.336      R5C13A.F0 to      R4C12C.B0 decode/selected_7
CTOF_DEL    ---     0.495      R4C12C.B0 to      R4C12C.F0 SLICE_4
ROUTE         3     1.024      R4C12C.F0 to      R4C11A.B1 selected
CTOF_DEL    ---     0.495      R4C11A.B1 to      R4C11A.F1 SLICE_44
ROUTE         3     1.040      R4C11A.F1 to      R5C11B.B0 apr/un1_selected
CTOF_DEL    ---     0.495      R5C11B.B0 to      R5C11B.F0 SLICE_34
ROUTE         4     1.388      R5C11B.F0 to  EBR_R6C10.CEA apr/memory_enable (to clk_c)
                  --------
                    9.835   (29.8% logic, 70.2% route), 6 logic levels.

 Clock Skew Details: 

      Source Clock Path clk to SLICE_31:

   Name    Fanout   Delay (ns)          Site               Resource
ROUTE        35     2.178       13.PADDI to     R5C14C.CLK clk_c
                  --------
                    2.178   (0.0% logic, 100.0% route), 0 logic levels.

      Destination Clock Path clk to apr/ram/memory:

   Name    Fanout   Delay (ns)          Site               Resource
ROUTE        35     2.351       13.PADDI to EBR_R6C10.CLKA clk_c
                  --------
                    2.351   (0.0% logic, 100.0% route), 0 logic levels.


Passed: The following path meets requirements by 23.950ns

 Logical Details:  Cell type  Pin type       Cell/ASIC name  (clock net +/-)

   Source:         FF         Q              stimulus[33]  (from clk_c +)
   Destination:    DP8KC      Port           apr/ram/memory(ASIC)  (to clk_c +)

   Delay:               9.802ns  (29.9% logic, 70.1% route), 6 logic levels.

 Constraint Details:

      9.802ns physical path delay SLICE_29 to apr/ram/memory meets
     33.829ns delay constraint less
     -0.173ns skew and
      0.250ns CE_SET requirement (totaling 33.752ns) by 23.950ns

 Physical Path Details:

      Data path SLICE_29 to apr/ram/memory:

   Name    Fanout   Delay (ns)          Site               Resource
REG_DEL     ---     0.452     R5C13B.CLK to      R5C13B.Q1 SLICE_29 (from clk_c)
ROUTE         2     0.982      R5C13B.Q1 to      R5C13A.A1 stimulus[33]
CTOF_DEL    ---     0.495      R5C13A.A1 to      R5C13A.F1 SLICE_42
ROUTE         1     0.693      R5C13A.F1 to      R5C13A.B0 decode/selected_5
CTOF_DEL    ---     0.495      R5C13A.B0 to      R5C13A.F0 SLICE_42
ROUTE         1     1.336      R5C13A.F0 to      R4C12C.B0 decode/selected_7
CTOF_DEL    ---     0.495      R4C12C.B0 to      R4C12C.F0 SLICE_4
ROUTE         3     1.024      R4C12C.F0 to      R4C11A.B1 selected
CTOF_DEL    ---     0.495      R4C11A.B1 to      R4C11A.F1 SLICE_44
ROUTE         3     1.040      R4C11A.F1 to      R5C11B.B0 apr/un1_selected
CTOF_DEL    ---     0.495      R5C11B.B0 to      R5C11B.F0 SLICE_34
ROUTE         4     1.800      R5C11B.F0 to  EBR_R6C10.CEB apr/memory_enable (to clk_c)
                  --------
                    9.802   (29.9% logic, 70.1% route), 6 logic levels.

 Clock Skew Details: 

      Source Clock Path clk to SLICE_29:

   Name    Fanout   Delay (ns)          Site               Resource
ROUTE        35     2.178       13.PADDI to     R5C13B.CLK clk_c
                  --------
                    2.178   (0.0% logic, 100.0% route), 0 logic levels.

      Destination Clock Path clk to apr/ram/memory:

   Name    Fanout   Delay (ns)          Site               Resource
ROUTE        35     2.351       13.PADDI to EBR_R6C10.CLKB clk_c
                  --------
                    2.351   (0.0% logic, 100.0% route), 0 logic levels.


Passed: The following path meets requirements by 24.178ns

 Logical Details:  Cell type  Pin type       Cell/ASIC name  (clock net +/-)

   Source:         FF         Q              stimulus[34]  (from clk_c +)
   Destination:    DP8KC      Port           apr/ram/memory(ASIC)  (to clk_c +)

   Delay:               9.574ns  (30.6% logic, 69.4% route), 6 logic levels.

 Constraint Details:

      9.574ns physical path delay SLICE_29 to apr/ram/memory meets
     33.829ns delay constraint less
     -0.173ns skew and
      0.250ns CE_SET requirement (totaling 33.752ns) by 24.178ns

 Physical Path Details:

      Data path SLICE_29 to apr/ram/memory:

   Name    Fanout   Delay (ns)          Site               Resource
REG_DEL     ---     0.452     R5C13B.CLK to      R5C13B.Q0 SLICE_29 (from clk_c)
ROUTE         2     0.754      R5C13B.Q0 to      R5C13A.C1 stimulus[34]
CTOF_DEL    ---     0.495      R5C13A.C1 to      R5C13A.F1 SLICE_42
ROUTE         1     0.693      R5C13A.F1 to      R5C13A.B0 decode/selected_5
CTOF_DEL    ---     0.495      R5C13A.B0 to      R5C13A.F0 SLICE_42
ROUTE         1     1.336      R5C13A.F0 to      R4C12C.B0 decode/selected_7
CTOF_DEL    ---     0.495      R4C12C.B0 to      R4C12C.F0 SLICE_4
ROUTE         3     1.024      R4C12C.F0 to      R4C11A.B1 selected
CTOF_DEL    ---     0.495      R4C11A.B1 to      R4C11A.F1 SLICE_44
ROUTE         3     1.040      R4C11A.F1 to      R5C11B.B0 apr/un1_selected
CTOF_DEL    ---     0.495      R5C11B.B0 to      R5C11B.F0 SLICE_34
ROUTE         4     1.800      R5C11B.F0 to  EBR_R6C10.CEB apr/memory_enable (to clk_c)
                  --------
                    9.574   (30.6% logic, 69.4% route), 6 logic levels.

 Clock Skew Details: 

      Source Clock Path clk to SLICE_29:

   Name    Fanout   Delay (ns)          Site               Resource
ROUTE        35     2.178       13.PADDI to     R5C13B.CLK clk_c
                  --------
                    2.178   (0.0% logic, 100.0% route), 0 logic levels.

      Destination Clock Path clk to apr/ram/memory:

   Name    Fanout   Delay (ns)          Site               Resource
ROUTE        35     2.351       13.PADDI to EBR_R6C10.CLKB clk_c
                  --------
                    2.351   (0.0% logic, 100.0% route), 0 logic levels.


Passed: The following path meets requirements by 24.279ns

 Logical Details:  Cell type  Pin type       Cell/ASIC name  (clock net +/-)

   Source:         FF         Q              stimulus[33]  (from clk_c +)
   Destination:    DP8KC      Port           apr/ram/memory(ASIC)  (to clk_c +)

   Delay:               9.802ns  (29.9% logic, 70.1% route), 6 logic levels.

 Constraint Details:

      9.802ns physical path delay SLICE_29 to apr/ram/memory meets
     33.829ns delay constraint less
     -0.173ns skew and
     -0.079ns CE_SET requirement (totaling 34.081ns) by 24.279ns

 Physical Path Details:

      Data path SLICE_29 to apr/ram/memory:

   Name    Fanout   Delay (ns)          Site               Resource
REG_DEL     ---     0.452     R5C13B.CLK to      R5C13B.Q1 SLICE_29 (from clk_c)
ROUTE         2     0.982      R5C13B.Q1 to      R5C13A.A1 stimulus[33]
CTOF_DEL    ---     0.495      R5C13A.A1 to      R5C13A.F1 SLICE_42
ROUTE         1     0.693      R5C13A.F1 to      R5C13A.B0 decode/selected_5
CTOF_DEL    ---     0.495      R5C13A.B0 to      R5C13A.F0 SLICE_42
ROUTE         1     1.336      R5C13A.F0 to      R4C12C.B0 decode/selected_7
CTOF_DEL    ---     0.495      R4C12C.B0 to      R4C12C.F0 SLICE_4
ROUTE         3     1.024      R4C12C.F0 to      R4C11A.B1 selected
CTOF_DEL    ---     0.495      R4C11A.B1 to      R4C11A.F1 SLICE_44
ROUTE         3     1.040      R4C11A.F1 to      R5C11B.B0 apr/un1_selected
CTOF_DEL    ---     0.495      R5C11B.B0 to      R5C11B.F0 SLICE_34
ROUTE         4     1.800      R5C11B.F0 to EBR_R6C10.OCEA apr/memory_enable (to clk_c)
                  --------
                    9.802   (29.9% logic, 70.1% route), 6 logic levels.

 Clock Skew Details: 

      Source Clock Path clk to SLICE_29:

   Name    Fanout   Delay (ns)          Site               Resource
ROUTE        35     2.178       13.PADDI to     R5C13B.CLK clk_c
                  --------
                    2.178   (0.0% logic, 100.0% route), 0 logic levels.

      Destination Clock Path clk to apr/ram/memory:

   Name    Fanout   Delay (ns)          Site               Resource
ROUTE        35     2.351       13.PADDI to EBR_R6C10.CLKA clk_c
                  --------
                    2.351   (0.0% logic, 100.0% route), 0 logic levels.


Passed: The following path meets requirements by 24.280ns

 Logical Details:  Cell type  Pin type       Cell/ASIC name  (clock net +/-)

   Source:         FF         Q              stimulus[32]  (from clk_c +)
   Destination:    DP8KC      Port           apr/ram/memory(ASIC)  (to clk_c +)

   Delay:               9.472ns  (30.9% logic, 69.1% route), 6 logic levels.

 Constraint Details:

      9.472ns physical path delay SLICE_28 to apr/ram/memory meets
     33.829ns delay constraint less
     -0.173ns skew and
      0.250ns CE_SET requirement (totaling 33.752ns) by 24.280ns

 Physical Path Details:

      Data path SLICE_28 to apr/ram/memory:

   Name    Fanout   Delay (ns)          Site               Resource
REG_DEL     ---     0.452     R4C13B.CLK to      R4C13B.Q0 SLICE_28 (from clk_c)
ROUTE         2     0.652      R4C13B.Q0 to      R5C13A.D1 stimulus[32]
CTOF_DEL    ---     0.495      R5C13A.D1 to      R5C13A.F1 SLICE_42
ROUTE         1     0.693      R5C13A.F1 to      R5C13A.B0 decode/selected_5
CTOF_DEL    ---     0.495      R5C13A.B0 to      R5C13A.F0 SLICE_42
ROUTE         1     1.336      R5C13A.F0 to      R4C12C.B0 decode/selected_7
CTOF_DEL    ---     0.495      R4C12C.B0 to      R4C12C.F0 SLICE_4
ROUTE         3     1.024      R4C12C.F0 to      R4C11A.B1 selected
CTOF_DEL    ---     0.495      R4C11A.B1 to      R4C11A.F1 SLICE_44
ROUTE         3     1.040      R4C11A.F1 to      R5C11B.B0 apr/un1_selected
CTOF_DEL    ---     0.495      R5C11B.B0 to      R5C11B.F0 SLICE_34
ROUTE         4     1.800      R5C11B.F0 to  EBR_R6C10.CEB apr/memory_enable (to clk_c)
                  --------
                    9.472   (30.9% logic, 69.1% route), 6 logic levels.

 Clock Skew Details: 

      Source Clock Path clk to SLICE_28:

   Name    Fanout   Delay (ns)          Site               Resource
ROUTE        35     2.178       13.PADDI to     R4C13B.CLK clk_c
                  --------
                    2.178   (0.0% logic, 100.0% route), 0 logic levels.

      Destination Clock Path clk to apr/ram/memory:

   Name    Fanout   Delay (ns)          Site               Resource
ROUTE        35     2.351       13.PADDI to EBR_R6C10.CLKB clk_c
                  --------
                    2.351   (0.0% logic, 100.0% route), 0 logic levels.


Passed: The following path meets requirements by 24.285ns

 Logical Details:  Cell type  Pin type       Cell/ASIC name  (clock net +/-)

   Source:         FF         Q              stimulus[38]  (from clk_c +)
   Destination:    DP8KC      Port           apr/ram/memory(ASIC)  (to clk_c +)

   Delay:               9.835ns  (29.8% logic, 70.2% route), 6 logic levels.

 Constraint Details:

      9.835ns physical path delay SLICE_31 to apr/ram/memory meets
     33.829ns delay constraint less
     -0.173ns skew and
     -0.118ns CE_SET requirement (totaling 34.120ns) by 24.285ns

 Physical Path Details:

      Data path SLICE_31 to apr/ram/memory:

   Name    Fanout   Delay (ns)          Site               Resource
REG_DEL     ---     0.452     R5C14C.CLK to      R5C14C.Q0 SLICE_31 (from clk_c)
ROUTE         2     1.427      R5C14C.Q0 to      R5C13A.B1 stimulus[38]
CTOF_DEL    ---     0.495      R5C13A.B1 to      R5C13A.F1 SLICE_42
ROUTE         1     0.693      R5C13A.F1 to      R5C13A.B0 decode/selected_5
CTOF_DEL    ---     0.495      R5C13A.B0 to      R5C13A.F0 SLICE_42
ROUTE         1     1.336      R5C13A.F0 to      R4C12C.B0 decode/selected_7
CTOF_DEL    ---     0.495      R4C12C.B0 to      R4C12C.F0 SLICE_4
ROUTE         3     1.024      R4C12C.F0 to      R4C11A.B1 selected
CTOF_DEL    ---     0.495      R4C11A.B1 to      R4C11A.F1 SLICE_44
ROUTE         3     1.040      R4C11A.F1 to      R5C11B.B0 apr/un1_selected
CTOF_DEL    ---     0.495      R5C11B.B0 to      R5C11B.F0 SLICE_34
ROUTE         4     1.388      R5C11B.F0 to EBR_R6C10.OCEB apr/memory_enable (to clk_c)
                  --------
                    9.835   (29.8% logic, 70.2% route), 6 logic levels.

 Clock Skew Details: 

      Source Clock Path clk to SLICE_31:

   Name    Fanout   Delay (ns)          Site               Resource
ROUTE        35     2.178       13.PADDI to     R5C14C.CLK clk_c
                  --------
                    2.178   (0.0% logic, 100.0% route), 0 logic levels.

      Destination Clock Path clk to apr/ram/memory:

   Name    Fanout   Delay (ns)          Site               Resource
ROUTE        35     2.351       13.PADDI to EBR_R6C10.CLKB clk_c
                  --------
                    2.351   (0.0% logic, 100.0% route), 0 logic levels.


Passed: The following path meets requirements by 24.386ns

 Logical Details:  Cell type  Pin type       Cell/ASIC name  (clock net +/-)

   Source:         FF         Q              stimulus[33]  (from clk_c +)
   Destination:    DP8KC      Port           apr/ram/memory(ASIC)  (to clk_c +)

   Delay:               9.390ns  (31.2% logic, 68.8% route), 6 logic levels.

 Constraint Details:

      9.390ns physical path delay SLICE_29 to apr/ram/memory meets
     33.829ns delay constraint less
     -0.173ns skew and
      0.226ns CE_SET requirement (totaling 33.776ns) by 24.386ns

 Physical Path Details:

      Data path SLICE_29 to apr/ram/memory:

   Name    Fanout   Delay (ns)          Site               Resource
REG_DEL     ---     0.452     R5C13B.CLK to      R5C13B.Q1 SLICE_29 (from clk_c)
ROUTE         2     0.982      R5C13B.Q1 to      R5C13A.A1 stimulus[33]
CTOF_DEL    ---     0.495      R5C13A.A1 to      R5C13A.F1 SLICE_42
ROUTE         1     0.693      R5C13A.F1 to      R5C13A.B0 decode/selected_5
CTOF_DEL    ---     0.495      R5C13A.B0 to      R5C13A.F0 SLICE_42
ROUTE         1     1.336      R5C13A.F0 to      R4C12C.B0 decode/selected_7
CTOF_DEL    ---     0.495      R4C12C.B0 to      R4C12C.F0 SLICE_4
ROUTE         3     1.024      R4C12C.F0 to      R4C11A.B1 selected
CTOF_DEL    ---     0.495      R4C11A.B1 to      R4C11A.F1 SLICE_44
ROUTE         3     1.040      R4C11A.F1 to      R5C11B.B0 apr/un1_selected
CTOF_DEL    ---     0.495      R5C11B.B0 to      R5C11B.F0 SLICE_34
ROUTE         4     1.388      R5C11B.F0 to  EBR_R6C10.CEA apr/memory_enable (to clk_c)
                  --------
                    9.390   (31.2% logic, 68.8% route), 6 logic levels.

 Clock Skew Details: 

      Source Clock Path clk to SLICE_29:

   Name    Fanout   Delay (ns)          Site               Resource
ROUTE        35     2.178       13.PADDI to     R5C13B.CLK clk_c
                  --------
                    2.178   (0.0% logic, 100.0% route), 0 logic levels.

      Destination Clock Path clk to apr/ram/memory:

   Name    Fanout   Delay (ns)          Site               Resource
ROUTE        35     2.351       13.PADDI to EBR_R6C10.CLKA clk_c
                  --------
                    2.351   (0.0% logic, 100.0% route), 0 logic levels.


Passed: The following path meets requirements by 24.507ns

 Logical Details:  Cell type  Pin type       Cell/ASIC name  (clock net +/-)

   Source:         FF         Q              stimulus[34]  (from clk_c +)
   Destination:    DP8KC      Port           apr/ram/memory(ASIC)  (to clk_c +)

   Delay:               9.574ns  (30.6% logic, 69.4% route), 6 logic levels.

 Constraint Details:

      9.574ns physical path delay SLICE_29 to apr/ram/memory meets
     33.829ns delay constraint less
     -0.173ns skew and
     -0.079ns CE_SET requirement (totaling 34.081ns) by 24.507ns

 Physical Path Details:

      Data path SLICE_29 to apr/ram/memory:

   Name    Fanout   Delay (ns)          Site               Resource
REG_DEL     ---     0.452     R5C13B.CLK to      R5C13B.Q0 SLICE_29 (from clk_c)
ROUTE         2     0.754      R5C13B.Q0 to      R5C13A.C1 stimulus[34]
CTOF_DEL    ---     0.495      R5C13A.C1 to      R5C13A.F1 SLICE_42
ROUTE         1     0.693      R5C13A.F1 to      R5C13A.B0 decode/selected_5
CTOF_DEL    ---     0.495      R5C13A.B0 to      R5C13A.F0 SLICE_42
ROUTE         1     1.336      R5C13A.F0 to      R4C12C.B0 decode/selected_7
CTOF_DEL    ---     0.495      R4C12C.B0 to      R4C12C.F0 SLICE_4
ROUTE         3     1.024      R4C12C.F0 to      R4C11A.B1 selected
CTOF_DEL    ---     0.495      R4C11A.B1 to      R4C11A.F1 SLICE_44
ROUTE         3     1.040      R4C11A.F1 to      R5C11B.B0 apr/un1_selected
CTOF_DEL    ---     0.495      R5C11B.B0 to      R5C11B.F0 SLICE_34
ROUTE         4     1.800      R5C11B.F0 to EBR_R6C10.OCEA apr/memory_enable (to clk_c)
                  --------
                    9.574   (30.6% logic, 69.4% route), 6 logic levels.

 Clock Skew Details: 

      Source Clock Path clk to SLICE_29:

   Name    Fanout   Delay (ns)          Site               Resource
ROUTE        35     2.178       13.PADDI to     R5C13B.CLK clk_c
                  --------
                    2.178   (0.0% logic, 100.0% route), 0 logic levels.

      Destination Clock Path clk to apr/ram/memory:

   Name    Fanout   Delay (ns)          Site               Resource
ROUTE        35     2.351       13.PADDI to EBR_R6C10.CLKA clk_c
                  --------
                    2.351   (0.0% logic, 100.0% route), 0 logic levels.

Report:   96.862MHz is the maximum frequency for this preference.


================================================================================
Preference: Unconstrained: CLOCK_DOMAIN
            0 unconstrained paths found
--------------------------------------------------------------------------------


================================================================================
Preference: Unconstrained: INPUT_SETUP
            39 unconstrained paths found
--------------------------------------------------------------------------------

Unconstrained Preference:
   INPUT_SETUP PORT "reset" CLKPORT "clk" 

Report:    6.708ns delay reset to apr/ram/memory (6.458ns delay and 0.250ns setup)

   Name    Fanout   Delay (ns)          Site               Resource
PADI_DEL    ---     1.132          4.PAD to        4.PADDI reset
ROUTE        35     3.031        4.PADDI to      R5C11B.D0 reset_c
CTOF_DEL    ---     0.495      R5C11B.D0 to      R5C11B.F0 SLICE_34
ROUTE         4     1.800      R5C11B.F0 to  EBR_R6C10.CEB apr/memory_enable (to clk_c)
                  --------
                    6.458   (25.2% logic, 74.8% route), 2 logic levels.

Unconstrained Preference:
   INPUT_SETUP PORT "reset" CLKPORT "clk" 

Report:    6.379ns delay reset to apr/ram/memory (6.458ns delay and -0.079ns setup)

   Name    Fanout   Delay (ns)          Site               Resource
PADI_DEL    ---     1.132          4.PAD to        4.PADDI reset
ROUTE        35     3.031        4.PADDI to      R5C11B.D0 reset_c
CTOF_DEL    ---     0.495      R5C11B.D0 to      R5C11B.F0 SLICE_34
ROUTE         4     1.800      R5C11B.F0 to EBR_R6C10.OCEA apr/memory_enable (to clk_c)
                  --------
                    6.458   (25.2% logic, 74.8% route), 2 logic levels.

Unconstrained Preference:
   INPUT_SETUP PORT "reset" CLKPORT "clk" 

Report:    6.272ns delay reset to apr/ram/memory (6.046ns delay and 0.226ns setup)

   Name    Fanout   Delay (ns)          Site               Resource
PADI_DEL    ---     1.132          4.PAD to        4.PADDI reset
ROUTE        35     3.031        4.PADDI to      R5C11B.D0 reset_c
CTOF_DEL    ---     0.495      R5C11B.D0 to      R5C11B.F0 SLICE_34
ROUTE         4     1.388      R5C11B.F0 to  EBR_R6C10.CEA apr/memory_enable (to clk_c)
                  --------
                    6.046   (26.9% logic, 73.1% route), 2 logic levels.

Unconstrained Preference:
   INPUT_SETUP PORT "reset" CLKPORT "clk" 

Report:    5.928ns delay reset to apr/ram/memory (6.046ns delay and -0.118ns setup)

   Name    Fanout   Delay (ns)          Site               Resource
PADI_DEL    ---     1.132          4.PAD to        4.PADDI reset
ROUTE        35     3.031        4.PADDI to      R5C11B.D0 reset_c
CTOF_DEL    ---     0.495      R5C11B.D0 to      R5C11B.F0 SLICE_34
ROUTE         4     1.388      R5C11B.F0 to EBR_R6C10.OCEB apr/memory_enable (to clk_c)
                  --------
                    6.046   (26.9% logic, 73.1% route), 2 logic levels.

Unconstrained Preference:
   INPUT_SETUP PORT "reset" CLKPORT "clk" 

Report:    5.165ns delay reset to apr/SLICE_0 (4.999ns delay and 0.166ns setup)

   Name    Fanout   Delay (ns)          Site               Resource
PADI_DEL    ---     1.132          4.PAD to        4.PADDI reset
ROUTE        35     3.372        4.PADDI to      R4C11D.A0 reset_c
CTOF_DEL    ---     0.495      R4C11D.A0 to      R4C11D.F0 apr/SLICE_0
ROUTE         1     0.000      R4C11D.F0 to     R4C11D.DI0 apr/phase_nss[0] (to clk_c)
                  --------
                    4.999   (32.5% logic, 67.5% route), 2 logic levels.

Unconstrained Preference:
   INPUT_SETUP PORT "reset" CLKPORT "clk" 

Report:    4.824ns delay reset to apr/SLICE_0 (4.658ns delay and 0.166ns setup)

   Name    Fanout   Delay (ns)          Site               Resource
PADI_DEL    ---     1.132          4.PAD to        4.PADDI reset
ROUTE        35     3.031        4.PADDI to      R4C11D.D1 reset_c
CTOF_DEL    ---     0.495      R4C11D.D1 to      R4C11D.F1 apr/SLICE_0
ROUTE         1     0.000      R4C11D.F1 to     R4C11D.DI1 apr/phase_nss[1] (to clk_c)
                  --------
                    4.658   (34.9% logic, 65.1% route), 2 logic levels.

Unconstrained Preference:
   INPUT_SETUP PORT "reset" CLKPORT "clk" 

Report:    3.857ns delay reset to SLICE_14 (3.583ns delay and 0.274ns setup)

   Name    Fanout   Delay (ns)          Site               Resource
PADI_DEL    ---     1.132          4.PAD to        4.PADDI reset
ROUTE        35     2.451        4.PADDI to     R5C11C.LSR reset_c (to clk_c)
                  --------
                    3.583   (31.6% logic, 68.4% route), 1 logic levels.

Unconstrained Preference:
   INPUT_SETUP PORT "reset" CLKPORT "clk" 

Report:    3.857ns delay reset to SLICE_16 (3.583ns delay and 0.274ns setup)

   Name    Fanout   Delay (ns)          Site               Resource
PADI_DEL    ---     1.132          4.PAD to        4.PADDI reset
ROUTE        35     2.451        4.PADDI to     R5C13D.LSR reset_c (to clk_c)
                  --------
                    3.583   (31.6% logic, 68.4% route), 1 logic levels.

Unconstrained Preference:
   INPUT_SETUP PORT "reset" CLKPORT "clk" 

Report:    3.857ns delay reset to SLICE_17 (3.583ns delay and 0.274ns setup)

   Name    Fanout   Delay (ns)          Site               Resource
PADI_DEL    ---     1.132          4.PAD to        4.PADDI reset
ROUTE        35     2.451        4.PADDI to     R7C13B.LSR reset_c (to clk_c)
                  --------
                    3.583   (31.6% logic, 68.4% route), 1 logic levels.

Unconstrained Preference:
   INPUT_SETUP PORT "reset" CLKPORT "clk" 

Report:    3.857ns delay reset to SLICE_18 (3.583ns delay and 0.274ns setup)

   Name    Fanout   Delay (ns)          Site               Resource
PADI_DEL    ---     1.132          4.PAD to        4.PADDI reset
ROUTE        35     2.451        4.PADDI to     R7C13C.LSR reset_c (to clk_c)
                  --------
                    3.583   (31.6% logic, 68.4% route), 1 logic levels.

Unconstrained Preference:
   INPUT_SETUP PORT "reset" CLKPORT "clk" 

Report:    3.857ns delay reset to SLICE_19 (3.583ns delay and 0.274ns setup)

   Name    Fanout   Delay (ns)          Site               Resource
PADI_DEL    ---     1.132          4.PAD to        4.PADDI reset
ROUTE        35     2.451        4.PADDI to     R7C13A.LSR reset_c (to clk_c)
                  --------
                    3.583   (31.6% logic, 68.4% route), 1 logic levels.

Unconstrained Preference:
   INPUT_SETUP PORT "reset" CLKPORT "clk" 

Report:    3.857ns delay reset to SLICE_25 (3.583ns delay and 0.274ns setup)

   Name    Fanout   Delay (ns)          Site               Resource
PADI_DEL    ---     1.132          4.PAD to        4.PADDI reset
ROUTE        35     2.451        4.PADDI to     R4C12D.LSR reset_c (to clk_c)
                  --------
                    3.583   (31.6% logic, 68.4% route), 1 logic levels.

Unconstrained Preference:
   INPUT_SETUP PORT "reset" CLKPORT "clk" 

Report:    3.857ns delay reset to SLICE_26 (3.583ns delay and 0.274ns setup)

   Name    Fanout   Delay (ns)          Site               Resource
PADI_DEL    ---     1.132          4.PAD to        4.PADDI reset
ROUTE        35     2.451        4.PADDI to     R4C13A.LSR reset_c (to clk_c)
                  --------
                    3.583   (31.6% logic, 68.4% route), 1 logic levels.

Unconstrained Preference:
   INPUT_SETUP PORT "reset" CLKPORT "clk" 

Report:    3.857ns delay reset to SLICE_27 (3.583ns delay and 0.274ns setup)

   Name    Fanout   Delay (ns)          Site               Resource
PADI_DEL    ---     1.132          4.PAD to        4.PADDI reset
ROUTE        35     2.451        4.PADDI to     R4C13D.LSR reset_c (to clk_c)
                  --------
                    3.583   (31.6% logic, 68.4% route), 1 logic levels.

Unconstrained Preference:
   INPUT_SETUP PORT "reset" CLKPORT "clk" 

Report:    3.857ns delay reset to SLICE_28 (3.583ns delay and 0.274ns setup)

   Name    Fanout   Delay (ns)          Site               Resource
PADI_DEL    ---     1.132          4.PAD to        4.PADDI reset
ROUTE        35     2.451        4.PADDI to     R4C13B.LSR reset_c (to clk_c)
                  --------
                    3.583   (31.6% logic, 68.4% route), 1 logic levels.

Unconstrained Preference:
   INPUT_SETUP PORT "reset" CLKPORT "clk" 

Report:    3.857ns delay reset to SLICE_29 (3.583ns delay and 0.274ns setup)

   Name    Fanout   Delay (ns)          Site               Resource
PADI_DEL    ---     1.132          4.PAD to        4.PADDI reset
ROUTE        35     2.451        4.PADDI to     R5C13B.LSR reset_c (to clk_c)
                  --------
                    3.583   (31.6% logic, 68.4% route), 1 logic levels.

Unconstrained Preference:
   INPUT_SETUP PORT "reset" CLKPORT "clk" 

Report:    3.857ns delay reset to SLICE_30 (3.583ns delay and 0.274ns setup)

   Name    Fanout   Delay (ns)          Site               Resource
PADI_DEL    ---     1.132          4.PAD to        4.PADDI reset
ROUTE        35     2.451        4.PADDI to     R5C14D.LSR reset_c (to clk_c)
                  --------
                    3.583   (31.6% logic, 68.4% route), 1 logic levels.

Unconstrained Preference:
   INPUT_SETUP PORT "reset" CLKPORT "clk" 

Report:    3.857ns delay reset to SLICE_31 (3.583ns delay and 0.274ns setup)

   Name    Fanout   Delay (ns)          Site               Resource
PADI_DEL    ---     1.132          4.PAD to        4.PADDI reset
ROUTE        35     2.451        4.PADDI to     R5C14C.LSR reset_c (to clk_c)
                  --------
                    3.583   (31.6% logic, 68.4% route), 1 logic levels.

Unconstrained Preference:
   INPUT_SETUP PORT "reset" CLKPORT "clk" 

Report:    3.857ns delay reset to SLICE_32 (3.583ns delay and 0.274ns setup)

   Name    Fanout   Delay (ns)          Site               Resource
PADI_DEL    ---     1.132          4.PAD to        4.PADDI reset
ROUTE        35     2.451        4.PADDI to     R5C13C.LSR reset_c (to clk_c)
                  --------
                    3.583   (31.6% logic, 68.4% route), 1 logic levels.

Unconstrained Preference:
   INPUT_SETUP PORT "reset" CLKPORT "clk" 

Report:    3.857ns delay reset to SLICE_33 (3.583ns delay and 0.274ns setup)

   Name    Fanout   Delay (ns)          Site               Resource
PADI_DEL    ---     1.132          4.PAD to        4.PADDI reset
ROUTE        35     2.451        4.PADDI to     R7C12C.LSR reset_c (to clk_c)
                  --------
                    3.583   (31.6% logic, 68.4% route), 1 logic levels.

Unconstrained Preference:
   INPUT_SETUP PORT "reset" CLKPORT "clk" 

Report:    3.857ns delay reset to SLICE_34 (3.583ns delay and 0.274ns setup)

   Name    Fanout   Delay (ns)          Site               Resource
PADI_DEL    ---     1.132          4.PAD to        4.PADDI reset
ROUTE        35     2.451        4.PADDI to     R5C11B.LSR reset_c (to clk_c)
                  --------
                    3.583   (31.6% logic, 68.4% route), 1 logic levels.

Unconstrained Preference:
   INPUT_SETUP PORT "reset" CLKPORT "clk" 

Report:    3.857ns delay reset to SLICE_35 (3.583ns delay and 0.274ns setup)

   Name    Fanout   Delay (ns)          Site               Resource
PADI_DEL    ---     1.132          4.PAD to        4.PADDI reset
ROUTE        35     2.451        4.PADDI to     R5C11A.LSR reset_c (to clk_c)
                  --------
                    3.583   (31.6% logic, 68.4% route), 1 logic levels.

Unconstrained Preference:
   INPUT_SETUP PORT "reset" CLKPORT "clk" 

Report:    3.857ns delay reset to SLICE_36 (3.583ns delay and 0.274ns setup)

   Name    Fanout   Delay (ns)          Site               Resource
PADI_DEL    ---     1.132          4.PAD to        4.PADDI reset
ROUTE        35     2.451        4.PADDI to     R7C12A.LSR reset_c (to clk_c)
                  --------
                    3.583   (31.6% logic, 68.4% route), 1 logic levels.

Unconstrained Preference:
   INPUT_SETUP PORT "reset" CLKPORT "clk" 

Report:    3.857ns delay reset to SLICE_37 (3.583ns delay and 0.274ns setup)

   Name    Fanout   Delay (ns)          Site               Resource
PADI_DEL    ---     1.132          4.PAD to        4.PADDI reset
ROUTE        35     2.451        4.PADDI to     R5C12B.LSR reset_c (to clk_c)
                  --------
                    3.583   (31.6% logic, 68.4% route), 1 logic levels.

Unconstrained Preference:
   INPUT_SETUP PORT "reset" CLKPORT "clk" 

Report:    3.857ns delay reset to SLICE_38 (3.583ns delay and 0.274ns setup)

   Name    Fanout   Delay (ns)          Site               Resource
PADI_DEL    ---     1.132          4.PAD to        4.PADDI reset
ROUTE        35     2.451        4.PADDI to     R4C11B.LSR reset_c (to clk_c)
                  --------
                    3.583   (31.6% logic, 68.4% route), 1 logic levels.

Unconstrained Preference:
   INPUT_SETUP PORT "reset" CLKPORT "clk" 

Report:    3.857ns delay reset to SLICE_39 (3.583ns delay and 0.274ns setup)

   Name    Fanout   Delay (ns)          Site               Resource
PADI_DEL    ---     1.132          4.PAD to        4.PADDI reset
ROUTE        35     2.451        4.PADDI to     R5C11D.LSR reset_c (to clk_c)
                  --------
                    3.583   (31.6% logic, 68.4% route), 1 logic levels.

Unconstrained Preference:
   INPUT_SETUP PORT "reset" CLKPORT "clk" 

Report:    3.857ns delay reset to SLICE_4 (3.583ns delay and 0.274ns setup)

   Name    Fanout   Delay (ns)          Site               Resource
PADI_DEL    ---     1.132          4.PAD to        4.PADDI reset
ROUTE        35     2.451        4.PADDI to     R4C12C.LSR reset_c (to clk_c)
                  --------
                    3.583   (31.6% logic, 68.4% route), 1 logic levels.

Unconstrained Preference:
   INPUT_SETUP PORT "reset" CLKPORT "clk" 

Report:    3.857ns delay reset to SLICE_40 (3.583ns delay and 0.274ns setup)

   Name    Fanout   Delay (ns)          Site               Resource
PADI_DEL    ---     1.132          4.PAD to        4.PADDI reset
ROUTE        35     2.451        4.PADDI to     R4C12B.LSR reset_c (to clk_c)
                  --------
                    3.583   (31.6% logic, 68.4% route), 1 logic levels.

Unconstrained Preference:
   INPUT_SETUP PORT "reset" CLKPORT "clk" 

Report:    3.857ns delay reset to SLICE_41 (3.583ns delay and 0.274ns setup)

   Name    Fanout   Delay (ns)          Site               Resource
PADI_DEL    ---     1.132          4.PAD to        4.PADDI reset
ROUTE        35     2.451        4.PADDI to     R4C12A.LSR reset_c (to clk_c)
                  --------
                    3.583   (31.6% logic, 68.4% route), 1 logic levels.

Unconstrained Preference:
   INPUT_SETUP PORT "reset" CLKPORT "clk" 

Report:    3.857ns delay reset to SLICE_42 (3.583ns delay and 0.274ns setup)

   Name    Fanout   Delay (ns)          Site               Resource
PADI_DEL    ---     1.132          4.PAD to        4.PADDI reset
ROUTE        35     2.451        4.PADDI to     R5C13A.LSR reset_c (to clk_c)
                  --------
                    3.583   (31.6% logic, 68.4% route), 1 logic levels.

Unconstrained Preference:
   INPUT_SETUP PORT "reset" CLKPORT "clk" 

Report:    3.857ns delay reset to SLICE_43 (3.583ns delay and 0.274ns setup)

   Name    Fanout   Delay (ns)          Site               Resource
PADI_DEL    ---     1.132          4.PAD to        4.PADDI reset
ROUTE        35     2.451        4.PADDI to     R5C12A.LSR reset_c (to clk_c)
                  --------
                    3.583   (31.6% logic, 68.4% route), 1 logic levels.

Unconstrained Preference:
   INPUT_SETUP PORT "reset" CLKPORT "clk" 

Report:    3.857ns delay reset to SLICE_44 (3.583ns delay and 0.274ns setup)

   Name    Fanout   Delay (ns)          Site               Resource
PADI_DEL    ---     1.132          4.PAD to        4.PADDI reset
ROUTE        35     2.451        4.PADDI to     R4C11A.LSR reset_c (to clk_c)
                  --------
                    3.583   (31.6% logic, 68.4% route), 1 logic levels.

Unconstrained Preference:
   INPUT_SETUP PORT "reset" CLKPORT "clk" 

Report:    3.857ns delay reset to SLICE_45 (3.583ns delay and 0.274ns setup)

   Name    Fanout   Delay (ns)          Site               Resource
PADI_DEL    ---     1.132          4.PAD to        4.PADDI reset
ROUTE        35     2.451        4.PADDI to     R5C12C.LSR reset_c (to clk_c)
                  --------
                    3.583   (31.6% logic, 68.4% route), 1 logic levels.

Unconstrained Preference:
   INPUT_SETUP PORT "reset" CLKPORT "clk" 

Report:    3.857ns delay reset to SLICE_46 (3.583ns delay and 0.274ns setup)

   Name    Fanout   Delay (ns)          Site               Resource
PADI_DEL    ---     1.132          4.PAD to        4.PADDI reset
ROUTE        35     2.451        4.PADDI to     R5C12D.LSR reset_c (to clk_c)
                  --------
                    3.583   (31.6% logic, 68.4% route), 1 logic levels.

Unconstrained Preference:
   INPUT_SETUP PORT "reset" CLKPORT "clk" 

Report:    3.857ns delay reset to SLICE_47 (3.583ns delay and 0.274ns setup)

   Name    Fanout   Delay (ns)          Site               Resource
PADI_DEL    ---     1.132          4.PAD to        4.PADDI reset
ROUTE        35     2.451        4.PADDI to     R7C12D.LSR reset_c (to clk_c)
                  --------
                    3.583   (31.6% logic, 68.4% route), 1 logic levels.

Unconstrained Preference:
   INPUT_SETUP PORT "reset" CLKPORT "clk" 

Report:    3.857ns delay reset to SLICE_48 (3.583ns delay and 0.274ns setup)

   Name    Fanout   Delay (ns)          Site               Resource
PADI_DEL    ---     1.132          4.PAD to        4.PADDI reset
ROUTE        35     2.451        4.PADDI to     R7C12B.LSR reset_c (to clk_c)
                  --------
                    3.583   (31.6% logic, 68.4% route), 1 logic levels.

Unconstrained Preference:
   INPUT_SETUP PORT "reset" CLKPORT "clk" 

Report:    3.857ns delay reset to SLICE_71 (3.583ns delay and 0.274ns setup)

   Name    Fanout   Delay (ns)          Site               Resource
PADI_DEL    ---     1.132          4.PAD to        4.PADDI reset
ROUTE        35     2.451        4.PADDI to     R4C13C.LSR reset_c (to clk_c)
                  --------
                    3.583   (31.6% logic, 68.4% route), 1 logic levels.

Unconstrained Preference:
   INPUT_SETUP PORT "reset" CLKPORT "clk" 

Report:    3.805ns delay reset to serial_in_MGIOL (3.722ns delay and 0.083ns setup)

   Name    Fanout   Delay (ns)          Site               Resource
PADI_DEL    ---     1.132          4.PAD to        4.PADDI reset
ROUTE        35     2.590        4.PADDI to   IOL_T12D.LSR reset_c (to clk_c)
                  --------
                    3.722   (30.4% logic, 69.6% route), 1 logic levels.

Unconstrained Preference:
   INPUT_SETUP PORT "serial_in" CLKPORT "clk" 

Report:    2.292ns delay serial_in to serial_in_MGIOL (1.697ns delay and 0.595ns setup)

   Name    Fanout   Delay (ns)          Site               Resource
PADI_DEL    ---     1.132         27.PAD to       27.PADDI serial_in
ROUTE         1     0.565       27.PADDI to    IOL_T12D.DI serial_in_c (to clk_c)
                  --------
                    1.697   (66.7% logic, 33.3% route), 1 logic levels.


================================================================================
Preference: Unconstrained: CLOCK_TO_OUT
            19 unconstrained paths found
--------------------------------------------------------------------------------

Unconstrained Preference:
   CLOCK_TO_OUT PORT "serial_out" CLKPORT "clk" 

Report:    9.660ns delay SLICE_46 to serial_out

   Name    Fanout   Delay (ns)          Site               Resource
REG_DEL     ---     0.452     R5C12D.CLK to      R5C12D.Q0 SLICE_46 (from clk_c)
ROUTE         1     1.978      R5C12D.Q0 to      R7C12B.B1 observe[6]
CTOF_DEL    ---     0.495      R7C12B.B1 to      R7C12B.F1 SLICE_48
ROUTE         1     1.801      R7C12B.F1 to      R7C12A.A1 serial_out_11
CTOF_DEL    ---     0.495      R7C12A.A1 to      R7C12A.F1 SLICE_36
ROUTE         1     1.642      R7C12A.F1 to       14.PADDO serial_out_c
DOPAD_DEL   ---     2.797       14.PADDO to         14.PAD serial_out
                  --------
                    9.660   (43.9% logic, 56.1% route), 4 logic levels.

Unconstrained Preference:
   CLOCK_TO_OUT PORT "serial_out" CLKPORT "clk" 

Report:    8.901ns delay SLICE_39 to serial_out

   Name    Fanout   Delay (ns)          Site               Resource
REG_DEL     ---     0.452     R5C11D.CLK to      R5C11D.Q1 SLICE_39 (from clk_c)
ROUTE         1     1.001      R5C11D.Q1 to      R5C12A.B1 observe[3]
CTOF_DEL    ---     0.495      R5C12A.B1 to      R5C12A.F1 SLICE_43
ROUTE         1     0.693      R5C12A.F1 to      R5C12A.B0 serial_out_10
CTOF_DEL    ---     0.495      R5C12A.B0 to      R5C12A.F0 SLICE_43
ROUTE         1     0.831      R5C12A.F0 to      R7C12A.C1 serial_out_14
CTOF_DEL    ---     0.495      R7C12A.C1 to      R7C12A.F1 SLICE_36
ROUTE         1     1.642      R7C12A.F1 to       14.PADDO serial_out_c
DOPAD_DEL   ---     2.797       14.PADDO to         14.PAD serial_out
                  --------
                    8.901   (53.2% logic, 46.8% route), 5 logic levels.

Unconstrained Preference:
   CLOCK_TO_OUT PORT "serial_out" CLKPORT "clk" 

Report:    8.867ns delay SLICE_45 to serial_out

   Name    Fanout   Delay (ns)          Site               Resource
REG_DEL     ---     0.452     R5C12C.CLK to      R5C12C.Q1 SLICE_45 (from clk_c)
ROUTE         1     0.967      R5C12C.Q1 to      R5C12A.A1 observe[5]
CTOF_DEL    ---     0.495      R5C12A.A1 to      R5C12A.F1 SLICE_43
ROUTE         1     0.693      R5C12A.F1 to      R5C12A.B0 serial_out_10
CTOF_DEL    ---     0.495      R5C12A.B0 to      R5C12A.F0 SLICE_43
ROUTE         1     0.831      R5C12A.F0 to      R7C12A.C1 serial_out_14
CTOF_DEL    ---     0.495      R7C12A.C1 to      R7C12A.F1 SLICE_36
ROUTE         1     1.642      R7C12A.F1 to       14.PADDO serial_out_c
DOPAD_DEL   ---     2.797       14.PADDO to         14.PAD serial_out
                  --------
                    8.867   (53.4% logic, 46.6% route), 5 logic levels.

Unconstrained Preference:
   CLOCK_TO_OUT PORT "serial_out" CLKPORT "clk" 

Report:    8.863ns delay SLICE_43 to serial_out

   Name    Fanout   Delay (ns)          Site               Resource
REG_DEL     ---     0.452     R5C12A.CLK to      R5C12A.Q0 SLICE_43 (from clk_c)
ROUTE         1     2.356      R5C12A.Q0 to      R7C12A.A0 observe[14]
CTOF_DEL    ---     0.495      R7C12A.A0 to      R7C12A.F0 SLICE_36
ROUTE         1     0.626      R7C12A.F0 to      R7C12A.D1 serial_out_13
CTOF_DEL    ---     0.495      R7C12A.D1 to      R7C12A.F1 SLICE_36
ROUTE         1     1.642      R7C12A.F1 to       14.PADDO serial_out_c
DOPAD_DEL   ---     2.797       14.PADDO to         14.PAD serial_out
                  --------
                    8.863   (47.8% logic, 52.2% route), 4 logic levels.

Unconstrained Preference:
   CLOCK_TO_OUT PORT "serial_out" CLKPORT "clk" 

Report:    8.825ns delay SLICE_46 to serial_out

   Name    Fanout   Delay (ns)          Site               Resource
REG_DEL     ---     0.452     R5C12D.CLK to      R5C12D.Q1 SLICE_46 (from clk_c)
ROUTE         1     1.143      R5C12D.Q1 to      R7C12B.C1 observe[7]
CTOF_DEL    ---     0.495      R7C12B.C1 to      R7C12B.F1 SLICE_48
ROUTE         1     1.801      R7C12B.F1 to      R7C12A.A1 serial_out_11
CTOF_DEL    ---     0.495      R7C12A.A1 to      R7C12A.F1 SLICE_36
ROUTE         1     1.642      R7C12A.F1 to       14.PADDO serial_out_c
DOPAD_DEL   ---     2.797       14.PADDO to         14.PAD serial_out
                  --------
                    8.825   (48.0% logic, 52.0% route), 4 logic levels.

Unconstrained Preference:
   CLOCK_TO_OUT PORT "serial_out" CLKPORT "clk" 

Report:    8.649ns delay SLICE_47 to serial_out

   Name    Fanout   Delay (ns)          Site               Resource
REG_DEL     ---     0.452     R7C12D.CLK to      R7C12D.Q1 SLICE_47 (from clk_c)
ROUTE         1     0.967      R7C12D.Q1 to      R7C12B.A1 observe[9]
CTOF_DEL    ---     0.495      R7C12B.A1 to      R7C12B.F1 SLICE_48
ROUTE         1     1.801      R7C12B.F1 to      R7C12A.A1 serial_out_11
CTOF_DEL    ---     0.495      R7C12A.A1 to      R7C12A.F1 SLICE_36
ROUTE         1     1.642      R7C12A.F1 to       14.PADDO serial_out_c
DOPAD_DEL   ---     2.797       14.PADDO to         14.PAD serial_out
                  --------
                    8.649   (49.0% logic, 51.0% route), 4 logic levels.

Unconstrained Preference:
   CLOCK_TO_OUT PORT "serial_out" CLKPORT "clk" 

Report:    8.647ns delay SLICE_45 to serial_out

   Name    Fanout   Delay (ns)          Site               Resource
REG_DEL     ---     0.452     R5C12C.CLK to      R5C12C.Q0 SLICE_45 (from clk_c)
ROUTE         1     0.747      R5C12C.Q0 to      R5C12A.C1 observe[4]
CTOF_DEL    ---     0.495      R5C12A.C1 to      R5C12A.F1 SLICE_43
ROUTE         1     0.693      R5C12A.F1 to      R5C12A.B0 serial_out_10
CTOF_DEL    ---     0.495      R5C12A.B0 to      R5C12A.F0 SLICE_43
ROUTE         1     0.831      R5C12A.F0 to      R7C12A.C1 serial_out_14
CTOF_DEL    ---     0.495      R7C12A.C1 to      R7C12A.F1 SLICE_36
ROUTE         1     1.642      R7C12A.F1 to       14.PADDO serial_out_c
DOPAD_DEL   ---     2.797       14.PADDO to         14.PAD serial_out
                  --------
                    8.647   (54.7% logic, 45.3% route), 5 logic levels.

Unconstrained Preference:
   CLOCK_TO_OUT PORT "serial_out" CLKPORT "clk" 

Report:    8.608ns delay SLICE_35 to serial_out

   Name    Fanout   Delay (ns)          Site               Resource
REG_DEL     ---     0.452     R5C11A.CLK to      R5C11A.Q1 SLICE_35 (from clk_c)
ROUTE         1     1.896      R5C11A.Q1 to      R5C12A.D0 observe[18]
CTOF_DEL    ---     0.495      R5C12A.D0 to      R5C12A.F0 SLICE_43
ROUTE         1     0.831      R5C12A.F0 to      R7C12A.C1 serial_out_14
CTOF_DEL    ---     0.495      R7C12A.C1 to      R7C12A.F1 SLICE_36
ROUTE         1     1.642      R7C12A.F1 to       14.PADDO serial_out_c
DOPAD_DEL   ---     2.797       14.PADDO to         14.PAD serial_out
                  --------
                    8.608   (49.2% logic, 50.8% route), 4 logic levels.

Unconstrained Preference:
   CLOCK_TO_OUT PORT "serial_out" CLKPORT "clk" 

Report:    8.545ns delay SLICE_39 to serial_out

   Name    Fanout   Delay (ns)          Site               Resource
REG_DEL     ---     0.452     R5C11D.CLK to      R5C11D.Q0 SLICE_39 (from clk_c)
ROUTE         1     0.645      R5C11D.Q0 to      R5C12A.D1 observe[2]
CTOF_DEL    ---     0.495      R5C12A.D1 to      R5C12A.F1 SLICE_43
ROUTE         1     0.693      R5C12A.F1 to      R5C12A.B0 serial_out_10
CTOF_DEL    ---     0.495      R5C12A.B0 to      R5C12A.F0 SLICE_43
ROUTE         1     0.831      R5C12A.F0 to      R7C12A.C1 serial_out_14
CTOF_DEL    ---     0.495      R7C12A.C1 to      R7C12A.F1 SLICE_36
ROUTE         1     1.642      R7C12A.F1 to       14.PADDO serial_out_c
DOPAD_DEL   ---     2.797       14.PADDO to         14.PAD serial_out
                  --------
                    8.545   (55.4% logic, 44.6% route), 5 logic levels.

Unconstrained Preference:
   CLOCK_TO_OUT PORT "serial_out" CLKPORT "clk" 

Report:    8.485ns delay SLICE_43 to serial_out

   Name    Fanout   Delay (ns)          Site               Resource
REG_DEL     ---     0.452     R5C12A.CLK to      R5C12A.Q1 SLICE_43 (from clk_c)
ROUTE         1     1.978      R5C12A.Q1 to      R7C12A.B0 observe[15]
CTOF_DEL    ---     0.495      R7C12A.B0 to      R7C12A.F0 SLICE_36
ROUTE         1     0.626      R7C12A.F0 to      R7C12A.D1 serial_out_13
CTOF_DEL    ---     0.495      R7C12A.D1 to      R7C12A.F1 SLICE_36
ROUTE         1     1.642      R7C12A.F1 to       14.PADDO serial_out_c
DOPAD_DEL   ---     2.797       14.PADDO to         14.PAD serial_out
                  --------
                    8.485   (50.0% logic, 50.0% route), 4 logic levels.

Unconstrained Preference:
   CLOCK_TO_OUT PORT "serial_out" CLKPORT "clk" 

Report:    8.387ns delay SLICE_4 to serial_out

   Name    Fanout   Delay (ns)          Site               Resource
REG_DEL     ---     0.452     R4C12C.CLK to      R4C12C.Q0 SLICE_4 (from clk_c)
ROUTE         1     1.675      R4C12C.Q0 to      R5C12A.C0 observe[0]
CTOF_DEL    ---     0.495      R5C12A.C0 to      R5C12A.F0 SLICE_43
ROUTE         1     0.831      R5C12A.F0 to      R7C12A.C1 serial_out_14
CTOF_DEL    ---     0.495      R7C12A.C1 to      R7C12A.F1 SLICE_36
ROUTE         1     1.642      R7C12A.F1 to       14.PADDO serial_out_c
DOPAD_DEL   ---     2.797       14.PADDO to         14.PAD serial_out
                  --------
                    8.387   (50.5% logic, 49.5% route), 4 logic levels.

Unconstrained Preference:
   CLOCK_TO_OUT PORT "serial_out" CLKPORT "clk" 

Report:    8.308ns delay SLICE_47 to serial_out

   Name    Fanout   Delay (ns)          Site               Resource
REG_DEL     ---     0.452     R7C12D.CLK to      R7C12D.Q0 SLICE_47 (from clk_c)
ROUTE         1     0.626      R7C12D.Q0 to      R7C12B.D1 observe[8]
CTOF_DEL    ---     0.495      R7C12B.D1 to      R7C12B.F1 SLICE_48
ROUTE         1     1.801      R7C12B.F1 to      R7C12A.A1 serial_out_11
CTOF_DEL    ---     0.495      R7C12A.A1 to      R7C12A.F1 SLICE_36
ROUTE         1     1.642      R7C12A.F1 to       14.PADDO serial_out_c
DOPAD_DEL   ---     2.797       14.PADDO to         14.PAD serial_out
                  --------
                    8.308   (51.0% logic, 49.0% route), 4 logic levels.

Unconstrained Preference:
   CLOCK_TO_OUT PORT "serial_out" CLKPORT "clk" 

Report:    8.219ns delay SLICE_35 to serial_out

   Name    Fanout   Delay (ns)          Site               Resource
REG_DEL     ---     0.452     R5C11A.CLK to      R5C11A.Q0 SLICE_35 (from clk_c)
ROUTE         1     1.712      R5C11A.Q0 to      R7C12A.D0 observe[17]
CTOF_DEL    ---     0.495      R7C12A.D0 to      R7C12A.F0 SLICE_36
ROUTE         1     0.626      R7C12A.F0 to      R7C12A.D1 serial_out_13
CTOF_DEL    ---     0.495      R7C12A.D1 to      R7C12A.F1 SLICE_36
ROUTE         1     1.642      R7C12A.F1 to       14.PADDO serial_out_c
DOPAD_DEL   ---     2.797       14.PADDO to         14.PAD serial_out
                  --------
                    8.219   (51.6% logic, 48.4% route), 4 logic levels.

Unconstrained Preference:
   CLOCK_TO_OUT PORT "serial_out" CLKPORT "clk" 

Report:    8.155ns delay SLICE_36 to serial_out

   Name    Fanout   Delay (ns)          Site               Resource
REG_DEL     ---     0.452     R7C12A.CLK to      R7C12A.Q0 SLICE_36 (from clk_c)
ROUTE         1     1.581      R7C12A.Q0 to      R7C12B.C0 observe[12]
CTOF_DEL    ---     0.495      R7C12B.C0 to      R7C12B.F0 SLICE_48
ROUTE         1     0.693      R7C12B.F0 to      R7C12A.B1 serial_out_12
CTOF_DEL    ---     0.495      R7C12A.B1 to      R7C12A.F1 SLICE_36
ROUTE         1     1.642      R7C12A.F1 to       14.PADDO serial_out_c
DOPAD_DEL   ---     2.797       14.PADDO to         14.PAD serial_out
                  --------
                    8.155   (52.0% logic, 48.0% route), 4 logic levels.

Unconstrained Preference:
   CLOCK_TO_OUT PORT "serial_out" CLKPORT "clk" 

Report:    7.698ns delay SLICE_4 to serial_out

   Name    Fanout   Delay (ns)          Site               Resource
REG_DEL     ---     0.452     R4C12C.CLK to      R4C12C.Q1 SLICE_4 (from clk_c)
ROUTE         1     0.986      R4C12C.Q1 to      R5C12A.A0 observe[1]
CTOF_DEL    ---     0.495      R5C12A.A0 to      R5C12A.F0 SLICE_43
ROUTE         1     0.831      R5C12A.F0 to      R7C12A.C1 serial_out_14
CTOF_DEL    ---     0.495      R7C12A.C1 to      R7C12A.F1 SLICE_36
ROUTE         1     1.642      R7C12A.F1 to       14.PADDO serial_out_c
DOPAD_DEL   ---     2.797       14.PADDO to         14.PAD serial_out
                  --------
                    7.698   (55.1% logic, 44.9% route), 4 logic levels.

Unconstrained Preference:
   CLOCK_TO_OUT PORT "serial_out" CLKPORT "clk" 

Report:    7.578ns delay SLICE_36 to serial_out

   Name    Fanout   Delay (ns)          Site               Resource
REG_DEL     ---     0.452     R7C12A.CLK to      R7C12A.Q1 SLICE_36 (from clk_c)
ROUTE         1     1.004      R7C12A.Q1 to      R7C12B.B0 observe[13]
CTOF_DEL    ---     0.495      R7C12B.B0 to      R7C12B.F0 SLICE_48
ROUTE         1     0.693      R7C12B.F0 to      R7C12A.B1 serial_out_12
CTOF_DEL    ---     0.495      R7C12A.B1 to      R7C12A.F1 SLICE_36
ROUTE         1     1.642      R7C12A.F1 to       14.PADDO serial_out_c
DOPAD_DEL   ---     2.797       14.PADDO to         14.PAD serial_out
                  --------
                    7.578   (55.9% logic, 44.1% route), 4 logic levels.

Unconstrained Preference:
   CLOCK_TO_OUT PORT "serial_out" CLKPORT "clk" 

Report:    7.541ns delay SLICE_48 to serial_out

   Name    Fanout   Delay (ns)          Site               Resource
REG_DEL     ---     0.452     R7C12B.CLK to      R7C12B.Q1 SLICE_48 (from clk_c)
ROUTE         1     0.967      R7C12B.Q1 to      R7C12B.A0 observe[11]
CTOF_DEL    ---     0.495      R7C12B.A0 to      R7C12B.F0 SLICE_48
ROUTE         1     0.693      R7C12B.F0 to      R7C12A.B1 serial_out_12
CTOF_DEL    ---     0.495      R7C12A.B1 to      R7C12A.F1 SLICE_36
ROUTE         1     1.642      R7C12A.F1 to       14.PADDO serial_out_c
DOPAD_DEL   ---     2.797       14.PADDO to         14.PAD serial_out
                  --------
                    7.541   (56.2% logic, 43.8% route), 4 logic levels.

Unconstrained Preference:
   CLOCK_TO_OUT PORT "serial_out" CLKPORT "clk" 

Report:    7.254ns delay SLICE_33 to serial_out

   Name    Fanout   Delay (ns)          Site               Resource
REG_DEL     ---     0.452     R7C12C.CLK to      R7C12C.Q1 SLICE_33 (from clk_c)
ROUTE         1     0.747      R7C12C.Q1 to      R7C12A.C0 observe[16]
CTOF_DEL    ---     0.495      R7C12A.C0 to      R7C12A.F0 SLICE_36
ROUTE         1     0.626      R7C12A.F0 to      R7C12A.D1 serial_out_13
CTOF_DEL    ---     0.495      R7C12A.D1 to      R7C12A.F1 SLICE_36
ROUTE         1     1.642      R7C12A.F1 to       14.PADDO serial_out_c
DOPAD_DEL   ---     2.797       14.PADDO to         14.PAD serial_out
                  --------
                    7.254   (58.4% logic, 41.6% route), 4 logic levels.

Unconstrained Preference:
   CLOCK_TO_OUT PORT "serial_out" CLKPORT "clk" 

Report:    7.200ns delay SLICE_48 to serial_out

   Name    Fanout   Delay (ns)          Site               Resource
REG_DEL     ---     0.452     R7C12B.CLK to      R7C12B.Q0 SLICE_48 (from clk_c)
ROUTE         1     0.626      R7C12B.Q0 to      R7C12B.D0 observe[10]
CTOF_DEL    ---     0.495      R7C12B.D0 to      R7C12B.F0 SLICE_48
ROUTE         1     0.693      R7C12B.F0 to      R7C12A.B1 serial_out_12
CTOF_DEL    ---     0.495      R7C12A.B1 to      R7C12A.F1 SLICE_36
ROUTE         1     1.642      R7C12A.F1 to       14.PADDO serial_out_c
DOPAD_DEL   ---     2.797       14.PADDO to         14.PAD serial_out
                  --------
                    7.200   (58.9% logic, 41.1% route), 4 logic levels.


================================================================================
Preference: Unconstrained: MAXDELAY
            0 unconstrained paths found
--------------------------------------------------------------------------------

Report Summary
--------------
----------------------------------------------------------------------------
Preference                              |   Constraint|       Actual|Levels
----------------------------------------------------------------------------
                                        |             |             |
FREQUENCY PORT "clk" 29.560000 MHz ;    |   29.560 MHz|   96.862 MHz|   6  
                                        |             |             |
----------------------------------------------------------------------------


All preferences were met.


Clock Domains Analysis
------------------------

Found 1 clocks:

Clock Domain: clk_c   Source: clk.PAD   Loads: 35
   Covered under: FREQUENCY PORT "clk" 29.560000 MHz ;


--------------------------------------------------------------------------------
                Connections not covered by the preferences
--------------------------------------------------------------------------------

     Delay                        Element                 Net

    1.642ns          SLICE_36.F1 to     serial_out.PADDO serial_out_c
    3.372ns          reset.PADDI to       apr/SLICE_0.A0 reset_c
    3.031ns          reset.PADDI to       apr/SLICE_0.D1 reset_c
    2.451ns          reset.PADDI to          SLICE_4.LSR reset_c
    2.451ns          reset.PADDI to         SLICE_14.LSR reset_c
    2.451ns          reset.PADDI to         SLICE_16.LSR reset_c
    2.451ns          reset.PADDI to         SLICE_17.LSR reset_c
    2.451ns          reset.PADDI to         SLICE_18.LSR reset_c
    2.451ns          reset.PADDI to         SLICE_19.LSR reset_c
    2.451ns          reset.PADDI to         SLICE_25.LSR reset_c
    2.451ns          reset.PADDI to         SLICE_26.LSR reset_c
    2.451ns          reset.PADDI to         SLICE_27.LSR reset_c
    2.451ns          reset.PADDI to         SLICE_28.LSR reset_c
    2.451ns          reset.PADDI to         SLICE_29.LSR reset_c
    2.451ns          reset.PADDI to         SLICE_30.LSR reset_c
    2.451ns          reset.PADDI to         SLICE_31.LSR reset_c
    2.451ns          reset.PADDI to         SLICE_32.LSR reset_c
    2.451ns          reset.PADDI to         SLICE_33.LSR reset_c
    3.031ns          reset.PADDI to          SLICE_34.D0 reset_c
    2.451ns          reset.PADDI to         SLICE_34.LSR reset_c
    2.451ns          reset.PADDI to         SLICE_35.LSR reset_c
    2.451ns          reset.PADDI to         SLICE_36.LSR reset_c
    2.451ns          reset.PADDI to         SLICE_37.LSR reset_c
    2.451ns          reset.PADDI to         SLICE_38.LSR reset_c
    2.451ns          reset.PADDI to         SLICE_39.LSR reset_c
    2.451ns          reset.PADDI to         SLICE_40.LSR reset_c
    2.451ns          reset.PADDI to         SLICE_41.LSR reset_c
    2.451ns          reset.PADDI to         SLICE_42.LSR reset_c
    2.451ns          reset.PADDI to         SLICE_43.LSR reset_c
    2.451ns          reset.PADDI to         SLICE_44.LSR reset_c
    2.451ns          reset.PADDI to         SLICE_45.LSR reset_c
    2.451ns          reset.PADDI to         SLICE_46.LSR reset_c
    2.451ns          reset.PADDI to         SLICE_47.LSR reset_c
    2.451ns          reset.PADDI to         SLICE_48.LSR reset_c
    2.451ns          reset.PADDI to         SLICE_71.LSR reset_c
    2.590ns          reset.PADDI to  serial_in_MGIOL.LSR reset_c
    1.896ns          SLICE_35.Q1 to          SLICE_43.D0 observe[18]
    0.565ns      serial_in.PADDI to   serial_in_MGIOL.DI serial_in_c
    2.356ns          SLICE_43.Q0 to          SLICE_36.A0 observe[14]
    1.978ns          SLICE_43.Q1 to          SLICE_36.B0 observe[15]
    0.747ns          SLICE_33.Q1 to          SLICE_36.C0 observe[16]
    1.712ns          SLICE_35.Q0 to          SLICE_36.D0 observe[17]
    0.626ns          SLICE_36.F0 to          SLICE_36.D1 serial_out_13
    1.675ns           SLICE_4.Q0 to          SLICE_43.C0 observe[0]
    0.986ns           SLICE_4.Q1 to          SLICE_43.A0 observe[1]
    0.645ns          SLICE_39.Q0 to          SLICE_43.D1 observe[2]
    1.001ns          SLICE_39.Q1 to          SLICE_43.B1 observe[3]
    0.747ns          SLICE_45.Q0 to          SLICE_43.C1 observe[4]
    0.967ns          SLICE_45.Q1 to          SLICE_43.A1 observe[5]
    1.978ns          SLICE_46.Q0 to          SLICE_48.B1 observe[6]
    1.143ns          SLICE_46.Q1 to          SLICE_48.C1 observe[7]
    0.626ns          SLICE_47.Q0 to          SLICE_48.D1 observe[8]
    0.967ns          SLICE_47.Q1 to          SLICE_48.A1 observe[9]
    0.626ns          SLICE_48.Q0 to          SLICE_48.D0 observe[10]
    0.967ns          SLICE_48.Q1 to          SLICE_48.A0 observe[11]
    1.581ns          SLICE_36.Q0 to          SLICE_48.C0 observe[12]
    1.004ns          SLICE_36.Q1 to          SLICE_48.B0 observe[13]
    1.801ns          SLICE_48.F1 to          SLICE_36.A1 serial_out_11
    0.693ns          SLICE_48.F0 to          SLICE_36.B1 serial_out_12
    0.831ns          SLICE_43.F0 to          SLICE_36.C1 serial_out_14
    0.693ns          SLICE_43.F1 to          SLICE_43.B0 serial_out_10

--------------------------------------------------------------------------------


Timing summary (Setup):
---------------

Timing errors: 0  Score: 0
Cumulative negative slack: 0

Constraints cover 355 paths, 1 nets, and 237 connections (79.53% coverage)

--------------------------------------------------------------------------------
Lattice TRACE Report - Hold, Version Diamond (64-bit) 3.14.0.75.2
Thu Sep 10 10:22:27 2026

Copyright (c) 1991-1994 by NeoCAD Inc. All rights reserved.
Copyright (c) 1995 AT&T Corp.   All rights reserved.
Copyright (c) 1995-2001 Lucent Technologies Inc.  All rights reserved.
Copyright (c) 2001 Agere Systems   All rights reserved.
Copyright (c) 2002-2024 Lattice Semiconductor Corporation,  All rights reserved.

Report Information
------------------
Command line:    trce -v 10 -c -u 0 -gt -sethld -sp 4 -sphld m -o cp33c_impl1.twr cp33c_impl1.ncd cp33c_impl1.prf 
Design file:     cp33c_impl1.ncd
Preference file: cp33c_impl1.prf
Device,speed:    LCMXO2-1200HC,m
Report level:    verbose report, limited to 10 items per preference
--------------------------------------------------------------------------------

BLOCK ASYNCPATHS
BLOCK RESETPATHS
--------------------------------------------------------------------------------



================================================================================
Preference: FREQUENCY PORT "clk" 29.560000 MHz ;
            355 items scored, 0 timing errors detected.
--------------------------------------------------------------------------------


Passed: The following path meets requirements by 0.177ns

 Logical Details:  Cell type  Pin type       Cell/ASIC name  (clock net +/-)

   Source:         FF         Q              stimulus[10]  (from clk_c +)
   Destination:    DP8KC      Port           apr/ram/memory(ASIC)  (to clk_c +)

   Delay:               0.306ns  (43.5% logic, 56.5% route), 1 logic levels.

 Constraint Details:

      0.306ns physical path delay SLICE_34 to apr/ram/memory meets
      0.074ns DATA_HLD and
      0.000ns delay constraint less
     -0.055ns skew requirement (totaling 0.129ns) by 0.177ns

 Physical Path Details:

      Data path SLICE_34 to apr/ram/memory:

   Name    Fanout   Delay (ns)          Site               Resource
REG_DEL     ---     0.133     R5C11B.CLK to      R5C11B.Q0 SLICE_34 (from clk_c)
ROUTE         2     0.173      R5C11B.Q0 to EBR_R6C10.DIB2 stimulus[10] (to clk_c)
                  --------
                    0.306   (43.5% logic, 56.5% route), 1 logic levels.

 Clock Skew Details: 

      Source Clock Path clk to SLICE_34:

   Name    Fanout   Delay (ns)          Site               Resource
ROUTE        35     0.765       13.PADDI to     R5C11B.CLK clk_c
                  --------
                    0.765   (0.0% logic, 100.0% route), 0 logic levels.

      Destination Clock Path clk to apr/ram/memory:

   Name    Fanout   Delay (ns)          Site               Resource
ROUTE        35     0.820       13.PADDI to EBR_R6C10.CLKB clk_c
                  --------
                    0.820   (0.0% logic, 100.0% route), 0 logic levels.


Passed: The following path meets requirements by 0.214ns

 Logical Details:  Cell type  Pin type       Cell/ASIC name  (clock net +/-)

   Source:         FF         Q              stimulus[12]  (from clk_c +)
   Destination:    DP8KC      Port           apr/ram/memory(ASIC)  (to clk_c +)

   Delay:               0.343ns  (38.8% logic, 61.2% route), 1 logic levels.

 Constraint Details:

      0.343ns physical path delay SLICE_37 to apr/ram/memory meets
      0.074ns DATA_HLD and
      0.000ns delay constraint less
     -0.055ns skew requirement (totaling 0.129ns) by 0.214ns

 Physical Path Details:

      Data path SLICE_37 to apr/ram/memory:

   Name    Fanout   Delay (ns)          Site               Resource
REG_DEL     ---     0.133     R5C12B.CLK to      R5C12B.Q0 SLICE_37 (from clk_c)
ROUTE         2     0.210      R5C12B.Q0 to EBR_R6C10.DIB4 stimulus[12] (to clk_c)
                  --------
                    0.343   (38.8% logic, 61.2% route), 1 logic levels.

 Clock Skew Details: 

      Source Clock Path clk to SLICE_37:

   Name    Fanout   Delay (ns)          Site               Resource
ROUTE        35     0.765       13.PADDI to     R5C12B.CLK clk_c
                  --------
                    0.765   (0.0% logic, 100.0% route), 0 logic levels.

      Destination Clock Path clk to apr/ram/memory:

   Name    Fanout   Delay (ns)          Site               Resource
ROUTE        35     0.820       13.PADDI to EBR_R6C10.CLKB clk_c
                  --------
                    0.820   (0.0% logic, 100.0% route), 0 logic levels.


Passed: The following path meets requirements by 0.283ns

 Logical Details:  Cell type  Pin type       Cell/ASIC name  (clock net +/-)

   Source:         FF         Q              stimulus[15]  (from clk_c +)
   Destination:    DP8KC      Port           apr/ram/memory(ASIC)  (to clk_c +)

   Delay:               0.412ns  (32.3% logic, 67.7% route), 1 logic levels.

 Constraint Details:

      0.412ns physical path delay SLICE_38 to apr/ram/memory meets
      0.074ns DATA_HLD and
      0.000ns delay constraint less
     -0.055ns skew requirement (totaling 0.129ns) by 0.283ns

 Physical Path Details:

      Data path SLICE_38 to apr/ram/memory:

   Name    Fanout   Delay (ns)          Site               Resource
REG_DEL     ---     0.133     R4C11B.CLK to      R4C11B.Q1 SLICE_38 (from clk_c)
ROUTE         2     0.279      R4C11B.Q1 to EBR_R6C10.DIB7 stimulus[15] (to clk_c)
                  --------
                    0.412   (32.3% logic, 67.7% route), 1 logic levels.

 Clock Skew Details: 

      Source Clock Path clk to SLICE_38:

   Name    Fanout   Delay (ns)          Site               Resource
ROUTE        35     0.765       13.PADDI to     R4C11B.CLK clk_c
                  --------
                    0.765   (0.0% logic, 100.0% route), 0 logic levels.

      Destination Clock Path clk to apr/ram/memory:

   Name    Fanout   Delay (ns)          Site               Resource
ROUTE        35     0.820       13.PADDI to EBR_R6C10.CLKB clk_c
                  --------
                    0.820   (0.0% logic, 100.0% route), 0 logic levels.


Passed: The following path meets requirements by 0.292ns

 Logical Details:  Cell type  Pin type       Cell/ASIC name  (clock net +/-)

   Source:         FF         Q              stimulus[31]  (from clk_c +)
   Destination:    DP8KC      Port           apr/ram/memory(ASIC)  (to clk_c +)

   Delay:               0.419ns  (31.7% logic, 68.3% route), 1 logic levels.

 Constraint Details:

      0.419ns physical path delay SLICE_28 to apr/ram/memory meets
      0.072ns ADDR_HLD and
      0.000ns delay constraint less
     -0.055ns skew requirement (totaling 0.127ns) by 0.292ns

 Physical Path Details:

      Data path SLICE_28 to apr/ram/memory:

   Name    Fanout   Delay (ns)          Site               Resource
REG_DEL     ---     0.133     R4C13B.CLK to      R4C13B.Q1 SLICE_28 (from clk_c)
ROUTE         5     0.286      R4C13B.Q1 to *R_R6C10.ADB10 entry[5] (to clk_c)
                  --------
                    0.419   (31.7% logic, 68.3% route), 1 logic levels.

 Clock Skew Details: 

      Source Clock Path clk to SLICE_28:

   Name    Fanout   Delay (ns)          Site               Resource
ROUTE        35     0.765       13.PADDI to     R4C13B.CLK clk_c
                  --------
                    0.765   (0.0% logic, 100.0% route), 0 logic levels.

      Destination Clock Path clk to apr/ram/memory:

   Name    Fanout   Delay (ns)          Site               Resource
ROUTE        35     0.820       13.PADDI to EBR_R6C10.CLKB clk_c
                  --------
                    0.820   (0.0% logic, 100.0% route), 0 logic levels.


Passed: The following path meets requirements by 0.304ns

 Logical Details:  Cell type  Pin type       Cell/ASIC name  (clock net +/-)

   Source:         FF         Q              apr/ready  (from clk_c +)
   Destination:    FF         Data in        observe[2]  (to clk_c +)

   Delay:               0.285ns  (46.7% logic, 53.3% route), 1 logic levels.

 Constraint Details:

      0.285ns physical path delay SLICE_14 to SLICE_39 meets
     -0.019ns M_HLD and
      0.000ns delay constraint less
      0.000ns skew requirement (totaling -0.019ns) by 0.304ns

 Physical Path Details:

      Data path SLICE_14 to SLICE_39:

   Name    Fanout   Delay (ns)          Site               Resource
REG_DEL     ---     0.133     R5C11C.CLK to      R5C11C.Q0 SLICE_14 (from clk_c)
ROUTE         1     0.152      R5C11C.Q0 to      R5C11D.M0 ready (to clk_c)
                  --------
                    0.285   (46.7% logic, 53.3% route), 1 logic levels.

 Clock Skew Details: 

      Source Clock Path clk to SLICE_14:

   Name    Fanout   Delay (ns)          Site               Resource
ROUTE        35     0.765       13.PADDI to     R5C11C.CLK clk_c
                  --------
                    0.765   (0.0% logic, 100.0% route), 0 logic levels.

      Destination Clock Path clk to SLICE_39:

   Name    Fanout   Delay (ns)          Site               Resource
ROUTE        35     0.765       13.PADDI to     R5C11D.CLK clk_c
                  --------
                    0.765   (0.0% logic, 100.0% route), 0 logic levels.


Passed: The following path meets requirements by 0.304ns

 Logical Details:  Cell type  Pin type       Cell/ASIC name  (clock net +/-)

   Source:         FF         Q              stimulus[20]  (from clk_c +)
   Destination:    FF         Data in        stimulus[21]  (to clk_c +)

   Delay:               0.285ns  (46.7% logic, 53.3% route), 1 logic levels.

 Constraint Details:

      0.285ns physical path delay SLICE_40 to SLICE_40 meets
     -0.019ns M_HLD and
      0.000ns delay constraint less
      0.000ns skew requirement (totaling -0.019ns) by 0.304ns

 Physical Path Details:

      Data path SLICE_40 to SLICE_40:

   Name    Fanout   Delay (ns)          Site               Resource
REG_DEL     ---     0.133     R4C12B.CLK to      R4C12B.Q0 SLICE_40 (from clk_c)
ROUTE         1     0.152      R4C12B.Q0 to      R4C12B.M1 stimulus[20] (to clk_c)
                  --------
                    0.285   (46.7% logic, 53.3% route), 1 logic levels.

 Clock Skew Details: 

      Source Clock Path clk to SLICE_40:

   Name    Fanout   Delay (ns)          Site               Resource
ROUTE        35     0.765       13.PADDI to     R4C12B.CLK clk_c
                  --------
                    0.765   (0.0% logic, 100.0% route), 0 logic levels.

      Destination Clock Path clk to SLICE_40:

   Name    Fanout   Delay (ns)          Site               Resource
ROUTE        35     0.765       13.PADDI to     R4C12B.CLK clk_c
                  --------
                    0.765   (0.0% logic, 100.0% route), 0 logic levels.


Passed: The following path meets requirements by 0.306ns

 Logical Details:  Cell type  Pin type       Cell/ASIC name  (clock net +/-)

   Source:         FF         Q              stimulus[4]  (from clk_c +)
   Destination:    FF         Data in        stimulus[5]  (to clk_c +)

   Delay:               0.287ns  (46.3% logic, 53.7% route), 1 logic levels.

 Constraint Details:

      0.287ns physical path delay SLICE_17 to SLICE_17 meets
     -0.019ns M_HLD and
      0.000ns delay constraint less
      0.000ns skew requirement (totaling -0.019ns) by 0.306ns

 Physical Path Details:

      Data path SLICE_17 to SLICE_17:

   Name    Fanout   Delay (ns)          Site               Resource
REG_DEL     ---     0.133     R7C13B.CLK to      R7C13B.Q1 SLICE_17 (from clk_c)
ROUTE         2     0.154      R7C13B.Q1 to      R7C13B.M0 stimulus[4] (to clk_c)
                  --------
                    0.287   (46.3% logic, 53.7% route), 1 logic levels.

 Clock Skew Details: 

      Source Clock Path clk to SLICE_17:

   Name    Fanout   Delay (ns)          Site               Resource
ROUTE        35     0.765       13.PADDI to     R7C13B.CLK clk_c
                  --------
                    0.765   (0.0% logic, 100.0% route), 0 logic levels.

      Destination Clock Path clk to SLICE_17:

   Name    Fanout   Delay (ns)          Site               Resource
ROUTE        35     0.765       13.PADDI to     R7C13B.CLK clk_c
                  --------
                    0.765   (0.0% logic, 100.0% route), 0 logic levels.


Passed: The following path meets requirements by 0.306ns

 Logical Details:  Cell type  Pin type       Cell/ASIC name  (clock net +/-)

   Source:         FF         Q              stimulus[5]  (from clk_c +)
   Destination:    FF         Data in        stimulus[6]  (to clk_c +)

   Delay:               0.287ns  (46.3% logic, 53.7% route), 1 logic levels.

 Constraint Details:

      0.287ns physical path delay SLICE_17 to SLICE_18 meets
     -0.019ns M_HLD and
      0.000ns delay constraint less
      0.000ns skew requirement (totaling -0.019ns) by 0.306ns

 Physical Path Details:

      Data path SLICE_17 to SLICE_18:

   Name    Fanout   Delay (ns)          Site               Resource
REG_DEL     ---     0.133     R7C13B.CLK to      R7C13B.Q0 SLICE_17 (from clk_c)
ROUTE         2     0.154      R7C13B.Q0 to      R7C13C.M1 stimulus[5] (to clk_c)
                  --------
                    0.287   (46.3% logic, 53.7% route), 1 logic levels.

 Clock Skew Details: 

      Source Clock Path clk to SLICE_17:

   Name    Fanout   Delay (ns)          Site               Resource
ROUTE        35     0.765       13.PADDI to     R7C13B.CLK clk_c
                  --------
                    0.765   (0.0% logic, 100.0% route), 0 logic levels.

      Destination Clock Path clk to SLICE_18:

   Name    Fanout   Delay (ns)          Site               Resource
ROUTE        35     0.765       13.PADDI to     R7C13C.CLK clk_c
                  --------
                    0.765   (0.0% logic, 100.0% route), 0 logic levels.


Passed: The following path meets requirements by 0.306ns

 Logical Details:  Cell type  Pin type       Cell/ASIC name  (clock net +/-)

   Source:         FF         Q              stimulus[6]  (from clk_c +)
   Destination:    FF         Data in        stimulus[7]  (to clk_c +)

   Delay:               0.287ns  (46.3% logic, 53.7% route), 1 logic levels.

 Constraint Details:

      0.287ns physical path delay SLICE_18 to SLICE_18 meets
     -0.019ns M_HLD and
      0.000ns delay constraint less
      0.000ns skew requirement (totaling -0.019ns) by 0.306ns

 Physical Path Details:

      Data path SLICE_18 to SLICE_18:

   Name    Fanout   Delay (ns)          Site               Resource
REG_DEL     ---     0.133     R7C13C.CLK to      R7C13C.Q1 SLICE_18 (from clk_c)
ROUTE         2     0.154      R7C13C.Q1 to      R7C13C.M0 stimulus[6] (to clk_c)
                  --------
                    0.287   (46.3% logic, 53.7% route), 1 logic levels.

 Clock Skew Details: 

      Source Clock Path clk to SLICE_18:

   Name    Fanout   Delay (ns)          Site               Resource
ROUTE        35     0.765       13.PADDI to     R7C13C.CLK clk_c
                  --------
                    0.765   (0.0% logic, 100.0% route), 0 logic levels.

      Destination Clock Path clk to SLICE_18:

   Name    Fanout   Delay (ns)          Site               Resource
ROUTE        35     0.765       13.PADDI to     R7C13C.CLK clk_c
                  --------
                    0.765   (0.0% logic, 100.0% route), 0 logic levels.


Passed: The following path meets requirements by 0.306ns

 Logical Details:  Cell type  Pin type       Cell/ASIC name  (clock net +/-)

   Source:         FF         Q              stimulus[7]  (from clk_c +)
   Destination:    FF         Data in        stimulus[8]  (to clk_c +)

   Delay:               0.287ns  (46.3% logic, 53.7% route), 1 logic levels.

 Constraint Details:

      0.287ns physical path delay SLICE_18 to SLICE_19 meets
     -0.019ns M_HLD and
      0.000ns delay constraint less
      0.000ns skew requirement (totaling -0.019ns) by 0.306ns

 Physical Path Details:

      Data path SLICE_18 to SLICE_19:

   Name    Fanout   Delay (ns)          Site               Resource
REG_DEL     ---     0.133     R7C13C.CLK to      R7C13C.Q0 SLICE_18 (from clk_c)
ROUTE         2     0.154      R7C13C.Q0 to      R7C13A.M1 stimulus[7] (to clk_c)
                  --------
                    0.287   (46.3% logic, 53.7% route), 1 logic levels.

 Clock Skew Details: 

      Source Clock Path clk to SLICE_18:

   Name    Fanout   Delay (ns)          Site               Resource
ROUTE        35     0.765       13.PADDI to     R7C13C.CLK clk_c
                  --------
                    0.765   (0.0% logic, 100.0% route), 0 logic levels.

      Destination Clock Path clk to SLICE_19:

   Name    Fanout   Delay (ns)          Site               Resource
ROUTE        35     0.765       13.PADDI to     R7C13A.CLK clk_c
                  --------
                    0.765   (0.0% logic, 100.0% route), 0 logic levels.

Report Summary
--------------
----------------------------------------------------------------------------
Preference(MIN Delays)                  |   Constraint|       Actual|Levels
----------------------------------------------------------------------------
                                        |             |             |
FREQUENCY PORT "clk" 29.560000 MHz ;    |            -|            -|   1  
                                        |             |             |
----------------------------------------------------------------------------


All preferences were met.


Clock Domains Analysis
------------------------

Found 1 clocks:

Clock Domain: clk_c   Source: clk.PAD   Loads: 35
   Covered under: FREQUENCY PORT "clk" 29.560000 MHz ;


--------------------------------------------------------------------------------
                Connections not covered by the preferences
--------------------------------------------------------------------------------

     Delay                        Element                 Net

    0.520ns          SLICE_36.F1 to     serial_out.PADDO serial_out_c
    1.103ns          reset.PADDI to       apr/SLICE_0.A0 reset_c
    0.985ns          reset.PADDI to       apr/SLICE_0.D1 reset_c
    0.812ns          reset.PADDI to          SLICE_4.LSR reset_c
    0.812ns          reset.PADDI to         SLICE_14.LSR reset_c
    0.812ns          reset.PADDI to         SLICE_16.LSR reset_c
    0.812ns          reset.PADDI to         SLICE_17.LSR reset_c
    0.812ns          reset.PADDI to         SLICE_18.LSR reset_c
    0.812ns          reset.PADDI to         SLICE_19.LSR reset_c
    0.812ns          reset.PADDI to         SLICE_25.LSR reset_c
    0.812ns          reset.PADDI to         SLICE_26.LSR reset_c
    0.812ns          reset.PADDI to         SLICE_27.LSR reset_c
    0.812ns          reset.PADDI to         SLICE_28.LSR reset_c
    0.812ns          reset.PADDI to         SLICE_29.LSR reset_c
    0.812ns          reset.PADDI to         SLICE_30.LSR reset_c
    0.812ns          reset.PADDI to         SLICE_31.LSR reset_c
    0.812ns          reset.PADDI to         SLICE_32.LSR reset_c
    0.812ns          reset.PADDI to         SLICE_33.LSR reset_c
    0.985ns          reset.PADDI to          SLICE_34.D0 reset_c
    0.812ns          reset.PADDI to         SLICE_34.LSR reset_c
    0.812ns          reset.PADDI to         SLICE_35.LSR reset_c
    0.812ns          reset.PADDI to         SLICE_36.LSR reset_c
    0.812ns          reset.PADDI to         SLICE_37.LSR reset_c
    0.812ns          reset.PADDI to         SLICE_38.LSR reset_c
    0.812ns          reset.PADDI to         SLICE_39.LSR reset_c
    0.812ns          reset.PADDI to         SLICE_40.LSR reset_c
    0.812ns          reset.PADDI to         SLICE_41.LSR reset_c
    0.812ns          reset.PADDI to         SLICE_42.LSR reset_c
    0.812ns          reset.PADDI to         SLICE_43.LSR reset_c
    0.812ns          reset.PADDI to         SLICE_44.LSR reset_c
    0.812ns          reset.PADDI to         SLICE_45.LSR reset_c
    0.812ns          reset.PADDI to         SLICE_46.LSR reset_c
    0.812ns          reset.PADDI to         SLICE_47.LSR reset_c
    0.812ns          reset.PADDI to         SLICE_48.LSR reset_c
    0.812ns          reset.PADDI to         SLICE_71.LSR reset_c
    0.856ns          reset.PADDI to  serial_in_MGIOL.LSR reset_c
    0.662ns          SLICE_35.Q1 to          SLICE_43.D0 observe[18]
    0.177ns      serial_in.PADDI to   serial_in_MGIOL.DI serial_in_c
    0.793ns          SLICE_43.Q0 to          SLICE_36.A0 observe[14]
    0.647ns          SLICE_43.Q1 to          SLICE_36.B0 observe[15]
    0.254ns          SLICE_33.Q1 to          SLICE_36.C0 observe[16]
    0.579ns          SLICE_35.Q0 to          SLICE_36.D0 observe[17]
    0.201ns          SLICE_36.F0 to          SLICE_36.D1 serial_out_13
    0.576ns           SLICE_4.Q0 to          SLICE_43.C0 observe[0]
    0.322ns           SLICE_4.Q1 to          SLICE_43.A0 observe[1]
    0.204ns          SLICE_39.Q0 to          SLICE_43.D1 observe[2]
    0.323ns          SLICE_39.Q1 to          SLICE_43.B1 observe[3]
    0.254ns          SLICE_45.Q0 to          SLICE_43.C1 observe[4]
    0.319ns          SLICE_45.Q1 to          SLICE_43.A1 observe[5]
    0.647ns          SLICE_46.Q0 to          SLICE_48.B1 observe[6]
    0.388ns          SLICE_46.Q1 to          SLICE_48.C1 observe[7]
    0.201ns          SLICE_47.Q0 to          SLICE_48.D1 observe[8]
    0.319ns          SLICE_47.Q1 to          SLICE_48.A1 observe[9]
    0.201ns          SLICE_48.Q0 to          SLICE_48.D0 observe[10]
    0.319ns          SLICE_48.Q1 to          SLICE_48.A0 observe[11]
    0.517ns          SLICE_36.Q0 to          SLICE_48.C0 observe[12]
    0.324ns          SLICE_36.Q1 to          SLICE_48.B0 observe[13]
    0.582ns          SLICE_48.F1 to          SLICE_36.A1 serial_out_11
    0.226ns          SLICE_48.F0 to          SLICE_36.B1 serial_out_12
    0.289ns          SLICE_43.F0 to          SLICE_36.C1 serial_out_14
    0.226ns          SLICE_43.F1 to          SLICE_43.B0 serial_out_10

--------------------------------------------------------------------------------


Timing summary (Hold):
---------------

Timing errors: 0  Score: 0
Cumulative negative slack: 0

Constraints cover 355 paths, 1 nets, and 237 connections (79.53% coverage)



Timing summary (Setup and Hold):
---------------

Timing errors: 0 (setup), 0 (hold)
Score: 0 (setup), 0 (hold)
Cumulative negative slack: 0 (0+0)
--------------------------------------------------------------------------------

--------------------------------------------------------------------------------

