SD image: /Users/sash/Work/PROJECTS/k1801vm1/uJ11-fpga/build/cp63a-rt11/test.dsk (53790 sectors), read-only backing, 256-sector RAM overlay

CP62 CASE 1 STATUS start 78710600
PASS CP62 case 1 STATUS ready0 at 82884866

CP62 CASE 2 NOSUCH start 82884866
PASS CP62 case 2 NOSUCH ready0 at 88410926

CP62 CASE 3 ODT start 88410926
PASS CP62 case 3 ODT ready1 at 99970075

CP62 CASE 4 FP11 start 99970075
CP62 progress 100000000 clocks case4 PC142550 IR012405 prompts7
CP62 progress 200000000 clocks case4 PC001414 IR020327 prompts7
PASS CP62 case 4 FP11 ready3 at 214281222

CP62 CASE 5 STATUS start 214281222
PASS CP62 case 5 STATUS ready3 at 218270833

CP62 CASE 6 ODT start 218270833
PASS CP62 case 6 ODT ready3 at 224155422

CP62 CASE 7 OFFODT start 224155422
PASS CP62 case 7 OFFODT ready2 at 228144214

CP62 CASE 8 OFFFP start 228144214
PASS CP62 case 8 OFFFP ready0 at 232078119

CP62 CASE 9 ODT start 232078119
PASS CP62 case 9 ODT ready1 at 243631920

CP62 CASE 10 FP11 start 243631920
CP62 progress 300000000 clocks case10 PC001416 IR001423 prompts13
PASS CP62 case 10 FP11 ready3 at 357939582

CP62 CASE 11 HDBAD start 357939582
PASS CP62 case 11 HDBAD ready3 at 364134612

CP62 CASE 12 HDABI start 364134612
PASS CP62 case 12 HDABI ready3 at 370331123

CP62 CASE 13 HDTYPE start 370331123
PASS CP62 case 13 HDTYPE ready3 at 376623428

CP62 CASE 14 HDADDR start 376623428
PASS CP62 case 14 HDADDR ready3 at 382893969

CP62 CASE 15 HDODD start 382893969
PASS CP62 case 15 HDODD ready3 at 389131162

CP62 CASE 16 HDSIZE start 389131162
PASS CP62 case 16 HDSIZE ready3 at 395394727

CP62 CASE 17 HDENT start 395394727
CP62 progress 400000000 clocks case17 PC154230 IR005763 prompts20
PASS CP62 case 17 HDENT ready3 at 401631031

CP62 CASE 18 HDRSV start 401631031
PASS CP62 case 18 HDRSV ready3 at 407847484

CP62 CASE 19 HDSUM start 407847484
PASS CP62 case 19 HDSUM ready3 at 414059265

CP62 CASE 20 HDPAD start 414059265
PASS CP62 case 20 HDPAD ready3 at 420379671

CP62 CASE 21 SHORT start 420379671
PASS CP62 case 21 SHORT ready3 at 426668032

CP62 CASE 22 EXTRA start 426668032
PASS CP62 case 22 EXTRA ready3 at 432982090

CP62 CASE 23 ODT start 432982090
PASS CP62 case 23 ODT ready3 at 444549810

CP62 CASE 24 CKBAD start 444549810
PASS CP62 case 24 CKBAD ready2 at 453967132

CP62 CASE 25 ODT start 453967132
PASS CP62 case 25 ODT ready3 at 465569862

CP62 CASE 26 PADBAD start 465569862
PASS CP62 case 26 PADBAD ready2 at 475032295

CP62 CASE 27 ODT start 475032295
PASS CP62 case 27 ODT ready3 at 486596286

CP62 CASE 28 ODT start 486596286
CP62 progress 500000000 clocks case28 PC160204 IR011401 prompts31
PASS CP62 case 28 ODT ready2 at 540198177

CP62 CASE 29 ODT start 540198177
PASS CP62 case 29 ODT ready3 at 551795171

CP62 CASE 30 WRFAIL start 551795171
PASS CP62 case 30 WRFAIL ready2 at 558991615

CP62 CASE 31 ODT start 558991615
PASS CP62 case 31 ODT ready3 at 570582377

CP62 CASE 32 ODT start 570582377
PASS CP62 case 32 ODT ready2 at 582124855

CP62 CASE 33 ODT start 582124855
PASS CP62 case 33 ODT ready3 at 593723668

CP62 CASE 34 ODTFLT start 593723668
CP62 progress 600000000 clocks case34 PC002576 IR000000 prompts37
PASS CP62 case 34 ODTFLT ready3 at 605520283

CP62 CASE 35 @UJCHEK start 605520283
PASS CP62 case 35 @UJCHEK ready3 at 608755337

CP62 CASE 36 OFFODT start 608755337
PASS CP62 case 36 OFFODT ready2 at 612752777

CP62 CASE 37 OFFFP start 612752777
PASS CP62 case 37 OFFFP ready0 at 616686822

CP62 CASE 38 ODT start 616686822
PASS CP62 case 38 ODT ready1 at 628247400

CP62 CASE 39 BIGFP start 628247400
CP62 progress 700000000 clocks case39 PC001432 IR001406 prompts42
PASS CP62 case 39 BIGFP ready3 at 778575027

CP62 CASE 40 STATUS start 778575027
PASS CP62 case 40 STATUS ready3 at 782564480
CTRL/C read at 788025968 status0003
CTRL/C read at 788059074 status0003
PASS CP62 CTRL/C during payload transfer, other module intact; UART reads2 overruns0

CP62 CASE 41 FP11 start 788426586
CP62 progress 800000000 clocks case41 PC001320 IR032701 prompts45
CP62 progress 900000000 clocks case41 PC001332 IR103757 prompts45
PASS CP62 case 41 FP11 ready3 at 902728070

CP62 CASE 42 STATUS start 902728070
PASS CP62 case 42 STATUS ready3 at 906718189
PASS CP62 cold reboot: RT-11 returned, stale FRAM remains disabled
PASS CP62 full RT-11 loader: 42 file/command cases + CTRL/C + cold reboot; 971335085 clocks, 16863737 retired, 232675 upper writes, 3713 wire bytes
- build/cp63a-rt11/tb.v:159: Verilog $finish
- S i m u l a t i o n   R e p o r t: Verilator 5.050 2026-07-01
- Verilator: $finish at 10s; walltime 1675.748 s; speed 5.796 ms/s
- Verilator: cpu 1673.466 s on 1 threads; allocated 3 MB
