SD image: /Users/sash/Work/PROJECTS/k1801vm1/uJ11-fpga/build/cp64-rt11-final/test.dsk (53790 sectors), read-only backing, 256-sector RAM overlay
CP64 progress 20000000 phase0 PC004466 UART0
CP64 progress 40000000 phase0 PC160430 UART24
CP64 progress 60000000 phase0 PC160432 UART66
CP64 progress 80000000 phase1 PC070324 UART96
CP64 progress 100000000 phase2 PC002600 UART224
CP64 progress 120000000 phase3 PC001266 UART258
CP64 progress 140000000 phase4 PC014572 UART411
CP64 progress 160000000 phase4 PC014010 UART573
CP64 progress 180000000 phase4 PC023466 UART715
CP64 progress 200000000 phase5 PC020146 UART874
KEY start 16 clocks215874601 last177777
KEY done 16 clocks218326000 last177777
KEY start 19 clocks218326000 last177777
CP64 progress 220000000 phase6 PC014566 UART1104
KEY done 19 clocks222518026 last177777
KEY start 18 clocks222518026 last177777
KEY done 18 clocks226709600 last177777
KEY start 19 clocks226709600 last177777
KEY done 19 clocks229130526 last177777
KEY start 7 clocks231694602 last177777
KEY done 7 clocks234109611 last177777
KEY start 19 clocks234109611 last177777
CP64 progress 240000000 phase6 PC023456 UART1262
KEY done 19 clocks240108558 last177777
KEY start 18 clocks243812999 last177777
KEY done 18 clocks246198859 last177777
KEY start 17 clocks246198859 last177777
KEY done 17 clocks248589442 last177777
CP64 progress 260000000 phase9 PC001002 UART1407
CP64 progress 280000000 phase10 PC004466 UART1462
CP64 progress 300000000 phase10 PC120326 UART1486
CP64 progress 320000000 phase10 PC160430 UART1524
PASS CP64 RT11 + panel: 83 checks, 331098776 clocks, 1531 UART bytes, 58 HDSP frames
- /Users/sash/Work/PROJECTS/k1801vm1/uJ11-fpga/build/cp64-rt11-final/tb.v:178: Verilog $finish
- S i m u l a t i o n   R e p o r t: Verilator 5.050 2026-07-01
- Verilator: $finish at 3s; walltime 338.301 s; speed 9.787 ms/s
- Verilator: cpu 337.292 s on 1 threads; allocated 2 MB
