
PDP-11 simulator V3.12-3
CPU, 11/03, EIS, FIS, BEVENT enabled, autoconfiguration enabled, idle disabled, 56KB

RT-11FB (S) V05.03  

.SET TT SCOPE,NOCRLF

.SET SL ON
\<
..[KSET SL OFF
[r[24H\
.RUN B81FIJ
BASIC-11/RT-11 V2.1   
OPTIONAL FUNCTIONS (ALL, NONE, OR INDIVIDUAL)? A

READY
RUN B81TST
CP81 BEGIN
CHECKS= 29  ERRORS= 0 
CP81 PASS

READY
PRINT 1/0
?DIVISION BY ZERO
 0 

READY
PRINT SQR(-1)
?NEGATIVE SQUARE ROOT
 0 

READY
PRINT 1E30*1E30
?FLOATING OVERFLOW
 0 

READY
PRINT 2+2
 4 

READY
PRINT 1E-30*1E-30
?FLOATING UNDERFLOW
 0 

READY
PRINT 1/0
?DIVISION BY ZERO
 0 

READY
PRINT 2+2
 4 

READY
BYE

.
Simulation stopped, PC: 143040 (BR 143024)
sim> quit
Goodbye
