SD image: /Users/sash/Work/PROJECTS/k1801vm1/uJ11-fpga/build/cp62d-loader/test.dsk (53790 sectors), read-only backing, 256-sector RAM overlay

CP62 CASE 1 STATUS start 78710600
PASS CP62 case 1 STATUS ready0 at 82884866

CP62 CASE 2 NOSUCH start 82884866
PASS CP62 case 2 NOSUCH ready0 at 88410926

CP62 CASE 3 ODT start 88410926
PASS CP62 case 3 ODT ready1 at 98134328

CP62 CASE 4 FP11 start 98134328
CP62 progress 100000000 clocks case4 PC155726 IR012744 prompts7
PASS CP62 case 4 FP11 ready3 at 168726323

CP62 CASE 5 STATUS start 168726323
PASS CP62 case 5 STATUS ready3 at 172715934

CP62 CASE 6 ODT start 172715934
PASS CP62 case 6 ODT ready3 at 178583028

CP62 CASE 7 OFFODT start 178583028
PASS CP62 case 7 OFFODT ready2 at 182613679

CP62 CASE 8 OFFFP start 182613679
PASS CP62 case 8 OFFFP ready0 at 186547620

CP62 CASE 9 ODT start 186547620
PASS CP62 case 9 ODT ready1 at 196262709

CP62 CASE 10 FP11 start 196262709
CP62 progress 200000000 clocks case10 PC160230 IR005203 prompts13
PASS CP62 case 10 FP11 ready3 at 266833976

CP62 CASE 11 HDBAD start 266833976
PASS CP62 case 11 HDBAD ready3 at 273049646

CP62 CASE 12 HDABI start 273049646
PASS CP62 case 12 HDABI ready3 at 279249158

CP62 CASE 13 HDTYPE start 279249158
PASS CP62 case 13 HDTYPE ready3 at 285537881

CP62 CASE 14 HDADDR start 285537881
PASS CP62 case 14 HDADDR ready3 at 291815257

CP62 CASE 15 HDODD start 291815257
PASS CP62 case 15 HDODD ready3 at 298049413

CP62 CASE 16 HDSIZE start 298049413
CP62 progress 300000000 clocks case16 PC160224 IR111422 prompts19
PASS CP62 case 16 HDSIZE ready3 at 304319160

CP62 CASE 17 HDENT start 304319160
PASS CP62 case 17 HDENT ready3 at 310531927

CP62 CASE 18 HDRSV start 310531927
PASS CP62 case 18 HDRSV ready3 at 316765875

CP62 CASE 19 HDSUM start 316765875
PASS CP62 case 19 HDSUM ready3 at 322977692

CP62 CASE 20 HDPAD start 322977692
PASS CP62 case 20 HDPAD ready3 at 329284142

CP62 CASE 21 SHORT start 329284142
PASS CP62 case 21 SHORT ready3 at 335571800

CP62 CASE 22 EXTRA start 335571800
PASS CP62 case 22 EXTRA ready3 at 341865182

CP62 CASE 23 ODT start 341865182
PASS CP62 case 23 ODT ready3 at 351608832

CP62 CASE 24 CKBAD start 351608832
PASS CP62 case 24 CKBAD ready2 at 360552554

CP62 CASE 25 ODT start 360552554
PASS CP62 case 25 ODT ready3 at 370286258

CP62 CASE 26 PADBAD start 370286258
PASS CP62 case 26 PADBAD ready2 at 379292770

CP62 CASE 27 ODT start 379292770
PASS CP62 case 27 ODT ready3 at 389050309

CP62 CASE 28 ODT start 389050309
CP62 progress 400000000 clocks case28 PC160204 IR011401 prompts31
PASS CP62 case 28 ODT ready2 at 442631524

CP62 CASE 29 ODT start 442631524
PASS CP62 case 29 ODT ready3 at 452364286

CP62 CASE 30 WRFAIL start 452364286
PASS CP62 case 30 WRFAIL ready2 at 459578405

CP62 CASE 31 ODT start 459578405
PASS CP62 case 31 ODT ready3 at 469306814

CP62 CASE 32 ODT start 469306814
PASS CP62 case 32 ODT ready2 at 479462539

CP62 CASE 33 ODT start 479462539
PASS CP62 case 33 ODT ready3 at 489231200

CP62 CASE 34 ODTFLT start 489231200
PASS CP62 case 34 ODTFLT ready3 at 499167756

CP62 CASE 35 @UJCHEK start 499167756
CP62 progress 500000000 clocks case35 PC074256 IR004767 prompts38
PASS CP62 case 35 @UJCHEK ready3 at 502426487

CP62 CASE 36 OFFODT start 502426487
PASS CP62 case 36 OFFODT ready2 at 506426964

CP62 CASE 37 OFFFP start 506426964
PASS CP62 case 37 OFFFP ready0 at 510363974

CP62 CASE 38 ODT start 510363974
PASS CP62 case 38 ODT ready1 at 520078955

CP62 CASE 39 BIGFP start 520078955
CP62 progress 600000000 clocks case39 PC001502 IR062705 prompts42
PASS CP62 case 39 BIGFP ready3 at 625909422

CP62 CASE 40 STATUS start 625909422
PASS CP62 case 40 STATUS ready3 at 629892693
CP62 progress 700000000 clocks case90 PC001422 IR020327 prompts44
[7358148230000] %Fatal: tb_vector_loader_rt11.v:91: Assertion failed in tb_loader_rt11.run_interrupted: CTRL/C did not leave only ODT ready
%Error: tb/tb_vector_loader_rt11.v:91: Verilog $stop
Aborting...
