
synpwrap -msg -prj "cp12d_impl1_synplify.tcl" -log "cp12d_impl1.srf"
Copyright (C) 1992-2024 Lattice Semiconductor Corporation. All rights reserved.
Lattice Diamond Version 3.14.0.75.2
    <postMsg mid="2011000" type="Info"    dynamic="0" navigation="0"  />

------ Message Queues --------
key        msqid      owner      perms      used-bytes   messages    

------ Shared Memory Segments --------
key        shmid      owner      perms      bytes      nattch     status      

------ Semaphore Arrays --------
key        semid      owner      perms      nsems     

+04
/proc/sys/vm/admin_reserve_kbytes:8192
/proc/sys/vm/compact_unevictable_allowed:1
/proc/sys/vm/compaction_proactiveness:20
/proc/sys/vm/dirty_background_bytes:0
/proc/sys/vm/dirty_background_ratio:10
/proc/sys/vm/dirty_bytes:0
/proc/sys/vm/dirty_expire_centisecs:3000
/proc/sys/vm/dirty_ratio:20
/proc/sys/vm/dirty_writeback_centisecs:500
/proc/sys/vm/dirtytime_expire_seconds:43200
/proc/sys/vm/extfrag_threshold:500
/proc/sys/vm/hugetlb_optimize_vmemmap:0
/proc/sys/vm/hugetlb_shm_group:0
/proc/sys/vm/laptop_mode:0
/proc/sys/vm/legacy_va_layout:0
/proc/sys/vm/lowmem_reserve_ratio:256	256	32	0	0
/proc/sys/vm/max_map_count:1048576
/proc/sys/vm/memfd_noexec:0
/proc/sys/vm/memory_failure_early_kill:0
/proc/sys/vm/memory_failure_recovery:1
/proc/sys/vm/min_free_kbytes:67584
/proc/sys/vm/min_slab_ratio:5
/proc/sys/vm/min_unmapped_ratio:1
/proc/sys/vm/mmap_min_addr:65536
/proc/sys/vm/nr_hugepages:0
/proc/sys/vm/nr_hugepages_mempolicy:0
/proc/sys/vm/nr_overcommit_hugepages:0
/proc/sys/vm/numa_stat:1
/proc/sys/vm/numa_zonelist_order:Node
/proc/sys/vm/oom_dump_tasks:1
/proc/sys/vm/oom_kill_allocating_task:0
/proc/sys/vm/overcommit_kbytes:0
/proc/sys/vm/overcommit_memory:0
/proc/sys/vm/overcommit_ratio:50
/proc/sys/vm/page-cluster:3
/proc/sys/vm/page_lock_unfairness:5
/proc/sys/vm/panic_on_oom:0
/proc/sys/vm/percpu_pagelist_high_fraction:0
/proc/sys/vm/stat_interval:1
/proc/sys/vm/swappiness:60
/proc/sys/vm/unprivileged_userfaultfd:0
/proc/sys/vm/user_reserve_kbytes:131072
/proc/sys/vm/vfs_cache_pressure:100
/proc/sys/vm/watermark_boost_factor:15000
/proc/sys/vm/watermark_scale_factor:10
/proc/sys/vm/zone_reclaim_mode:0
Ubuntu 24.04.4 LTS
###########################################################[
Running in Lattice mode

                               Synplify Pro (R) 

                Version V-2023.09L-2 for linux64 - Sep 17, 2024 

                    Copyright (c) 1988 - 2024 Synopsys, Inc.
   This software and the associated documentation are proprietary to Synopsys,
 Inc. This software may only be used in accordance with the terms and conditions
 of a written license agreement with Synopsys, Inc. All other use, reproduction,
   or distribution of this software is strictly prohibited.  Licensed Products
     communicate with Synopsys servers for the purpose of providing software
    updates, detecting software piracy and verifying that customers are using
    Licensed Products in conformity with the applicable License Key for such
  Licensed Products. Synopsys will use information gathered in connection with
    this process to deliver software updates and pursue software pirates and
                                   infringers.

 Inclusivity & Diversity - Visit SolvNetPlus to read the "Synopsys Statement on
            Inclusivity and Diversity" (Refer to article 000036315 at
                        https://solvnetplus.synopsys.com)

Starting:    /home/sash/.local/lscc/diamond/3.14/synpbase/linux_a_64/mbin/synbatch
Install:     /home/sash/.local/lscc/diamond/3.14/synpbase
Hostname:    sashz-ubuntu
Date:        Wed Sep  9 02:07:22 2026
Version:     V-2023.09L-2

Arguments:   -product synplify_base -batch cp12d_impl1_synplify.tcl
ProductType: synplify_pro





log file: "/tmp/uj11-cp12cd-20260909/build/cp12d/impl1/cp12d_impl1.srr"
Running: impl1 in foreground

Running proj_1|impl1

Running Flow: compile (Compile) on proj_1|impl1
# Wed Sep  9 02:07:22 2026

Running Flow: compile_flow (Compile Process) on proj_1|impl1
# Wed Sep  9 02:07:22 2026

Running: compiler (Compile Input) on proj_1|impl1
# Wed Sep  9 02:07:22 2026
Process ID: 27451
Copied /tmp/uj11-cp12cd-20260909/build/cp12d/impl1/synwork/cp12d_impl1_comp.srs to /tmp/uj11-cp12cd-20260909/build/cp12d/impl1/cp12d_impl1.srs

compiler completed
# Wed Sep  9 02:07:23 2026

Return Code: 0
Run Time:00h:00m:00s

Running: multi_srs_gen (Multi-srs Generator) on proj_1|impl1
# Wed Sep  9 02:07:23 2026
Process ID: 27499

multi_srs_gen completed
# Wed Sep  9 02:07:24 2026

Return Code: 0
Run Time:00h:00m:01s
Copied /tmp/uj11-cp12cd-20260909/build/cp12d/impl1/synwork/cp12d_impl1_mult.srs to /tmp/uj11-cp12cd-20260909/build/cp12d/impl1/cp12d_impl1.srs
Copied /tmp/uj11-cp12cd-20260909/build/cp12d/impl1/cp12d_impl1.srr to /tmp/uj11-cp12cd-20260909/build/cp12d/impl1/cp12d_impl1.srf
Complete: Compile Process on proj_1|impl1

Running: premap (Premap) on proj_1|impl1
# Wed Sep  9 02:07:24 2026
Process ID: 27515

premap completed with warnings
# Wed Sep  9 02:07:24 2026

Return Code: 1
Run Time:00h:00m:00s
Complete: Compile on proj_1|impl1

Running Flow: map (Map) on proj_1|impl1
# Wed Sep  9 02:07:24 2026
License granted for 4 parallel jobs

Running: fpga_mapper (Map & Optimize) on proj_1|impl1
# Wed Sep  9 02:07:24 2026
Process ID: 27530
Copied /tmp/uj11-cp12cd-20260909/build/cp12d/impl1/synwork/cp12d_impl1_m.srm to /tmp/uj11-cp12cd-20260909/build/cp12d/impl1/cp12d_impl1.srm

fpga_mapper completed with warnings
# Wed Sep  9 02:07:27 2026

Return Code: 1
Run Time:00h:00m:03s
Complete: Map on proj_1|impl1
Copied /tmp/uj11-cp12cd-20260909/build/cp12d/impl1/cp12d_impl1.srr to /tmp/uj11-cp12cd-20260909/build/cp12d/impl1/cp12d_impl1.srf
Complete: Logic Synthesis on proj_1|impl1
TCL script complete: "cp12d_impl1_synplify.tcl"
exit status=0
exit status=0
Save changes for project:
/tmp/uj11-cp12cd-20260909/build/cp12d/impl1/proj_1.prj
batch mode default:no
Child process exit with 0.

==contents of cp12d_impl1.srf
#Build: Synplify Pro (R) V-2023.09L-2, Build 349R, Sep 17 2024
#install: /home/sash/.local/lscc/diamond/3.14/synpbase
#OS: Linux 
#Hostname: sashz-ubuntu

# Wed Sep  9 02:07:22 2026

#Implementation: impl1


Copyright (C) 1994-2023 Synopsys, Inc.
This Synopsys software and all associated documentation are proprietary to Synopsys, Inc.
and may only be used pursuant to the terms and conditions of a written license agreement
with Synopsys, Inc. All other use, reproduction, modification, or distribution of the
Synopsys software or the associated documentation is strictly prohibited.
Tool: Synplify Pro (R)
Build: V-2023.09L-2
Install: /home/sash/.local/lscc/diamond/3.14/synpbase
OS: Ubuntu 24.04.4 LTS
Hostname: sashz-ubuntu
max virtual memory: unlimited (bytes)
max user processes: 512757
max stack size: 8388608 (bytes)


Implementation : impl1
Synopsys HDL Compiler, Version comp202309synp1, Build 349R, Built Sep 17 2024 08:30:48, @5637152

@N|Running in 64-bit mode
###########################################################[

Copyright (C) 1994-2023 Synopsys, Inc.
This Synopsys software and all associated documentation are proprietary to Synopsys, Inc.
and may only be used pursuant to the terms and conditions of a written license agreement
with Synopsys, Inc. All other use, reproduction, modification, or distribution of the
Synopsys software or the associated documentation is strictly prohibited.
Tool: Synplify Pro (R)
Build: V-2023.09L-2
Install: /home/sash/.local/lscc/diamond/3.14/synpbase
OS: Ubuntu 24.04.4 LTS
Hostname: sashz-ubuntu
max virtual memory: unlimited (bytes)
max user processes: 512757
max stack size: 8388608 (bytes)


Implementation : impl1
Synopsys Verilog Compiler, Version comp202309synp1, Build 349R, Built Sep 17 2024 08:30:48, @5637152

@N|Running in 64-bit mode
@I::"/home/sash/.local/lscc/diamond/3.14/synpbase/lib/lucent/machxo2.v" (library work)
@I::"/home/sash/.local/lscc/diamond/3.14/synpbase/lib/lucent/pmi_def.v" (library work)
@I::"/home/sash/.local/lscc/diamond/3.14/synpbase/lib/vlog/hypermods.v" (library __hyper__lib__)
@I::"/tmp/uj11-cp12cd-20260909/rtl/uj11_alu.v" (library work)
@I::"/tmp/uj11-cp12cd-20260909/rtl/uj11_regfile.v" (library work)
@I::"/tmp/uj11-cp12cd-20260909/rtl/uj11_datapath.v" (library work)
@I::"/tmp/uj11-cp12cd-20260909/rtl/uj11_microseq.v" (library work)
@I::"/tmp/uj11-cp12cd-20260909/rtl/uj11_psw.v" (library work)
@I::"/tmp/uj11-cp12cd-20260909/rtl/uj11_mem.v" (library work)
@I::"/tmp/uj11-cp12cd-20260909/rtl/uj11_engine.v" (library work)
@I::"/tmp/uj11-cp12cd-20260909/rtl/uj11_decode.v" (library work)
@I::"/tmp/uj11-cp12cd-20260909/rtl/uj11_core.v" (library work)
@I::"/tmp/uj11-cp12cd-20260909/microcode/generated/uj11_m0_ebr.v" (library work)
@I::"/tmp/uj11-cp12cd-20260909/reference/lsi11/spi_fram_guest_ram.v" (library work)
@I::"/tmp/uj11-cp12cd-20260909/rtl/uj11_fram_baseline.v" (library work)
@I::"/tmp/uj11-cp12cd-20260909/rtl/uj11_fram_system.v" (library work)
@I::"/tmp/uj11-cp12cd-20260909/rtl/uj11_stream.v" (library work)
@I::"/tmp/uj11-cp12cd-20260909/synth/machxo2/uj11_probe_fram.v" (library work)
@I::"/tmp/uj11-cp12cd-20260909/rtl/uj11_fram_transport.v" (library work)
@I::"/tmp/uj11-cp12cd-20260909/rtl/uj11_prefetch.v" (library work)
@I::"/tmp/uj11-cp12cd-20260909/rtl/uj11_prefetch_control.v" (library work)
@I::"/tmp/uj11-cp12cd-20260909/synth/machxo2/uj11_probe_fram_pf.v" (library work)
@N|stack limit increased to max
Verilog syntax check successful!
Selecting top level module uj11_probe_fram_pf
@N: CG364 :"/tmp/uj11-cp12cd-20260909/rtl/uj11_decode.v":3:7:3:17|Synthesizing module uj11_decode in library work.
Running optimization stage 1 on uj11_decode .......
Finished optimization stage 1 on uj11_decode (CPU Time 0h:00m:00s, Memory Used current: 190MB peak: 190MB)
@N: CG364 :"/tmp/uj11-cp12cd-20260909/rtl/uj11_alu.v":4:7:4:14|Synthesizing module uj11_alu in library work.
Running optimization stage 1 on uj11_alu .......
Finished optimization stage 1 on uj11_alu (CPU Time 0h:00m:00s, Memory Used current: 191MB peak: 191MB)
@N: CG364 :"/tmp/uj11-cp12cd-20260909/rtl/uj11_regfile.v":4:7:4:18|Synthesizing module uj11_regfile in library work.
Running optimization stage 1 on uj11_regfile .......
@N: CL134 :"/tmp/uj11-cp12cd-20260909/rtl/uj11_regfile.v":13:4:13:9|Found RAM words, depth=16, width=16
@N: CL134 :"/tmp/uj11-cp12cd-20260909/rtl/uj11_regfile.v":13:4:13:9|Found RAM words, depth=16, width=16
Finished optimization stage 1 on uj11_regfile (CPU Time 0h:00m:00s, Memory Used current: 191MB peak: 191MB)
@N: CG364 :"/tmp/uj11-cp12cd-20260909/rtl/uj11_datapath.v":3:7:3:19|Synthesizing module uj11_datapath in library work.
@N: CG179 :"/tmp/uj11-cp12cd-20260909/rtl/uj11_datapath.v":46:30:46:30|Removing redundant assignment.
Running optimization stage 1 on uj11_datapath .......
Finished optimization stage 1 on uj11_datapath (CPU Time 0h:00m:00s, Memory Used current: 192MB peak: 192MB)
@N: CG364 :"/tmp/uj11-cp12cd-20260909/rtl/uj11_psw.v":2:7:2:14|Synthesizing module uj11_psw in library work.
@N: CG179 :"/tmp/uj11-cp12cd-20260909/rtl/uj11_psw.v":16:32:16:34|Removing redundant assignment.
Running optimization stage 1 on uj11_psw .......
Finished optimization stage 1 on uj11_psw (CPU Time 0h:00m:00s, Memory Used current: 192MB peak: 192MB)
@N: CG364 :"/tmp/uj11-cp12cd-20260909/rtl/uj11_mem.v":5:7:5:14|Synthesizing module uj11_mem in library work.
Running optimization stage 1 on uj11_mem .......
Finished optimization stage 1 on uj11_mem (CPU Time 0h:00m:00s, Memory Used current: 192MB peak: 192MB)
@N: CG364 :"/tmp/uj11-cp12cd-20260909/rtl/uj11_microseq.v":4:7:4:19|Synthesizing module uj11_microseq in library work.
Running optimization stage 1 on uj11_microseq .......
Finished optimization stage 1 on uj11_microseq (CPU Time 0h:00m:00s, Memory Used current: 193MB peak: 193MB)
@N: CG364 :"/home/sash/.local/lscc/diamond/3.14/synpbase/lib/lucent/machxo2.v":1291:7:1291:11|Synthesizing module DP8KC in library work.
Running optimization stage 1 on DP8KC .......
Finished optimization stage 1 on DP8KC (CPU Time 0h:00m:00s, Memory Used current: 193MB peak: 193MB)
@N: CG364 :"/tmp/uj11-cp12cd-20260909/microcode/generated/uj11_m0_ebr.v":3:7:3:14|Synthesizing module uj11_rom in library work.

	IMAGE=208'b0110110101101001011000110111001001101111011000110110111101100100011001010010111101100111011001010110111001100101011100100110000101110100011001010110010000101111011011010011000000101110011011010110010101101101
   Generated name = uj11_rom_microcode/generated/m0.mem
Running optimization stage 1 on uj11_rom_microcode/generated/m0.mem .......
Finished optimization stage 1 on uj11_rom_microcode/generated/m0.mem (CPU Time 0h:00m:00s, Memory Used current: 193MB peak: 193MB)
@N: CG364 :"/tmp/uj11-cp12cd-20260909/rtl/uj11_engine.v":4:7:4:17|Synthesizing module uj11_engine in library work.
Running optimization stage 1 on uj11_engine .......
Finished optimization stage 1 on uj11_engine (CPU Time 0h:00m:00s, Memory Used current: 194MB peak: 194MB)
@N: CG364 :"/tmp/uj11-cp12cd-20260909/rtl/uj11_core.v":4:7:4:15|Synthesizing module uj11_core in library work.
Running optimization stage 1 on uj11_core .......
Finished optimization stage 1 on uj11_core (CPU Time 0h:00m:00s, Memory Used current: 194MB peak: 194MB)
@N: CG364 :"/tmp/uj11-cp12cd-20260909/rtl/uj11_fram_system.v":4:7:4:22|Synthesizing module uj11_fram_system in library work.

	CLK_DIV=32'b00000000000000000000000000000001
	MEMORY_MODE=32'b00000000000000000000000000000010
   Generated name = uj11_fram_system_1s_2s
@N: CG364 :"/tmp/uj11-cp12cd-20260909/rtl/uj11_stream.v":4:7:4:17|Synthesizing module uj11_stream in library work.
Running optimization stage 1 on uj11_stream .......
Finished optimization stage 1 on uj11_stream (CPU Time 0h:00m:00s, Memory Used current: 194MB peak: 194MB)
@N: CG364 :"/tmp/uj11-cp12cd-20260909/rtl/uj11_prefetch_control.v":4:7:4:27|Synthesizing module uj11_prefetch_control in library work.
Running optimization stage 1 on uj11_prefetch_control .......
Finished optimization stage 1 on uj11_prefetch_control (CPU Time 0h:00m:00s, Memory Used current: 194MB peak: 194MB)
@N: CG364 :"/tmp/uj11-cp12cd-20260909/rtl/uj11_fram_transport.v":5:7:5:25|Synthesizing module uj11_fram_transport in library work.

	CLK_DIV=32'b00000000000000000000000000000001
	CMD_WREN=8'b00000110
	CMD_READ=8'b00000011
	CMD_WRITE=8'b00000010
	ST_IDLE=5'b00000
	ST_WREN_CMD=5'b00001
	ST_WREN_END=5'b00010
	ST_WRITE_CMD=5'b00011
	ST_WRITE_ADDR_HI=5'b00100
	ST_WRITE_ADDR_MD=5'b00101
	ST_WRITE_ADDR_LO=5'b00110
	ST_WRITE_DATA_LO=5'b00111
	ST_WRITE_DATA_HI=5'b01000
	ST_WRITE_END=5'b01001
	ST_READ_CMD=5'b01010
	ST_READ_ADDR_HI=5'b01011
	ST_READ_ADDR_MD=5'b01100
	ST_READ_ADDR_LO=5'b01101
	ST_READ_DATA_LO=5'b01110
	ST_READ_SAVE_LO=5'b01111
	ST_READ_SAVE_HI=5'b10000
	ST_READ_END=5'b10001
	DIV_WIDTH=32'b00000000000000000000000000000001
	DIV_LAST=32'b00000000000000000000000000000000
   Generated name = uj11_fram_transport_Z1
Running optimization stage 1 on uj11_fram_transport_Z1 .......
@N: CL189 :"/tmp/uj11-cp12cd-20260909/rtl/uj11_fram_transport.v":83:1:83:6|Register bit div_count[0] is always 0.
Finished optimization stage 1 on uj11_fram_transport_Z1 (CPU Time 0h:00m:00s, Memory Used current: 195MB peak: 196MB)
@N: CG364 :"/tmp/uj11-cp12cd-20260909/rtl/uj11_prefetch.v":4:7:4:19|Synthesizing module uj11_prefetch in library work.

	CLK_DIV=32'b00000000000000000000000000000001
	PREFETCH=1'b1
	IDLE=2'b00
	DEMAND=2'b01
	SPECULATIVE=2'b10
   Generated name = uj11_prefetch_1s_1_0s_1s_18446744073709551614s
Running optimization stage 1 on uj11_prefetch_1s_1_0s_1s_18446744073709551614s .......
Finished optimization stage 1 on uj11_prefetch_1s_1_0s_1s_18446744073709551614s (CPU Time 0h:00m:00s, Memory Used current: 195MB peak: 196MB)
Running optimization stage 1 on uj11_fram_system_1s_2s .......
Finished optimization stage 1 on uj11_fram_system_1s_2s (CPU Time 0h:00m:00s, Memory Used current: 195MB peak: 196MB)
@N: CG364 :"/tmp/uj11-cp12cd-20260909/synth/machxo2/uj11_probe_fram.v":4:7:4:21|Synthesizing module uj11_probe_fram in library work.

	MEMORY_MODE=32'b00000000000000000000000000000010
   Generated name = uj11_probe_fram_2s
Running optimization stage 1 on uj11_probe_fram_2s .......
Finished optimization stage 1 on uj11_probe_fram_2s (CPU Time 0h:00m:00s, Memory Used current: 195MB peak: 196MB)
@N: CG364 :"/tmp/uj11-cp12cd-20260909/synth/machxo2/uj11_probe_fram_pf.v":2:7:2:24|Synthesizing module uj11_probe_fram_pf in library work.
Running optimization stage 1 on uj11_probe_fram_pf .......
Finished optimization stage 1 on uj11_probe_fram_pf (CPU Time 0h:00m:00s, Memory Used current: 195MB peak: 196MB)
Running optimization stage 2 on uj11_probe_fram_pf .......
Finished optimization stage 2 on uj11_probe_fram_pf (CPU Time 0h:00m:00s, Memory Used current: 195MB peak: 196MB)
Running optimization stage 2 on uj11_probe_fram_2s .......
Finished optimization stage 2 on uj11_probe_fram_2s (CPU Time 0h:00m:00s, Memory Used current: 195MB peak: 196MB)
Running optimization stage 2 on uj11_prefetch_1s_1_0s_1s_18446744073709551614s .......
@N: CL201 :"/tmp/uj11-cp12cd-20260909/rtl/uj11_prefetch.v":70:4:70:9|Trying to extract state machine for register owner.
Extracted state machine for register owner
State machine has 3 reachable states with original encodings of:
   00
   01
   10
Finished optimization stage 2 on uj11_prefetch_1s_1_0s_1s_18446744073709551614s (CPU Time 0h:00m:00s, Memory Used current: 195MB peak: 199MB)
Running optimization stage 2 on uj11_fram_transport_Z1 .......
@N: CL201 :"/tmp/uj11-cp12cd-20260909/rtl/uj11_fram_transport.v":83:1:83:6|Trying to extract state machine for register state.
Extracted state machine for register state
State machine has 18 reachable states with original encodings of:
   00000
   00001
   00010
   00011
   00100
   00101
   00110
   00111
   01000
   01001
   01010
   01011
   01100
   01101
   01110
   01111
   10000
   10001
Finished optimization stage 2 on uj11_fram_transport_Z1 (CPU Time 0h:00m:00s, Memory Used current: 197MB peak: 199MB)
Running optimization stage 2 on uj11_prefetch_control .......
@W: CL246 :"/tmp/uj11-cp12cd-20260909/rtl/uj11_prefetch_control.v":4:68:4:72|Input port bits 34 to 10 of uword[35:0] are unused. Assign logic for all port bits or change the input port size.
@W: CL246 :"/tmp/uj11-cp12cd-20260909/rtl/uj11_prefetch_control.v":4:68:4:72|Input port bits 7 to 5 of uword[35:0] are unused. Assign logic for all port bits or change the input port size.
@W: CL246 :"/tmp/uj11-cp12cd-20260909/rtl/uj11_prefetch_control.v":4:68:4:72|Input port bits 3 to 0 of uword[35:0] are unused. Assign logic for all port bits or change the input port size.
Finished optimization stage 2 on uj11_prefetch_control (CPU Time 0h:00m:00s, Memory Used current: 197MB peak: 199MB)
Running optimization stage 2 on uj11_stream .......
@W: CL246 :"/tmp/uj11-cp12cd-20260909/rtl/uj11_stream.v":4:61:4:62|Input port bits 15 to 9 of ir[15:0] are unused. Assign logic for all port bits or change the input port size.
@W: CL246 :"/tmp/uj11-cp12cd-20260909/rtl/uj11_stream.v":4:61:4:62|Input port bits 5 to 3 of ir[15:0] are unused. Assign logic for all port bits or change the input port size.
@W: CL246 :"/tmp/uj11-cp12cd-20260909/rtl/uj11_stream.v":4:37:4:41|Input port bits 25 to 6 of uword[35:0] are unused. Assign logic for all port bits or change the input port size.
@W: CL246 :"/tmp/uj11-cp12cd-20260909/rtl/uj11_stream.v":4:37:4:41|Input port bits 4 to 0 of uword[35:0] are unused. Assign logic for all port bits or change the input port size.
Finished optimization stage 2 on uj11_stream (CPU Time 0h:00m:00s, Memory Used current: 197MB peak: 199MB)
Running optimization stage 2 on uj11_fram_system_1s_2s .......
Finished optimization stage 2 on uj11_fram_system_1s_2s (CPU Time 0h:00m:00s, Memory Used current: 197MB peak: 199MB)
Running optimization stage 2 on uj11_core .......
Finished optimization stage 2 on uj11_core (CPU Time 0h:00m:00s, Memory Used current: 197MB peak: 199MB)
Running optimization stage 2 on uj11_engine .......
Finished optimization stage 2 on uj11_engine (CPU Time 0h:00m:00s, Memory Used current: 197MB peak: 199MB)
Running optimization stage 2 on uj11_rom_microcode/generated/m0.mem .......
Finished optimization stage 2 on uj11_rom_microcode/generated/m0.mem (CPU Time 0h:00m:00s, Memory Used current: 197MB peak: 199MB)
Running optimization stage 2 on DP8KC .......
Finished optimization stage 2 on DP8KC (CPU Time 0h:00m:00s, Memory Used current: 197MB peak: 199MB)
Running optimization stage 2 on uj11_microseq .......
@W: CL246 :"/tmp/uj11-cp12cd-20260909/rtl/uj11_microseq.v":6:22:6:26|Input port bits 30 to 21 of uword[35:0] are unused. Assign logic for all port bits or change the input port size.
@W: CL246 :"/tmp/uj11-cp12cd-20260909/rtl/uj11_microseq.v":7:22:7:23|Input port bits 15 to 12 of ir[15:0] are unused. Assign logic for all port bits or change the input port size.
@W: CL246 :"/tmp/uj11-cp12cd-20260909/rtl/uj11_microseq.v":7:22:7:23|Input port bits 8 to 6 of ir[15:0] are unused. Assign logic for all port bits or change the input port size.
@W: CL246 :"/tmp/uj11-cp12cd-20260909/rtl/uj11_microseq.v":7:22:7:23|Input port bits 2 to 0 of ir[15:0] are unused. Assign logic for all port bits or change the input port size.
@W: CL247 :"/tmp/uj11-cp12cd-20260909/rtl/uj11_microseq.v":11:21:11:30|Input port bit 3 of selected_a[3:0] is unused

@W: CL247 :"/tmp/uj11-cp12cd-20260909/rtl/uj11_microseq.v":11:21:11:30|Input port bit 0 of selected_a[3:0] is unused

Finished optimization stage 2 on uj11_microseq (CPU Time 0h:00m:00s, Memory Used current: 197MB peak: 199MB)
Running optimization stage 2 on uj11_mem .......
Finished optimization stage 2 on uj11_mem (CPU Time 0h:00m:00s, Memory Used current: 197MB peak: 199MB)
Running optimization stage 2 on uj11_psw .......
Finished optimization stage 2 on uj11_psw (CPU Time 0h:00m:00s, Memory Used current: 197MB peak: 199MB)
Running optimization stage 2 on uj11_datapath .......
Finished optimization stage 2 on uj11_datapath (CPU Time 0h:00m:00s, Memory Used current: 197MB peak: 199MB)
Running optimization stage 2 on uj11_regfile .......
Finished optimization stage 2 on uj11_regfile (CPU Time 0h:00m:00s, Memory Used current: 197MB peak: 199MB)
Running optimization stage 2 on uj11_alu .......
Finished optimization stage 2 on uj11_alu (CPU Time 0h:00m:00s, Memory Used current: 197MB peak: 199MB)
Running optimization stage 2 on uj11_decode .......
@W: CL246 :"/tmp/uj11-cp12cd-20260909/rtl/uj11_decode.v":3:37:3:38|Input port bits 2 to 0 of ir[15:0] are unused. Assign logic for all port bits or change the input port size.
Finished optimization stage 2 on uj11_decode (CPU Time 0h:00m:00s, Memory Used current: 197MB peak: 199MB)

For a summary of runtime per design unit, please see file:
==========================================================
@L: /tmp/uj11-cp12cd-20260909/build/cp12d/impl1/synwork/layer0.duruntime



At c_ver Exit (Real Time elapsed 0h:00m:00s; CPU Time elapsed 0h:00m:00s; Memory used current: 197MB peak: 199MB)

Process took 0h:00m:01s realtime, 0h:00m:01s cputime

Process completed successfully.
# Wed Sep  9 02:07:22 2026

###########################################################]
###########################################################[

Copyright (C) 1994-2023 Synopsys, Inc.
This Synopsys software and all associated documentation are proprietary to Synopsys, Inc.
and may only be used pursuant to the terms and conditions of a written license agreement
with Synopsys, Inc. All other use, reproduction, modification, or distribution of the
Synopsys software or the associated documentation is strictly prohibited.
Tool: Synplify Pro (R)
Build: V-2023.09L-2
Install: /home/sash/.local/lscc/diamond/3.14/synpbase
OS: Ubuntu 24.04.4 LTS
Hostname: sashz-ubuntu
max virtual memory: unlimited (bytes)
max user processes: 512757
max stack size: 8388608 (bytes)


Implementation : impl1
Synopsys Synopsys Netlist Linker, Version comp202309synp1, Build 349R, Built Sep 17 2024 08:30:48, @5637152

@N|Running in 64-bit mode

At syn_nfilter Exit (Real Time elapsed 0h:00m:00s; CPU Time elapsed 0h:00m:00s; Memory used current: 199MB peak: 199MB)

Process took 0h:00m:01s realtime, 0h:00m:01s cputime

Process completed successfully.
# Wed Sep  9 02:07:22 2026

###########################################################]

For a summary of runtime and memory usage for all design units, please see file:
==========================================================
@L: /tmp/uj11-cp12cd-20260909/build/cp12d/impl1/synwork/cp12d_impl1_comp.rt.csv

@END

At c_hdl Exit (Real Time elapsed 0h:00m:00s; CPU Time elapsed 0h:00m:00s; Memory used current: 41MB peak: 41MB)

Process took 0h:00m:01s realtime, 0h:00m:01s cputime

Process completed successfully.
# Wed Sep  9 02:07:22 2026

###########################################################]
###########################################################[

Copyright (C) 1994-2023 Synopsys, Inc.
This Synopsys software and all associated documentation are proprietary to Synopsys, Inc.
and may only be used pursuant to the terms and conditions of a written license agreement
with Synopsys, Inc. All other use, reproduction, modification, or distribution of the
Synopsys software or the associated documentation is strictly prohibited.
Tool: Synplify Pro (R)
Build: V-2023.09L-2
Install: /home/sash/.local/lscc/diamond/3.14/synpbase
OS: Ubuntu 24.04.4 LTS
Hostname: sashz-ubuntu
max virtual memory: unlimited (bytes)
max user processes: 512757
max stack size: 8388608 (bytes)


Implementation : impl1
Synopsys Synopsys Netlist Linker, Version comp202309synp1, Build 349R, Built Sep 17 2024 08:30:48, @5637152

@N|Running in 64-bit mode

At syn_nfilter Exit (Real Time elapsed 0h:00m:00s; CPU Time elapsed 0h:00m:00s; Memory used current: 200MB peak: 200MB)

Process took 0h:00m:01s realtime, 0h:00m:01s cputime

Process completed successfully.
# Wed Sep  9 02:07:24 2026

###########################################################]
Premap Report

# Wed Sep  9 02:07:24 2026


Copyright (C) 1994-2023 Synopsys, Inc.
This Synopsys software and all associated documentation are proprietary to Synopsys, Inc.
and may only be used pursuant to the terms and conditions of a written license agreement
with Synopsys, Inc. All other use, reproduction, modification, or distribution of the
Synopsys software or the associated documentation is strictly prohibited.
Tool: Synplify Pro (R)
Build: V-2023.09L-2
Install: /home/sash/.local/lscc/diamond/3.14/synpbase
OS: Ubuntu 24.04.4 LTS
Hostname: sashz-ubuntu
max virtual memory: unlimited (bytes)
max user processes: 512757
max stack size: 8388608 (bytes)


Implementation : impl1
Synopsys Lattice Technology Pre-mapping, Version map202309lat, Build 191R, Built Sep 17 2024 09:08:23, @5637152


Mapper Startup Complete (Real Time elapsed 0h:00m:00s; CPU Time elapsed 0h:00m:00s; Memory used current: 439MB peak: 439MB)


Done reading skeleton netlist (Real Time elapsed 0h:00m:00s; CPU Time elapsed 0h:00m:00s; Memory used current: 453MB peak: 454MB)

@A: MF827 |No constraint file specified.
@L: /tmp/uj11-cp12cd-20260909/build/cp12d/impl1/cp12d_impl1_scck.rpt 
See clock summary report "/tmp/uj11-cp12cd-20260909/build/cp12d/impl1/cp12d_impl1_scck.rpt"
@N: MF916 |Option synthesis_strategy=base is enabled. 
@N: MF248 |Running in 64-bit mode.
@N: MF666 |Clock conversion enabled. (Command "set_option -fix_gated_and_generated_clocks 1" in the project file.)

Design Input Complete (Real Time elapsed 0h:00m:00s; CPU Time elapsed 0h:00m:00s; Memory used current: 458MB peak: 459MB)


Mapper Initialization Complete (Real Time elapsed 0h:00m:00s; CPU Time elapsed 0h:00m:00s; Memory used current: 458MB peak: 459MB)


Start loading timing files (Real Time elapsed 0h:00m:00s; CPU Time elapsed 0h:00m:00s; Memory used current: 465MB peak: 465MB)


Finished loading timing files (Real Time elapsed 0h:00m:00s; CPU Time elapsed 0h:00m:00s; Memory used current: 467MB peak: 467MB)

NConnInternalConnection caching is on

Starting HSTDM IP insertion (Real Time elapsed 0h:00m:00s; CPU Time elapsed 0h:00m:00s; Memory used current: 515MB peak: 515MB)


Finished HSTDM IP insertion (Real Time elapsed 0h:00m:00s; CPU Time elapsed 0h:00m:00s; Memory used current: 515MB peak: 515MB)


Started DisTri Cleanup (Real Time elapsed 0h:00m:00s; CPU Time elapsed 0h:00m:00s; Memory used current: 515MB peak: 515MB)


Finished DisTri Cleanup (Real Time elapsed 0h:00m:00s; CPU Time elapsed 0h:00m:00s; Memory used current: 515MB peak: 515MB)

Encoding state machine state[17:0] (in view: work.uj11_fram_transport_Z1(verilog))
original code -> new code
   00000 -> 000000000000000001
   00001 -> 000000000000000010
   00010 -> 000000000000000100
   00011 -> 000000000000001000
   00100 -> 000000000000010000
   00101 -> 000000000000100000
   00110 -> 000000000001000000
   00111 -> 000000000010000000
   01000 -> 000000000100000000
   01001 -> 000000001000000000
   01010 -> 000000010000000000
   01011 -> 000000100000000000
   01100 -> 000001000000000000
   01101 -> 000010000000000000
   01110 -> 000100000000000000
   01111 -> 001000000000000000
   10000 -> 010000000000000000
   10001 -> 100000000000000000
@N: FX493 |Applying initial value "1" on instance state[0].
@W: FX474 |User-specified initial value defined for some sequential elements which can prevent optimum synthesis results from being achieved. 
@N: FX493 |Applying initial value "0" on instance state[1].
@N: FX493 |Applying initial value "0" on instance state[2].
@N: FX493 |Applying initial value "0" on instance state[3].
@N: FX493 |Applying initial value "0" on instance state[4].
@N: FX493 |Applying initial value "0" on instance state[5].
@N: FX493 |Applying initial value "0" on instance state[6].
@N: FX493 |Applying initial value "0" on instance state[7].
@N: FX493 |Applying initial value "0" on instance state[8].
@N: FX493 |Applying initial value "0" on instance state[9].
@N: FX493 |Applying initial value "0" on instance state[10].
@N: FX493 |Applying initial value "0" on instance state[11].
@N: FX493 |Applying initial value "0" on instance state[12].
@N: FX493 |Applying initial value "0" on instance state[13].
@N: FX493 |Applying initial value "0" on instance state[14].
@N: FX493 |Applying initial value "0" on instance state[15].
@N: FX493 |Applying initial value "0" on instance state[16].
@N: FX493 |Applying initial value "0" on instance state[17].
Encoding state machine owner[2:0] (in view: work.uj11_prefetch_1s_1_0s_1s_18446744073709551614s(verilog))
original code -> new code
   00 -> 00
   01 -> 01
   10 -> 10

Starting clock optimization phase (Real Time elapsed 0h:00m:00s; CPU Time elapsed 0h:00m:00s; Memory used current: 516MB peak: 516MB)


mixed edge conversion for GCC is OFF

Finished clock optimization phase (Real Time elapsed 0h:00m:00s; CPU Time elapsed 0h:00m:00s; Memory used current: 517MB peak: 517MB)


Starting clock optimization report phase (Real Time elapsed 0h:00m:00s; CPU Time elapsed 0h:00m:00s; Memory used current: 517MB peak: 517MB)


Finished clock optimization report phase (Real Time elapsed 0h:00m:00s; CPU Time elapsed 0h:00m:00s; Memory used current: 517MB peak: 517MB)

@N: FX1184 |Applying syn_allowed_resources blockrams=7 on top level netlist uj11_probe_fram_pf 

Finished netlist restructuring (Real Time elapsed 0h:00m:00s; CPU Time elapsed 0h:00m:00s; Memory used current: 517MB peak: 517MB)



Clock Summary
******************

          Start                      Requested     Requested     Clock        Clock          Clock
Level     Clock                      Frequency     Period        Type         Group          Load 
--------------------------------------------------------------------------------------------------
0 -       uj11_probe_fram_pf|clk     1.0 MHz       1000.000      inferred     (multiple)     434  
==================================================================================================



Clock Load Summary
***********************

                           Clock     Source        Clock Pin                  Non-clock Pin     Non-clock Pin
Clock                      Load      Pin           Seq Example                Seq Example       Comb Example 
-------------------------------------------------------------------------------------------------------------
uj11_probe_fram_pf|clk     434       clk(port)     probe.observe[175:0].C     -                 -            
=============================================================================================================

@W: MT529 :"/tmp/uj11-cp12cd-20260909/rtl/uj11_regfile.v":13:4:13:9|Found inferred clock uj11_probe_fram_pf|clk which controls 434 sequential elements including probe.system.core.engine.dp.rf.words_1[15:0]. This clock has no specified timing constraint which may prevent conversion of gated or generated clocks and may adversely impact design performance. 

ICG Latch Removal Summary:
Number of ICG latches removed: 0
Number of ICG latches not removed:	0


@S |Clock Optimization Summary



#### START OF PREMAP CLOCK OPTIMIZATION REPORT #####[

1 non-gated/non-generated clock tree(s) driving 404 clock pin(s) of sequential element(s)
0 gated/generated clock tree(s) driving 0 clock pin(s) of sequential element(s)
0 instances converted, 0 sequential instances remain driven by gated/generated clocks

============================== Non-Gated/Non-Generated Clocks ==============================
Clock Tree ID     Driving Element     Drive Element Type     Fanout     Sample Instance     
--------------------------------------------------------------------------------------------
@KP:ckid0_0       clk                 port                   404        probe.stimulus[18:0]
============================================================================================


##### END OF CLOCK OPTIMIZATION REPORT ######


Summary of user generated gated clocks:
0 user generated gated/generated clock tree(s) driving 0 clock pin(s) of sequential element(s)

@N: FX1143 |Skipping assigning INTERNAL_VREF to iobanks, because the table of mapping from pin to iobank is not initialized.
Finished Pre Mapping Phase.

Starting constraint checker (Real Time elapsed 0h:00m:00s; CPU Time elapsed 0h:00m:00s; Memory used current: 517MB peak: 517MB)


Finished constraint checker preprocessing (Real Time elapsed 0h:00m:00s; CPU Time elapsed 0h:00m:00s; Memory used current: 517MB peak: 517MB)


Finished constraint checker (Real Time elapsed 0h:00m:00s; CPU Time elapsed 0h:00m:00s; Memory used current: 517MB peak: 517MB)

Pre-mapping successful!

At Mapper Exit (Real Time elapsed 0h:00m:00s; CPU Time elapsed 0h:00m:00s; Memory used current: 429MB peak: 517MB)

Process took 0h:00m:01s realtime, 0h:00m:01s cputime
# Wed Sep  9 02:07:24 2026

###########################################################]
Map & Optimize Report

# Wed Sep  9 02:07:25 2026


Copyright (C) 1994-2023 Synopsys, Inc.
This Synopsys software and all associated documentation are proprietary to Synopsys, Inc.
and may only be used pursuant to the terms and conditions of a written license agreement
with Synopsys, Inc. All other use, reproduction, modification, or distribution of the
Synopsys software or the associated documentation is strictly prohibited.
Tool: Synplify Pro (R)
Build: V-2023.09L-2
Install: /home/sash/.local/lscc/diamond/3.14/synpbase
OS: Ubuntu 24.04.4 LTS
Hostname: sashz-ubuntu
max virtual memory: unlimited (bytes)
max user processes: 512757
max stack size: 8388608 (bytes)


Implementation : impl1
Synopsys Lattice Technology Mapper, Version map202309lat, Build 191R, Built Sep 17 2024 09:08:23, @5637152


Mapper Startup Complete (Real Time elapsed 0h:00m:00s; CPU Time elapsed 0h:00m:00s; Memory used current: 439MB peak: 439MB)

@N: MF916 |Option synthesis_strategy=base is enabled. 
@N: MF248 |Running in 64-bit mode.
@N: MF666 |Clock conversion enabled. (Command "set_option -fix_gated_and_generated_clocks 1" in the project file.)

Design Input Complete (Real Time elapsed 0h:00m:00s; CPU Time elapsed 0h:00m:00s; Memory used current: 452MB peak: 454MB)


Mapper Initialization Complete (Real Time elapsed 0h:00m:00s; CPU Time elapsed 0h:00m:00s; Memory used current: 452MB peak: 454MB)


Start loading timing files (Real Time elapsed 0h:00m:00s; CPU Time elapsed 0h:00m:00s; Memory used current: 456MB peak: 456MB)


Finished loading timing files (Real Time elapsed 0h:00m:00s; CPU Time elapsed 0h:00m:00s; Memory used current: 464MB peak: 464MB)



Starting Optimization and Mapping (Real Time elapsed 0h:00m:00s; CPU Time elapsed 0h:00m:00s; Memory used current: 512MB peak: 512MB)


Available hyper_sources - for debug and ip models
	None Found


Finished RTL optimizations (Real Time elapsed 0h:00m:00s; CPU Time elapsed 0h:00m:00s; Memory used current: 514MB peak: 514MB)

@W: BN132 :"/tmp/uj11-cp12cd-20260909/synth/machxo2/uj11_probe_fram.v":21:4:21:9|Removing instance probe.observe[1] because it is equivalent to instance probe.observe[171]. To keep the instance, apply constraint syn_preserve=1 on the instance.
@N: MF179 :"/tmp/uj11-cp12cd-20260909/rtl/uj11_prefetch.v":29:55:29:79|Found 15 by 15 bit equality operator ('==') un1_address_1 (in view: work.uj11_prefetch_1s_1_0s_1s_18446744073709551614s(verilog))
@N: MF179 :"/tmp/uj11-cp12cd-20260909/rtl/uj11_prefetch.v":44:43:44:68|Found 16 by 16 bit equality operator ('==') un1_pc_data (in view: work.uj11_prefetch_1s_1_0s_1s_18446744073709551614s(verilog))
@N: FX493 |Applying initial value "1" on instance state[0].
@W: FX474 |User-specified initial value defined for some sequential elements which can prevent optimum synthesis results from being achieved. 
@N: FX493 |Applying initial value "0" on instance state[1].
@N: FX493 |Applying initial value "0" on instance state[2].
@N: FX493 |Applying initial value "0" on instance state[3].
@N: FX493 |Applying initial value "0" on instance state[4].
@N: FX493 |Applying initial value "0" on instance state[5].
@N: FX493 |Applying initial value "0" on instance state[6].
@N: FX493 |Applying initial value "0" on instance state[7].
@N: FX493 |Applying initial value "0" on instance state[8].
@N: FX493 |Applying initial value "0" on instance state[9].
@N: FX493 |Applying initial value "0" on instance state[10].
@N: FX493 |Applying initial value "0" on instance state[11].
@N: FX493 |Applying initial value "0" on instance state[12].
@N: FX493 |Applying initial value "0" on instance state[13].
@N: FX493 |Applying initial value "0" on instance state[14].
@N: FX493 |Applying initial value "0" on instance state[15].
@N: FX493 |Applying initial value "0" on instance state[16].
@N: FX493 |Applying initial value "0" on instance state[17].

Starting factoring (Real Time elapsed 0h:00m:00s; CPU Time elapsed 0h:00m:00s; Memory used current: 517MB peak: 517MB)

@N: BN362 :"/tmp/uj11-cp12cd-20260909/rtl/uj11_fram_transport.v":83:1:83:6|Removing sequential instance sequential\.memory.transport.error (in view: work.uj11_fram_system_1s_2s(verilog)) because it does not drive other instances.
@N: BN362 :"/tmp/uj11-cp12cd-20260909/rtl/uj11_prefetch.v":70:4:70:9|Removing sequential instance sequential\.memory.buffer_error (in view: work.uj11_fram_system_1s_2s(verilog)) because it does not drive other instances.
@N: BN362 :"/tmp/uj11-cp12cd-20260909/synth/machxo2/uj11_probe_fram.v":21:4:21:9|Removing sequential instance probe.observe[171] (in view: work.uj11_probe_fram_pf(verilog)) because it does not drive other instances.

Finished factoring (Real Time elapsed 0h:00m:00s; CPU Time elapsed 0h:00m:01s; Memory used current: 534MB peak: 534MB)

NConnInternalConnection caching is on
@W: BN161 :"/tmp/uj11-cp12cd-20260909/synth/machxo2/uj11_probe_fram_pf.v":2:7:2:24|Net probe.system.sequential\.memory.transport.N_26 has multiple drivers .
@W: BN161 :"/tmp/uj11-cp12cd-20260909/synth/machxo2/uj11_probe_fram_pf.v":2:7:2:24|Net probe.system.sequential\.memory.transport.N_29 has multiple drivers .
@W: BN161 :"/tmp/uj11-cp12cd-20260909/synth/machxo2/uj11_probe_fram_pf.v":2:7:2:24|Net probe.system.sequential\.memory.transport.N_102 has multiple drivers .
@W: BN161 :"/tmp/uj11-cp12cd-20260909/synth/machxo2/uj11_probe_fram_pf.v":2:7:2:24|Net probe.system.sequential\.memory.transport.N_103 has multiple drivers .
@W: BN161 :"/tmp/uj11-cp12cd-20260909/synth/machxo2/uj11_probe_fram_pf.v":2:7:2:24|Net probe.system.sequential\.memory.transport.N_104 has multiple drivers .
@W: BN161 :"/tmp/uj11-cp12cd-20260909/synth/machxo2/uj11_probe_fram_pf.v":2:7:2:24|Net probe.system.sequential\.memory.transport.N_105 has multiple drivers .
@W: BN161 :"/tmp/uj11-cp12cd-20260909/synth/machxo2/uj11_probe_fram_pf.v":2:7:2:24|Net probe.system.sequential\.memory.transport.N_106 has multiple drivers .
@W: BN161 :"/tmp/uj11-cp12cd-20260909/synth/machxo2/uj11_probe_fram_pf.v":2:7:2:24|Net probe.system.sequential\.memory.transport.N_107 has multiple drivers .
@W: BN161 :"/tmp/uj11-cp12cd-20260909/synth/machxo2/uj11_probe_fram_pf.v":2:7:2:24|Net probe.system.sequential\.memory.transport.N_108 has multiple drivers .
@W: BN161 :"/tmp/uj11-cp12cd-20260909/synth/machxo2/uj11_probe_fram_pf.v":2:7:2:24|Net probe.system.core.engine.seq.N_26 has multiple drivers .
@W: BN161 :"/tmp/uj11-cp12cd-20260909/synth/machxo2/uj11_probe_fram_pf.v":2:7:2:24|Net probe.system.core.engine.seq.N_47 has multiple drivers .

Finished generic timing optimizations - Pass 1 (Real Time elapsed 0h:00m:01s; CPU Time elapsed 0h:00m:01s; Memory used current: 538MB peak: 538MB)

@W: BN161 :"/tmp/uj11-cp12cd-20260909/synth/machxo2/uj11_probe_fram_pf.v":2:7:2:24|Net N_18 has multiple drivers .
@W: BN161 :"/tmp/uj11-cp12cd-20260909/synth/machxo2/uj11_probe_fram_pf.v":2:7:2:24|Net probe.system.sequential\.memory.un1_address_2_axb_0 has multiple drivers .
@W: BN161 :"/tmp/uj11-cp12cd-20260909/synth/machxo2/uj11_probe_fram_pf.v":2:7:2:24|Net probe.system.sequential\.memory.un1_address_2_axb_1 has multiple drivers .
@W: BN161 :"/tmp/uj11-cp12cd-20260909/synth/machxo2/uj11_probe_fram_pf.v":2:7:2:24|Net probe.system.sequential\.memory.un1_address_2_axb_2 has multiple drivers .
@W: BN161 :"/tmp/uj11-cp12cd-20260909/synth/machxo2/uj11_probe_fram_pf.v":2:7:2:24|Net probe.system.sequential\.memory.un1_address_2_axb_3 has multiple drivers .
@W: BN161 :"/tmp/uj11-cp12cd-20260909/synth/machxo2/uj11_probe_fram_pf.v":2:7:2:24|Net probe.system.sequential\.memory.un1_address_2_axb_4 has multiple drivers .
@W: BN161 :"/tmp/uj11-cp12cd-20260909/synth/machxo2/uj11_probe_fram_pf.v":2:7:2:24|Net probe.system.sequential\.memory.un1_address_2_axb_5 has multiple drivers .
@W: BN161 :"/tmp/uj11-cp12cd-20260909/synth/machxo2/uj11_probe_fram_pf.v":2:7:2:24|Net probe.system.sequential\.memory.un1_address_2_axb_6 has multiple drivers .
@W: BN161 :"/tmp/uj11-cp12cd-20260909/synth/machxo2/uj11_probe_fram_pf.v":2:7:2:24|Net probe.system.sequential\.memory.un1_address_2_axb_7 has multiple drivers .
@W: BN161 :"/tmp/uj11-cp12cd-20260909/synth/machxo2/uj11_probe_fram_pf.v":2:7:2:24|Net probe.system.sequential\.memory.un1_address_2_axb_8 has multiple drivers .
@W: BN161 :"/tmp/uj11-cp12cd-20260909/synth/machxo2/uj11_probe_fram_pf.v":2:7:2:24|Net probe.system.sequential\.memory.un1_address_2_axb_9 has multiple drivers .
@W: BN161 :"/tmp/uj11-cp12cd-20260909/synth/machxo2/uj11_probe_fram_pf.v":2:7:2:24|Net probe.system.sequential\.memory.un1_address_2_axb_10 has multiple drivers .
@W: BN161 :"/tmp/uj11-cp12cd-20260909/synth/machxo2/uj11_probe_fram_pf.v":2:7:2:24|Net probe.system.sequential\.memory.un1_address_2_axb_11 has multiple drivers .
@W: BN161 :"/tmp/uj11-cp12cd-20260909/synth/machxo2/uj11_probe_fram_pf.v":2:7:2:24|Net probe.system.sequential\.memory.un1_address_2_axb_12 has multiple drivers .
@W: BN161 :"/tmp/uj11-cp12cd-20260909/synth/machxo2/uj11_probe_fram_pf.v":2:7:2:24|Net probe.system.sequential\.memory.un1_address_2_axb_13 has multiple drivers .
@W: BN161 :"/tmp/uj11-cp12cd-20260909/synth/machxo2/uj11_probe_fram_pf.v":2:7:2:24|Net probe.system.sequential\.memory.un1_address_2_axb_14 has multiple drivers .
@W: BN161 :"/tmp/uj11-cp12cd-20260909/synth/machxo2/uj11_probe_fram_pf.v":2:7:2:24|Net probe.system.core.engine.seq.un1_upc_axb_0 has multiple drivers .
@W: BN161 :"/tmp/uj11-cp12cd-20260909/synth/machxo2/uj11_probe_fram_pf.v":2:7:2:24|Net probe.system.core.engine.seq.un1_upc_axb_1 has multiple drivers .
@W: BN161 :"/tmp/uj11-cp12cd-20260909/synth/machxo2/uj11_probe_fram_pf.v":2:7:2:24|Net probe.system.core.engine.seq.un1_upc_axb_2 has multiple drivers .
@W: BN161 :"/tmp/uj11-cp12cd-20260909/synth/machxo2/uj11_probe_fram_pf.v":2:7:2:24|Net probe.system.core.engine.seq.un1_upc_axb_3 has multiple drivers .
@W: BN161 :"/tmp/uj11-cp12cd-20260909/synth/machxo2/uj11_probe_fram_pf.v":2:7:2:24|Net probe.system.core.engine.seq.un1_upc_axb_4 has multiple drivers .
@W: BN161 :"/tmp/uj11-cp12cd-20260909/synth/machxo2/uj11_probe_fram_pf.v":2:7:2:24|Net probe.system.core.engine.seq.un1_upc_axb_5 has multiple drivers .
@W: BN161 :"/tmp/uj11-cp12cd-20260909/synth/machxo2/uj11_probe_fram_pf.v":2:7:2:24|Net probe.system.core.engine.seq.un1_upc_axb_6 has multiple drivers .
@W: BN161 :"/tmp/uj11-cp12cd-20260909/synth/machxo2/uj11_probe_fram_pf.v":2:7:2:24|Net probe.system.core.engine.seq.un1_upc_axb_7 has multiple drivers .
@W: BN161 :"/tmp/uj11-cp12cd-20260909/synth/machxo2/uj11_probe_fram_pf.v":2:7:2:24|Net probe.system.core.engine.seq.un1_upc_axb_8 has multiple drivers .
@W: BN161 :"/tmp/uj11-cp12cd-20260909/synth/machxo2/uj11_probe_fram_pf.v":2:7:2:24|Net probe.system.core.engine.seq.un1_upc_axb_9 has multiple drivers .
@W: BN161 :"/tmp/uj11-cp12cd-20260909/synth/machxo2/uj11_probe_fram_pf.v":2:7:2:24|Net N_83 has multiple drivers .
@W: BN161 :"/tmp/uj11-cp12cd-20260909/synth/machxo2/uj11_probe_fram_pf.v":2:7:2:24|Net probe.system.core.engine.dp.alu.un1_arithmetic_b has multiple drivers .

Starting Early Timing Optimization (Real Time elapsed 0h:00m:01s; CPU Time elapsed 0h:00m:01s; Memory used current: 538MB peak: 538MB)


Finished Early Timing Optimization (Real Time elapsed 0h:00m:01s; CPU Time elapsed 0h:00m:01s; Memory used current: 538MB peak: 538MB)


Finished generic timing optimizations - Pass 2 (Real Time elapsed 0h:00m:01s; CPU Time elapsed 0h:00m:01s; Memory used current: 538MB peak: 538MB)


Finished preparing to map (Real Time elapsed 0h:00m:01s; CPU Time elapsed 0h:00m:01s; Memory used current: 538MB peak: 538MB)


Finished technology mapping (Real Time elapsed 0h:00m:01s; CPU Time elapsed 0h:00m:02s; Memory used current: 589MB peak: 589MB)

Pass		 CPU time		Worst Slack		Luts / Registers
------------------------------------------------------------
   1		0h:00m:02s		   975.64ns		 883 /       394

Finished technology timing optimizations and critical path resynthesis (Real Time elapsed 0h:00m:01s; CPU Time elapsed 0h:00m:02s; Memory used current: 589MB peak: 589MB)

@N: FX164 |The option to pack registers in the IOB has not been specified. Please set syn_useioff attribute.  
@N: FO126 :"/tmp/uj11-cp12cd-20260909/rtl/uj11_regfile.v":13:4:13:9|Generating RAM probe.system.core.engine.dp.rf.words_1[15:0]
@N: FO126 :"/tmp/uj11-cp12cd-20260909/rtl/uj11_regfile.v":13:4:13:9|Generating RAM probe.system.core.engine.dp.rf.words[15:0]
@W: BN161 :"/tmp/uj11-cp12cd-20260909/synth/machxo2/uj11_probe_fram_pf.v":2:7:2:24|Net N_2037 has multiple drivers .
@W: BN161 :"/tmp/uj11-cp12cd-20260909/synth/machxo2/uj11_probe_fram_pf.v":2:7:2:24|Net N_2039 has multiple drivers .
@W: BN161 :"/tmp/uj11-cp12cd-20260909/synth/machxo2/uj11_probe_fram_pf.v":2:7:2:24|Net N_2041 has multiple drivers .
@W: BN161 :"/tmp/uj11-cp12cd-20260909/synth/machxo2/uj11_probe_fram_pf.v":2:7:2:24|Net N_2043 has multiple drivers .
@W: BN161 :"/tmp/uj11-cp12cd-20260909/synth/machxo2/uj11_probe_fram_pf.v":2:7:2:24|Net N_2045 has multiple drivers .
@W: BN161 :"/tmp/uj11-cp12cd-20260909/synth/machxo2/uj11_probe_fram_pf.v":2:7:2:24|Net N_2047 has multiple drivers .
@W: BN161 :"/tmp/uj11-cp12cd-20260909/synth/machxo2/uj11_probe_fram_pf.v":2:7:2:24|Net N_2049 has multiple drivers .

Finished restoring hierarchy (Real Time elapsed 0h:00m:02s; CPU Time elapsed 0h:00m:02s; Memory used current: 589MB peak: 589MB)


Starting CDBProcessSetClockGroups... (Real Time elapsed 0h:00m:02s; CPU Time elapsed 0h:00m:02s; Memory used current: 589MB peak: 589MB)


Finished with CDBProcessSetClockGroups (Real Time elapsed 0h:00m:02s; CPU Time elapsed 0h:00m:02s; Memory used current: 589MB peak: 589MB)


Start Writing Netlists (Real Time elapsed 0h:00m:02s; CPU Time elapsed 0h:00m:02s; Memory used current: 589MB peak: 589MB)

Writing Analyst data base /tmp/uj11-cp12cd-20260909/build/cp12d/impl1/synwork/cp12d_impl1_m.srm

Finished Writing Netlist Databases (Real Time elapsed 0h:00m:02s; CPU Time elapsed 0h:00m:02s; Memory used current: 589MB peak: 589MB)

Writing EDIF Netlist and constraint files
@N: FX1056 |Writing EDF file: /tmp/uj11-cp12cd-20260909/build/cp12d/impl1/cp12d_impl1.edi
@N: BW106 |Synplicity Constraint File capacitance units using default value of 1pF 

Finished Writing EDIF Netlist and constraint files (Real Time elapsed 0h:00m:02s; CPU Time elapsed 0h:00m:02s; Memory used current: 595MB peak: 595MB)


Finished Writing Netlists (Real Time elapsed 0h:00m:02s; CPU Time elapsed 0h:00m:02s; Memory used current: 595MB peak: 595MB)


Start final timing analysis (Real Time elapsed 0h:00m:02s; CPU Time elapsed 0h:00m:02s; Memory used current: 595MB peak: 595MB)

@W: MT420 |Found inferred clock uj11_probe_fram_pf|clk with period 1000.00ns. Please declare a user-defined clock on port clk.


##### START OF TIMING REPORT #####[
# Timing report written on Wed Sep  9 02:07:27 2026
#


Top view:               uj11_probe_fram_pf
Requested Frequency:    1.0 MHz
Wire load mode:         top
Paths requested:        5
Constraint File(s):    
@N: MT320 |This timing report is an estimate of place and route data. For final timing results, use the FPGA vendor place and route report.

@N: MT322 |Clock constraints include only register-to-register paths associated with each individual clock.



Performance Summary
*******************


Worst slack in design: 977.175

                           Requested     Estimated     Requested     Estimated                 Clock        Clock     
Starting Clock             Frequency     Frequency     Period        Period        Slack       Type         Group     
----------------------------------------------------------------------------------------------------------------------
uj11_probe_fram_pf|clk     1.0 MHz       43.8 MHz      1000.000      22.825        977.175     inferred     (multiple)
======================================================================================================================





Clock Relationships
*******************

Clocks                                          |    rise  to  rise     |    fall  to  fall   |    rise  to  fall   |    fall  to  rise 
----------------------------------------------------------------------------------------------------------------------------------------
Starting                Ending                  |  constraint  slack    |  constraint  slack  |  constraint  slack  |  constraint  slack
----------------------------------------------------------------------------------------------------------------------------------------
uj11_probe_fram_pf|clk  uj11_probe_fram_pf|clk  |  1000.000    977.175  |  No paths    -      |  No paths    -      |  No paths    -    
========================================================================================================================================
 Note: 'No paths' indicates there are no paths in the design for that pair of clock edges.
       'Diff grp' indicates that paths exist but the starting clock and ending clock are in different clock groups.



Interface Information 
*********************

No IO constraint found



====================================
Detailed Report for Clock: uj11_probe_fram_pf|clk
====================================



Starting Points with Worst Slack
********************************

                                        Starting                                                      Arrival            
Instance                                Reference                  Type        Pin      Net           Time        Slack  
                                        Clock                                                                            
-------------------------------------------------------------------------------------------------------------------------
probe.system.core.engine.rom.lane_2     uj11_probe_fram_pf|clk     DP8KC       DOA8     uword[26]     3.737       977.175
probe.system.core.engine.rom.lane_3     uj11_probe_fram_pf|clk     DP8KC       DOA0     uword[27]     3.737       978.192
probe.system.core.engine.rom.lane_3     uj11_probe_fram_pf|clk     DP8KC       DOA1     uword[28]     3.737       978.192
probe.system.core.engine.rom.lane_3     uj11_probe_fram_pf|clk     DP8KC       DOA3     uword[30]     3.737       978.192
probe.system.core.engine.rom.lane_3     uj11_probe_fram_pf|clk     DP8KC       DOA2     uword[29]     3.737       978.200
probe.system.core.engine.rom.lane_3     uj11_probe_fram_pf|clk     DP8KC       DOA6     uword[33]     3.737       979.427
probe.system.core.engine.rom.lane_3     uj11_probe_fram_pf|clk     DP8KC       DOA7     uword[34]     3.737       979.427
probe.system.core.engine.rom.lane_1     uj11_probe_fram_pf|clk     DP8KC       DOA2     uword[11]     4.629       979.549
probe.system.core.engine.rom.lane_1     uj11_probe_fram_pf|clk     DP8KC       DOA1     uword[10]     4.617       979.561
probe.system.core.engine.ir[7]          uj11_probe_fram_pf|clk     FD1P3IX     Q        ir[7]         1.252       979.660
=========================================================================================================================


Ending Points with Worst Slack
******************************

                                               Starting                                                             Required            
Instance                                       Reference                  Type        Pin       Net                 Time         Slack  
                                               Clock                                                                                    
----------------------------------------------------------------------------------------------------------------------------------------
probe.system.sequential\.memory.redirected     uj11_probe_fram_pf|clk     FD1S3IX     D         redirect            1000.089     977.175
probe.system.core.engine.rom.lane_0            uj11_probe_fram_pf|clk     DP8KC       ADA3      next_address[0]     998.318      978.573
probe.system.core.engine.rom.lane_0            uj11_probe_fram_pf|clk     DP8KC       ADA4      next_address[1]     998.318      978.573
probe.system.core.engine.rom.lane_0            uj11_probe_fram_pf|clk     DP8KC       ADA5      next_address[2]     998.318      978.573
probe.system.core.engine.rom.lane_0            uj11_probe_fram_pf|clk     DP8KC       ADA6      next_address[3]     998.318      978.573
probe.system.core.engine.rom.lane_0            uj11_probe_fram_pf|clk     DP8KC       ADA7      next_address[4]     998.318      978.573
probe.system.core.engine.rom.lane_0            uj11_probe_fram_pf|clk     DP8KC       ADA8      next_address[5]     998.318      978.573
probe.system.core.engine.rom.lane_0            uj11_probe_fram_pf|clk     DP8KC       ADA9      next_address[6]     998.318      978.573
probe.system.core.engine.rom.lane_0            uj11_probe_fram_pf|clk     DP8KC       ADA10     next_address[7]     998.318      978.573
probe.system.core.engine.rom.lane_0            uj11_probe_fram_pf|clk     DP8KC       ADA11     next_address[8]     998.318      978.573
========================================================================================================================================



Worst Path Information
***********************


Path information for path number 1: 
      Requested Period:                      1000.000
    - Setup time:                            -0.089
    + Clock delay at ending point:           0.000 (ideal)
    = Required time:                         1000.089

    - Propagation time:                      22.914
    - Clock delay at starting point:         0.000 (ideal)
    = Slack (critical) :                     977.175

    Number of logic level(s):                20
    Starting point:                          probe.system.core.engine.rom.lane_2 / DOA8
    Ending point:                            probe.system.sequential\.memory.redirected / D
    The start point is clocked by            uj11_probe_fram_pf|clk [rising] (rise=0.000 fall=500.000 period=1000.000) on pin CLKA
    The end   point is clocked by            uj11_probe_fram_pf|clk [rising] (rise=0.000 fall=500.000 period=1000.000) on pin CK

Instance / Net                                                                      Pin      Pin               Arrival      No. of    
Name                                                                   Type         Name     Dir     Delay     Time         Fan Out(s)
--------------------------------------------------------------------------------------------------------------------------------------
probe.system.core.engine.rom.lane_2                                    DP8KC        DOA8     Out     3.737     3.737 r      -         
uword[26]                                                              Net          -        -       -         -            8         
probe.system.core.engine.select_register_0\.un6_select_register[1]     ORCALUT4     C        In      0.000     3.737 r      -         
probe.system.core.engine.select_register_0\.un6_select_register[1]     ORCALUT4     Z        Out     1.017     4.753 r      -         
un6_select_register[1]                                                 Net          -        -       -         -            1         
probe.system.core.engine.select_register_5[1]                          ORCALUT4     A        In      0.000     4.753 r      -         
probe.system.core.engine.select_register_5[1]                          ORCALUT4     Z        Out     1.233     5.986 r      -         
un8_d_axb1                                                             Net          -        -       -         -            6         
probe.system.core.engine.un6_d                                         ORCALUT4     C        In      0.000     5.986 r      -         
probe.system.core.engine.un6_d                                         ORCALUT4     Z        Out     1.017     7.003 f      -         
un6_d                                                                  Net          -        -       -         -            1         
probe.system.core.engine.un6_d_RNIGNBGE                                ORCALUT4     A        In      0.000     7.003 f      -         
probe.system.core.engine.un6_d_RNIGNBGE                                ORCALUT4     Z        Out     1.249     8.252 r      -         
d_sn_N_5                                                               Net          -        -       -         -            7         
probe.system.core.engine.d_am[0]                                       ORCALUT4     A        In      0.000     8.252 r      -         
probe.system.core.engine.d_am[0]                                       ORCALUT4     Z        Out     1.017     9.269 r      -         
d_am[0]                                                                Net          -        -       -         -            1         
probe.system.core.engine.d[0]                                          PFUMX        BLUT     In      0.000     9.269 r      -         
probe.system.core.engine.d[0]                                          PFUMX        Z        Out     0.286     9.555 r      -         
d[0]                                                                   Net          -        -       -         -            2         
probe.system.core.engine.dp.rhs_RNO[0]                                 ORCALUT4     A        In      0.000     9.555 r      -         
probe.system.core.engine.dp.rhs_RNO[0]                                 ORCALUT4     Z        Out     1.017     10.572 r     -         
un1_d[0]                                                               Net          -        -       -         -            1         
probe.system.core.engine.dp.rhs[0]                                     ORCALUT4     C        In      0.000     10.572 r     -         
probe.system.core.engine.dp.rhs[0]                                     ORCALUT4     Z        Out     0.449     11.020 r     -         
rhs[0]                                                                 Net          -        -       -         -            3         
probe.system.core.engine.dp.alu.un1_arithmetic_b_cry_0_0               CCU2D        C1       In      0.000     11.020 r     -         
probe.system.core.engine.dp.alu.un1_arithmetic_b_cry_0_0               CCU2D        COUT     Out     1.544     12.565 r     -         
un1_arithmetic_b_cry_0                                                 Net          -        -       -         -            1         
probe.system.core.engine.dp.alu.un1_arithmetic_b_cry_1_0               CCU2D        CIN      In      0.000     12.565 r     -         
probe.system.core.engine.dp.alu.un1_arithmetic_b_cry_1_0               CCU2D        S0       Out     1.621     14.186 r     -         
un1_arithmetic_b_cry_1_0_S0                                            Net          -        -       -         -            2         
probe.system.core.engine.dp.alu.result_8_0[1]                          ORCALUT4     A        In      0.000     14.186 r     -         
probe.system.core.engine.dp.alu.result_8_0[1]                          ORCALUT4     Z        Out     1.017     15.203 r     -         
result_8_0[1]                                                          Net          -        -       -         -            1         
probe.system.core.engine.dp.alu.result_12[1]                           ORCALUT4     A        In      0.000     15.203 r     -         
probe.system.core.engine.dp.alu.result_12[1]                           ORCALUT4     Z        Out     1.017     16.220 r     -         
result_12[1]                                                           Net          -        -       -         -            1         
probe.system.core.engine.dp.alu.result_13[1]                           ORCALUT4     B        In      0.000     16.220 r     -         
probe.system.core.engine.dp.alu.result_13[1]                           ORCALUT4     Z        Out     1.233     17.452 r     -         
result[1]                                                              Net          -        -       -         -            6         
probe.system.core.engine.dp.writeback_RNO[2]                           ORCALUT4     B        In      0.000     17.452 r     -         
probe.system.core.engine.dp.writeback_RNO[2]                           ORCALUT4     Z        Out     1.017     18.469 r     -         
writeback_0[2]                                                         Net          -        -       -         -            1         
probe.system.core.engine.dp.writeback[2]                               ORCALUT4     B        In      0.000     18.469 r     -         
probe.system.core.engine.dp.writeback[2]                               ORCALUT4     Z        Out     0.449     18.918 r     -         
rf_data[2]                                                             Net          -        -       -         -            4         
probe.system.sequential\.memory.un1_pc_data_0_I_9_0                    CCU2D        D0       In      0.000     18.918 r     -         
probe.system.sequential\.memory.un1_pc_data_0_I_9_0                    CCU2D        COUT     Out     1.544     20.462 r     -         
un1_pc_data_0_data_tmp[2]                                              Net          -        -       -         -            1         
probe.system.sequential\.memory.un1_pc_data_0_I_27_0                   CCU2D        CIN      In      0.000     20.462 r     -         
probe.system.sequential\.memory.un1_pc_data_0_I_27_0                   CCU2D        COUT     Out     0.143     20.605 r     -         
un1_pc_data_0_data_tmp[4]                                              Net          -        -       -         -            1         
probe.system.sequential\.memory.un1_pc_data_0_I_33_0                   CCU2D        CIN      In      0.000     20.605 r     -         
probe.system.sequential\.memory.un1_pc_data_0_I_33_0                   CCU2D        COUT     Out     0.143     20.748 r     -         
un1_pc_data_0_data_tmp[6]                                              Net          -        -       -         -            1         
probe.system.sequential\.memory.un1_pc_data_0_I_21_0                   CCU2D        CIN      In      0.000     20.748 r     -         
probe.system.sequential\.memory.un1_pc_data_0_I_21_0                   CCU2D        S1       Out     1.549     22.297 r     -         
un1_pc_data_0_data_tmp[7]                                              Net          -        -       -         -            1         
probe.system.sequential\.memory.redirected_RNO                         ORCALUT4     B        In      0.000     22.297 r     -         
probe.system.sequential\.memory.redirected_RNO                         ORCALUT4     Z        Out     0.617     22.914 r     -         
redirect                                                               Net          -        -       -         -            1         
probe.system.sequential\.memory.redirected                             FD1S3IX      D        In      0.000     22.914 r     -         
======================================================================================================================================



##### END OF TIMING REPORT #####]

Timing exceptions that could not be applied

Finished final timing analysis (Real Time elapsed 0h:00m:02s; CPU Time elapsed 0h:00m:02s; Memory used current: 595MB peak: 595MB)


Finished timing report (Real Time elapsed 0h:00m:02s; CPU Time elapsed 0h:00m:02s; Memory used current: 595MB peak: 595MB)

---------------------------------------
Resource Usage Report
Part: lcmxo2_1200hc-4

Register bits: 394 of 1280 (31%)
PIC Latch:       0
I/O cells:       4
Block Rams : 4 of 7 (57%)


Details:
CCU2D:          33
DP8KC:          4
DPR16X4C:       4
FD1P3AX:        7
FD1P3IX:        167
FD1P3JX:        1
FD1S3AX:        19
FD1S3AY:        1
FD1S3IX:        198
GSR:            1
IB:             3
IFS1P3IX:       1
INV:            3
L6MUX21:        4
OB:             1
ORCALUT4:       867
PFUMX:          71
PUR:            1
SPR16X4C:       4
VHI:            17
VLO:            17
Mapper successful!

At Mapper Exit (Real Time elapsed 0h:00m:02s; CPU Time elapsed 0h:00m:02s; Memory used current: 506MB peak: 595MB)

Process took 0h:00m:02s realtime, 0h:00m:02s cputime
# Wed Sep  9 02:07:27 2026

###########################################################]


Synthesis exit by 0.

edif2ngd  -l "MachXO2" -d LCMXO2-1200HC -path "/tmp/uj11-cp12cd-20260909/build/cp12d/impl1" -path "/tmp/uj11-cp12cd-20260909/build/cp12d"   "/tmp/uj11-cp12cd-20260909/build/cp12d/impl1/cp12d_impl1.edi" "cp12d_impl1.ngo"   
edif2ngd:  version Diamond (64-bit) 3.14.0.75.2

Copyright (c) 1991-1994 by NeoCAD Inc. All rights reserved.
Copyright (c) 1995 AT&T Corp.   All rights reserved.
Copyright (c) 1995-2001 Lucent Technologies Inc.  All rights reserved.
Copyright (c) 2001 Agere Systems   All rights reserved.
Copyright (c) 2002-2024 Lattice Semiconductor Corporation,  All rights reserved.
WARNING - edif2ngd: Unsupported property IMAGE found - ignoring...
WARNING - edif2ngd: Unsupported property CLK_DIV found - ignoring...
WARNING - edif2ngd: Unsupported property IMAGE found - ignoring...
WARNING - edif2ngd: Unsupported property CLK_DIV found - ignoring...
WARNING - edif2ngd: Unsupported property PREFETCH found - ignoring...
WARNING - edif2ngd: Unsupported property CLK_DIV found - ignoring...
WARNING - edif2ngd: Unsupported property CLK_DIV found - ignoring...
WARNING - edif2ngd: Unsupported property PREFETCH found - ignoring...
WARNING - edif2ngd: Unsupported property MEMORY_MODE found - ignoring...
WARNING - edif2ngd: Unsupported property CLK_DIV found - ignoring...
WARNING - edif2ngd: Unsupported property MEMORY_MODE found - ignoring...
WARNING - edif2ngd: Unsupported property MEMORY_MODE found - ignoring...
WARNING - edif2ngd: Unsupported property MEMORY_MODE found - ignoring...
Writing the design to cp12d_impl1.ngo...

Total CPU Time: 0 secs  
Total REAL Time: 0 secs  
Peak Memory Usage: 37 MB


ngdbuild  -a "MachXO2" -d LCMXO2-1200HC  -p "/home/sash/.local/lscc/diamond/3.14/ispfpga/xo2c00/data"  -p "/tmp/uj11-cp12cd-20260909/build/cp12d/impl1" -p "/tmp/uj11-cp12cd-20260909/build/cp12d"  "cp12d_impl1.ngo" "cp12d_impl1.ngd"  	
ngdbuild:  version Diamond (64-bit) 3.14.0.75.2

Copyright (c) 1991-1994 by NeoCAD Inc. All rights reserved.
Copyright (c) 1995 AT&T Corp.   All rights reserved.
Copyright (c) 1995-2001 Lucent Technologies Inc.  All rights reserved.
Copyright (c) 2001 Agere Systems   All rights reserved.
Copyright (c) 2002-2024 Lattice Semiconductor Corporation,  All rights reserved.
Reading 'cp12d_impl1.ngo' ...
Loading NGL library '/home/sash/.local/lscc/diamond/3.14/ispfpga/xo2c00a/data/xo2alib.ngl'...
Loading NGL library '/home/sash/.local/lscc/diamond/3.14/ispfpga/xo2c00/data/xo2clib.ngl'...
Loading NGL library '/home/sash/.local/lscc/diamond/3.14/ispfpga/mg5g00/data/mg5glib.ngl'...
Loading NGL library '/home/sash/.local/lscc/diamond/3.14/ispfpga/or5g00/data/orc5glib.ngl'...


Running DRC...

WARNING - ngdbuild: logical net 'probe/system/core/engine/rom/lane_0_DOB0' has no load.
WARNING - ngdbuild: logical net 'probe/system/core/engine/rom/lane_0_DOB1' has no load.
WARNING - ngdbuild: logical net 'probe/system/core/engine/rom/lane_0_DOB2' has no load.
WARNING - ngdbuild: logical net 'probe/system/core/engine/rom/lane_0_DOB3' has no load.
WARNING - ngdbuild: logical net 'probe/system/core/engine/rom/lane_0_DOB4' has no load.
WARNING - ngdbuild: logical net 'probe/system/core/engine/rom/lane_0_DOB5' has no load.
WARNING - ngdbuild: logical net 'probe/system/core/engine/rom/lane_0_DOB6' has no load.
WARNING - ngdbuild: logical net 'probe/system/core/engine/rom/lane_0_DOB7' has no load.
WARNING - ngdbuild: logical net 'probe/system/core/engine/rom/lane_0_DOB8' has no load.
WARNING - ngdbuild: logical net 'probe/system/core/engine/rom/lane_1_DOB0' has no load.
WARNING - ngdbuild: logical net 'probe/system/core/engine/rom/lane_1_DOB1' has no load.
WARNING - ngdbuild: logical net 'probe/system/core/engine/rom/lane_1_DOB2' has no load.
WARNING - ngdbuild: logical net 'probe/system/core/engine/rom/lane_1_DOB3' has no load.
WARNING - ngdbuild: logical net 'probe/system/core/engine/rom/lane_1_DOB4' has no load.
WARNING - ngdbuild: logical net 'probe/system/core/engine/rom/lane_1_DOB5' has no load.
WARNING - ngdbuild: logical net 'probe/system/core/engine/rom/lane_1_DOB6' has no load.
WARNING - ngdbuild: logical net 'probe/system/core/engine/rom/lane_1_DOB7' has no load.
WARNING - ngdbuild: logical net 'probe/system/core/engine/rom/lane_1_DOB8' has no load.
WARNING - ngdbuild: logical net 'probe/system/core/engine/rom/lane_2_DOB0' has no load.
WARNING - ngdbuild: logical net 'probe/system/core/engine/rom/lane_2_DOB1' has no load.
WARNING - ngdbuild: logical net 'probe/system/core/engine/rom/lane_2_DOB2' has no load.
WARNING - ngdbuild: logical net 'probe/system/core/engine/rom/lane_2_DOB3' has no load.
WARNING - ngdbuild: logical net 'probe/system/core/engine/rom/lane_2_DOB4' has no load.
WARNING - ngdbuild: logical net 'probe/system/core/engine/rom/lane_2_DOB5' has no load.
WARNING - ngdbuild: logical net 'probe/system/core/engine/rom/lane_2_DOB6' has no load.
WARNING - ngdbuild: logical net 'probe/system/core/engine/rom/lane_2_DOB7' has no load.
WARNING - ngdbuild: logical net 'probe/system/core/engine/rom/lane_2_DOB8' has no load.
WARNING - ngdbuild: logical net 'probe/system/core/engine/rom/lane_3_DOB0' has no load.
WARNING - ngdbuild: logical net 'probe/system/core/engine/rom/lane_3_DOB1' has no load.
WARNING - ngdbuild: logical net 'probe/system/core/engine/rom/lane_3_DOB2' has no load.
WARNING - ngdbuild: logical net 'probe/system/core/engine/rom/lane_3_DOB3' has no load.
WARNING - ngdbuild: logical net 'probe/system/core/engine/rom/lane_3_DOB4' has no load.
WARNING - ngdbuild: logical net 'probe/system/core/engine/rom/lane_3_DOB5' has no load.
WARNING - ngdbuild: logical net 'probe/system/core/engine/rom/lane_3_DOB6' has no load.
WARNING - ngdbuild: logical net 'probe/system/core/engine/rom/lane_3_DOB7' has no load.
WARNING - ngdbuild: logical net 'probe/system/core/engine/rom/lane_3_DOB8' has no load.
WARNING - ngdbuild: DRC complete with 36 warnings.

Design Results:
   1423 blocks expanded
Complete the first expansion.
Writing 'cp12d_impl1.ngd' ...
Total CPU Time: 0 secs 
Total REAL Time: 0 secs 
Peak Memory Usage: 73 MB


map -a "MachXO2" -p LCMXO2-1200HC -t QFN32 -s 4 -oc Commercial   "cp12d_impl1.ngd" -o "cp12d_impl1_map.ncd" -pr "cp12d_impl1.prf" -mp "cp12d_impl1.mrp" -lpf "/tmp/uj11-cp12cd-20260909/build/cp12d/impl1/cp12d_impl1_synplify.lpf" -lpf "/tmp/uj11-cp12cd-20260909/build/cp12d/clock.lpf"  -c 0 -pe          
map:  version Diamond (64-bit) 3.14.0.75.2

Copyright (c) 1991-1994 by NeoCAD Inc. All rights reserved.
Copyright (c) 1995 AT&T Corp.   All rights reserved.
Copyright (c) 1995-2001 Lucent Technologies Inc.  All rights reserved.
Copyright (c) 2001 Agere Systems   All rights reserved.
Copyright (c) 2002-2024 Lattice Semiconductor Corporation,  All rights reserved.
   Process the file: cp12d_impl1.ngd
   Picdevice="LCMXO2-1200HC"

   Pictype="QFN32"

   Picspeed=4

   Remove unused logic

   Do not produce over sized NCDs.

Part used: LCMXO2-1200HCQFN32, Performance used: 4.

Loading device for application map from file 'xo2c1200.nph' in environment: /home/sash/.local/lscc/diamond/3.14/ispfpga.
Package Status:                     Final          Version 1.44.

Running general design DRC...

Removing unused logic...

Optimizing...

3 CCU2 constant inputs absorbed.




Design Summary:
   Number of registers:    394 out of  1346 (29%)
      PFU registers:          393 out of  1280 (31%)
      PIO registers:            1 out of    66 (2%)
   Number of SLICEs:       493 out of   640 (77%)
      SLICEs as Logic/ROM:    469 out of   640 (73%)
      SLICEs as RAM:           24 out of   480 (5%)
      SLICEs as Carry:         33 out of   640 (5%)
   Number of LUT4s:        984 out of  1280 (77%)
      Number used as logic LUTs:        870
      Number used as distributed RAM:    48
      Number used as ripple logic:       66
      Number used as shift registers:     0
   Number of PIO sites used: 4 + 4(JTAG) out of 22 (36%)
   Number of block RAMs:  4 out of 7 (57%)
   Number of GSRs:        0 out of 1 (0%)
   EFB used :        No
   JTAG used :       No
   Readback used :   No
   Oscillator used : No
   Startup used :    No
   POR :             On
   Bandgap :         On
   Number of Power Controller:  0 out of 1 (0%)
   Number of Dynamic Bank Controller (BCINRD):  0 out of 4 (0%)
   Number of Dynamic Bank Controller (BCLVDSO):  0 out of 1 (0%)
   Number of DCCA:  0 out of 8 (0%)
   Number of DCMA:  0 out of 2 (0%)
   Number of PLLs:  0 out of 1 (0%)
   Number of DQSDLLs:  0 out of 2 (0%)
   Number of CLKDIVC:  0 out of 4 (0%)
   Number of ECLKSYNCA:  0 out of 4 (0%)
   Number of ECLKBRIDGECS:  0 out of 2 (0%)
   Notes:-
      1. Total number of LUT4s = (Number of logic LUT4s) + 2*(Number of distributed RAMs) + 2*(Number of ripple logic)
      2. Number of logic LUT4s does not include count of distributed RAM and ripple logic.
   Number of clocks:  1
     Net clk_c: 239 loads, 239 rising, 0 falling (Driver: PIO clk )
   Number of Clock Enables:  24
     Net probe/system/sequential.memory/transport/un1_spi_active_3_0: 1 loads, 1 LSLICEs
     Net probe/system/sequential.memory/transport/un1_state_10_RNINGOFB[0]: 4 loads, 4 LSLICEs
     Net probe/system/sequential.memory/transport/state_RNIE0GC6[15]: 4 loads, 4 LSLICEs
     Net probe/system/sequential.memory/transport/un1_state_14_i[0]: 1 loads, 1 LSLICEs
     Net probe/system/sequential.memory/transport/un1_state_10_i[0]: 1 loads, 1 LSLICEs
     Net probe/system/sequential.memory/transport/spi_sck_en: 1 loads, 1 LSLICEs
     Net probe/system/sequential.memory/transport/un1_state_11_i[0]: 4 loads, 4 LSLICEs
     Net probe/system/sequential.memory/transport/spi_cs_n_0_sqmuxa_1: 18 loads, 18 LSLICEs
     Net probe/system/sequential.memory/transport/request_seen_1_sqmuxa_i: 1 loads, 1 LSLICEs
     Net probe/system/sequential.memory/transport/un1_spi_active_1_0_a3: 4 loads, 4 LSLICEs
     Net probe/system/sequential.memory/consumed: 8 loads, 8 LSLICEs
     Net probe/system/sequential.memory/buffer_state_2_sqmuxa_i: 1 loads, 1 LSLICEs
     Net probe/system/sequential.memory/prediction_state_1_sqmuxa_i: 1 loads, 1 LSLICEs
     Net probe/uword[35]: 1 loads, 1 LSLICEs
     Net probe/system/core/engine/un1_bus_fault_2dup_RNIP0FVG: 8 loads, 0 LSLICEs
     Net probe/system/core/stepdup: 10 loads, 10 LSLICEs
     Net probe/system/core/engine/seq/link_valid_0_sqmuxa: 6 loads, 6 LSLICEs
     Net probe/system/core/engine/seq/link_valid_en: 1 loads, 1 LSLICEs
     Net probe/system/core/engine/un1_bus_fault_2_i: 1 loads, 1 LSLICEs
     Net probe/system/core/engine/status/un1_psw15_i: 3 loads, 3 LSLICEs
     Net probe/system/core/engine/status/pswce[4]: 10 loads, 10 LSLICEs
     Net probe/system/core/engine/dp/un1_q20_i: 10 loads, 10 LSLICEs
     Net probe/system/core/engine/mdr6: 8 loads, 8 LSLICEs
     Net probe/system/core/engine/ir6: 8 loads, 8 LSLICEs
   Number of LSRs:  2
     Net reset_c: 201 loads, 200 LSLICEs
     Net probe/system/sequential.memory/transport/un1_state_7_i_a2_RNIA9G7F: 4 loads, 4 LSLICEs
   Number of nets driven by tri-state buffers:  0
   Top 10 highest fanout non-clock nets:
     Net reset_c: 240 loads
     Net probe/uword[34]: 101 loads
     Net probe/uword[33]: 85 loads
     Net probe/uword[31]: 79 loads
     Net probe/system/sequential.memory/transport/spi_active: 50 loads
     Net probe/uword[35]: 48 loads
     Net probe/uword[32]: 38 loads
     Net probe/system/core/fetching: 36 loads
     Net probe/uword[19]: 29 loads
     Net probe/uword[18]: 28 loads
 

   Number of warnings:  0
   Number of errors:    0



Total CPU Time: 0 secs  
Total REAL Time: 0 secs  
Peak Memory Usage: 159 MB

Dumping design to file cp12d_impl1_map.ncd.

mpartrce -p "cp12d_impl1.p2t" -f "cp12d_impl1.p3t" -tf "cp12d_impl1.pt" "cp12d_impl1_map.ncd" "cp12d_impl1.ncd"

---- MParTrce Tool ----
Removing old design directory at request of -rem command line option to this program.
Running par. Please wait . . .

Lattice Place and Route Report for Design "cp12d_impl1_map.ncd"
Wed Sep  9 02:07:28 2026

PAR: Place And Route Diamond (64-bit) 3.14.0.75.2.
Command Line: par -w -l 5 -i 6 -t 1 -c 0 -e 0 -exp parUseNBR=1:parCDP=0:parCDR=0:parPathBased=OFF:parASE=1 cp12d_impl1_map.ncd cp12d_impl1.dir/5_1.ncd cp12d_impl1.prf
Preference file: cp12d_impl1.prf.
Placement level-cost: 5-1.
Routing Iterations: 6

Loading design for application par from file cp12d_impl1_map.ncd.
Design name: uj11_probe_fram_pf
NCD version: 3.3
Vendor:      LATTICE
Device:      LCMXO2-1200HC
Package:     QFN32
Performance: 4
Loading device for application par from file 'xo2c1200.nph' in environment: /home/sash/.local/lscc/diamond/3.14/ispfpga.
Package Status:                     Final          Version 1.44.
Performance Hardware Data Status:   Final          Version 36.4.
License checked out.


Ignore Preference Error(s):  True
Device utilization summary:

   PIO (prelim)    4+4(JTAG)/108     7% used
                   4+4(JTAG)/22      36% bonded
   IOLOGIC            1/108          <1% used

   SLICE            493/640          77% used

   EBR                4/7            57% used


INFO: Design contains pre-loadable EBR during configuration that has a requirement: Since the GSR is disabled for the EBR, make sure write enable and chip enable are inactive during wake-up, so that the pre-loaded initialization values will not be corrupted during wake-up state.
Number of Signals: 1402
Number of Connections: 4623

Pin Constraint Summary:
   0 out of 4 pins locked (0% locked).

The following 1 signal is selected to use the primary clock routing resources:
    clk_c (driver: clk, clk load #: 239)


The following 5 signals are selected to use the secondary clock routing resources:
    reset_c (driver: reset, clk load #: 0, sr load #: 201, ce load #: 0)
    probe/system/sequential.memory/transport/spi_cs_n_0_sqmuxa_1 (driver: probe/system/sequential.memory/transport/SLICE_211, clk load #: 0, sr load #: 0, ce load #: 18)
    probe/system/core/stepdup (driver: probe/system/core/engine/SLICE_440, clk load #: 0, sr load #: 0, ce load #: 10)
    probe/system/core/engine/status/pswce[4] (driver: probe/system/core/engine/status/SLICE_491, clk load #: 0, sr load #: 0, ce load #: 10)
    probe/system/core/engine/dp/un1_q20_i (driver: probe/system/core/engine/dp/SLICE_523, clk load #: 0, sr load #: 0, ce load #: 10)

No signal is selected as Global Set/Reset.
.
Starting Placer Phase 0.
...........
Finished Placer Phase 0.  REAL time: 0 secs 

Starting Placer Phase 1.
.....................
Placer score = 363210.
Finished Placer Phase 1.  REAL time: 4 secs 

Starting Placer Phase 2.
.
Placer score =  355975
Finished Placer Phase 2.  REAL time: 4 secs 


------------------ Clock Report ------------------

Global Clock Resources:
  CLK_PIN    : 2 out of 8 (25%)
  PLL        : 0 out of 1 (0%)
  DCM        : 0 out of 2 (0%)
  DCC        : 0 out of 8 (0%)

Global Clocks:
  PRIMARY "clk_c" from comp "clk" on CLK_PIN site "13 (PB11A)", clk load = 239
  SECONDARY "reset_c" from comp "reset" on CLK_PIN site "4 (PL9A)", clk load = 0, ce load = 0, sr load = 201
  SECONDARY "probe/system/sequential.memory/transport/spi_cs_n_0_sqmuxa_1" from F0 on comp "probe/system/sequential.memory/transport/SLICE_211" on site "R7C14B", clk load = 0, ce load = 18, sr load = 0
  SECONDARY "probe/system/core/stepdup" from F1 on comp "probe/system/core/engine/SLICE_440" on site "R7C14C", clk load = 0, ce load = 10, sr load = 0
  SECONDARY "probe/system/core/engine/status/pswce[4]" from F1 on comp "probe/system/core/engine/status/SLICE_491" on site "R10C20D", clk load = 0, ce load = 10, sr load = 0
  SECONDARY "probe/system/core/engine/dp/un1_q20_i" from F1 on comp "probe/system/core/engine/dp/SLICE_523" on site "R7C12D", clk load = 0, ce load = 10, sr load = 0

  PRIMARY  : 1 out of 8 (12%)
  SECONDARY: 5 out of 8 (62%)

Edge Clocks:
  No edge clock selected.

--------------- End of Clock Report ---------------


I/O Usage Summary (final):
   4 + 4(JTAG) out of 108 (7.4%) PIO sites used.
   4 + 4(JTAG) out of 22 (36.4%) bonded PIO sites used.
   Number of PIO comps: 4; differential: 0.
   Number of Vref pins used: 0.

I/O Bank Usage Summary:
+----------+--------------+------------+-----------+
| I/O Bank | Usage        | Bank Vccio | Bank Vref |
+----------+--------------+------------+-----------+
| 0        | 0 / 9 (  0%) | -          | -         |
| 1        | 0 / 2 (  0%) | -          | -         |
| 2        | 3 / 9 ( 33%) | 3.3V       | -         |
| 3        | 1 / 2 ( 50%) | 3.3V       | -         |
+----------+--------------+------------+-----------+

Total placer CPU time: 3 secs 

Dumping design to file cp12d_impl1.dir/5_1.ncd.

0 connections routed; 4623 unrouted.
Starting router resource preassignment

Completed router resource preassignment. Real time: 4 secs 

Start NBR router at Wed Sep 09 02:07:32 +04 2026

*****************************************************************
Info: NBR allows conflicts(one node used by more than one signal)
      in the earlier iterations. In each iteration, it tries to  
      solve the conflicts while keeping the critical connections 
      routed as short as possible. The routing process is said to
      be completed when no conflicts exist and all connections   
      are routed.                                                
Note: NBR uses a different method to calculate timing slacks. The
      worst slack and total negative slack may not be the same as
      that in TRCE report. You should always run TRCE to verify  
      your design.                                               
*****************************************************************

Start NBR special constraint process at Wed Sep 09 02:07:32 +04 2026

Start NBR section for initial routing at Wed Sep 09 02:07:32 +04 2026
Level 1, iteration 1
28(0.03%) conflicts; 3612(78.13%) untouched conns; 0 (nbr) score; 
Estimated worst slack/total negative slack<setup>: 1.362ns/0.000ns; real time: 5 secs 
Level 2, iteration 1
4(0.00%) conflicts; 3608(78.04%) untouched conns; 0 (nbr) score; 
Estimated worst slack/total negative slack<setup>: 1.875ns/0.000ns; real time: 5 secs 
Level 3, iteration 1
7(0.01%) conflicts; 3102(67.10%) untouched conns; 0 (nbr) score; 
Estimated worst slack/total negative slack<setup>: 2.382ns/0.000ns; real time: 5 secs 
Level 4, iteration 1
178(0.21%) conflicts; 0(0.00%) untouched conn; 0 (nbr) score; 
Estimated worst slack/total negative slack<setup>: 2.328ns/0.000ns; real time: 5 secs 

Info: Initial congestion level at 75% usage is 0
Info: Initial congestion area  at 75% usage is 8 (3.81%)

Start NBR section for normal routing at Wed Sep 09 02:07:33 +04 2026
Level 1, iteration 1
0(0.00%) conflict; 207(4.48%) untouched conns; 0 (nbr) score; 
Estimated worst slack/total negative slack<setup>: 2.328ns/0.000ns; real time: 5 secs 
Level 4, iteration 1
114(0.13%) conflicts; 0(0.00%) untouched conn; 0 (nbr) score; 
Estimated worst slack/total negative slack<setup>: 1.680ns/0.000ns; real time: 6 secs 
Level 4, iteration 2
74(0.09%) conflicts; 0(0.00%) untouched conn; 0 (nbr) score; 
Estimated worst slack/total negative slack<setup>: 1.513ns/0.000ns; real time: 6 secs 
Level 4, iteration 3
38(0.04%) conflicts; 0(0.00%) untouched conn; 0 (nbr) score; 
Estimated worst slack/total negative slack<setup>: 1.664ns/0.000ns; real time: 6 secs 
Level 4, iteration 4
32(0.04%) conflicts; 0(0.00%) untouched conn; 0 (nbr) score; 
Estimated worst slack/total negative slack<setup>: 1.664ns/0.000ns; real time: 6 secs 
Level 4, iteration 5
20(0.02%) conflicts; 0(0.00%) untouched conn; 0 (nbr) score; 
Estimated worst slack/total negative slack<setup>: 1.623ns/0.000ns; real time: 6 secs 
Level 4, iteration 6
6(0.01%) conflicts; 0(0.00%) untouched conn; 0 (nbr) score; 
Estimated worst slack/total negative slack<setup>: 1.623ns/0.000ns; real time: 6 secs 
Level 4, iteration 7
1(0.00%) conflict; 0(0.00%) untouched conn; 0 (nbr) score; 
Estimated worst slack/total negative slack<setup>: 1.867ns/0.000ns; real time: 6 secs 
Level 4, iteration 8
1(0.00%) conflict; 0(0.00%) untouched conn; 0 (nbr) score; 
Estimated worst slack/total negative slack<setup>: 1.867ns/0.000ns; real time: 6 secs 
Level 4, iteration 9
0(0.00%) conflict; 0(0.00%) untouched conn; 0 (nbr) score; 
Estimated worst slack/total negative slack<setup>: 1.867ns/0.000ns; real time: 6 secs 

Start NBR section for setup/hold timing optimization with effort level 3 at Wed Sep 09 02:07:34 +04 2026

Start NBR section for re-routing at Wed Sep 09 02:07:34 +04 2026
Level 4, iteration 1
0(0.00%) conflict; 0(0.00%) untouched conn; 0 (nbr) score; 
Estimated worst slack/total negative slack<setup>: 1.867ns/0.000ns; real time: 6 secs 

Start NBR section for post-routing at Wed Sep 09 02:07:34 +04 2026

End NBR router with 0 unrouted connection

NBR Summary
-----------
  Number of unrouted connections : 0 (0.00%)
  Number of connections with timing violations : 0 (0.00%)
  Estimated worst slack<setup> : 1.867ns
  Timing score<setup> : 0
-----------
Notes: The timing info is calculated for SETUP only and all PAR_ADJs are ignored.



Total CPU time 6 secs 
Total REAL time: 7 secs 
Completely routed.
End of route.  4623 routed (100.00%); 0 unrouted.

Hold time timing score: 0, hold timing errors: 0

Timing score: 0 

Dumping design to file cp12d_impl1.dir/5_1.ncd.


PAR_SUMMARY::Run status = Completed
PAR_SUMMARY::Number of unrouted conns = 0
PAR_SUMMARY::Worst  slack<setup/<ns>> = 1.867
PAR_SUMMARY::Timing score<setup/<ns>> = 0.000
PAR_SUMMARY::Worst  slack<hold /<ns>> = 0.291
PAR_SUMMARY::Timing score<hold /<ns>> = 0.000
PAR_SUMMARY::Number of errors = 0

Total CPU  time to completion: 6 secs 
Total REAL time to completion: 7 secs 

par done!

Note: user must run 'Trace' for timing closure signoff.

Copyright (c) 1991-1994 by NeoCAD Inc. All rights reserved.
Copyright (c) 1995 AT&T Corp.   All rights reserved.
Copyright (c) 1995-2001 Lucent Technologies Inc.  All rights reserved.
Copyright (c) 2001 Agere Systems   All rights reserved.
Copyright (c) 2002-2024 Lattice Semiconductor Corporation,  All rights reserved.
Exiting par with exit code 0
Exiting mpartrce with exit code 0

trce -f "cp12d_impl1.pt" -o "cp12d_impl1.twr" "cp12d_impl1.ncd" "cp12d_impl1.prf"
trce:  version Diamond (64-bit) 3.14.0.75.2

Copyright (c) 1991-1994 by NeoCAD Inc. All rights reserved.
Copyright (c) 1995 AT&T Corp.   All rights reserved.
Copyright (c) 1995-2001 Lucent Technologies Inc.  All rights reserved.
Copyright (c) 2001 Agere Systems   All rights reserved.
Copyright (c) 2002-2024 Lattice Semiconductor Corporation,  All rights reserved.

Loading design for application trce from file cp12d_impl1.ncd.
Design name: uj11_probe_fram_pf
NCD version: 3.3
Vendor:      LATTICE
Device:      LCMXO2-1200HC
Package:     QFN32
Performance: 4
Loading device for application trce from file 'xo2c1200.nph' in environment: /home/sash/.local/lscc/diamond/3.14/ispfpga.
Package Status:                     Final          Version 1.44.
Performance Hardware Data Status:   Final          Version 36.4.
Setup and Hold Report

--------------------------------------------------------------------------------
Lattice TRACE Report - Setup, Version Diamond (64-bit) 3.14.0.75.2
Wed Sep  9 02:07:37 2026

Copyright (c) 1991-1994 by NeoCAD Inc. All rights reserved.
Copyright (c) 1995 AT&T Corp.   All rights reserved.
Copyright (c) 1995-2001 Lucent Technologies Inc.  All rights reserved.
Copyright (c) 2001 Agere Systems   All rights reserved.
Copyright (c) 2002-2024 Lattice Semiconductor Corporation,  All rights reserved.

Report Information
------------------
Command line:    trce -v 10 -c -u 0 -gt -sethld -sp 4 -sphld m -o cp12d_impl1.twr cp12d_impl1.ncd cp12d_impl1.prf 
Design file:     cp12d_impl1.ncd
Preference file: cp12d_impl1.prf
Device,speed:    LCMXO2-1200HC,4
Report level:    verbose report, limited to 10 items per preference
--------------------------------------------------------------------------------

BLOCK ASYNCPATHS
BLOCK RESETPATHS
--------------------------------------------------------------------------------



Timing summary (Setup):
---------------

Timing errors: 0  Score: 0
Cumulative negative slack: 0

Constraints cover 1838984 paths, 1 nets, and 4150 connections (89.77% coverage)

--------------------------------------------------------------------------------
Lattice TRACE Report - Hold, Version Diamond (64-bit) 3.14.0.75.2
Wed Sep  9 02:07:37 2026

Copyright (c) 1991-1994 by NeoCAD Inc. All rights reserved.
Copyright (c) 1995 AT&T Corp.   All rights reserved.
Copyright (c) 1995-2001 Lucent Technologies Inc.  All rights reserved.
Copyright (c) 2001 Agere Systems   All rights reserved.
Copyright (c) 2002-2024 Lattice Semiconductor Corporation,  All rights reserved.

Report Information
------------------
Command line:    trce -v 10 -c -u 0 -gt -sethld -sp 4 -sphld m -o cp12d_impl1.twr cp12d_impl1.ncd cp12d_impl1.prf 
Design file:     cp12d_impl1.ncd
Preference file: cp12d_impl1.prf
Device,speed:    LCMXO2-1200HC,m
Report level:    verbose report, limited to 10 items per preference
--------------------------------------------------------------------------------

BLOCK ASYNCPATHS
BLOCK RESETPATHS
--------------------------------------------------------------------------------



Timing summary (Hold):
---------------

Timing errors: 0  Score: 0
Cumulative negative slack: 0

Constraints cover 1838984 paths, 1 nets, and 4150 connections (89.77% coverage)



Timing summary (Setup and Hold):
---------------

Timing errors: 0 (setup), 0 (hold)
Score: 0 (setup), 0 (hold)
Cumulative negative slack: 0 (0+0)
--------------------------------------------------------------------------------

--------------------------------------------------------------------------------

Total CPU Time: 0 secs 
Total REAL Time: 0 secs 
Peak Memory Usage: 129 MB

Nothing is executed for the "PAR - PARTrace" process
