
Loading design for application trce from file cp59a_impl1.ncd.
Design name: uj11_hc1200_microcomp
NCD version: 3.3
Vendor:      LATTICE
Device:      LCMXO2-1200HC
Package:     QFN32
Performance: 4
Loading device for application trce from file 'xo2c1200.nph' in environment: /home/sash/.local/lscc/diamond/3.14/ispfpga.
Package Status:                     Final          Version 1.44.
Performance Hardware Data Status:   Final          Version 36.4.
Setup and Hold Report

--------------------------------------------------------------------------------
Lattice TRACE Report - Setup, Version Diamond (64-bit) 3.14.0.75.2
Sat Sep 12 14:27:14 2026

Copyright (c) 1991-1994 by NeoCAD Inc. All rights reserved.
Copyright (c) 1995 AT&T Corp.   All rights reserved.
Copyright (c) 1995-2001 Lucent Technologies Inc.  All rights reserved.
Copyright (c) 2001 Agere Systems   All rights reserved.
Copyright (c) 2002-2024 Lattice Semiconductor Corporation,  All rights reserved.

Report Information
------------------
Command line:    trce -v 10 -c -u 0 -gt -sethld -sp 4 -sphld m -o cp59a_impl1.twr cp59a_impl1.ncd cp59a_impl1.prf 
Design file:     cp59a_impl1.ncd
Preference file: cp59a_impl1.prf
Device,speed:    LCMXO2-1200HC,4
Report level:    verbose report, limited to 10 items per preference
--------------------------------------------------------------------------------

BLOCK ASYNCPATHS
BLOCK RESETPATHS
--------------------------------------------------------------------------------



================================================================================
Preference: FREQUENCY NET "clk" 29.559999 MHz ;
            4096 items scored, 0 timing errors detected.
--------------------------------------------------------------------------------


Passed: The following path meets requirements by 1.952ns

 Logical Details:  Cell type  Pin type       Cell/ASIC name  (clock net +/-)

   Source:         DP8KC      Port           system/cpu/engine/rom/lane_2(ASIC)  (from clk +)
   Destination:    DP8KC      Port           system/cpu/engine/rom/lane_2(ASIC)  (to clk +)

   Delay:              31.904ns  (40.4% logic, 59.6% route), 17 logic levels.

 Constraint Details:

     31.904ns physical path delay system/cpu/engine/rom/lane_2 to system/cpu/engine/rom/lane_2 meets
     33.830ns delay constraint less
      0.000ns skew and
     -0.026ns ADDR_SET requirement (totaling 33.856ns) by 1.952ns

 Physical Path Details:

      Data path system/cpu/engine/rom/lane_2 to system/cpu/engine/rom/lane_2:

   Name    Fanout   Delay (ns)          Site               Resource
C2Q_DEL     ---     4.979 EBR_R6C10.CLKA to EBR_R6C10.DOA8 system/cpu/engine/rom/lane_2 (from clk)
ROUTE         4     1.723 EBR_R6C10.DOA8 to       R4C9D.A1 system/cpu/engine/a_select_2[0]
CTOF_DEL    ---     0.495       R4C9D.A1 to       R4C9D.F1 system/cpu/engine/SLICE_407
ROUTE         1     0.436       R4C9D.F1 to       R4C9D.C0 system/cpu/engine/un6_select_register[0]
CTOF_DEL    ---     0.495       R4C9D.C0 to       R4C9D.F0 system/cpu/engine/SLICE_407
ROUTE        16     1.957       R4C9D.F0 to       R2C8A.A1 system/cpu/engine/select_register_5[0]
CTOF_DEL    ---     0.495       R2C8A.A1 to       R2C8A.F1 system/cpu/engine/SLICE_44
ROUTE        40     1.842       R2C8A.F1 to       R4C8B.A1 system/address[1]
CTOF_DEL    ---     0.495       R4C8B.A1 to       R4C8B.F1 system/bus/SLICE_483
ROUTE         1     0.967       R4C8B.F1 to       R4C8B.A0 system/bus/un1_address_28_2
CTOF_DEL    ---     0.495       R4C8B.A0 to       R4C8B.F0 system/bus/SLICE_483
ROUTE         1     0.623       R4C8B.F0 to       R5C8C.D1 system/bus/un1_address_28_3_0
CTOF_DEL    ---     0.495       R5C8C.D1 to       R5C8C.F1 system/bus/SLICE_477
ROUTE         4     0.995       R5C8C.F1 to       R5C7D.A1 system/bus/un1_address_28
CTOF_DEL    ---     0.495       R5C7D.A1 to       R5C7D.F1 system/bus/SLICE_465
ROUTE         3     0.445       R5C7D.F1 to       R5C7D.C0 system/bus/immediate_io_response_3
CTOF_DEL    ---     0.495       R5C7D.C0 to       R5C7D.F0 system/bus/SLICE_465
ROUTE         2     1.165       R5C7D.F0 to      R5C14A.D0 system/bus/immediate_io_responsedupdup
CTOF_DEL    ---     0.495      R5C14A.D0 to      R5C14A.F0 SLICE_381
ROUTE         3     0.635      R5C14A.F0 to      R5C14A.D1 system/acknowledgedupdup
CTOF_DEL    ---     0.495      R5C14A.D1 to      R5C14A.F1 SLICE_381
ROUTE         2     0.654      R5C14A.F1 to      R3C14D.D1 system/cpu/engine/acknowledgedupdup_0
CTOF_DEL    ---     0.495      R3C14D.D1 to      R3C14D.F1 system/cpu/engine/SLICE_498
ROUTE         9     1.477      R3C14D.F1 to      R3C20D.D1 system/cpu/engine/un1_bus_fault_2dupdup
CTOF_DEL    ---     0.495      R3C20D.D1 to      R3C20D.F1 system/cpu/engine/SLICE_497
ROUTE         3     0.445      R3C20D.F1 to      R3C20D.C0 system/cpu/engine/fault_redirectdup
CTOF_DEL    ---     0.495      R3C20D.C0 to      R3C20D.F0 system/cpu/engine/SLICE_497
ROUTE         7     1.011      R3C20D.F0 to      R3C21B.A1 system/cpu/engine/seq/next_address_1_sqmuxa_1
CTOF_DEL    ---     0.495      R3C21B.A1 to      R3C21B.F1 system/cpu/engine/seq/SLICE_506
ROUTE         1     1.004      R3C21B.F1 to      R3C21B.B0 system/cpu/engine/seq/next_address_0_iv_0[6]
CTOF_DEL    ---     0.495      R3C21B.B0 to      R3C21B.F0 system/cpu/engine/seq/SLICE_506
ROUTE         1     1.023      R3C21B.F0 to      R5C21C.B0 system/cpu/engine/seq/next_address_0_iv_4[6]
CTOF_DEL    ---     0.495      R5C21C.B0 to      R5C21C.F0 system/cpu/engine/seq/SLICE_244
ROUTE         5     2.603      R5C21C.F0 to EBR_R6C10.ADA9 system/cpu/engine/next_address[6] (to clk)
                  --------
                   31.904   (40.4% logic, 59.6% route), 17 logic levels.

 Clock Skew Details: 

      Source Clock Path oscillator to system/cpu/engine/rom/lane_2:

   Name    Fanout   Delay (ns)          Site               Resource
ROUTE       245     3.714        OSC.OSC to EBR_R6C10.CLKA clk
                  --------
                    3.714   (0.0% logic, 100.0% route), 0 logic levels.

      Destination Clock Path oscillator to system/cpu/engine/rom/lane_2:

   Name    Fanout   Delay (ns)          Site               Resource
ROUTE       245     3.714        OSC.OSC to EBR_R6C10.CLKA clk
                  --------
                    3.714   (0.0% logic, 100.0% route), 0 logic levels.


Passed: The following path meets requirements by 1.958ns

 Logical Details:  Cell type  Pin type       Cell/ASIC name  (clock net +/-)

   Source:         DP8KC      Port           system/cpu/engine/rom/lane_2(ASIC)  (from clk +)
   Destination:    DP8KC      Port           system/cpu/engine/rom/lane_2(ASIC)  (to clk +)

   Delay:              31.898ns  (40.4% logic, 59.6% route), 17 logic levels.

 Constraint Details:

     31.898ns physical path delay system/cpu/engine/rom/lane_2 to system/cpu/engine/rom/lane_2 meets
     33.830ns delay constraint less
      0.000ns skew and
     -0.026ns ADDR_SET requirement (totaling 33.856ns) by 1.958ns

 Physical Path Details:

      Data path system/cpu/engine/rom/lane_2 to system/cpu/engine/rom/lane_2:

   Name    Fanout   Delay (ns)          Site               Resource
C2Q_DEL     ---     4.979 EBR_R6C10.CLKA to EBR_R6C10.DOA8 system/cpu/engine/rom/lane_2 (from clk)
ROUTE         4     1.723 EBR_R6C10.DOA8 to       R4C9D.A1 system/cpu/engine/a_select_2[0]
CTOF_DEL    ---     0.495       R4C9D.A1 to       R4C9D.F1 system/cpu/engine/SLICE_407
ROUTE         1     0.436       R4C9D.F1 to       R4C9D.C0 system/cpu/engine/un6_select_register[0]
CTOF_DEL    ---     0.495       R4C9D.C0 to       R4C9D.F0 system/cpu/engine/SLICE_407
ROUTE        16     1.957       R4C9D.F0 to       R2C8A.A1 system/cpu/engine/select_register_5[0]
CTOF_DEL    ---     0.495       R2C8A.A1 to       R2C8A.F1 system/cpu/engine/SLICE_44
ROUTE        40     1.842       R2C8A.F1 to       R4C8B.A1 system/address[1]
CTOF_DEL    ---     0.495       R4C8B.A1 to       R4C8B.F1 system/bus/SLICE_483
ROUTE         1     0.967       R4C8B.F1 to       R4C8B.A0 system/bus/un1_address_28_2
CTOF_DEL    ---     0.495       R4C8B.A0 to       R4C8B.F0 system/bus/SLICE_483
ROUTE         1     0.623       R4C8B.F0 to       R5C8C.D1 system/bus/un1_address_28_3_0
CTOF_DEL    ---     0.495       R5C8C.D1 to       R5C8C.F1 system/bus/SLICE_477
ROUTE         4     0.995       R5C8C.F1 to       R5C7D.A1 system/bus/un1_address_28
CTOF_DEL    ---     0.495       R5C7D.A1 to       R5C7D.F1 system/bus/SLICE_465
ROUTE         3     0.445       R5C7D.F1 to       R5C7D.C0 system/bus/immediate_io_response_3
CTOF_DEL    ---     0.495       R5C7D.C0 to       R5C7D.F0 system/bus/SLICE_465
ROUTE         2     1.165       R5C7D.F0 to      R5C14A.D0 system/bus/immediate_io_responsedupdup
CTOF_DEL    ---     0.495      R5C14A.D0 to      R5C14A.F0 SLICE_381
ROUTE         3     0.635      R5C14A.F0 to      R5C14A.D1 system/acknowledgedupdup
CTOF_DEL    ---     0.495      R5C14A.D1 to      R5C14A.F1 SLICE_381
ROUTE         2     0.654      R5C14A.F1 to      R3C14D.D1 system/cpu/engine/acknowledgedupdup_0
CTOF_DEL    ---     0.495      R3C14D.D1 to      R3C14D.F1 system/cpu/engine/SLICE_498
ROUTE         9     1.517      R3C14D.F1 to      R2C19B.D1 system/cpu/engine/un1_bus_fault_2dupdup
CTOF_DEL    ---     0.495      R2C19B.D1 to      R2C19B.F1 system/cpu/engine/seq/SLICE_533
ROUTE         6     0.989      R2C19B.F1 to      R4C20B.D1 system/cpu/engine/seq/next_address_3_sqmuxa_3
CTOF_DEL    ---     0.495      R4C20B.D1 to      R4C20B.F1 system/cpu/engine/seq/SLICE_515
ROUTE        10     0.691      R4C20B.F1 to      R3C20A.D1 system/cpu/engine/seq/next_address_8_sqmuxa
CTOF_DEL    ---     0.495      R3C20A.D1 to      R3C20A.F1 system/cpu/engine/seq/SLICE_615
ROUTE         1     1.072      R3C20A.F1 to      R4C19D.D0 system/cpu/engine/seq/next_address_0_iv_3[5]
CTOF_DEL    ---     0.495      R4C19D.D0 to      R4C19D.F0 system/cpu/engine/seq/SLICE_513
ROUTE         1     1.157      R4C19D.F0 to      R4C21B.D1 system/cpu/engine/seq/next_address_0_iv_5[5]
CTOF_DEL    ---     0.495      R4C21B.D1 to      R4C21B.F1 system/cpu/engine/seq/SLICE_243
ROUTE         5     2.131      R4C21B.F1 to EBR_R6C10.ADA8 system/cpu/engine/next_address_0_iv_i[5] (to clk)
                  --------
                   31.898   (40.4% logic, 59.6% route), 17 logic levels.

 Clock Skew Details: 

      Source Clock Path oscillator to system/cpu/engine/rom/lane_2:

   Name    Fanout   Delay (ns)          Site               Resource
ROUTE       245     3.714        OSC.OSC to EBR_R6C10.CLKA clk
                  --------
                    3.714   (0.0% logic, 100.0% route), 0 logic levels.

      Destination Clock Path oscillator to system/cpu/engine/rom/lane_2:

   Name    Fanout   Delay (ns)          Site               Resource
ROUTE       245     3.714        OSC.OSC to EBR_R6C10.CLKA clk
                  --------
                    3.714   (0.0% logic, 100.0% route), 0 logic levels.


Passed: The following path meets requirements by 1.983ns

 Logical Details:  Cell type  Pin type       Cell/ASIC name  (clock net +/-)

   Source:         DP8KC      Port           system/cpu/engine/rom/lane_2(ASIC)  (from clk +)
   Destination:    DP8KC      Port           system/cpu/engine/rom/lane_2(ASIC)  (to clk +)

   Delay:              31.873ns  (40.5% logic, 59.5% route), 17 logic levels.

 Constraint Details:

     31.873ns physical path delay system/cpu/engine/rom/lane_2 to system/cpu/engine/rom/lane_2 meets
     33.830ns delay constraint less
      0.000ns skew and
     -0.026ns ADDR_SET requirement (totaling 33.856ns) by 1.983ns

 Physical Path Details:

      Data path system/cpu/engine/rom/lane_2 to system/cpu/engine/rom/lane_2:

   Name    Fanout   Delay (ns)          Site               Resource
C2Q_DEL     ---     4.979 EBR_R6C10.CLKA to EBR_R6C10.DOA8 system/cpu/engine/rom/lane_2 (from clk)
ROUTE         4     1.723 EBR_R6C10.DOA8 to       R4C9D.A1 system/cpu/engine/a_select_2[0]
CTOF_DEL    ---     0.495       R4C9D.A1 to       R4C9D.F1 system/cpu/engine/SLICE_407
ROUTE         1     0.436       R4C9D.F1 to       R4C9D.C0 system/cpu/engine/un6_select_register[0]
CTOF_DEL    ---     0.495       R4C9D.C0 to       R4C9D.F0 system/cpu/engine/SLICE_407
ROUTE        16     1.957       R4C9D.F0 to       R2C8A.A1 system/cpu/engine/select_register_5[0]
CTOF_DEL    ---     0.495       R2C8A.A1 to       R2C8A.F1 system/cpu/engine/SLICE_44
ROUTE        40     1.842       R2C8A.F1 to       R4C8B.A1 system/address[1]
CTOF_DEL    ---     0.495       R4C8B.A1 to       R4C8B.F1 system/bus/SLICE_483
ROUTE         1     0.967       R4C8B.F1 to       R4C8B.A0 system/bus/un1_address_28_2
CTOF_DEL    ---     0.495       R4C8B.A0 to       R4C8B.F0 system/bus/SLICE_483
ROUTE         1     0.623       R4C8B.F0 to       R5C8C.D1 system/bus/un1_address_28_3_0
CTOF_DEL    ---     0.495       R5C8C.D1 to       R5C8C.F1 system/bus/SLICE_477
ROUTE         4     0.995       R5C8C.F1 to       R5C7D.A1 system/bus/un1_address_28
CTOF_DEL    ---     0.495       R5C7D.A1 to       R5C7D.F1 system/bus/SLICE_465
ROUTE         3     0.445       R5C7D.F1 to       R5C7D.C0 system/bus/immediate_io_response_3
CTOF_DEL    ---     0.495       R5C7D.C0 to       R5C7D.F0 system/bus/SLICE_465
ROUTE         2     1.165       R5C7D.F0 to      R5C14A.D0 system/bus/immediate_io_responsedupdup
CTOF_DEL    ---     0.495      R5C14A.D0 to      R5C14A.F0 SLICE_381
ROUTE         3     0.635      R5C14A.F0 to      R5C14A.D1 system/acknowledgedupdup
CTOF_DEL    ---     0.495      R5C14A.D1 to      R5C14A.F1 SLICE_381
ROUTE         2     0.654      R5C14A.F1 to      R3C14D.D1 system/cpu/engine/acknowledgedupdup_0
CTOF_DEL    ---     0.495      R3C14D.D1 to      R3C14D.F1 system/cpu/engine/SLICE_498
ROUTE         9     1.517      R3C14D.F1 to      R2C19B.D1 system/cpu/engine/un1_bus_fault_2dupdup
CTOF_DEL    ---     0.495      R2C19B.D1 to      R2C19B.F1 system/cpu/engine/seq/SLICE_533
ROUTE         6     0.453      R2C19B.F1 to      R2C19A.C1 system/cpu/engine/seq/next_address_3_sqmuxa_3
CTOF_DEL    ---     0.495      R2C19A.C1 to      R2C19A.F1 system/cpu/engine/seq/SLICE_518
ROUTE         3     0.975      R2C19A.F1 to      R3C18C.D0 system/cpu/engine/seq/next_address_9_sqmuxa
CTOF_DEL    ---     0.495      R3C18C.D0 to      R3C18C.F0 system/cpu/engine/SLICE_657
ROUTE         1     0.958      R3C18C.F0 to      R3C20C.D0 system/cpu/engine/seq/un1_irq_pending_m
CTOF_DEL    ---     0.495      R3C20C.D0 to      R3C20C.F0 system/cpu/engine/seq/SLICE_512
ROUTE         1     1.498      R3C20C.F0 to      R4C21B.A1 system/cpu/engine/seq/next_address_0_iv_4[5]
CTOF_DEL    ---     0.495      R4C21B.A1 to      R4C21B.F1 system/cpu/engine/seq/SLICE_243
ROUTE         5     2.131      R4C21B.F1 to EBR_R6C10.ADA8 system/cpu/engine/next_address_0_iv_i[5] (to clk)
                  --------
                   31.873   (40.5% logic, 59.5% route), 17 logic levels.

 Clock Skew Details: 

      Source Clock Path oscillator to system/cpu/engine/rom/lane_2:

   Name    Fanout   Delay (ns)          Site               Resource
ROUTE       245     3.714        OSC.OSC to EBR_R6C10.CLKA clk
                  --------
                    3.714   (0.0% logic, 100.0% route), 0 logic levels.

      Destination Clock Path oscillator to system/cpu/engine/rom/lane_2:

   Name    Fanout   Delay (ns)          Site               Resource
ROUTE       245     3.714        OSC.OSC to EBR_R6C10.CLKA clk
                  --------
                    3.714   (0.0% logic, 100.0% route), 0 logic levels.


Passed: The following path meets requirements by 2.030ns

 Logical Details:  Cell type  Pin type       Cell/ASIC name  (clock net +/-)

   Source:         DP8KC      Port           system/cpu/engine/rom/lane_2(ASIC)  (from clk +)
   Destination:    DP8KC      Port           system/cpu/engine/rom/lane_3(ASIC)  (to clk +)

   Delay:              31.826ns  (40.5% logic, 59.5% route), 17 logic levels.

 Constraint Details:

     31.826ns physical path delay system/cpu/engine/rom/lane_2 to system/cpu/engine/rom/lane_3 meets
     33.830ns delay constraint less
      0.000ns skew and
     -0.026ns ADDR_SET requirement (totaling 33.856ns) by 2.030ns

 Physical Path Details:

      Data path system/cpu/engine/rom/lane_2 to system/cpu/engine/rom/lane_3:

   Name    Fanout   Delay (ns)          Site               Resource
C2Q_DEL     ---     4.979 EBR_R6C10.CLKA to EBR_R6C10.DOA8 system/cpu/engine/rom/lane_2 (from clk)
ROUTE         4     1.723 EBR_R6C10.DOA8 to       R4C9D.A1 system/cpu/engine/a_select_2[0]
CTOF_DEL    ---     0.495       R4C9D.A1 to       R4C9D.F1 system/cpu/engine/SLICE_407
ROUTE         1     0.436       R4C9D.F1 to       R4C9D.C0 system/cpu/engine/un6_select_register[0]
CTOF_DEL    ---     0.495       R4C9D.C0 to       R4C9D.F0 system/cpu/engine/SLICE_407
ROUTE        16     1.957       R4C9D.F0 to       R2C8A.A1 system/cpu/engine/select_register_5[0]
CTOF_DEL    ---     0.495       R2C8A.A1 to       R2C8A.F1 system/cpu/engine/SLICE_44
ROUTE        40     1.842       R2C8A.F1 to       R4C8B.A1 system/address[1]
CTOF_DEL    ---     0.495       R4C8B.A1 to       R4C8B.F1 system/bus/SLICE_483
ROUTE         1     0.967       R4C8B.F1 to       R4C8B.A0 system/bus/un1_address_28_2
CTOF_DEL    ---     0.495       R4C8B.A0 to       R4C8B.F0 system/bus/SLICE_483
ROUTE         1     0.623       R4C8B.F0 to       R5C8C.D1 system/bus/un1_address_28_3_0
CTOF_DEL    ---     0.495       R5C8C.D1 to       R5C8C.F1 system/bus/SLICE_477
ROUTE         4     0.995       R5C8C.F1 to       R5C7D.A1 system/bus/un1_address_28
CTOF_DEL    ---     0.495       R5C7D.A1 to       R5C7D.F1 system/bus/SLICE_465
ROUTE         3     0.445       R5C7D.F1 to       R5C7D.C0 system/bus/immediate_io_response_3
CTOF_DEL    ---     0.495       R5C7D.C0 to       R5C7D.F0 system/bus/SLICE_465
ROUTE         2     1.165       R5C7D.F0 to      R5C14A.D0 system/bus/immediate_io_responsedupdup
CTOF_DEL    ---     0.495      R5C14A.D0 to      R5C14A.F0 SLICE_381
ROUTE         3     0.635      R5C14A.F0 to      R5C14A.D1 system/acknowledgedupdup
CTOF_DEL    ---     0.495      R5C14A.D1 to      R5C14A.F1 SLICE_381
ROUTE         2     0.654      R5C14A.F1 to      R3C14D.D1 system/cpu/engine/acknowledgedupdup_0
CTOF_DEL    ---     0.495      R3C14D.D1 to      R3C14D.F1 system/cpu/engine/SLICE_498
ROUTE         9     1.517      R3C14D.F1 to      R2C19B.D1 system/cpu/engine/un1_bus_fault_2dupdup
CTOF_DEL    ---     0.495      R2C19B.D1 to      R2C19B.F1 system/cpu/engine/seq/SLICE_533
ROUTE         6     0.989      R2C19B.F1 to      R4C20B.D1 system/cpu/engine/seq/next_address_3_sqmuxa_3
CTOF_DEL    ---     0.495      R4C20B.D1 to      R4C20B.F1 system/cpu/engine/seq/SLICE_515
ROUTE        10     0.691      R4C20B.F1 to      R3C20A.D1 system/cpu/engine/seq/next_address_8_sqmuxa
CTOF_DEL    ---     0.495      R3C20A.D1 to      R3C20A.F1 system/cpu/engine/seq/SLICE_615
ROUTE         1     1.072      R3C20A.F1 to      R4C19D.D0 system/cpu/engine/seq/next_address_0_iv_3[5]
CTOF_DEL    ---     0.495      R4C19D.D0 to      R4C19D.F0 system/cpu/engine/seq/SLICE_513
ROUTE         1     1.157      R4C19D.F0 to      R4C21B.D1 system/cpu/engine/seq/next_address_0_iv_5[5]
CTOF_DEL    ---     0.495      R4C21B.D1 to      R4C21B.F1 system/cpu/engine/seq/SLICE_243
ROUTE         5     2.059      R4C21B.F1 to EBR_R6C14.ADA8 system/cpu/engine/next_address_0_iv_i[5] (to clk)
                  --------
                   31.826   (40.5% logic, 59.5% route), 17 logic levels.

 Clock Skew Details: 

      Source Clock Path oscillator to system/cpu/engine/rom/lane_2:

   Name    Fanout   Delay (ns)          Site               Resource
ROUTE       245     3.714        OSC.OSC to EBR_R6C10.CLKA clk
                  --------
                    3.714   (0.0% logic, 100.0% route), 0 logic levels.

      Destination Clock Path oscillator to system/cpu/engine/rom/lane_3:

   Name    Fanout   Delay (ns)          Site               Resource
ROUTE       245     3.714        OSC.OSC to EBR_R6C14.CLKA clk
                  --------
                    3.714   (0.0% logic, 100.0% route), 0 logic levels.


Passed: The following path meets requirements by 2.055ns

 Logical Details:  Cell type  Pin type       Cell/ASIC name  (clock net +/-)

   Source:         DP8KC      Port           system/cpu/engine/rom/lane_2(ASIC)  (from clk +)
   Destination:    DP8KC      Port           system/cpu/engine/rom/lane_3(ASIC)  (to clk +)

   Delay:              31.801ns  (40.6% logic, 59.4% route), 17 logic levels.

 Constraint Details:

     31.801ns physical path delay system/cpu/engine/rom/lane_2 to system/cpu/engine/rom/lane_3 meets
     33.830ns delay constraint less
      0.000ns skew and
     -0.026ns ADDR_SET requirement (totaling 33.856ns) by 2.055ns

 Physical Path Details:

      Data path system/cpu/engine/rom/lane_2 to system/cpu/engine/rom/lane_3:

   Name    Fanout   Delay (ns)          Site               Resource
C2Q_DEL     ---     4.979 EBR_R6C10.CLKA to EBR_R6C10.DOA8 system/cpu/engine/rom/lane_2 (from clk)
ROUTE         4     1.723 EBR_R6C10.DOA8 to       R4C9D.A1 system/cpu/engine/a_select_2[0]
CTOF_DEL    ---     0.495       R4C9D.A1 to       R4C9D.F1 system/cpu/engine/SLICE_407
ROUTE         1     0.436       R4C9D.F1 to       R4C9D.C0 system/cpu/engine/un6_select_register[0]
CTOF_DEL    ---     0.495       R4C9D.C0 to       R4C9D.F0 system/cpu/engine/SLICE_407
ROUTE        16     1.957       R4C9D.F0 to       R2C8A.A1 system/cpu/engine/select_register_5[0]
CTOF_DEL    ---     0.495       R2C8A.A1 to       R2C8A.F1 system/cpu/engine/SLICE_44
ROUTE        40     1.842       R2C8A.F1 to       R4C8B.A1 system/address[1]
CTOF_DEL    ---     0.495       R4C8B.A1 to       R4C8B.F1 system/bus/SLICE_483
ROUTE         1     0.967       R4C8B.F1 to       R4C8B.A0 system/bus/un1_address_28_2
CTOF_DEL    ---     0.495       R4C8B.A0 to       R4C8B.F0 system/bus/SLICE_483
ROUTE         1     0.623       R4C8B.F0 to       R5C8C.D1 system/bus/un1_address_28_3_0
CTOF_DEL    ---     0.495       R5C8C.D1 to       R5C8C.F1 system/bus/SLICE_477
ROUTE         4     0.995       R5C8C.F1 to       R5C7D.A1 system/bus/un1_address_28
CTOF_DEL    ---     0.495       R5C7D.A1 to       R5C7D.F1 system/bus/SLICE_465
ROUTE         3     0.445       R5C7D.F1 to       R5C7D.C0 system/bus/immediate_io_response_3
CTOF_DEL    ---     0.495       R5C7D.C0 to       R5C7D.F0 system/bus/SLICE_465
ROUTE         2     1.165       R5C7D.F0 to      R5C14A.D0 system/bus/immediate_io_responsedupdup
CTOF_DEL    ---     0.495      R5C14A.D0 to      R5C14A.F0 SLICE_381
ROUTE         3     0.635      R5C14A.F0 to      R5C14A.D1 system/acknowledgedupdup
CTOF_DEL    ---     0.495      R5C14A.D1 to      R5C14A.F1 SLICE_381
ROUTE         2     0.654      R5C14A.F1 to      R3C14D.D1 system/cpu/engine/acknowledgedupdup_0
CTOF_DEL    ---     0.495      R3C14D.D1 to      R3C14D.F1 system/cpu/engine/SLICE_498
ROUTE         9     1.517      R3C14D.F1 to      R2C19B.D1 system/cpu/engine/un1_bus_fault_2dupdup
CTOF_DEL    ---     0.495      R2C19B.D1 to      R2C19B.F1 system/cpu/engine/seq/SLICE_533
ROUTE         6     0.453      R2C19B.F1 to      R2C19A.C1 system/cpu/engine/seq/next_address_3_sqmuxa_3
CTOF_DEL    ---     0.495      R2C19A.C1 to      R2C19A.F1 system/cpu/engine/seq/SLICE_518
ROUTE         3     0.975      R2C19A.F1 to      R3C18C.D0 system/cpu/engine/seq/next_address_9_sqmuxa
CTOF_DEL    ---     0.495      R3C18C.D0 to      R3C18C.F0 system/cpu/engine/SLICE_657
ROUTE         1     0.958      R3C18C.F0 to      R3C20C.D0 system/cpu/engine/seq/un1_irq_pending_m
CTOF_DEL    ---     0.495      R3C20C.D0 to      R3C20C.F0 system/cpu/engine/seq/SLICE_512
ROUTE         1     1.498      R3C20C.F0 to      R4C21B.A1 system/cpu/engine/seq/next_address_0_iv_4[5]
CTOF_DEL    ---     0.495      R4C21B.A1 to      R4C21B.F1 system/cpu/engine/seq/SLICE_243
ROUTE         5     2.059      R4C21B.F1 to EBR_R6C14.ADA8 system/cpu/engine/next_address_0_iv_i[5] (to clk)
                  --------
                   31.801   (40.6% logic, 59.4% route), 17 logic levels.

 Clock Skew Details: 

      Source Clock Path oscillator to system/cpu/engine/rom/lane_2:

   Name    Fanout   Delay (ns)          Site               Resource
ROUTE       245     3.714        OSC.OSC to EBR_R6C10.CLKA clk
                  --------
                    3.714   (0.0% logic, 100.0% route), 0 logic levels.

      Destination Clock Path oscillator to system/cpu/engine/rom/lane_3:

   Name    Fanout   Delay (ns)          Site               Resource
ROUTE       245     3.714        OSC.OSC to EBR_R6C14.CLKA clk
                  --------
                    3.714   (0.0% logic, 100.0% route), 0 logic levels.


Passed: The following path meets requirements by 2.070ns

 Logical Details:  Cell type  Pin type       Cell/ASIC name  (clock net +/-)

   Source:         DP8KC      Port           system/cpu/engine/rom/lane_2(ASIC)  (from clk +)
   Destination:    DP8KC      Port           system/cpu/engine/rom/lane_2(ASIC)  (to clk +)

   Delay:              31.786ns  (40.6% logic, 59.4% route), 17 logic levels.

 Constraint Details:

     31.786ns physical path delay system/cpu/engine/rom/lane_2 to system/cpu/engine/rom/lane_2 meets
     33.830ns delay constraint less
      0.000ns skew and
     -0.026ns ADDR_SET requirement (totaling 33.856ns) by 2.070ns

 Physical Path Details:

      Data path system/cpu/engine/rom/lane_2 to system/cpu/engine/rom/lane_2:

   Name    Fanout   Delay (ns)          Site               Resource
C2Q_DEL     ---     4.979 EBR_R6C10.CLKA to EBR_R6C10.DOA8 system/cpu/engine/rom/lane_2 (from clk)
ROUTE         4     1.723 EBR_R6C10.DOA8 to       R4C9D.A1 system/cpu/engine/a_select_2[0]
CTOF_DEL    ---     0.495       R4C9D.A1 to       R4C9D.F1 system/cpu/engine/SLICE_407
ROUTE         1     0.436       R4C9D.F1 to       R4C9D.C0 system/cpu/engine/un6_select_register[0]
CTOF_DEL    ---     0.495       R4C9D.C0 to       R4C9D.F0 system/cpu/engine/SLICE_407
ROUTE        16     1.957       R4C9D.F0 to       R2C8A.A1 system/cpu/engine/select_register_5[0]
CTOF_DEL    ---     0.495       R2C8A.A1 to       R2C8A.F1 system/cpu/engine/SLICE_44
ROUTE        40     1.842       R2C8A.F1 to       R4C8B.A1 system/address[1]
CTOF_DEL    ---     0.495       R4C8B.A1 to       R4C8B.F1 system/bus/SLICE_483
ROUTE         1     0.967       R4C8B.F1 to       R4C8B.A0 system/bus/un1_address_28_2
CTOF_DEL    ---     0.495       R4C8B.A0 to       R4C8B.F0 system/bus/SLICE_483
ROUTE         1     0.623       R4C8B.F0 to       R5C8C.D1 system/bus/un1_address_28_3_0
CTOF_DEL    ---     0.495       R5C8C.D1 to       R5C8C.F1 system/bus/SLICE_477
ROUTE         4     0.995       R5C8C.F1 to       R5C7D.A1 system/bus/un1_address_28
CTOF_DEL    ---     0.495       R5C7D.A1 to       R5C7D.F1 system/bus/SLICE_465
ROUTE         3     0.445       R5C7D.F1 to       R5C7D.C0 system/bus/immediate_io_response_3
CTOF_DEL    ---     0.495       R5C7D.C0 to       R5C7D.F0 system/bus/SLICE_465
ROUTE         2     1.165       R5C7D.F0 to      R5C14A.D0 system/bus/immediate_io_responsedupdup
CTOF_DEL    ---     0.495      R5C14A.D0 to      R5C14A.F0 SLICE_381
ROUTE         3     0.635      R5C14A.F0 to      R5C14A.D1 system/acknowledgedupdup
CTOF_DEL    ---     0.495      R5C14A.D1 to      R5C14A.F1 SLICE_381
ROUTE         2     0.654      R5C14A.F1 to      R3C14D.D1 system/cpu/engine/acknowledgedupdup_0
CTOF_DEL    ---     0.495      R3C14D.D1 to      R3C14D.F1 system/cpu/engine/SLICE_498
ROUTE         9     1.517      R3C14D.F1 to      R2C19B.D1 system/cpu/engine/un1_bus_fault_2dupdup
CTOF_DEL    ---     0.495      R2C19B.D1 to      R2C19B.F1 system/cpu/engine/seq/SLICE_533
ROUTE         6     0.669      R2C19B.F1 to      R3C19A.D1 system/cpu/engine/seq/next_address_3_sqmuxa_3
CTOF_DEL    ---     0.495      R3C19A.D1 to      R3C19A.F1 system/cpu/engine/seq/SLICE_502
ROUTE        10     0.998      R3C19A.F1 to      R4C21A.D0 system/cpu/engine/seq/next_address_3_sqmuxa
CTOF_DEL    ---     0.495      R4C21A.D0 to      R4C21A.F0 system/cpu/engine/seq/SLICE_514
ROUTE         1     0.626      R4C21A.F0 to      R4C21A.D1 system/cpu/engine/seq/next_address_1_iv_3[7]
CTOF_DEL    ---     0.495      R4C21A.D1 to      R4C21A.F1 system/cpu/engine/seq/SLICE_514
ROUTE         1     1.498      R4C21A.F1 to      R5C21C.A1 system/cpu/engine/seq/next_address_1_iv_1[7]
CTOF_DEL    ---     0.495      R5C21C.A1 to      R5C21C.F1 system/cpu/engine/seq/SLICE_244
ROUTE         5     2.137      R5C21C.F1 to *R_R6C10.ADA10 system/cpu/engine/next_address[7] (to clk)
                  --------
                   31.786   (40.6% logic, 59.4% route), 17 logic levels.

 Clock Skew Details: 

      Source Clock Path oscillator to system/cpu/engine/rom/lane_2:

   Name    Fanout   Delay (ns)          Site               Resource
ROUTE       245     3.714        OSC.OSC to EBR_R6C10.CLKA clk
                  --------
                    3.714   (0.0% logic, 100.0% route), 0 logic levels.

      Destination Clock Path oscillator to system/cpu/engine/rom/lane_2:

   Name    Fanout   Delay (ns)          Site               Resource
ROUTE       245     3.714        OSC.OSC to EBR_R6C10.CLKA clk
                  --------
                    3.714   (0.0% logic, 100.0% route), 0 logic levels.


Passed: The following path meets requirements by 2.129ns

 Logical Details:  Cell type  Pin type       Cell/ASIC name  (clock net +/-)

   Source:         DP8KC      Port           system/cpu/engine/rom/lane_2(ASIC)  (from clk +)
   Destination:    DP8KC      Port           system/cpu/engine/rom/lane_2(ASIC)  (to clk +)

   Delay:              31.727ns  (40.7% logic, 59.3% route), 17 logic levels.

 Constraint Details:

     31.727ns physical path delay system/cpu/engine/rom/lane_2 to system/cpu/engine/rom/lane_2 meets
     33.830ns delay constraint less
      0.000ns skew and
     -0.026ns ADDR_SET requirement (totaling 33.856ns) by 2.129ns

 Physical Path Details:

      Data path system/cpu/engine/rom/lane_2 to system/cpu/engine/rom/lane_2:

   Name    Fanout   Delay (ns)          Site               Resource
C2Q_DEL     ---     4.979 EBR_R6C10.CLKA to EBR_R6C10.DOA8 system/cpu/engine/rom/lane_2 (from clk)
ROUTE         4     1.723 EBR_R6C10.DOA8 to       R4C9D.A1 system/cpu/engine/a_select_2[0]
CTOF_DEL    ---     0.495       R4C9D.A1 to       R4C9D.F1 system/cpu/engine/SLICE_407
ROUTE         1     0.436       R4C9D.F1 to       R4C9D.C0 system/cpu/engine/un6_select_register[0]
CTOF_DEL    ---     0.495       R4C9D.C0 to       R4C9D.F0 system/cpu/engine/SLICE_407
ROUTE        16     1.957       R4C9D.F0 to       R2C8A.A1 system/cpu/engine/select_register_5[0]
CTOF_DEL    ---     0.495       R2C8A.A1 to       R2C8A.F1 system/cpu/engine/SLICE_44
ROUTE        40     1.842       R2C8A.F1 to       R4C8B.A1 system/address[1]
CTOF_DEL    ---     0.495       R4C8B.A1 to       R4C8B.F1 system/bus/SLICE_483
ROUTE         1     0.967       R4C8B.F1 to       R4C8B.A0 system/bus/un1_address_28_2
CTOF_DEL    ---     0.495       R4C8B.A0 to       R4C8B.F0 system/bus/SLICE_483
ROUTE         1     0.623       R4C8B.F0 to       R5C8C.D1 system/bus/un1_address_28_3_0
CTOF_DEL    ---     0.495       R5C8C.D1 to       R5C8C.F1 system/bus/SLICE_477
ROUTE         4     0.995       R5C8C.F1 to       R5C7D.A1 system/bus/un1_address_28
CTOF_DEL    ---     0.495       R5C7D.A1 to       R5C7D.F1 system/bus/SLICE_465
ROUTE         3     0.445       R5C7D.F1 to       R5C7D.C0 system/bus/immediate_io_response_3
CTOF_DEL    ---     0.495       R5C7D.C0 to       R5C7D.F0 system/bus/SLICE_465
ROUTE         2     1.165       R5C7D.F0 to      R5C14A.D0 system/bus/immediate_io_responsedupdup
CTOF_DEL    ---     0.495      R5C14A.D0 to      R5C14A.F0 SLICE_381
ROUTE         3     0.635      R5C14A.F0 to      R5C14A.D1 system/acknowledgedupdup
CTOF_DEL    ---     0.495      R5C14A.D1 to      R5C14A.F1 SLICE_381
ROUTE         2     0.654      R5C14A.F1 to      R3C14D.D1 system/cpu/engine/acknowledgedupdup_0
CTOF_DEL    ---     0.495      R3C14D.D1 to      R3C14D.F1 system/cpu/engine/SLICE_498
ROUTE         9     0.453      R3C14D.F1 to      R3C14D.C0 system/cpu/engine/un1_bus_fault_2dupdup
CTOF_DEL    ---     0.495      R3C14D.C0 to      R3C14D.F0 system/cpu/engine/SLICE_498
ROUTE         3     1.584      R3C14D.F0 to      R2C19C.D1 system/cpu/engine/seq/next_address_2_sqmuxa_1
CTOF_DEL    ---     0.495      R2C19C.D1 to      R2C19C.F1 system/cpu/engine/seq/SLICE_511
ROUTE        10     0.780      R2C19C.F1 to      R2C19A.C0 system/cpu/engine/seq/next_address_10_sqmuxa
CTOF_DEL    ---     0.495      R2C19A.C0 to      R2C19A.F0 system/cpu/engine/seq/SLICE_518
ROUTE         1     1.355      R2C19A.F0 to      R4C20D.D0 system/cpu/engine/seq/next_address_0_iv_2[2]
CTOF_DEL    ---     0.495      R4C20D.D0 to      R4C20D.F0 system/cpu/engine/seq/SLICE_508
ROUTE         1     0.967      R4C20D.F0 to      R4C20A.A0 system/cpu/engine/seq/next_address_0_iv_5[2]
CTOF_DEL    ---     0.495      R4C20A.A0 to      R4C20A.F0 system/cpu/engine/seq/SLICE_242
ROUTE         5     2.247      R4C20A.F0 to EBR_R6C10.ADA5 system/cpu/engine/next_address_0_iv_i[2] (to clk)
                  --------
                   31.727   (40.7% logic, 59.3% route), 17 logic levels.

 Clock Skew Details: 

      Source Clock Path oscillator to system/cpu/engine/rom/lane_2:

   Name    Fanout   Delay (ns)          Site               Resource
ROUTE       245     3.714        OSC.OSC to EBR_R6C10.CLKA clk
                  --------
                    3.714   (0.0% logic, 100.0% route), 0 logic levels.

      Destination Clock Path oscillator to system/cpu/engine/rom/lane_2:

   Name    Fanout   Delay (ns)          Site               Resource
ROUTE       245     3.714        OSC.OSC to EBR_R6C10.CLKA clk
                  --------
                    3.714   (0.0% logic, 100.0% route), 0 logic levels.


Passed: The following path meets requirements by 2.135ns

 Logical Details:  Cell type  Pin type       Cell/ASIC name  (clock net +/-)

   Source:         DP8KC      Port           system/cpu/engine/rom/lane_2(ASIC)  (from clk +)
   Destination:    DP8KC      Port           system/cpu/engine/rom/lane_2(ASIC)  (to clk +)

   Delay:              31.721ns  (40.7% logic, 59.3% route), 17 logic levels.

 Constraint Details:

     31.721ns physical path delay system/cpu/engine/rom/lane_2 to system/cpu/engine/rom/lane_2 meets
     33.830ns delay constraint less
      0.000ns skew and
     -0.026ns ADDR_SET requirement (totaling 33.856ns) by 2.135ns

 Physical Path Details:

      Data path system/cpu/engine/rom/lane_2 to system/cpu/engine/rom/lane_2:

   Name    Fanout   Delay (ns)          Site               Resource
C2Q_DEL     ---     4.979 EBR_R6C10.CLKA to EBR_R6C10.DOA8 system/cpu/engine/rom/lane_2 (from clk)
ROUTE         4     1.723 EBR_R6C10.DOA8 to       R4C9D.A1 system/cpu/engine/a_select_2[0]
CTOF_DEL    ---     0.495       R4C9D.A1 to       R4C9D.F1 system/cpu/engine/SLICE_407
ROUTE         1     0.436       R4C9D.F1 to       R4C9D.C0 system/cpu/engine/un6_select_register[0]
CTOF_DEL    ---     0.495       R4C9D.C0 to       R4C9D.F0 system/cpu/engine/SLICE_407
ROUTE        16     1.957       R4C9D.F0 to       R2C8A.A1 system/cpu/engine/select_register_5[0]
CTOF_DEL    ---     0.495       R2C8A.A1 to       R2C8A.F1 system/cpu/engine/SLICE_44
ROUTE        40     1.842       R2C8A.F1 to       R4C8B.A1 system/address[1]
CTOF_DEL    ---     0.495       R4C8B.A1 to       R4C8B.F1 system/bus/SLICE_483
ROUTE         1     0.967       R4C8B.F1 to       R4C8B.A0 system/bus/un1_address_28_2
CTOF_DEL    ---     0.495       R4C8B.A0 to       R4C8B.F0 system/bus/SLICE_483
ROUTE         1     0.623       R4C8B.F0 to       R5C8C.D1 system/bus/un1_address_28_3_0
CTOF_DEL    ---     0.495       R5C8C.D1 to       R5C8C.F1 system/bus/SLICE_477
ROUTE         4     0.995       R5C8C.F1 to       R5C7D.A1 system/bus/un1_address_28
CTOF_DEL    ---     0.495       R5C7D.A1 to       R5C7D.F1 system/bus/SLICE_465
ROUTE         3     0.445       R5C7D.F1 to       R5C7D.C0 system/bus/immediate_io_response_3
CTOF_DEL    ---     0.495       R5C7D.C0 to       R5C7D.F0 system/bus/SLICE_465
ROUTE         2     1.165       R5C7D.F0 to      R5C14A.D0 system/bus/immediate_io_responsedupdup
CTOF_DEL    ---     0.495      R5C14A.D0 to      R5C14A.F0 SLICE_381
ROUTE         3     0.635      R5C14A.F0 to      R5C14A.D1 system/acknowledgedupdup
CTOF_DEL    ---     0.495      R5C14A.D1 to      R5C14A.F1 SLICE_381
ROUTE         2     0.654      R5C14A.F1 to      R3C14D.D1 system/cpu/engine/acknowledgedupdup_0
CTOF_DEL    ---     0.495      R3C14D.D1 to      R3C14D.F1 system/cpu/engine/SLICE_498
ROUTE         9     1.477      R3C14D.F1 to      R3C20D.D1 system/cpu/engine/un1_bus_fault_2dupdup
CTOF_DEL    ---     0.495      R3C20D.D1 to      R3C20D.F1 system/cpu/engine/SLICE_497
ROUTE         3     0.661      R3C20D.F1 to      R3C21C.D1 system/cpu/engine/fault_redirectdup
CTOF_DEL    ---     0.495      R3C21C.D1 to      R3C21C.F1 system/cpu/engine/seq/SLICE_510
ROUTE         5     0.981      R3C21C.F1 to      R4C21A.A0 system/cpu/engine/seq/next_address_0_sqmuxa_2
CTOF_DEL    ---     0.495      R4C21A.A0 to      R4C21A.F0 system/cpu/engine/seq/SLICE_514
ROUTE         1     0.626      R4C21A.F0 to      R4C21A.D1 system/cpu/engine/seq/next_address_1_iv_3[7]
CTOF_DEL    ---     0.495      R4C21A.D1 to      R4C21A.F1 system/cpu/engine/seq/SLICE_514
ROUTE         1     1.498      R4C21A.F1 to      R5C21C.A1 system/cpu/engine/seq/next_address_1_iv_1[7]
CTOF_DEL    ---     0.495      R5C21C.A1 to      R5C21C.F1 system/cpu/engine/seq/SLICE_244
ROUTE         5     2.137      R5C21C.F1 to *R_R6C10.ADA10 system/cpu/engine/next_address[7] (to clk)
                  --------
                   31.721   (40.7% logic, 59.3% route), 17 logic levels.

 Clock Skew Details: 

      Source Clock Path oscillator to system/cpu/engine/rom/lane_2:

   Name    Fanout   Delay (ns)          Site               Resource
ROUTE       245     3.714        OSC.OSC to EBR_R6C10.CLKA clk
                  --------
                    3.714   (0.0% logic, 100.0% route), 0 logic levels.

      Destination Clock Path oscillator to system/cpu/engine/rom/lane_2:

   Name    Fanout   Delay (ns)          Site               Resource
ROUTE       245     3.714        OSC.OSC to EBR_R6C10.CLKA clk
                  --------
                    3.714   (0.0% logic, 100.0% route), 0 logic levels.


Passed: The following path meets requirements by 2.152ns

 Logical Details:  Cell type  Pin type       Cell/ASIC name  (clock net +/-)

   Source:         DP8KC      Port           system/cpu/engine/rom/lane_2(ASIC)  (from clk +)
   Destination:    DP8KC      Port           system/cpu/engine/rom/lane_2(ASIC)  (to clk +)

   Delay:              31.704ns  (40.7% logic, 59.3% route), 17 logic levels.

 Constraint Details:

     31.704ns physical path delay system/cpu/engine/rom/lane_2 to system/cpu/engine/rom/lane_2 meets
     33.830ns delay constraint less
      0.000ns skew and
     -0.026ns ADDR_SET requirement (totaling 33.856ns) by 2.152ns

 Physical Path Details:

      Data path system/cpu/engine/rom/lane_2 to system/cpu/engine/rom/lane_2:

   Name    Fanout   Delay (ns)          Site               Resource
C2Q_DEL     ---     4.979 EBR_R6C10.CLKA to EBR_R6C10.DOA8 system/cpu/engine/rom/lane_2 (from clk)
ROUTE         4     1.723 EBR_R6C10.DOA8 to       R4C9D.A1 system/cpu/engine/a_select_2[0]
CTOF_DEL    ---     0.495       R4C9D.A1 to       R4C9D.F1 system/cpu/engine/SLICE_407
ROUTE         1     0.436       R4C9D.F1 to       R4C9D.C0 system/cpu/engine/un6_select_register[0]
CTOF_DEL    ---     0.495       R4C9D.C0 to       R4C9D.F0 system/cpu/engine/SLICE_407
ROUTE        16     1.957       R4C9D.F0 to       R2C8A.A1 system/cpu/engine/select_register_5[0]
CTOF_DEL    ---     0.495       R2C8A.A1 to       R2C8A.F1 system/cpu/engine/SLICE_44
ROUTE        40     1.842       R2C8A.F1 to       R4C8B.A1 system/address[1]
CTOF_DEL    ---     0.495       R4C8B.A1 to       R4C8B.F1 system/bus/SLICE_483
ROUTE         1     0.967       R4C8B.F1 to       R4C8B.A0 system/bus/un1_address_28_2
CTOF_DEL    ---     0.495       R4C8B.A0 to       R4C8B.F0 system/bus/SLICE_483
ROUTE         1     0.623       R4C8B.F0 to       R5C8C.D1 system/bus/un1_address_28_3_0
CTOF_DEL    ---     0.495       R5C8C.D1 to       R5C8C.F1 system/bus/SLICE_477
ROUTE         4     0.995       R5C8C.F1 to       R5C7D.A1 system/bus/un1_address_28
CTOF_DEL    ---     0.495       R5C7D.A1 to       R5C7D.F1 system/bus/SLICE_465
ROUTE         3     0.445       R5C7D.F1 to       R5C7D.C0 system/bus/immediate_io_response_3
CTOF_DEL    ---     0.495       R5C7D.C0 to       R5C7D.F0 system/bus/SLICE_465
ROUTE         2     1.165       R5C7D.F0 to      R5C14A.D0 system/bus/immediate_io_responsedupdup
CTOF_DEL    ---     0.495      R5C14A.D0 to      R5C14A.F0 SLICE_381
ROUTE         3     0.635      R5C14A.F0 to      R5C14A.D1 system/acknowledgedupdup
CTOF_DEL    ---     0.495      R5C14A.D1 to      R5C14A.F1 SLICE_381
ROUTE         2     0.654      R5C14A.F1 to      R3C14D.D1 system/cpu/engine/acknowledgedupdup_0
CTOF_DEL    ---     0.495      R3C14D.D1 to      R3C14D.F1 system/cpu/engine/SLICE_498
ROUTE         9     1.517      R3C14D.F1 to      R2C19B.D1 system/cpu/engine/un1_bus_fault_2dupdup
CTOF_DEL    ---     0.495      R2C19B.D1 to      R2C19B.F1 system/cpu/engine/seq/SLICE_533
ROUTE         6     0.669      R2C19B.F1 to      R3C19A.D1 system/cpu/engine/seq/next_address_3_sqmuxa_3
CTOF_DEL    ---     0.495      R3C19A.D1 to      R3C19A.F1 system/cpu/engine/seq/SLICE_502
ROUTE        10     0.817      R3C19A.F1 to      R3C20A.C1 system/cpu/engine/seq/next_address_3_sqmuxa
CTOF_DEL    ---     0.495      R3C20A.C1 to      R3C20A.F1 system/cpu/engine/seq/SLICE_615
ROUTE         1     1.072      R3C20A.F1 to      R4C19D.D0 system/cpu/engine/seq/next_address_0_iv_3[5]
CTOF_DEL    ---     0.495      R4C19D.D0 to      R4C19D.F0 system/cpu/engine/seq/SLICE_513
ROUTE         1     1.157      R4C19D.F0 to      R4C21B.D1 system/cpu/engine/seq/next_address_0_iv_5[5]
CTOF_DEL    ---     0.495      R4C21B.D1 to      R4C21B.F1 system/cpu/engine/seq/SLICE_243
ROUTE         5     2.131      R4C21B.F1 to EBR_R6C10.ADA8 system/cpu/engine/next_address_0_iv_i[5] (to clk)
                  --------
                   31.704   (40.7% logic, 59.3% route), 17 logic levels.

 Clock Skew Details: 

      Source Clock Path oscillator to system/cpu/engine/rom/lane_2:

   Name    Fanout   Delay (ns)          Site               Resource
ROUTE       245     3.714        OSC.OSC to EBR_R6C10.CLKA clk
                  --------
                    3.714   (0.0% logic, 100.0% route), 0 logic levels.

      Destination Clock Path oscillator to system/cpu/engine/rom/lane_2:

   Name    Fanout   Delay (ns)          Site               Resource
ROUTE       245     3.714        OSC.OSC to EBR_R6C10.CLKA clk
                  --------
                    3.714   (0.0% logic, 100.0% route), 0 logic levels.


Passed: The following path meets requirements by 2.158ns

 Logical Details:  Cell type  Pin type       Cell/ASIC name  (clock net +/-)

   Source:         DP8KC      Port           system/cpu/engine/rom/lane_2(ASIC)  (from clk +)
   Destination:    DP8KC      Port           system/cpu/engine/rom/lane_2(ASIC)  (to clk +)

   Delay:              31.698ns  (39.1% logic, 60.9% route), 16 logic levels.

 Constraint Details:

     31.698ns physical path delay system/cpu/engine/rom/lane_2 to system/cpu/engine/rom/lane_2 meets
     33.830ns delay constraint less
      0.000ns skew and
     -0.026ns ADDR_SET requirement (totaling 33.856ns) by 2.158ns

 Physical Path Details:

      Data path system/cpu/engine/rom/lane_2 to system/cpu/engine/rom/lane_2:

   Name    Fanout   Delay (ns)          Site               Resource
C2Q_DEL     ---     4.979 EBR_R6C10.CLKA to EBR_R6C10.DOA8 system/cpu/engine/rom/lane_2 (from clk)
ROUTE         4     1.723 EBR_R6C10.DOA8 to       R4C9D.A1 system/cpu/engine/a_select_2[0]
CTOF_DEL    ---     0.495       R4C9D.A1 to       R4C9D.F1 system/cpu/engine/SLICE_407
ROUTE         1     0.436       R4C9D.F1 to       R4C9D.C0 system/cpu/engine/un6_select_register[0]
CTOF_DEL    ---     0.495       R4C9D.C0 to       R4C9D.F0 system/cpu/engine/SLICE_407
ROUTE        16     1.957       R4C9D.F0 to       R2C8A.A1 system/cpu/engine/select_register_5[0]
CTOF_DEL    ---     0.495       R2C8A.A1 to       R2C8A.F1 system/cpu/engine/SLICE_44
ROUTE        40     1.842       R2C8A.F1 to       R4C8B.A1 system/address[1]
CTOF_DEL    ---     0.495       R4C8B.A1 to       R4C8B.F1 system/bus/SLICE_483
ROUTE         1     0.967       R4C8B.F1 to       R4C8B.A0 system/bus/un1_address_28_2
CTOF_DEL    ---     0.495       R4C8B.A0 to       R4C8B.F0 system/bus/SLICE_483
ROUTE         1     0.623       R4C8B.F0 to       R5C8C.D1 system/bus/un1_address_28_3_0
CTOF_DEL    ---     0.495       R5C8C.D1 to       R5C8C.F1 system/bus/SLICE_477
ROUTE         4     0.995       R5C8C.F1 to       R5C7D.A1 system/bus/un1_address_28
CTOF_DEL    ---     0.495       R5C7D.A1 to       R5C7D.F1 system/bus/SLICE_465
ROUTE         3     0.445       R5C7D.F1 to       R5C7D.C0 system/bus/immediate_io_response_3
CTOF_DEL    ---     0.495       R5C7D.C0 to       R5C7D.F0 system/bus/SLICE_465
ROUTE         2     1.165       R5C7D.F0 to      R5C14A.D0 system/bus/immediate_io_responsedupdup
CTOF_DEL    ---     0.495      R5C14A.D0 to      R5C14A.F0 SLICE_381
ROUTE         3     0.635      R5C14A.F0 to      R5C14A.D1 system/acknowledgedupdup
CTOF_DEL    ---     0.495      R5C14A.D1 to      R5C14A.F1 SLICE_381
ROUTE         2     0.654      R5C14A.F1 to      R3C14D.D1 system/cpu/engine/acknowledgedupdup_0
CTOF_DEL    ---     0.495      R3C14D.D1 to      R3C14D.F1 system/cpu/engine/SLICE_498
ROUTE         9     1.517      R3C14D.F1 to      R2C19B.D1 system/cpu/engine/un1_bus_fault_2dupdup
CTOF_DEL    ---     0.495      R2C19B.D1 to      R2C19B.F1 system/cpu/engine/seq/SLICE_533
ROUTE         6     1.481      R2C19B.F1 to      R4C21C.B1 system/cpu/engine/seq/next_address_3_sqmuxa_3
CTOF_DEL    ---     0.495      R4C21C.B1 to      R4C21C.F1 system/cpu/engine/seq/SLICE_500
ROUTE         6     1.507      R4C21C.F1 to      R5C20D.C0 system/cpu/engine/seq/next_address_4_sqmuxa
CTOF_DEL    ---     0.495      R5C20D.C0 to      R5C20D.F0 system/cpu/engine/SLICE_635
ROUTE         1     0.744      R5C20D.F0 to      R5C21C.C0 system/cpu/engine/seq/next_address_0_iv_3[6]
CTOF_DEL    ---     0.495      R5C21C.C0 to      R5C21C.F0 system/cpu/engine/seq/SLICE_244
ROUTE         5     2.603      R5C21C.F0 to EBR_R6C10.ADA9 system/cpu/engine/next_address[6] (to clk)
                  --------
                   31.698   (39.1% logic, 60.9% route), 16 logic levels.

 Clock Skew Details: 

      Source Clock Path oscillator to system/cpu/engine/rom/lane_2:

   Name    Fanout   Delay (ns)          Site               Resource
ROUTE       245     3.714        OSC.OSC to EBR_R6C10.CLKA clk
                  --------
                    3.714   (0.0% logic, 100.0% route), 0 logic levels.

      Destination Clock Path oscillator to system/cpu/engine/rom/lane_2:

   Name    Fanout   Delay (ns)          Site               Resource
ROUTE       245     3.714        OSC.OSC to EBR_R6C10.CLKA clk
                  --------
                    3.714   (0.0% logic, 100.0% route), 0 logic levels.

Report:   31.370MHz is the maximum frequency for this preference.


================================================================================
Preference: Unconstrained: CLOCK_DOMAIN
            0 unconstrained paths found
--------------------------------------------------------------------------------


================================================================================
Preference: Unconstrained: INPUT_SETUP
            10 unconstrained paths found
--------------------------------------------------------------------------------

Unconstrained Preference:
   INPUT_SETUP PORT "res" CLKNET "clk" 

Report:    5.478ns delay res to SLICE_381 (4.745ns delay and 0.733ns setup)

   Name    Fanout   Delay (ns)          Site               Resource
PADI_DEL    ---     1.132          4.PAD to        4.PADDI res
ROUTE         1     3.613        4.PADDI to     R5C14A.LSR res_c (to clk)
                  --------
                    4.745   (23.9% logic, 76.1% route), 1 logic levels.

Unconstrained Preference:
   INPUT_SETUP PORT "gpio_miso" CLKNET "clk" 

Report:    3.701ns delay gpio_miso to system/bus/guest_memory/SLICE_131 (3.535ns delay and 0.166ns setup)

   Name    Fanout   Delay (ns)          Site               Resource
PADI_DEL    ---     1.132         10.PAD to       10.PADDI gpio_miso
ROUTE         3     1.908       10.PADDI to      R10C5C.A0 gpio_miso_c
CTOF_DEL    ---     0.495      R10C5C.A0 to      R10C5C.F0 system/bus/guest_memory/SLICE_131
ROUTE         1     0.000      R10C5C.F0 to     R10C5C.DI0 system/bus/guest_memory/rdata_9[8] (to clk)
                  --------
                    3.535   (46.0% logic, 54.0% route), 2 logic levels.

Unconstrained Preference:
   INPUT_SETUP PORT "gpio_miso" CLKNET "clk" 

Report:    3.416ns delay gpio_miso to system/bus/SLICE_432 (3.068ns delay and 0.348ns setup)

   Name    Fanout   Delay (ns)          Site               Resource
PADI_DEL    ---     1.132         10.PAD to       10.PADDI gpio_miso
ROUTE         3     1.936       10.PADDI to       R7C5A.M0 gpio_miso_c (to clk)
                  --------
                    3.068   (36.9% logic, 63.1% route), 1 logic levels.

Unconstrained Preference:
   INPUT_SETUP PORT "gpio_key_row[0]" CLKNET "clk" 

Report:    2.292ns delay gpio_key_row[0] to gpio_key_row[0]_MGIOL (1.697ns delay and 0.595ns setup)

   Name    Fanout   Delay (ns)          Site               Resource
PADI_DEL    ---     1.132         29.PAD to       29.PADDI gpio_key_row[0]
ROUTE         1     0.565       29.PADDI to    IOL_T11D.DI gpio_key_row_in[0] (to clk)
                  --------
                    1.697   (66.7% logic, 33.3% route), 1 logic levels.

Unconstrained Preference:
   INPUT_SETUP PORT "gpio_key_row[1]" CLKNET "clk" 

Report:    2.292ns delay gpio_key_row[1] to gpio_key_row[1]_MGIOL (1.697ns delay and 0.595ns setup)

   Name    Fanout   Delay (ns)          Site               Resource
PADI_DEL    ---     1.132         30.PAD to       30.PADDI gpio_key_row[1]
ROUTE         1     0.565       30.PADDI to    IOL_T11C.DI gpio_key_row_in[1] (to clk)
                  --------
                    1.697   (66.7% logic, 33.3% route), 1 logic levels.

Unconstrained Preference:
   INPUT_SETUP PORT "gpio_key_row[2]" CLKNET "clk" 

Report:    2.292ns delay gpio_key_row[2] to gpio_key_row[2]_MGIOL (1.697ns delay and 0.595ns setup)

   Name    Fanout   Delay (ns)          Site               Resource
PADI_DEL    ---     1.132         32.PAD to       32.PADDI gpio_key_row[2]
ROUTE         1     0.565       32.PADDI to    IOL_T10D.DI gpio_key_row_in[2] (to clk)
                  --------
                    1.697   (66.7% logic, 33.3% route), 1 logic levels.

Unconstrained Preference:
   INPUT_SETUP PORT "gpio_key_row[3]" CLKNET "clk" 

Report:    2.292ns delay gpio_key_row[3] to gpio_key_row[3]_MGIOL (1.697ns delay and 0.595ns setup)

   Name    Fanout   Delay (ns)          Site               Resource
PADI_DEL    ---     1.132          1.PAD to        1.PADDI gpio_key_row[3]
ROUTE         1     0.565        1.PADDI to    IOL_T10C.DI gpio_key_row_in[3] (to clk)
                  --------
                    1.697   (66.7% logic, 33.3% route), 1 logic levels.

Unconstrained Preference:
   INPUT_SETUP PORT "rx" CLKNET "clk" 

Report:    2.292ns delay rx to rx_MGIOL (1.697ns delay and 0.595ns setup)

   Name    Fanout   Delay (ns)          Site               Resource
PADI_DEL    ---     1.132         25.PAD to       25.PADDI rx
ROUTE         1     0.565       25.PADDI to    IOL_T15D.DI rx_c (to clk)
                  --------
                    1.697   (66.7% logic, 33.3% route), 1 logic levels.

Unconstrained Preference:
   INPUT_SETUP PORT "sd_miso" CLKNET "clk" 

Report:    2.292ns delay sd_miso to sd_miso_MGIOL (1.697ns delay and 0.595ns setup)

   Name    Fanout   Delay (ns)          Site               Resource
PADI_DEL    ---     1.132         28.PAD to       28.PADDI sd_miso
ROUTE         1     0.565       28.PADDI to    IOL_T12C.DI sd_miso_c (to clk)
                  --------
                    1.697   (66.7% logic, 33.3% route), 1 logic levels.

Unconstrained Preference:
   INPUT_SETUP PORT "gpio_miso" CLKNET "clk" 

Report:    2.111ns delay gpio_miso to gpio_miso_MGIOL (1.516ns delay and 0.595ns setup)

   Name    Fanout   Delay (ns)          Site               Resource
PADI_DEL    ---     1.132         10.PAD to       10.PADDI gpio_miso
ROUTE         3     0.384       10.PADDI to     IOL_B6D.DI gpio_miso_c (to clk)
                  --------
                    1.516   (74.7% logic, 25.3% route), 1 logic levels.


================================================================================
Preference: Unconstrained: CLOCK_TO_OUT
            18 unconstrained paths found
--------------------------------------------------------------------------------

Unconstrained Preference:
   CLOCK_TO_OUT PORT "tx" CLKNET "clk" 

Report:    9.381ns delay system/bus/fixed_uart.console/SLICE_109 to tx

   Name    Fanout   Delay (ns)          Site               Resource
REG_DEL     ---     0.452    R10C11B.CLK to     R10C11B.Q0 system/bus/fixed_uart.console/SLICE_109 (from clk)
ROUTE        20     2.364     R10C11B.Q0 to      R9C10B.B1 system/bus/fixed_uart.console/tx_busy
CTOF_DEL    ---     0.495      R9C10B.B1 to      R9C10B.F1 system/bus/fixed_uart.console/SLICE_123
ROUTE         1     3.273      R9C10B.F1 to       23.PADDO tx_c
DOPAD_DEL   ---     2.797       23.PADDO to         23.PAD tx
                  --------
                    9.381   (39.9% logic, 60.1% route), 3 logic levels.

Unconstrained Preference:
   CLOCK_TO_OUT PORT "sd_mosi" CLKNET "clk" 

Report:    8.248ns delay system/bus/byte_sd/SLICE_82 to sd_mosi

   Name    Fanout   Delay (ns)          Site               Resource
REG_DEL     ---     0.452      R5C3A.CLK to       R5C3A.Q0 system/bus/byte_sd/SLICE_82 (from clk)
ROUTE        24     1.663       R5C3A.Q0 to       R5C3C.D1 system/bus/byte_sd/busy
CTOF_DEL    ---     0.495       R5C3C.D1 to       R5C3C.F1 system/bus/byte_sd/SLICE_622
ROUTE         1     2.841       R5C3C.F1 to       21.PADDO sd_mosi_c
DOPAD_DEL   ---     2.797       21.PADDO to         21.PAD sd_mosi
                  --------
                    8.248   (45.4% logic, 54.6% route), 3 logic levels.

Unconstrained Preference:
   CLOCK_TO_OUT PORT "tx" CLKNET "clk" 

Report:    7.991ns delay system/bus/fixed_uart.console/SLICE_371 to tx

   Name    Fanout   Delay (ns)          Site               Resource
REG_DEL     ---     0.452     R9C10C.CLK to      R9C10C.Q0 system/bus/fixed_uart.console/SLICE_371 (from clk)
ROUTE         2     0.974      R9C10C.Q0 to      R9C10B.A1 system/bus/fixed_uart.console/tx_break
CTOF_DEL    ---     0.495      R9C10B.A1 to      R9C10B.F1 system/bus/fixed_uart.console/SLICE_123
ROUTE         1     3.273      R9C10B.F1 to       23.PADDO tx_c
DOPAD_DEL   ---     2.797       23.PADDO to         23.PAD tx
                  --------
                    7.991   (46.9% logic, 53.1% route), 3 logic levels.

Unconstrained Preference:
   CLOCK_TO_OUT PORT "sd_mosi" CLKNET "clk" 

Report:    7.664ns delay system/bus/byte_sd/SLICE_93 to sd_mosi

   Name    Fanout   Delay (ns)          Site               Resource
REG_DEL     ---     0.452      R5C5D.CLK to       R5C5D.Q1 system/bus/byte_sd/SLICE_93 (from clk)
ROUTE         1     1.079       R5C5D.Q1 to       R5C3C.C1 system/bus/byte_sd/tx_shift[7]
CTOF_DEL    ---     0.495       R5C3C.C1 to       R5C3C.F1 system/bus/byte_sd/SLICE_622
ROUTE         1     2.841       R5C3C.F1 to       21.PADDO sd_mosi_c
DOPAD_DEL   ---     2.797       21.PADDO to         21.PAD sd_mosi
                  --------
                    7.664   (48.9% logic, 51.1% route), 3 logic levels.

Unconstrained Preference:
   CLOCK_TO_OUT PORT "tx" CLKNET "clk" 

Report:    7.643ns delay system/bus/fixed_uart.console/SLICE_119 to tx

   Name    Fanout   Delay (ns)          Site               Resource
REG_DEL     ---     0.452     R9C10A.CLK to      R9C10A.Q0 system/bus/fixed_uart.console/SLICE_119 (from clk)
ROUTE         1     0.626      R9C10A.Q0 to      R9C10B.D1 system/bus/fixed_uart.console/tx_shift[0]
CTOF_DEL    ---     0.495      R9C10B.D1 to      R9C10B.F1 system/bus/fixed_uart.console/SLICE_123
ROUTE         1     3.273      R9C10B.F1 to       23.PADDO tx_c
DOPAD_DEL   ---     2.797       23.PADDO to         23.PAD tx
                  --------
                    7.643   (49.0% logic, 51.0% route), 3 logic levels.

Unconstrained Preference:
   CLOCK_TO_OUT PORT "gpio_key_row[3]" CLKNET "clk" 

Report:    6.486ns delay system/SLICE_158 to gpio_key_row[3]

   Name    Fanout   Delay (ns)          Site               Resource
REG_DEL     ---     0.452     R7C10C.CLK to      R7C10C.Q0 system/SLICE_158 (from clk)
ROUTE         3     1.854      R7C10C.Q0 to        1.PADDT system/bus/host_miso_oe
TDTS_DEL    ---     4.180        1.PADDT to          1.PAD gpio_key_row[3]
                  --------
                    6.486   (71.4% logic, 28.6% route), 2 logic levels.

Unconstrained Preference:
   CLOCK_TO_OUT PORT "sd_cs_n" CLKNET "clk" 

Report:    6.416ns delay system/SLICE_73 to sd_cs_n

   Name    Fanout   Delay (ns)          Site               Resource
REG_DEL     ---     0.452      R5C9D.CLK to       R5C9D.Q0 system/SLICE_73 (from clk)
ROUTE         2     3.167       R5C9D.Q0 to        5.PADDO sd_cs_n_c
DOPAD_DEL   ---     2.797        5.PADDO to          5.PAD sd_cs_n
                  --------
                    6.416   (50.6% logic, 49.4% route), 2 logic levels.

Unconstrained Preference:
   CLOCK_TO_OUT PORT "sd_sck" CLKNET "clk" 

Report:    6.110ns delay system/bus/byte_sd/SLICE_74 to sd_sck

   Name    Fanout   Delay (ns)          Site               Resource
REG_DEL     ---     0.452      R5C3B.CLK to       R5C3B.Q0 system/bus/byte_sd/SLICE_74 (from clk)
ROUTE         5     2.861       R5C3B.Q0 to       27.PADDO sd_sck_c
DOPAD_DEL   ---     2.797       27.PADDO to         27.PAD sd_sck
                  --------
                    6.110   (53.2% logic, 46.8% route), 2 logic levels.

Unconstrained Preference:
   CLOCK_TO_OUT PORT "gpio_din" CLKNET "clk" 

Report:    6.026ns delay system/SLICE_67 to gpio_din

   Name    Fanout   Delay (ns)          Site               Resource
REG_DEL     ---     0.452      R7C6C.CLK to       R7C6C.Q0 system/SLICE_67 (from clk)
ROUTE         3     2.777       R7C6C.Q0 to       16.PADDO gpio_din_c
DOPAD_DEL   ---     2.797       16.PADDO to         16.PAD gpio_din
                  --------
                    6.026   (53.9% logic, 46.1% route), 2 logic levels.

Unconstrained Preference:
   CLOCK_TO_OUT PORT "gpio_key_row[3]" CLKNET "clk" 

Report:    5.506ns delay system/SLICE_71 to gpio_key_row[3]

   Name    Fanout   Delay (ns)          Site               Resource
REG_DEL     ---     0.452     R7C10B.CLK to      R7C10B.Q0 system/SLICE_71 (from clk)
ROUTE         3     2.257      R7C10B.Q0 to        1.PADDO host_miso
DOPAD_DEL   ---     2.797        1.PADDO to          1.PAD gpio_key_row[3]
                  --------
                    5.506   (59.0% logic, 41.0% route), 2 logic levels.

Unconstrained Preference:
   CLOCK_TO_OUT PORT "gpio_reg_latch" CLKNET "clk" 

Report:    5.186ns delay system/SLICE_69 to gpio_reg_latch

   Name    Fanout   Delay (ns)          Site               Resource
REG_DEL     ---     0.452     R5C10C.CLK to      R5C10C.Q0 system/SLICE_69 (from clk)
ROUTE         3     1.937      R5C10C.Q0 to       20.PADDO gpio_reg_latch_c
DOPAD_DEL   ---     2.797       20.PADDO to         20.PAD gpio_reg_latch
                  --------
                    5.186   (62.6% logic, 37.4% route), 2 logic levels.

Unconstrained Preference:
   CLOCK_TO_OUT PORT "gpio_clk" CLKNET "clk" 

Report:    4.993ns delay system/SLICE_66 to gpio_clk

   Name    Fanout   Delay (ns)          Site               Resource
REG_DEL     ---     0.452      R8C7A.CLK to       R8C7A.Q0 system/SLICE_66 (from clk)
ROUTE         3     1.744       R8C7A.Q0 to       12.PADDO gpio_clk_c
DOPAD_DEL   ---     2.797       12.PADDO to         12.PAD gpio_clk
                  --------
                    4.993   (65.1% logic, 34.9% route), 2 logic levels.

Unconstrained Preference:
   CLOCK_TO_OUT PORT "gpio_rs" CLKNET "clk" 

Report:    4.992ns delay system/SLICE_70 to gpio_rs

   Name    Fanout   Delay (ns)          Site               Resource
REG_DEL     ---     0.452      R8C7B.CLK to       R8C7B.Q0 system/SLICE_70 (from clk)
ROUTE         3     1.743       R8C7B.Q0 to       11.PADDO gpio_rs_c
DOPAD_DEL   ---     2.797       11.PADDO to         11.PAD gpio_rs
                  --------
                    4.992   (65.1% logic, 34.9% route), 2 logic levels.

Unconstrained Preference:
   CLOCK_TO_OUT PORT "gpio_mcs" CLKNET "clk" 

Report:    4.904ns delay system/bus/guest_memory/SLICE_68 to gpio_mcs

   Name    Fanout   Delay (ns)          Site               Resource
REG_DEL     ---     0.452      R8C3A.CLK to       R8C3A.Q0 system/bus/guest_memory/SLICE_68 (from clk)
ROUTE         3     1.655       R8C3A.Q0 to        8.PADDO gpio_mcs_c
DOPAD_DEL   ---     2.797        8.PADDO to          8.PAD gpio_mcs
                  --------
                    4.904   (66.3% logic, 33.7% route), 2 logic levels.

Unconstrained Preference:
   CLOCK_TO_OUT PORT "gpio_ce" CLKNET "clk" 

Report:    4.898ns delay system/SLICE_65 to gpio_ce

   Name    Fanout   Delay (ns)          Site               Resource
REG_DEL     ---     0.452     R8C10A.CLK to      R8C10A.Q0 system/SLICE_65 (from clk)
ROUTE         3     1.649      R8C10A.Q0 to       14.PADDO gpio_ce_c
DOPAD_DEL   ---     2.797       14.PADDO to         14.PAD gpio_ce
                  --------
                    4.898   (66.3% logic, 33.7% route), 2 logic levels.

Unconstrained Preference:
   CLOCK_TO_OUT PORT "gpio_blank" CLKNET "clk" 

Report:    4.823ns delay system/SLICE_64 to gpio_blank

   Name    Fanout   Delay (ns)          Site               Resource
REG_DEL     ---     0.452     R8C10B.CLK to      R8C10B.Q0 system/SLICE_64 (from clk)
ROUTE         2     1.574      R8C10B.Q0 to       13.PADDO gpio_blank_c
DOPAD_DEL   ---     2.797       13.PADDO to         13.PAD gpio_blank
                  --------
                    4.823   (67.4% logic, 32.6% route), 2 logic levels.

Unconstrained Preference:
   CLOCK_TO_OUT PORT "gpio_msck" CLKNET "clk" 

Report:    4.084ns delay gpio_msck_MGIOL to gpio_msck

   Name    Fanout   Delay (ns)          Site               Resource
C2OUT_DEL   ---     1.244    IOL_B6C.CLK to  IOL_B6C.IOLDO gpio_msck_MGIOL (from clk)
ROUTE         1     0.043  IOL_B6C.IOLDO to        9.IOLDO gpio_msck_c
OP0PAD_DEL  ---     2.797        9.IOLDO to          9.PAD gpio_msck
                  --------
                    4.084   (98.9% logic, 1.1% route), 2 logic levels.

Unconstrained Preference:
   CLOCK_TO_OUT PORT "gpio_mosi" CLKNET "clk" 

Report:    3.407ns delay gpio_mosi_MGIOL to gpio_mosi

   Name    Fanout   Delay (ns)          Site               Resource
C2OUT_DEL   ---     0.567   IOL_B20D.CLK to IOL_B20D.IOLDO gpio_mosi_MGIOL (from clk)
ROUTE         1     0.043 IOL_B20D.IOLDO to       17.IOLDO gpio_mosi_c
OP0PAD_DEL  ---     2.797       17.IOLDO to         17.PAD gpio_mosi
                  --------
                    3.407   (98.7% logic, 1.3% route), 2 logic levels.


================================================================================
Preference: Unconstrained: MAXDELAY
            0 unconstrained paths found
--------------------------------------------------------------------------------

Report Summary
--------------
----------------------------------------------------------------------------
Preference                              |   Constraint|       Actual|Levels
----------------------------------------------------------------------------
                                        |             |             |
FREQUENCY NET "clk" 29.559999 MHz ;     |   29.560 MHz|   31.370 MHz|  17  
                                        |             |             |
----------------------------------------------------------------------------


All preferences were met.


Clock Domains Analysis
------------------------

Found 1 clocks:

Clock Domain: clk   Source: oscillator.OSC   Loads: 245
   Covered under: FREQUENCY NET "clk" 29.559999 MHz ;


--------------------------------------------------------------------------------
                Connections not covered by the preferences
--------------------------------------------------------------------------------

     Delay                        Element                 Net

    0.565ns pio_key_row[0].PADDI to _key_row[0]_MGIOL.DI gpio_key_row_in[0]
    0.565ns        sd_miso.PADDI to     sd_miso_MGIOL.DI sd_miso_c
    0.565ns             rx.PADDI to          rx_MGIOL.DI rx_c
    1.908ns      gpio_miso.PADDI to _memory/SLICE_131.A0 gpio_miso_c
    1.936ns      gpio_miso.PADDI to tem/bus/SLICE_432.M0 gpio_miso_c
    0.384ns      gpio_miso.PADDI to   gpio_miso_MGIOL.DI gpio_miso_c
    0.565ns pio_key_row[1].PADDI to _key_row[1]_MGIOL.DI gpio_key_row_in[1]
    0.565ns pio_key_row[2].PADDI to _key_row[2]_MGIOL.DI gpio_key_row_in[2]
    0.565ns pio_key_row[3].PADDI to _key_row[3]_MGIOL.DI gpio_key_row_in[3]
    3.613ns            res.PADDI to        SLICE_381.LSR res_c

--------------------------------------------------------------------------------


Timing summary (Setup):
---------------

Timing errors: 0  Score: 0
Cumulative negative slack: 0

Constraints cover 3047680 paths, 1 nets, and 5417 connections (99.82% coverage)

--------------------------------------------------------------------------------
Lattice TRACE Report - Hold, Version Diamond (64-bit) 3.14.0.75.2
Sat Sep 12 14:27:14 2026

Copyright (c) 1991-1994 by NeoCAD Inc. All rights reserved.
Copyright (c) 1995 AT&T Corp.   All rights reserved.
Copyright (c) 1995-2001 Lucent Technologies Inc.  All rights reserved.
Copyright (c) 2001 Agere Systems   All rights reserved.
Copyright (c) 2002-2024 Lattice Semiconductor Corporation,  All rights reserved.

Report Information
------------------
Command line:    trce -v 10 -c -u 0 -gt -sethld -sp 4 -sphld m -o cp59a_impl1.twr cp59a_impl1.ncd cp59a_impl1.prf 
Design file:     cp59a_impl1.ncd
Preference file: cp59a_impl1.prf
Device,speed:    LCMXO2-1200HC,m
Report level:    verbose report, limited to 10 items per preference
--------------------------------------------------------------------------------

BLOCK ASYNCPATHS
BLOCK RESETPATHS
--------------------------------------------------------------------------------



================================================================================
Preference: FREQUENCY NET "clk" 29.559999 MHz ;
            4096 items scored, 0 timing errors detected.
--------------------------------------------------------------------------------


Passed: The following path meets requirements by 0.292ns

 Logical Details:  Cell type  Pin type       Cell/ASIC name  (clock net +/-)

   Source:         Sync_RAM   Q              system/cpu/engine/dp/rf/words_ram/RAM0  (from clk +)
   Destination:    FF         Data in        system/cpu/engine/service_ready[0]  (to clk +)

   Delay:               0.279ns  (98.9% logic, 1.1% route), 1 logic levels.

 Constraint Details:

      0.279ns physical path delay system/cpu/engine/SLICE_44 to system/cpu/engine/SLICE_44 meets
     -0.013ns DIN_HLD and
      0.000ns delay constraint less
      0.000ns skew requirement (totaling -0.013ns) by 0.292ns

 Physical Path Details:

      Data path system/cpu/engine/SLICE_44 to system/cpu/engine/SLICE_44:

   Name    Fanout   Delay (ns)          Site               Resource
CLKTOF_DEL  ---     0.276      R2C8A.WCK to       R2C8A.F0 system/cpu/engine/SLICE_44 (from clk)
ROUTE        52     0.003       R2C8A.F0 to      R2C8A.DI0 system/address[0] (to clk)
                  --------
                    0.279   (98.9% logic, 1.1% route), 1 logic levels.

 Clock Skew Details: 

      Source Clock Path oscillator to system/cpu/engine/SLICE_44:

   Name    Fanout   Delay (ns)          Site               Resource
ROUTE       245     1.216        OSC.OSC to      R2C8A.WCK clk
                  --------
                    1.216   (0.0% logic, 100.0% route), 0 logic levels.

      Destination Clock Path oscillator to system/cpu/engine/SLICE_44:

   Name    Fanout   Delay (ns)          Site               Resource
ROUTE       245     1.216        OSC.OSC to      R2C8A.CLK clk
                  --------
                    1.216   (0.0% logic, 100.0% route), 0 logic levels.


Passed: The following path meets requirements by 0.295ns

 Logical Details:  Cell type  Pin type       Cell/ASIC name  (clock net +/-)

   Source:         Sync_RAM   Q              system/cpu/engine/dp/rf/words_ram/RAM0  (from clk +)
   Destination:    FF         Data in        system/cpu/engine/service_ready[1]  (to clk +)

   Delay:               0.282ns  (97.9% logic, 2.1% route), 1 logic levels.

 Constraint Details:

      0.282ns physical path delay system/cpu/engine/SLICE_44 to system/cpu/engine/SLICE_44 meets
     -0.013ns DIN_HLD and
      0.000ns delay constraint less
      0.000ns skew requirement (totaling -0.013ns) by 0.295ns

 Physical Path Details:

      Data path system/cpu/engine/SLICE_44 to system/cpu/engine/SLICE_44:

   Name    Fanout   Delay (ns)          Site               Resource
CLKTOF_DEL  ---     0.276      R2C8A.WCK to       R2C8A.F1 system/cpu/engine/SLICE_44 (from clk)
ROUTE        40     0.006       R2C8A.F1 to      R2C8A.DI1 system/address[1] (to clk)
                  --------
                    0.282   (97.9% logic, 2.1% route), 1 logic levels.

 Clock Skew Details: 

      Source Clock Path oscillator to system/cpu/engine/SLICE_44:

   Name    Fanout   Delay (ns)          Site               Resource
ROUTE       245     1.216        OSC.OSC to      R2C8A.WCK clk
                  --------
                    1.216   (0.0% logic, 100.0% route), 0 logic levels.

      Destination Clock Path oscillator to system/cpu/engine/SLICE_44:

   Name    Fanout   Delay (ns)          Site               Resource
ROUTE       245     1.216        OSC.OSC to      R2C8A.CLK clk
                  --------
                    1.216   (0.0% logic, 100.0% route), 0 logic levels.


Passed: The following path meets requirements by 0.304ns

 Logical Details:  Cell type  Pin type       Cell/ASIC name  (clock net +/-)

   Source:         FF         Q              reset_sync[1]  (from clk +)
   Destination:    FF         Data in        reset_sync[0]  (to clk +)

   Delay:               0.285ns  (46.7% logic, 53.3% route), 1 logic levels.

 Constraint Details:

      0.285ns physical path delay SLICE_381 to SLICE_381 meets
     -0.019ns M_HLD and
      0.000ns delay constraint less
      0.000ns skew requirement (totaling -0.019ns) by 0.304ns

 Physical Path Details:

      Data path SLICE_381 to SLICE_381:

   Name    Fanout   Delay (ns)          Site               Resource
REG_DEL     ---     0.133     R5C14A.CLK to      R5C14A.Q1 SLICE_381 (from clk)
ROUTE         1     0.152      R5C14A.Q1 to      R5C14A.M0 reset_sync[1] (to clk)
                  --------
                    0.285   (46.7% logic, 53.3% route), 1 logic levels.

 Clock Skew Details: 

      Source Clock Path oscillator to SLICE_381:

   Name    Fanout   Delay (ns)          Site               Resource
ROUTE       245     1.216        OSC.OSC to     R5C14A.CLK clk
                  --------
                    1.216   (0.0% logic, 100.0% route), 0 logic levels.

      Destination Clock Path oscillator to SLICE_381:

   Name    Fanout   Delay (ns)          Site               Resource
ROUTE       245     1.216        OSC.OSC to     R5C14A.CLK clk
                  --------
                    1.216   (0.0% logic, 100.0% route), 0 logic levels.


Passed: The following path meets requirements by 0.304ns

 Logical Details:  Cell type  Pin type       Cell/ASIC name  (clock net +/-)

   Source:         FF         Q              system/bus/fixed_uart.console/cts_sync[0]  (from clk +)
   Destination:    FF         Data in        system/bus/fixed_uart.console/cts_sync[1]  (to clk +)

   Delay:               0.285ns  (46.7% logic, 53.3% route), 1 logic levels.

 Constraint Details:

      0.285ns physical path delay system/bus/fixed_uart.console/SLICE_94 to system/bus/fixed_uart.console/SLICE_94 meets
     -0.019ns M_HLD and
      0.000ns delay constraint less
      0.000ns skew requirement (totaling -0.019ns) by 0.304ns

 Physical Path Details:

      Data path system/bus/fixed_uart.console/SLICE_94 to system/bus/fixed_uart.console/SLICE_94:

   Name    Fanout   Delay (ns)          Site               Resource
REG_DEL     ---     0.133    R10C10D.CLK to     R10C10D.Q0 system/bus/fixed_uart.console/SLICE_94 (from clk)
ROUTE         1     0.152     R10C10D.Q0 to     R10C10D.M1 system/bus/fixed_uart.console/cts_sync[0] (to clk)
                  --------
                    0.285   (46.7% logic, 53.3% route), 1 logic levels.

 Clock Skew Details: 

      Source Clock Path oscillator to system/bus/fixed_uart.console/SLICE_94:

   Name    Fanout   Delay (ns)          Site               Resource
ROUTE       245     1.216        OSC.OSC to    R10C10D.CLK clk
                  --------
                    1.216   (0.0% logic, 100.0% route), 0 logic levels.

      Destination Clock Path oscillator to system/bus/fixed_uart.console/SLICE_94:

   Name    Fanout   Delay (ns)          Site               Resource
ROUTE       245     1.216        OSC.OSC to    R10C10D.CLK clk
                  --------
                    1.216   (0.0% logic, 100.0% route), 0 logic levels.


Passed: The following path meets requirements by 0.304ns

 Logical Details:  Cell type  Pin type       Cell/ASIC name  (clock net +/-)

   Source:         FF         Q              system/bus/fixed_uart.console/rx_shift[0]  (from clk +)
   Destination:    FF         Data in        system/bus/fixed_uart.console/rx_buffer[0]  (to clk +)

   Delay:               0.285ns  (46.7% logic, 53.3% route), 1 logic levels.

 Constraint Details:

      0.285ns physical path delay system/bus/fixed_uart.console/SLICE_603 to system/bus/fixed_uart.console/SLICE_413 meets
     -0.019ns M_HLD and
      0.000ns delay constraint less
      0.000ns skew requirement (totaling -0.019ns) by 0.304ns

 Physical Path Details:

      Data path system/bus/fixed_uart.console/SLICE_603 to system/bus/fixed_uart.console/SLICE_413:

   Name    Fanout   Delay (ns)          Site               Resource
REG_DEL     ---     0.133     R10C9B.CLK to      R10C9B.Q0 system/bus/fixed_uart.console/SLICE_603 (from clk)
ROUTE         1     0.152      R10C9B.Q0 to      R10C9C.M0 system/bus/fixed_uart.console/rx_shift[0] (to clk)
                  --------
                    0.285   (46.7% logic, 53.3% route), 1 logic levels.

 Clock Skew Details: 

      Source Clock Path oscillator to system/bus/fixed_uart.console/SLICE_603:

   Name    Fanout   Delay (ns)          Site               Resource
ROUTE       245     1.216        OSC.OSC to     R10C9B.CLK clk
                  --------
                    1.216   (0.0% logic, 100.0% route), 0 logic levels.

      Destination Clock Path oscillator to system/bus/fixed_uart.console/SLICE_413:

   Name    Fanout   Delay (ns)          Site               Resource
ROUTE       245     1.216        OSC.OSC to     R10C9C.CLK clk
                  --------
                    1.216   (0.0% logic, 100.0% route), 0 logic levels.


Passed: The following path meets requirements by 0.306ns

 Logical Details:  Cell type  Pin type       Cell/ASIC name  (clock net +/-)

   Source:         FF         Q              system/bus/timebase/state[17]  (from clk +)
   Destination:    FF         Data in        system/bus/timebase/state[18]  (to clk +)

   Delay:               0.287ns  (46.3% logic, 53.7% route), 1 logic levels.

 Constraint Details:

      0.287ns physical path delay SLICE_189 to SLICE_189 meets
     -0.019ns M_HLD and
      0.000ns delay constraint less
      0.000ns skew requirement (totaling -0.019ns) by 0.306ns

 Physical Path Details:

      Data path SLICE_189 to SLICE_189:

   Name    Fanout   Delay (ns)          Site               Resource
REG_DEL     ---     0.133    R10C19A.CLK to     R10C19A.Q0 SLICE_189 (from clk)
ROUTE         2     0.154     R10C19A.Q0 to     R10C19A.M1 system/bus/timebase/state[17] (to clk)
                  --------
                    0.287   (46.3% logic, 53.7% route), 1 logic levels.

 Clock Skew Details: 

      Source Clock Path oscillator to SLICE_189:

   Name    Fanout   Delay (ns)          Site               Resource
ROUTE       245     1.216        OSC.OSC to    R10C19A.CLK clk
                  --------
                    1.216   (0.0% logic, 100.0% route), 0 logic levels.

      Destination Clock Path oscillator to SLICE_189:

   Name    Fanout   Delay (ns)          Site               Resource
ROUTE       245     1.216        OSC.OSC to    R10C19A.CLK clk
                  --------
                    1.216   (0.0% logic, 100.0% route), 0 logic levels.


Passed: The following path meets requirements by 0.306ns

 Logical Details:  Cell type  Pin type       Cell/ASIC name  (clock net +/-)

   Source:         FF         Q              system/bus/byte_sd/rx_shift[4]  (from clk +)
   Destination:    FF         Data in        system/bus/byte_sd/rdata_1[4]  (to clk +)

   Delay:               0.287ns  (46.3% logic, 53.7% route), 1 logic levels.

 Constraint Details:

      0.287ns physical path delay system/bus/byte_sd/SLICE_419 to system/bus/byte_sd/SLICE_418 meets
     -0.019ns M_HLD and
      0.000ns delay constraint less
      0.000ns skew requirement (totaling -0.019ns) by 0.306ns

 Physical Path Details:

      Data path system/bus/byte_sd/SLICE_419 to system/bus/byte_sd/SLICE_418:

   Name    Fanout   Delay (ns)          Site               Resource
REG_DEL     ---     0.133      R4C3D.CLK to       R4C3D.Q1 system/bus/byte_sd/SLICE_419 (from clk)
ROUTE         2     0.154       R4C3D.Q1 to       R4C3B.M0 system/bus/byte_sd/rdata_8[4] (to clk)
                  --------
                    0.287   (46.3% logic, 53.7% route), 1 logic levels.

 Clock Skew Details: 

      Source Clock Path oscillator to system/bus/byte_sd/SLICE_419:

   Name    Fanout   Delay (ns)          Site               Resource
ROUTE       245     1.216        OSC.OSC to      R4C3D.CLK clk
                  --------
                    1.216   (0.0% logic, 100.0% route), 0 logic levels.

      Destination Clock Path oscillator to system/bus/byte_sd/SLICE_418:

   Name    Fanout   Delay (ns)          Site               Resource
ROUTE       245     1.216        OSC.OSC to      R4C3B.CLK clk
                  --------
                    1.216   (0.0% logic, 100.0% route), 0 logic levels.


Passed: The following path meets requirements by 0.306ns

 Logical Details:  Cell type  Pin type       Cell/ASIC name  (clock net +/-)

   Source:         FF         Q              system/bus/fixed_uart.console/rx_shift[6]  (from clk +)
   Destination:    FF         Data in        system/bus/fixed_uart.console/rx_buffer[6]  (to clk +)

   Delay:               0.287ns  (46.3% logic, 53.7% route), 1 logic levels.

 Constraint Details:

      0.287ns physical path delay system/bus/fixed_uart.console/SLICE_586 to system/bus/fixed_uart.console/SLICE_654 meets
     -0.019ns M_HLD and
      0.000ns delay constraint less
      0.000ns skew requirement (totaling -0.019ns) by 0.306ns

 Physical Path Details:

      Data path system/bus/fixed_uart.console/SLICE_586 to system/bus/fixed_uart.console/SLICE_654:

   Name    Fanout   Delay (ns)          Site               Resource
REG_DEL     ---     0.133    R10C11D.CLK to     R10C11D.Q0 system/bus/fixed_uart.console/SLICE_586 (from clk)
ROUTE         2     0.154     R10C11D.Q0 to     R10C11C.M0 system/bus/fixed_uart.console/rx_shift[6] (to clk)
                  --------
                    0.287   (46.3% logic, 53.7% route), 1 logic levels.

 Clock Skew Details: 

      Source Clock Path oscillator to system/bus/fixed_uart.console/SLICE_586:

   Name    Fanout   Delay (ns)          Site               Resource
ROUTE       245     1.216        OSC.OSC to    R10C11D.CLK clk
                  --------
                    1.216   (0.0% logic, 100.0% route), 0 logic levels.

      Destination Clock Path oscillator to system/bus/fixed_uart.console/SLICE_654:

   Name    Fanout   Delay (ns)          Site               Resource
ROUTE       245     1.216        OSC.OSC to    R10C11C.CLK clk
                  --------
                    1.216   (0.0% logic, 100.0% route), 0 logic levels.


Passed: The following path meets requirements by 0.306ns

 Logical Details:  Cell type  Pin type       Cell/ASIC name  (clock net +/-)

   Source:         FF         Q              system/bus/byte_sd/rx_shift[2]  (from clk +)
   Destination:    FF         Data in        system/bus/byte_sd/rx_shift[3]  (to clk +)

   Delay:               0.287ns  (46.3% logic, 53.7% route), 1 logic levels.

 Constraint Details:

      0.287ns physical path delay system/bus/byte_sd/SLICE_587 to system/bus/byte_sd/SLICE_419 meets
     -0.019ns M_HLD and
      0.000ns delay constraint less
      0.000ns skew requirement (totaling -0.019ns) by 0.306ns

 Physical Path Details:

      Data path system/bus/byte_sd/SLICE_587 to system/bus/byte_sd/SLICE_419:

   Name    Fanout   Delay (ns)          Site               Resource
REG_DEL     ---     0.133      R4C3C.CLK to       R4C3C.Q1 system/bus/byte_sd/SLICE_587 (from clk)
ROUTE         2     0.154       R4C3C.Q1 to       R4C3D.M0 system/bus/byte_sd/rdata_8[2] (to clk)
                  --------
                    0.287   (46.3% logic, 53.7% route), 1 logic levels.

 Clock Skew Details: 

      Source Clock Path oscillator to system/bus/byte_sd/SLICE_587:

   Name    Fanout   Delay (ns)          Site               Resource
ROUTE       245     1.216        OSC.OSC to      R4C3C.CLK clk
                  --------
                    1.216   (0.0% logic, 100.0% route), 0 logic levels.

      Destination Clock Path oscillator to system/bus/byte_sd/SLICE_419:

   Name    Fanout   Delay (ns)          Site               Resource
ROUTE       245     1.216        OSC.OSC to      R4C3D.CLK clk
                  --------
                    1.216   (0.0% logic, 100.0% route), 0 logic levels.


Passed: The following path meets requirements by 0.306ns

 Logical Details:  Cell type  Pin type       Cell/ASIC name  (clock net +/-)

   Source:         FF         Q              system/bus/fixed_uart.console/rx_shift[1]  (from clk +)
   Destination:    FF         Data in        system/bus/fixed_uart.console/rx_shift[0]  (to clk +)

   Delay:               0.287ns  (46.3% logic, 53.7% route), 1 logic levels.

 Constraint Details:

      0.287ns physical path delay system/bus/fixed_uart.console/SLICE_603 to system/bus/fixed_uart.console/SLICE_603 meets
     -0.019ns M_HLD and
      0.000ns delay constraint less
      0.000ns skew requirement (totaling -0.019ns) by 0.306ns

 Physical Path Details:

      Data path system/bus/fixed_uart.console/SLICE_603 to system/bus/fixed_uart.console/SLICE_603:

   Name    Fanout   Delay (ns)          Site               Resource
REG_DEL     ---     0.133     R10C9B.CLK to      R10C9B.Q1 system/bus/fixed_uart.console/SLICE_603 (from clk)
ROUTE         2     0.154      R10C9B.Q1 to      R10C9B.M0 system/bus/fixed_uart.console/rx_shift[1] (to clk)
                  --------
                    0.287   (46.3% logic, 53.7% route), 1 logic levels.

 Clock Skew Details: 

      Source Clock Path oscillator to system/bus/fixed_uart.console/SLICE_603:

   Name    Fanout   Delay (ns)          Site               Resource
ROUTE       245     1.216        OSC.OSC to     R10C9B.CLK clk
                  --------
                    1.216   (0.0% logic, 100.0% route), 0 logic levels.

      Destination Clock Path oscillator to system/bus/fixed_uart.console/SLICE_603:

   Name    Fanout   Delay (ns)          Site               Resource
ROUTE       245     1.216        OSC.OSC to     R10C9B.CLK clk
                  --------
                    1.216   (0.0% logic, 100.0% route), 0 logic levels.

Report Summary
--------------
----------------------------------------------------------------------------
Preference(MIN Delays)                  |   Constraint|       Actual|Levels
----------------------------------------------------------------------------
                                        |             |             |
FREQUENCY NET "clk" 29.559999 MHz ;     |     0.000 ns|     0.292 ns|   1  
                                        |             |             |
----------------------------------------------------------------------------


All preferences were met.


Clock Domains Analysis
------------------------

Found 1 clocks:

Clock Domain: clk   Source: oscillator.OSC   Loads: 245
   Covered under: FREQUENCY NET "clk" 29.559999 MHz ;


--------------------------------------------------------------------------------
                Connections not covered by the preferences
--------------------------------------------------------------------------------

     Delay                        Element                 Net

    0.177ns pio_key_row[0].PADDI to _key_row[0]_MGIOL.DI gpio_key_row_in[0]
    0.177ns        sd_miso.PADDI to     sd_miso_MGIOL.DI sd_miso_c
    0.177ns             rx.PADDI to          rx_MGIOL.DI rx_c
    0.623ns      gpio_miso.PADDI to _memory/SLICE_131.A0 gpio_miso_c
    0.635ns      gpio_miso.PADDI to tem/bus/SLICE_432.M0 gpio_miso_c
    0.127ns      gpio_miso.PADDI to   gpio_miso_MGIOL.DI gpio_miso_c
    0.177ns pio_key_row[1].PADDI to _key_row[1]_MGIOL.DI gpio_key_row_in[1]
    0.177ns pio_key_row[2].PADDI to _key_row[2]_MGIOL.DI gpio_key_row_in[2]
    0.177ns pio_key_row[3].PADDI to _key_row[3]_MGIOL.DI gpio_key_row_in[3]
    1.204ns            res.PADDI to        SLICE_381.LSR res_c

--------------------------------------------------------------------------------


Timing summary (Hold):
---------------

Timing errors: 0  Score: 0
Cumulative negative slack: 0

Constraints cover 3047680 paths, 1 nets, and 5417 connections (99.82% coverage)



Timing summary (Setup and Hold):
---------------

Timing errors: 0 (setup), 0 (hold)
Score: 0 (setup), 0 (hold)
Cumulative negative slack: 0 (0+0)
--------------------------------------------------------------------------------

--------------------------------------------------------------------------------

