
Loading design for application trce from file cp54a_impl1.ncd.
Design name: uj11_hc1200_microcomp
NCD version: 3.3
Vendor:      LATTICE
Device:      LCMXO2-1200HC
Package:     QFN32
Performance: 4
Loading device for application trce from file 'xo2c1200.nph' in environment: /home/sash/.local/lscc/diamond/3.14/ispfpga.
Package Status:                     Final          Version 1.44.
Performance Hardware Data Status:   Final          Version 36.4.
Setup and Hold Report

--------------------------------------------------------------------------------
Lattice TRACE Report - Setup, Version Diamond (64-bit) 3.14.0.75.2
Fri Sep 11 14:21:13 2026

Copyright (c) 1991-1994 by NeoCAD Inc. All rights reserved.
Copyright (c) 1995 AT&T Corp.   All rights reserved.
Copyright (c) 1995-2001 Lucent Technologies Inc.  All rights reserved.
Copyright (c) 2001 Agere Systems   All rights reserved.
Copyright (c) 2002-2024 Lattice Semiconductor Corporation,  All rights reserved.

Report Information
------------------
Command line:    trce -v 10 -c -u 0 -gt -sethld -sp 4 -sphld m -o cp54a_impl1.twr cp54a_impl1.ncd cp54a_impl1.prf 
Design file:     cp54a_impl1.ncd
Preference file: cp54a_impl1.prf
Device,speed:    LCMXO2-1200HC,4
Report level:    verbose report, limited to 10 items per preference
--------------------------------------------------------------------------------

BLOCK ASYNCPATHS
BLOCK RESETPATHS
--------------------------------------------------------------------------------



================================================================================
Preference: FREQUENCY NET "clk" 29.560000 MHz ;
            4096 items scored, 0 timing errors detected.
--------------------------------------------------------------------------------


Passed: The following path meets requirements by 2.107ns

 Logical Details:  Cell type  Pin type       Cell/ASIC name  (clock net +/-)

   Source:         DP8KC      Port           system/cpu/engine/rom/lane_2(ASIC)  (from clk +)
   Destination:    DP8KC      Port           system/cpu/sync_decode.decode/table_rom/lane_0(ASIC)  (to clk +)

   Delay:              31.748ns  (38.7% logic, 61.3% route), 16 logic levels.

 Constraint Details:

     31.748ns physical path delay system/cpu/engine/rom/lane_2 to system/cpu/sync_decode.decode/table_rom/lane_0 meets
     33.829ns delay constraint less
      0.000ns skew and
     -0.026ns ADDR_SET requirement (totaling 33.855ns) by 2.107ns

 Physical Path Details:

      Data path system/cpu/engine/rom/lane_2 to system/cpu/sync_decode.decode/table_rom/lane_0:

   Name    Fanout   Delay (ns)          Site               Resource
C2Q_DEL     ---     4.979  EBR_R6C1.CLKA to  EBR_R6C1.DOA8 system/cpu/engine/rom/lane_2 (from clk)
ROUTE         4     1.390  EBR_R6C1.DOA8 to       R5C6D.D1 system/cpu/engine/a_select_2[0]
CTOF_DEL    ---     0.495       R5C6D.D1 to       R5C6D.F1 system/cpu/engine/SLICE_406
ROUTE         1     1.004       R5C6D.F1 to       R5C6D.B0 system/cpu/engine/un6_select_register[0]
CTOF_DEL    ---     0.495       R5C6D.B0 to       R5C6D.F0 system/cpu/engine/SLICE_406
ROUTE        16     1.856       R5C6D.F0 to       R7C6B.A0 system/cpu/engine/select_register_5[0]
CTOF_DEL    ---     0.495       R7C6B.A0 to       R7C6B.F0 system/cpu/engine/dp/rf/words_ram_2/SLICE_48
ROUTE        11     2.325       R7C6B.F0 to      R7C15D.A0 system/address[14]
CTOF_DEL    ---     0.495      R7C15D.A0 to      R7C15D.F0 system/bus/SLICE_635
ROUTE         3     1.173      R7C15D.F0 to      R8C18B.D0 system/un1_address_29_6
CTOF_DEL    ---     0.495      R8C18B.D0 to      R8C18B.F0 system/bus/SLICE_475
ROUTE         8     0.783      R8C18B.F0 to      R7C18D.C1 system/bus/un1_address_29_13
CTOF_DEL    ---     0.495      R7C18D.C1 to      R7C18D.F1 system/bus/SLICE_363
ROUTE         3     1.079      R7C18D.F1 to      R8C17B.D1 system/bus/un1_address_36
CTOF_DEL    ---     0.495      R8C17B.D1 to      R8C17B.F1 system/bus/SLICE_440
ROUTE         1     1.023      R8C17B.F1 to      R8C15C.B1 system/bus/un1_boot_release_armed_2_1
CTOF_DEL    ---     0.495      R8C15C.B1 to      R8C15C.F1 system/bus/SLICE_450
ROUTE         3     0.975      R8C15C.F1 to      R9C14C.D1 system/bus/un1_boot_release_armed_2
CTOF_DEL    ---     0.495      R9C14C.D1 to      R9C14C.F1 system/bus/SLICE_372
ROUTE         3     0.984      R9C14C.F1 to      R9C14A.A0 system/bus/un1_boot_release_armed_2_RNIL962L
CTOF_DEL    ---     0.495      R9C14A.A0 to      R9C14A.F0 system/bus/SLICE_428
ROUTE        19     0.689      R9C14A.F0 to      R9C14A.A1 system/bus/un1_address_1_11_0_o2_RNIPPTUV
CTOF_DEL    ---     0.495      R9C14A.A1 to      R9C14A.F1 system/bus/SLICE_428
ROUTE        16     1.839      R9C14A.F1 to      R9C18C.M0 system/bus/service_program_selected_0_a2_2_RNI9MN462
MTOOFX_DEL  ---     0.376      R9C18C.M0 to    R9C18C.OFX0 system/bus/rdatadup[13]/SLICE_276
ROUTE         6     1.041    R9C18C.OFX0 to      R9C19A.B0 system/rdatadup[13]
CTOF_DEL    ---     0.495      R9C19A.B0 to      R9C19A.F0 system/cpu/sync_decode.decode/SLICE_636
ROUTE         1     0.693      R9C19A.F0 to      R9C19B.B1 system/cpu/sync_decode.decode/un16_index_1_fc
CTOF_DEL    ---     0.495      R9C19B.B1 to      R9C19B.F1 system/cpu/sync_decode.decode/SLICE_562
ROUTE         9     1.021      R9C19B.F1 to      R8C19A.A1 system/cpu/sync_decode.decode/un1_incoming_1
CTOF_DEL    ---     0.495      R8C19A.A1 to      R8C19A.F1 system/cpu/sync_decode.decode/SLICE_561
ROUTE         1     1.588      R8C19A.F1 to EBR_R6C17.ADA3 system/cpu/sync_decode.decode/index[0] (to clk)
                  --------
                   31.748   (38.7% logic, 61.3% route), 16 logic levels.

 Clock Skew Details: 

      Source Clock Path oscillator to system/cpu/engine/rom/lane_2:

   Name    Fanout   Delay (ns)          Site               Resource
ROUTE       244     3.714        OSC.OSC to  EBR_R6C1.CLKA clk
                  --------
                    3.714   (0.0% logic, 100.0% route), 0 logic levels.

      Destination Clock Path oscillator to system/cpu/sync_decode.decode/table_rom/lane_0:

   Name    Fanout   Delay (ns)          Site               Resource
ROUTE       244     3.714        OSC.OSC to EBR_R6C17.CLKA clk
                  --------
                    3.714   (0.0% logic, 100.0% route), 0 logic levels.


Passed: The following path meets requirements by 2.112ns

 Logical Details:  Cell type  Pin type       Cell/ASIC name  (clock net +/-)

   Source:         DP8KC      Port           system/cpu/engine/rom/lane_2(ASIC)  (from clk +)
   Destination:    DP8KC      Port           system/cpu/sync_decode.decode/table_rom/lane_0(ASIC)  (to clk +)

   Delay:              31.743ns  (38.7% logic, 61.3% route), 16 logic levels.

 Constraint Details:

     31.743ns physical path delay system/cpu/engine/rom/lane_2 to system/cpu/sync_decode.decode/table_rom/lane_0 meets
     33.829ns delay constraint less
      0.000ns skew and
     -0.026ns ADDR_SET requirement (totaling 33.855ns) by 2.112ns

 Physical Path Details:

      Data path system/cpu/engine/rom/lane_2 to system/cpu/sync_decode.decode/table_rom/lane_0:

   Name    Fanout   Delay (ns)          Site               Resource
C2Q_DEL     ---     4.979  EBR_R6C1.CLKA to  EBR_R6C1.DOA8 system/cpu/engine/rom/lane_2 (from clk)
ROUTE         4     1.678  EBR_R6C1.DOA8 to       R5C7C.D1 system/cpu/engine/a_select_2[0]
CTOF_DEL    ---     0.495       R5C7C.D1 to       R5C7C.F1 system/cpu/engine/SLICE_628
ROUTE         1     0.693       R5C7C.F1 to       R5C7D.B1 system/cpu/engine/un6_select_register[1]
CTOF_DEL    ---     0.495       R5C7D.B1 to       R5C7D.F1 system/cpu/engine/SLICE_515
ROUTE        18     1.874       R5C7D.F1 to       R7C6B.B0 system/cpu/engine/un9_d_axb1
CTOF_DEL    ---     0.495       R7C6B.B0 to       R7C6B.F0 system/cpu/engine/dp/rf/words_ram_2/SLICE_48
ROUTE        11     2.325       R7C6B.F0 to      R7C15D.A0 system/address[14]
CTOF_DEL    ---     0.495      R7C15D.A0 to      R7C15D.F0 system/bus/SLICE_635
ROUTE         3     1.173      R7C15D.F0 to      R8C18B.D0 system/un1_address_29_6
CTOF_DEL    ---     0.495      R8C18B.D0 to      R8C18B.F0 system/bus/SLICE_475
ROUTE         8     0.783      R8C18B.F0 to      R7C18D.C1 system/bus/un1_address_29_13
CTOF_DEL    ---     0.495      R7C18D.C1 to      R7C18D.F1 system/bus/SLICE_363
ROUTE         3     1.079      R7C18D.F1 to      R8C17B.D1 system/bus/un1_address_36
CTOF_DEL    ---     0.495      R8C17B.D1 to      R8C17B.F1 system/bus/SLICE_440
ROUTE         1     1.023      R8C17B.F1 to      R8C15C.B1 system/bus/un1_boot_release_armed_2_1
CTOF_DEL    ---     0.495      R8C15C.B1 to      R8C15C.F1 system/bus/SLICE_450
ROUTE         3     0.975      R8C15C.F1 to      R9C14C.D1 system/bus/un1_boot_release_armed_2
CTOF_DEL    ---     0.495      R9C14C.D1 to      R9C14C.F1 system/bus/SLICE_372
ROUTE         3     0.984      R9C14C.F1 to      R9C14A.A0 system/bus/un1_boot_release_armed_2_RNIL962L
CTOF_DEL    ---     0.495      R9C14A.A0 to      R9C14A.F0 system/bus/SLICE_428
ROUTE        19     0.689      R9C14A.F0 to      R9C14A.A1 system/bus/un1_address_1_11_0_o2_RNIPPTUV
CTOF_DEL    ---     0.495      R9C14A.A1 to      R9C14A.F1 system/bus/SLICE_428
ROUTE        16     1.839      R9C14A.F1 to      R9C18C.M0 system/bus/service_program_selected_0_a2_2_RNI9MN462
MTOOFX_DEL  ---     0.376      R9C18C.M0 to    R9C18C.OFX0 system/bus/rdatadup[13]/SLICE_276
ROUTE         6     1.041    R9C18C.OFX0 to      R9C19A.B0 system/rdatadup[13]
CTOF_DEL    ---     0.495      R9C19A.B0 to      R9C19A.F0 system/cpu/sync_decode.decode/SLICE_636
ROUTE         1     0.693      R9C19A.F0 to      R9C19B.B1 system/cpu/sync_decode.decode/un16_index_1_fc
CTOF_DEL    ---     0.495      R9C19B.B1 to      R9C19B.F1 system/cpu/sync_decode.decode/SLICE_562
ROUTE         9     1.021      R9C19B.F1 to      R8C19A.A1 system/cpu/sync_decode.decode/un1_incoming_1
CTOF_DEL    ---     0.495      R8C19A.A1 to      R8C19A.F1 system/cpu/sync_decode.decode/SLICE_561
ROUTE         1     1.588      R8C19A.F1 to EBR_R6C17.ADA3 system/cpu/sync_decode.decode/index[0] (to clk)
                  --------
                   31.743   (38.7% logic, 61.3% route), 16 logic levels.

 Clock Skew Details: 

      Source Clock Path oscillator to system/cpu/engine/rom/lane_2:

   Name    Fanout   Delay (ns)          Site               Resource
ROUTE       244     3.714        OSC.OSC to  EBR_R6C1.CLKA clk
                  --------
                    3.714   (0.0% logic, 100.0% route), 0 logic levels.

      Destination Clock Path oscillator to system/cpu/sync_decode.decode/table_rom/lane_0:

   Name    Fanout   Delay (ns)          Site               Resource
ROUTE       244     3.714        OSC.OSC to EBR_R6C17.CLKA clk
                  --------
                    3.714   (0.0% logic, 100.0% route), 0 logic levels.


Passed: The following path meets requirements by 2.131ns

 Logical Details:  Cell type  Pin type       Cell/ASIC name  (clock net +/-)

   Source:         DP8KC      Port           system/cpu/engine/rom/lane_2(ASIC)  (from clk +)
   Destination:    DP8KC      Port           system/cpu/sync_decode.decode/table_rom/lane_0(ASIC)  (to clk +)

   Delay:              31.724ns  (39.4% logic, 60.6% route), 16 logic levels.

 Constraint Details:

     31.724ns physical path delay system/cpu/engine/rom/lane_2 to system/cpu/sync_decode.decode/table_rom/lane_0 meets
     33.829ns delay constraint less
      0.000ns skew and
     -0.026ns ADDR_SET requirement (totaling 33.855ns) by 2.131ns

 Physical Path Details:

      Data path system/cpu/engine/rom/lane_2 to system/cpu/sync_decode.decode/table_rom/lane_0:

   Name    Fanout   Delay (ns)          Site               Resource
C2Q_DEL     ---     4.979  EBR_R6C1.CLKA to  EBR_R6C1.DOA8 system/cpu/engine/rom/lane_2 (from clk)
ROUTE         4     1.390  EBR_R6C1.DOA8 to       R5C6D.D1 system/cpu/engine/a_select_2[0]
CTOF_DEL    ---     0.495       R5C6D.D1 to       R5C6D.F1 system/cpu/engine/SLICE_406
ROUTE         1     1.004       R5C6D.F1 to       R5C6D.B0 system/cpu/engine/un6_select_register[0]
CTOF_DEL    ---     0.495       R5C6D.B0 to       R5C6D.F0 system/cpu/engine/SLICE_406
ROUTE        16     1.856       R5C6D.F0 to       R7C6B.A0 system/cpu/engine/select_register_5[0]
CTOF_DEL    ---     0.495       R7C6B.A0 to       R7C6B.F0 system/cpu/engine/dp/rf/words_ram_2/SLICE_48
ROUTE        11     2.325       R7C6B.F0 to      R7C15D.A0 system/address[14]
CTOF_DEL    ---     0.495      R7C15D.A0 to      R7C15D.F0 system/bus/SLICE_635
ROUTE         3     1.173      R7C15D.F0 to      R8C18B.D0 system/un1_address_29_6
CTOF_DEL    ---     0.495      R8C18B.D0 to      R8C18B.F0 system/bus/SLICE_475
ROUTE         8     0.783      R8C18B.F0 to      R7C18D.C1 system/bus/un1_address_29_13
CTOF_DEL    ---     0.495      R7C18D.C1 to      R7C18D.F1 system/bus/SLICE_363
ROUTE         3     1.079      R7C18D.F1 to      R8C17B.D1 system/bus/un1_address_36
CTOF_DEL    ---     0.495      R8C17B.D1 to      R8C17B.F1 system/bus/SLICE_440
ROUTE         1     1.023      R8C17B.F1 to      R8C15C.B1 system/bus/un1_boot_release_armed_2_1
CTOF_DEL    ---     0.495      R8C15C.B1 to      R8C15C.F1 system/bus/SLICE_450
ROUTE         3     0.975      R8C15C.F1 to      R9C14C.D1 system/bus/un1_boot_release_armed_2
CTOF_DEL    ---     0.495      R9C14C.D1 to      R9C14C.F1 system/bus/SLICE_372
ROUTE         3     0.984      R9C14C.F1 to      R9C14A.A0 system/bus/un1_boot_release_armed_2_RNIL962L
CTOF_DEL    ---     0.495      R9C14A.A0 to      R9C14A.F0 system/bus/SLICE_428
ROUTE        19     0.689      R9C14A.F0 to      R9C14A.A1 system/bus/un1_address_1_11_0_o2_RNIPPTUV
CTOF_DEL    ---     0.495      R9C14A.A1 to      R9C14A.F1 system/bus/SLICE_428
ROUTE        16     1.839      R9C14A.F1 to      R9C18C.M0 system/bus/service_program_selected_0_a2_2_RNI9MN462
MTOOFX_DEL  ---     0.376      R9C18C.M0 to    R9C18C.OFX0 system/bus/rdatadup[13]/SLICE_276
ROUTE         6     1.041    R9C18C.OFX0 to      R9C19A.B0 system/rdatadup[13]
CTOF_DEL    ---     0.495      R9C19A.B0 to      R9C19A.F0 system/cpu/sync_decode.decode/SLICE_636
ROUTE         1     0.693      R9C19A.F0 to      R9C19B.B1 system/cpu/sync_decode.decode/un16_index_1_fc
CTOF_DEL    ---     0.495      R9C19B.B1 to      R9C19B.F1 system/cpu/sync_decode.decode/SLICE_562
ROUTE         9     0.801      R9C19B.F1 to      R8C19D.C0 system/cpu/sync_decode.decode/un1_incoming_1
CTOOFX_DEL  ---     0.721      R8C19D.C0 to    R8C19D.OFX0 system/cpu/sync_decode.decode/index_u[5]/SLICE_357
ROUTE         1     1.558    R8C19D.OFX0 to EBR_R6C17.ADA8 system/cpu/sync_decode.decode/index[5] (to clk)
                  --------
                   31.724   (39.4% logic, 60.6% route), 16 logic levels.

 Clock Skew Details: 

      Source Clock Path oscillator to system/cpu/engine/rom/lane_2:

   Name    Fanout   Delay (ns)          Site               Resource
ROUTE       244     3.714        OSC.OSC to  EBR_R6C1.CLKA clk
                  --------
                    3.714   (0.0% logic, 100.0% route), 0 logic levels.

      Destination Clock Path oscillator to system/cpu/sync_decode.decode/table_rom/lane_0:

   Name    Fanout   Delay (ns)          Site               Resource
ROUTE       244     3.714        OSC.OSC to EBR_R6C17.CLKA clk
                  --------
                    3.714   (0.0% logic, 100.0% route), 0 logic levels.


Passed: The following path meets requirements by 2.136ns

 Logical Details:  Cell type  Pin type       Cell/ASIC name  (clock net +/-)

   Source:         DP8KC      Port           system/cpu/engine/rom/lane_2(ASIC)  (from clk +)
   Destination:    DP8KC      Port           system/cpu/sync_decode.decode/table_rom/lane_0(ASIC)  (to clk +)

   Delay:              31.719ns  (39.4% logic, 60.6% route), 16 logic levels.

 Constraint Details:

     31.719ns physical path delay system/cpu/engine/rom/lane_2 to system/cpu/sync_decode.decode/table_rom/lane_0 meets
     33.829ns delay constraint less
      0.000ns skew and
     -0.026ns ADDR_SET requirement (totaling 33.855ns) by 2.136ns

 Physical Path Details:

      Data path system/cpu/engine/rom/lane_2 to system/cpu/sync_decode.decode/table_rom/lane_0:

   Name    Fanout   Delay (ns)          Site               Resource
C2Q_DEL     ---     4.979  EBR_R6C1.CLKA to  EBR_R6C1.DOA8 system/cpu/engine/rom/lane_2 (from clk)
ROUTE         4     1.678  EBR_R6C1.DOA8 to       R5C7C.D1 system/cpu/engine/a_select_2[0]
CTOF_DEL    ---     0.495       R5C7C.D1 to       R5C7C.F1 system/cpu/engine/SLICE_628
ROUTE         1     0.693       R5C7C.F1 to       R5C7D.B1 system/cpu/engine/un6_select_register[1]
CTOF_DEL    ---     0.495       R5C7D.B1 to       R5C7D.F1 system/cpu/engine/SLICE_515
ROUTE        18     1.874       R5C7D.F1 to       R7C6B.B0 system/cpu/engine/un9_d_axb1
CTOF_DEL    ---     0.495       R7C6B.B0 to       R7C6B.F0 system/cpu/engine/dp/rf/words_ram_2/SLICE_48
ROUTE        11     2.325       R7C6B.F0 to      R7C15D.A0 system/address[14]
CTOF_DEL    ---     0.495      R7C15D.A0 to      R7C15D.F0 system/bus/SLICE_635
ROUTE         3     1.173      R7C15D.F0 to      R8C18B.D0 system/un1_address_29_6
CTOF_DEL    ---     0.495      R8C18B.D0 to      R8C18B.F0 system/bus/SLICE_475
ROUTE         8     0.783      R8C18B.F0 to      R7C18D.C1 system/bus/un1_address_29_13
CTOF_DEL    ---     0.495      R7C18D.C1 to      R7C18D.F1 system/bus/SLICE_363
ROUTE         3     1.079      R7C18D.F1 to      R8C17B.D1 system/bus/un1_address_36
CTOF_DEL    ---     0.495      R8C17B.D1 to      R8C17B.F1 system/bus/SLICE_440
ROUTE         1     1.023      R8C17B.F1 to      R8C15C.B1 system/bus/un1_boot_release_armed_2_1
CTOF_DEL    ---     0.495      R8C15C.B1 to      R8C15C.F1 system/bus/SLICE_450
ROUTE         3     0.975      R8C15C.F1 to      R9C14C.D1 system/bus/un1_boot_release_armed_2
CTOF_DEL    ---     0.495      R9C14C.D1 to      R9C14C.F1 system/bus/SLICE_372
ROUTE         3     0.984      R9C14C.F1 to      R9C14A.A0 system/bus/un1_boot_release_armed_2_RNIL962L
CTOF_DEL    ---     0.495      R9C14A.A0 to      R9C14A.F0 system/bus/SLICE_428
ROUTE        19     0.689      R9C14A.F0 to      R9C14A.A1 system/bus/un1_address_1_11_0_o2_RNIPPTUV
CTOF_DEL    ---     0.495      R9C14A.A1 to      R9C14A.F1 system/bus/SLICE_428
ROUTE        16     1.839      R9C14A.F1 to      R9C18C.M0 system/bus/service_program_selected_0_a2_2_RNI9MN462
MTOOFX_DEL  ---     0.376      R9C18C.M0 to    R9C18C.OFX0 system/bus/rdatadup[13]/SLICE_276
ROUTE         6     1.041    R9C18C.OFX0 to      R9C19A.B0 system/rdatadup[13]
CTOF_DEL    ---     0.495      R9C19A.B0 to      R9C19A.F0 system/cpu/sync_decode.decode/SLICE_636
ROUTE         1     0.693      R9C19A.F0 to      R9C19B.B1 system/cpu/sync_decode.decode/un16_index_1_fc
CTOF_DEL    ---     0.495      R9C19B.B1 to      R9C19B.F1 system/cpu/sync_decode.decode/SLICE_562
ROUTE         9     0.801      R9C19B.F1 to      R8C19D.C0 system/cpu/sync_decode.decode/un1_incoming_1
CTOOFX_DEL  ---     0.721      R8C19D.C0 to    R8C19D.OFX0 system/cpu/sync_decode.decode/index_u[5]/SLICE_357
ROUTE         1     1.558    R8C19D.OFX0 to EBR_R6C17.ADA8 system/cpu/sync_decode.decode/index[5] (to clk)
                  --------
                   31.719   (39.4% logic, 60.6% route), 16 logic levels.

 Clock Skew Details: 

      Source Clock Path oscillator to system/cpu/engine/rom/lane_2:

   Name    Fanout   Delay (ns)          Site               Resource
ROUTE       244     3.714        OSC.OSC to  EBR_R6C1.CLKA clk
                  --------
                    3.714   (0.0% logic, 100.0% route), 0 logic levels.

      Destination Clock Path oscillator to system/cpu/sync_decode.decode/table_rom/lane_0:

   Name    Fanout   Delay (ns)          Site               Resource
ROUTE       244     3.714        OSC.OSC to EBR_R6C17.CLKA clk
                  --------
                    3.714   (0.0% logic, 100.0% route), 0 logic levels.


Passed: The following path meets requirements by 2.145ns

 Logical Details:  Cell type  Pin type       Cell/ASIC name  (clock net +/-)

   Source:         DP8KC      Port           system/cpu/engine/rom/lane_3(ASIC)  (from clk +)
   Destination:    DP8KC      Port           system/cpu/engine/rom/lane_2(ASIC)  (to clk +)

   Delay:              31.710ns  (40.7% logic, 59.3% route), 17 logic levels.

 Constraint Details:

     31.710ns physical path delay system/cpu/engine/rom/lane_3 to system/cpu/engine/rom/lane_2 meets
     33.829ns delay constraint less
      0.000ns skew and
     -0.026ns ADDR_SET requirement (totaling 33.855ns) by 2.145ns

 Physical Path Details:

      Data path system/cpu/engine/rom/lane_3 to system/cpu/engine/rom/lane_2:

   Name    Fanout   Delay (ns)          Site               Resource
C2Q_DEL     ---     4.979  EBR_R6C4.CLKA to  EBR_R6C4.DOA6 system/cpu/engine/rom/lane_3 (from clk)
ROUTE        47     1.661  EBR_R6C4.DOA6 to       R4C8A.D1 system/cpu/engine/uword[33]
CTOF_DEL    ---     0.495       R4C8A.D1 to       R4C8A.F1 system/cpu/engine/SLICE_484
ROUTE        16     0.651       R4C8A.F1 to       R4C8C.D1 system/cpu/engine/writing_1
CTOF_DEL    ---     0.495       R4C8C.D1 to       R4C8C.F1 system/SLICE_448
ROUTE         8     1.010       R4C8C.F1 to       R3C7B.D1 system/writing
CTOF_DEL    ---     0.495       R3C7B.D1 to       R3C7B.F1 system/cpu/engine/SLICE_544
ROUTE         5     1.001       R3C7B.F1 to       R3C9B.D0 system/cpu/engine/memory_op
CTOF_DEL    ---     0.495       R3C9B.D0 to       R3C9B.F0 system/cpu/engine/SLICE_609
ROUTE         3     0.973       R3C9B.F0 to       R4C9A.A1 system/mem_request_fc_1dup_0
CTOF_DEL    ---     0.495       R4C9A.A1 to       R4C9A.F1 system/SLICE_364
ROUTE        26     0.666       R4C9A.F1 to       R4C9D.D1 system/mem_writedup
CTOF_DEL    ---     0.495       R4C9D.D1 to       R4C9D.F1 system/bus/SLICE_374
ROUTE         8     0.986       R4C9D.F1 to      R5C10D.D1 system/bus/service_dma_operanddup
CTOF_DEL    ---     0.495      R5C10D.D1 to      R5C10D.F1 system/bus/SLICE_423
ROUTE        12     0.643      R5C10D.F1 to      R5C10B.D1 system/bus/un1_address_1_11_0_o2_RNI4GNSA
CTOF_DEL    ---     0.495      R5C10B.D1 to      R5C10B.F1 system/bus/SLICE_446
ROUTE         4     1.457      R5C10B.F1 to      R3C12C.B1 system/bus/rk_cs1_selected_0_a2dup
CTOF_DEL    ---     0.495      R3C12C.B1 to      R3C12C.F1 system/bus/SLICE_461
ROUTE         6     0.764      R3C12C.F1 to      R3C12A.C0 system/bus/rk_fixed_selecteddup
CTOF_DEL    ---     0.495      R3C12A.C0 to      R3C12A.F0 system/SLICE_378
ROUTE         3     0.635      R3C12A.F0 to      R3C12A.D1 system/acknowledgedup
CTOF_DEL    ---     0.495      R3C12A.D1 to      R3C12A.F1 system/SLICE_378
ROUTE         8     0.996      R3C12A.F1 to      R2C10B.D1 system/cpu/engine/un1_bus_fault_2dup
CTOF_DEL    ---     0.495      R2C10B.D1 to      R2C10B.F1 system/cpu/engine/SLICE_505
ROUTE        10     1.407      R2C10B.F1 to      R3C11D.B1 system/cpu/engine/fault_redirectdup
CTOF_DEL    ---     0.495      R3C11D.B1 to      R3C11D.F1 system/cpu/engine/seq/SLICE_491
ROUTE        10     1.105      R3C11D.F1 to      R2C13B.D1 system/cpu/engine/seq/next_address_7_sqmuxa
CTOF_DEL    ---     0.495      R2C13B.D1 to      R2C13B.F1 system/cpu/engine/seq/SLICE_238
ROUTE         1     1.413      R2C13B.F1 to      R3C12D.A0 system/cpu/engine/seq/next_address_0_iv_3[0]
CTOF_DEL    ---     0.495      R3C12D.A0 to      R3C12D.F0 system/cpu/engine/seq/SLICE_492
ROUTE         1     0.747      R3C12D.F0 to      R3C12B.C0 system/cpu/engine/seq/next_address_0_iv_5[0]
CTOF_DEL    ---     0.495      R3C12B.C0 to      R3C12B.F0 system/cpu/engine/seq/SLICE_240
ROUTE         5     2.696      R3C12B.F0 to  EBR_R6C1.ADA3 system/cpu/engine/next_address_0_iv_i[0] (to clk)
                  --------
                   31.710   (40.7% logic, 59.3% route), 17 logic levels.

 Clock Skew Details: 

      Source Clock Path oscillator to system/cpu/engine/rom/lane_3:

   Name    Fanout   Delay (ns)          Site               Resource
ROUTE       244     3.714        OSC.OSC to  EBR_R6C4.CLKA clk
                  --------
                    3.714   (0.0% logic, 100.0% route), 0 logic levels.

      Destination Clock Path oscillator to system/cpu/engine/rom/lane_2:

   Name    Fanout   Delay (ns)          Site               Resource
ROUTE       244     3.714        OSC.OSC to  EBR_R6C1.CLKA clk
                  --------
                    3.714   (0.0% logic, 100.0% route), 0 logic levels.


Passed: The following path meets requirements by 2.186ns

 Logical Details:  Cell type  Pin type       Cell/ASIC name  (clock net +/-)

   Source:         DP8KC      Port           system/cpu/engine/rom/lane_2(ASIC)  (from clk +)
   Destination:    FF         Data in        system/cpu/engine/mdr[7]  (to clk +)

   Delay:              31.304ns  (37.7% logic, 62.3% route), 15 logic levels.

 Constraint Details:

     31.304ns physical path delay system/cpu/engine/rom/lane_2 to system/cpu/engine/SLICE_217 meets
     33.829ns delay constraint less
      0.173ns skew and
      0.166ns DIN_SET requirement (totaling 33.490ns) by 2.186ns

 Physical Path Details:

      Data path system/cpu/engine/rom/lane_2 to system/cpu/engine/SLICE_217:

   Name    Fanout   Delay (ns)          Site               Resource
C2Q_DEL     ---     4.979  EBR_R6C1.CLKA to  EBR_R6C1.DOA8 system/cpu/engine/rom/lane_2 (from clk)
ROUTE         4     1.390  EBR_R6C1.DOA8 to       R5C6D.D1 system/cpu/engine/a_select_2[0]
CTOF_DEL    ---     0.495       R5C6D.D1 to       R5C6D.F1 system/cpu/engine/SLICE_406
ROUTE         1     1.004       R5C6D.F1 to       R5C6D.B0 system/cpu/engine/un6_select_register[0]
CTOF_DEL    ---     0.495       R5C6D.B0 to       R5C6D.F0 system/cpu/engine/SLICE_406
ROUTE        16     1.856       R5C6D.F0 to       R7C6B.A0 system/cpu/engine/select_register_5[0]
CTOF_DEL    ---     0.495       R7C6B.A0 to       R7C6B.F0 system/cpu/engine/dp/rf/words_ram_2/SLICE_48
ROUTE        11     2.325       R7C6B.F0 to      R7C15D.A0 system/address[14]
CTOF_DEL    ---     0.495      R7C15D.A0 to      R7C15D.F0 system/bus/SLICE_635
ROUTE         3     1.173      R7C15D.F0 to      R8C18B.D0 system/un1_address_29_6
CTOF_DEL    ---     0.495      R8C18B.D0 to      R8C18B.F0 system/bus/SLICE_475
ROUTE         8     0.783      R8C18B.F0 to      R7C18D.C1 system/bus/un1_address_29_13
CTOF_DEL    ---     0.495      R7C18D.C1 to      R7C18D.F1 system/bus/SLICE_363
ROUTE         3     1.079      R7C18D.F1 to      R8C17B.D1 system/bus/un1_address_36
CTOF_DEL    ---     0.495      R8C17B.D1 to      R8C17B.F1 system/bus/SLICE_440
ROUTE         1     1.023      R8C17B.F1 to      R8C15C.B1 system/bus/un1_boot_release_armed_2_1
CTOF_DEL    ---     0.495      R8C15C.B1 to      R8C15C.F1 system/bus/SLICE_450
ROUTE         3     0.453      R8C15C.F1 to      R8C15C.C0 system/bus/un1_boot_release_armed_2
CTOF_DEL    ---     0.495      R8C15C.C0 to      R8C15C.F0 system/bus/SLICE_450
ROUTE         1     1.975      R8C15C.F0 to       R3C8D.D1 system/bus/local_boot_selected
CTOF_DEL    ---     0.495       R3C8D.D1 to       R3C8D.F1 system/SLICE_633
ROUTE        17     1.286       R3C8D.F1 to      R5C11D.C0 system/bus/un1_boot_selected_1[0]
CTOF_DEL    ---     0.495      R5C11D.C0 to      R5C11D.F0 system/bus/SLICE_379
ROUTE        16     1.987      R5C11D.F0 to      R8C16B.M0 system/bus/N_106_fc
MTOOFX_DEL  ---     0.376      R8C16B.M0 to    R8C16B.OFX0 system/bus/rdata[15]/SLICE_294
ROUTE         3     2.424    R8C16B.OFX0 to      R8C11C.B1 system/lane_rdata[15]
CTOF_DEL    ---     0.495      R8C11C.B1 to      R8C11C.F1 system/cpu/engine/SLICE_208
ROUTE         2     0.756      R8C11C.F1 to      R8C11B.C1 system/cpu/engine/operand_read_data[7]
CTOF_DEL    ---     0.495      R8C11B.C1 to      R8C11B.F1 system/cpu/engine/SLICE_217
ROUTE         1     0.000      R8C11B.F1 to     R8C11B.DI1 system/cpu/engine/mdr_6[7] (to clk)
                  --------
                   31.304   (37.7% logic, 62.3% route), 15 logic levels.

 Clock Skew Details: 

      Source Clock Path oscillator to system/cpu/engine/rom/lane_2:

   Name    Fanout   Delay (ns)          Site               Resource
ROUTE       244     3.714        OSC.OSC to  EBR_R6C1.CLKA clk
                  --------
                    3.714   (0.0% logic, 100.0% route), 0 logic levels.

      Destination Clock Path oscillator to system/cpu/engine/SLICE_217:

   Name    Fanout   Delay (ns)          Site               Resource
ROUTE       244     3.541        OSC.OSC to     R8C11B.CLK clk
                  --------
                    3.541   (0.0% logic, 100.0% route), 0 logic levels.


Passed: The following path meets requirements by 2.189ns

 Logical Details:  Cell type  Pin type       Cell/ASIC name  (clock net +/-)

   Source:         DP8KC      Port           system/cpu/engine/rom/lane_2(ASIC)  (from clk +)
   Destination:    DP8KC      Port           system/cpu/engine/rom/lane_2(ASIC)  (to clk +)

   Delay:              31.666ns  (37.6% logic, 62.4% route), 15 logic levels.

 Constraint Details:

     31.666ns physical path delay system/cpu/engine/rom/lane_2 to system/cpu/engine/rom/lane_2 meets
     33.829ns delay constraint less
      0.000ns skew and
     -0.026ns ADDR_SET requirement (totaling 33.855ns) by 2.189ns

 Physical Path Details:

      Data path system/cpu/engine/rom/lane_2 to system/cpu/engine/rom/lane_2:

   Name    Fanout   Delay (ns)          Site               Resource
C2Q_DEL     ---     4.979  EBR_R6C1.CLKA to  EBR_R6C1.DOA8 system/cpu/engine/rom/lane_2 (from clk)
ROUTE         4     1.390  EBR_R6C1.DOA8 to       R5C6D.D1 system/cpu/engine/a_select_2[0]
CTOF_DEL    ---     0.495       R5C6D.D1 to       R5C6D.F1 system/cpu/engine/SLICE_406
ROUTE         1     1.004       R5C6D.F1 to       R5C6D.B0 system/cpu/engine/un6_select_register[0]
CTOF_DEL    ---     0.495       R5C6D.B0 to       R5C6D.F0 system/cpu/engine/SLICE_406
ROUTE        16     1.365       R5C6D.F0 to       R5C8A.A1 system/cpu/engine/select_register_5[0]
CTOF_DEL    ---     0.495       R5C8A.A1 to       R5C8A.F1 system/cpu/engine/dp/rf/words_ram_1/SLICE_50
ROUTE        13     2.422       R5C8A.F1 to      R8C12A.A1 system/address[9]
CTOF_DEL    ---     0.495      R8C12A.A1 to      R8C12A.F1 system/bus/guest_memory/SLICE_147
ROUTE         4     1.018      R8C12A.F1 to      R7C12B.B1 system/bus/N_179
CTOF_DEL    ---     0.495      R7C12B.B1 to      R7C12B.F1 system/bus/SLICE_460
ROUTE         8     1.338      R7C12B.F1 to      R5C10B.C1 system/bus/un1_address_28_fc
CTOF_DEL    ---     0.495      R5C10B.C1 to      R5C10B.F1 system/bus/SLICE_446
ROUTE         4     1.457      R5C10B.F1 to      R3C12C.B1 system/bus/rk_cs1_selected_0_a2dup
CTOF_DEL    ---     0.495      R3C12C.B1 to      R3C12C.F1 system/bus/SLICE_461
ROUTE         6     0.764      R3C12C.F1 to      R3C12A.C0 system/bus/rk_fixed_selecteddup
CTOF_DEL    ---     0.495      R3C12A.C0 to      R3C12A.F0 system/SLICE_378
ROUTE         3     0.635      R3C12A.F0 to      R3C12A.D1 system/acknowledgedup
CTOF_DEL    ---     0.495      R3C12A.D1 to      R3C12A.F1 system/SLICE_378
ROUTE         8     0.996      R3C12A.F1 to      R2C10B.D1 system/cpu/engine/un1_bus_fault_2dup
CTOF_DEL    ---     0.495      R2C10B.D1 to      R2C10B.F1 system/cpu/engine/SLICE_505
ROUTE        10     1.407      R2C10B.F1 to      R3C11D.B1 system/cpu/engine/fault_redirectdup
CTOF_DEL    ---     0.495      R3C11D.B1 to      R3C11D.F1 system/cpu/engine/seq/SLICE_491
ROUTE        10     1.105      R3C11D.F1 to      R2C13B.D1 system/cpu/engine/seq/next_address_7_sqmuxa
CTOF_DEL    ---     0.495      R2C13B.D1 to      R2C13B.F1 system/cpu/engine/seq/SLICE_238
ROUTE         1     1.413      R2C13B.F1 to      R3C12D.A0 system/cpu/engine/seq/next_address_0_iv_3[0]
CTOF_DEL    ---     0.495      R3C12D.A0 to      R3C12D.F0 system/cpu/engine/seq/SLICE_492
ROUTE         1     0.747      R3C12D.F0 to      R3C12B.C0 system/cpu/engine/seq/next_address_0_iv_5[0]
CTOF_DEL    ---     0.495      R3C12B.C0 to      R3C12B.F0 system/cpu/engine/seq/SLICE_240
ROUTE         5     2.696      R3C12B.F0 to  EBR_R6C1.ADA3 system/cpu/engine/next_address_0_iv_i[0] (to clk)
                  --------
                   31.666   (37.6% logic, 62.4% route), 15 logic levels.

 Clock Skew Details: 

      Source Clock Path oscillator to system/cpu/engine/rom/lane_2:

   Name    Fanout   Delay (ns)          Site               Resource
ROUTE       244     3.714        OSC.OSC to  EBR_R6C1.CLKA clk
                  --------
                    3.714   (0.0% logic, 100.0% route), 0 logic levels.

      Destination Clock Path oscillator to system/cpu/engine/rom/lane_2:

   Name    Fanout   Delay (ns)          Site               Resource
ROUTE       244     3.714        OSC.OSC to  EBR_R6C1.CLKA clk
                  --------
                    3.714   (0.0% logic, 100.0% route), 0 logic levels.


Passed: The following path meets requirements by 2.191ns

 Logical Details:  Cell type  Pin type       Cell/ASIC name  (clock net +/-)

   Source:         DP8KC      Port           system/cpu/engine/rom/lane_2(ASIC)  (from clk +)
   Destination:    FF         Data in        system/cpu/engine/mdr[7]  (to clk +)

   Delay:              31.299ns  (37.7% logic, 62.3% route), 15 logic levels.

 Constraint Details:

     31.299ns physical path delay system/cpu/engine/rom/lane_2 to system/cpu/engine/SLICE_217 meets
     33.829ns delay constraint less
      0.173ns skew and
      0.166ns DIN_SET requirement (totaling 33.490ns) by 2.191ns

 Physical Path Details:

      Data path system/cpu/engine/rom/lane_2 to system/cpu/engine/SLICE_217:

   Name    Fanout   Delay (ns)          Site               Resource
C2Q_DEL     ---     4.979  EBR_R6C1.CLKA to  EBR_R6C1.DOA8 system/cpu/engine/rom/lane_2 (from clk)
ROUTE         4     1.678  EBR_R6C1.DOA8 to       R5C7C.D1 system/cpu/engine/a_select_2[0]
CTOF_DEL    ---     0.495       R5C7C.D1 to       R5C7C.F1 system/cpu/engine/SLICE_628
ROUTE         1     0.693       R5C7C.F1 to       R5C7D.B1 system/cpu/engine/un6_select_register[1]
CTOF_DEL    ---     0.495       R5C7D.B1 to       R5C7D.F1 system/cpu/engine/SLICE_515
ROUTE        18     1.874       R5C7D.F1 to       R7C6B.B0 system/cpu/engine/un9_d_axb1
CTOF_DEL    ---     0.495       R7C6B.B0 to       R7C6B.F0 system/cpu/engine/dp/rf/words_ram_2/SLICE_48
ROUTE        11     2.325       R7C6B.F0 to      R7C15D.A0 system/address[14]
CTOF_DEL    ---     0.495      R7C15D.A0 to      R7C15D.F0 system/bus/SLICE_635
ROUTE         3     1.173      R7C15D.F0 to      R8C18B.D0 system/un1_address_29_6
CTOF_DEL    ---     0.495      R8C18B.D0 to      R8C18B.F0 system/bus/SLICE_475
ROUTE         8     0.783      R8C18B.F0 to      R7C18D.C1 system/bus/un1_address_29_13
CTOF_DEL    ---     0.495      R7C18D.C1 to      R7C18D.F1 system/bus/SLICE_363
ROUTE         3     1.079      R7C18D.F1 to      R8C17B.D1 system/bus/un1_address_36
CTOF_DEL    ---     0.495      R8C17B.D1 to      R8C17B.F1 system/bus/SLICE_440
ROUTE         1     1.023      R8C17B.F1 to      R8C15C.B1 system/bus/un1_boot_release_armed_2_1
CTOF_DEL    ---     0.495      R8C15C.B1 to      R8C15C.F1 system/bus/SLICE_450
ROUTE         3     0.453      R8C15C.F1 to      R8C15C.C0 system/bus/un1_boot_release_armed_2
CTOF_DEL    ---     0.495      R8C15C.C0 to      R8C15C.F0 system/bus/SLICE_450
ROUTE         1     1.975      R8C15C.F0 to       R3C8D.D1 system/bus/local_boot_selected
CTOF_DEL    ---     0.495       R3C8D.D1 to       R3C8D.F1 system/SLICE_633
ROUTE        17     1.286       R3C8D.F1 to      R5C11D.C0 system/bus/un1_boot_selected_1[0]
CTOF_DEL    ---     0.495      R5C11D.C0 to      R5C11D.F0 system/bus/SLICE_379
ROUTE        16     1.987      R5C11D.F0 to      R8C16B.M0 system/bus/N_106_fc
MTOOFX_DEL  ---     0.376      R8C16B.M0 to    R8C16B.OFX0 system/bus/rdata[15]/SLICE_294
ROUTE         3     2.424    R8C16B.OFX0 to      R8C11C.B1 system/lane_rdata[15]
CTOF_DEL    ---     0.495      R8C11C.B1 to      R8C11C.F1 system/cpu/engine/SLICE_208
ROUTE         2     0.756      R8C11C.F1 to      R8C11B.C1 system/cpu/engine/operand_read_data[7]
CTOF_DEL    ---     0.495      R8C11B.C1 to      R8C11B.F1 system/cpu/engine/SLICE_217
ROUTE         1     0.000      R8C11B.F1 to     R8C11B.DI1 system/cpu/engine/mdr_6[7] (to clk)
                  --------
                   31.299   (37.7% logic, 62.3% route), 15 logic levels.

 Clock Skew Details: 

      Source Clock Path oscillator to system/cpu/engine/rom/lane_2:

   Name    Fanout   Delay (ns)          Site               Resource
ROUTE       244     3.714        OSC.OSC to  EBR_R6C1.CLKA clk
                  --------
                    3.714   (0.0% logic, 100.0% route), 0 logic levels.

      Destination Clock Path oscillator to system/cpu/engine/SLICE_217:

   Name    Fanout   Delay (ns)          Site               Resource
ROUTE       244     3.541        OSC.OSC to     R8C11B.CLK clk
                  --------
                    3.541   (0.0% logic, 100.0% route), 0 logic levels.


Passed: The following path meets requirements by 2.192ns

 Logical Details:  Cell type  Pin type       Cell/ASIC name  (clock net +/-)

   Source:         DP8KC      Port           system/cpu/engine/rom/lane_2(ASIC)  (from clk +)
   Destination:    DP8KC      Port           system/cpu/sync_decode.decode/table_rom/lane_0(ASIC)  (to clk +)

   Delay:              31.663ns  (39.5% logic, 60.5% route), 16 logic levels.

 Constraint Details:

     31.663ns physical path delay system/cpu/engine/rom/lane_2 to system/cpu/sync_decode.decode/table_rom/lane_0 meets
     33.829ns delay constraint less
      0.000ns skew and
     -0.026ns ADDR_SET requirement (totaling 33.855ns) by 2.192ns

 Physical Path Details:

      Data path system/cpu/engine/rom/lane_2 to system/cpu/sync_decode.decode/table_rom/lane_0:

   Name    Fanout   Delay (ns)          Site               Resource
C2Q_DEL     ---     4.979  EBR_R6C1.CLKA to  EBR_R6C1.DOA8 system/cpu/engine/rom/lane_2 (from clk)
ROUTE         4     1.390  EBR_R6C1.DOA8 to       R5C6D.D1 system/cpu/engine/a_select_2[0]
CTOF_DEL    ---     0.495       R5C6D.D1 to       R5C6D.F1 system/cpu/engine/SLICE_406
ROUTE         1     1.004       R5C6D.F1 to       R5C6D.B0 system/cpu/engine/un6_select_register[0]
CTOF_DEL    ---     0.495       R5C6D.B0 to       R5C6D.F0 system/cpu/engine/SLICE_406
ROUTE        16     1.856       R5C6D.F0 to       R7C6B.A0 system/cpu/engine/select_register_5[0]
CTOF_DEL    ---     0.495       R7C6B.A0 to       R7C6B.F0 system/cpu/engine/dp/rf/words_ram_2/SLICE_48
ROUTE        11     2.325       R7C6B.F0 to      R7C15D.A0 system/address[14]
CTOF_DEL    ---     0.495      R7C15D.A0 to      R7C15D.F0 system/bus/SLICE_635
ROUTE         3     1.173      R7C15D.F0 to      R8C18B.D0 system/un1_address_29_6
CTOF_DEL    ---     0.495      R8C18B.D0 to      R8C18B.F0 system/bus/SLICE_475
ROUTE         8     0.783      R8C18B.F0 to      R7C18D.C1 system/bus/un1_address_29_13
CTOF_DEL    ---     0.495      R7C18D.C1 to      R7C18D.F1 system/bus/SLICE_363
ROUTE         3     1.079      R7C18D.F1 to      R8C17B.D1 system/bus/un1_address_36
CTOF_DEL    ---     0.495      R8C17B.D1 to      R8C17B.F1 system/bus/SLICE_440
ROUTE         1     1.023      R8C17B.F1 to      R8C15C.B1 system/bus/un1_boot_release_armed_2_1
CTOF_DEL    ---     0.495      R8C15C.B1 to      R8C15C.F1 system/bus/SLICE_450
ROUTE         3     0.975      R8C15C.F1 to      R9C14C.D1 system/bus/un1_boot_release_armed_2
CTOF_DEL    ---     0.495      R9C14C.D1 to      R9C14C.F1 system/bus/SLICE_372
ROUTE         3     0.984      R9C14C.F1 to      R9C14A.A0 system/bus/un1_boot_release_armed_2_RNIL962L
CTOF_DEL    ---     0.495      R9C14A.A0 to      R9C14A.F0 system/bus/SLICE_428
ROUTE        19     0.689      R9C14A.F0 to      R9C14A.A1 system/bus/un1_address_1_11_0_o2_RNIPPTUV
CTOF_DEL    ---     0.495      R9C14A.A1 to      R9C14A.F1 system/bus/SLICE_428
ROUTE        16     1.839      R9C14A.F1 to      R9C18C.M0 system/bus/service_program_selected_0_a2_2_RNI9MN462
MTOOFX_DEL  ---     0.376      R9C18C.M0 to    R9C18C.OFX0 system/bus/rdatadup[13]/SLICE_276
ROUTE         6     1.041    R9C18C.OFX0 to      R9C19A.B0 system/rdatadup[13]
CTOF_DEL    ---     0.495      R9C19A.B0 to      R9C19A.F0 system/cpu/sync_decode.decode/SLICE_636
ROUTE         1     0.693      R9C19A.F0 to      R9C19B.B1 system/cpu/sync_decode.decode/un16_index_1_fc
CTOF_DEL    ---     0.495      R9C19B.B1 to      R9C19B.F1 system/cpu/sync_decode.decode/SLICE_562
ROUTE         9     1.022      R9C19B.F1 to      R7C19D.A0 system/cpu/sync_decode.decode/un1_incoming_1
CTOOFX_DEL  ---     0.721      R7C19D.A0 to    R7C19D.OFX0 system/cpu/sync_decode.decode/index_u[3]/SLICE_355
ROUTE         1     1.276    R7C19D.OFX0 to EBR_R6C17.ADA6 system/cpu/sync_decode.decode/index[3] (to clk)
                  --------
                   31.663   (39.5% logic, 60.5% route), 16 logic levels.

 Clock Skew Details: 

      Source Clock Path oscillator to system/cpu/engine/rom/lane_2:

   Name    Fanout   Delay (ns)          Site               Resource
ROUTE       244     3.714        OSC.OSC to  EBR_R6C1.CLKA clk
                  --------
                    3.714   (0.0% logic, 100.0% route), 0 logic levels.

      Destination Clock Path oscillator to system/cpu/sync_decode.decode/table_rom/lane_0:

   Name    Fanout   Delay (ns)          Site               Resource
ROUTE       244     3.714        OSC.OSC to EBR_R6C17.CLKA clk
                  --------
                    3.714   (0.0% logic, 100.0% route), 0 logic levels.


Passed: The following path meets requirements by 2.197ns

 Logical Details:  Cell type  Pin type       Cell/ASIC name  (clock net +/-)

   Source:         DP8KC      Port           system/cpu/engine/rom/lane_2(ASIC)  (from clk +)
   Destination:    DP8KC      Port           system/cpu/sync_decode.decode/table_rom/lane_0(ASIC)  (to clk +)

   Delay:              31.658ns  (39.5% logic, 60.5% route), 16 logic levels.

 Constraint Details:

     31.658ns physical path delay system/cpu/engine/rom/lane_2 to system/cpu/sync_decode.decode/table_rom/lane_0 meets
     33.829ns delay constraint less
      0.000ns skew and
     -0.026ns ADDR_SET requirement (totaling 33.855ns) by 2.197ns

 Physical Path Details:

      Data path system/cpu/engine/rom/lane_2 to system/cpu/sync_decode.decode/table_rom/lane_0:

   Name    Fanout   Delay (ns)          Site               Resource
C2Q_DEL     ---     4.979  EBR_R6C1.CLKA to  EBR_R6C1.DOA8 system/cpu/engine/rom/lane_2 (from clk)
ROUTE         4     1.678  EBR_R6C1.DOA8 to       R5C7C.D1 system/cpu/engine/a_select_2[0]
CTOF_DEL    ---     0.495       R5C7C.D1 to       R5C7C.F1 system/cpu/engine/SLICE_628
ROUTE         1     0.693       R5C7C.F1 to       R5C7D.B1 system/cpu/engine/un6_select_register[1]
CTOF_DEL    ---     0.495       R5C7D.B1 to       R5C7D.F1 system/cpu/engine/SLICE_515
ROUTE        18     1.874       R5C7D.F1 to       R7C6B.B0 system/cpu/engine/un9_d_axb1
CTOF_DEL    ---     0.495       R7C6B.B0 to       R7C6B.F0 system/cpu/engine/dp/rf/words_ram_2/SLICE_48
ROUTE        11     2.325       R7C6B.F0 to      R7C15D.A0 system/address[14]
CTOF_DEL    ---     0.495      R7C15D.A0 to      R7C15D.F0 system/bus/SLICE_635
ROUTE         3     1.173      R7C15D.F0 to      R8C18B.D0 system/un1_address_29_6
CTOF_DEL    ---     0.495      R8C18B.D0 to      R8C18B.F0 system/bus/SLICE_475
ROUTE         8     0.783      R8C18B.F0 to      R7C18D.C1 system/bus/un1_address_29_13
CTOF_DEL    ---     0.495      R7C18D.C1 to      R7C18D.F1 system/bus/SLICE_363
ROUTE         3     1.079      R7C18D.F1 to      R8C17B.D1 system/bus/un1_address_36
CTOF_DEL    ---     0.495      R8C17B.D1 to      R8C17B.F1 system/bus/SLICE_440
ROUTE         1     1.023      R8C17B.F1 to      R8C15C.B1 system/bus/un1_boot_release_armed_2_1
CTOF_DEL    ---     0.495      R8C15C.B1 to      R8C15C.F1 system/bus/SLICE_450
ROUTE         3     0.975      R8C15C.F1 to      R9C14C.D1 system/bus/un1_boot_release_armed_2
CTOF_DEL    ---     0.495      R9C14C.D1 to      R9C14C.F1 system/bus/SLICE_372
ROUTE         3     0.984      R9C14C.F1 to      R9C14A.A0 system/bus/un1_boot_release_armed_2_RNIL962L
CTOF_DEL    ---     0.495      R9C14A.A0 to      R9C14A.F0 system/bus/SLICE_428
ROUTE        19     0.689      R9C14A.F0 to      R9C14A.A1 system/bus/un1_address_1_11_0_o2_RNIPPTUV
CTOF_DEL    ---     0.495      R9C14A.A1 to      R9C14A.F1 system/bus/SLICE_428
ROUTE        16     1.839      R9C14A.F1 to      R9C18C.M0 system/bus/service_program_selected_0_a2_2_RNI9MN462
MTOOFX_DEL  ---     0.376      R9C18C.M0 to    R9C18C.OFX0 system/bus/rdatadup[13]/SLICE_276
ROUTE         6     1.041    R9C18C.OFX0 to      R9C19A.B0 system/rdatadup[13]
CTOF_DEL    ---     0.495      R9C19A.B0 to      R9C19A.F0 system/cpu/sync_decode.decode/SLICE_636
ROUTE         1     0.693      R9C19A.F0 to      R9C19B.B1 system/cpu/sync_decode.decode/un16_index_1_fc
CTOF_DEL    ---     0.495      R9C19B.B1 to      R9C19B.F1 system/cpu/sync_decode.decode/SLICE_562
ROUTE         9     1.022      R9C19B.F1 to      R7C19D.A0 system/cpu/sync_decode.decode/un1_incoming_1
CTOOFX_DEL  ---     0.721      R7C19D.A0 to    R7C19D.OFX0 system/cpu/sync_decode.decode/index_u[3]/SLICE_355
ROUTE         1     1.276    R7C19D.OFX0 to EBR_R6C17.ADA6 system/cpu/sync_decode.decode/index[3] (to clk)
                  --------
                   31.658   (39.5% logic, 60.5% route), 16 logic levels.

 Clock Skew Details: 

      Source Clock Path oscillator to system/cpu/engine/rom/lane_2:

   Name    Fanout   Delay (ns)          Site               Resource
ROUTE       244     3.714        OSC.OSC to  EBR_R6C1.CLKA clk
                  --------
                    3.714   (0.0% logic, 100.0% route), 0 logic levels.

      Destination Clock Path oscillator to system/cpu/sync_decode.decode/table_rom/lane_0:

   Name    Fanout   Delay (ns)          Site               Resource
ROUTE       244     3.714        OSC.OSC to EBR_R6C17.CLKA clk
                  --------
                    3.714   (0.0% logic, 100.0% route), 0 logic levels.

Report:   31.524MHz is the maximum frequency for this preference.


================================================================================
Preference: Unconstrained: CLOCK_DOMAIN
            0 unconstrained paths found
--------------------------------------------------------------------------------


================================================================================
Preference: Unconstrained: INPUT_SETUP
            8 unconstrained paths found
--------------------------------------------------------------------------------

Unconstrained Preference:
   INPUT_SETUP PORT "res" CLKNET "clk" 

Report:    5.482ns delay res to SLICE_380 (4.749ns delay and 0.733ns setup)

   Name    Fanout   Delay (ns)          Site               Resource
PADI_DEL    ---     1.132          4.PAD to        4.PADDI res
ROUTE         1     3.617        4.PADDI to     R5C11C.LSR res_c (to clk)
                  --------
                    4.749   (23.8% logic, 76.2% route), 1 logic levels.

Unconstrained Preference:
   INPUT_SETUP PORT "gpio_key_row[0]" CLKNET "clk" 

Report:    2.292ns delay gpio_key_row[0] to gpio_key_row[0]_MGIOL (1.697ns delay and 0.595ns setup)

   Name    Fanout   Delay (ns)          Site               Resource
PADI_DEL    ---     1.132         29.PAD to       29.PADDI gpio_key_row[0]
ROUTE         1     0.565       29.PADDI to    IOL_T11D.DI gpio_key_row_in[0] (to clk)
                  --------
                    1.697   (66.7% logic, 33.3% route), 1 logic levels.

Unconstrained Preference:
   INPUT_SETUP PORT "gpio_key_row[1]" CLKNET "clk" 

Report:    2.292ns delay gpio_key_row[1] to gpio_key_row[1]_MGIOL (1.697ns delay and 0.595ns setup)

   Name    Fanout   Delay (ns)          Site               Resource
PADI_DEL    ---     1.132         30.PAD to       30.PADDI gpio_key_row[1]
ROUTE         1     0.565       30.PADDI to    IOL_T11C.DI gpio_key_row_in[1] (to clk)
                  --------
                    1.697   (66.7% logic, 33.3% route), 1 logic levels.

Unconstrained Preference:
   INPUT_SETUP PORT "gpio_key_row[2]" CLKNET "clk" 

Report:    2.292ns delay gpio_key_row[2] to gpio_key_row[2]_MGIOL (1.697ns delay and 0.595ns setup)

   Name    Fanout   Delay (ns)          Site               Resource
PADI_DEL    ---     1.132         32.PAD to       32.PADDI gpio_key_row[2]
ROUTE         1     0.565       32.PADDI to    IOL_T10D.DI gpio_key_row_in[2] (to clk)
                  --------
                    1.697   (66.7% logic, 33.3% route), 1 logic levels.

Unconstrained Preference:
   INPUT_SETUP PORT "gpio_key_row[3]" CLKNET "clk" 

Report:    2.292ns delay gpio_key_row[3] to gpio_key_row[3]_MGIOL (1.697ns delay and 0.595ns setup)

   Name    Fanout   Delay (ns)          Site               Resource
PADI_DEL    ---     1.132          1.PAD to        1.PADDI gpio_key_row[3]
ROUTE         1     0.565        1.PADDI to    IOL_T10C.DI gpio_key_row_in[3] (to clk)
                  --------
                    1.697   (66.7% logic, 33.3% route), 1 logic levels.

Unconstrained Preference:
   INPUT_SETUP PORT "rx" CLKNET "clk" 

Report:    2.292ns delay rx to rx_MGIOL (1.697ns delay and 0.595ns setup)

   Name    Fanout   Delay (ns)          Site               Resource
PADI_DEL    ---     1.132         25.PAD to       25.PADDI rx
ROUTE         1     0.565       25.PADDI to    IOL_T15D.DI rx_c (to clk)
                  --------
                    1.697   (66.7% logic, 33.3% route), 1 logic levels.

Unconstrained Preference:
   INPUT_SETUP PORT "sd_miso" CLKNET "clk" 

Report:    2.292ns delay sd_miso to sd_miso_MGIOL (1.697ns delay and 0.595ns setup)

   Name    Fanout   Delay (ns)          Site               Resource
PADI_DEL    ---     1.132         28.PAD to       28.PADDI sd_miso
ROUTE         1     0.565       28.PADDI to    IOL_T12C.DI sd_miso_c (to clk)
                  --------
                    1.697   (66.7% logic, 33.3% route), 1 logic levels.

Unconstrained Preference:
   INPUT_SETUP PORT "gpio_miso" CLKNET "clk" 

Report:    2.111ns delay gpio_miso to gpio_miso_MGIOL (1.516ns delay and 0.595ns setup)

   Name    Fanout   Delay (ns)          Site               Resource
PADI_DEL    ---     1.132         10.PAD to       10.PADDI gpio_miso
ROUTE         1     0.384       10.PADDI to     IOL_B6D.DI gpio_miso_c (to clk)
                  --------
                    1.516   (74.7% logic, 25.3% route), 1 logic levels.


================================================================================
Preference: Unconstrained: CLOCK_TO_OUT
            18 unconstrained paths found
--------------------------------------------------------------------------------

Unconstrained Preference:
   CLOCK_TO_OUT PORT "gpio_key_row[3]" CLKNET "clk" 

Report:    7.600ns delay system/SLICE_159 to gpio_key_row[3]

   Name    Fanout   Delay (ns)          Site               Resource
REG_DEL     ---     0.452     R8C15B.CLK to      R8C15B.Q0 system/SLICE_159 (from clk)
ROUTE         2     2.968      R8C15B.Q0 to        1.PADDT system/bus/host_miso_oe
TDTS_DEL    ---     4.180        1.PADDT to          1.PAD gpio_key_row[3]
                  --------
                    7.600   (60.9% logic, 39.1% route), 2 logic levels.

Unconstrained Preference:
   CLOCK_TO_OUT PORT "sd_mosi" CLKNET "clk" 

Report:    7.108ns delay system/bus/byte_sd/SLICE_82 to sd_mosi

   Name    Fanout   Delay (ns)          Site               Resource
REG_DEL     ---     0.452     R3C15B.CLK to      R3C15B.Q0 system/bus/byte_sd/SLICE_82 (from clk)
ROUTE        22     1.440      R3C15B.Q0 to      R2C16C.B1 system/bus/byte_sd/busy
CTOF_DEL    ---     0.495      R2C16C.B1 to      R2C16C.F1 system/SLICE_250
ROUTE         1     1.924      R2C16C.F1 to       21.PADDO sd_mosi_c
DOPAD_DEL   ---     2.797       21.PADDO to         21.PAD sd_mosi
                  --------
                    7.108   (52.7% logic, 47.3% route), 3 logic levels.

Unconstrained Preference:
   CLOCK_TO_OUT PORT "tx" CLKNET "clk" 

Report:    6.835ns delay system/bus/SLICE_414 to tx

   Name    Fanout   Delay (ns)          Site               Resource
REG_DEL     ---     0.452     R4C17D.CLK to      R4C17D.Q0 system/bus/SLICE_414 (from clk)
ROUTE         2     1.343      R4C17D.Q0 to      R2C18C.B1 system/bus/fixed_uart.console/tx_break
CTOF_DEL    ---     0.495      R2C18C.B1 to      R2C18C.F1 system/bus/fixed_uart.console/SLICE_123
ROUTE         1     1.748      R2C18C.F1 to       23.PADDO tx_c
DOPAD_DEL   ---     2.797       23.PADDO to         23.PAD tx
                  --------
                    6.835   (54.8% logic, 45.2% route), 3 logic levels.

Unconstrained Preference:
   CLOCK_TO_OUT PORT "sd_mosi" CLKNET "clk" 

Report:    6.632ns delay system/bus/byte_sd/SLICE_93 to sd_mosi

   Name    Fanout   Delay (ns)          Site               Resource
REG_DEL     ---     0.452     R3C16B.CLK to      R3C16B.Q1 system/bus/byte_sd/SLICE_93 (from clk)
ROUTE         1     0.964      R3C16B.Q1 to      R2C16C.A1 system/bus/byte_sd/tx_shift[7]
CTOF_DEL    ---     0.495      R2C16C.A1 to      R2C16C.F1 system/SLICE_250
ROUTE         1     1.924      R2C16C.F1 to       21.PADDO sd_mosi_c
DOPAD_DEL   ---     2.797       21.PADDO to         21.PAD sd_mosi
                  --------
                    6.632   (56.5% logic, 43.5% route), 3 logic levels.

Unconstrained Preference:
   CLOCK_TO_OUT PORT "sd_cs_n" CLKNET "clk" 

Report:    6.596ns delay system/SLICE_74 to sd_cs_n

   Name    Fanout   Delay (ns)          Site               Resource
REG_DEL     ---     0.452     R5C16D.CLK to      R5C16D.Q0 system/SLICE_74 (from clk)
ROUTE         2     3.347      R5C16D.Q0 to        5.PADDO sd_cs_n_c
DOPAD_DEL   ---     2.797        5.PADDO to          5.PAD sd_cs_n
                  --------
                    6.596   (49.3% logic, 50.7% route), 2 logic levels.

Unconstrained Preference:
   CLOCK_TO_OUT PORT "tx" CLKNET "clk" 

Report:    6.459ns delay system/bus/fixed_uart.console/SLICE_119 to tx

   Name    Fanout   Delay (ns)          Site               Resource
REG_DEL     ---     0.452     R2C18B.CLK to      R2C18B.Q0 system/bus/fixed_uart.console/SLICE_119 (from clk)
ROUTE         1     0.967      R2C18B.Q0 to      R2C18C.A1 system/bus/fixed_uart.console/tx_shift[0]
CTOF_DEL    ---     0.495      R2C18C.A1 to      R2C18C.F1 system/bus/fixed_uart.console/SLICE_123
ROUTE         1     1.748      R2C18C.F1 to       23.PADDO tx_c
DOPAD_DEL   ---     2.797       23.PADDO to         23.PAD tx
                  --------
                    6.459   (58.0% logic, 42.0% route), 3 logic levels.

Unconstrained Preference:
   CLOCK_TO_OUT PORT "tx" CLKNET "clk" 

Report:    6.261ns delay system/bus/fixed_uart.console/SLICE_110 to tx

   Name    Fanout   Delay (ns)          Site               Resource
REG_DEL     ---     0.452     R2C19C.CLK to      R2C19C.Q0 system/bus/fixed_uart.console/SLICE_110 (from clk)
ROUTE        20     0.769      R2C19C.Q0 to      R2C18C.C1 system/bus/fixed_uart.console/tx_busy
CTOF_DEL    ---     0.495      R2C18C.C1 to      R2C18C.F1 system/bus/fixed_uart.console/SLICE_123
ROUTE         1     1.748      R2C18C.F1 to       23.PADDO tx_c
DOPAD_DEL   ---     2.797       23.PADDO to         23.PAD tx
                  --------
                    6.261   (59.8% logic, 40.2% route), 3 logic levels.

Unconstrained Preference:
   CLOCK_TO_OUT PORT "gpio_msck" CLKNET "clk" 

Report:    5.996ns delay system/bus/guest_memory/SLICE_69 to gpio_msck

   Name    Fanout   Delay (ns)          Site               Resource
REG_DEL     ---     0.452     R9C21B.CLK to      R9C21B.Q0 system/bus/guest_memory/SLICE_69 (from clk)
ROUTE         5     2.747      R9C21B.Q0 to        9.PADDO gpio_msck_c
DOPAD_DEL   ---     2.797        9.PADDO to          9.PAD gpio_msck
                  --------
                    5.996   (54.2% logic, 45.8% route), 2 logic levels.

Unconstrained Preference:
   CLOCK_TO_OUT PORT "gpio_key_row[3]" CLKNET "clk" 

Report:    5.963ns delay system/bus/SLICE_72 to gpio_key_row[3]

   Name    Fanout   Delay (ns)          Site               Resource
REG_DEL     ---     0.452     R9C13A.CLK to      R9C13A.Q0 system/bus/SLICE_72 (from clk)
ROUTE         3     2.714      R9C13A.Q0 to        1.PADDO host_miso
DOPAD_DEL   ---     2.797        1.PADDO to          1.PAD gpio_key_row[3]
                  --------
                    5.963   (54.5% logic, 45.5% route), 2 logic levels.

Unconstrained Preference:
   CLOCK_TO_OUT PORT "gpio_mcs" CLKNET "clk" 

Report:    5.952ns delay system/bus/guest_memory/SLICE_68 to gpio_mcs

   Name    Fanout   Delay (ns)          Site               Resource
REG_DEL     ---     0.452     R9C20C.CLK to      R9C20C.Q0 system/bus/guest_memory/SLICE_68 (from clk)
ROUTE         2     2.703      R9C20C.Q0 to        8.PADDO gpio_mcs_c
DOPAD_DEL   ---     2.797        8.PADDO to          8.PAD gpio_mcs
                  --------
                    5.952   (54.6% logic, 45.4% route), 2 logic levels.

Unconstrained Preference:
   CLOCK_TO_OUT PORT "gpio_reg_latch" CLKNET "clk" 

Report:    5.936ns delay system/bus/SLICE_70 to gpio_reg_latch

   Name    Fanout   Delay (ns)          Site               Resource
REG_DEL     ---     0.452     R9C15A.CLK to      R9C15A.Q0 system/bus/SLICE_70 (from clk)
ROUTE         3     2.687      R9C15A.Q0 to       20.PADDO gpio_reg_latch_c
DOPAD_DEL   ---     2.797       20.PADDO to         20.PAD gpio_reg_latch
                  --------
                    5.936   (54.7% logic, 45.3% route), 2 logic levels.

Unconstrained Preference:
   CLOCK_TO_OUT PORT "sd_sck" CLKNET "clk" 

Report:    5.877ns delay system/bus/byte_sd/SLICE_75 to sd_sck

   Name    Fanout   Delay (ns)          Site               Resource
REG_DEL     ---     0.452     R2C16B.CLK to      R2C16B.Q0 system/bus/byte_sd/SLICE_75 (from clk)
ROUTE         6     2.628      R2C16B.Q0 to       27.PADDO sd_sck_c
DOPAD_DEL   ---     2.797       27.PADDO to         27.PAD sd_sck
                  --------
                    5.877   (55.3% logic, 44.7% route), 2 logic levels.

Unconstrained Preference:
   CLOCK_TO_OUT PORT "gpio_din" CLKNET "clk" 

Report:    5.022ns delay system/bus/SLICE_67 to gpio_din

   Name    Fanout   Delay (ns)          Site               Resource
REG_DEL     ---     0.452     R9C15D.CLK to      R9C15D.Q0 system/bus/SLICE_67 (from clk)
ROUTE         2     1.773      R9C15D.Q0 to       16.PADDO gpio_din_c
DOPAD_DEL   ---     2.797       16.PADDO to         16.PAD gpio_din
                  --------
                    5.022   (64.7% logic, 35.3% route), 2 logic levels.

Unconstrained Preference:
   CLOCK_TO_OUT PORT "gpio_rs" CLKNET "clk" 

Report:    5.022ns delay system/bus/SLICE_71 to gpio_rs

   Name    Fanout   Delay (ns)          Site               Resource
REG_DEL     ---     0.452    R10C13C.CLK to     R10C13C.Q0 system/bus/SLICE_71 (from clk)
ROUTE         3     1.773     R10C13C.Q0 to       11.PADDO gpio_rs_c
DOPAD_DEL   ---     2.797       11.PADDO to         11.PAD gpio_rs
                  --------
                    5.022   (64.7% logic, 35.3% route), 2 logic levels.

Unconstrained Preference:
   CLOCK_TO_OUT PORT "gpio_clk" CLKNET "clk" 

Report:    5.013ns delay system/bus/SLICE_66 to gpio_clk

   Name    Fanout   Delay (ns)          Site               Resource
REG_DEL     ---     0.452    R10C14D.CLK to     R10C14D.Q0 system/bus/SLICE_66 (from clk)
ROUTE         3     1.764     R10C14D.Q0 to       12.PADDO gpio_clk_c
DOPAD_DEL   ---     2.797       12.PADDO to         12.PAD gpio_clk
                  --------
                    5.013   (64.8% logic, 35.2% route), 2 logic levels.

Unconstrained Preference:
   CLOCK_TO_OUT PORT "gpio_blank" CLKNET "clk" 

Report:    4.898ns delay system/bus/SLICE_64 to gpio_blank

   Name    Fanout   Delay (ns)          Site               Resource
REG_DEL     ---     0.452    R10C15C.CLK to     R10C15C.Q0 system/bus/SLICE_64 (from clk)
ROUTE         2     1.649     R10C15C.Q0 to       13.PADDO gpio_blank_c
DOPAD_DEL   ---     2.797       13.PADDO to         13.PAD gpio_blank
                  --------
                    4.898   (66.3% logic, 33.7% route), 2 logic levels.

Unconstrained Preference:
   CLOCK_TO_OUT PORT "gpio_ce" CLKNET "clk" 

Report:    4.823ns delay system/bus/SLICE_65 to gpio_ce

   Name    Fanout   Delay (ns)          Site               Resource
REG_DEL     ---     0.452    R10C14A.CLK to     R10C14A.Q0 system/bus/SLICE_65 (from clk)
ROUTE         3     1.574     R10C14A.Q0 to       14.PADDO gpio_ce_c
DOPAD_DEL   ---     2.797       14.PADDO to         14.PAD gpio_ce
                  --------
                    4.823   (67.4% logic, 32.6% route), 2 logic levels.

Unconstrained Preference:
   CLOCK_TO_OUT PORT "gpio_mosi" CLKNET "clk" 

Report:    3.407ns delay gpio_mosi_MGIOL to gpio_mosi

   Name    Fanout   Delay (ns)          Site               Resource
C2OUT_DEL   ---     0.567   IOL_B20D.CLK to IOL_B20D.IOLDO gpio_mosi_MGIOL (from clk)
ROUTE         1     0.043 IOL_B20D.IOLDO to       17.IOLDO gpio_mosi_c
OP0PAD_DEL  ---     2.797       17.IOLDO to         17.PAD gpio_mosi
                  --------
                    3.407   (98.7% logic, 1.3% route), 2 logic levels.


================================================================================
Preference: Unconstrained: MAXDELAY
            0 unconstrained paths found
--------------------------------------------------------------------------------

Report Summary
--------------
----------------------------------------------------------------------------
Preference                              |   Constraint|       Actual|Levels
----------------------------------------------------------------------------
                                        |             |             |
FREQUENCY NET "clk" 29.560000 MHz ;     |   29.560 MHz|   31.524 MHz|  16  
                                        |             |             |
----------------------------------------------------------------------------


All preferences were met.


Clock Domains Analysis
------------------------

Found 1 clocks:

Clock Domain: clk   Source: oscillator.OSC   Loads: 244
   Covered under: FREQUENCY NET "clk" 29.560000 MHz ;


--------------------------------------------------------------------------------
                Connections not covered by the preferences
--------------------------------------------------------------------------------

     Delay                        Element                 Net

    0.565ns pio_key_row[0].PADDI to _key_row[0]_MGIOL.DI gpio_key_row_in[0]
    0.565ns        sd_miso.PADDI to     sd_miso_MGIOL.DI sd_miso_c
    0.565ns             rx.PADDI to          rx_MGIOL.DI rx_c
    0.565ns pio_key_row[1].PADDI to _key_row[1]_MGIOL.DI gpio_key_row_in[1]
    0.565ns pio_key_row[2].PADDI to _key_row[2]_MGIOL.DI gpio_key_row_in[2]
    0.565ns pio_key_row[3].PADDI to _key_row[3]_MGIOL.DI gpio_key_row_in[3]
    0.384ns      gpio_miso.PADDI to   gpio_miso_MGIOL.DI gpio_miso_c
    3.617ns            res.PADDI to        SLICE_380.LSR res_c

--------------------------------------------------------------------------------


Timing summary (Setup):
---------------

Timing errors: 0  Score: 0
Cumulative negative slack: 0

Constraints cover 3199368 paths, 1 nets, and 5237 connections (99.85% coverage)

--------------------------------------------------------------------------------
Lattice TRACE Report - Hold, Version Diamond (64-bit) 3.14.0.75.2
Fri Sep 11 14:21:13 2026

Copyright (c) 1991-1994 by NeoCAD Inc. All rights reserved.
Copyright (c) 1995 AT&T Corp.   All rights reserved.
Copyright (c) 1995-2001 Lucent Technologies Inc.  All rights reserved.
Copyright (c) 2001 Agere Systems   All rights reserved.
Copyright (c) 2002-2024 Lattice Semiconductor Corporation,  All rights reserved.

Report Information
------------------
Command line:    trce -v 10 -c -u 0 -gt -sethld -sp 4 -sphld m -o cp54a_impl1.twr cp54a_impl1.ncd cp54a_impl1.prf 
Design file:     cp54a_impl1.ncd
Preference file: cp54a_impl1.prf
Device,speed:    LCMXO2-1200HC,m
Report level:    verbose report, limited to 10 items per preference
--------------------------------------------------------------------------------

BLOCK ASYNCPATHS
BLOCK RESETPATHS
--------------------------------------------------------------------------------



================================================================================
Preference: FREQUENCY NET "clk" 29.560000 MHz ;
            4096 items scored, 0 timing errors detected.
--------------------------------------------------------------------------------


Passed: The following path meets requirements by 0.292ns

 Logical Details:  Cell type  Pin type       Cell/ASIC name  (clock net +/-)

   Source:         Sync_RAM   Q              system/cpu/engine/dp/rf/words_ram/RAM0  (from clk +)
   Destination:    FF         Data in        system/bus/boot_release_armed  (to clk +)

   Delay:               0.279ns  (98.9% logic, 1.1% route), 1 logic levels.

 Constraint Details:

      0.279ns physical path delay system/SLICE_44 to system/SLICE_44 meets
     -0.013ns DIN_HLD and
      0.000ns delay constraint less
      0.000ns skew requirement (totaling -0.013ns) by 0.292ns

 Physical Path Details:

      Data path system/SLICE_44 to system/SLICE_44:

   Name    Fanout   Delay (ns)          Site               Resource
CLKTOF_DEL  ---     0.276      R4C6A.WCK to       R4C6A.F1 system/SLICE_44 (from clk)
ROUTE        40     0.003       R4C6A.F1 to      R4C6A.DI1 system/address[1] (to clk)
                  --------
                    0.279   (98.9% logic, 1.1% route), 1 logic levels.

 Clock Skew Details: 

      Source Clock Path oscillator to system/SLICE_44:

   Name    Fanout   Delay (ns)          Site               Resource
ROUTE       244     1.216        OSC.OSC to      R4C6A.WCK clk
                  --------
                    1.216   (0.0% logic, 100.0% route), 0 logic levels.

      Destination Clock Path oscillator to system/SLICE_44:

   Name    Fanout   Delay (ns)          Site               Resource
ROUTE       244     1.216        OSC.OSC to      R4C6A.CLK clk
                  --------
                    1.216   (0.0% logic, 100.0% route), 0 logic levels.


Passed: The following path meets requirements by 0.304ns

 Logical Details:  Cell type  Pin type       Cell/ASIC name  (clock net +/-)

   Source:         FF         Q              reset_sync[1]  (from clk +)
   Destination:    FF         Data in        reset_sync[0]  (to clk +)

   Delay:               0.285ns  (46.7% logic, 53.3% route), 1 logic levels.

 Constraint Details:

      0.285ns physical path delay SLICE_380 to SLICE_380 meets
     -0.019ns M_HLD and
      0.000ns delay constraint less
      0.000ns skew requirement (totaling -0.019ns) by 0.304ns

 Physical Path Details:

      Data path SLICE_380 to SLICE_380:

   Name    Fanout   Delay (ns)          Site               Resource
REG_DEL     ---     0.133     R5C11C.CLK to      R5C11C.Q1 SLICE_380 (from clk)
ROUTE         1     0.152      R5C11C.Q1 to      R5C11C.M0 reset_sync[1] (to clk)
                  --------
                    0.285   (46.7% logic, 53.3% route), 1 logic levels.

 Clock Skew Details: 

      Source Clock Path oscillator to SLICE_380:

   Name    Fanout   Delay (ns)          Site               Resource
ROUTE       244     1.216        OSC.OSC to     R5C11C.CLK clk
                  --------
                    1.216   (0.0% logic, 100.0% route), 0 logic levels.

      Destination Clock Path oscillator to SLICE_380:

   Name    Fanout   Delay (ns)          Site               Resource
ROUTE       244     1.216        OSC.OSC to     R5C11C.CLK clk
                  --------
                    1.216   (0.0% logic, 100.0% route), 0 logic levels.


Passed: The following path meets requirements by 0.304ns

 Logical Details:  Cell type  Pin type       Cell/ASIC name  (clock net +/-)

   Source:         FF         Q              system/bus/fixed_uart.console/cts_sync[0]  (from clk +)
   Destination:    FF         Data in        system/bus/fixed_uart.console/cts_sync[1]  (to clk +)

   Delay:               0.285ns  (46.7% logic, 53.3% route), 1 logic levels.

 Constraint Details:

      0.285ns physical path delay system/bus/fixed_uart.console/SLICE_94 to system/bus/fixed_uart.console/SLICE_94 meets
     -0.019ns M_HLD and
      0.000ns delay constraint less
      0.000ns skew requirement (totaling -0.019ns) by 0.304ns

 Physical Path Details:

      Data path system/bus/fixed_uart.console/SLICE_94 to system/bus/fixed_uart.console/SLICE_94:

   Name    Fanout   Delay (ns)          Site               Resource
REG_DEL     ---     0.133     R2C19B.CLK to      R2C19B.Q0 system/bus/fixed_uart.console/SLICE_94 (from clk)
ROUTE         1     0.152      R2C19B.Q0 to      R2C19B.M1 system/bus/fixed_uart.console/cts_sync[0] (to clk)
                  --------
                    0.285   (46.7% logic, 53.3% route), 1 logic levels.

 Clock Skew Details: 

      Source Clock Path oscillator to system/bus/fixed_uart.console/SLICE_94:

   Name    Fanout   Delay (ns)          Site               Resource
ROUTE       244     1.216        OSC.OSC to     R2C19B.CLK clk
                  --------
                    1.216   (0.0% logic, 100.0% route), 0 logic levels.

      Destination Clock Path oscillator to system/bus/fixed_uart.console/SLICE_94:

   Name    Fanout   Delay (ns)          Site               Resource
ROUTE       244     1.216        OSC.OSC to     R2C19B.CLK clk
                  --------
                    1.216   (0.0% logic, 100.0% route), 0 logic levels.


Passed: The following path meets requirements by 0.304ns

 Logical Details:  Cell type  Pin type       Cell/ASIC name  (clock net +/-)

   Source:         FF         Q              system/bus/fixed_uart.console/rx_shift[0]  (from clk +)
   Destination:    FF         Data in        system/bus/fixed_uart.console/rx_buffer[0]  (to clk +)

   Delay:               0.285ns  (46.7% logic, 53.3% route), 1 logic levels.

 Constraint Details:

      0.285ns physical path delay system/bus/fixed_uart.console/SLICE_579 to system/bus/fixed_uart.console/SLICE_415 meets
     -0.019ns M_HLD and
      0.000ns delay constraint less
      0.000ns skew requirement (totaling -0.019ns) by 0.304ns

 Physical Path Details:

      Data path system/bus/fixed_uart.console/SLICE_579 to system/bus/fixed_uart.console/SLICE_415:

   Name    Fanout   Delay (ns)          Site               Resource
REG_DEL     ---     0.133     R4C20B.CLK to      R4C20B.Q0 system/bus/fixed_uart.console/SLICE_579 (from clk)
ROUTE         1     0.152      R4C20B.Q0 to      R4C20C.M0 system/bus/fixed_uart.console/rx_shift[0] (to clk)
                  --------
                    0.285   (46.7% logic, 53.3% route), 1 logic levels.

 Clock Skew Details: 

      Source Clock Path oscillator to system/bus/fixed_uart.console/SLICE_579:

   Name    Fanout   Delay (ns)          Site               Resource
ROUTE       244     1.216        OSC.OSC to     R4C20B.CLK clk
                  --------
                    1.216   (0.0% logic, 100.0% route), 0 logic levels.

      Destination Clock Path oscillator to system/bus/fixed_uart.console/SLICE_415:

   Name    Fanout   Delay (ns)          Site               Resource
ROUTE       244     1.216        OSC.OSC to     R4C20C.CLK clk
                  --------
                    1.216   (0.0% logic, 100.0% route), 0 logic levels.


Passed: The following path meets requirements by 0.306ns

 Logical Details:  Cell type  Pin type       Cell/ASIC name  (clock net +/-)

   Source:         FF         Q              system/bus/timebase/state[17]  (from clk +)
   Destination:    FF         Data in        system/bus/timebase/state[18]  (to clk +)

   Delay:               0.287ns  (46.3% logic, 53.7% route), 1 logic levels.

 Constraint Details:

      0.287ns physical path delay SLICE_188 to SLICE_188 meets
     -0.019ns M_HLD and
      0.000ns delay constraint less
      0.000ns skew requirement (totaling -0.019ns) by 0.306ns

 Physical Path Details:

      Data path SLICE_188 to SLICE_188:

   Name    Fanout   Delay (ns)          Site               Resource
REG_DEL     ---     0.133     R5C19B.CLK to      R5C19B.Q0 SLICE_188 (from clk)
ROUTE         2     0.154      R5C19B.Q0 to      R5C19B.M1 system/bus/timebase/state[17] (to clk)
                  --------
                    0.287   (46.3% logic, 53.7% route), 1 logic levels.

 Clock Skew Details: 

      Source Clock Path oscillator to SLICE_188:

   Name    Fanout   Delay (ns)          Site               Resource
ROUTE       244     1.216        OSC.OSC to     R5C19B.CLK clk
                  --------
                    1.216   (0.0% logic, 100.0% route), 0 logic levels.

      Destination Clock Path oscillator to SLICE_188:

   Name    Fanout   Delay (ns)          Site               Resource
ROUTE       244     1.216        OSC.OSC to     R5C19B.CLK clk
                  --------
                    1.216   (0.0% logic, 100.0% route), 0 logic levels.


Passed: The following path meets requirements by 0.306ns

 Logical Details:  Cell type  Pin type       Cell/ASIC name  (clock net +/-)

   Source:         FF         Q              system/bus/fixed_uart.console/rx_shift[7]  (from clk +)
   Destination:    FF         Data in        system/bus/fixed_uart.console/rx_shift[6]  (to clk +)

   Delay:               0.287ns  (46.3% logic, 53.7% route), 1 logic levels.

 Constraint Details:

      0.287ns physical path delay system/bus/SLICE_580 to system/bus/SLICE_580 meets
     -0.019ns M_HLD and
      0.000ns delay constraint less
      0.000ns skew requirement (totaling -0.019ns) by 0.306ns

 Physical Path Details:

      Data path system/bus/SLICE_580 to system/bus/SLICE_580:

   Name    Fanout   Delay (ns)          Site               Resource
REG_DEL     ---     0.133     R4C18B.CLK to      R4C18B.Q1 system/bus/SLICE_580 (from clk)
ROUTE         2     0.154      R4C18B.Q1 to      R4C18B.M0 system/bus/fixed_uart.console/rx_shift[7] (to clk)
                  --------
                    0.287   (46.3% logic, 53.7% route), 1 logic levels.

 Clock Skew Details: 

      Source Clock Path oscillator to system/bus/SLICE_580:

   Name    Fanout   Delay (ns)          Site               Resource
ROUTE       244     1.216        OSC.OSC to     R4C18B.CLK clk
                  --------
                    1.216   (0.0% logic, 100.0% route), 0 logic levels.

      Destination Clock Path oscillator to system/bus/SLICE_580:

   Name    Fanout   Delay (ns)          Site               Resource
ROUTE       244     1.216        OSC.OSC to     R4C18B.CLK clk
                  --------
                    1.216   (0.0% logic, 100.0% route), 0 logic levels.


Passed: The following path meets requirements by 0.306ns

 Logical Details:  Cell type  Pin type       Cell/ASIC name  (clock net +/-)

   Source:         FF         Q              system/bus/fixed_uart.console/rx_shift[1]  (from clk +)
   Destination:    FF         Data in        system/bus/fixed_uart.console/rx_shift[0]  (to clk +)

   Delay:               0.287ns  (46.3% logic, 53.7% route), 1 logic levels.

 Constraint Details:

      0.287ns physical path delay system/bus/fixed_uart.console/SLICE_579 to system/bus/fixed_uart.console/SLICE_579 meets
     -0.019ns M_HLD and
      0.000ns delay constraint less
      0.000ns skew requirement (totaling -0.019ns) by 0.306ns

 Physical Path Details:

      Data path system/bus/fixed_uart.console/SLICE_579 to system/bus/fixed_uart.console/SLICE_579:

   Name    Fanout   Delay (ns)          Site               Resource
REG_DEL     ---     0.133     R4C20B.CLK to      R4C20B.Q1 system/bus/fixed_uart.console/SLICE_579 (from clk)
ROUTE         2     0.154      R4C20B.Q1 to      R4C20B.M0 system/bus/fixed_uart.console/rx_shift[1] (to clk)
                  --------
                    0.287   (46.3% logic, 53.7% route), 1 logic levels.

 Clock Skew Details: 

      Source Clock Path oscillator to system/bus/fixed_uart.console/SLICE_579:

   Name    Fanout   Delay (ns)          Site               Resource
ROUTE       244     1.216        OSC.OSC to     R4C20B.CLK clk
                  --------
                    1.216   (0.0% logic, 100.0% route), 0 logic levels.

      Destination Clock Path oscillator to system/bus/fixed_uart.console/SLICE_579:

   Name    Fanout   Delay (ns)          Site               Resource
ROUTE       244     1.216        OSC.OSC to     R4C20B.CLK clk
                  --------
                    1.216   (0.0% logic, 100.0% route), 0 logic levels.


Passed: The following path meets requirements by 0.306ns

 Logical Details:  Cell type  Pin type       Cell/ASIC name  (clock net +/-)

   Source:         FF         Q              system/bus/fixed_uart.console/rx_shift[1]  (from clk +)
   Destination:    FF         Data in        system/bus/fixed_uart.console/rx_buffer[1]  (to clk +)

   Delay:               0.287ns  (46.3% logic, 53.7% route), 1 logic levels.

 Constraint Details:

      0.287ns physical path delay system/bus/fixed_uart.console/SLICE_579 to system/bus/fixed_uart.console/SLICE_415 meets
     -0.019ns M_HLD and
      0.000ns delay constraint less
      0.000ns skew requirement (totaling -0.019ns) by 0.306ns

 Physical Path Details:

      Data path system/bus/fixed_uart.console/SLICE_579 to system/bus/fixed_uart.console/SLICE_415:

   Name    Fanout   Delay (ns)          Site               Resource
REG_DEL     ---     0.133     R4C20B.CLK to      R4C20B.Q1 system/bus/fixed_uart.console/SLICE_579 (from clk)
ROUTE         2     0.154      R4C20B.Q1 to      R4C20C.M1 system/bus/fixed_uart.console/rx_shift[1] (to clk)
                  --------
                    0.287   (46.3% logic, 53.7% route), 1 logic levels.

 Clock Skew Details: 

      Source Clock Path oscillator to system/bus/fixed_uart.console/SLICE_579:

   Name    Fanout   Delay (ns)          Site               Resource
ROUTE       244     1.216        OSC.OSC to     R4C20B.CLK clk
                  --------
                    1.216   (0.0% logic, 100.0% route), 0 logic levels.

      Destination Clock Path oscillator to system/bus/fixed_uart.console/SLICE_415:

   Name    Fanout   Delay (ns)          Site               Resource
ROUTE       244     1.216        OSC.OSC to     R4C20C.CLK clk
                  --------
                    1.216   (0.0% logic, 100.0% route), 0 logic levels.


Passed: The following path meets requirements by 0.306ns

 Logical Details:  Cell type  Pin type       Cell/ASIC name  (clock net +/-)

   Source:         FF         Q              system/bus/fixed_uart.console/rx_shift[5]  (from clk +)
   Destination:    FF         Data in        system/bus/fixed_uart.console/rx_shift[4]  (to clk +)

   Delay:               0.287ns  (46.3% logic, 53.7% route), 1 logic levels.

 Constraint Details:

      0.287ns physical path delay system/bus/fixed_uart.console/SLICE_417 to system/bus/fixed_uart.console/SLICE_417 meets
     -0.019ns M_HLD and
      0.000ns delay constraint less
      0.000ns skew requirement (totaling -0.019ns) by 0.306ns

 Physical Path Details:

      Data path system/bus/fixed_uart.console/SLICE_417 to system/bus/fixed_uart.console/SLICE_417:

   Name    Fanout   Delay (ns)          Site               Resource
REG_DEL     ---     0.133     R3C19A.CLK to      R3C19A.Q1 system/bus/fixed_uart.console/SLICE_417 (from clk)
ROUTE         2     0.154      R3C19A.Q1 to      R3C19A.M0 system/bus/fixed_uart.console/rx_shift[5] (to clk)
                  --------
                    0.287   (46.3% logic, 53.7% route), 1 logic levels.

 Clock Skew Details: 

      Source Clock Path oscillator to system/bus/fixed_uart.console/SLICE_417:

   Name    Fanout   Delay (ns)          Site               Resource
ROUTE       244     1.216        OSC.OSC to     R3C19A.CLK clk
                  --------
                    1.216   (0.0% logic, 100.0% route), 0 logic levels.

      Destination Clock Path oscillator to system/bus/fixed_uart.console/SLICE_417:

   Name    Fanout   Delay (ns)          Site               Resource
ROUTE       244     1.216        OSC.OSC to     R3C19A.CLK clk
                  --------
                    1.216   (0.0% logic, 100.0% route), 0 logic levels.


Passed: The following path meets requirements by 0.306ns

 Logical Details:  Cell type  Pin type       Cell/ASIC name  (clock net +/-)

   Source:         FF         Q              system/bus/byte_sd/rx_shift[5]  (from clk +)
   Destination:    FF         Data in        system/bus/byte_sd/rx_shift[6]  (to clk +)

   Delay:               0.287ns  (46.3% logic, 53.7% route), 1 logic levels.

 Constraint Details:

      0.287ns physical path delay system/bus/SLICE_421 to system/bus/SLICE_421 meets
     -0.019ns M_HLD and
      0.000ns delay constraint less
      0.000ns skew requirement (totaling -0.019ns) by 0.306ns

 Physical Path Details:

      Data path system/bus/SLICE_421 to system/bus/SLICE_421:

   Name    Fanout   Delay (ns)          Site               Resource
REG_DEL     ---     0.133     R7C14B.CLK to      R7C14B.Q0 system/bus/SLICE_421 (from clk)
ROUTE         2     0.154      R7C14B.Q0 to      R7C14B.M1 system/bus/byte_sd/rdata_8[5] (to clk)
                  --------
                    0.287   (46.3% logic, 53.7% route), 1 logic levels.

 Clock Skew Details: 

      Source Clock Path oscillator to system/bus/SLICE_421:

   Name    Fanout   Delay (ns)          Site               Resource
ROUTE       244     1.216        OSC.OSC to     R7C14B.CLK clk
                  --------
                    1.216   (0.0% logic, 100.0% route), 0 logic levels.

      Destination Clock Path oscillator to system/bus/SLICE_421:

   Name    Fanout   Delay (ns)          Site               Resource
ROUTE       244     1.216        OSC.OSC to     R7C14B.CLK clk
                  --------
                    1.216   (0.0% logic, 100.0% route), 0 logic levels.

Report Summary
--------------
----------------------------------------------------------------------------
Preference(MIN Delays)                  |   Constraint|       Actual|Levels
----------------------------------------------------------------------------
                                        |             |             |
FREQUENCY NET "clk" 29.560000 MHz ;     |     0.000 ns|     0.292 ns|   1  
                                        |             |             |
----------------------------------------------------------------------------


All preferences were met.


Clock Domains Analysis
------------------------

Found 1 clocks:

Clock Domain: clk   Source: oscillator.OSC   Loads: 244
   Covered under: FREQUENCY NET "clk" 29.560000 MHz ;


--------------------------------------------------------------------------------
                Connections not covered by the preferences
--------------------------------------------------------------------------------

     Delay                        Element                 Net

    0.177ns pio_key_row[0].PADDI to _key_row[0]_MGIOL.DI gpio_key_row_in[0]
    0.177ns        sd_miso.PADDI to     sd_miso_MGIOL.DI sd_miso_c
    0.177ns             rx.PADDI to          rx_MGIOL.DI rx_c
    0.177ns pio_key_row[1].PADDI to _key_row[1]_MGIOL.DI gpio_key_row_in[1]
    0.177ns pio_key_row[2].PADDI to _key_row[2]_MGIOL.DI gpio_key_row_in[2]
    0.177ns pio_key_row[3].PADDI to _key_row[3]_MGIOL.DI gpio_key_row_in[3]
    0.127ns      gpio_miso.PADDI to   gpio_miso_MGIOL.DI gpio_miso_c
    1.217ns            res.PADDI to        SLICE_380.LSR res_c

--------------------------------------------------------------------------------


Timing summary (Hold):
---------------

Timing errors: 0  Score: 0
Cumulative negative slack: 0

Constraints cover 3199368 paths, 1 nets, and 5237 connections (99.85% coverage)



Timing summary (Setup and Hold):
---------------

Timing errors: 0 (setup), 0 (hold)
Score: 0 (setup), 0 (hold)
Cumulative negative slack: 0 (0+0)
--------------------------------------------------------------------------------

--------------------------------------------------------------------------------

