KEY start 18 cycles1308639 last177777
KEY done 18 cycles1687755 last177777
KEY start 18 cycles1687755 last177777
KEY done 18 cycles2063901 last177777
KEY start 18 cycles2063901 last177777
KEY done 18 cycles2440014 last177777
KEY start 18 cycles2440014 last177777
KEY done 18 cycles2816103 last177777
KEY start 18 cycles2816103 last177777
KEY done 18 cycles3192282 last177777
KEY start 18 cycles3192282 last177777
KEY done 18 cycles3568317 last177777
KEY start 18 cycles3568317 last177777
KEY done 18 cycles3944460 last177777
KEY start 18 cycles3944460 last177777
KEY done 18 cycles4326914 last177777
KEY start 18 cycles4326914 last177777
KEY done 18 cycles4703088 last177777
KEY start 17 cycles4703088 last177777
KEY done 17 cycles5085514 last177777
KEY start 10 cycles5085514 last177777
KEY done 10 cycles5472539 last177777
KEY start 18 cycles5749378 last177777
KEY done 18 cycles6139982 last177777
KEY start 18 cycles6139982 last177777
KEY done 18 cycles6531440 last177777
KEY start 18 cycles6531440 last177777
KEY done 18 cycles6929617 last177777
KEY start 17 cycles6929617 last177777
KEY done 17 cycles7320758 last177777
KEY start 17 cycles7320758 last177777
KEY done 17 cycles7701065 last177777
KEY start 17 cycles7701065 last177777
KEY done 17 cycles8098132 last177777
AUTO scan timing: initial 2791204 clocks, interior 502568 clocks, two trips 49388583 clocks
KEY start 15 cycles75287640 last177777
KEY done 15 cycles75702154 last177777
KEY start 11 cycles75702154 last177777
KEY done 11 cycles75931295 last177777
KEY start 8 cycles75931295 last177777
KEY done 8 cycles76160242 last177777
KEY start 9 cycles76160242 last177777
KEY done 9 cycles76389177 last177777
KEY start 15 cycles76389177 last177777
KEY done 15 cycles76618004 last177777
KEY start 10 cycles76618004 last177777
KEY done 10 cycles76846828 last177777
KEY start 12 cycles77219855 last177777
KEY done 12 cycles77448882 last177777
KEY start 1 cycles77448882 last177777
KEY done 1 cycles77678460 last177777
KEY start 4 cycles77678460 last177777
KEY done 4 cycles77908053 last177777
KEY start 3 cycles77908053 last177777
KEY done 3 cycles78137601 last177777
KEY start 0 cycles78137601 last177777
KEY done 0 cycles78367119 last177777
KEY start 4 cycles78367119 last177777
KEY done 4 cycles78596682 last177777
KEY start 2 cycles78596682 last177777
KEY done 2 cycles78826200 last177777
KEY start 19 cycles78826200 last177777
KEY done 19 cycles79226670 last177777
KEY start 13 cycles99342626 last177777
KEY done 13 cycles99573029 last177777
KEY start 3 cycles99573029 last177777
KEY done 3 cycles99802619 last177777
KEY start 0 cycles99802619 last177777
KEY done 0 cycles100032179 last177777
KEY start 0 cycles100032179 last177777
KEY done 0 cycles100261739 last177777
KEY start 0 cycles100261739 last177777
KEY done 0 cycles100491299 last177777
KEY start 6 cycles100491299 last177777
KEY done 6 cycles100720907 last177777
PASS CP65: 2679 checks 85 windows 101603196 clocks
- /Users/sash/Work/PROJECTS/k1801vm1/uJ11-fpga/tb/odt_cp65_cases.vh:159: Verilog $finish
PASS CP64 monitor: 2679 checks 133 commands 101603196 clocks
- build/cp65-ui-ready/tb.v:146: Verilog $finish
- S i m u l a t i o n   R e p o r t: Verilator 5.050 2026-07-01
- Verilator: $finish at 1s; walltime 49.031 s; speed 20.722 ms/s
- Verilator: cpu 49.019 s on 1 threads; allocated 3 MB
