
 /----------------------------------------------------------------------------\
 |  yosys -- Yosys Open SYnthesis Suite                                       |
 |  Copyright (C) 2012 - 2026  Claire Xenia Wolf <claire@yosyshq.com>         |
 |  Distributed under an ISC-like license, type "license" to see terms        |
 \----------------------------------------------------------------------------/
 Yosys 0.69 (git sha1 9f75ca1f9, Release, Clang /workspace/YoWASP/yosys/wasi-sdk-33.0-x86_64-linux/share/cmake/../..//bin/clang++ 22.1.0)

-- Executing script file `cp47-proof-byte-mux-1-bank-alias.ys' --

1. Executing Verilog-2005 frontend: cp47-proof-byte-mux-1-bank-alias-gold.v
Parsing SystemVerilog input from `cp47-proof-byte-mux-1-bank-alias-gold.v' to AST representation.
Generating RTLIL representation for module `\gold'.
Successfully finished Verilog frontend.

2. Executing Verilog-2005 frontend: cp47-proof-byte-mux-1-bank-alias-gate.v
Parsing SystemVerilog input from `cp47-proof-byte-mux-1-bank-alias-gate.v' to AST representation.
Generating RTLIL representation for module `\gate'.
Successfully finished Verilog frontend.

3. Executing PROC pass (convert processes to netlists).

3.1. Executing PROC_CLEAN pass (remove empty switches from decision trees).
Cleaned up 0 empty switches.

3.2. Executing PROC_RMDEAD pass (remove dead branches from decision trees).
Marked 7 switch rules as full_case in process $proc$cp47-proof-byte-mux-1-bank-alias-gate.v:35$29 in module gate.
Marked 1 switch rules as full_case in process $proc$cp47-proof-byte-mux-1-bank-alias-gate.v:28$27 in module gate.
Marked 7 switch rules as full_case in process $proc$cp47-proof-byte-mux-1-bank-alias-gold.v:36$4 in module gold.
Marked 1 switch rules as full_case in process $proc$cp47-proof-byte-mux-1-bank-alias-gold.v:26$2 in module gold.
Removed a total of 0 dead cases.

3.3. Executing PROC_PRUNE pass (remove redundant assignments in processes).
Removed 4 redundant assignments.
Promoted 2 assignments to connections.

3.4. Executing PROC_INIT pass (extract init attributes).

3.5. Executing PROC_ARST pass (detect async resets in processes).

3.6. Executing PROC_ROM pass (convert switches to ROMs).
Converted 0 switches.
<suppressed ~26 debug messages>

3.7. Executing PROC_MUX pass (convert decision trees to multiplexers).
Creating decoders for process `\gate.$proc$cp47-proof-byte-mux-1-bank-alias-gate.v:35$29'.
     1/14: $0\rdata[15:0] [15:8]
     2/14: $0\rdata[15:0] [7:0]
     3/14: $0\ready[0:0]
     4/14: $0\divider[0:0]
     5/14: $0\bit_count[2:0]
     6/14: $0\rx[7:0]
     7/14: $0\tx[6:0]
     8/14: $0\seen[0:0]
     9/14: $0\active[0:0]
    10/14: $0\state[3:0]
    11/14: $0\spi_mosi[0:0]
    12/14: $0\spi_sck[0:0]
    13/14: $0\spi_cs_n[0:0]
    14/14: $0\error[0:0]
Creating decoders for process `\gate.$proc$cp47-proof-byte-mux-1-bank-alias-gate.v:28$27'.
     1/1: $1\next_byte[7:0]
Creating decoders for process `\gold.$proc$cp47-proof-byte-mux-1-bank-alias-gold.v:36$4'.
     1/14: $0\rdata[15:0] [15:8]
     2/14: $0\rdata[15:0] [7:0]
     3/14: $0\ready[0:0]
     4/14: $0\divider[0:0]
     5/14: $0\bit_count[2:0]
     6/14: $0\rx[7:0]
     7/14: $0\tx[6:0]
     8/14: $0\seen[0:0]
     9/14: $0\active[0:0]
    10/14: $0\state[3:0]
    11/14: $0\spi_mosi[0:0]
    12/14: $0\spi_sck[0:0]
    13/14: $0\spi_cs_n[0:0]
    14/14: $0\error[0:0]
Creating decoders for process `\gold.$proc$cp47-proof-byte-mux-1-bank-alias-gold.v:26$2'.
     1/1: $1\next_byte[7:0]

3.8. Executing PROC_DLATCH pass (convert process syncs to latches).
No latch inferred for signal `\gate.\next_byte' from process `\gate.$proc$cp47-proof-byte-mux-1-bank-alias-gate.v:28$27'.
No latch inferred for signal `\gold.\next_byte' from process `\gold.$proc$cp47-proof-byte-mux-1-bank-alias-gold.v:26$2'.

3.9. Executing PROC_DFF pass (convert process syncs to FFs).
Creating register for signal `\gate.\rdata' using process `\gate.$proc$cp47-proof-byte-mux-1-bank-alias-gate.v:35$29'.
  created $dff cell `$procdff$540' with positive edge clock.
Creating register for signal `\gate.\ready' using process `\gate.$proc$cp47-proof-byte-mux-1-bank-alias-gate.v:35$29'.
  created $dff cell `$procdff$541' with positive edge clock.
Creating register for signal `\gate.\error' using process `\gate.$proc$cp47-proof-byte-mux-1-bank-alias-gate.v:35$29'.
  created $dff cell `$procdff$542' with positive edge clock.
Creating register for signal `\gate.\spi_cs_n' using process `\gate.$proc$cp47-proof-byte-mux-1-bank-alias-gate.v:35$29'.
  created $dff cell `$procdff$543' with positive edge clock.
Creating register for signal `\gate.\spi_sck' using process `\gate.$proc$cp47-proof-byte-mux-1-bank-alias-gate.v:35$29'.
  created $dff cell `$procdff$544' with positive edge clock.
Creating register for signal `\gate.\spi_mosi' using process `\gate.$proc$cp47-proof-byte-mux-1-bank-alias-gate.v:35$29'.
  created $dff cell `$procdff$545' with positive edge clock.
Creating register for signal `\gate.\state' using process `\gate.$proc$cp47-proof-byte-mux-1-bank-alias-gate.v:35$29'.
  created $dff cell `$procdff$546' with positive edge clock.
Creating register for signal `\gate.\active' using process `\gate.$proc$cp47-proof-byte-mux-1-bank-alias-gate.v:35$29'.
  created $dff cell `$procdff$547' with positive edge clock.
Creating register for signal `\gate.\seen' using process `\gate.$proc$cp47-proof-byte-mux-1-bank-alias-gate.v:35$29'.
  created $dff cell `$procdff$548' with positive edge clock.
Creating register for signal `\gate.\tx' using process `\gate.$proc$cp47-proof-byte-mux-1-bank-alias-gate.v:35$29'.
  created $dff cell `$procdff$549' with positive edge clock.
Creating register for signal `\gate.\rx' using process `\gate.$proc$cp47-proof-byte-mux-1-bank-alias-gate.v:35$29'.
  created $dff cell `$procdff$550' with positive edge clock.
Creating register for signal `\gate.\bit_count' using process `\gate.$proc$cp47-proof-byte-mux-1-bank-alias-gate.v:35$29'.
  created $dff cell `$procdff$551' with positive edge clock.
Creating register for signal `\gate.\divider' using process `\gate.$proc$cp47-proof-byte-mux-1-bank-alias-gate.v:35$29'.
  created $dff cell `$procdff$552' with positive edge clock.
Creating register for signal `\gold.\rdata' using process `\gold.$proc$cp47-proof-byte-mux-1-bank-alias-gold.v:36$4'.
  created $dff cell `$procdff$553' with positive edge clock.
Creating register for signal `\gold.\ready' using process `\gold.$proc$cp47-proof-byte-mux-1-bank-alias-gold.v:36$4'.
  created $dff cell `$procdff$554' with positive edge clock.
Creating register for signal `\gold.\error' using process `\gold.$proc$cp47-proof-byte-mux-1-bank-alias-gold.v:36$4'.
  created $dff cell `$procdff$555' with positive edge clock.
Creating register for signal `\gold.\spi_cs_n' using process `\gold.$proc$cp47-proof-byte-mux-1-bank-alias-gold.v:36$4'.
  created $dff cell `$procdff$556' with positive edge clock.
Creating register for signal `\gold.\spi_sck' using process `\gold.$proc$cp47-proof-byte-mux-1-bank-alias-gold.v:36$4'.
  created $dff cell `$procdff$557' with positive edge clock.
Creating register for signal `\gold.\spi_mosi' using process `\gold.$proc$cp47-proof-byte-mux-1-bank-alias-gold.v:36$4'.
  created $dff cell `$procdff$558' with positive edge clock.
Creating register for signal `\gold.\state' using process `\gold.$proc$cp47-proof-byte-mux-1-bank-alias-gold.v:36$4'.
  created $dff cell `$procdff$559' with positive edge clock.
Creating register for signal `\gold.\active' using process `\gold.$proc$cp47-proof-byte-mux-1-bank-alias-gold.v:36$4'.
  created $dff cell `$procdff$560' with positive edge clock.
Creating register for signal `\gold.\seen' using process `\gold.$proc$cp47-proof-byte-mux-1-bank-alias-gold.v:36$4'.
  created $dff cell `$procdff$561' with positive edge clock.
Creating register for signal `\gold.\tx' using process `\gold.$proc$cp47-proof-byte-mux-1-bank-alias-gold.v:36$4'.
  created $dff cell `$procdff$562' with positive edge clock.
Creating register for signal `\gold.\rx' using process `\gold.$proc$cp47-proof-byte-mux-1-bank-alias-gold.v:36$4'.
  created $dff cell `$procdff$563' with positive edge clock.
Creating register for signal `\gold.\bit_count' using process `\gold.$proc$cp47-proof-byte-mux-1-bank-alias-gold.v:36$4'.
  created $dff cell `$procdff$564' with positive edge clock.
Creating register for signal `\gold.\divider' using process `\gold.$proc$cp47-proof-byte-mux-1-bank-alias-gold.v:36$4'.
  created $dff cell `$procdff$565' with positive edge clock.

3.10. Executing PROC_MEMWR pass (convert process memory writes to cells).

3.11. Executing PROC_CLEAN pass (remove empty switches from decision trees).
Found and cleaned up 12 empty switches in `\gate.$proc$cp47-proof-byte-mux-1-bank-alias-gate.v:35$29'.
Removing empty process `gate.$proc$cp47-proof-byte-mux-1-bank-alias-gate.v:35$29'.
Found and cleaned up 1 empty switch in `\gate.$proc$cp47-proof-byte-mux-1-bank-alias-gate.v:28$27'.
Removing empty process `gate.$proc$cp47-proof-byte-mux-1-bank-alias-gate.v:28$27'.
Found and cleaned up 12 empty switches in `\gold.$proc$cp47-proof-byte-mux-1-bank-alias-gold.v:36$4'.
Removing empty process `gold.$proc$cp47-proof-byte-mux-1-bank-alias-gold.v:36$4'.
Found and cleaned up 1 empty switch in `\gold.$proc$cp47-proof-byte-mux-1-bank-alias-gold.v:26$2'.
Removing empty process `gold.$proc$cp47-proof-byte-mux-1-bank-alias-gold.v:26$2'.
Cleaned up 26 empty switches.

3.12. Executing OPT_EXPR pass (perform const folding).
Optimizing module gate.
<suppressed ~31 debug messages>
Optimizing module gold.
<suppressed ~31 debug messages>

4. Executing OPT_CLEAN pass (remove unused cells and wires).
Finding unused cells or wires in module \gate..
Finding unused cells or wires in module \gold..
Removed 6 unused cells and 174 unused wires.
<suppressed ~8 debug messages>

5. Executing EQUIV_MAKE pass (creating equiv checking module).
Presumably equivalent wires: next_byte_gold (\next_byte_gold), next_byte_gate (\next_byte_gate) -> next_byte
Presumably equivalent wires: divider_gold (\divider_gold), divider_gate (\divider_gate) -> divider
Presumably equivalent wires: bit_count_gold (\bit_count_gold), bit_count_gate (\bit_count_gate) -> bit_count
Presumably equivalent wires: rx_gold (\rx_gold), rx_gate (\rx_gate) -> rx
Presumably equivalent wires: tx_gold (\tx_gold), tx_gate (\tx_gate) -> tx
Presumably equivalent wires: seen_gold (\seen_gold), seen_gate (\seen_gate) -> seen
Presumably equivalent wires: active_gold (\active_gold), active_gate (\active_gate) -> active
Presumably equivalent wires: state_gold (\state_gold), state_gate (\state_gate) -> state
Presumably equivalent wires: spi_miso_gold (\spi_miso_gold), spi_miso_gate (\spi_miso_gate) -> spi_miso
Presumably equivalent wires: spi_mosi_gold (\spi_mosi_gold), spi_mosi_gate (\spi_mosi_gate) -> spi_mosi
Presumably equivalent wires: spi_sck_gold (\spi_sck_gold), spi_sck_gate (\spi_sck_gate) -> spi_sck
Presumably equivalent wires: spi_cs_n_gold (\spi_cs_n_gold), spi_cs_n_gate (\spi_cs_n_gate) -> spi_cs_n
Presumably equivalent wires: busy_gold (\busy_gold), busy_gate (\busy_gate) -> busy
Presumably equivalent wires: error_gold (\error_gold), error_gate (\error_gate) -> error
Presumably equivalent wires: ready_gold (\ready_gold), ready_gate (\ready_gate) -> ready
Presumably equivalent wires: rdata_gold (\rdata_gold), rdata_gate (\rdata_gate) -> rdata
Presumably equivalent wires: wdata_gold (\wdata_gold), wdata_gate (\wdata_gate) -> wdata
Presumably equivalent wires: address_gold (\address_gold), address_gate (\address_gate) -> address
Presumably equivalent wires: bank_gold (\bank_gold), bank_gate (\bank_gate) -> bank
Presumably equivalent wires: byte_access_gold (\byte_access_gold), byte_access_gate (\byte_access_gate) -> byte_access
Presumably equivalent wires: write_gold (\write_gold), write_gate (\write_gate) -> write
Presumably equivalent wires: req_gold (\req_gold), req_gate (\req_gate) -> req
Presumably equivalent wires: rst_gold (\rst_gold), rst_gate (\rst_gate) -> rst
Presumably equivalent wires: clk_gold (\clk_gold), clk_gate (\clk_gate) -> clk
Changing input A of cell $procmux$291_CMP0_gate ($eq): \state_gate -> \state
Changing input A of cell $procmux$290_CMP0_gate ($eq): \state_gate -> \state
Changing input A of cell $procmux$289_CMP3_gate ($eq): \state_gate -> \state
Changing input A of cell $procmux$289_CMP2_gate ($eq): \state_gate -> \state
Changing input A of cell $procmux$289_CMP1_gate ($eq): \state_gate -> \state
Changing input A of cell $procmux$289_CMP0_gate ($eq): \state_gate -> \state
Changing input S of cell $procmux$282_gate ($mux): \active_gate -> \active
Changing input A of cell $procmux$280_CMP0_gate ($logic_not): \state_gate -> \state
Changing input S of cell $procmux$266_gate ($mux): \active_gate -> \active
Changing input B of cell $procmux$266_gate ($mux): \spi_cs_n_gate -> \spi_cs_n
Changing input A of cell $procmux$264_CMP0_gate ($logic_not): \state_gate -> \state
Changing input A of cell $procmux$263_CMP0_gate ($eq): \state_gate -> \state
Changing input A of cell $procmux$262_CMP0_gate ($eq): \state_gate -> \state
Changing input S of cell $procmux$255_gate ($mux): \active_gate -> \active
Changing input S of cell $procmux$253_gate ($mux): \divider_gate -> \divider
Changing input B of cell $procmux$253_gate ($mux): \spi_sck_gate -> \spi_sck
Changing input A of cell $procmux$250_CMP0_gate ($eq): \state_gate -> \state
Changing input B of cell $procmux$248_gate ($pmux): { \spi_sck_gate \spi_sck_gate } -> { \spi_sck \spi_sck }
Changing input A of cell $procmux$249_CMP0_gate ($eq): \state_gate -> \state
Changing input S of cell $procmux$242_gate ($mux): \active_gate -> \active
Changing input S of cell $procmux$240_gate ($mux): \divider_gate -> \divider
Changing input B of cell $procmux$240_gate ($mux): \spi_mosi_gate -> \spi_mosi
Changing input S of cell $procmux$238_gate ($mux): \spi_sck_gate -> \spi_sck
Changing input A of cell $procmux$238_gate ($mux): \spi_mosi_gate -> \spi_mosi
Changing input B of cell $procmux$235_gate ($mux): \spi_mosi_gate -> \spi_mosi
Changing input A of cell $procmux$235_gate ($mux): \tx_gate [6] -> \tx [6]
Changing input A of cell $procmux$231_CMP0_gate ($logic_not): \state_gate -> \state
Changing input A of cell $procmux$230_CMP0_gate ($eq): \state_gate -> \state
Changing input B of cell $procmux$228_gate ($pmux): { \spi_mosi_gate \spi_mosi_gate \spi_mosi_gate } -> { \spi_mosi \spi_mosi \spi_mosi }
Changing input A of cell $procmux$228_gate ($pmux): \next_byte_gate [7] -> \next_byte [7]
Changing input A of cell $procmux$229_CMP0_gate ($eq): \state_gate -> \state
Changing input S of cell $procmux$222_gate ($mux): \active_gate -> \active
Changing input S of cell $procmux$220_gate ($mux): \divider_gate -> \divider
Changing input B of cell $procmux$220_gate ($mux): \state_gate -> \state
Changing input S of cell $procmux$218_gate ($mux): \spi_sck_gate -> \spi_sck
Changing input A of cell $procmux$218_gate ($mux): \state_gate -> \state
Changing input A of cell $procmux$215_gate ($mux): \state_gate -> \state
Changing input A of cell $procmux$211_CMP0_gate ($logic_not): \state_gate -> \state
Changing input A of cell $procmux$209_gate ($mux): \state_gate -> \state
Changing input B of cell $procmux$207_gate ($mux): \state_gate -> \state
Changing input A of cell $procmux$205_CMP0_gate ($eq): \state_gate -> \state
Changing input A of cell $procmux$203_gate ($pmux): \state_gate -> \state
Changing input A of cell $procmux$204_CMP0_gate ($eq): \state_gate -> \state
Changing input S of cell $procmux$197_gate ($mux): \active_gate -> \active
Changing input S of cell $procmux$195_gate ($mux): \divider_gate -> \divider
Changing input B of cell $procmux$195_gate ($mux): \active_gate -> \active
Changing input S of cell $procmux$193_gate ($mux): \spi_sck_gate -> \spi_sck
Changing input A of cell $procmux$193_gate ($mux): \active_gate -> \active
Changing input A of cell $procmux$190_gate ($mux): \active_gate -> \active
Changing input A of cell $procmux$186_CMP0_gate ($logic_not): \state_gate -> \state
Changing input A of cell $procmux$185_CMP0_gate ($eq): \state_gate -> \state
Changing input B of cell $procmux$183_gate ($pmux): { \active_gate \active_gate \active_gate } -> { \active \active \active }
Changing input A of cell $procmux$184_CMP0_gate ($eq): \state_gate -> \state
Changing input S of cell $procmux$177_gate ($mux): \active_gate -> \active
Changing input A of cell $procmux$175_CMP0_gate ($logic_not): \state_gate -> \state
Changing input B of cell $procmux$167_gate ($mux): \seen_gate -> \seen
Changing input S of cell $procmux$162_gate ($mux): \active_gate -> \active
Changing input S of cell $procmux$160_gate ($mux): \divider_gate -> \divider
Changing input B of cell $procmux$160_gate ($mux): \tx_gate -> \tx
Changing input S of cell $procmux$158_gate ($mux): \spi_sck_gate -> \spi_sck
Changing input A of cell $procmux$158_gate ($mux): \tx_gate -> \tx
Changing input B of cell $procmux$155_gate ($mux): \tx_gate -> \tx
Changing input A of cell $procmux$155_gate ($mux): { \tx_gate [5:0] 1'0 } -> { \tx [5:0] 1'0 }
Changing input A of cell $procmux$151_CMP0_gate ($logic_not): \state_gate -> \state
Changing input A of cell $procmux$150_CMP0_gate ($eq): \state_gate -> \state
Changing input B of cell $procmux$148_gate ($pmux): { \tx_gate \tx_gate \tx_gate } -> { \tx \tx \tx }
Changing input A of cell $procmux$148_gate ($pmux): \next_byte_gate [6:0] -> \next_byte [6:0]
Changing input A of cell $procmux$149_CMP0_gate ($eq): \state_gate -> \state
Changing input S of cell $procmux$142_gate ($mux): \active_gate -> \active
Changing input A of cell $procmux$142_gate ($mux): \rx_gate -> \rx
Changing input S of cell $procmux$140_gate ($mux): \divider_gate -> \divider
Changing input B of cell $procmux$140_gate ($mux): \rx_gate -> \rx
Changing input S of cell $procmux$138_gate ($mux): \spi_sck_gate -> \spi_sck
Changing input B of cell $procmux$138_gate ($mux): \rx_gate -> \rx
Changing input A of cell $procmux$138_gate ($mux): { \rx_gate [6:0] \spi_miso_gate } -> { \rx [6:0] \spi_miso_gate }
Changing input S of cell $procmux$130_gate ($mux): \active_gate -> \active
Changing input S of cell $procmux$128_gate ($mux): \divider_gate -> \divider
Changing input B of cell $procmux$128_gate ($mux): \bit_count_gate -> \bit_count
Changing input S of cell $procmux$126_gate ($mux): \spi_sck_gate -> \spi_sck
Changing input A of cell $procmux$126_gate ($mux): \bit_count_gate -> \bit_count
Changing input B of cell $procmux$123_gate ($mux): \bit_count_gate -> \bit_count
Changing input A of cell $procmux$119_CMP0_gate ($logic_not): \state_gate -> \state
Changing input A of cell $procmux$118_CMP0_gate ($eq): \state_gate -> \state
Changing input B of cell $procmux$116_gate ($pmux): { \bit_count_gate \bit_count_gate \bit_count_gate } -> { \bit_count \bit_count \bit_count }
Changing input A of cell $procmux$117_CMP0_gate ($eq): \state_gate -> \state
Changing input S of cell $procmux$110_gate ($mux): \active_gate -> \active
Changing input S of cell $procmux$108_gate ($mux): \divider_gate -> \divider
Changing input A of cell $procmux$105_CMP0_gate ($logic_not): \state_gate -> \state
Changing input A of cell $procmux$104_CMP0_gate ($eq): \state_gate -> \state
Changing input B of cell $procmux$102_gate ($pmux): { \divider_gate \divider_gate \divider_gate } -> { \divider \divider \divider }
Changing input A of cell $procmux$103_CMP0_gate ($eq): \state_gate -> \state
Changing input S of cell $procmux$96_gate ($mux): \active_gate -> \active
Changing input A of cell $procmux$94_CMP0_gate ($logic_not): \state_gate -> \state
Changing input A of cell $procmux$88_CMP0_gate ($eq): \state_gate -> \state
Changing input S of cell $procmux$81_gate ($mux): \active_gate -> \active
Changing input A of cell $procmux$81_gate ($mux): \rdata_gate [7:0] -> \rdata [7:0]
Changing input S of cell $procmux$79_gate ($mux): \divider_gate -> \divider
Changing input B of cell $procmux$79_gate ($mux): \rdata_gate [7:0] -> \rdata [7:0]
Changing input S of cell $procmux$77_gate ($mux): \spi_sck_gate -> \spi_sck
Changing input A of cell $procmux$77_gate ($mux): \rdata_gate [7:0] -> \rdata [7:0]
Changing input A of cell $procmux$74_gate ($mux): \rdata_gate [7:0] -> \rdata [7:0]
Changing input B of cell $procmux$72_gate ($mux): \rx_gate -> \rx
Changing input A of cell $procmux$72_gate ($mux): \rdata_gate [7:0] -> \rdata [7:0]
Changing input S of cell $procmux$64_gate ($mux): \active_gate -> \active
Changing input A of cell $procmux$64_gate ($mux): \rdata_gate [15:8] -> \rdata [15:8]
Changing input S of cell $procmux$62_gate ($mux): \divider_gate -> \divider
Changing input B of cell $procmux$62_gate ($mux): \rdata_gate [15:8] -> \rdata [15:8]
Changing input S of cell $procmux$60_gate ($mux): \spi_sck_gate -> \spi_sck
Changing input A of cell $procmux$60_gate ($mux): \rdata_gate [15:8] -> \rdata [15:8]
Changing input A of cell $procmux$57_gate ($mux): \rdata_gate [15:8] -> \rdata [15:8]
Changing input B of cell $procmux$55_gate ($mux): \rx_gate -> \rx
Changing input A of cell $procmux$53_gate ($mux): \rdata_gate [15:8] -> \rdata [15:8]
Changing input A of cell $procmux$51_gate ($mux): \rdata_gate [15:8] -> \rdata [15:8]
Changing input A of cell $logic_not$cp47-proof-byte-mux-1-bank-alias-gate.v:64$43_gate ($logic_not): \seen_gate -> \seen
Changing input A of cell $add$cp47-proof-byte-mux-1-bank-alias-gate.v:60$42_gate ($add): \divider_gate -> \divider
Changing input A of cell $add$cp47-proof-byte-mux-1-bank-alias-gate.v:57$41_gate ($add): \bit_count_gate -> \bit_count
Changing input A of cell $add$cp47-proof-byte-mux-1-bank-alias-gate.v:55$39_gate ($add): \state_gate -> \state
Changing input A of cell $eq$cp47-proof-byte-mux-1-bank-alias-gate.v:55$37_gate ($eq): \state_gate -> \state
Changing input A of cell $eq$cp47-proof-byte-mux-1-bank-alias-gate.v:54$36_gate ($eq): \state_gate -> \state
Changing input A of cell $eq$cp47-proof-byte-mux-1-bank-alias-gate.v:50$35_gate ($eq): \state_gate -> \state
Changing input A of cell $eq$cp47-proof-byte-mux-1-bank-alias-gate.v:48$34_gate ($eq): \bit_count_gate -> \bit_count
Changing input A of cell $logic_not$cp47-proof-byte-mux-1-bank-alias-gate.v:46$32_gate ($logic_not): \spi_sck_gate -> \spi_sck
Changing input S of cell $ternary$cp47-proof-byte-mux-1-bank-alias-gate.v:27$26_gate ($mux): \state_gate [1] -> \state [1]
Changing input B of cell $xnor$cp47-proof-byte-mux-1-bank-alias-gate.v:26$24_gate ($xnor): \state_gate [1] -> \state [1]
Changing input A of cell $xnor$cp47-proof-byte-mux-1-bank-alias-gate.v:26$24_gate ($xnor): \state_gate [0] -> \state [0]
Changing input A of cell $ne$cp47-proof-byte-mux-1-bank-alias-gate.v:25$23_gate ($reduce_bool): \state_gate -> \state
Changing input A of cell $procmux$539_CMP0_gold ($eq): \state_gold -> \state
Changing input A of cell $procmux$538_CMP0_gold ($eq): \state_gold -> \state
Changing input A of cell $procmux$537_CMP0_gold ($eq): \state_gold -> \state
Changing input A of cell $procmux$536_CMP0_gold ($eq): \state_gold -> \state
Changing input A of cell $procmux$535_CMP0_gold ($eq): \state_gold -> \state
Changing input A of cell $procmux$534_CMP0_gold ($eq): \state_gold -> \state
Changing input A of cell $procmux$533_CMP0_gold ($eq): \state_gold -> \state
Changing input S of cell $procmux$526_gold ($mux): \active_gold -> \active
Changing input A of cell $procmux$524_CMP0_gold ($logic_not): \state_gold -> \state
Changing input S of cell $procmux$510_gold ($mux): \active_gold -> \active
Changing input B of cell $procmux$510_gold ($mux): \spi_cs_n_gold -> \spi_cs_n
Changing input A of cell $procmux$508_CMP0_gold ($logic_not): \state_gold -> \state
Changing input A of cell $procmux$507_CMP0_gold ($eq): \state_gold -> \state
Changing input A of cell $procmux$506_CMP0_gold ($eq): \state_gold -> \state
Changing input S of cell $procmux$499_gold ($mux): \active_gold -> \active
Changing input S of cell $procmux$497_gold ($mux): \divider_gold -> \divider
Changing input B of cell $procmux$497_gold ($mux): \spi_sck_gold -> \spi_sck
Changing input A of cell $procmux$494_CMP0_gold ($eq): \state_gold -> \state
Changing input B of cell $procmux$492_gold ($pmux): { \spi_sck_gold \spi_sck_gold } -> { \spi_sck \spi_sck }
Changing input A of cell $procmux$493_CMP0_gold ($eq): \state_gold -> \state
Changing input S of cell $procmux$486_gold ($mux): \active_gold -> \active
Changing input S of cell $procmux$484_gold ($mux): \divider_gold -> \divider
Changing input B of cell $procmux$484_gold ($mux): \spi_mosi_gold -> \spi_mosi
Changing input S of cell $procmux$482_gold ($mux): \spi_sck_gold -> \spi_sck
Changing input A of cell $procmux$482_gold ($mux): \spi_mosi_gold -> \spi_mosi
Changing input B of cell $procmux$479_gold ($mux): \spi_mosi_gold -> \spi_mosi
Changing input A of cell $procmux$479_gold ($mux): \tx_gold [6] -> \tx [6]
Changing input A of cell $procmux$475_CMP0_gold ($logic_not): \state_gold -> \state
Changing input A of cell $procmux$474_CMP0_gold ($eq): \state_gold -> \state
Changing input B of cell $procmux$472_gold ($pmux): { \spi_mosi_gold \spi_mosi_gold \spi_mosi_gold } -> { \spi_mosi \spi_mosi \spi_mosi }
Changing input A of cell $procmux$472_gold ($pmux): \next_byte_gold [7] -> \next_byte [7]
Changing input A of cell $procmux$473_CMP0_gold ($eq): \state_gold -> \state
Changing input S of cell $procmux$466_gold ($mux): \active_gold -> \active
Changing input S of cell $procmux$464_gold ($mux): \divider_gold -> \divider
Changing input B of cell $procmux$464_gold ($mux): \state_gold -> \state
Changing input S of cell $procmux$462_gold ($mux): \spi_sck_gold -> \spi_sck
Changing input A of cell $procmux$462_gold ($mux): \state_gold -> \state
Changing input A of cell $procmux$459_gold ($mux): \state_gold -> \state
Changing input A of cell $procmux$455_CMP0_gold ($logic_not): \state_gold -> \state
Changing input A of cell $procmux$453_gold ($mux): \state_gold -> \state
Changing input B of cell $procmux$451_gold ($mux): \state_gold -> \state
Changing input A of cell $procmux$449_CMP0_gold ($eq): \state_gold -> \state
Changing input A of cell $procmux$447_gold ($pmux): \state_gold -> \state
Changing input A of cell $procmux$448_CMP0_gold ($eq): \state_gold -> \state
Changing input S of cell $procmux$441_gold ($mux): \active_gold -> \active
Changing input S of cell $procmux$439_gold ($mux): \divider_gold -> \divider
Changing input B of cell $procmux$439_gold ($mux): \active_gold -> \active
Changing input S of cell $procmux$437_gold ($mux): \spi_sck_gold -> \spi_sck
Changing input A of cell $procmux$437_gold ($mux): \active_gold -> \active
Changing input A of cell $procmux$434_gold ($mux): \active_gold -> \active
Changing input A of cell $procmux$430_CMP0_gold ($logic_not): \state_gold -> \state
Changing input A of cell $procmux$429_CMP0_gold ($eq): \state_gold -> \state
Changing input B of cell $procmux$427_gold ($pmux): { \active_gold \active_gold \active_gold } -> { \active \active \active }
Changing input A of cell $procmux$428_CMP0_gold ($eq): \state_gold -> \state
Changing input S of cell $procmux$421_gold ($mux): \active_gold -> \active
Changing input A of cell $procmux$419_CMP0_gold ($logic_not): \state_gold -> \state
Changing input B of cell $procmux$411_gold ($mux): \seen_gold -> \seen
Changing input S of cell $procmux$406_gold ($mux): \active_gold -> \active
Changing input S of cell $procmux$404_gold ($mux): \divider_gold -> \divider
Changing input B of cell $procmux$404_gold ($mux): \tx_gold -> \tx
Changing input S of cell $procmux$402_gold ($mux): \spi_sck_gold -> \spi_sck
Changing input A of cell $procmux$402_gold ($mux): \tx_gold -> \tx
Changing input B of cell $procmux$399_gold ($mux): \tx_gold -> \tx
Changing input A of cell $procmux$399_gold ($mux): { \tx_gold [5:0] 1'0 } -> { \tx [5:0] 1'0 }
Changing input A of cell $procmux$395_CMP0_gold ($logic_not): \state_gold -> \state
Changing input A of cell $procmux$394_CMP0_gold ($eq): \state_gold -> \state
Changing input B of cell $procmux$392_gold ($pmux): { \tx_gold \tx_gold \tx_gold } -> { \tx \tx \tx }
Changing input A of cell $procmux$392_gold ($pmux): \next_byte_gold [6:0] -> \next_byte [6:0]
Changing input A of cell $procmux$393_CMP0_gold ($eq): \state_gold -> \state
Changing input S of cell $procmux$386_gold ($mux): \active_gold -> \active
Changing input A of cell $procmux$386_gold ($mux): \rx_gold -> \rx
Changing input S of cell $procmux$384_gold ($mux): \divider_gold -> \divider
Changing input B of cell $procmux$384_gold ($mux): \rx_gold -> \rx
Changing input S of cell $procmux$382_gold ($mux): \spi_sck_gold -> \spi_sck
Changing input B of cell $procmux$382_gold ($mux): \rx_gold -> \rx
Changing input A of cell $procmux$382_gold ($mux): { \rx_gold [6:0] \spi_miso_gold } -> { \rx [6:0] \spi_miso_gold }
Changing input S of cell $procmux$374_gold ($mux): \active_gold -> \active
Changing input S of cell $procmux$372_gold ($mux): \divider_gold -> \divider
Changing input B of cell $procmux$372_gold ($mux): \bit_count_gold -> \bit_count
Changing input S of cell $procmux$370_gold ($mux): \spi_sck_gold -> \spi_sck
Changing input A of cell $procmux$370_gold ($mux): \bit_count_gold -> \bit_count
Changing input B of cell $procmux$367_gold ($mux): \bit_count_gold -> \bit_count
Changing input A of cell $procmux$363_CMP0_gold ($logic_not): \state_gold -> \state
Changing input A of cell $procmux$362_CMP0_gold ($eq): \state_gold -> \state
Changing input B of cell $procmux$360_gold ($pmux): { \bit_count_gold \bit_count_gold \bit_count_gold } -> { \bit_count \bit_count \bit_count }
Changing input A of cell $procmux$361_CMP0_gold ($eq): \state_gold -> \state
Changing input S of cell $procmux$354_gold ($mux): \active_gold -> \active
Changing input S of cell $procmux$352_gold ($mux): \divider_gold -> \divider
Changing input A of cell $procmux$349_CMP0_gold ($logic_not): \state_gold -> \state
Changing input A of cell $procmux$348_CMP0_gold ($eq): \state_gold -> \state
Changing input B of cell $procmux$346_gold ($pmux): { \divider_gold \divider_gold \divider_gold } -> { \divider \divider \divider }
Changing input A of cell $procmux$347_CMP0_gold ($eq): \state_gold -> \state
Changing input S of cell $procmux$340_gold ($mux): \active_gold -> \active
Changing input A of cell $procmux$338_CMP0_gold ($logic_not): \state_gold -> \state
Changing input A of cell $procmux$332_CMP0_gold ($eq): \state_gold -> \state
Changing input S of cell $procmux$325_gold ($mux): \active_gold -> \active
Changing input A of cell $procmux$325_gold ($mux): \rdata_gold [7:0] -> \rdata [7:0]
Changing input S of cell $procmux$323_gold ($mux): \divider_gold -> \divider
Changing input B of cell $procmux$323_gold ($mux): \rdata_gold [7:0] -> \rdata [7:0]
Changing input S of cell $procmux$321_gold ($mux): \spi_sck_gold -> \spi_sck
Changing input A of cell $procmux$321_gold ($mux): \rdata_gold [7:0] -> \rdata [7:0]
Changing input A of cell $procmux$318_gold ($mux): \rdata_gold [7:0] -> \rdata [7:0]
Changing input B of cell $procmux$316_gold ($mux): \rx_gold -> \rx
Changing input A of cell $procmux$316_gold ($mux): \rdata_gold [7:0] -> \rdata [7:0]
Changing input S of cell $procmux$308_gold ($mux): \active_gold -> \active
Changing input A of cell $procmux$308_gold ($mux): \rdata_gold [15:8] -> \rdata [15:8]
Changing input S of cell $procmux$306_gold ($mux): \divider_gold -> \divider
Changing input B of cell $procmux$306_gold ($mux): \rdata_gold [15:8] -> \rdata [15:8]
Changing input S of cell $procmux$304_gold ($mux): \spi_sck_gold -> \spi_sck
Changing input A of cell $procmux$304_gold ($mux): \rdata_gold [15:8] -> \rdata [15:8]
Changing input A of cell $procmux$301_gold ($mux): \rdata_gold [15:8] -> \rdata [15:8]
Changing input B of cell $procmux$299_gold ($mux): \rx_gold -> \rx
Changing input A of cell $procmux$297_gold ($mux): \rdata_gold [15:8] -> \rdata [15:8]
Changing input A of cell $procmux$295_gold ($mux): \rdata_gold [15:8] -> \rdata [15:8]
Changing input A of cell $logic_not$cp47-proof-byte-mux-1-bank-alias-gold.v:65$18_gold ($logic_not): \seen_gold -> \seen
Changing input A of cell $add$cp47-proof-byte-mux-1-bank-alias-gold.v:61$17_gold ($add): \divider_gold -> \divider
Changing input A of cell $add$cp47-proof-byte-mux-1-bank-alias-gold.v:58$16_gold ($add): \bit_count_gold -> \bit_count
Changing input A of cell $add$cp47-proof-byte-mux-1-bank-alias-gold.v:56$14_gold ($add): \state_gold -> \state
Changing input A of cell $eq$cp47-proof-byte-mux-1-bank-alias-gold.v:56$12_gold ($eq): \state_gold -> \state
Changing input A of cell $eq$cp47-proof-byte-mux-1-bank-alias-gold.v:55$11_gold ($eq): \state_gold -> \state
Changing input A of cell $eq$cp47-proof-byte-mux-1-bank-alias-gold.v:51$10_gold ($eq): \state_gold -> \state
Changing input A of cell $eq$cp47-proof-byte-mux-1-bank-alias-gold.v:49$9_gold ($eq): \bit_count_gold -> \bit_count
Changing input A of cell $logic_not$cp47-proof-byte-mux-1-bank-alias-gold.v:47$7_gold ($logic_not): \spi_sck_gold -> \spi_sck
Changing input A of cell $ne$cp47-proof-byte-mux-1-bank-alias-gold.v:25$1_gold ($reduce_bool): \state_gold -> \state

6. Executing HIERARCHY pass (managing design hierarchy).

6.1. Analyzing design hierarchy..
Top module:  \equiv

6.2. Analyzing design hierarchy..
Top module:  \equiv
Removing unused module `\gate'.
Removing unused module `\gold'.
Removed 2 unused modules.

7. Executing EQUIV_SIMPLE pass.
Found 55 unproven $equiv cells (15 groups) in equiv:
 Grouping SAT models for \rdata:
  Trying to prove $equiv for \rdata [0]:ezsat
ezsat
 success!
  Trying to prove $equiv for \rdata [1]:ezsat
 success!
  Trying to prove $equiv for \rdata [2]:ezsat
 success!
  Trying to prove $equiv for \rdata [3]:ezsat
 success!
  Trying to prove $equiv for \rdata [4]:ezsat
 success!
  Trying to prove $equiv for \rdata [5]:ezsat
 success!
  Trying to prove $equiv for \rdata [6]:ezsat
 success!
  Trying to prove $equiv for \rdata [7]:ezsat
 success!
  Trying to prove $equiv for \rdata [8]:ezsat
 success!
  Trying to prove $equiv for \rdata [9]:ezsat
 success!
  Trying to prove $equiv for \rdata [10]:ezsat
 success!
  Trying to prove $equiv for \rdata [11]:ezsat
 success!
  Trying to prove $equiv for \rdata [12]:ezsat
 success!
  Trying to prove $equiv for \rdata [13]:ezsat
 success!
  Trying to prove $equiv for \rdata [14]:ezsat
 success!
  Trying to prove $equiv for \rdata [15]:ezsat
 success!
  Trying to prove $equiv for \ready:ezsat
ezsat
 success!
  Trying to prove $equiv for \error:ezsat
ezsat
 success!
  Trying to prove $equiv for \busy:ezsat
 success!
  Trying to prove $equiv for \spi_cs_n:ezsat
ezsat
 success!
  Trying to prove $equiv for \spi_sck:ezsat
ezsat
 success!
  Trying to prove $equiv for \spi_mosi:ezsat
ezsat
 success!
 Grouping SAT models for \state:
  Trying to prove $equiv for \state [0]:ezsat
ezsat
 success!
  Trying to prove $equiv for \state [1]:ezsat
 success!
  Trying to prove $equiv for \state [2]:ezsat
 success!
  Trying to prove $equiv for \state [3]:ezsat
 success!
  Trying to prove $equiv for \active:ezsat
ezsat
 success!
  Trying to prove $equiv for \seen:ezsat
ezsat
 success!
 Grouping SAT models for \tx:
  Trying to prove $equiv for \tx [0]:ezsat
ezsat
 success!
  Trying to prove $equiv for \tx [1]:ezsat
 success!
  Trying to prove $equiv for \tx [2]:ezsat
 success!
  Trying to prove $equiv for \tx [3]:ezsat
 success!
  Trying to prove $equiv for \tx [4]:ezsat
 success!
  Trying to prove $equiv for \tx [5]:ezsat
 success!
  Trying to prove $equiv for \tx [6]:ezsat
 success!
 Grouping SAT models for \rx:
  Trying to prove $equiv for \rx [0]:ezsat
ezsat
 success!
  Trying to prove $equiv for \rx [1]:ezsat
 success!
  Trying to prove $equiv for \rx [2]:ezsat
 success!
  Trying to prove $equiv for \rx [3]:ezsat
 success!
  Trying to prove $equiv for \rx [4]:ezsat
 success!
  Trying to prove $equiv for \rx [5]:ezsat
 success!
  Trying to prove $equiv for \rx [6]:ezsat
 success!
  Trying to prove $equiv for \rx [7]:ezsat
 success!
 Grouping SAT models for \bit_count:
  Trying to prove $equiv for \bit_count [0]:ezsat
ezsat
 success!
  Trying to prove $equiv for \bit_count [1]:ezsat
 success!
  Trying to prove $equiv for \bit_count [2]:ezsat
 success!
  Trying to prove $equiv for \divider:ezsat
ezsat
 success!
 Grouping SAT models for \next_byte:
  Trying to prove $equiv for \next_byte [0]:ezsat
ezsat
 failed.
  Trying to prove $equiv for \next_byte [1]:ezsat
 success!
  Trying to prove $equiv for \next_byte [2]:ezsat
 success!
  Trying to prove $equiv for \next_byte [3]:ezsat
 success!
  Trying to prove $equiv for \next_byte [4]:ezsat
 success!
  Trying to prove $equiv for \next_byte [5]:ezsat
 success!
  Trying to prove $equiv for \next_byte [6]:ezsat
 success!
  Trying to prove $equiv for \next_byte [7]:ezsat
 success!
Proved 54 previously unproven $equiv cells.

8. Executing EQUIV_INDUCT pass.
Found 1 unproven $equiv cells in module equiv:
  Proving existence of base case for step 1. (13526 clauses over 5098 variables)
  Proving induction step 1. (27969 clauses over 10516 variables)
  Proof for induction step failed. Extending to next time step.
  Proving existence of base case for step 2. (27970 clauses over 10516 variables)
  Proving induction step 2. (42413 clauses over 15934 variables)
  Proof for induction step failed. Extending to next time step.
  Proving existence of base case for step 3. (42414 clauses over 15934 variables)
  Proving induction step 3. (56857 clauses over 21352 variables)
  Proof for induction step failed. Extending to next time step.
  Proving existence of base case for step 4. (56858 clauses over 21352 variables)
  Proving induction step 4. (71301 clauses over 26770 variables)
  Proof for induction step failed. Trying to prove individual $equiv from workset.
  Trying to prove $equiv for \next_byte [0]: failed.
Proved 0 previously unproven $equiv cells.

9. Executing EQUIV_STATUS pass.
ERROR: Found 1 unproven $equiv cells in 'equiv_status -assert'.
Found 55 $equiv cells in equiv:
  Of those cells 54 are proven and 1 are unproven.
  Unproven $equiv $auto$equiv_make.cc:295:find_same_wires$566: \next_byte_gold [0] \next_byte_gate [0]
Found a total of 1 unproven $equiv cells.
