
Loading design for application trce from file cp52a_impl1.ncd.
Design name: uj11_hc1200_microcomp
NCD version: 3.3
Vendor:      LATTICE
Device:      LCMXO2-1200HC
Package:     QFN32
Performance: 4
Loading device for application trce from file 'xo2c1200.nph' in environment: /home/sash/.local/lscc/diamond/3.14/ispfpga.
Package Status:                     Final          Version 1.44.
Performance Hardware Data Status:   Final          Version 36.4.
Setup and Hold Report

--------------------------------------------------------------------------------
Lattice TRACE Report - Setup, Version Diamond (64-bit) 3.14.0.75.2
Fri Sep 11 11:17:57 2026

Copyright (c) 1991-1994 by NeoCAD Inc. All rights reserved.
Copyright (c) 1995 AT&T Corp.   All rights reserved.
Copyright (c) 1995-2001 Lucent Technologies Inc.  All rights reserved.
Copyright (c) 2001 Agere Systems   All rights reserved.
Copyright (c) 2002-2024 Lattice Semiconductor Corporation,  All rights reserved.

Report Information
------------------
Command line:    trce -v 10 -c -u 0 -gt -sethld -sp 4 -sphld m -o cp52a_impl1.twr cp52a_impl1.ncd cp52a_impl1.prf 
Design file:     cp52a_impl1.ncd
Preference file: cp52a_impl1.prf
Device,speed:    LCMXO2-1200HC,4
Report level:    verbose report, limited to 10 items per preference
--------------------------------------------------------------------------------

BLOCK ASYNCPATHS
BLOCK RESETPATHS
--------------------------------------------------------------------------------



================================================================================
Preference: FREQUENCY NET "clk" 29.560000 MHz ;
            4096 items scored, 0 timing errors detected.
--------------------------------------------------------------------------------


Passed: The following path meets requirements by 2.053ns

 Logical Details:  Cell type  Pin type       Cell/ASIC name  (clock net +/-)

   Source:         DP8KC      Port           system/cpu/engine/rom/lane_2(ASIC)  (from clk +)
   Destination:    DP8KC      Port           system/cpu/engine/rom/lane_3(ASIC)  (to clk +)

   Delay:              31.802ns  (39.0% logic, 61.0% route), 16 logic levels.

 Constraint Details:

     31.802ns physical path delay system/cpu/engine/rom/lane_2 to system/cpu/engine/rom/lane_3 meets
     33.829ns delay constraint less
      0.000ns skew and
     -0.026ns ADDR_SET requirement (totaling 33.855ns) by 2.053ns

 Physical Path Details:

      Data path system/cpu/engine/rom/lane_2 to system/cpu/engine/rom/lane_3:

   Name    Fanout   Delay (ns)          Site               Resource
C2Q_DEL     ---     4.979 EBR_R6C14.CLKA to EBR_R6C14.DOA8 system/cpu/engine/rom/lane_2 (from clk)
ROUTE         4     1.382 EBR_R6C14.DOA8 to      R5C13A.D1 system/cpu/engine/a_select_2[0]
CTOF_DEL    ---     0.495      R5C13A.D1 to      R5C13A.F1 system/cpu/engine/SLICE_609
ROUTE         1     0.958      R5C13A.F1 to      R4C12B.D1 system/cpu/engine/un6_select_register[1]
CTOF_DEL    ---     0.495      R4C12B.D1 to      R4C12B.F1 system/cpu/engine/SLICE_498
ROUTE        18     2.626      R4C12B.F1 to       R7C7B.B0 system/cpu/engine/un9_d_axb1
CTOF_DEL    ---     0.495       R7C7B.B0 to       R7C7B.F0 system/cpu/engine/dp/rf/words_ram_1/SLICE_46
ROUTE        11     1.415       R7C7B.F0 to       R7C6C.A1 system/address[10]
CTOF_DEL    ---     0.495       R7C6C.A1 to       R7C6C.F1 system/bus/SLICE_553
ROUTE         3     0.973       R7C6C.F1 to       R7C5B.A1 system/bus/un1_address_24_8
CTOF_DEL    ---     0.495       R7C5B.A1 to       R7C5B.F1 system/bus/SLICE_452
ROUTE         4     1.697       R7C5B.F1 to      R3C11D.D1 system/bus/un1_address_24
CTOF_DEL    ---     0.495      R3C11D.D1 to      R3C11D.F1 system/bus/SLICE_175
ROUTE         3     0.981      R3C11D.F1 to       R2C9C.D1 system/bus/ltc_selecteddup
CTOF_DEL    ---     0.495       R2C9C.D1 to       R2C9C.F1 system/bus/SLICE_454
ROUTE         1     0.626       R2C9C.F1 to       R2C9A.D1 system/bus/acknowledgedup_1_0
CTOF_DEL    ---     0.495       R2C9A.D1 to       R2C9A.F1 system/bus/SLICE_367
ROUTE         6     1.181       R2C9A.F1 to      R3C15A.D1 system/acknowledgedup
CTOF_DEL    ---     0.495      R3C15A.D1 to      R3C15A.F1 system/SLICE_152
ROUTE         4     0.791      R3C15A.F1 to      R3C17C.C1 system/cpu/engine/un1_mem_ackdup
CTOF_DEL    ---     0.495      R3C17C.C1 to      R3C17C.F1 system/cpu/engine/SLICE_471
ROUTE        14     1.150      R3C17C.F1 to      R4C18A.C1 system/cpu/engine/frame_active_RNIV5L6P
CTOF_DEL    ---     0.495      R4C18A.C1 to      R4C18A.F1 system/cpu/engine/seq/SLICE_493
ROUTE         9     0.788      R4C18A.F1 to      R4C18D.C1 system/cpu/engine/seq/next_address_6_sqmuxa
CTOF_DEL    ---     0.495      R4C18D.C1 to      R4C18D.F1 system/cpu/engine/seq/SLICE_490
ROUTE         1     0.436      R4C18D.F1 to      R4C18D.C0 system/cpu/engine/seq/next_address_0_iv_0[7]
CTOF_DEL    ---     0.495      R4C18D.C0 to      R4C18D.F0 system/cpu/engine/seq/SLICE_490
ROUTE         1     1.499      R4C18D.F0 to      R3C18D.D0 system/cpu/engine/seq/next_address_0_iv_2[7]
CTOF_DEL    ---     0.495      R3C18D.D0 to      R3C18D.F0 system/cpu/engine/seq/SLICE_474
ROUTE         1     0.623      R3C18D.F0 to      R3C19B.D1 system/cpu/engine/seq/next_address_0_iv_5[7]
CTOF_DEL    ---     0.495      R3C19B.D1 to      R3C19B.F1 system/cpu/engine/seq/SLICE_227
ROUTE         5     2.272      R3C19B.F1 to *R_R6C10.ADA10 system/cpu/engine/next_address[7] (to clk)
                  --------
                   31.802   (39.0% logic, 61.0% route), 16 logic levels.

 Clock Skew Details: 

      Source Clock Path oscillator to system/cpu/engine/rom/lane_2:

   Name    Fanout   Delay (ns)          Site               Resource
ROUTE       234     3.714        OSC.OSC to EBR_R6C14.CLKA clk
                  --------
                    3.714   (0.0% logic, 100.0% route), 0 logic levels.

      Destination Clock Path oscillator to system/cpu/engine/rom/lane_3:

   Name    Fanout   Delay (ns)          Site               Resource
ROUTE       234     3.714        OSC.OSC to EBR_R6C10.CLKA clk
                  --------
                    3.714   (0.0% logic, 100.0% route), 0 logic levels.


Passed: The following path meets requirements by 2.103ns

 Logical Details:  Cell type  Pin type       Cell/ASIC name  (clock net +/-)

   Source:         DP8KC      Port           system/cpu/engine/rom/lane_2(ASIC)  (from clk +)
   Destination:    DP8KC      Port           system/cpu/engine/rom/lane_3(ASIC)  (to clk +)

   Delay:              31.752ns  (39.1% logic, 60.9% route), 16 logic levels.

 Constraint Details:

     31.752ns physical path delay system/cpu/engine/rom/lane_2 to system/cpu/engine/rom/lane_3 meets
     33.829ns delay constraint less
      0.000ns skew and
     -0.026ns ADDR_SET requirement (totaling 33.855ns) by 2.103ns

 Physical Path Details:

      Data path system/cpu/engine/rom/lane_2 to system/cpu/engine/rom/lane_3:

   Name    Fanout   Delay (ns)          Site               Resource
C2Q_DEL     ---     4.979 EBR_R6C14.CLKA to EBR_R6C14.DOA8 system/cpu/engine/rom/lane_2 (from clk)
ROUTE         4     1.382 EBR_R6C14.DOA8 to      R5C13A.D1 system/cpu/engine/a_select_2[0]
CTOF_DEL    ---     0.495      R5C13A.D1 to      R5C13A.F1 system/cpu/engine/SLICE_609
ROUTE         1     0.958      R5C13A.F1 to      R4C12B.D1 system/cpu/engine/un6_select_register[1]
CTOF_DEL    ---     0.495      R4C12B.D1 to      R4C12B.F1 system/cpu/engine/SLICE_498
ROUTE        18     2.626      R4C12B.F1 to       R7C7B.B0 system/cpu/engine/un9_d_axb1
CTOF_DEL    ---     0.495       R7C7B.B0 to       R7C7B.F0 system/cpu/engine/dp/rf/words_ram_1/SLICE_46
ROUTE        11     1.415       R7C7B.F0 to       R7C6C.A1 system/address[10]
CTOF_DEL    ---     0.495       R7C6C.A1 to       R7C6C.F1 system/bus/SLICE_553
ROUTE         3     0.973       R7C6C.F1 to       R7C5B.A1 system/bus/un1_address_24_8
CTOF_DEL    ---     0.495       R7C5B.A1 to       R7C5B.F1 system/bus/SLICE_452
ROUTE         4     1.697       R7C5B.F1 to      R3C11D.D1 system/bus/un1_address_24
CTOF_DEL    ---     0.495      R3C11D.D1 to      R3C11D.F1 system/bus/SLICE_175
ROUTE         3     0.981      R3C11D.F1 to       R2C9C.D1 system/bus/ltc_selecteddup
CTOF_DEL    ---     0.495       R2C9C.D1 to       R2C9C.F1 system/bus/SLICE_454
ROUTE         1     0.626       R2C9C.F1 to       R2C9A.D1 system/bus/acknowledgedup_1_0
CTOF_DEL    ---     0.495       R2C9A.D1 to       R2C9A.F1 system/bus/SLICE_367
ROUTE         6     1.181       R2C9A.F1 to      R3C15A.D1 system/acknowledgedup
CTOF_DEL    ---     0.495      R3C15A.D1 to      R3C15A.F1 system/SLICE_152
ROUTE         4     0.791      R3C15A.F1 to      R3C17C.C1 system/cpu/engine/un1_mem_ackdup
CTOF_DEL    ---     0.495      R3C17C.C1 to      R3C17C.F1 system/cpu/engine/SLICE_471
ROUTE        14     0.683      R3C17C.F1 to      R3C17D.D0 system/cpu/engine/frame_active_RNIV5L6P
CTOF_DEL    ---     0.495      R3C17D.D0 to      R3C17D.F0 system/cpu/engine/seq/SLICE_375
ROUTE        10     1.205      R3C17D.F0 to      R4C18D.D1 system/cpu/engine/seq/next_address_1_sqmuxa_1
CTOF_DEL    ---     0.495      R4C18D.D1 to      R4C18D.F1 system/cpu/engine/seq/SLICE_490
ROUTE         1     0.436      R4C18D.F1 to      R4C18D.C0 system/cpu/engine/seq/next_address_0_iv_0[7]
CTOF_DEL    ---     0.495      R4C18D.C0 to      R4C18D.F0 system/cpu/engine/seq/SLICE_490
ROUTE         1     1.499      R4C18D.F0 to      R3C18D.D0 system/cpu/engine/seq/next_address_0_iv_2[7]
CTOF_DEL    ---     0.495      R3C18D.D0 to      R3C18D.F0 system/cpu/engine/seq/SLICE_474
ROUTE         1     0.623      R3C18D.F0 to      R3C19B.D1 system/cpu/engine/seq/next_address_0_iv_5[7]
CTOF_DEL    ---     0.495      R3C19B.D1 to      R3C19B.F1 system/cpu/engine/seq/SLICE_227
ROUTE         5     2.272      R3C19B.F1 to *R_R6C10.ADA10 system/cpu/engine/next_address[7] (to clk)
                  --------
                   31.752   (39.1% logic, 60.9% route), 16 logic levels.

 Clock Skew Details: 

      Source Clock Path oscillator to system/cpu/engine/rom/lane_2:

   Name    Fanout   Delay (ns)          Site               Resource
ROUTE       234     3.714        OSC.OSC to EBR_R6C14.CLKA clk
                  --------
                    3.714   (0.0% logic, 100.0% route), 0 logic levels.

      Destination Clock Path oscillator to system/cpu/engine/rom/lane_3:

   Name    Fanout   Delay (ns)          Site               Resource
ROUTE       234     3.714        OSC.OSC to EBR_R6C10.CLKA clk
                  --------
                    3.714   (0.0% logic, 100.0% route), 0 logic levels.


Passed: The following path meets requirements by 2.158ns

 Logical Details:  Cell type  Pin type       Cell/ASIC name  (clock net +/-)

   Source:         DP8KC      Port           system/cpu/engine/rom/lane_2(ASIC)  (from clk +)
   Destination:    DP8KC      Port           system/cpu/engine/rom/lane_3(ASIC)  (to clk +)

   Delay:              31.697ns  (39.1% logic, 60.9% route), 16 logic levels.

 Constraint Details:

     31.697ns physical path delay system/cpu/engine/rom/lane_2 to system/cpu/engine/rom/lane_3 meets
     33.829ns delay constraint less
      0.000ns skew and
     -0.026ns ADDR_SET requirement (totaling 33.855ns) by 2.158ns

 Physical Path Details:

      Data path system/cpu/engine/rom/lane_2 to system/cpu/engine/rom/lane_3:

   Name    Fanout   Delay (ns)          Site               Resource
C2Q_DEL     ---     4.979 EBR_R6C14.CLKA to EBR_R6C14.DOA8 system/cpu/engine/rom/lane_2 (from clk)
ROUTE         4     1.382 EBR_R6C14.DOA8 to      R5C13A.D1 system/cpu/engine/a_select_2[0]
CTOF_DEL    ---     0.495      R5C13A.D1 to      R5C13A.F1 system/cpu/engine/SLICE_609
ROUTE         1     0.958      R5C13A.F1 to      R4C12B.D1 system/cpu/engine/un6_select_register[1]
CTOF_DEL    ---     0.495      R4C12B.D1 to      R4C12B.F1 system/cpu/engine/SLICE_498
ROUTE        18     1.874      R4C12B.F1 to      R7C12B.B1 system/cpu/engine/un9_d_axb1
CTOF_DEL    ---     0.495      R7C12B.B1 to      R7C12B.F1 system/cpu/engine/dp/rf/words_ram_0/SLICE_49
ROUTE        12     2.291      R7C12B.F1 to       R8C5D.A0 system/address[7]
CTOF_DEL    ---     0.495       R8C5D.A0 to       R8C5D.F0 system/bus/SLICE_555
ROUTE         1     0.744       R8C5D.F0 to       R7C5B.C1 system/bus/un1_address_24_2
CTOF_DEL    ---     0.495       R7C5B.C1 to       R7C5B.F1 system/bus/SLICE_452
ROUTE         4     1.697       R7C5B.F1 to      R3C11D.D1 system/bus/un1_address_24
CTOF_DEL    ---     0.495      R3C11D.D1 to      R3C11D.F1 system/bus/SLICE_175
ROUTE         3     0.981      R3C11D.F1 to       R2C9C.D1 system/bus/ltc_selecteddup
CTOF_DEL    ---     0.495       R2C9C.D1 to       R2C9C.F1 system/bus/SLICE_454
ROUTE         1     0.626       R2C9C.F1 to       R2C9A.D1 system/bus/acknowledgedup_1_0
CTOF_DEL    ---     0.495       R2C9A.D1 to       R2C9A.F1 system/bus/SLICE_367
ROUTE         6     1.181       R2C9A.F1 to      R3C15A.D1 system/acknowledgedup
CTOF_DEL    ---     0.495      R3C15A.D1 to      R3C15A.F1 system/SLICE_152
ROUTE         4     0.791      R3C15A.F1 to      R3C17C.C1 system/cpu/engine/un1_mem_ackdup
CTOF_DEL    ---     0.495      R3C17C.C1 to      R3C17C.F1 system/cpu/engine/SLICE_471
ROUTE        14     1.150      R3C17C.F1 to      R4C18A.C1 system/cpu/engine/frame_active_RNIV5L6P
CTOF_DEL    ---     0.495      R4C18A.C1 to      R4C18A.F1 system/cpu/engine/seq/SLICE_493
ROUTE         9     0.788      R4C18A.F1 to      R4C18D.C1 system/cpu/engine/seq/next_address_6_sqmuxa
CTOF_DEL    ---     0.495      R4C18D.C1 to      R4C18D.F1 system/cpu/engine/seq/SLICE_490
ROUTE         1     0.436      R4C18D.F1 to      R4C18D.C0 system/cpu/engine/seq/next_address_0_iv_0[7]
CTOF_DEL    ---     0.495      R4C18D.C0 to      R4C18D.F0 system/cpu/engine/seq/SLICE_490
ROUTE         1     1.499      R4C18D.F0 to      R3C18D.D0 system/cpu/engine/seq/next_address_0_iv_2[7]
CTOF_DEL    ---     0.495      R3C18D.D0 to      R3C18D.F0 system/cpu/engine/seq/SLICE_474
ROUTE         1     0.623      R3C18D.F0 to      R3C19B.D1 system/cpu/engine/seq/next_address_0_iv_5[7]
CTOF_DEL    ---     0.495      R3C19B.D1 to      R3C19B.F1 system/cpu/engine/seq/SLICE_227
ROUTE         5     2.272      R3C19B.F1 to *R_R6C10.ADA10 system/cpu/engine/next_address[7] (to clk)
                  --------
                   31.697   (39.1% logic, 60.9% route), 16 logic levels.

 Clock Skew Details: 

      Source Clock Path oscillator to system/cpu/engine/rom/lane_2:

   Name    Fanout   Delay (ns)          Site               Resource
ROUTE       234     3.714        OSC.OSC to EBR_R6C14.CLKA clk
                  --------
                    3.714   (0.0% logic, 100.0% route), 0 logic levels.

      Destination Clock Path oscillator to system/cpu/engine/rom/lane_3:

   Name    Fanout   Delay (ns)          Site               Resource
ROUTE       234     3.714        OSC.OSC to EBR_R6C10.CLKA clk
                  --------
                    3.714   (0.0% logic, 100.0% route), 0 logic levels.


Passed: The following path meets requirements by 2.208ns

 Logical Details:  Cell type  Pin type       Cell/ASIC name  (clock net +/-)

   Source:         DP8KC      Port           system/cpu/engine/rom/lane_2(ASIC)  (from clk +)
   Destination:    DP8KC      Port           system/cpu/engine/rom/lane_3(ASIC)  (to clk +)

   Delay:              31.647ns  (39.2% logic, 60.8% route), 16 logic levels.

 Constraint Details:

     31.647ns physical path delay system/cpu/engine/rom/lane_2 to system/cpu/engine/rom/lane_3 meets
     33.829ns delay constraint less
      0.000ns skew and
     -0.026ns ADDR_SET requirement (totaling 33.855ns) by 2.208ns

 Physical Path Details:

      Data path system/cpu/engine/rom/lane_2 to system/cpu/engine/rom/lane_3:

   Name    Fanout   Delay (ns)          Site               Resource
C2Q_DEL     ---     4.979 EBR_R6C14.CLKA to EBR_R6C14.DOA8 system/cpu/engine/rom/lane_2 (from clk)
ROUTE         4     1.382 EBR_R6C14.DOA8 to      R5C13A.D1 system/cpu/engine/a_select_2[0]
CTOF_DEL    ---     0.495      R5C13A.D1 to      R5C13A.F1 system/cpu/engine/SLICE_609
ROUTE         1     0.958      R5C13A.F1 to      R4C12B.D1 system/cpu/engine/un6_select_register[1]
CTOF_DEL    ---     0.495      R4C12B.D1 to      R4C12B.F1 system/cpu/engine/SLICE_498
ROUTE        18     1.874      R4C12B.F1 to      R7C12B.B1 system/cpu/engine/un9_d_axb1
CTOF_DEL    ---     0.495      R7C12B.B1 to      R7C12B.F1 system/cpu/engine/dp/rf/words_ram_0/SLICE_49
ROUTE        12     2.291      R7C12B.F1 to       R8C5D.A0 system/address[7]
CTOF_DEL    ---     0.495       R8C5D.A0 to       R8C5D.F0 system/bus/SLICE_555
ROUTE         1     0.744       R8C5D.F0 to       R7C5B.C1 system/bus/un1_address_24_2
CTOF_DEL    ---     0.495       R7C5B.C1 to       R7C5B.F1 system/bus/SLICE_452
ROUTE         4     1.697       R7C5B.F1 to      R3C11D.D1 system/bus/un1_address_24
CTOF_DEL    ---     0.495      R3C11D.D1 to      R3C11D.F1 system/bus/SLICE_175
ROUTE         3     0.981      R3C11D.F1 to       R2C9C.D1 system/bus/ltc_selecteddup
CTOF_DEL    ---     0.495       R2C9C.D1 to       R2C9C.F1 system/bus/SLICE_454
ROUTE         1     0.626       R2C9C.F1 to       R2C9A.D1 system/bus/acknowledgedup_1_0
CTOF_DEL    ---     0.495       R2C9A.D1 to       R2C9A.F1 system/bus/SLICE_367
ROUTE         6     1.181       R2C9A.F1 to      R3C15A.D1 system/acknowledgedup
CTOF_DEL    ---     0.495      R3C15A.D1 to      R3C15A.F1 system/SLICE_152
ROUTE         4     0.791      R3C15A.F1 to      R3C17C.C1 system/cpu/engine/un1_mem_ackdup
CTOF_DEL    ---     0.495      R3C17C.C1 to      R3C17C.F1 system/cpu/engine/SLICE_471
ROUTE        14     0.683      R3C17C.F1 to      R3C17D.D0 system/cpu/engine/frame_active_RNIV5L6P
CTOF_DEL    ---     0.495      R3C17D.D0 to      R3C17D.F0 system/cpu/engine/seq/SLICE_375
ROUTE        10     1.205      R3C17D.F0 to      R4C18D.D1 system/cpu/engine/seq/next_address_1_sqmuxa_1
CTOF_DEL    ---     0.495      R4C18D.D1 to      R4C18D.F1 system/cpu/engine/seq/SLICE_490
ROUTE         1     0.436      R4C18D.F1 to      R4C18D.C0 system/cpu/engine/seq/next_address_0_iv_0[7]
CTOF_DEL    ---     0.495      R4C18D.C0 to      R4C18D.F0 system/cpu/engine/seq/SLICE_490
ROUTE         1     1.499      R4C18D.F0 to      R3C18D.D0 system/cpu/engine/seq/next_address_0_iv_2[7]
CTOF_DEL    ---     0.495      R3C18D.D0 to      R3C18D.F0 system/cpu/engine/seq/SLICE_474
ROUTE         1     0.623      R3C18D.F0 to      R3C19B.D1 system/cpu/engine/seq/next_address_0_iv_5[7]
CTOF_DEL    ---     0.495      R3C19B.D1 to      R3C19B.F1 system/cpu/engine/seq/SLICE_227
ROUTE         5     2.272      R3C19B.F1 to *R_R6C10.ADA10 system/cpu/engine/next_address[7] (to clk)
                  --------
                   31.647   (39.2% logic, 60.8% route), 16 logic levels.

 Clock Skew Details: 

      Source Clock Path oscillator to system/cpu/engine/rom/lane_2:

   Name    Fanout   Delay (ns)          Site               Resource
ROUTE       234     3.714        OSC.OSC to EBR_R6C14.CLKA clk
                  --------
                    3.714   (0.0% logic, 100.0% route), 0 logic levels.

      Destination Clock Path oscillator to system/cpu/engine/rom/lane_3:

   Name    Fanout   Delay (ns)          Site               Resource
ROUTE       234     3.714        OSC.OSC to EBR_R6C10.CLKA clk
                  --------
                    3.714   (0.0% logic, 100.0% route), 0 logic levels.


Passed: The following path meets requirements by 2.214ns

 Logical Details:  Cell type  Pin type       Cell/ASIC name  (clock net +/-)

   Source:         DP8KC      Port           system/cpu/engine/rom/lane_2(ASIC)  (from clk +)
   Destination:    DP8KC      Port           system/cpu/engine/rom/lane_3(ASIC)  (to clk +)

   Delay:              31.641ns  (39.2% logic, 60.8% route), 16 logic levels.

 Constraint Details:

     31.641ns physical path delay system/cpu/engine/rom/lane_2 to system/cpu/engine/rom/lane_3 meets
     33.829ns delay constraint less
      0.000ns skew and
     -0.026ns ADDR_SET requirement (totaling 33.855ns) by 2.214ns

 Physical Path Details:

      Data path system/cpu/engine/rom/lane_2 to system/cpu/engine/rom/lane_3:

   Name    Fanout   Delay (ns)          Site               Resource
C2Q_DEL     ---     4.979 EBR_R6C14.CLKA to EBR_R6C14.DOA8 system/cpu/engine/rom/lane_2 (from clk)
ROUTE         4     1.678 EBR_R6C14.DOA8 to      R4C12A.D1 system/cpu/engine/a_select_2[0]
CTOF_DEL    ---     0.495      R4C12A.D1 to      R4C12A.F1 system/cpu/engine/SLICE_536
ROUTE         1     0.626      R4C12A.F1 to      R4C12A.D0 system/cpu/engine/un6_select_register[2]
CTOF_DEL    ---     0.495      R4C12A.D0 to      R4C12A.F0 system/cpu/engine/SLICE_536
ROUTE        18     2.501      R4C12A.F0 to       R7C7B.C0 system/cpu/engine/un9_d_axb2
CTOF_DEL    ---     0.495       R7C7B.C0 to       R7C7B.F0 system/cpu/engine/dp/rf/words_ram_1/SLICE_46
ROUTE        11     1.415       R7C7B.F0 to       R7C6C.A1 system/address[10]
CTOF_DEL    ---     0.495       R7C6C.A1 to       R7C6C.F1 system/bus/SLICE_553
ROUTE         3     0.973       R7C6C.F1 to       R7C5B.A1 system/bus/un1_address_24_8
CTOF_DEL    ---     0.495       R7C5B.A1 to       R7C5B.F1 system/bus/SLICE_452
ROUTE         4     1.697       R7C5B.F1 to      R3C11D.D1 system/bus/un1_address_24
CTOF_DEL    ---     0.495      R3C11D.D1 to      R3C11D.F1 system/bus/SLICE_175
ROUTE         3     0.981      R3C11D.F1 to       R2C9C.D1 system/bus/ltc_selecteddup
CTOF_DEL    ---     0.495       R2C9C.D1 to       R2C9C.F1 system/bus/SLICE_454
ROUTE         1     0.626       R2C9C.F1 to       R2C9A.D1 system/bus/acknowledgedup_1_0
CTOF_DEL    ---     0.495       R2C9A.D1 to       R2C9A.F1 system/bus/SLICE_367
ROUTE         6     1.181       R2C9A.F1 to      R3C15A.D1 system/acknowledgedup
CTOF_DEL    ---     0.495      R3C15A.D1 to      R3C15A.F1 system/SLICE_152
ROUTE         4     0.791      R3C15A.F1 to      R3C17C.C1 system/cpu/engine/un1_mem_ackdup
CTOF_DEL    ---     0.495      R3C17C.C1 to      R3C17C.F1 system/cpu/engine/SLICE_471
ROUTE        14     1.150      R3C17C.F1 to      R4C18A.C1 system/cpu/engine/frame_active_RNIV5L6P
CTOF_DEL    ---     0.495      R4C18A.C1 to      R4C18A.F1 system/cpu/engine/seq/SLICE_493
ROUTE         9     0.788      R4C18A.F1 to      R4C18D.C1 system/cpu/engine/seq/next_address_6_sqmuxa
CTOF_DEL    ---     0.495      R4C18D.C1 to      R4C18D.F1 system/cpu/engine/seq/SLICE_490
ROUTE         1     0.436      R4C18D.F1 to      R4C18D.C0 system/cpu/engine/seq/next_address_0_iv_0[7]
CTOF_DEL    ---     0.495      R4C18D.C0 to      R4C18D.F0 system/cpu/engine/seq/SLICE_490
ROUTE         1     1.499      R4C18D.F0 to      R3C18D.D0 system/cpu/engine/seq/next_address_0_iv_2[7]
CTOF_DEL    ---     0.495      R3C18D.D0 to      R3C18D.F0 system/cpu/engine/seq/SLICE_474
ROUTE         1     0.623      R3C18D.F0 to      R3C19B.D1 system/cpu/engine/seq/next_address_0_iv_5[7]
CTOF_DEL    ---     0.495      R3C19B.D1 to      R3C19B.F1 system/cpu/engine/seq/SLICE_227
ROUTE         5     2.272      R3C19B.F1 to *R_R6C10.ADA10 system/cpu/engine/next_address[7] (to clk)
                  --------
                   31.641   (39.2% logic, 60.8% route), 16 logic levels.

 Clock Skew Details: 

      Source Clock Path oscillator to system/cpu/engine/rom/lane_2:

   Name    Fanout   Delay (ns)          Site               Resource
ROUTE       234     3.714        OSC.OSC to EBR_R6C14.CLKA clk
                  --------
                    3.714   (0.0% logic, 100.0% route), 0 logic levels.

      Destination Clock Path oscillator to system/cpu/engine/rom/lane_3:

   Name    Fanout   Delay (ns)          Site               Resource
ROUTE       234     3.714        OSC.OSC to EBR_R6C10.CLKA clk
                  --------
                    3.714   (0.0% logic, 100.0% route), 0 logic levels.


Passed: The following path meets requirements by 2.247ns

 Logical Details:  Cell type  Pin type       Cell/ASIC name  (clock net +/-)

   Source:         DP8KC      Port           system/cpu/engine/rom/lane_2(ASIC)  (from clk +)
   Destination:    DP8KC      Port           system/cpu/engine/rom/lane_3(ASIC)  (to clk +)

   Delay:              31.608ns  (40.0% logic, 60.0% route), 16 logic levels.

 Constraint Details:

     31.608ns physical path delay system/cpu/engine/rom/lane_2 to system/cpu/engine/rom/lane_3 meets
     33.829ns delay constraint less
      0.000ns skew and
     -0.026ns ADDR_SET requirement (totaling 33.855ns) by 2.247ns

 Physical Path Details:

      Data path system/cpu/engine/rom/lane_2 to system/cpu/engine/rom/lane_3:

   Name    Fanout   Delay (ns)          Site               Resource
C2Q_DEL     ---     4.979 EBR_R6C14.CLKA to EBR_R6C14.DOA8 system/cpu/engine/rom/lane_2 (from clk)
ROUTE         4     1.382 EBR_R6C14.DOA8 to      R5C13A.D1 system/cpu/engine/a_select_2[0]
CTOF_DEL    ---     0.495      R5C13A.D1 to      R5C13A.F1 system/cpu/engine/SLICE_609
ROUTE         1     0.958      R5C13A.F1 to      R4C12B.D1 system/cpu/engine/un6_select_register[1]
CTOF_DEL    ---     0.495      R4C12B.D1 to      R4C12B.F1 system/cpu/engine/SLICE_498
ROUTE        18     2.626      R4C12B.F1 to       R7C7B.B0 system/cpu/engine/un9_d_axb1
CTOF_DEL    ---     0.495       R7C7B.B0 to       R7C7B.F0 system/cpu/engine/dp/rf/words_ram_1/SLICE_46
ROUTE        11     1.415       R7C7B.F0 to       R7C6C.A1 system/address[10]
CTOF_DEL    ---     0.495       R7C6C.A1 to       R7C6C.F1 system/bus/SLICE_553
ROUTE         3     0.973       R7C6C.F1 to       R7C5B.A1 system/bus/un1_address_24_8
CTOF_DEL    ---     0.495       R7C5B.A1 to       R7C5B.F1 system/bus/SLICE_452
ROUTE         4     1.697       R7C5B.F1 to      R3C11D.D1 system/bus/un1_address_24
CTOF_DEL    ---     0.495      R3C11D.D1 to      R3C11D.F1 system/bus/SLICE_175
ROUTE         3     0.981      R3C11D.F1 to       R2C9C.D1 system/bus/ltc_selecteddup
CTOF_DEL    ---     0.495       R2C9C.D1 to       R2C9C.F1 system/bus/SLICE_454
ROUTE         1     0.626       R2C9C.F1 to       R2C9A.D1 system/bus/acknowledgedup_1_0
CTOF_DEL    ---     0.495       R2C9A.D1 to       R2C9A.F1 system/bus/SLICE_367
ROUTE         6     1.181       R2C9A.F1 to      R3C15A.D1 system/acknowledgedup
CTOF_DEL    ---     0.495      R3C15A.D1 to      R3C15A.F1 system/SLICE_152
ROUTE         4     0.648      R3C15A.F1 to      R3C16D.D1 system/cpu/engine/un1_mem_ackdup
CTOOFX_DEL  ---     0.721      R3C16D.D1 to    R3C16D.OFX0 system/cpu/engine/seq/predicates_pmux_6/SLICE_276
ROUTE         1     0.626    R3C16D.OFX0 to      R3C16A.D0 system/cpu/engine/seq/N_66
CTOF_DEL    ---     0.495      R3C16A.D0 to      R3C16A.F0 system/cpu/engine/seq/SLICE_486
ROUTE         2     0.635      R3C16A.F0 to      R3C16A.D1 system/cpu/engine/seq/condition
CTOF_DEL    ---     0.495      R3C16A.D1 to      R3C16A.F1 system/cpu/engine/seq/SLICE_486
ROUTE         1     0.958      R3C16A.F1 to      R3C19C.D1 system/cpu/engine/seq/next_address_2_sqmuxa_1
CTOF_DEL    ---     0.495      R3C19C.D1 to      R3C19C.F1 system/cpu/engine/seq/SLICE_476
ROUTE        10     1.461      R3C19C.F1 to      R5C18A.A0 system/cpu/engine/seq/next_address_2_sqmuxa
CTOF_DEL    ---     0.495      R5C18A.A0 to      R5C18A.F0 system/SLICE_174
ROUTE         1     0.958      R5C18A.F0 to      R3C17B.D0 system/cpu/engine/seq/un1_upc_i_m[2]
CTOF_DEL    ---     0.495      R3C17B.D0 to      R3C17B.F0 system/cpu/engine/seq/SLICE_225
ROUTE         5     1.853      R3C17B.F0 to EBR_R6C10.ADA5 system/cpu/engine/next_address_0_iv_i[2] (to clk)
                  --------
                   31.608   (40.0% logic, 60.0% route), 16 logic levels.

 Clock Skew Details: 

      Source Clock Path oscillator to system/cpu/engine/rom/lane_2:

   Name    Fanout   Delay (ns)          Site               Resource
ROUTE       234     3.714        OSC.OSC to EBR_R6C14.CLKA clk
                  --------
                    3.714   (0.0% logic, 100.0% route), 0 logic levels.

      Destination Clock Path oscillator to system/cpu/engine/rom/lane_3:

   Name    Fanout   Delay (ns)          Site               Resource
ROUTE       234     3.714        OSC.OSC to EBR_R6C10.CLKA clk
                  --------
                    3.714   (0.0% logic, 100.0% route), 0 logic levels.


Passed: The following path meets requirements by 2.264ns

 Logical Details:  Cell type  Pin type       Cell/ASIC name  (clock net +/-)

   Source:         DP8KC      Port           system/cpu/engine/rom/lane_2(ASIC)  (from clk +)
   Destination:    DP8KC      Port           system/cpu/engine/rom/lane_3(ASIC)  (to clk +)

   Delay:              31.591ns  (39.3% logic, 60.7% route), 16 logic levels.

 Constraint Details:

     31.591ns physical path delay system/cpu/engine/rom/lane_2 to system/cpu/engine/rom/lane_3 meets
     33.829ns delay constraint less
      0.000ns skew and
     -0.026ns ADDR_SET requirement (totaling 33.855ns) by 2.264ns

 Physical Path Details:

      Data path system/cpu/engine/rom/lane_2 to system/cpu/engine/rom/lane_3:

   Name    Fanout   Delay (ns)          Site               Resource
C2Q_DEL     ---     4.979 EBR_R6C14.CLKA to EBR_R6C14.DOA8 system/cpu/engine/rom/lane_2 (from clk)
ROUTE         4     1.678 EBR_R6C14.DOA8 to      R4C12A.D1 system/cpu/engine/a_select_2[0]
CTOF_DEL    ---     0.495      R4C12A.D1 to      R4C12A.F1 system/cpu/engine/SLICE_536
ROUTE         1     0.626      R4C12A.F1 to      R4C12A.D0 system/cpu/engine/un6_select_register[2]
CTOF_DEL    ---     0.495      R4C12A.D0 to      R4C12A.F0 system/cpu/engine/SLICE_536
ROUTE        18     2.501      R4C12A.F0 to       R7C7B.C0 system/cpu/engine/un9_d_axb2
CTOF_DEL    ---     0.495       R7C7B.C0 to       R7C7B.F0 system/cpu/engine/dp/rf/words_ram_1/SLICE_46
ROUTE        11     1.415       R7C7B.F0 to       R7C6C.A1 system/address[10]
CTOF_DEL    ---     0.495       R7C6C.A1 to       R7C6C.F1 system/bus/SLICE_553
ROUTE         3     0.973       R7C6C.F1 to       R7C5B.A1 system/bus/un1_address_24_8
CTOF_DEL    ---     0.495       R7C5B.A1 to       R7C5B.F1 system/bus/SLICE_452
ROUTE         4     1.697       R7C5B.F1 to      R3C11D.D1 system/bus/un1_address_24
CTOF_DEL    ---     0.495      R3C11D.D1 to      R3C11D.F1 system/bus/SLICE_175
ROUTE         3     0.981      R3C11D.F1 to       R2C9C.D1 system/bus/ltc_selecteddup
CTOF_DEL    ---     0.495       R2C9C.D1 to       R2C9C.F1 system/bus/SLICE_454
ROUTE         1     0.626       R2C9C.F1 to       R2C9A.D1 system/bus/acknowledgedup_1_0
CTOF_DEL    ---     0.495       R2C9A.D1 to       R2C9A.F1 system/bus/SLICE_367
ROUTE         6     1.181       R2C9A.F1 to      R3C15A.D1 system/acknowledgedup
CTOF_DEL    ---     0.495      R3C15A.D1 to      R3C15A.F1 system/SLICE_152
ROUTE         4     0.791      R3C15A.F1 to      R3C17C.C1 system/cpu/engine/un1_mem_ackdup
CTOF_DEL    ---     0.495      R3C17C.C1 to      R3C17C.F1 system/cpu/engine/SLICE_471
ROUTE        14     0.683      R3C17C.F1 to      R3C17D.D0 system/cpu/engine/frame_active_RNIV5L6P
CTOF_DEL    ---     0.495      R3C17D.D0 to      R3C17D.F0 system/cpu/engine/seq/SLICE_375
ROUTE        10     1.205      R3C17D.F0 to      R4C18D.D1 system/cpu/engine/seq/next_address_1_sqmuxa_1
CTOF_DEL    ---     0.495      R4C18D.D1 to      R4C18D.F1 system/cpu/engine/seq/SLICE_490
ROUTE         1     0.436      R4C18D.F1 to      R4C18D.C0 system/cpu/engine/seq/next_address_0_iv_0[7]
CTOF_DEL    ---     0.495      R4C18D.C0 to      R4C18D.F0 system/cpu/engine/seq/SLICE_490
ROUTE         1     1.499      R4C18D.F0 to      R3C18D.D0 system/cpu/engine/seq/next_address_0_iv_2[7]
CTOF_DEL    ---     0.495      R3C18D.D0 to      R3C18D.F0 system/cpu/engine/seq/SLICE_474
ROUTE         1     0.623      R3C18D.F0 to      R3C19B.D1 system/cpu/engine/seq/next_address_0_iv_5[7]
CTOF_DEL    ---     0.495      R3C19B.D1 to      R3C19B.F1 system/cpu/engine/seq/SLICE_227
ROUTE         5     2.272      R3C19B.F1 to *R_R6C10.ADA10 system/cpu/engine/next_address[7] (to clk)
                  --------
                   31.591   (39.3% logic, 60.7% route), 16 logic levels.

 Clock Skew Details: 

      Source Clock Path oscillator to system/cpu/engine/rom/lane_2:

   Name    Fanout   Delay (ns)          Site               Resource
ROUTE       234     3.714        OSC.OSC to EBR_R6C14.CLKA clk
                  --------
                    3.714   (0.0% logic, 100.0% route), 0 logic levels.

      Destination Clock Path oscillator to system/cpu/engine/rom/lane_3:

   Name    Fanout   Delay (ns)          Site               Resource
ROUTE       234     3.714        OSC.OSC to EBR_R6C10.CLKA clk
                  --------
                    3.714   (0.0% logic, 100.0% route), 0 logic levels.


Passed: The following path meets requirements by 2.339ns

 Logical Details:  Cell type  Pin type       Cell/ASIC name  (clock net +/-)

   Source:         DP8KC      Port           system/cpu/engine/rom/lane_2(ASIC)  (from clk +)
   Destination:    DP8KC      Port           system/cpu/engine/rom/lane_3(ASIC)  (to clk +)

   Delay:              31.516ns  (40.1% logic, 59.9% route), 16 logic levels.

 Constraint Details:

     31.516ns physical path delay system/cpu/engine/rom/lane_2 to system/cpu/engine/rom/lane_3 meets
     33.829ns delay constraint less
      0.000ns skew and
     -0.026ns ADDR_SET requirement (totaling 33.855ns) by 2.339ns

 Physical Path Details:

      Data path system/cpu/engine/rom/lane_2 to system/cpu/engine/rom/lane_3:

   Name    Fanout   Delay (ns)          Site               Resource
C2Q_DEL     ---     4.979 EBR_R6C14.CLKA to EBR_R6C14.DOA8 system/cpu/engine/rom/lane_2 (from clk)
ROUTE         4     1.382 EBR_R6C14.DOA8 to      R5C13A.D1 system/cpu/engine/a_select_2[0]
CTOF_DEL    ---     0.495      R5C13A.D1 to      R5C13A.F1 system/cpu/engine/SLICE_609
ROUTE         1     0.958      R5C13A.F1 to      R4C12B.D1 system/cpu/engine/un6_select_register[1]
CTOF_DEL    ---     0.495      R4C12B.D1 to      R4C12B.F1 system/cpu/engine/SLICE_498
ROUTE        18     2.626      R4C12B.F1 to       R7C7B.B0 system/cpu/engine/un9_d_axb1
CTOF_DEL    ---     0.495       R7C7B.B0 to       R7C7B.F0 system/cpu/engine/dp/rf/words_ram_1/SLICE_46
ROUTE        11     1.415       R7C7B.F0 to       R7C6C.A1 system/address[10]
CTOF_DEL    ---     0.495       R7C6C.A1 to       R7C6C.F1 system/bus/SLICE_553
ROUTE         3     0.973       R7C6C.F1 to       R7C5B.A1 system/bus/un1_address_24_8
CTOF_DEL    ---     0.495       R7C5B.A1 to       R7C5B.F1 system/bus/SLICE_452
ROUTE         4     1.697       R7C5B.F1 to      R3C11D.D1 system/bus/un1_address_24
CTOF_DEL    ---     0.495      R3C11D.D1 to      R3C11D.F1 system/bus/SLICE_175
ROUTE         3     0.981      R3C11D.F1 to       R2C9C.D1 system/bus/ltc_selecteddup
CTOF_DEL    ---     0.495       R2C9C.D1 to       R2C9C.F1 system/bus/SLICE_454
ROUTE         1     0.626       R2C9C.F1 to       R2C9A.D1 system/bus/acknowledgedup_1_0
CTOF_DEL    ---     0.495       R2C9A.D1 to       R2C9A.F1 system/bus/SLICE_367
ROUTE         6     1.181       R2C9A.F1 to      R3C15A.D1 system/acknowledgedup
CTOF_DEL    ---     0.495      R3C15A.D1 to      R3C15A.F1 system/SLICE_152
ROUTE         4     0.648      R3C15A.F1 to      R3C16D.D1 system/cpu/engine/un1_mem_ackdup
CTOOFX_DEL  ---     0.721      R3C16D.D1 to    R3C16D.OFX0 system/cpu/engine/seq/predicates_pmux_6/SLICE_276
ROUTE         1     0.626    R3C16D.OFX0 to      R3C16A.D0 system/cpu/engine/seq/N_66
CTOF_DEL    ---     0.495      R3C16A.D0 to      R3C16A.F0 system/cpu/engine/seq/SLICE_486
ROUTE         2     0.635      R3C16A.F0 to      R3C16A.D1 system/cpu/engine/seq/condition
CTOF_DEL    ---     0.495      R3C16A.D1 to      R3C16A.F1 system/cpu/engine/seq/SLICE_486
ROUTE         1     0.958      R3C16A.F1 to      R3C19C.D1 system/cpu/engine/seq/next_address_2_sqmuxa_1
CTOF_DEL    ---     0.495      R3C19C.D1 to      R3C19C.F1 system/cpu/engine/seq/SLICE_476
ROUTE        10     0.678      R3C19C.F1 to      R3C20D.D1 system/cpu/engine/seq/next_address_2_sqmuxa
CTOF_DEL    ---     0.495      R3C20D.D1 to      R3C20D.F1 system/cpu/engine/seq/SLICE_598
ROUTE         1     1.336      R3C20D.F1 to      R4C19C.B0 system/cpu/engine/seq/un1_upc_i_m[0]
CTOF_DEL    ---     0.495      R4C19C.B0 to      R4C19C.F0 system/cpu/engine/seq/SLICE_224
ROUTE         5     2.166      R4C19C.F0 to EBR_R6C10.ADA3 system/cpu/engine/next_address_0_iv_i[0] (to clk)
                  --------
                   31.516   (40.1% logic, 59.9% route), 16 logic levels.

 Clock Skew Details: 

      Source Clock Path oscillator to system/cpu/engine/rom/lane_2:

   Name    Fanout   Delay (ns)          Site               Resource
ROUTE       234     3.714        OSC.OSC to EBR_R6C14.CLKA clk
                  --------
                    3.714   (0.0% logic, 100.0% route), 0 logic levels.

      Destination Clock Path oscillator to system/cpu/engine/rom/lane_3:

   Name    Fanout   Delay (ns)          Site               Resource
ROUTE       234     3.714        OSC.OSC to EBR_R6C10.CLKA clk
                  --------
                    3.714   (0.0% logic, 100.0% route), 0 logic levels.


Passed: The following path meets requirements by 2.344ns

 Logical Details:  Cell type  Pin type       Cell/ASIC name  (clock net +/-)

   Source:         DP8KC      Port           system/cpu/engine/rom/lane_2(ASIC)  (from clk +)
   Destination:    DP8KC      Port           system/cpu/engine/rom/lane_1(ASIC)  (to clk +)

   Delay:              31.511ns  (40.1% logic, 59.9% route), 16 logic levels.

 Constraint Details:

     31.511ns physical path delay system/cpu/engine/rom/lane_2 to system/cpu/engine/rom/lane_1 meets
     33.829ns delay constraint less
      0.000ns skew and
     -0.026ns ADDR_SET requirement (totaling 33.855ns) by 2.344ns

 Physical Path Details:

      Data path system/cpu/engine/rom/lane_2 to system/cpu/engine/rom/lane_1:

   Name    Fanout   Delay (ns)          Site               Resource
C2Q_DEL     ---     4.979 EBR_R6C14.CLKA to EBR_R6C14.DOA8 system/cpu/engine/rom/lane_2 (from clk)
ROUTE         4     1.382 EBR_R6C14.DOA8 to      R5C13A.D1 system/cpu/engine/a_select_2[0]
CTOF_DEL    ---     0.495      R5C13A.D1 to      R5C13A.F1 system/cpu/engine/SLICE_609
ROUTE         1     0.958      R5C13A.F1 to      R4C12B.D1 system/cpu/engine/un6_select_register[1]
CTOF_DEL    ---     0.495      R4C12B.D1 to      R4C12B.F1 system/cpu/engine/SLICE_498
ROUTE        18     2.626      R4C12B.F1 to       R7C7B.B0 system/cpu/engine/un9_d_axb1
CTOF_DEL    ---     0.495       R7C7B.B0 to       R7C7B.F0 system/cpu/engine/dp/rf/words_ram_1/SLICE_46
ROUTE        11     1.415       R7C7B.F0 to       R7C6C.A1 system/address[10]
CTOF_DEL    ---     0.495       R7C6C.A1 to       R7C6C.F1 system/bus/SLICE_553
ROUTE         3     0.973       R7C6C.F1 to       R7C5B.A1 system/bus/un1_address_24_8
CTOF_DEL    ---     0.495       R7C5B.A1 to       R7C5B.F1 system/bus/SLICE_452
ROUTE         4     1.697       R7C5B.F1 to      R3C11D.D1 system/bus/un1_address_24
CTOF_DEL    ---     0.495      R3C11D.D1 to      R3C11D.F1 system/bus/SLICE_175
ROUTE         3     0.981      R3C11D.F1 to       R2C9C.D1 system/bus/ltc_selecteddup
CTOF_DEL    ---     0.495       R2C9C.D1 to       R2C9C.F1 system/bus/SLICE_454
ROUTE         1     0.626       R2C9C.F1 to       R2C9A.D1 system/bus/acknowledgedup_1_0
CTOF_DEL    ---     0.495       R2C9A.D1 to       R2C9A.F1 system/bus/SLICE_367
ROUTE         6     1.181       R2C9A.F1 to      R3C15A.D1 system/acknowledgedup
CTOF_DEL    ---     0.495      R3C15A.D1 to      R3C15A.F1 system/SLICE_152
ROUTE         4     0.648      R3C15A.F1 to      R3C16D.D1 system/cpu/engine/un1_mem_ackdup
CTOOFX_DEL  ---     0.721      R3C16D.D1 to    R3C16D.OFX0 system/cpu/engine/seq/predicates_pmux_6/SLICE_276
ROUTE         1     0.626    R3C16D.OFX0 to      R3C16A.D0 system/cpu/engine/seq/N_66
CTOF_DEL    ---     0.495      R3C16A.D0 to      R3C16A.F0 system/cpu/engine/seq/SLICE_486
ROUTE         2     0.635      R3C16A.F0 to      R3C16A.D1 system/cpu/engine/seq/condition
CTOF_DEL    ---     0.495      R3C16A.D1 to      R3C16A.F1 system/cpu/engine/seq/SLICE_486
ROUTE         1     0.958      R3C16A.F1 to      R3C19C.D1 system/cpu/engine/seq/next_address_2_sqmuxa_1
CTOF_DEL    ---     0.495      R3C19C.D1 to      R3C19C.F1 system/cpu/engine/seq/SLICE_476
ROUTE        10     1.461      R3C19C.F1 to      R5C18A.A0 system/cpu/engine/seq/next_address_2_sqmuxa
CTOF_DEL    ---     0.495      R5C18A.A0 to      R5C18A.F0 system/SLICE_174
ROUTE         1     0.958      R5C18A.F0 to      R3C17B.D0 system/cpu/engine/seq/un1_upc_i_m[2]
CTOF_DEL    ---     0.495      R3C17B.D0 to      R3C17B.F0 system/cpu/engine/seq/SLICE_225
ROUTE         5     1.756      R3C17B.F0 to EBR_R6C17.ADA5 system/cpu/engine/next_address_0_iv_i[2] (to clk)
                  --------
                   31.511   (40.1% logic, 59.9% route), 16 logic levels.

 Clock Skew Details: 

      Source Clock Path oscillator to system/cpu/engine/rom/lane_2:

   Name    Fanout   Delay (ns)          Site               Resource
ROUTE       234     3.714        OSC.OSC to EBR_R6C14.CLKA clk
                  --------
                    3.714   (0.0% logic, 100.0% route), 0 logic levels.

      Destination Clock Path oscillator to system/cpu/engine/rom/lane_1:

   Name    Fanout   Delay (ns)          Site               Resource
ROUTE       234     3.714        OSC.OSC to EBR_R6C17.CLKA clk
                  --------
                    3.714   (0.0% logic, 100.0% route), 0 logic levels.


Passed: The following path meets requirements by 2.352ns

 Logical Details:  Cell type  Pin type       Cell/ASIC name  (clock net +/-)

   Source:         DP8KC      Port           system/cpu/engine/rom/lane_2(ASIC)  (from clk +)
   Destination:    DP8KC      Port           system/cpu/engine/rom/lane_3(ASIC)  (to clk +)

   Delay:              31.503ns  (40.1% logic, 59.9% route), 16 logic levels.

 Constraint Details:

     31.503ns physical path delay system/cpu/engine/rom/lane_2 to system/cpu/engine/rom/lane_3 meets
     33.829ns delay constraint less
      0.000ns skew and
     -0.026ns ADDR_SET requirement (totaling 33.855ns) by 2.352ns

 Physical Path Details:

      Data path system/cpu/engine/rom/lane_2 to system/cpu/engine/rom/lane_3:

   Name    Fanout   Delay (ns)          Site               Resource
C2Q_DEL     ---     4.979 EBR_R6C14.CLKA to EBR_R6C14.DOA8 system/cpu/engine/rom/lane_2 (from clk)
ROUTE         4     1.382 EBR_R6C14.DOA8 to      R5C13A.D1 system/cpu/engine/a_select_2[0]
CTOF_DEL    ---     0.495      R5C13A.D1 to      R5C13A.F1 system/cpu/engine/SLICE_609
ROUTE         1     0.958      R5C13A.F1 to      R4C12B.D1 system/cpu/engine/un6_select_register[1]
CTOF_DEL    ---     0.495      R4C12B.D1 to      R4C12B.F1 system/cpu/engine/SLICE_498
ROUTE        18     1.874      R4C12B.F1 to      R7C12B.B1 system/cpu/engine/un9_d_axb1
CTOF_DEL    ---     0.495      R7C12B.B1 to      R7C12B.F1 system/cpu/engine/dp/rf/words_ram_0/SLICE_49
ROUTE        12     2.291      R7C12B.F1 to       R8C5D.A0 system/address[7]
CTOF_DEL    ---     0.495       R8C5D.A0 to       R8C5D.F0 system/bus/SLICE_555
ROUTE         1     0.744       R8C5D.F0 to       R7C5B.C1 system/bus/un1_address_24_2
CTOF_DEL    ---     0.495       R7C5B.C1 to       R7C5B.F1 system/bus/SLICE_452
ROUTE         4     1.697       R7C5B.F1 to      R3C11D.D1 system/bus/un1_address_24
CTOF_DEL    ---     0.495      R3C11D.D1 to      R3C11D.F1 system/bus/SLICE_175
ROUTE         3     0.981      R3C11D.F1 to       R2C9C.D1 system/bus/ltc_selecteddup
CTOF_DEL    ---     0.495       R2C9C.D1 to       R2C9C.F1 system/bus/SLICE_454
ROUTE         1     0.626       R2C9C.F1 to       R2C9A.D1 system/bus/acknowledgedup_1_0
CTOF_DEL    ---     0.495       R2C9A.D1 to       R2C9A.F1 system/bus/SLICE_367
ROUTE         6     1.181       R2C9A.F1 to      R3C15A.D1 system/acknowledgedup
CTOF_DEL    ---     0.495      R3C15A.D1 to      R3C15A.F1 system/SLICE_152
ROUTE         4     0.648      R3C15A.F1 to      R3C16D.D1 system/cpu/engine/un1_mem_ackdup
CTOOFX_DEL  ---     0.721      R3C16D.D1 to    R3C16D.OFX0 system/cpu/engine/seq/predicates_pmux_6/SLICE_276
ROUTE         1     0.626    R3C16D.OFX0 to      R3C16A.D0 system/cpu/engine/seq/N_66
CTOF_DEL    ---     0.495      R3C16A.D0 to      R3C16A.F0 system/cpu/engine/seq/SLICE_486
ROUTE         2     0.635      R3C16A.F0 to      R3C16A.D1 system/cpu/engine/seq/condition
CTOF_DEL    ---     0.495      R3C16A.D1 to      R3C16A.F1 system/cpu/engine/seq/SLICE_486
ROUTE         1     0.958      R3C16A.F1 to      R3C19C.D1 system/cpu/engine/seq/next_address_2_sqmuxa_1
CTOF_DEL    ---     0.495      R3C19C.D1 to      R3C19C.F1 system/cpu/engine/seq/SLICE_476
ROUTE        10     1.461      R3C19C.F1 to      R5C18A.A0 system/cpu/engine/seq/next_address_2_sqmuxa
CTOF_DEL    ---     0.495      R5C18A.A0 to      R5C18A.F0 system/SLICE_174
ROUTE         1     0.958      R5C18A.F0 to      R3C17B.D0 system/cpu/engine/seq/un1_upc_i_m[2]
CTOF_DEL    ---     0.495      R3C17B.D0 to      R3C17B.F0 system/cpu/engine/seq/SLICE_225
ROUTE         5     1.853      R3C17B.F0 to EBR_R6C10.ADA5 system/cpu/engine/next_address_0_iv_i[2] (to clk)
                  --------
                   31.503   (40.1% logic, 59.9% route), 16 logic levels.

 Clock Skew Details: 

      Source Clock Path oscillator to system/cpu/engine/rom/lane_2:

   Name    Fanout   Delay (ns)          Site               Resource
ROUTE       234     3.714        OSC.OSC to EBR_R6C14.CLKA clk
                  --------
                    3.714   (0.0% logic, 100.0% route), 0 logic levels.

      Destination Clock Path oscillator to system/cpu/engine/rom/lane_3:

   Name    Fanout   Delay (ns)          Site               Resource
ROUTE       234     3.714        OSC.OSC to EBR_R6C10.CLKA clk
                  --------
                    3.714   (0.0% logic, 100.0% route), 0 logic levels.

Report:   31.470MHz is the maximum frequency for this preference.


================================================================================
Preference: Unconstrained: CLOCK_DOMAIN
            0 unconstrained paths found
--------------------------------------------------------------------------------


================================================================================
Preference: Unconstrained: INPUT_SETUP
            8 unconstrained paths found
--------------------------------------------------------------------------------

Unconstrained Preference:
   INPUT_SETUP PORT "res" CLKNET "clk" 

Report:    4.891ns delay res to SLICE_429 (4.158ns delay and 0.733ns setup)

   Name    Fanout   Delay (ns)          Site               Resource
PADI_DEL    ---     1.132          4.PAD to        4.PADDI res
ROUTE         1     3.026        4.PADDI to     R7C11D.LSR res_c (to clk)
                  --------
                    4.158   (27.2% logic, 72.8% route), 1 logic levels.

Unconstrained Preference:
   INPUT_SETUP PORT "gpio_key_row[0]" CLKNET "clk" 

Report:    2.292ns delay gpio_key_row[0] to gpio_key_row[0]_MGIOL (1.697ns delay and 0.595ns setup)

   Name    Fanout   Delay (ns)          Site               Resource
PADI_DEL    ---     1.132         29.PAD to       29.PADDI gpio_key_row[0]
ROUTE         1     0.565       29.PADDI to    IOL_T11D.DI gpio_key_row_in[0] (to clk)
                  --------
                    1.697   (66.7% logic, 33.3% route), 1 logic levels.

Unconstrained Preference:
   INPUT_SETUP PORT "gpio_key_row[1]" CLKNET "clk" 

Report:    2.292ns delay gpio_key_row[1] to gpio_key_row[1]_MGIOL (1.697ns delay and 0.595ns setup)

   Name    Fanout   Delay (ns)          Site               Resource
PADI_DEL    ---     1.132         30.PAD to       30.PADDI gpio_key_row[1]
ROUTE         1     0.565       30.PADDI to    IOL_T11C.DI gpio_key_row_in[1] (to clk)
                  --------
                    1.697   (66.7% logic, 33.3% route), 1 logic levels.

Unconstrained Preference:
   INPUT_SETUP PORT "gpio_key_row[2]" CLKNET "clk" 

Report:    2.292ns delay gpio_key_row[2] to gpio_key_row[2]_MGIOL (1.697ns delay and 0.595ns setup)

   Name    Fanout   Delay (ns)          Site               Resource
PADI_DEL    ---     1.132         32.PAD to       32.PADDI gpio_key_row[2]
ROUTE         1     0.565       32.PADDI to    IOL_T10D.DI gpio_key_row_in[2] (to clk)
                  --------
                    1.697   (66.7% logic, 33.3% route), 1 logic levels.

Unconstrained Preference:
   INPUT_SETUP PORT "gpio_key_row[3]" CLKNET "clk" 

Report:    2.292ns delay gpio_key_row[3] to gpio_key_row[3]_MGIOL (1.697ns delay and 0.595ns setup)

   Name    Fanout   Delay (ns)          Site               Resource
PADI_DEL    ---     1.132          1.PAD to        1.PADDI gpio_key_row[3]
ROUTE         1     0.565        1.PADDI to    IOL_T10C.DI gpio_key_row_in[3] (to clk)
                  --------
                    1.697   (66.7% logic, 33.3% route), 1 logic levels.

Unconstrained Preference:
   INPUT_SETUP PORT "rx" CLKNET "clk" 

Report:    2.292ns delay rx to rx_MGIOL (1.697ns delay and 0.595ns setup)

   Name    Fanout   Delay (ns)          Site               Resource
PADI_DEL    ---     1.132         25.PAD to       25.PADDI rx
ROUTE         1     0.565       25.PADDI to    IOL_T15D.DI rx_c (to clk)
                  --------
                    1.697   (66.7% logic, 33.3% route), 1 logic levels.

Unconstrained Preference:
   INPUT_SETUP PORT "sd_miso" CLKNET "clk" 

Report:    2.292ns delay sd_miso to sd_miso_MGIOL (1.697ns delay and 0.595ns setup)

   Name    Fanout   Delay (ns)          Site               Resource
PADI_DEL    ---     1.132         28.PAD to       28.PADDI sd_miso
ROUTE         1     0.565       28.PADDI to    IOL_T12C.DI sd_miso_c (to clk)
                  --------
                    1.697   (66.7% logic, 33.3% route), 1 logic levels.

Unconstrained Preference:
   INPUT_SETUP PORT "gpio_miso" CLKNET "clk" 

Report:    2.111ns delay gpio_miso to gpio_miso_MGIOL (1.516ns delay and 0.595ns setup)

   Name    Fanout   Delay (ns)          Site               Resource
PADI_DEL    ---     1.132         10.PAD to       10.PADDI gpio_miso
ROUTE         1     0.384       10.PADDI to     IOL_B6D.DI gpio_miso_c (to clk)
                  --------
                    1.516   (74.7% logic, 25.3% route), 1 logic levels.


================================================================================
Preference: Unconstrained: CLOCK_TO_OUT
            18 unconstrained paths found
--------------------------------------------------------------------------------

Unconstrained Preference:
   CLOCK_TO_OUT PORT "sd_mosi" CLKNET "clk" 

Report:    8.510ns delay system/bus/byte_sd/SLICE_87 to sd_mosi

   Name    Fanout   Delay (ns)          Site               Resource
REG_DEL     ---     0.452      R3C6A.CLK to       R3C6A.Q1 system/bus/byte_sd/SLICE_87 (from clk)
ROUTE         1     2.343       R3C6A.Q1 to       R4C7D.A1 system/bus/byte_sd/tx_shift[7]
CTOF_DEL    ---     0.495       R4C7D.A1 to       R4C7D.F1 system/bus/SLICE_620
ROUTE         1     2.423       R4C7D.F1 to       21.PADDO sd_mosi_c
DOPAD_DEL   ---     2.797       21.PADDO to         21.PAD sd_mosi
                  --------
                    8.510   (44.0% logic, 56.0% route), 3 logic levels.

Unconstrained Preference:
   CLOCK_TO_OUT PORT "tx" CLKNET "clk" 

Report:    8.384ns delay system/bus/fixed_uart.console/SLICE_105 to tx

   Name    Fanout   Delay (ns)          Site               Resource
REG_DEL     ---     0.452      R3C4D.CLK to       R3C4D.Q0 system/bus/fixed_uart.console/SLICE_105 (from clk)
ROUTE        20     1.891       R3C4D.Q0 to       R2C6B.B1 system/bus/fixed_uart.console/tx_busy
CTOF_DEL    ---     0.495       R2C6B.B1 to       R2C6B.F1 system/bus/fixed_uart.console/SLICE_118
ROUTE         1     2.749       R2C6B.F1 to       23.PADDO tx_c
DOPAD_DEL   ---     2.797       23.PADDO to         23.PAD tx
                  --------
                    8.384   (44.7% logic, 55.3% route), 3 logic levels.

Unconstrained Preference:
   CLOCK_TO_OUT PORT "tx" CLKNET "clk" 

Report:    7.579ns delay system/bus/fixed_uart.console/SLICE_355 to tx

   Name    Fanout   Delay (ns)          Site               Resource
REG_DEL     ---     0.452      R3C5D.CLK to       R3C5D.Q0 system/bus/fixed_uart.console/SLICE_355 (from clk)
ROUTE         2     1.086       R3C5D.Q0 to       R2C6B.C1 system/bus/fixed_uart.console/tx_break
CTOF_DEL    ---     0.495       R2C6B.C1 to       R2C6B.F1 system/bus/fixed_uart.console/SLICE_118
ROUTE         1     2.749       R2C6B.F1 to       23.PADDO tx_c
DOPAD_DEL   ---     2.797       23.PADDO to         23.PAD tx
                  --------
                    7.579   (49.4% logic, 50.6% route), 3 logic levels.

Unconstrained Preference:
   CLOCK_TO_OUT PORT "tx" CLKNET "clk" 

Report:    7.460ns delay system/bus/fixed_uart.console/SLICE_114 to tx

   Name    Fanout   Delay (ns)          Site               Resource
REG_DEL     ---     0.452      R2C6C.CLK to       R2C6C.Q0 system/bus/fixed_uart.console/SLICE_114 (from clk)
ROUTE         1     0.967       R2C6C.Q0 to       R2C6B.A1 system/bus/fixed_uart.console/tx_shift[0]
CTOF_DEL    ---     0.495       R2C6B.A1 to       R2C6B.F1 system/bus/fixed_uart.console/SLICE_118
ROUTE         1     2.749       R2C6B.F1 to       23.PADDO tx_c
DOPAD_DEL   ---     2.797       23.PADDO to         23.PAD tx
                  --------
                    7.460   (50.2% logic, 49.8% route), 3 logic levels.

Unconstrained Preference:
   CLOCK_TO_OUT PORT "sd_mosi" CLKNET "clk" 

Report:    7.258ns delay system/bus/byte_sd/SLICE_76 to sd_mosi

   Name    Fanout   Delay (ns)          Site               Resource
REG_DEL     ---     0.452      R2C7C.CLK to       R2C7C.Q0 system/bus/byte_sd/SLICE_76 (from clk)
ROUTE        23     1.091       R2C7C.Q0 to       R4C7D.B1 system/bus/byte_sd/busy
CTOF_DEL    ---     0.495       R4C7D.B1 to       R4C7D.F1 system/bus/SLICE_620
ROUTE         1     2.423       R4C7D.F1 to       21.PADDO sd_mosi_c
DOPAD_DEL   ---     2.797       21.PADDO to         21.PAD sd_mosi
                  --------
                    7.258   (51.6% logic, 48.4% route), 3 logic levels.

Unconstrained Preference:
   CLOCK_TO_OUT PORT "gpio_key_row[3]" CLKNET "clk" 

Report:    6.866ns delay system/SLICE_145 to gpio_key_row[3]

   Name    Fanout   Delay (ns)          Site               Resource
REG_DEL     ---     0.452      R5C9D.CLK to       R5C9D.Q0 system/SLICE_145 (from clk)
ROUTE         3     2.234       R5C9D.Q0 to        1.PADDT system/bus/host_miso_oe
TDTS_DEL    ---     4.180        1.PADDT to          1.PAD gpio_key_row[3]
                  --------
                    6.866   (67.5% logic, 32.5% route), 2 logic levels.

Unconstrained Preference:
   CLOCK_TO_OUT PORT "gpio_key_row[3]" CLKNET "clk" 

Report:    6.127ns delay system/SLICE_66 to gpio_key_row[3]

   Name    Fanout   Delay (ns)          Site               Resource
REG_DEL     ---     0.452     R10C9A.CLK to      R10C9A.Q0 system/SLICE_66 (from clk)
ROUTE         3     2.878      R10C9A.Q0 to        1.PADDO host_miso
DOPAD_DEL   ---     2.797        1.PADDO to          1.PAD gpio_key_row[3]
                  --------
                    6.127   (53.0% logic, 47.0% route), 2 logic levels.

Unconstrained Preference:
   CLOCK_TO_OUT PORT "gpio_din" CLKNET "clk" 

Report:    5.837ns delay system/SLICE_62 to gpio_din

   Name    Fanout   Delay (ns)          Site               Resource
REG_DEL     ---     0.452    R10C10A.CLK to     R10C10A.Q0 system/SLICE_62 (from clk)
ROUTE         2     2.588     R10C10A.Q0 to       16.PADDO gpio_din_c
DOPAD_DEL   ---     2.797       16.PADDO to         16.PAD gpio_din
                  --------
                    5.837   (55.7% logic, 44.3% route), 2 logic levels.

Unconstrained Preference:
   CLOCK_TO_OUT PORT "gpio_reg_latch" CLKNET "clk" 

Report:    5.828ns delay system/SLICE_64 to gpio_reg_latch

   Name    Fanout   Delay (ns)          Site               Resource
REG_DEL     ---     0.452    R10C11D.CLK to     R10C11D.Q0 system/SLICE_64 (from clk)
ROUTE         4     2.579     R10C11D.Q0 to       20.PADDO gpio_reg_latch_c
DOPAD_DEL   ---     2.797       20.PADDO to         20.PAD gpio_reg_latch
                  --------
                    5.828   (55.7% logic, 44.3% route), 2 logic levels.

Unconstrained Preference:
   CLOCK_TO_OUT PORT "sd_sck" CLKNET "clk" 

Report:    5.213ns delay system/bus/byte_sd/SLICE_69 to sd_sck

   Name    Fanout   Delay (ns)          Site               Resource
REG_DEL     ---     0.452      R2C7D.CLK to       R2C7D.Q0 system/bus/byte_sd/SLICE_69 (from clk)
ROUTE         9     1.964       R2C7D.Q0 to       27.PADDO sd_sck_c
DOPAD_DEL   ---     2.797       27.PADDO to         27.PAD sd_sck
                  --------
                    5.213   (62.3% logic, 37.7% route), 2 logic levels.

Unconstrained Preference:
   CLOCK_TO_OUT PORT "sd_cs_n" CLKNET "clk" 

Report:    5.108ns delay system/SLICE_68 to sd_cs_n

   Name    Fanout   Delay (ns)          Site               Resource
REG_DEL     ---     0.452      R3C8D.CLK to       R3C8D.Q0 system/SLICE_68 (from clk)
ROUTE         2     1.859       R3C8D.Q0 to        5.PADDO sd_cs_n_c
DOPAD_DEL   ---     2.797        5.PADDO to          5.PAD sd_cs_n
                  --------
                    5.108   (63.6% logic, 36.4% route), 2 logic levels.

Unconstrained Preference:
   CLOCK_TO_OUT PORT "gpio_blank" CLKNET "clk" 

Report:    4.793ns delay system/SLICE_59 to gpio_blank

   Name    Fanout   Delay (ns)          Site               Resource
REG_DEL     ---     0.452     R10C9D.CLK to      R10C9D.Q0 system/SLICE_59 (from clk)
ROUTE         2     1.544      R10C9D.Q0 to       13.PADDO gpio_blank_c
DOPAD_DEL   ---     2.797       13.PADDO to         13.PAD gpio_blank
                  --------
                    4.793   (67.8% logic, 32.2% route), 2 logic levels.

Unconstrained Preference:
   CLOCK_TO_OUT PORT "gpio_msck" CLKNET "clk" 

Report:    4.601ns delay system/bus/guest_memory/SLICE_63 to gpio_msck

   Name    Fanout   Delay (ns)          Site               Resource
REG_DEL     ---     0.452     R10C3D.CLK to      R10C3D.Q0 system/bus/guest_memory/SLICE_63 (from clk)
ROUTE         4     1.352      R10C3D.Q0 to        9.PADDO gpio_msck_c
DOPAD_DEL   ---     2.797        9.PADDO to          9.PAD gpio_msck
                  --------
                    4.601   (70.6% logic, 29.4% route), 2 logic levels.

Unconstrained Preference:
   CLOCK_TO_OUT PORT "gpio_clk" CLKNET "clk" 

Report:    4.480ns delay system/SLICE_61 to gpio_clk

   Name    Fanout   Delay (ns)          Site               Resource
REG_DEL     ---     0.452     R10C9B.CLK to      R10C9B.Q0 system/SLICE_61 (from clk)
ROUTE         3     1.231      R10C9B.Q0 to       12.PADDO gpio_clk_c
DOPAD_DEL   ---     2.797       12.PADDO to         12.PAD gpio_clk
                  --------
                    4.480   (72.5% logic, 27.5% route), 2 logic levels.

Unconstrained Preference:
   CLOCK_TO_OUT PORT "gpio_ce" CLKNET "clk" 

Report:    4.061ns delay system/SLICE_60 to gpio_ce

   Name    Fanout   Delay (ns)          Site               Resource
REG_DEL     ---     0.452    R10C11C.CLK to     R10C11C.Q0 system/SLICE_60 (from clk)
ROUTE         3     0.812     R10C11C.Q0 to       14.PADDO gpio_ce_c
DOPAD_DEL   ---     2.797       14.PADDO to         14.PAD gpio_ce
                  --------
                    4.061   (80.0% logic, 20.0% route), 2 logic levels.

Unconstrained Preference:
   CLOCK_TO_OUT PORT "gpio_rs" CLKNET "clk" 

Report:    4.061ns delay system/SLICE_65 to gpio_rs

   Name    Fanout   Delay (ns)          Site               Resource
REG_DEL     ---     0.452     R10C9C.CLK to      R10C9C.Q0 system/SLICE_65 (from clk)
ROUTE         2     0.812      R10C9C.Q0 to       11.PADDO gpio_rs_c
DOPAD_DEL   ---     2.797       11.PADDO to         11.PAD gpio_rs
                  --------
                    4.061   (80.0% logic, 20.0% route), 2 logic levels.

Unconstrained Preference:
   CLOCK_TO_OUT PORT "gpio_mcs" CLKNET "clk" 

Report:    3.407ns delay gpio_mcs_MGIOL to gpio_mcs

   Name    Fanout   Delay (ns)          Site               Resource
C2OUT_DEL   ---     0.567    IOL_B4C.CLK to  IOL_B4C.IOLDO gpio_mcs_MGIOL (from clk)
ROUTE         1     0.043  IOL_B4C.IOLDO to        8.IOLDO gpio_mcs_c
OP0PAD_DEL  ---     2.797        8.IOLDO to          8.PAD gpio_mcs
                  --------
                    3.407   (98.7% logic, 1.3% route), 2 logic levels.

Unconstrained Preference:
   CLOCK_TO_OUT PORT "gpio_mosi" CLKNET "clk" 

Report:    3.407ns delay gpio_mosi_MGIOL to gpio_mosi

   Name    Fanout   Delay (ns)          Site               Resource
C2OUT_DEL   ---     0.567   IOL_B20D.CLK to IOL_B20D.IOLDO gpio_mosi_MGIOL (from clk)
ROUTE         1     0.043 IOL_B20D.IOLDO to       17.IOLDO gpio_mosi_c
OP0PAD_DEL  ---     2.797       17.IOLDO to         17.PAD gpio_mosi
                  --------
                    3.407   (98.7% logic, 1.3% route), 2 logic levels.


================================================================================
Preference: Unconstrained: MAXDELAY
            0 unconstrained paths found
--------------------------------------------------------------------------------

Report Summary
--------------
----------------------------------------------------------------------------
Preference                              |   Constraint|       Actual|Levels
----------------------------------------------------------------------------
                                        |             |             |
FREQUENCY NET "clk" 29.560000 MHz ;     |   29.560 MHz|   31.470 MHz|  16  
                                        |             |             |
----------------------------------------------------------------------------


All preferences were met.


Clock Domains Analysis
------------------------

Found 1 clocks:

Clock Domain: clk   Source: oscillator.OSC   Loads: 234
   Covered under: FREQUENCY NET "clk" 29.560000 MHz ;


--------------------------------------------------------------------------------
                Connections not covered by the preferences
--------------------------------------------------------------------------------

     Delay                        Element                 Net

    0.565ns pio_key_row[0].PADDI to _key_row[0]_MGIOL.DI gpio_key_row_in[0]
    0.565ns        sd_miso.PADDI to     sd_miso_MGIOL.DI sd_miso_c
    0.565ns             rx.PADDI to          rx_MGIOL.DI rx_c
    0.565ns pio_key_row[1].PADDI to _key_row[1]_MGIOL.DI gpio_key_row_in[1]
    0.565ns pio_key_row[2].PADDI to _key_row[2]_MGIOL.DI gpio_key_row_in[2]
    0.565ns pio_key_row[3].PADDI to _key_row[3]_MGIOL.DI gpio_key_row_in[3]
    0.384ns      gpio_miso.PADDI to   gpio_miso_MGIOL.DI gpio_miso_c
    3.026ns            res.PADDI to        SLICE_429.LSR res_c

--------------------------------------------------------------------------------


Timing summary (Setup):
---------------

Timing errors: 0  Score: 0
Cumulative negative slack: 0

Constraints cover 3496229 paths, 1 nets, and 5094 connections (99.84% coverage)

--------------------------------------------------------------------------------
Lattice TRACE Report - Hold, Version Diamond (64-bit) 3.14.0.75.2
Fri Sep 11 11:17:57 2026

Copyright (c) 1991-1994 by NeoCAD Inc. All rights reserved.
Copyright (c) 1995 AT&T Corp.   All rights reserved.
Copyright (c) 1995-2001 Lucent Technologies Inc.  All rights reserved.
Copyright (c) 2001 Agere Systems   All rights reserved.
Copyright (c) 2002-2024 Lattice Semiconductor Corporation,  All rights reserved.

Report Information
------------------
Command line:    trce -v 10 -c -u 0 -gt -sethld -sp 4 -sphld m -o cp52a_impl1.twr cp52a_impl1.ncd cp52a_impl1.prf 
Design file:     cp52a_impl1.ncd
Preference file: cp52a_impl1.prf
Device,speed:    LCMXO2-1200HC,m
Report level:    verbose report, limited to 10 items per preference
--------------------------------------------------------------------------------

BLOCK ASYNCPATHS
BLOCK RESETPATHS
--------------------------------------------------------------------------------



================================================================================
Preference: FREQUENCY NET "clk" 29.560000 MHz ;
            4096 items scored, 0 timing errors detected.
--------------------------------------------------------------------------------


Passed: The following path meets requirements by 0.291ns

 Logical Details:  Cell type  Pin type       Cell/ASIC name  (clock net +/-)

   Source:         Sync_RAM   Q              system/cpu/engine/dp/rf/words_ram/RAM0  (from clk +)
   Destination:    FF         Data in        system/bus/boot_release_armed  (to clk +)

   Delay:               0.278ns  (99.3% logic, 0.7% route), 1 logic levels.

 Constraint Details:

      0.278ns physical path delay system/SLICE_39 to system/SLICE_39 meets
     -0.013ns DIN_HLD and
      0.000ns delay constraint less
      0.000ns skew requirement (totaling -0.013ns) by 0.291ns

 Physical Path Details:

      Data path system/SLICE_39 to system/SLICE_39:

   Name    Fanout   Delay (ns)          Site               Resource
CLKTOF_DEL  ---     0.276     R2C12A.WCK to      R2C12A.F1 system/SLICE_39 (from clk)
ROUTE        41     0.002      R2C12A.F1 to     R2C12A.DI1 system/address[1] (to clk)
                  --------
                    0.278   (99.3% logic, 0.7% route), 1 logic levels.

 Clock Skew Details: 

      Source Clock Path oscillator to system/SLICE_39:

   Name    Fanout   Delay (ns)          Site               Resource
ROUTE       234     1.216        OSC.OSC to     R2C12A.WCK clk
                  --------
                    1.216   (0.0% logic, 100.0% route), 0 logic levels.

      Destination Clock Path oscillator to system/SLICE_39:

   Name    Fanout   Delay (ns)          Site               Resource
ROUTE       234     1.216        OSC.OSC to     R2C12A.CLK clk
                  --------
                    1.216   (0.0% logic, 100.0% route), 0 logic levels.


Passed: The following path meets requirements by 0.304ns

 Logical Details:  Cell type  Pin type       Cell/ASIC name  (clock net +/-)

   Source:         FF         Q              reset_sync[1]  (from clk +)
   Destination:    FF         Data in        reset_sync[0]  (to clk +)

   Delay:               0.285ns  (46.7% logic, 53.3% route), 1 logic levels.

 Constraint Details:

      0.285ns physical path delay SLICE_429 to SLICE_429 meets
     -0.019ns M_HLD and
      0.000ns delay constraint less
      0.000ns skew requirement (totaling -0.019ns) by 0.304ns

 Physical Path Details:

      Data path SLICE_429 to SLICE_429:

   Name    Fanout   Delay (ns)          Site               Resource
REG_DEL     ---     0.133     R7C11D.CLK to      R7C11D.Q1 SLICE_429 (from clk)
ROUTE         1     0.152      R7C11D.Q1 to      R7C11D.M0 reset_sync[1] (to clk)
                  --------
                    0.285   (46.7% logic, 53.3% route), 1 logic levels.

 Clock Skew Details: 

      Source Clock Path oscillator to SLICE_429:

   Name    Fanout   Delay (ns)          Site               Resource
ROUTE       234     1.216        OSC.OSC to     R7C11D.CLK clk
                  --------
                    1.216   (0.0% logic, 100.0% route), 0 logic levels.

      Destination Clock Path oscillator to SLICE_429:

   Name    Fanout   Delay (ns)          Site               Resource
ROUTE       234     1.216        OSC.OSC to     R7C11D.CLK clk
                  --------
                    1.216   (0.0% logic, 100.0% route), 0 logic levels.


Passed: The following path meets requirements by 0.304ns

 Logical Details:  Cell type  Pin type       Cell/ASIC name  (clock net +/-)

   Source:         FF         Q              system/bus/fixed_uart.console/cts_sync[0]  (from clk +)
   Destination:    FF         Data in        system/bus/fixed_uart.console/cts_sync[1]  (to clk +)

   Delay:               0.285ns  (46.7% logic, 53.3% route), 1 logic levels.

 Constraint Details:

      0.285ns physical path delay system/bus/fixed_uart.console/SLICE_88 to system/bus/fixed_uart.console/SLICE_88 meets
     -0.019ns M_HLD and
      0.000ns delay constraint less
      0.000ns skew requirement (totaling -0.019ns) by 0.304ns

 Physical Path Details:

      Data path system/bus/fixed_uart.console/SLICE_88 to system/bus/fixed_uart.console/SLICE_88:

   Name    Fanout   Delay (ns)          Site               Resource
REG_DEL     ---     0.133      R2C4D.CLK to       R2C4D.Q0 system/bus/fixed_uart.console/SLICE_88 (from clk)
ROUTE         1     0.152       R2C4D.Q0 to       R2C4D.M1 system/bus/fixed_uart.console/cts_sync[0] (to clk)
                  --------
                    0.285   (46.7% logic, 53.3% route), 1 logic levels.

 Clock Skew Details: 

      Source Clock Path oscillator to system/bus/fixed_uart.console/SLICE_88:

   Name    Fanout   Delay (ns)          Site               Resource
ROUTE       234     1.216        OSC.OSC to      R2C4D.CLK clk
                  --------
                    1.216   (0.0% logic, 100.0% route), 0 logic levels.

      Destination Clock Path oscillator to system/bus/fixed_uart.console/SLICE_88:

   Name    Fanout   Delay (ns)          Site               Resource
ROUTE       234     1.216        OSC.OSC to      R2C4D.CLK clk
                  --------
                    1.216   (0.0% logic, 100.0% route), 0 logic levels.


Passed: The following path meets requirements by 0.306ns

 Logical Details:  Cell type  Pin type       Cell/ASIC name  (clock net +/-)

   Source:         FF         Q              system/bus/timebase/state[11]  (from clk +)
   Destination:    FF         Data in        system/bus/timebase/state[12]  (to clk +)

   Delay:               0.287ns  (46.3% logic, 53.7% route), 1 logic levels.

 Constraint Details:

      0.287ns physical path delay SLICE_170 to SLICE_170 meets
     -0.019ns M_HLD and
      0.000ns delay constraint less
      0.000ns skew requirement (totaling -0.019ns) by 0.306ns

 Physical Path Details:

      Data path SLICE_170 to SLICE_170:

   Name    Fanout   Delay (ns)          Site               Resource
REG_DEL     ---     0.133     R3C20C.CLK to      R3C20C.Q0 SLICE_170 (from clk)
ROUTE         2     0.154      R3C20C.Q0 to      R3C20C.M1 system/bus/timebase/state[11] (to clk)
                  --------
                    0.287   (46.3% logic, 53.7% route), 1 logic levels.

 Clock Skew Details: 

      Source Clock Path oscillator to SLICE_170:

   Name    Fanout   Delay (ns)          Site               Resource
ROUTE       234     1.216        OSC.OSC to     R3C20C.CLK clk
                  --------
                    1.216   (0.0% logic, 100.0% route), 0 logic levels.

      Destination Clock Path oscillator to SLICE_170:

   Name    Fanout   Delay (ns)          Site               Resource
ROUTE       234     1.216        OSC.OSC to     R3C20C.CLK clk
                  --------
                    1.216   (0.0% logic, 100.0% route), 0 logic levels.


Passed: The following path meets requirements by 0.306ns

 Logical Details:  Cell type  Pin type       Cell/ASIC name  (clock net +/-)

   Source:         FF         Q              system/bus/fixed_uart.console/rx_shift[3]  (from clk +)
   Destination:    FF         Data in        system/bus/fixed_uart.console/rx_shift[2]  (to clk +)

   Delay:               0.287ns  (46.3% logic, 53.7% route), 1 logic levels.

 Constraint Details:

      0.287ns physical path delay system/bus/fixed_uart.console/SLICE_404 to system/bus/fixed_uart.console/SLICE_404 meets
     -0.019ns M_HLD and
      0.000ns delay constraint less
      0.000ns skew requirement (totaling -0.019ns) by 0.306ns

 Physical Path Details:

      Data path system/bus/fixed_uart.console/SLICE_404 to system/bus/fixed_uart.console/SLICE_404:

   Name    Fanout   Delay (ns)          Site               Resource
REG_DEL     ---     0.133      R4C4C.CLK to       R4C4C.Q1 system/bus/fixed_uart.console/SLICE_404 (from clk)
ROUTE         2     0.154       R4C4C.Q1 to       R4C4C.M0 system/bus/fixed_uart.console/rx_shift[3] (to clk)
                  --------
                    0.287   (46.3% logic, 53.7% route), 1 logic levels.

 Clock Skew Details: 

      Source Clock Path oscillator to system/bus/fixed_uart.console/SLICE_404:

   Name    Fanout   Delay (ns)          Site               Resource
ROUTE       234     1.216        OSC.OSC to      R4C4C.CLK clk
                  --------
                    1.216   (0.0% logic, 100.0% route), 0 logic levels.

      Destination Clock Path oscillator to system/bus/fixed_uart.console/SLICE_404:

   Name    Fanout   Delay (ns)          Site               Resource
ROUTE       234     1.216        OSC.OSC to      R4C4C.CLK clk
                  --------
                    1.216   (0.0% logic, 100.0% route), 0 logic levels.


Passed: The following path meets requirements by 0.306ns

 Logical Details:  Cell type  Pin type       Cell/ASIC name  (clock net +/-)

   Source:         FF         Q              system/bus/byte_sd/rx_shift[3]  (from clk +)
   Destination:    FF         Data in        system/bus/byte_sd/rx_shift[4]  (to clk +)

   Delay:               0.287ns  (46.3% logic, 53.7% route), 1 logic levels.

 Constraint Details:

      0.287ns physical path delay system/bus/SLICE_593 to system/bus/SLICE_593 meets
     -0.019ns M_HLD and
      0.000ns delay constraint less
      0.000ns skew requirement (totaling -0.019ns) by 0.306ns

 Physical Path Details:

      Data path system/bus/SLICE_593 to system/bus/SLICE_593:

   Name    Fanout   Delay (ns)          Site               Resource
REG_DEL     ---     0.133      R4C5D.CLK to       R4C5D.Q0 system/bus/SLICE_593 (from clk)
ROUTE         2     0.154       R4C5D.Q0 to       R4C5D.M1 system/bus/byte_sd/rdata_8[3] (to clk)
                  --------
                    0.287   (46.3% logic, 53.7% route), 1 logic levels.

 Clock Skew Details: 

      Source Clock Path oscillator to system/bus/SLICE_593:

   Name    Fanout   Delay (ns)          Site               Resource
ROUTE       234     1.216        OSC.OSC to      R4C5D.CLK clk
                  --------
                    1.216   (0.0% logic, 100.0% route), 0 logic levels.

      Destination Clock Path oscillator to system/bus/SLICE_593:

   Name    Fanout   Delay (ns)          Site               Resource
ROUTE       234     1.216        OSC.OSC to      R4C5D.CLK clk
                  --------
                    1.216   (0.0% logic, 100.0% route), 0 logic levels.


Passed: The following path meets requirements by 0.306ns

 Logical Details:  Cell type  Pin type       Cell/ASIC name  (clock net +/-)

   Source:         FF         Q              system/bus/byte_sd/rx_shift[1]  (from clk +)
   Destination:    FF         Data in        system/bus/byte_sd/rx_shift[2]  (to clk +)

   Delay:               0.287ns  (46.3% logic, 53.7% route), 1 logic levels.

 Constraint Details:

      0.287ns physical path delay system/bus/SLICE_401 to system/bus/SLICE_401 meets
     -0.019ns M_HLD and
      0.000ns delay constraint less
      0.000ns skew requirement (totaling -0.019ns) by 0.306ns

 Physical Path Details:

      Data path system/bus/SLICE_401 to system/bus/SLICE_401:

   Name    Fanout   Delay (ns)          Site               Resource
REG_DEL     ---     0.133      R4C6C.CLK to       R4C6C.Q0 system/bus/SLICE_401 (from clk)
ROUTE         2     0.154       R4C6C.Q0 to       R4C6C.M1 system/bus/byte_sd/rx_shift[1] (to clk)
                  --------
                    0.287   (46.3% logic, 53.7% route), 1 logic levels.

 Clock Skew Details: 

      Source Clock Path oscillator to system/bus/SLICE_401:

   Name    Fanout   Delay (ns)          Site               Resource
ROUTE       234     1.216        OSC.OSC to      R4C6C.CLK clk
                  --------
                    1.216   (0.0% logic, 100.0% route), 0 logic levels.

      Destination Clock Path oscillator to system/bus/SLICE_401:

   Name    Fanout   Delay (ns)          Site               Resource
ROUTE       234     1.216        OSC.OSC to      R4C6C.CLK clk
                  --------
                    1.216   (0.0% logic, 100.0% route), 0 logic levels.


Passed: The following path meets requirements by 0.306ns

 Logical Details:  Cell type  Pin type       Cell/ASIC name  (clock net +/-)

   Source:         FF         Q              system/bus/timebase/state[5]  (from clk +)
   Destination:    FF         Data in        system/bus/timebase/state[6]  (to clk +)

   Delay:               0.287ns  (46.3% logic, 53.7% route), 1 logic levels.

 Constraint Details:

      0.287ns physical path delay system/bus/timebase/SLICE_420 to system/bus/timebase/SLICE_420 meets
     -0.019ns M_HLD and
      0.000ns delay constraint less
      0.000ns skew requirement (totaling -0.019ns) by 0.306ns

 Physical Path Details:

      Data path system/bus/timebase/SLICE_420 to system/bus/timebase/SLICE_420:

   Name    Fanout   Delay (ns)          Site               Resource
REG_DEL     ---     0.133     R3C12D.CLK to      R3C12D.Q0 system/bus/timebase/SLICE_420 (from clk)
ROUTE         2     0.154      R3C12D.Q0 to      R3C12D.M1 system/bus/timebase/state[5] (to clk)
                  --------
                    0.287   (46.3% logic, 53.7% route), 1 logic levels.

 Clock Skew Details: 

      Source Clock Path oscillator to system/bus/timebase/SLICE_420:

   Name    Fanout   Delay (ns)          Site               Resource
ROUTE       234     1.216        OSC.OSC to     R3C12D.CLK clk
                  --------
                    1.216   (0.0% logic, 100.0% route), 0 logic levels.

      Destination Clock Path oscillator to system/bus/timebase/SLICE_420:

   Name    Fanout   Delay (ns)          Site               Resource
ROUTE       234     1.216        OSC.OSC to     R3C12D.CLK clk
                  --------
                    1.216   (0.0% logic, 100.0% route), 0 logic levels.


Passed: The following path meets requirements by 0.306ns

 Logical Details:  Cell type  Pin type       Cell/ASIC name  (clock net +/-)

   Source:         FF         Q              system/bus/byte_sd/rx_shift[5]  (from clk +)
   Destination:    FF         Data in        system/bus/byte_sd/rx_shift[6]  (to clk +)

   Delay:               0.287ns  (46.3% logic, 53.7% route), 1 logic levels.

 Constraint Details:

      0.287ns physical path delay system/bus/SLICE_568 to system/bus/SLICE_568 meets
     -0.019ns M_HLD and
      0.000ns delay constraint less
      0.000ns skew requirement (totaling -0.019ns) by 0.306ns

 Physical Path Details:

      Data path system/bus/SLICE_568 to system/bus/SLICE_568:

   Name    Fanout   Delay (ns)          Site               Resource
REG_DEL     ---     0.133      R4C5B.CLK to       R4C5B.Q0 system/bus/SLICE_568 (from clk)
ROUTE         2     0.154       R4C5B.Q0 to       R4C5B.M1 system/bus/byte_sd/rdata_8[5] (to clk)
                  --------
                    0.287   (46.3% logic, 53.7% route), 1 logic levels.

 Clock Skew Details: 

      Source Clock Path oscillator to system/bus/SLICE_568:

   Name    Fanout   Delay (ns)          Site               Resource
ROUTE       234     1.216        OSC.OSC to      R4C5B.CLK clk
                  --------
                    1.216   (0.0% logic, 100.0% route), 0 logic levels.

      Destination Clock Path oscillator to system/bus/SLICE_568:

   Name    Fanout   Delay (ns)          Site               Resource
ROUTE       234     1.216        OSC.OSC to      R4C5B.CLK clk
                  --------
                    1.216   (0.0% logic, 100.0% route), 0 logic levels.


Passed: The following path meets requirements by 0.306ns

 Logical Details:  Cell type  Pin type       Cell/ASIC name  (clock net +/-)

   Source:         FF         Q              system/bus/fixed_uart.console/rx_shift[5]  (from clk +)
   Destination:    FF         Data in        system/bus/fixed_uart.console/rx_shift[4]  (to clk +)

   Delay:               0.287ns  (46.3% logic, 53.7% route), 1 logic levels.

 Constraint Details:

      0.287ns physical path delay system/bus/fixed_uart.console/SLICE_405 to system/bus/fixed_uart.console/SLICE_405 meets
     -0.019ns M_HLD and
      0.000ns delay constraint less
      0.000ns skew requirement (totaling -0.019ns) by 0.306ns

 Physical Path Details:

      Data path system/bus/fixed_uart.console/SLICE_405 to system/bus/fixed_uart.console/SLICE_405:

   Name    Fanout   Delay (ns)          Site               Resource
REG_DEL     ---     0.133      R3C5C.CLK to       R3C5C.Q1 system/bus/fixed_uart.console/SLICE_405 (from clk)
ROUTE         2     0.154       R3C5C.Q1 to       R3C5C.M0 system/bus/fixed_uart.console/rx_shift[5] (to clk)
                  --------
                    0.287   (46.3% logic, 53.7% route), 1 logic levels.

 Clock Skew Details: 

      Source Clock Path oscillator to system/bus/fixed_uart.console/SLICE_405:

   Name    Fanout   Delay (ns)          Site               Resource
ROUTE       234     1.216        OSC.OSC to      R3C5C.CLK clk
                  --------
                    1.216   (0.0% logic, 100.0% route), 0 logic levels.

      Destination Clock Path oscillator to system/bus/fixed_uart.console/SLICE_405:

   Name    Fanout   Delay (ns)          Site               Resource
ROUTE       234     1.216        OSC.OSC to      R3C5C.CLK clk
                  --------
                    1.216   (0.0% logic, 100.0% route), 0 logic levels.

Report Summary
--------------
----------------------------------------------------------------------------
Preference(MIN Delays)                  |   Constraint|       Actual|Levels
----------------------------------------------------------------------------
                                        |             |             |
FREQUENCY NET "clk" 29.560000 MHz ;     |     0.000 ns|     0.291 ns|   1  
                                        |             |             |
----------------------------------------------------------------------------


All preferences were met.


Clock Domains Analysis
------------------------

Found 1 clocks:

Clock Domain: clk   Source: oscillator.OSC   Loads: 234
   Covered under: FREQUENCY NET "clk" 29.560000 MHz ;


--------------------------------------------------------------------------------
                Connections not covered by the preferences
--------------------------------------------------------------------------------

     Delay                        Element                 Net

    0.177ns pio_key_row[0].PADDI to _key_row[0]_MGIOL.DI gpio_key_row_in[0]
    0.177ns        sd_miso.PADDI to     sd_miso_MGIOL.DI sd_miso_c
    0.177ns             rx.PADDI to          rx_MGIOL.DI rx_c
    0.177ns pio_key_row[1].PADDI to _key_row[1]_MGIOL.DI gpio_key_row_in[1]
    0.177ns pio_key_row[2].PADDI to _key_row[2]_MGIOL.DI gpio_key_row_in[2]
    0.177ns pio_key_row[3].PADDI to _key_row[3]_MGIOL.DI gpio_key_row_in[3]
    0.127ns      gpio_miso.PADDI to   gpio_miso_MGIOL.DI gpio_miso_c
    1.035ns            res.PADDI to        SLICE_429.LSR res_c

--------------------------------------------------------------------------------


Timing summary (Hold):
---------------

Timing errors: 0  Score: 0
Cumulative negative slack: 0

Constraints cover 3496229 paths, 1 nets, and 5094 connections (99.84% coverage)



Timing summary (Setup and Hold):
---------------

Timing errors: 0 (setup), 0 (hold)
Score: 0 (setup), 0 (hold)
Cumulative negative slack: 0 (0+0)
--------------------------------------------------------------------------------

--------------------------------------------------------------------------------

