
Loading design for application trce from file cp28h_impl1.ncd.
Design name: uj11_hc1200_microcomp
NCD version: 3.3
Vendor:      LATTICE
Device:      LCMXO2-1200HC
Package:     QFN32
Performance: 4
Loading device for application trce from file 'xo2c1200.nph' in environment: /home/sash/.local/lscc/diamond/3.14/ispfpga.
Package Status:                     Final          Version 1.44.
Performance Hardware Data Status:   Final          Version 36.4.
Setup and Hold Report

--------------------------------------------------------------------------------
Lattice TRACE Report - Setup, Version Diamond (64-bit) 3.14.0.75.2
Wed Sep  9 23:31:55 2026

Copyright (c) 1991-1994 by NeoCAD Inc. All rights reserved.
Copyright (c) 1995 AT&T Corp.   All rights reserved.
Copyright (c) 1995-2001 Lucent Technologies Inc.  All rights reserved.
Copyright (c) 2001 Agere Systems   All rights reserved.
Copyright (c) 2002-2024 Lattice Semiconductor Corporation,  All rights reserved.

Report Information
------------------
Command line:    trce -v 10 -c -u 0 -gt -sethld -sp 4 -sphld m -o cp28h_impl1.twr cp28h_impl1.ncd cp28h_impl1.prf 
Design file:     cp28h_impl1.ncd
Preference file: cp28h_impl1.prf
Device,speed:    LCMXO2-1200HC,4
Report level:    verbose report, limited to 10 items per preference
--------------------------------------------------------------------------------

BLOCK ASYNCPATHS
BLOCK RESETPATHS
--------------------------------------------------------------------------------



================================================================================
Preference: FREQUENCY NET "clk" 29.560000 MHz ;
            4096 items scored, 0 timing errors detected.
--------------------------------------------------------------------------------


Passed: The following path meets requirements by 2.932ns

 Logical Details:  Cell type  Pin type       Cell/ASIC name  (clock net +/-)

   Source:         DP8KC      Port           system/cpu/engine/rom/lane_2(ASIC)  (from clk +)
   Destination:    DP8KC      Port           system/cpu/engine/rom/lane_1(ASIC)  (to clk +)

   Delay:              30.923ns  (40.1% logic, 59.9% route), 16 logic levels.

 Constraint Details:

     30.923ns physical path delay system/cpu/engine/rom/lane_2 to system/cpu/engine/rom/lane_1 meets
     33.829ns delay constraint less
      0.000ns skew and
     -0.026ns ADDR_SET requirement (totaling 33.855ns) by 2.932ns

 Physical Path Details:

      Data path system/cpu/engine/rom/lane_2 to system/cpu/engine/rom/lane_1:

   Name    Fanout   Delay (ns)          Site               Resource
C2Q_DEL     ---     4.979  EBR_R6C4.CLKA to  EBR_R6C4.DOA8 system/cpu/engine/rom/lane_2 (from clk)
ROUTE         4     1.687  EBR_R6C4.DOA8 to       R7C9C.D1 system/cpu/engine/a_select_2[0]
CTOF_DEL    ---     0.495       R7C9C.D1 to       R7C9C.F1 system/cpu/engine/SLICE_333
ROUTE         1     0.436       R7C9C.F1 to       R7C9C.C0 system/cpu/engine/un6_select_register[0]
CTOF_DEL    ---     0.495       R7C9C.C0 to       R7C9C.F0 system/cpu/engine/SLICE_333
ROUTE        16     1.525       R7C9C.F0 to       R5C8B.A0 system/cpu/engine/select_register_5[0]
CTOF_DEL    ---     0.495       R5C8B.A0 to       R5C8B.F0 system/cpu/engine/dp/rf/words_ram_0/SLICE_60
ROUTE        22     2.110       R5C8B.F0 to      R8C16D.B1 system/address[6]
CTOF_DEL    ---     0.495      R8C16D.B1 to      R8C16D.F1 system/SLICE_70
ROUTE         3     1.308      R8C16D.F1 to      R9C15D.A0 system/bus/panel_selected_3
CTOF_DEL    ---     0.495      R9C15D.A0 to      R9C15D.F0 system/bus/SLICE_443
ROUTE         1     0.436      R9C15D.F0 to      R9C15C.C1 system/bus/panel_selected_4_3
CTOF_DEL    ---     0.495      R9C15C.C1 to      R9C15C.F1 system/bus/SLICE_387
ROUTE         4     0.669      R9C15C.F1 to      R7C15B.D1 system/bus/panel_selected_4
CTOF_DEL    ---     0.495      R7C15B.D1 to      R7C15B.F1 system/bus/SLICE_406
ROUTE        15     1.053      R7C15B.F1 to      R7C13A.B1 system/panel_selecteddup
CTOF_DEL    ---     0.495      R7C13A.B1 to      R7C13A.F1 system/SLICE_169
ROUTE         5     1.225      R7C13A.F1 to      R9C11A.C0 system/acknowledgedup_2
CTOF_DEL    ---     0.495      R9C11A.C0 to      R9C11A.F0 system/cpu/engine/SLICE_488
ROUTE         7     1.384      R9C11A.F0 to      R8C10D.B1 system/cpu/engine/un6_fault_1_fcdup
CTOF_DEL    ---     0.495      R8C10D.B1 to      R8C10D.F1 system/cpu/engine/SLICE_481
ROUTE         5     0.718      R8C10D.F1 to      R8C10C.B0 system/cpu/engine/fault_redirectdup
CTOF_DEL    ---     0.495      R8C10C.B0 to      R8C10C.F0 system/cpu/engine/seq/SLICE_316
ROUTE        10     1.603      R8C10C.F0 to      R7C10D.D0 system/cpu/engine/seq/next_address_1_sqmuxa_1
CTOF_DEL    ---     0.495      R7C10D.D0 to      R7C10D.F0 system/cpu/SLICE_478
ROUTE         1     0.958      R7C10D.F0 to      R8C11D.D0 system/cpu/engine/seq/next_address_0_iv_0[1]
CTOF_DEL    ---     0.495      R8C11D.D0 to      R8C11D.F0 system/cpu/engine/SLICE_474
ROUTE         1     0.645      R8C11D.F0 to       R8C9C.D0 system/cpu/engine/seq/next_address_0_iv_2[1]
CTOF_DEL    ---     0.495       R8C9C.D0 to       R8C9C.F0 system/cpu/engine/seq/SLICE_465
ROUTE         1     0.986       R8C9C.F0 to       R8C7C.A1 system/cpu/engine/seq/next_address_0_iv_5[1]
CTOF_DEL    ---     0.495       R8C7C.A1 to       R8C7C.F1 system/cpu/engine/seq/SLICE_211
ROUTE         5     1.776       R8C7C.F1 to  EBR_R6C1.ADA4 system/cpu/engine/next_address[1] (to clk)
                  --------
                   30.923   (40.1% logic, 59.9% route), 16 logic levels.

 Clock Skew Details: 

      Source Clock Path oscillator to system/cpu/engine/rom/lane_2:

   Name    Fanout   Delay (ns)          Site               Resource
ROUTE       237     3.714        OSC.OSC to  EBR_R6C4.CLKA clk
                  --------
                    3.714   (0.0% logic, 100.0% route), 0 logic levels.

      Destination Clock Path oscillator to system/cpu/engine/rom/lane_1:

   Name    Fanout   Delay (ns)          Site               Resource
ROUTE       237     3.714        OSC.OSC to  EBR_R6C1.CLKA clk
                  --------
                    3.714   (0.0% logic, 100.0% route), 0 logic levels.


Passed: The following path meets requirements by 2.932ns

 Logical Details:  Cell type  Pin type       Cell/ASIC name  (clock net +/-)

   Source:         DP8KC      Port           system/cpu/engine/rom/lane_2(ASIC)  (from clk +)
   Destination:    DP8KC      Port           system/cpu/engine/rom/lane_3(ASIC)  (to clk +)

   Delay:              30.923ns  (40.1% logic, 59.9% route), 16 logic levels.

 Constraint Details:

     30.923ns physical path delay system/cpu/engine/rom/lane_2 to system/cpu/engine/rom/lane_3 meets
     33.829ns delay constraint less
      0.000ns skew and
     -0.026ns ADDR_SET requirement (totaling 33.855ns) by 2.932ns

 Physical Path Details:

      Data path system/cpu/engine/rom/lane_2 to system/cpu/engine/rom/lane_3:

   Name    Fanout   Delay (ns)          Site               Resource
C2Q_DEL     ---     4.979  EBR_R6C4.CLKA to  EBR_R6C4.DOA8 system/cpu/engine/rom/lane_2 (from clk)
ROUTE         4     1.687  EBR_R6C4.DOA8 to       R7C9C.D1 system/cpu/engine/a_select_2[0]
CTOF_DEL    ---     0.495       R7C9C.D1 to       R7C9C.F1 system/cpu/engine/SLICE_333
ROUTE         1     0.436       R7C9C.F1 to       R7C9C.C0 system/cpu/engine/un6_select_register[0]
CTOF_DEL    ---     0.495       R7C9C.C0 to       R7C9C.F0 system/cpu/engine/SLICE_333
ROUTE        16     1.525       R7C9C.F0 to       R5C8B.A0 system/cpu/engine/select_register_5[0]
CTOF_DEL    ---     0.495       R5C8B.A0 to       R5C8B.F0 system/cpu/engine/dp/rf/words_ram_0/SLICE_60
ROUTE        22     2.110       R5C8B.F0 to      R8C16D.B1 system/address[6]
CTOF_DEL    ---     0.495      R8C16D.B1 to      R8C16D.F1 system/SLICE_70
ROUTE         3     1.308      R8C16D.F1 to      R9C15D.A0 system/bus/panel_selected_3
CTOF_DEL    ---     0.495      R9C15D.A0 to      R9C15D.F0 system/bus/SLICE_443
ROUTE         1     0.436      R9C15D.F0 to      R9C15C.C1 system/bus/panel_selected_4_3
CTOF_DEL    ---     0.495      R9C15C.C1 to      R9C15C.F1 system/bus/SLICE_387
ROUTE         4     0.669      R9C15C.F1 to      R7C15B.D1 system/bus/panel_selected_4
CTOF_DEL    ---     0.495      R7C15B.D1 to      R7C15B.F1 system/bus/SLICE_406
ROUTE        15     1.053      R7C15B.F1 to      R7C13A.B1 system/panel_selecteddup
CTOF_DEL    ---     0.495      R7C13A.B1 to      R7C13A.F1 system/SLICE_169
ROUTE         5     1.225      R7C13A.F1 to      R9C11A.C0 system/acknowledgedup_2
CTOF_DEL    ---     0.495      R9C11A.C0 to      R9C11A.F0 system/cpu/engine/SLICE_488
ROUTE         7     1.384      R9C11A.F0 to      R8C10D.B1 system/cpu/engine/un6_fault_1_fcdup
CTOF_DEL    ---     0.495      R8C10D.B1 to      R8C10D.F1 system/cpu/engine/SLICE_481
ROUTE         5     0.718      R8C10D.F1 to      R8C10C.B0 system/cpu/engine/fault_redirectdup
CTOF_DEL    ---     0.495      R8C10C.B0 to      R8C10C.F0 system/cpu/engine/seq/SLICE_316
ROUTE        10     1.603      R8C10C.F0 to      R7C10D.D0 system/cpu/engine/seq/next_address_1_sqmuxa_1
CTOF_DEL    ---     0.495      R7C10D.D0 to      R7C10D.F0 system/cpu/SLICE_478
ROUTE         1     0.958      R7C10D.F0 to      R8C11D.D0 system/cpu/engine/seq/next_address_0_iv_0[1]
CTOF_DEL    ---     0.495      R8C11D.D0 to      R8C11D.F0 system/cpu/engine/SLICE_474
ROUTE         1     0.645      R8C11D.F0 to       R8C9C.D0 system/cpu/engine/seq/next_address_0_iv_2[1]
CTOF_DEL    ---     0.495       R8C9C.D0 to       R8C9C.F0 system/cpu/engine/seq/SLICE_465
ROUTE         1     0.986       R8C9C.F0 to       R8C7C.A1 system/cpu/engine/seq/next_address_0_iv_5[1]
CTOF_DEL    ---     0.495       R8C7C.A1 to       R8C7C.F1 system/cpu/engine/seq/SLICE_211
ROUTE         5     1.776       R8C7C.F1 to EBR_R6C10.ADA4 system/cpu/engine/next_address[1] (to clk)
                  --------
                   30.923   (40.1% logic, 59.9% route), 16 logic levels.

 Clock Skew Details: 

      Source Clock Path oscillator to system/cpu/engine/rom/lane_2:

   Name    Fanout   Delay (ns)          Site               Resource
ROUTE       237     3.714        OSC.OSC to  EBR_R6C4.CLKA clk
                  --------
                    3.714   (0.0% logic, 100.0% route), 0 logic levels.

      Destination Clock Path oscillator to system/cpu/engine/rom/lane_3:

   Name    Fanout   Delay (ns)          Site               Resource
ROUTE       237     3.714        OSC.OSC to EBR_R6C10.CLKA clk
                  --------
                    3.714   (0.0% logic, 100.0% route), 0 logic levels.


Passed: The following path meets requirements by 3.011ns

 Logical Details:  Cell type  Pin type       Cell/ASIC name  (clock net +/-)

   Source:         DP8KC      Port           system/cpu/engine/rom/lane_2(ASIC)  (from clk +)
   Destination:    DP8KC      Port           system/cpu/engine/rom/lane_1(ASIC)  (to clk +)

   Delay:              30.844ns  (38.6% logic, 61.4% route), 15 logic levels.

 Constraint Details:

     30.844ns physical path delay system/cpu/engine/rom/lane_2 to system/cpu/engine/rom/lane_1 meets
     33.829ns delay constraint less
      0.000ns skew and
     -0.026ns ADDR_SET requirement (totaling 33.855ns) by 3.011ns

 Physical Path Details:

      Data path system/cpu/engine/rom/lane_2 to system/cpu/engine/rom/lane_1:

   Name    Fanout   Delay (ns)          Site               Resource
C2Q_DEL     ---     4.979  EBR_R6C4.CLKA to  EBR_R6C4.DOA8 system/cpu/engine/rom/lane_2 (from clk)
ROUTE         4     1.687  EBR_R6C4.DOA8 to       R7C9C.D1 system/cpu/engine/a_select_2[0]
CTOF_DEL    ---     0.495       R7C9C.D1 to       R7C9C.F1 system/cpu/engine/SLICE_333
ROUTE         1     0.436       R7C9C.F1 to       R7C9C.C0 system/cpu/engine/un6_select_register[0]
CTOF_DEL    ---     0.495       R7C9C.C0 to       R7C9C.F0 system/cpu/engine/SLICE_333
ROUTE        16     1.525       R7C9C.F0 to       R5C8B.A0 system/cpu/engine/select_register_5[0]
CTOF_DEL    ---     0.495       R5C8B.A0 to       R5C8B.F0 system/cpu/engine/dp/rf/words_ram_0/SLICE_60
ROUTE        22     2.281       R5C8B.F0 to     R10C15A.C1 system/address[6]
CTOF_DEL    ---     0.495     R10C15A.C1 to     R10C15A.F1 system/bus/SLICE_617
ROUTE         2     1.478     R10C15A.F1 to      R8C13A.D1 system/rk_selected_0
CTOF_DEL    ---     0.495      R8C13A.D1 to      R8C13A.F1 system/bus/SLICE_432
ROUTE         5     1.295      R8C13A.F1 to      R8C18B.C1 system/bus/rk_selected_3
CTOF_DEL    ---     0.495      R8C18B.C1 to      R8C18B.F1 system/bus/SLICE_369
ROUTE         4     0.637      R8C18B.F1 to      R8C17D.D1 system/bus/rk_selected_3_0_RNI94RNU
CTOF_DEL    ---     0.495      R8C17D.D1 to      R8C17D.F1 system/bus/SLICE_303
ROUTE         9     1.526      R8C17D.F1 to      R9C11A.D0 system/rk_fixed_selecteddup
CTOF_DEL    ---     0.495      R9C11A.D0 to      R9C11A.F0 system/cpu/engine/SLICE_488
ROUTE         7     1.384      R9C11A.F0 to      R8C10D.B1 system/cpu/engine/un6_fault_1_fcdup
CTOF_DEL    ---     0.495      R8C10D.B1 to      R8C10D.F1 system/cpu/engine/SLICE_481
ROUTE         5     0.718      R8C10D.F1 to      R8C10C.B0 system/cpu/engine/fault_redirectdup
CTOF_DEL    ---     0.495      R8C10C.B0 to      R8C10C.F0 system/cpu/engine/seq/SLICE_316
ROUTE        10     1.603      R8C10C.F0 to      R7C10D.D0 system/cpu/engine/seq/next_address_1_sqmuxa_1
CTOF_DEL    ---     0.495      R7C10D.D0 to      R7C10D.F0 system/cpu/SLICE_478
ROUTE         1     0.958      R7C10D.F0 to      R8C11D.D0 system/cpu/engine/seq/next_address_0_iv_0[1]
CTOF_DEL    ---     0.495      R8C11D.D0 to      R8C11D.F0 system/cpu/engine/SLICE_474
ROUTE         1     0.645      R8C11D.F0 to       R8C9C.D0 system/cpu/engine/seq/next_address_0_iv_2[1]
CTOF_DEL    ---     0.495       R8C9C.D0 to       R8C9C.F0 system/cpu/engine/seq/SLICE_465
ROUTE         1     0.986       R8C9C.F0 to       R8C7C.A1 system/cpu/engine/seq/next_address_0_iv_5[1]
CTOF_DEL    ---     0.495       R8C7C.A1 to       R8C7C.F1 system/cpu/engine/seq/SLICE_211
ROUTE         5     1.776       R8C7C.F1 to  EBR_R6C1.ADA4 system/cpu/engine/next_address[1] (to clk)
                  --------
                   30.844   (38.6% logic, 61.4% route), 15 logic levels.

 Clock Skew Details: 

      Source Clock Path oscillator to system/cpu/engine/rom/lane_2:

   Name    Fanout   Delay (ns)          Site               Resource
ROUTE       237     3.714        OSC.OSC to  EBR_R6C4.CLKA clk
                  --------
                    3.714   (0.0% logic, 100.0% route), 0 logic levels.

      Destination Clock Path oscillator to system/cpu/engine/rom/lane_1:

   Name    Fanout   Delay (ns)          Site               Resource
ROUTE       237     3.714        OSC.OSC to  EBR_R6C1.CLKA clk
                  --------
                    3.714   (0.0% logic, 100.0% route), 0 logic levels.


Passed: The following path meets requirements by 3.011ns

 Logical Details:  Cell type  Pin type       Cell/ASIC name  (clock net +/-)

   Source:         DP8KC      Port           system/cpu/engine/rom/lane_2(ASIC)  (from clk +)
   Destination:    DP8KC      Port           system/cpu/engine/rom/lane_3(ASIC)  (to clk +)

   Delay:              30.844ns  (38.6% logic, 61.4% route), 15 logic levels.

 Constraint Details:

     30.844ns physical path delay system/cpu/engine/rom/lane_2 to system/cpu/engine/rom/lane_3 meets
     33.829ns delay constraint less
      0.000ns skew and
     -0.026ns ADDR_SET requirement (totaling 33.855ns) by 3.011ns

 Physical Path Details:

      Data path system/cpu/engine/rom/lane_2 to system/cpu/engine/rom/lane_3:

   Name    Fanout   Delay (ns)          Site               Resource
C2Q_DEL     ---     4.979  EBR_R6C4.CLKA to  EBR_R6C4.DOA8 system/cpu/engine/rom/lane_2 (from clk)
ROUTE         4     1.687  EBR_R6C4.DOA8 to       R7C9C.D1 system/cpu/engine/a_select_2[0]
CTOF_DEL    ---     0.495       R7C9C.D1 to       R7C9C.F1 system/cpu/engine/SLICE_333
ROUTE         1     0.436       R7C9C.F1 to       R7C9C.C0 system/cpu/engine/un6_select_register[0]
CTOF_DEL    ---     0.495       R7C9C.C0 to       R7C9C.F0 system/cpu/engine/SLICE_333
ROUTE        16     1.525       R7C9C.F0 to       R5C8B.A0 system/cpu/engine/select_register_5[0]
CTOF_DEL    ---     0.495       R5C8B.A0 to       R5C8B.F0 system/cpu/engine/dp/rf/words_ram_0/SLICE_60
ROUTE        22     2.281       R5C8B.F0 to     R10C15A.C1 system/address[6]
CTOF_DEL    ---     0.495     R10C15A.C1 to     R10C15A.F1 system/bus/SLICE_617
ROUTE         2     1.478     R10C15A.F1 to      R8C13A.D1 system/rk_selected_0
CTOF_DEL    ---     0.495      R8C13A.D1 to      R8C13A.F1 system/bus/SLICE_432
ROUTE         5     1.295      R8C13A.F1 to      R8C18B.C1 system/bus/rk_selected_3
CTOF_DEL    ---     0.495      R8C18B.C1 to      R8C18B.F1 system/bus/SLICE_369
ROUTE         4     0.637      R8C18B.F1 to      R8C17D.D1 system/bus/rk_selected_3_0_RNI94RNU
CTOF_DEL    ---     0.495      R8C17D.D1 to      R8C17D.F1 system/bus/SLICE_303
ROUTE         9     1.526      R8C17D.F1 to      R9C11A.D0 system/rk_fixed_selecteddup
CTOF_DEL    ---     0.495      R9C11A.D0 to      R9C11A.F0 system/cpu/engine/SLICE_488
ROUTE         7     1.384      R9C11A.F0 to      R8C10D.B1 system/cpu/engine/un6_fault_1_fcdup
CTOF_DEL    ---     0.495      R8C10D.B1 to      R8C10D.F1 system/cpu/engine/SLICE_481
ROUTE         5     0.718      R8C10D.F1 to      R8C10C.B0 system/cpu/engine/fault_redirectdup
CTOF_DEL    ---     0.495      R8C10C.B0 to      R8C10C.F0 system/cpu/engine/seq/SLICE_316
ROUTE        10     1.603      R8C10C.F0 to      R7C10D.D0 system/cpu/engine/seq/next_address_1_sqmuxa_1
CTOF_DEL    ---     0.495      R7C10D.D0 to      R7C10D.F0 system/cpu/SLICE_478
ROUTE         1     0.958      R7C10D.F0 to      R8C11D.D0 system/cpu/engine/seq/next_address_0_iv_0[1]
CTOF_DEL    ---     0.495      R8C11D.D0 to      R8C11D.F0 system/cpu/engine/SLICE_474
ROUTE         1     0.645      R8C11D.F0 to       R8C9C.D0 system/cpu/engine/seq/next_address_0_iv_2[1]
CTOF_DEL    ---     0.495       R8C9C.D0 to       R8C9C.F0 system/cpu/engine/seq/SLICE_465
ROUTE         1     0.986       R8C9C.F0 to       R8C7C.A1 system/cpu/engine/seq/next_address_0_iv_5[1]
CTOF_DEL    ---     0.495       R8C7C.A1 to       R8C7C.F1 system/cpu/engine/seq/SLICE_211
ROUTE         5     1.776       R8C7C.F1 to EBR_R6C10.ADA4 system/cpu/engine/next_address[1] (to clk)
                  --------
                   30.844   (38.6% logic, 61.4% route), 15 logic levels.

 Clock Skew Details: 

      Source Clock Path oscillator to system/cpu/engine/rom/lane_2:

   Name    Fanout   Delay (ns)          Site               Resource
ROUTE       237     3.714        OSC.OSC to  EBR_R6C4.CLKA clk
                  --------
                    3.714   (0.0% logic, 100.0% route), 0 logic levels.

      Destination Clock Path oscillator to system/cpu/engine/rom/lane_3:

   Name    Fanout   Delay (ns)          Site               Resource
ROUTE       237     3.714        OSC.OSC to EBR_R6C10.CLKA clk
                  --------
                    3.714   (0.0% logic, 100.0% route), 0 logic levels.


Passed: The following path meets requirements by 3.026ns

 Logical Details:  Cell type  Pin type       Cell/ASIC name  (clock net +/-)

   Source:         DP8KC      Port           system/cpu/engine/rom/lane_3(ASIC)  (from clk +)
   Destination:    DP8KC      Port           system/cpu/engine/rom/lane_1(ASIC)  (to clk +)

   Delay:              30.829ns  (43.4% logic, 56.6% route), 18 logic levels.

 Constraint Details:

     30.829ns physical path delay system/cpu/engine/rom/lane_3 to system/cpu/engine/rom/lane_1 meets
     33.829ns delay constraint less
      0.000ns skew and
     -0.026ns ADDR_SET requirement (totaling 33.855ns) by 3.026ns

 Physical Path Details:

      Data path system/cpu/engine/rom/lane_3 to system/cpu/engine/rom/lane_1:

   Name    Fanout   Delay (ns)          Site               Resource
C2Q_DEL     ---     4.979 EBR_R6C10.CLKA to EBR_R6C10.DOA6 system/cpu/engine/rom/lane_3 (from clk)
ROUTE        48     1.502 EBR_R6C10.DOA6 to      R9C12C.C1 system/cpu/engine/uword[33]
CTOF_DEL    ---     0.495      R9C12C.C1 to      R9C12C.F1 system/cpu/engine/SLICE_648
ROUTE         1     1.042      R9C12C.F1 to     R10C12C.D1 system/cpu/engine/writing_1
CTOF_DEL    ---     0.495     R10C12C.D1 to     R10C12C.F1 system/cpu/engine/SLICE_294
ROUTE         8     0.445     R10C12C.F1 to     R10C12C.C0 system/writing
CTOF_DEL    ---     0.495     R10C12C.C0 to     R10C12C.F0 system/cpu/engine/SLICE_294
ROUTE         4     0.332     R10C12C.F0 to     R10C12D.D1 system/cpu/engine/memory_op_0
CTOF_DEL    ---     0.495     R10C12D.D1 to     R10C12D.F1 system/cpu/engine/SLICE_489
ROUTE         3     0.661     R10C12D.F1 to     R10C14B.D1 system/cpu/engine/un1_memory_op_1dup
CTOF_DEL    ---     0.495     R10C14B.D1 to     R10C14B.F1 system/SLICE_118
ROUTE         3     0.332     R10C14B.F1 to     R10C14C.D1 system/mem_requestdup_0
CTOF_DEL    ---     0.495     R10C14C.D1 to     R10C14C.F1 system/SLICE_301
ROUTE        35     1.434     R10C14C.F1 to      R8C12A.D0 system/mem_writedup
CTOF_DEL    ---     0.495      R8C12A.D0 to      R8C12A.F0 system/SLICE_433
ROUTE        10     0.799      R8C12A.F0 to      R8C14A.C1 system/bus/service_dma_selecteddup
CTOF_DEL    ---     0.495      R8C14A.C1 to      R8C14A.F1 system/bus/SLICE_415
ROUTE         2     0.635      R8C14A.F1 to      R8C14C.D0 system/bus/service_dma_selecteddup_RNI1A1P91
CTOF_DEL    ---     0.495      R8C14C.D0 to      R8C14C.F0 system/bus/SLICE_429
ROUTE         1     0.958      R8C14C.F0 to      R7C13A.D1 system/bus/acknowledgedup_0
CTOF_DEL    ---     0.495      R7C13A.D1 to      R7C13A.F1 system/SLICE_169
ROUTE         5     1.225      R7C13A.F1 to      R9C11A.C0 system/acknowledgedup_2
CTOF_DEL    ---     0.495      R9C11A.C0 to      R9C11A.F0 system/cpu/engine/SLICE_488
ROUTE         7     1.384      R9C11A.F0 to      R8C10D.B1 system/cpu/engine/un6_fault_1_fcdup
CTOF_DEL    ---     0.495      R8C10D.B1 to      R8C10D.F1 system/cpu/engine/SLICE_481
ROUTE         5     0.718      R8C10D.F1 to      R8C10C.B0 system/cpu/engine/fault_redirectdup
CTOF_DEL    ---     0.495      R8C10C.B0 to      R8C10C.F0 system/cpu/engine/seq/SLICE_316
ROUTE        10     1.603      R8C10C.F0 to      R7C10D.D0 system/cpu/engine/seq/next_address_1_sqmuxa_1
CTOF_DEL    ---     0.495      R7C10D.D0 to      R7C10D.F0 system/cpu/SLICE_478
ROUTE         1     0.958      R7C10D.F0 to      R8C11D.D0 system/cpu/engine/seq/next_address_0_iv_0[1]
CTOF_DEL    ---     0.495      R8C11D.D0 to      R8C11D.F0 system/cpu/engine/SLICE_474
ROUTE         1     0.645      R8C11D.F0 to       R8C9C.D0 system/cpu/engine/seq/next_address_0_iv_2[1]
CTOF_DEL    ---     0.495       R8C9C.D0 to       R8C9C.F0 system/cpu/engine/seq/SLICE_465
ROUTE         1     0.986       R8C9C.F0 to       R8C7C.A1 system/cpu/engine/seq/next_address_0_iv_5[1]
CTOF_DEL    ---     0.495       R8C7C.A1 to       R8C7C.F1 system/cpu/engine/seq/SLICE_211
ROUTE         5     1.776       R8C7C.F1 to  EBR_R6C1.ADA4 system/cpu/engine/next_address[1] (to clk)
                  --------
                   30.829   (43.4% logic, 56.6% route), 18 logic levels.

 Clock Skew Details: 

      Source Clock Path oscillator to system/cpu/engine/rom/lane_3:

   Name    Fanout   Delay (ns)          Site               Resource
ROUTE       237     3.714        OSC.OSC to EBR_R6C10.CLKA clk
                  --------
                    3.714   (0.0% logic, 100.0% route), 0 logic levels.

      Destination Clock Path oscillator to system/cpu/engine/rom/lane_1:

   Name    Fanout   Delay (ns)          Site               Resource
ROUTE       237     3.714        OSC.OSC to  EBR_R6C1.CLKA clk
                  --------
                    3.714   (0.0% logic, 100.0% route), 0 logic levels.


Passed: The following path meets requirements by 3.026ns

 Logical Details:  Cell type  Pin type       Cell/ASIC name  (clock net +/-)

   Source:         DP8KC      Port           system/cpu/engine/rom/lane_3(ASIC)  (from clk +)
   Destination:    DP8KC      Port           system/cpu/engine/rom/lane_3(ASIC)  (to clk +)

   Delay:              30.829ns  (43.4% logic, 56.6% route), 18 logic levels.

 Constraint Details:

     30.829ns physical path delay system/cpu/engine/rom/lane_3 to system/cpu/engine/rom/lane_3 meets
     33.829ns delay constraint less
      0.000ns skew and
     -0.026ns ADDR_SET requirement (totaling 33.855ns) by 3.026ns

 Physical Path Details:

      Data path system/cpu/engine/rom/lane_3 to system/cpu/engine/rom/lane_3:

   Name    Fanout   Delay (ns)          Site               Resource
C2Q_DEL     ---     4.979 EBR_R6C10.CLKA to EBR_R6C10.DOA6 system/cpu/engine/rom/lane_3 (from clk)
ROUTE        48     1.502 EBR_R6C10.DOA6 to      R9C12C.C1 system/cpu/engine/uword[33]
CTOF_DEL    ---     0.495      R9C12C.C1 to      R9C12C.F1 system/cpu/engine/SLICE_648
ROUTE         1     1.042      R9C12C.F1 to     R10C12C.D1 system/cpu/engine/writing_1
CTOF_DEL    ---     0.495     R10C12C.D1 to     R10C12C.F1 system/cpu/engine/SLICE_294
ROUTE         8     0.445     R10C12C.F1 to     R10C12C.C0 system/writing
CTOF_DEL    ---     0.495     R10C12C.C0 to     R10C12C.F0 system/cpu/engine/SLICE_294
ROUTE         4     0.332     R10C12C.F0 to     R10C12D.D1 system/cpu/engine/memory_op_0
CTOF_DEL    ---     0.495     R10C12D.D1 to     R10C12D.F1 system/cpu/engine/SLICE_489
ROUTE         3     0.661     R10C12D.F1 to     R10C14B.D1 system/cpu/engine/un1_memory_op_1dup
CTOF_DEL    ---     0.495     R10C14B.D1 to     R10C14B.F1 system/SLICE_118
ROUTE         3     0.332     R10C14B.F1 to     R10C14C.D1 system/mem_requestdup_0
CTOF_DEL    ---     0.495     R10C14C.D1 to     R10C14C.F1 system/SLICE_301
ROUTE        35     1.434     R10C14C.F1 to      R8C12A.D0 system/mem_writedup
CTOF_DEL    ---     0.495      R8C12A.D0 to      R8C12A.F0 system/SLICE_433
ROUTE        10     0.799      R8C12A.F0 to      R8C14A.C1 system/bus/service_dma_selecteddup
CTOF_DEL    ---     0.495      R8C14A.C1 to      R8C14A.F1 system/bus/SLICE_415
ROUTE         2     0.635      R8C14A.F1 to      R8C14C.D0 system/bus/service_dma_selecteddup_RNI1A1P91
CTOF_DEL    ---     0.495      R8C14C.D0 to      R8C14C.F0 system/bus/SLICE_429
ROUTE         1     0.958      R8C14C.F0 to      R7C13A.D1 system/bus/acknowledgedup_0
CTOF_DEL    ---     0.495      R7C13A.D1 to      R7C13A.F1 system/SLICE_169
ROUTE         5     1.225      R7C13A.F1 to      R9C11A.C0 system/acknowledgedup_2
CTOF_DEL    ---     0.495      R9C11A.C0 to      R9C11A.F0 system/cpu/engine/SLICE_488
ROUTE         7     1.384      R9C11A.F0 to      R8C10D.B1 system/cpu/engine/un6_fault_1_fcdup
CTOF_DEL    ---     0.495      R8C10D.B1 to      R8C10D.F1 system/cpu/engine/SLICE_481
ROUTE         5     0.718      R8C10D.F1 to      R8C10C.B0 system/cpu/engine/fault_redirectdup
CTOF_DEL    ---     0.495      R8C10C.B0 to      R8C10C.F0 system/cpu/engine/seq/SLICE_316
ROUTE        10     1.603      R8C10C.F0 to      R7C10D.D0 system/cpu/engine/seq/next_address_1_sqmuxa_1
CTOF_DEL    ---     0.495      R7C10D.D0 to      R7C10D.F0 system/cpu/SLICE_478
ROUTE         1     0.958      R7C10D.F0 to      R8C11D.D0 system/cpu/engine/seq/next_address_0_iv_0[1]
CTOF_DEL    ---     0.495      R8C11D.D0 to      R8C11D.F0 system/cpu/engine/SLICE_474
ROUTE         1     0.645      R8C11D.F0 to       R8C9C.D0 system/cpu/engine/seq/next_address_0_iv_2[1]
CTOF_DEL    ---     0.495       R8C9C.D0 to       R8C9C.F0 system/cpu/engine/seq/SLICE_465
ROUTE         1     0.986       R8C9C.F0 to       R8C7C.A1 system/cpu/engine/seq/next_address_0_iv_5[1]
CTOF_DEL    ---     0.495       R8C7C.A1 to       R8C7C.F1 system/cpu/engine/seq/SLICE_211
ROUTE         5     1.776       R8C7C.F1 to EBR_R6C10.ADA4 system/cpu/engine/next_address[1] (to clk)
                  --------
                   30.829   (43.4% logic, 56.6% route), 18 logic levels.

 Clock Skew Details: 

      Source Clock Path oscillator to system/cpu/engine/rom/lane_3:

   Name    Fanout   Delay (ns)          Site               Resource
ROUTE       237     3.714        OSC.OSC to EBR_R6C10.CLKA clk
                  --------
                    3.714   (0.0% logic, 100.0% route), 0 logic levels.

      Destination Clock Path oscillator to system/cpu/engine/rom/lane_3:

   Name    Fanout   Delay (ns)          Site               Resource
ROUTE       237     3.714        OSC.OSC to EBR_R6C10.CLKA clk
                  --------
                    3.714   (0.0% logic, 100.0% route), 0 logic levels.


Passed: The following path meets requirements by 3.068ns

 Logical Details:  Cell type  Pin type       Cell/ASIC name  (clock net +/-)

   Source:         DP8KC      Port           system/cpu/engine/rom/lane_2(ASIC)  (from clk +)
   Destination:    DP8KC      Port           system/cpu/engine/rom/lane_1(ASIC)  (to clk +)

   Delay:              30.787ns  (41.9% logic, 58.1% route), 17 logic levels.

 Constraint Details:

     30.787ns physical path delay system/cpu/engine/rom/lane_2 to system/cpu/engine/rom/lane_1 meets
     33.829ns delay constraint less
      0.000ns skew and
     -0.026ns ADDR_SET requirement (totaling 33.855ns) by 3.068ns

 Physical Path Details:

      Data path system/cpu/engine/rom/lane_2 to system/cpu/engine/rom/lane_1:

   Name    Fanout   Delay (ns)          Site               Resource
C2Q_DEL     ---     4.979  EBR_R6C4.CLKA to  EBR_R6C4.DOA8 system/cpu/engine/rom/lane_2 (from clk)
ROUTE         4     1.637  EBR_R6C4.DOA8 to       R7C9B.C1 system/cpu/engine/a_select_2[0]
CTOF_DEL    ---     0.495       R7C9B.C1 to       R7C9B.F1 system/cpu/engine/SLICE_563
ROUTE         1     0.436       R7C9B.F1 to       R7C9B.C0 system/cpu/engine/un6_select_register[2]
CTOF_DEL    ---     0.495       R7C9B.C0 to       R7C9B.F0 system/cpu/engine/SLICE_563
ROUTE        18     1.222       R7C9B.F0 to       R7C8B.C1 system/cpu/engine/un9_d_axb2
CTOF_DEL    ---     0.495       R7C8B.C1 to       R7C8B.F1 system/cpu/engine/dp/rf/words_ram_2/SLICE_54
ROUTE         9     1.039       R7C8B.F1 to      R7C10C.B1 system/address[15]
CTOF_DEL    ---     0.495      R7C10C.B1 to      R7C10C.F1 system/bus/SLICE_440
ROUTE         3     0.445      R7C10C.F1 to      R7C10C.C0 system/bus/service_program_selected_6
CTOF_DEL    ---     0.495      R7C10C.C0 to      R7C10C.F0 system/bus/SLICE_440
ROUTE         2     1.422      R7C10C.F0 to      R8C12A.A0 system/bus/service_dma_selected_0
CTOF_DEL    ---     0.495      R8C12A.A0 to      R8C12A.F0 system/SLICE_433
ROUTE        10     0.799      R8C12A.F0 to      R8C14A.C1 system/bus/service_dma_selecteddup
CTOF_DEL    ---     0.495      R8C14A.C1 to      R8C14A.F1 system/bus/SLICE_415
ROUTE         2     0.635      R8C14A.F1 to      R8C14C.D0 system/bus/service_dma_selecteddup_RNI1A1P91
CTOF_DEL    ---     0.495      R8C14C.D0 to      R8C14C.F0 system/bus/SLICE_429
ROUTE         1     0.958      R8C14C.F0 to      R7C13A.D1 system/bus/acknowledgedup_0
CTOF_DEL    ---     0.495      R7C13A.D1 to      R7C13A.F1 system/SLICE_169
ROUTE         5     1.225      R7C13A.F1 to      R9C11A.C0 system/acknowledgedup_2
CTOF_DEL    ---     0.495      R9C11A.C0 to      R9C11A.F0 system/cpu/engine/SLICE_488
ROUTE         7     1.384      R9C11A.F0 to      R8C10D.B1 system/cpu/engine/un6_fault_1_fcdup
CTOF_DEL    ---     0.495      R8C10D.B1 to      R8C10D.F1 system/cpu/engine/SLICE_481
ROUTE         5     0.718      R8C10D.F1 to      R8C10C.B0 system/cpu/engine/fault_redirectdup
CTOF_DEL    ---     0.495      R8C10C.B0 to      R8C10C.F0 system/cpu/engine/seq/SLICE_316
ROUTE        10     1.603      R8C10C.F0 to      R7C10D.D0 system/cpu/engine/seq/next_address_1_sqmuxa_1
CTOF_DEL    ---     0.495      R7C10D.D0 to      R7C10D.F0 system/cpu/SLICE_478
ROUTE         1     0.958      R7C10D.F0 to      R8C11D.D0 system/cpu/engine/seq/next_address_0_iv_0[1]
CTOF_DEL    ---     0.495      R8C11D.D0 to      R8C11D.F0 system/cpu/engine/SLICE_474
ROUTE         1     0.645      R8C11D.F0 to       R8C9C.D0 system/cpu/engine/seq/next_address_0_iv_2[1]
CTOF_DEL    ---     0.495       R8C9C.D0 to       R8C9C.F0 system/cpu/engine/seq/SLICE_465
ROUTE         1     0.986       R8C9C.F0 to       R8C7C.A1 system/cpu/engine/seq/next_address_0_iv_5[1]
CTOF_DEL    ---     0.495       R8C7C.A1 to       R8C7C.F1 system/cpu/engine/seq/SLICE_211
ROUTE         5     1.776       R8C7C.F1 to  EBR_R6C1.ADA4 system/cpu/engine/next_address[1] (to clk)
                  --------
                   30.787   (41.9% logic, 58.1% route), 17 logic levels.

 Clock Skew Details: 

      Source Clock Path oscillator to system/cpu/engine/rom/lane_2:

   Name    Fanout   Delay (ns)          Site               Resource
ROUTE       237     3.714        OSC.OSC to  EBR_R6C4.CLKA clk
                  --------
                    3.714   (0.0% logic, 100.0% route), 0 logic levels.

      Destination Clock Path oscillator to system/cpu/engine/rom/lane_1:

   Name    Fanout   Delay (ns)          Site               Resource
ROUTE       237     3.714        OSC.OSC to  EBR_R6C1.CLKA clk
                  --------
                    3.714   (0.0% logic, 100.0% route), 0 logic levels.


Passed: The following path meets requirements by 3.068ns

 Logical Details:  Cell type  Pin type       Cell/ASIC name  (clock net +/-)

   Source:         DP8KC      Port           system/cpu/engine/rom/lane_2(ASIC)  (from clk +)
   Destination:    DP8KC      Port           system/cpu/engine/rom/lane_3(ASIC)  (to clk +)

   Delay:              30.787ns  (41.9% logic, 58.1% route), 17 logic levels.

 Constraint Details:

     30.787ns physical path delay system/cpu/engine/rom/lane_2 to system/cpu/engine/rom/lane_3 meets
     33.829ns delay constraint less
      0.000ns skew and
     -0.026ns ADDR_SET requirement (totaling 33.855ns) by 3.068ns

 Physical Path Details:

      Data path system/cpu/engine/rom/lane_2 to system/cpu/engine/rom/lane_3:

   Name    Fanout   Delay (ns)          Site               Resource
C2Q_DEL     ---     4.979  EBR_R6C4.CLKA to  EBR_R6C4.DOA8 system/cpu/engine/rom/lane_2 (from clk)
ROUTE         4     1.637  EBR_R6C4.DOA8 to       R7C9B.C1 system/cpu/engine/a_select_2[0]
CTOF_DEL    ---     0.495       R7C9B.C1 to       R7C9B.F1 system/cpu/engine/SLICE_563
ROUTE         1     0.436       R7C9B.F1 to       R7C9B.C0 system/cpu/engine/un6_select_register[2]
CTOF_DEL    ---     0.495       R7C9B.C0 to       R7C9B.F0 system/cpu/engine/SLICE_563
ROUTE        18     1.222       R7C9B.F0 to       R7C8B.C1 system/cpu/engine/un9_d_axb2
CTOF_DEL    ---     0.495       R7C8B.C1 to       R7C8B.F1 system/cpu/engine/dp/rf/words_ram_2/SLICE_54
ROUTE         9     1.039       R7C8B.F1 to      R7C10C.B1 system/address[15]
CTOF_DEL    ---     0.495      R7C10C.B1 to      R7C10C.F1 system/bus/SLICE_440
ROUTE         3     0.445      R7C10C.F1 to      R7C10C.C0 system/bus/service_program_selected_6
CTOF_DEL    ---     0.495      R7C10C.C0 to      R7C10C.F0 system/bus/SLICE_440
ROUTE         2     1.422      R7C10C.F0 to      R8C12A.A0 system/bus/service_dma_selected_0
CTOF_DEL    ---     0.495      R8C12A.A0 to      R8C12A.F0 system/SLICE_433
ROUTE        10     0.799      R8C12A.F0 to      R8C14A.C1 system/bus/service_dma_selecteddup
CTOF_DEL    ---     0.495      R8C14A.C1 to      R8C14A.F1 system/bus/SLICE_415
ROUTE         2     0.635      R8C14A.F1 to      R8C14C.D0 system/bus/service_dma_selecteddup_RNI1A1P91
CTOF_DEL    ---     0.495      R8C14C.D0 to      R8C14C.F0 system/bus/SLICE_429
ROUTE         1     0.958      R8C14C.F0 to      R7C13A.D1 system/bus/acknowledgedup_0
CTOF_DEL    ---     0.495      R7C13A.D1 to      R7C13A.F1 system/SLICE_169
ROUTE         5     1.225      R7C13A.F1 to      R9C11A.C0 system/acknowledgedup_2
CTOF_DEL    ---     0.495      R9C11A.C0 to      R9C11A.F0 system/cpu/engine/SLICE_488
ROUTE         7     1.384      R9C11A.F0 to      R8C10D.B1 system/cpu/engine/un6_fault_1_fcdup
CTOF_DEL    ---     0.495      R8C10D.B1 to      R8C10D.F1 system/cpu/engine/SLICE_481
ROUTE         5     0.718      R8C10D.F1 to      R8C10C.B0 system/cpu/engine/fault_redirectdup
CTOF_DEL    ---     0.495      R8C10C.B0 to      R8C10C.F0 system/cpu/engine/seq/SLICE_316
ROUTE        10     1.603      R8C10C.F0 to      R7C10D.D0 system/cpu/engine/seq/next_address_1_sqmuxa_1
CTOF_DEL    ---     0.495      R7C10D.D0 to      R7C10D.F0 system/cpu/SLICE_478
ROUTE         1     0.958      R7C10D.F0 to      R8C11D.D0 system/cpu/engine/seq/next_address_0_iv_0[1]
CTOF_DEL    ---     0.495      R8C11D.D0 to      R8C11D.F0 system/cpu/engine/SLICE_474
ROUTE         1     0.645      R8C11D.F0 to       R8C9C.D0 system/cpu/engine/seq/next_address_0_iv_2[1]
CTOF_DEL    ---     0.495       R8C9C.D0 to       R8C9C.F0 system/cpu/engine/seq/SLICE_465
ROUTE         1     0.986       R8C9C.F0 to       R8C7C.A1 system/cpu/engine/seq/next_address_0_iv_5[1]
CTOF_DEL    ---     0.495       R8C7C.A1 to       R8C7C.F1 system/cpu/engine/seq/SLICE_211
ROUTE         5     1.776       R8C7C.F1 to EBR_R6C10.ADA4 system/cpu/engine/next_address[1] (to clk)
                  --------
                   30.787   (41.9% logic, 58.1% route), 17 logic levels.

 Clock Skew Details: 

      Source Clock Path oscillator to system/cpu/engine/rom/lane_2:

   Name    Fanout   Delay (ns)          Site               Resource
ROUTE       237     3.714        OSC.OSC to  EBR_R6C4.CLKA clk
                  --------
                    3.714   (0.0% logic, 100.0% route), 0 logic levels.

      Destination Clock Path oscillator to system/cpu/engine/rom/lane_3:

   Name    Fanout   Delay (ns)          Site               Resource
ROUTE       237     3.714        OSC.OSC to EBR_R6C10.CLKA clk
                  --------
                    3.714   (0.0% logic, 100.0% route), 0 logic levels.


Passed: The following path meets requirements by 3.086ns

 Logical Details:  Cell type  Pin type       Cell/ASIC name  (clock net +/-)

   Source:         DP8KC      Port           system/cpu/engine/rom/lane_2(ASIC)  (from clk +)
   Destination:    DP8KC      Port           system/cpu/engine/rom/lane_1(ASIC)  (to clk +)

   Delay:              30.769ns  (38.7% logic, 61.3% route), 15 logic levels.

 Constraint Details:

     30.769ns physical path delay system/cpu/engine/rom/lane_2 to system/cpu/engine/rom/lane_1 meets
     33.829ns delay constraint less
      0.000ns skew and
     -0.026ns ADDR_SET requirement (totaling 33.855ns) by 3.086ns

 Physical Path Details:

      Data path system/cpu/engine/rom/lane_2 to system/cpu/engine/rom/lane_1:

   Name    Fanout   Delay (ns)          Site               Resource
C2Q_DEL     ---     4.979  EBR_R6C4.CLKA to  EBR_R6C4.DOA8 system/cpu/engine/rom/lane_2 (from clk)
ROUTE         4     1.687  EBR_R6C4.DOA8 to       R7C9C.D1 system/cpu/engine/a_select_2[0]
CTOF_DEL    ---     0.495       R7C9C.D1 to       R7C9C.F1 system/cpu/engine/SLICE_333
ROUTE         1     0.436       R7C9C.F1 to       R7C9C.C0 system/cpu/engine/un6_select_register[0]
CTOF_DEL    ---     0.495       R7C9C.C0 to       R7C9C.F0 system/cpu/engine/SLICE_333
ROUTE        16     1.525       R7C9C.F0 to       R5C8B.A0 system/cpu/engine/select_register_5[0]
CTOF_DEL    ---     0.495       R5C8B.A0 to       R5C8B.F0 system/cpu/engine/dp/rf/words_ram_0/SLICE_60
ROUTE        22     2.281       R5C8B.F0 to     R10C15A.C1 system/address[6]
CTOF_DEL    ---     0.495     R10C15A.C1 to     R10C15A.F1 system/bus/SLICE_617
ROUTE         2     1.478     R10C15A.F1 to      R8C13A.D1 system/rk_selected_0
CTOF_DEL    ---     0.495      R8C13A.D1 to      R8C13A.F1 system/bus/SLICE_432
ROUTE         5     0.635      R8C13A.F1 to      R8C13A.D0 system/bus/rk_selected_3
CTOF_DEL    ---     0.495      R8C13A.D0 to      R8C13A.F0 system/bus/SLICE_432
ROUTE         5     1.222      R8C13A.F0 to      R8C17D.C1 system/bus/rk_selecteddup
CTOF_DEL    ---     0.495      R8C17D.C1 to      R8C17D.F1 system/bus/SLICE_303
ROUTE         9     1.526      R8C17D.F1 to      R9C11A.D0 system/rk_fixed_selecteddup
CTOF_DEL    ---     0.495      R9C11A.D0 to      R9C11A.F0 system/cpu/engine/SLICE_488
ROUTE         7     1.384      R9C11A.F0 to      R8C10D.B1 system/cpu/engine/un6_fault_1_fcdup
CTOF_DEL    ---     0.495      R8C10D.B1 to      R8C10D.F1 system/cpu/engine/SLICE_481
ROUTE         5     0.718      R8C10D.F1 to      R8C10C.B0 system/cpu/engine/fault_redirectdup
CTOF_DEL    ---     0.495      R8C10C.B0 to      R8C10C.F0 system/cpu/engine/seq/SLICE_316
ROUTE        10     1.603      R8C10C.F0 to      R7C10D.D0 system/cpu/engine/seq/next_address_1_sqmuxa_1
CTOF_DEL    ---     0.495      R7C10D.D0 to      R7C10D.F0 system/cpu/SLICE_478
ROUTE         1     0.958      R7C10D.F0 to      R8C11D.D0 system/cpu/engine/seq/next_address_0_iv_0[1]
CTOF_DEL    ---     0.495      R8C11D.D0 to      R8C11D.F0 system/cpu/engine/SLICE_474
ROUTE         1     0.645      R8C11D.F0 to       R8C9C.D0 system/cpu/engine/seq/next_address_0_iv_2[1]
CTOF_DEL    ---     0.495       R8C9C.D0 to       R8C9C.F0 system/cpu/engine/seq/SLICE_465
ROUTE         1     0.986       R8C9C.F0 to       R8C7C.A1 system/cpu/engine/seq/next_address_0_iv_5[1]
CTOF_DEL    ---     0.495       R8C7C.A1 to       R8C7C.F1 system/cpu/engine/seq/SLICE_211
ROUTE         5     1.776       R8C7C.F1 to  EBR_R6C1.ADA4 system/cpu/engine/next_address[1] (to clk)
                  --------
                   30.769   (38.7% logic, 61.3% route), 15 logic levels.

 Clock Skew Details: 

      Source Clock Path oscillator to system/cpu/engine/rom/lane_2:

   Name    Fanout   Delay (ns)          Site               Resource
ROUTE       237     3.714        OSC.OSC to  EBR_R6C4.CLKA clk
                  --------
                    3.714   (0.0% logic, 100.0% route), 0 logic levels.

      Destination Clock Path oscillator to system/cpu/engine/rom/lane_1:

   Name    Fanout   Delay (ns)          Site               Resource
ROUTE       237     3.714        OSC.OSC to  EBR_R6C1.CLKA clk
                  --------
                    3.714   (0.0% logic, 100.0% route), 0 logic levels.


Passed: The following path meets requirements by 3.086ns

 Logical Details:  Cell type  Pin type       Cell/ASIC name  (clock net +/-)

   Source:         DP8KC      Port           system/cpu/engine/rom/lane_2(ASIC)  (from clk +)
   Destination:    DP8KC      Port           system/cpu/engine/rom/lane_3(ASIC)  (to clk +)

   Delay:              30.769ns  (38.7% logic, 61.3% route), 15 logic levels.

 Constraint Details:

     30.769ns physical path delay system/cpu/engine/rom/lane_2 to system/cpu/engine/rom/lane_3 meets
     33.829ns delay constraint less
      0.000ns skew and
     -0.026ns ADDR_SET requirement (totaling 33.855ns) by 3.086ns

 Physical Path Details:

      Data path system/cpu/engine/rom/lane_2 to system/cpu/engine/rom/lane_3:

   Name    Fanout   Delay (ns)          Site               Resource
C2Q_DEL     ---     4.979  EBR_R6C4.CLKA to  EBR_R6C4.DOA8 system/cpu/engine/rom/lane_2 (from clk)
ROUTE         4     1.687  EBR_R6C4.DOA8 to       R7C9C.D1 system/cpu/engine/a_select_2[0]
CTOF_DEL    ---     0.495       R7C9C.D1 to       R7C9C.F1 system/cpu/engine/SLICE_333
ROUTE         1     0.436       R7C9C.F1 to       R7C9C.C0 system/cpu/engine/un6_select_register[0]
CTOF_DEL    ---     0.495       R7C9C.C0 to       R7C9C.F0 system/cpu/engine/SLICE_333
ROUTE        16     1.525       R7C9C.F0 to       R5C8B.A0 system/cpu/engine/select_register_5[0]
CTOF_DEL    ---     0.495       R5C8B.A0 to       R5C8B.F0 system/cpu/engine/dp/rf/words_ram_0/SLICE_60
ROUTE        22     2.281       R5C8B.F0 to     R10C15A.C1 system/address[6]
CTOF_DEL    ---     0.495     R10C15A.C1 to     R10C15A.F1 system/bus/SLICE_617
ROUTE         2     1.478     R10C15A.F1 to      R8C13A.D1 system/rk_selected_0
CTOF_DEL    ---     0.495      R8C13A.D1 to      R8C13A.F1 system/bus/SLICE_432
ROUTE         5     0.635      R8C13A.F1 to      R8C13A.D0 system/bus/rk_selected_3
CTOF_DEL    ---     0.495      R8C13A.D0 to      R8C13A.F0 system/bus/SLICE_432
ROUTE         5     1.222      R8C13A.F0 to      R8C17D.C1 system/bus/rk_selecteddup
CTOF_DEL    ---     0.495      R8C17D.C1 to      R8C17D.F1 system/bus/SLICE_303
ROUTE         9     1.526      R8C17D.F1 to      R9C11A.D0 system/rk_fixed_selecteddup
CTOF_DEL    ---     0.495      R9C11A.D0 to      R9C11A.F0 system/cpu/engine/SLICE_488
ROUTE         7     1.384      R9C11A.F0 to      R8C10D.B1 system/cpu/engine/un6_fault_1_fcdup
CTOF_DEL    ---     0.495      R8C10D.B1 to      R8C10D.F1 system/cpu/engine/SLICE_481
ROUTE         5     0.718      R8C10D.F1 to      R8C10C.B0 system/cpu/engine/fault_redirectdup
CTOF_DEL    ---     0.495      R8C10C.B0 to      R8C10C.F0 system/cpu/engine/seq/SLICE_316
ROUTE        10     1.603      R8C10C.F0 to      R7C10D.D0 system/cpu/engine/seq/next_address_1_sqmuxa_1
CTOF_DEL    ---     0.495      R7C10D.D0 to      R7C10D.F0 system/cpu/SLICE_478
ROUTE         1     0.958      R7C10D.F0 to      R8C11D.D0 system/cpu/engine/seq/next_address_0_iv_0[1]
CTOF_DEL    ---     0.495      R8C11D.D0 to      R8C11D.F0 system/cpu/engine/SLICE_474
ROUTE         1     0.645      R8C11D.F0 to       R8C9C.D0 system/cpu/engine/seq/next_address_0_iv_2[1]
CTOF_DEL    ---     0.495       R8C9C.D0 to       R8C9C.F0 system/cpu/engine/seq/SLICE_465
ROUTE         1     0.986       R8C9C.F0 to       R8C7C.A1 system/cpu/engine/seq/next_address_0_iv_5[1]
CTOF_DEL    ---     0.495       R8C7C.A1 to       R8C7C.F1 system/cpu/engine/seq/SLICE_211
ROUTE         5     1.776       R8C7C.F1 to EBR_R6C10.ADA4 system/cpu/engine/next_address[1] (to clk)
                  --------
                   30.769   (38.7% logic, 61.3% route), 15 logic levels.

 Clock Skew Details: 

      Source Clock Path oscillator to system/cpu/engine/rom/lane_2:

   Name    Fanout   Delay (ns)          Site               Resource
ROUTE       237     3.714        OSC.OSC to  EBR_R6C4.CLKA clk
                  --------
                    3.714   (0.0% logic, 100.0% route), 0 logic levels.

      Destination Clock Path oscillator to system/cpu/engine/rom/lane_3:

   Name    Fanout   Delay (ns)          Site               Resource
ROUTE       237     3.714        OSC.OSC to EBR_R6C10.CLKA clk
                  --------
                    3.714   (0.0% logic, 100.0% route), 0 logic levels.

Report:   32.366MHz is the maximum frequency for this preference.


================================================================================
Preference: Unconstrained: CLOCK_DOMAIN
            0 unconstrained paths found
--------------------------------------------------------------------------------


================================================================================
Preference: Unconstrained: INPUT_SETUP
            14 unconstrained paths found
--------------------------------------------------------------------------------

Unconstrained Preference:
   INPUT_SETUP PORT "gpio_key_row[0]" CLKNET "clk" 

Report:   10.307ns delay gpio_key_row[0] to system/cpu/engine/SLICE_192 (10.141ns delay and 0.166ns setup)

   Name    Fanout   Delay (ns)          Site               Resource
PADI_DEL    ---     1.132         29.PAD to       29.PADDI gpio_key_row[0]
ROUTE         1     3.532       29.PADDI to      R3C16D.A1 gpio_key_row_in[0]
CTOF_DEL    ---     0.495      R3C16D.A1 to      R3C16D.F1 system/bus/SLICE_401
ROUTE         1     1.004      R3C16D.F1 to      R3C16D.B0 system/bus/rdata_iv_2[4]
CTOF_DEL    ---     0.495      R3C16D.B0 to      R3C16D.F0 system/bus/SLICE_401
ROUTE         1     1.498      R3C16D.F0 to      R3C12A.A0 system/lane_rdata[4]
CTOF_DEL    ---     0.495      R3C12A.A0 to      R3C12A.F0 system/cpu/SLICE_222
ROUTE         2     0.995      R3C12A.F0 to      R4C12C.A0 system/cpu/rdata[4]
CTOF_DEL    ---     0.495      R4C12C.A0 to      R4C12C.F0 system/cpu/engine/SLICE_192
ROUTE         1     0.000      R4C12C.F0 to     R4C12C.DI0 system/cpu/engine/mdr_6[4] (to clk)
                  --------
                   10.141   (30.7% logic, 69.3% route), 5 logic levels.

Unconstrained Preference:
   INPUT_SETUP PORT "gpio_key_row[3]" CLKNET "clk" 

Report:    9.363ns delay gpio_key_row[3] to system/cpu/sync_decode.decode/table_rom/lane_0 (9.389ns delay and -0.026ns setup)

   Name    Fanout   Delay (ns)          Site               Resource
PADI_DEL    ---     1.132          1.PAD to        1.PADDI gpio_key_row[3]
ROUTE         2     4.730        1.PADDI to      R7C15B.B0 gpio_key_row_in[3]
CTOF_DEL    ---     0.495      R7C15B.B0 to      R7C15B.F0 system/bus/SLICE_406
ROUTE         1     1.462      R7C15B.F0 to      R5C16B.D0 system/rdata_ivdup_4[7]
CTOOFX_DEL  ---     0.721      R5C16B.D0 to    R5C16B.OFX0 system/cpu/sync_decode.decode/table_rom/lane_0_RNO_0/SLICE_285
ROUTE         1     0.849    R5C16B.OFX0 to EBR_R6C14.ADA4 system/cpu/sync_decode.decode/table_rom/lane_0_RNO_0 (to clk)
                  --------
                    9.389   (25.0% logic, 75.0% route), 3 logic levels.

Unconstrained Preference:
   INPUT_SETUP PORT "gpio_key_row[3]" CLKNET "clk" 

Report:    8.968ns delay gpio_key_row[3] to system/cpu/engine/SLICE_193 (8.802ns delay and 0.166ns setup)

   Name    Fanout   Delay (ns)          Site               Resource
PADI_DEL    ---     1.132          1.PAD to        1.PADDI gpio_key_row[3]
ROUTE         2     2.898        1.PADDI to      R7C16D.D0 gpio_key_row_in[3]
CTOF_DEL    ---     0.495      R7C16D.D0 to      R7C16D.F0 system/bus/SLICE_405
ROUTE         1     1.534      R7C16D.F0 to      R4C16D.D0 system/rdata_iv_5[7]
CTOOFX_DEL  ---     0.721      R4C16D.D0 to    R4C16D.OFX0 system/cpu/SLICE_225
ROUTE         2     1.527    R4C16D.OFX0 to      R5C12B.D1 system/cpu/rdata[7]
CTOF_DEL    ---     0.495      R5C12B.D1 to      R5C12B.F1 system/cpu/engine/SLICE_193
ROUTE         1     0.000      R5C12B.F1 to     R5C12B.DI1 system/cpu/engine/mdr_6[7] (to clk)
                  --------
                    8.802   (32.3% logic, 67.7% route), 4 logic levels.

Unconstrained Preference:
   INPUT_SETUP PORT "gpio_key_row[2]" CLKNET "clk" 

Report:    8.936ns delay gpio_key_row[2] to system/cpu/sync_decode.decode/table_rom/lane_0 (8.962ns delay and -0.026ns setup)

   Name    Fanout   Delay (ns)          Site               Resource
PADI_DEL    ---     1.132         32.PAD to       32.PADDI gpio_key_row[2]
ROUTE         2     4.541       32.PADDI to      R5C17B.A0 gpio_key_row_in[2]
CTOF_DEL    ---     0.495      R5C17B.A0 to      R5C17B.F0 system/bus/SLICE_407
ROUTE         1     1.023      R5C17B.F0 to      R5C15D.B1 system/rdata_ivdup_5[6]
CTOF_DEL    ---     0.495      R5C15D.B1 to      R5C15D.F1 system/SLICE_360
ROUTE         1     1.276      R5C15D.F1 to EBR_R6C14.ADA3 system/cpu/sync_decode.decode/table_rom/lane_0_RNO (to clk)
                  --------
                    8.962   (23.7% logic, 76.3% route), 3 logic levels.

Unconstrained Preference:
   INPUT_SETUP PORT "gpio_key_row[0]" CLKNET "clk" 

Report:    8.826ns delay gpio_key_row[0] to system/cpu/SLICE_222 (8.660ns delay and 0.166ns setup)

   Name    Fanout   Delay (ns)          Site               Resource
PADI_DEL    ---     1.132         29.PAD to       29.PADDI gpio_key_row[0]
ROUTE         1     3.532       29.PADDI to      R3C16D.A1 gpio_key_row_in[0]
CTOF_DEL    ---     0.495      R3C16D.A1 to      R3C16D.F1 system/bus/SLICE_401
ROUTE         1     1.004      R3C16D.F1 to      R3C16D.B0 system/bus/rdata_iv_2[4]
CTOF_DEL    ---     0.495      R3C16D.B0 to      R3C16D.F0 system/bus/SLICE_401
ROUTE         1     1.498      R3C16D.F0 to      R3C12A.A0 system/lane_rdata[4]
CTOF_DEL    ---     0.495      R3C12A.A0 to      R3C12A.F0 system/cpu/SLICE_222
ROUTE         2     0.009      R3C12A.F0 to     R3C12A.DI0 system/cpu/rdata[4] (to clk)
                  --------
                    8.660   (30.2% logic, 69.8% route), 4 logic levels.

Unconstrained Preference:
   INPUT_SETUP PORT "gpio_key_row[1]" CLKNET "clk" 

Report:    8.303ns delay gpio_key_row[1] to system/cpu/engine/SLICE_192 (8.137ns delay and 0.166ns setup)

   Name    Fanout   Delay (ns)          Site               Resource
PADI_DEL    ---     1.132         30.PAD to       30.PADDI gpio_key_row[1]
ROUTE         1     2.817       30.PADDI to      R3C16C.B1 gpio_key_row_in[1]
CTOF_DEL    ---     0.495      R3C16C.B1 to      R3C16C.F1 system/bus/SLICE_640
ROUTE         1     1.705      R3C16C.F1 to      R4C13D.C0 system/rdata_0_iv_2[5]
CTOOFX_DEL  ---     0.721      R4C13D.C0 to    R4C13D.OFX0 system/cpu/SLICE_223
ROUTE         2     0.772    R4C13D.OFX0 to      R4C12C.C1 system/cpu/rdata[5]
CTOF_DEL    ---     0.495      R4C12C.C1 to      R4C12C.F1 system/cpu/engine/SLICE_192
ROUTE         1     0.000      R4C12C.F1 to     R4C12C.DI1 system/cpu/engine/mdr_6[5] (to clk)
                  --------
                    8.137   (34.9% logic, 65.1% route), 4 logic levels.

Unconstrained Preference:
   INPUT_SETUP PORT "gpio_key_row[2]" CLKNET "clk" 

Report:    7.935ns delay gpio_key_row[2] to system/cpu/engine/SLICE_193 (7.769ns delay and 0.166ns setup)

   Name    Fanout   Delay (ns)          Site               Resource
PADI_DEL    ---     1.132         32.PAD to       32.PADDI gpio_key_row[2]
ROUTE         2     2.994       32.PADDI to      R5C17A.C1 gpio_key_row_in[2]
CTOF_DEL    ---     0.495      R5C17A.C1 to      R5C17A.F1 system/bus/SLICE_391
ROUTE         1     1.278      R5C17A.F1 to      R5C12C.C0 system/rdata_iv_4[6]
CTOOFX_DEL  ---     0.721      R5C12C.C0 to    R5C12C.OFX0 system/cpu/SLICE_224
ROUTE         2     0.654    R5C12C.OFX0 to      R5C12B.D0 system/cpu/rdata[6]
CTOF_DEL    ---     0.495      R5C12B.D0 to      R5C12B.F0 system/cpu/engine/SLICE_193
ROUTE         1     0.000      R5C12B.F0 to     R5C12B.DI0 system/cpu/engine/mdr_6[6] (to clk)
                  --------
                    7.769   (36.6% logic, 63.4% route), 4 logic levels.

Unconstrained Preference:
   INPUT_SETUP PORT "gpio_key_row[1]" CLKNET "clk" 

Report:    7.064ns delay gpio_key_row[1] to system/cpu/SLICE_223 (6.898ns delay and 0.166ns setup)

   Name    Fanout   Delay (ns)          Site               Resource
PADI_DEL    ---     1.132         30.PAD to       30.PADDI gpio_key_row[1]
ROUTE         1     2.817       30.PADDI to      R3C16C.B1 gpio_key_row_in[1]
CTOF_DEL    ---     0.495      R3C16C.B1 to      R3C16C.F1 system/bus/SLICE_640
ROUTE         1     1.705      R3C16C.F1 to      R4C13D.C0 system/rdata_0_iv_2[5]
CTOOFX_DEL  ---     0.721      R4C13D.C0 to    R4C13D.OFX0 system/cpu/SLICE_223
ROUTE         2     0.028    R4C13D.OFX0 to     R4C13D.DI0 system/cpu/rdata[5] (to clk)
                  --------
                    6.898   (34.0% logic, 66.0% route), 3 logic levels.

Unconstrained Preference:
   INPUT_SETUP PORT "gpio_key_row[3]" CLKNET "clk" 

Report:    6.974ns delay gpio_key_row[3] to system/cpu/SLICE_225 (6.808ns delay and 0.166ns setup)

   Name    Fanout   Delay (ns)          Site               Resource
PADI_DEL    ---     1.132          1.PAD to        1.PADDI gpio_key_row[3]
ROUTE         2     2.898        1.PADDI to      R7C16D.D0 gpio_key_row_in[3]
CTOF_DEL    ---     0.495      R7C16D.D0 to      R7C16D.F0 system/bus/SLICE_405
ROUTE         1     1.534      R7C16D.F0 to      R4C16D.D0 system/rdata_iv_5[7]
CTOOFX_DEL  ---     0.721      R4C16D.D0 to    R4C16D.OFX0 system/cpu/SLICE_225
ROUTE         2     0.028    R4C16D.OFX0 to     R4C16D.DI0 system/cpu/rdata[7] (to clk)
                  --------
                    6.808   (34.5% logic, 65.5% route), 3 logic levels.

Unconstrained Preference:
   INPUT_SETUP PORT "gpio_key_row[2]" CLKNET "clk" 

Report:    6.814ns delay gpio_key_row[2] to system/cpu/SLICE_224 (6.648ns delay and 0.166ns setup)

   Name    Fanout   Delay (ns)          Site               Resource
PADI_DEL    ---     1.132         32.PAD to       32.PADDI gpio_key_row[2]
ROUTE         2     2.994       32.PADDI to      R5C17A.C1 gpio_key_row_in[2]
CTOF_DEL    ---     0.495      R5C17A.C1 to      R5C17A.F1 system/bus/SLICE_391
ROUTE         1     1.278      R5C17A.F1 to      R5C12C.C0 system/rdata_iv_4[6]
CTOOFX_DEL  ---     0.721      R5C12C.C0 to    R5C12C.OFX0 system/cpu/SLICE_224
ROUTE         2     0.028    R5C12C.OFX0 to     R5C12C.DI0 system/cpu/rdata[6] (to clk)
                  --------
                    6.648   (35.3% logic, 64.7% route), 3 logic levels.

Unconstrained Preference:
   INPUT_SETUP PORT "res" CLKNET "clk" 

Report:    4.963ns delay res to SLICE_312 (4.230ns delay and 0.733ns setup)

   Name    Fanout   Delay (ns)          Site               Resource
PADI_DEL    ---     1.132          4.PAD to        4.PADDI res
ROUTE         1     3.098        4.PADDI to     R7C14D.LSR res_c (to clk)
                  --------
                    4.230   (26.8% logic, 73.2% route), 1 logic levels.

Unconstrained Preference:
   INPUT_SETUP PORT "rx" CLKNET "clk" 

Report:    2.292ns delay rx to rx_MGIOL (1.697ns delay and 0.595ns setup)

   Name    Fanout   Delay (ns)          Site               Resource
PADI_DEL    ---     1.132         25.PAD to       25.PADDI rx
ROUTE         1     0.565       25.PADDI to    IOL_T15D.DI rx_c (to clk)
                  --------
                    1.697   (66.7% logic, 33.3% route), 1 logic levels.

Unconstrained Preference:
   INPUT_SETUP PORT "sd_miso" CLKNET "clk" 

Report:    2.292ns delay sd_miso to sd_miso_MGIOL (1.697ns delay and 0.595ns setup)

   Name    Fanout   Delay (ns)          Site               Resource
PADI_DEL    ---     1.132         28.PAD to       28.PADDI sd_miso
ROUTE         1     0.565       28.PADDI to    IOL_T12C.DI sd_miso_c (to clk)
                  --------
                    1.697   (66.7% logic, 33.3% route), 1 logic levels.

Unconstrained Preference:
   INPUT_SETUP PORT "gpio_miso" CLKNET "clk" 

Report:    2.111ns delay gpio_miso to gpio_miso_MGIOL (1.516ns delay and 0.595ns setup)

   Name    Fanout   Delay (ns)          Site               Resource
PADI_DEL    ---     1.132         10.PAD to       10.PADDI gpio_miso
ROUTE         1     0.384       10.PADDI to     IOL_B6D.DI gpio_miso_c (to clk)
                  --------
                    1.516   (74.7% logic, 25.3% route), 1 logic levels.


================================================================================
Preference: Unconstrained: CLOCK_TO_OUT
            18 unconstrained paths found
--------------------------------------------------------------------------------

Unconstrained Preference:
   CLOCK_TO_OUT PORT "sd_mosi" CLKNET "clk" 

Report:    7.144ns delay system/bus/byte_sd/SLICE_97 to sd_mosi

   Name    Fanout   Delay (ns)          Site               Resource
REG_DEL     ---     0.452     R3C14C.CLK to      R3C14C.Q1 system/bus/byte_sd/SLICE_97 (from clk)
ROUTE         1     1.079      R3C14C.Q1 to      R2C15A.C1 system/bus/byte_sd/tx_shift[7]
CTOF_DEL    ---     0.495      R2C15A.C1 to      R2C15A.F1 system/bus/byte_sd/SLICE_159
ROUTE         1     2.321      R2C15A.F1 to       21.PADDO sd_mosi_c
DOPAD_DEL   ---     2.797       21.PADDO to         21.PAD sd_mosi
                  --------
                    7.144   (52.4% logic, 47.6% route), 3 logic levels.

Unconstrained Preference:
   CLOCK_TO_OUT PORT "sd_mosi" CLKNET "clk" 

Report:    7.107ns delay system/bus/byte_sd/SLICE_87 to sd_mosi

   Name    Fanout   Delay (ns)          Site               Resource
REG_DEL     ---     0.452     R2C13C.CLK to      R2C13C.Q0 system/bus/byte_sd/SLICE_87 (from clk)
ROUTE        26     1.042      R2C13C.Q0 to      R2C15A.A1 system/bus/byte_sd/busy
CTOF_DEL    ---     0.495      R2C15A.A1 to      R2C15A.F1 system/bus/byte_sd/SLICE_159
ROUTE         1     2.321      R2C15A.F1 to       21.PADDO sd_mosi_c
DOPAD_DEL   ---     2.797       21.PADDO to         21.PAD sd_mosi
                  --------
                    7.107   (52.7% logic, 47.3% route), 3 logic levels.

Unconstrained Preference:
   CLOCK_TO_OUT PORT "gpio_key_row[3]" CLKNET "clk" 

Report:    7.102ns delay system/SLICE_238 to gpio_key_row[3]

   Name    Fanout   Delay (ns)          Site               Resource
REG_DEL     ---     0.452     R7C19D.CLK to      R7C19D.Q0 system/SLICE_238 (from clk)
ROUTE         4     2.470      R7C19D.Q0 to        1.PADDT system/host_miso_oe
TDTS_DEL    ---     4.180        1.PADDT to          1.PAD gpio_key_row[3]
                  --------
                    7.102   (65.2% logic, 34.8% route), 2 logic levels.

Unconstrained Preference:
   CLOCK_TO_OUT PORT "tx" CLKNET "clk" 

Report:    6.873ns delay system/bus/fixed_uart.console/SLICE_609 to tx

   Name    Fanout   Delay (ns)          Site               Resource
REG_DEL     ---     0.452     R4C20B.CLK to      R4C20B.Q0 system/bus/fixed_uart.console/SLICE_609 (from clk)
ROUTE         2     1.808      R4C20B.Q0 to      R3C17C.A1 system/bus/fixed_uart.console/tx_break
CTOF_DEL    ---     0.495      R3C17C.A1 to      R3C17C.F1 system/bus/fixed_uart.console/SLICE_126
ROUTE         1     1.321      R3C17C.F1 to       23.PADDO tx_c
DOPAD_DEL   ---     2.797       23.PADDO to         23.PAD tx
                  --------
                    6.873   (54.5% logic, 45.5% route), 3 logic levels.

Unconstrained Preference:
   CLOCK_TO_OUT PORT "tx" CLKNET "clk" 

Report:    6.854ns delay system/bus/fixed_uart.console/SLICE_113 to tx

   Name    Fanout   Delay (ns)          Site               Resource
REG_DEL     ---     0.452     R4C20D.CLK to      R4C20D.Q0 system/bus/fixed_uart.console/SLICE_113 (from clk)
ROUTE        20     1.789      R4C20D.Q0 to      R3C17C.C1 system/bus/fixed_uart.console/tx_busy
CTOF_DEL    ---     0.495      R3C17C.C1 to      R3C17C.F1 system/bus/fixed_uart.console/SLICE_126
ROUTE         1     1.321      R3C17C.F1 to       23.PADDO tx_c
DOPAD_DEL   ---     2.797       23.PADDO to         23.PAD tx
                  --------
                    6.854   (54.6% logic, 45.4% route), 3 logic levels.

Unconstrained Preference:
   CLOCK_TO_OUT PORT "gpio_ce" CLKNET "clk" 

Report:    6.810ns delay system/SLICE_71 to gpio_ce

   Name    Fanout   Delay (ns)          Site               Resource
REG_DEL     ---     0.452     R4C14A.CLK to      R4C14A.Q0 system/SLICE_71 (from clk)
ROUTE         3     3.561      R4C14A.Q0 to       14.PADDO gpio_ce_c
DOPAD_DEL   ---     2.797       14.PADDO to         14.PAD gpio_ce
                  --------
                    6.810   (47.7% logic, 52.3% route), 2 logic levels.

Unconstrained Preference:
   CLOCK_TO_OUT PORT "gpio_din" CLKNET "clk" 

Report:    6.804ns delay system/SLICE_73 to gpio_din

   Name    Fanout   Delay (ns)          Site               Resource
REG_DEL     ---     0.452     R3C16B.CLK to      R3C16B.Q0 system/SLICE_73 (from clk)
ROUTE         3     3.555      R3C16B.Q0 to       16.PADDO gpio_din_c
DOPAD_DEL   ---     2.797       16.PADDO to         16.PAD gpio_din
                  --------
                    6.804   (47.8% logic, 52.2% route), 2 logic levels.

Unconstrained Preference:
   CLOCK_TO_OUT PORT "gpio_rs" CLKNET "clk" 

Report:    6.326ns delay system/SLICE_76 to gpio_rs

   Name    Fanout   Delay (ns)          Site               Resource
REG_DEL     ---     0.452     R4C13B.CLK to      R4C13B.Q0 system/SLICE_76 (from clk)
ROUTE         3     3.077      R4C13B.Q0 to       11.PADDO gpio_rs_c
DOPAD_DEL   ---     2.797       11.PADDO to         11.PAD gpio_rs
                  --------
                    6.326   (51.4% logic, 48.6% route), 2 logic levels.

Unconstrained Preference:
   CLOCK_TO_OUT PORT "tx" CLKNET "clk" 

Report:    6.069ns delay system/bus/fixed_uart.console/SLICE_122 to tx

   Name    Fanout   Delay (ns)          Site               Resource
REG_DEL     ---     0.452     R3C17B.CLK to      R3C17B.Q0 system/bus/fixed_uart.console/SLICE_122 (from clk)
ROUTE         1     1.004      R3C17B.Q0 to      R3C17C.B1 system/bus/fixed_uart.console/tx_shift[0]
CTOF_DEL    ---     0.495      R3C17C.B1 to      R3C17C.F1 system/bus/fixed_uart.console/SLICE_126
ROUTE         1     1.321      R3C17C.F1 to       23.PADDO tx_c
DOPAD_DEL   ---     2.797       23.PADDO to         23.PAD tx
                  --------
                    6.069   (61.7% logic, 38.3% route), 3 logic levels.

Unconstrained Preference:
   CLOCK_TO_OUT PORT "gpio_msck" CLKNET "clk" 

Report:    6.002ns delay system/bus/guest_memory/SLICE_74 to gpio_msck

   Name    Fanout   Delay (ns)          Site               Resource
REG_DEL     ---     0.452    R10C21B.CLK to     R10C21B.Q0 system/bus/guest_memory/SLICE_74 (from clk)
ROUTE         5     2.753     R10C21B.Q0 to        9.PADDO gpio_msck_c
DOPAD_DEL   ---     2.797        9.PADDO to          9.PAD gpio_msck
                  --------
                    6.002   (54.1% logic, 45.9% route), 2 logic levels.

Unconstrained Preference:
   CLOCK_TO_OUT PORT "sd_cs_n" CLKNET "clk" 

Report:    5.599ns delay system/SLICE_79 to sd_cs_n

   Name    Fanout   Delay (ns)          Site               Resource
REG_DEL     ---     0.452    R10C13C.CLK to     R10C13C.Q0 system/SLICE_79 (from clk)
ROUTE         2     2.350     R10C13C.Q0 to        5.PADDO sd_cs_n_c
DOPAD_DEL   ---     2.797        5.PADDO to          5.PAD sd_cs_n
                  --------
                    5.599   (58.0% logic, 42.0% route), 2 logic levels.

Unconstrained Preference:
   CLOCK_TO_OUT PORT "gpio_key_row[3]" CLKNET "clk" 

Report:    5.513ns delay system/SLICE_77 to gpio_key_row[3]

   Name    Fanout   Delay (ns)          Site               Resource
REG_DEL     ---     0.452     R3C13B.CLK to      R3C13B.Q0 system/SLICE_77 (from clk)
ROUTE         3     2.264      R3C13B.Q0 to        1.PADDO host_miso
DOPAD_DEL   ---     2.797        1.PADDO to          1.PAD gpio_key_row[3]
                  --------
                    5.513   (58.9% logic, 41.1% route), 2 logic levels.

Unconstrained Preference:
   CLOCK_TO_OUT PORT "gpio_clk" CLKNET "clk" 

Report:    5.491ns delay system/SLICE_72 to gpio_clk

   Name    Fanout   Delay (ns)          Site               Resource
REG_DEL     ---     0.452     R8C16B.CLK to      R8C16B.Q0 system/SLICE_72 (from clk)
ROUTE         3     2.242      R8C16B.Q0 to       12.PADDO gpio_clk_c
DOPAD_DEL   ---     2.797       12.PADDO to         12.PAD gpio_clk
                  --------
                    5.491   (59.2% logic, 40.8% route), 2 logic levels.

Unconstrained Preference:
   CLOCK_TO_OUT PORT "sd_sck" CLKNET "clk" 

Report:    5.457ns delay system/bus/byte_sd/SLICE_80 to sd_sck

   Name    Fanout   Delay (ns)          Site               Resource
REG_DEL     ---     0.452     R2C16C.CLK to      R2C16C.Q0 system/bus/byte_sd/SLICE_80 (from clk)
ROUTE         5     2.208      R2C16C.Q0 to       27.PADDO sd_sck_c
DOPAD_DEL   ---     2.797       27.PADDO to         27.PAD sd_sck
                  --------
                    5.457   (59.5% logic, 40.5% route), 2 logic levels.

Unconstrained Preference:
   CLOCK_TO_OUT PORT "gpio_blank" CLKNET "clk" 

Report:    5.440ns delay system/SLICE_70 to gpio_blank

   Name    Fanout   Delay (ns)          Site               Resource
REG_DEL     ---     0.452     R8C16D.CLK to      R8C16D.Q0 system/SLICE_70 (from clk)
ROUTE         3     2.191      R8C16D.Q0 to       13.PADDO gpio_blank_c
DOPAD_DEL   ---     2.797       13.PADDO to         13.PAD gpio_blank
                  --------
                    5.440   (59.7% logic, 40.3% route), 2 logic levels.

Unconstrained Preference:
   CLOCK_TO_OUT PORT "gpio_reg_latch" CLKNET "clk" 

Report:    5.181ns delay system/SLICE_75 to gpio_reg_latch

   Name    Fanout   Delay (ns)          Site               Resource
REG_DEL     ---     0.452     R3C13C.CLK to      R3C13C.Q0 system/SLICE_75 (from clk)
ROUTE         3     1.932      R3C13C.Q0 to       20.PADDO gpio_reg_latch_c
DOPAD_DEL   ---     2.797       20.PADDO to         20.PAD gpio_reg_latch
                  --------
                    5.181   (62.7% logic, 37.3% route), 2 logic levels.

Unconstrained Preference:
   CLOCK_TO_OUT PORT "gpio_mcs" CLKNET "clk" 

Report:    3.407ns delay gpio_mcs_MGIOL to gpio_mcs

   Name    Fanout   Delay (ns)          Site               Resource
C2OUT_DEL   ---     0.567    IOL_B4C.CLK to  IOL_B4C.IOLDO gpio_mcs_MGIOL (from clk)
ROUTE         1     0.043  IOL_B4C.IOLDO to        8.IOLDO gpio_mcs_c
OP0PAD_DEL  ---     2.797        8.IOLDO to          8.PAD gpio_mcs
                  --------
                    3.407   (98.7% logic, 1.3% route), 2 logic levels.

Unconstrained Preference:
   CLOCK_TO_OUT PORT "gpio_mosi" CLKNET "clk" 

Report:    3.407ns delay gpio_mosi_MGIOL to gpio_mosi

   Name    Fanout   Delay (ns)          Site               Resource
C2OUT_DEL   ---     0.567   IOL_B20D.CLK to IOL_B20D.IOLDO gpio_mosi_MGIOL (from clk)
ROUTE         1     0.043 IOL_B20D.IOLDO to       17.IOLDO gpio_mosi_c
OP0PAD_DEL  ---     2.797       17.IOLDO to         17.PAD gpio_mosi
                  --------
                    3.407   (98.7% logic, 1.3% route), 2 logic levels.


================================================================================
Preference: Unconstrained: MAXDELAY
            0 unconstrained paths found
--------------------------------------------------------------------------------

Report Summary
--------------
----------------------------------------------------------------------------
Preference                              |   Constraint|       Actual|Levels
----------------------------------------------------------------------------
                                        |             |             |
FREQUENCY NET "clk" 29.560000 MHz ;     |   29.560 MHz|   32.366 MHz|  16  
                                        |             |             |
----------------------------------------------------------------------------


All preferences were met.


Clock Domains Analysis
------------------------

Found 1 clocks:

Clock Domain: clk   Source: oscillator.OSC   Loads: 237
   Covered under: FREQUENCY NET "clk" 29.560000 MHz ;


--------------------------------------------------------------------------------
                Connections not covered by the preferences
--------------------------------------------------------------------------------

     Delay                        Element                 Net

    3.532ns pio_key_row[0].PADDI to tem/bus/SLICE_401.A1 gpio_key_row_in[0]
    0.565ns        sd_miso.PADDI to     sd_miso_MGIOL.DI sd_miso_c
    0.565ns             rx.PADDI to          rx_MGIOL.DI rx_c
    2.898ns pio_key_row[3].PADDI to tem/bus/SLICE_405.D0 gpio_key_row_in[3]
    4.730ns pio_key_row[3].PADDI to tem/bus/SLICE_406.B0 gpio_key_row_in[3]
    2.994ns pio_key_row[2].PADDI to tem/bus/SLICE_391.C1 gpio_key_row_in[2]
    4.541ns pio_key_row[2].PADDI to tem/bus/SLICE_407.A0 gpio_key_row_in[2]
    2.817ns pio_key_row[1].PADDI to tem/bus/SLICE_640.B1 gpio_key_row_in[1]
    0.384ns      gpio_miso.PADDI to   gpio_miso_MGIOL.DI gpio_miso_c
    3.098ns            res.PADDI to        SLICE_312.LSR res_c

--------------------------------------------------------------------------------


Timing summary (Setup):
---------------

Timing errors: 0  Score: 0
Cumulative negative slack: 0

Constraints cover 3072336 paths, 1 nets, and 5483 connections (99.82% coverage)

--------------------------------------------------------------------------------
Lattice TRACE Report - Hold, Version Diamond (64-bit) 3.14.0.75.2
Wed Sep  9 23:31:55 2026

Copyright (c) 1991-1994 by NeoCAD Inc. All rights reserved.
Copyright (c) 1995 AT&T Corp.   All rights reserved.
Copyright (c) 1995-2001 Lucent Technologies Inc.  All rights reserved.
Copyright (c) 2001 Agere Systems   All rights reserved.
Copyright (c) 2002-2024 Lattice Semiconductor Corporation,  All rights reserved.

Report Information
------------------
Command line:    trce -v 10 -c -u 0 -gt -sethld -sp 4 -sphld m -o cp28h_impl1.twr cp28h_impl1.ncd cp28h_impl1.prf 
Design file:     cp28h_impl1.ncd
Preference file: cp28h_impl1.prf
Device,speed:    LCMXO2-1200HC,m
Report level:    verbose report, limited to 10 items per preference
--------------------------------------------------------------------------------

BLOCK ASYNCPATHS
BLOCK RESETPATHS
--------------------------------------------------------------------------------



================================================================================
Preference: FREQUENCY NET "clk" 29.560000 MHz ;
            4096 items scored, 0 timing errors detected.
--------------------------------------------------------------------------------


Passed: The following path meets requirements by 0.292ns

 Logical Details:  Cell type  Pin type       Cell/ASIC name  (clock net +/-)

   Source:         Sync_RAM   Q              system/cpu/engine/dp/rf/words_ram/RAM0  (from clk +)
   Destination:    FF         Data in        system/bus/boot_release_armed  (to clk +)

   Delay:               0.279ns  (98.9% logic, 1.1% route), 1 logic levels.

 Constraint Details:

      0.279ns physical path delay system/SLICE_50 to system/SLICE_50 meets
     -0.013ns DIN_HLD and
      0.000ns delay constraint less
      0.000ns skew requirement (totaling -0.013ns) by 0.292ns

 Physical Path Details:

      Data path system/SLICE_50 to system/SLICE_50:

   Name    Fanout   Delay (ns)          Site               Resource
CLKTOF_DEL  ---     0.276      R7C7A.WCK to       R7C7A.F1 system/SLICE_50 (from clk)
ROUTE        39     0.003       R7C7A.F1 to      R7C7A.DI1 system/address[1] (to clk)
                  --------
                    0.279   (98.9% logic, 1.1% route), 1 logic levels.

 Clock Skew Details: 

      Source Clock Path oscillator to system/SLICE_50:

   Name    Fanout   Delay (ns)          Site               Resource
ROUTE       237     1.216        OSC.OSC to      R7C7A.WCK clk
                  --------
                    1.216   (0.0% logic, 100.0% route), 0 logic levels.

      Destination Clock Path oscillator to system/SLICE_50:

   Name    Fanout   Delay (ns)          Site               Resource
ROUTE       237     1.216        OSC.OSC to      R7C7A.CLK clk
                  --------
                    1.216   (0.0% logic, 100.0% route), 0 logic levels.


Passed: The following path meets requirements by 0.304ns

 Logical Details:  Cell type  Pin type       Cell/ASIC name  (clock net +/-)

   Source:         FF         Q              reset_sync[1]  (from clk +)
   Destination:    FF         Data in        reset_sync[0]  (to clk +)

   Delay:               0.285ns  (46.7% logic, 53.3% route), 1 logic levels.

 Constraint Details:

      0.285ns physical path delay SLICE_312 to SLICE_312 meets
     -0.019ns M_HLD and
      0.000ns delay constraint less
      0.000ns skew requirement (totaling -0.019ns) by 0.304ns

 Physical Path Details:

      Data path SLICE_312 to SLICE_312:

   Name    Fanout   Delay (ns)          Site               Resource
REG_DEL     ---     0.133     R7C14D.CLK to      R7C14D.Q1 SLICE_312 (from clk)
ROUTE         1     0.152      R7C14D.Q1 to      R7C14D.M0 reset_sync[1] (to clk)
                  --------
                    0.285   (46.7% logic, 53.3% route), 1 logic levels.

 Clock Skew Details: 

      Source Clock Path oscillator to SLICE_312:

   Name    Fanout   Delay (ns)          Site               Resource
ROUTE       237     1.216        OSC.OSC to     R7C14D.CLK clk
                  --------
                    1.216   (0.0% logic, 100.0% route), 0 logic levels.

      Destination Clock Path oscillator to SLICE_312:

   Name    Fanout   Delay (ns)          Site               Resource
ROUTE       237     1.216        OSC.OSC to     R7C14D.CLK clk
                  --------
                    1.216   (0.0% logic, 100.0% route), 0 logic levels.


Passed: The following path meets requirements by 0.304ns

 Logical Details:  Cell type  Pin type       Cell/ASIC name  (clock net +/-)

   Source:         FF         Q              system/bus/fixed_uart.console/cts_sync[0]  (from clk +)
   Destination:    FF         Data in        system/bus/fixed_uart.console/cts_sync[1]  (to clk +)

   Delay:               0.285ns  (46.7% logic, 53.3% route), 1 logic levels.

 Constraint Details:

      0.285ns physical path delay system/bus/fixed_uart.console/SLICE_98 to system/bus/fixed_uart.console/SLICE_98 meets
     -0.019ns M_HLD and
      0.000ns delay constraint less
      0.000ns skew requirement (totaling -0.019ns) by 0.304ns

 Physical Path Details:

      Data path system/bus/fixed_uart.console/SLICE_98 to system/bus/fixed_uart.console/SLICE_98:

   Name    Fanout   Delay (ns)          Site               Resource
REG_DEL     ---     0.133     R5C21B.CLK to      R5C21B.Q0 system/bus/fixed_uart.console/SLICE_98 (from clk)
ROUTE         1     0.152      R5C21B.Q0 to      R5C21B.M1 system/bus/fixed_uart.console/cts_sync[0] (to clk)
                  --------
                    0.285   (46.7% logic, 53.3% route), 1 logic levels.

 Clock Skew Details: 

      Source Clock Path oscillator to system/bus/fixed_uart.console/SLICE_98:

   Name    Fanout   Delay (ns)          Site               Resource
ROUTE       237     1.216        OSC.OSC to     R5C21B.CLK clk
                  --------
                    1.216   (0.0% logic, 100.0% route), 0 logic levels.

      Destination Clock Path oscillator to system/bus/fixed_uart.console/SLICE_98:

   Name    Fanout   Delay (ns)          Site               Resource
ROUTE       237     1.216        OSC.OSC to     R5C21B.CLK clk
                  --------
                    1.216   (0.0% logic, 100.0% route), 0 logic levels.


Passed: The following path meets requirements by 0.306ns

 Logical Details:  Cell type  Pin type       Cell/ASIC name  (clock net +/-)

   Source:         FF         Q              system/bus/fixed_uart.console/rx_shift[3]  (from clk +)
   Destination:    FF         Data in        system/bus/fixed_uart.console/rx_shift[2]  (to clk +)

   Delay:               0.287ns  (46.3% logic, 53.7% route), 1 logic levels.

 Constraint Details:

      0.287ns physical path delay system/bus/fixed_uart.console/SLICE_347 to system/bus/fixed_uart.console/SLICE_347 meets
     -0.019ns M_HLD and
      0.000ns delay constraint less
      0.000ns skew requirement (totaling -0.019ns) by 0.306ns

 Physical Path Details:

      Data path system/bus/fixed_uart.console/SLICE_347 to system/bus/fixed_uart.console/SLICE_347:

   Name    Fanout   Delay (ns)          Site               Resource
REG_DEL     ---     0.133     R4C21A.CLK to      R4C21A.Q1 system/bus/fixed_uart.console/SLICE_347 (from clk)
ROUTE         2     0.154      R4C21A.Q1 to      R4C21A.M0 system/bus/fixed_uart.console/rx_shift[3] (to clk)
                  --------
                    0.287   (46.3% logic, 53.7% route), 1 logic levels.

 Clock Skew Details: 

      Source Clock Path oscillator to system/bus/fixed_uart.console/SLICE_347:

   Name    Fanout   Delay (ns)          Site               Resource
ROUTE       237     1.216        OSC.OSC to     R4C21A.CLK clk
                  --------
                    1.216   (0.0% logic, 100.0% route), 0 logic levels.

      Destination Clock Path oscillator to system/bus/fixed_uart.console/SLICE_347:

   Name    Fanout   Delay (ns)          Site               Resource
ROUTE       237     1.216        OSC.OSC to     R4C21A.CLK clk
                  --------
                    1.216   (0.0% logic, 100.0% route), 0 logic levels.


Passed: The following path meets requirements by 0.306ns

 Logical Details:  Cell type  Pin type       Cell/ASIC name  (clock net +/-)

   Source:         FF         Q              system/bus/guest_memory/rx[5]  (from clk +)
   Destination:    FF         Data in        system/bus/guest_memory/rx[6]  (to clk +)

   Delay:               0.287ns  (46.3% logic, 53.7% route), 1 logic levels.

 Constraint Details:

      0.287ns physical path delay system/bus/guest_memory/SLICE_611 to system/bus/guest_memory/SLICE_611 meets
     -0.019ns M_HLD and
      0.000ns delay constraint less
      0.000ns skew requirement (totaling -0.019ns) by 0.306ns

 Physical Path Details:

      Data path system/bus/guest_memory/SLICE_611 to system/bus/guest_memory/SLICE_611:

   Name    Fanout   Delay (ns)          Site               Resource
REG_DEL     ---     0.133     R8C21C.CLK to      R8C21C.Q0 system/bus/guest_memory/SLICE_611 (from clk)
ROUTE         3     0.154      R8C21C.Q0 to      R8C21C.M1 system/bus/guest_memory/rx[5] (to clk)
                  --------
                    0.287   (46.3% logic, 53.7% route), 1 logic levels.

 Clock Skew Details: 

      Source Clock Path oscillator to system/bus/guest_memory/SLICE_611:

   Name    Fanout   Delay (ns)          Site               Resource
ROUTE       237     1.216        OSC.OSC to     R8C21C.CLK clk
                  --------
                    1.216   (0.0% logic, 100.0% route), 0 logic levels.

      Destination Clock Path oscillator to system/bus/guest_memory/SLICE_611:

   Name    Fanout   Delay (ns)          Site               Resource
ROUTE       237     1.216        OSC.OSC to     R8C21C.CLK clk
                  --------
                    1.216   (0.0% logic, 100.0% route), 0 logic levels.


Passed: The following path meets requirements by 0.306ns

 Logical Details:  Cell type  Pin type       Cell/ASIC name  (clock net +/-)

   Source:         FF         Q              system/bus/byte_sd/rx_shift[5]  (from clk +)
   Destination:    FF         Data in        system/bus/byte_sd/rx_shift[6]  (to clk +)

   Delay:               0.287ns  (46.3% logic, 53.7% route), 1 logic levels.

 Constraint Details:

      0.287ns physical path delay system/bus/SLICE_345 to system/bus/SLICE_345 meets
     -0.019ns M_HLD and
      0.000ns delay constraint less
      0.000ns skew requirement (totaling -0.019ns) by 0.306ns

 Physical Path Details:

      Data path system/bus/SLICE_345 to system/bus/SLICE_345:

   Name    Fanout   Delay (ns)          Site               Resource
REG_DEL     ---     0.133     R2C17B.CLK to      R2C17B.Q0 system/bus/SLICE_345 (from clk)
ROUTE         2     0.154      R2C17B.Q0 to      R2C17B.M1 system/bus/byte_sd/rdata_8[5] (to clk)
                  --------
                    0.287   (46.3% logic, 53.7% route), 1 logic levels.

 Clock Skew Details: 

      Source Clock Path oscillator to system/bus/SLICE_345:

   Name    Fanout   Delay (ns)          Site               Resource
ROUTE       237     1.216        OSC.OSC to     R2C17B.CLK clk
                  --------
                    1.216   (0.0% logic, 100.0% route), 0 logic levels.

      Destination Clock Path oscillator to system/bus/SLICE_345:

   Name    Fanout   Delay (ns)          Site               Resource
ROUTE       237     1.216        OSC.OSC to     R2C17B.CLK clk
                  --------
                    1.216   (0.0% logic, 100.0% route), 0 logic levels.


Passed: The following path meets requirements by 0.306ns

 Logical Details:  Cell type  Pin type       Cell/ASIC name  (clock net +/-)

   Source:         FF         Q              system/bus/byte_sd/rx_shift[3]  (from clk +)
   Destination:    FF         Data in        system/bus/byte_sd/rx_shift[4]  (to clk +)

   Delay:               0.287ns  (46.3% logic, 53.7% route), 1 logic levels.

 Constraint Details:

      0.287ns physical path delay system/SLICE_342 to system/SLICE_342 meets
     -0.019ns M_HLD and
      0.000ns delay constraint less
      0.000ns skew requirement (totaling -0.019ns) by 0.306ns

 Physical Path Details:

      Data path system/SLICE_342 to system/SLICE_342:

   Name    Fanout   Delay (ns)          Site               Resource
REG_DEL     ---     0.133     R2C17D.CLK to      R2C17D.Q0 system/SLICE_342 (from clk)
ROUTE         2     0.154      R2C17D.Q0 to      R2C17D.M1 system/bus/byte_sd/rdata_8[3] (to clk)
                  --------
                    0.287   (46.3% logic, 53.7% route), 1 logic levels.

 Clock Skew Details: 

      Source Clock Path oscillator to system/SLICE_342:

   Name    Fanout   Delay (ns)          Site               Resource
ROUTE       237     1.216        OSC.OSC to     R2C17D.CLK clk
                  --------
                    1.216   (0.0% logic, 100.0% route), 0 logic levels.

      Destination Clock Path oscillator to system/SLICE_342:

   Name    Fanout   Delay (ns)          Site               Resource
ROUTE       237     1.216        OSC.OSC to     R2C17D.CLK clk
                  --------
                    1.216   (0.0% logic, 100.0% route), 0 logic levels.


Passed: The following path meets requirements by 0.306ns

 Logical Details:  Cell type  Pin type       Cell/ASIC name  (clock net +/-)

   Source:         FF         Q              system/bus/fixed_uart.console/rx_shift[1]  (from clk +)
   Destination:    FF         Data in        system/bus/fixed_uart.console/rx_shift[0]  (to clk +)

   Delay:               0.287ns  (46.3% logic, 53.7% route), 1 logic levels.

 Constraint Details:

      0.287ns physical path delay system/bus/fixed_uart.console/SLICE_346 to system/bus/fixed_uart.console/SLICE_346 meets
     -0.019ns M_HLD and
      0.000ns delay constraint less
      0.000ns skew requirement (totaling -0.019ns) by 0.306ns

 Physical Path Details:

      Data path system/bus/fixed_uart.console/SLICE_346 to system/bus/fixed_uart.console/SLICE_346:

   Name    Fanout   Delay (ns)          Site               Resource
REG_DEL     ---     0.133     R5C21D.CLK to      R5C21D.Q1 system/bus/fixed_uart.console/SLICE_346 (from clk)
ROUTE         2     0.154      R5C21D.Q1 to      R5C21D.M0 system/bus/fixed_uart.console/rx_shift[1] (to clk)
                  --------
                    0.287   (46.3% logic, 53.7% route), 1 logic levels.

 Clock Skew Details: 

      Source Clock Path oscillator to system/bus/fixed_uart.console/SLICE_346:

   Name    Fanout   Delay (ns)          Site               Resource
ROUTE       237     1.216        OSC.OSC to     R5C21D.CLK clk
                  --------
                    1.216   (0.0% logic, 100.0% route), 0 logic levels.

      Destination Clock Path oscillator to system/bus/fixed_uart.console/SLICE_346:

   Name    Fanout   Delay (ns)          Site               Resource
ROUTE       237     1.216        OSC.OSC to     R5C21D.CLK clk
                  --------
                    1.216   (0.0% logic, 100.0% route), 0 logic levels.


Passed: The following path meets requirements by 0.306ns

 Logical Details:  Cell type  Pin type       Cell/ASIC name  (clock net +/-)

   Source:         FF         Q              system/bus/byte_sd/rx_shift[7]  (from clk +)
   Destination:    FF         Data in        system/bus/byte_sd/rdata_1[7]  (to clk +)

   Delay:               0.287ns  (46.3% logic, 53.7% route), 1 logic levels.

 Constraint Details:

      0.287ns physical path delay system/bus/SLICE_607 to system/bus/byte_sd/SLICE_299 meets
     -0.019ns M_HLD and
      0.000ns delay constraint less
      0.000ns skew requirement (totaling -0.019ns) by 0.306ns

 Physical Path Details:

      Data path system/bus/SLICE_607 to system/bus/byte_sd/SLICE_299:

   Name    Fanout   Delay (ns)          Site               Resource
REG_DEL     ---     0.133     R2C17A.CLK to      R2C17A.Q0 system/bus/SLICE_607 (from clk)
ROUTE         1     0.154      R2C17A.Q0 to      R2C16A.M1 system/bus/byte_sd/rdata_8[7] (to clk)
                  --------
                    0.287   (46.3% logic, 53.7% route), 1 logic levels.

 Clock Skew Details: 

      Source Clock Path oscillator to system/bus/SLICE_607:

   Name    Fanout   Delay (ns)          Site               Resource
ROUTE       237     1.216        OSC.OSC to     R2C17A.CLK clk
                  --------
                    1.216   (0.0% logic, 100.0% route), 0 logic levels.

      Destination Clock Path oscillator to system/bus/byte_sd/SLICE_299:

   Name    Fanout   Delay (ns)          Site               Resource
ROUTE       237     1.216        OSC.OSC to     R2C16A.CLK clk
                  --------
                    1.216   (0.0% logic, 100.0% route), 0 logic levels.


Passed: The following path meets requirements by 0.306ns

 Logical Details:  Cell type  Pin type       Cell/ASIC name  (clock net +/-)

   Source:         FF         Q              system/bus/byte_sd/rx_shift[6]  (from clk +)
   Destination:    FF         Data in        system/bus/byte_sd/rx_shift[7]  (to clk +)

   Delay:               0.287ns  (46.3% logic, 53.7% route), 1 logic levels.

 Constraint Details:

      0.287ns physical path delay system/bus/SLICE_345 to system/bus/SLICE_607 meets
     -0.019ns M_HLD and
      0.000ns delay constraint less
      0.000ns skew requirement (totaling -0.019ns) by 0.306ns

 Physical Path Details:

      Data path system/bus/SLICE_345 to system/bus/SLICE_607:

   Name    Fanout   Delay (ns)          Site               Resource
REG_DEL     ---     0.133     R2C17B.CLK to      R2C17B.Q1 system/bus/SLICE_345 (from clk)
ROUTE         2     0.154      R2C17B.Q1 to      R2C17A.M0 system/bus/byte_sd/rdata_8[6] (to clk)
                  --------
                    0.287   (46.3% logic, 53.7% route), 1 logic levels.

 Clock Skew Details: 

      Source Clock Path oscillator to system/bus/SLICE_345:

   Name    Fanout   Delay (ns)          Site               Resource
ROUTE       237     1.216        OSC.OSC to     R2C17B.CLK clk
                  --------
                    1.216   (0.0% logic, 100.0% route), 0 logic levels.

      Destination Clock Path oscillator to system/bus/SLICE_607:

   Name    Fanout   Delay (ns)          Site               Resource
ROUTE       237     1.216        OSC.OSC to     R2C17A.CLK clk
                  --------
                    1.216   (0.0% logic, 100.0% route), 0 logic levels.

Report Summary
--------------
----------------------------------------------------------------------------
Preference(MIN Delays)                  |   Constraint|       Actual|Levels
----------------------------------------------------------------------------
                                        |             |             |
FREQUENCY NET "clk" 29.560000 MHz ;     |     0.000 ns|     0.292 ns|   1  
                                        |             |             |
----------------------------------------------------------------------------


All preferences were met.


Clock Domains Analysis
------------------------

Found 1 clocks:

Clock Domain: clk   Source: oscillator.OSC   Loads: 237
   Covered under: FREQUENCY NET "clk" 29.560000 MHz ;


--------------------------------------------------------------------------------
                Connections not covered by the preferences
--------------------------------------------------------------------------------

     Delay                        Element                 Net

    1.189ns pio_key_row[0].PADDI to tem/bus/SLICE_401.A1 gpio_key_row_in[0]
    0.177ns        sd_miso.PADDI to     sd_miso_MGIOL.DI sd_miso_c
    0.177ns             rx.PADDI to          rx_MGIOL.DI rx_c
    0.919ns pio_key_row[3].PADDI to tem/bus/SLICE_405.D0 gpio_key_row_in[3]
    1.528ns pio_key_row[3].PADDI to tem/bus/SLICE_406.B0 gpio_key_row_in[3]
    0.980ns pio_key_row[2].PADDI to tem/bus/SLICE_391.C1 gpio_key_row_in[2]
    1.522ns pio_key_row[2].PADDI to tem/bus/SLICE_407.A0 gpio_key_row_in[2]
    0.893ns pio_key_row[1].PADDI to tem/bus/SLICE_640.B1 gpio_key_row_in[1]
    0.127ns      gpio_miso.PADDI to   gpio_miso_MGIOL.DI gpio_miso_c
    1.041ns            res.PADDI to        SLICE_312.LSR res_c

--------------------------------------------------------------------------------


Timing summary (Hold):
---------------

Timing errors: 0  Score: 0
Cumulative negative slack: 0

Constraints cover 3072336 paths, 1 nets, and 5483 connections (99.82% coverage)



Timing summary (Setup and Hold):
---------------

Timing errors: 0 (setup), 0 (hold)
Score: 0 (setup), 0 (hold)
Cumulative negative slack: 0 (0+0)
--------------------------------------------------------------------------------

--------------------------------------------------------------------------------

