KEY start 18 cycles1309349 last177777
KEY done 18 cycles1688494 last177777
KEY start 18 cycles1688494 last177777
KEY done 18 cycles2064669 last177777
KEY start 18 cycles2064669 last177777
KEY done 18 cycles2440811 last177777
KEY start 18 cycles2440811 last177777
KEY done 18 cycles2816929 last177777
KEY start 18 cycles2816929 last177777
KEY done 18 cycles3193137 last177777
KEY start 18 cycles3193137 last177777
KEY done 18 cycles3569201 last177777
KEY start 18 cycles3569201 last177777
KEY done 18 cycles3945373 last177777
KEY start 18 cycles3945373 last177777
KEY done 18 cycles4327856 last177777
KEY start 18 cycles4327856 last177777
KEY done 18 cycles4704059 last177777
KEY start 17 cycles4704059 last177777
KEY done 17 cycles5086514 last177777
KEY start 10 cycles5086514 last177777
KEY done 10 cycles5473539 last177777
KEY start 18 cycles5750402 last177777
KEY done 18 cycles6141059 last177777
KEY start 18 cycles6141059 last177777
KEY done 18 cycles6532570 last177777
KEY start 18 cycles6532570 last177777
KEY done 18 cycles6930800 last177777
KEY start 17 cycles6930800 last177777
KEY done 17 cycles7321994 last177777
KEY start 17 cycles7321994 last177777
KEY done 17 cycles7702354 last177777
KEY start 17 cycles7702354 last177777
KEY done 17 cycles8099474 last177777
AUTO scan timing: initial 2791204 clocks, interior 502568 clocks, two trips 49388583 clocks
KEY start 15 cycles75290614 last177777
KEY done 15 cycles75705128 last177777
KEY start 11 cycles75705128 last177777
KEY done 11 cycles75934269 last177777
KEY start 8 cycles75934269 last177777
KEY done 8 cycles76163216 last177777
KEY start 9 cycles76163216 last177777
KEY done 9 cycles76392151 last177777
KEY start 15 cycles76392151 last177777
KEY done 15 cycles76620978 last177777
KEY start 10 cycles76620978 last177777
KEY done 10 cycles76849802 last177777
KEY start 12 cycles77222829 last177777
KEY done 12 cycles77451856 last177777
KEY start 1 cycles77451856 last177777
KEY done 1 cycles77681434 last177777
KEY start 4 cycles77681434 last177777
KEY done 4 cycles77911027 last177777
KEY start 3 cycles77911027 last177777
KEY done 3 cycles78140575 last177777
KEY start 0 cycles78140575 last177777
KEY done 0 cycles78370093 last177777
KEY start 4 cycles78370093 last177777
KEY done 4 cycles78599656 last177777
KEY start 2 cycles78599656 last177777
KEY done 2 cycles78829174 last177777
KEY start 19 cycles78829174 last177777
KEY done 19 cycles79229668 last177777
KEY start 13 cycles99725582 last177777
KEY done 13 cycles99955985 last177777
KEY start 3 cycles99955985 last177777
KEY done 3 cycles100185575 last177777
KEY start 0 cycles100185575 last177777
KEY done 0 cycles100415135 last177777
KEY start 0 cycles100415135 last177777
KEY done 0 cycles100644695 last177777
KEY start 0 cycles100644695 last177777
KEY done 0 cycles100874255 last177777
KEY start 6 cycles100874255 last177777
KEY done 6 cycles101103863 last177777
KEY start 16 cycles102030676 last177777
KEY done 16 cycles102251133 last177777
KEY start 18 cycles102251133 last177777
KEY done 18 cycles102473141 last177777
KEY start 18 cycles102473141 last177777
KEY done 18 cycles102695137 last177777
KEY start 18 cycles102695137 last177777
KEY done 18 cycles102914246 last177777
KEY start 18 cycles102914246 last177777
KEY done 18 cycles103134588 last177777
KEY start 18 cycles103134588 last177777
KEY done 18 cycles103355545 last177777
KEY start 18 cycles103355545 last177777
KEY done 18 cycles103575548 last177777
KEY start 18 cycles103575548 last177777
KEY done 18 cycles103796196 last177777
KEY start 18 cycles103796196 last177777
KEY done 18 cycles104018186 last177777
KEY start 19 cycles104018186 last177777
KEY done 19 cycles104237531 last177777
KEY start 3 cycles104237531 last177777
KEY done 3 cycles104467121 last177777
KEY start 0 cycles104467121 last177777
KEY done 0 cycles104696681 last177777
KEY start 0 cycles104696681 last177777
KEY done 0 cycles104926241 last177777
KEY start 0 cycles104926241 last177777
KEY done 0 cycles105155801 last177777
KEY start 4 cycles105155801 last177777
KEY done 4 cycles105385406 last177777
KEY start 19 cycles105385406 last177777
KEY done 19 cycles105767075 last177777
KEY start 16 cycles105767075 last177777
KEY done 16 cycles105988853 last177777
KEY start 18 cycles105988853 last177777
KEY done 18 cycles106211343 last177777
KEY start 18 cycles106211343 last177777
KEY done 18 cycles106433583 last177777
KEY start 19 cycles106433583 last177777
KEY done 19 cycles106807340 last177777
KEY start 16 cycles106807340 last177777
KEY done 16 cycles107029368 last177777
KEY start 17 cycles107029368 last177777
KEY done 17 cycles107251806 last177777
KEY start 19 cycles107251806 last177777
KEY done 19 cycles107471205 last177777
KEY start 3 cycles107471205 last177777
KEY done 3 cycles107700795 last177777
KEY start 0 cycles107700795 last177777
KEY done 0 cycles107930355 last177777
KEY start 0 cycles107930355 last177777
KEY done 0 cycles108159915 last177777
KEY start 0 cycles108159915 last177777
KEY done 0 cycles108389475 last177777
KEY start 4 cycles108389475 last177777
KEY done 4 cycles108619080 last177777
KEY start 19 cycles108619080 last177777
KEY done 19 cycles108998658 last177777
KEY start 16 cycles109244535 last177777
KEY done 16 cycles109476793 last177777
KEY start 18 cycles109476793 last177777
KEY done 18 cycles109699033 last177777
KEY start 18 cycles109699033 last177777
KEY done 18 cycles109921318 last177777
KEY start 19 cycles109921318 last177777
KEY done 19 cycles110297014 last177777
KEY start 16 cycles111103341 last177777
KEY done 16 cycles111335394 last177777
KEY start 18 cycles111335394 last177777
KEY done 18 cycles111557345 last177777
KEY start 19 cycles111557345 last177777
KEY done 19 cycles111776690 last177777
KEY start 3 cycles111776690 last177777
KEY done 3 cycles112006280 last177777
KEY start 0 cycles112006280 last177777
KEY done 0 cycles112235840 last177777
KEY start 0 cycles112235840 last177777
KEY done 0 cycles112465400 last177777
KEY start 0 cycles112465400 last177777
KEY done 0 cycles112694960 last177777
KEY start 6 cycles112694960 last177777
KEY done 6 cycles112924568 last177777
KEY start 19 cycles112924568 last177777
KEY done 19 cycles113865395 last177777
KEY start 16 cycles113865395 last177777
KEY done 16 cycles114087134 last177777
KEY start 18 cycles114087134 last177777
KEY done 18 cycles114308606 last177777
KEY start 18 cycles114308606 last177777
KEY done 18 cycles114529288 last177777
KEY start 17 cycles114529288 last177777
KEY done 17 cycles114750732 last177777
KEY start 19 cycles114750732 last177777
KEY done 19 cycles115139386 last177777
KEY start 18 cycles115639386 last177777
KEY done 18 cycles116031989 last177777
KEY start 19 cycles116031989 last177777
KEY done 19 cycles116420649 last177777
KEY start 18 cycles116420649 last177777
KEY done 18 cycles116809254 last177777
KEY start 18 cycles116809254 last177777
KEY done 18 cycles117197859 last177777
KEY start 18 cycles117197859 last177777
KEY done 18 cycles117586482 last177777
KEY start 18 cycles117586482 last177777
KEY done 18 cycles117967866 last177777
KEY start 18 cycles117967866 last177777
KEY done 18 cycles118346496 last177777
KEY start 18 cycles118346496 last177777
KEY done 18 cycles118725139 last177777
KEY start 18 cycles118725139 last177777
KEY done 18 cycles119113757 last177777
KEY start 17 cycles119113757 last177777
KEY done 17 cycles119492372 last177777
KEY start 10 cycles139544273 last177777
KEY done 10 cycles139930342 last177777
PASS CP77: 3324 checks 116 windows 139930342 clocks
- /Users/sash/Work/PROJECTS/k1801vm1/uJ11-fpga/build/cp77-panel/cp66_panel.vh:218: Verilog $finish
PASS CP64 monitor: 3324 checks 179 commands 139930342 clocks
- build/cp77-panel/tb.v:151: Verilog $finish
- S i m u l a t i o n   R e p o r t: Verilator 5.050 2026-07-01
- Verilator: $finish at 1s; walltime 68.316 s; speed 20.483 ms/s
- Verilator: cpu 68.296 s on 1 threads; allocated 3 MB
