
Loading design for application trce from file cp58b_impl1.ncd.
Design name: uj11_hc1200_microcomp
NCD version: 3.3
Vendor:      LATTICE
Device:      LCMXO2-1200HC
Package:     QFN32
Performance: 4
Loading device for application trce from file 'xo2c1200.nph' in environment: /home/sash/.local/lscc/diamond/3.14/ispfpga.
Package Status:                     Final          Version 1.44.
Performance Hardware Data Status:   Final          Version 36.4.
Setup and Hold Report

--------------------------------------------------------------------------------
Lattice TRACE Report - Setup, Version Diamond (64-bit) 3.14.0.75.2
Sat Sep 12 14:14:15 2026

Copyright (c) 1991-1994 by NeoCAD Inc. All rights reserved.
Copyright (c) 1995 AT&T Corp.   All rights reserved.
Copyright (c) 1995-2001 Lucent Technologies Inc.  All rights reserved.
Copyright (c) 2001 Agere Systems   All rights reserved.
Copyright (c) 2002-2024 Lattice Semiconductor Corporation,  All rights reserved.

Report Information
------------------
Command line:    trce -v 10 -c -u 0 -gt -sethld -sp 4 -sphld m -o cp58b_impl1.twr cp58b_impl1.ncd cp58b_impl1.prf 
Design file:     cp58b_impl1.ncd
Preference file: cp58b_impl1.prf
Device,speed:    LCMXO2-1200HC,4
Report level:    verbose report, limited to 10 items per preference
--------------------------------------------------------------------------------

BLOCK ASYNCPATHS
BLOCK RESETPATHS
--------------------------------------------------------------------------------



================================================================================
Preference: FREQUENCY NET "clk" 29.560000 MHz ;
            4096 items scored, 0 timing errors detected.
--------------------------------------------------------------------------------


Passed: The following path meets requirements by 1.177ns

 Logical Details:  Cell type  Pin type       Cell/ASIC name  (clock net +/-)

   Source:         DP8KC      Port           system/cpu/engine/rom/lane_2(ASIC)  (from clk +)
   Destination:    DP8KC      Port           system/cpu/engine/rom/lane_1(ASIC)  (to clk +)

   Delay:              32.678ns  (40.2% logic, 59.8% route), 17 logic levels.

 Constraint Details:

     32.678ns physical path delay system/cpu/engine/rom/lane_2 to system/cpu/engine/rom/lane_1 meets
     33.829ns delay constraint less
      0.000ns skew and
     -0.026ns ADDR_SET requirement (totaling 33.855ns) by 1.177ns

 Physical Path Details:

      Data path system/cpu/engine/rom/lane_2 to system/cpu/engine/rom/lane_1:

   Name    Fanout   Delay (ns)          Site               Resource
C2Q_DEL     ---     4.979  EBR_R6C7.CLKA to  EBR_R6C7.DOA8 system/cpu/engine/rom/lane_2 (from clk)
ROUTE         4     1.383  EBR_R6C7.DOA8 to      R4C12D.D1 system/cpu/engine/a_select_2[0]
CTOF_DEL    ---     0.495      R4C12D.D1 to      R4C12D.F1 system/cpu/engine/SLICE_418
ROUTE         1     1.004      R4C12D.F1 to      R4C12D.B0 system/cpu/engine/un6_select_register[0]
CTOF_DEL    ---     0.495      R4C12D.B0 to      R4C12D.F0 system/cpu/engine/SLICE_418
ROUTE        16     1.806      R4C12D.F0 to      R2C11A.A0 system/cpu/engine/select_register_5[0]
CTOF_DEL    ---     0.495      R2C11A.A0 to      R2C11A.F0 system/cpu/engine/dp/rf/words_ram_2/SLICE_47
ROUTE        15     1.462      R2C11A.F0 to      R2C15D.A1 system/address[12]
CTOF_DEL    ---     0.495      R2C15D.A1 to      R2C15D.F1 system/bus/SLICE_498
ROUTE         2     1.013      R2C15D.F1 to      R2C15D.B0 system/bus/N_27
CTOF_DEL    ---     0.495      R2C15D.B0 to      R2C15D.F0 system/bus/SLICE_498
ROUTE         1     1.157      R2C15D.F0 to      R3C12C.D1 system/bus/un1_write_4_6_5
CTOF_DEL    ---     0.495      R3C12C.D1 to      R3C12C.F1 system/bus/SLICE_484
ROUTE         2     1.013      R3C12C.F1 to      R3C12C.B0 system/bus/un1_write_4_6
CTOF_DEL    ---     0.495      R3C12C.B0 to      R3C12C.F0 system/bus/SLICE_484
ROUTE         2     0.773      R3C12C.F0 to      R4C12C.C0 system/bus/immediate_io_responsedupdup
CTOF_DEL    ---     0.495      R4C12C.C0 to      R4C12C.F0 system/SLICE_390
ROUTE         5     0.445      R4C12C.F0 to      R4C12C.C1 system/acknowledgedupdup
CTOF_DEL    ---     0.495      R4C12C.C1 to      R4C12C.F1 system/SLICE_390
ROUTE         3     0.975      R4C12C.F1 to      R4C10B.D1 system/cpu/acknowledgedupdup_0
CTOF_DEL    ---     0.495      R4C10B.D1 to      R4C10B.F1 system/cpu/engine/SLICE_512
ROUTE        10     1.013      R4C10B.F1 to       R4C8B.D1 system/cpu/engine/un1_bus_fault_2dupdup
CTOOFX_DEL  ---     0.721       R4C8B.D1 to     R4C8B.OFX0 system/cpu/engine/seq/predicates_pmux_6/SLICE_295
ROUTE         1     0.744     R4C8B.OFX0 to       R4C7A.C0 system/cpu/engine/seq/N_81
CTOF_DEL    ---     0.495       R4C7A.C0 to       R4C7A.F0 system/cpu/engine/seq/SLICE_538
ROUTE         2     1.485       R4C7A.F0 to       R9C6A.D0 system/cpu/engine/seq/condition
CTOF_DEL    ---     0.495       R9C6A.D0 to       R9C6A.F0 system/cpu/engine/seq/SLICE_515
ROUTE         1     0.766       R9C6A.F0 to       R7C6A.C1 system/cpu/engine/seq/next_address_1_sqmuxa_5
CTOF_DEL    ---     0.495       R7C6A.C1 to       R7C6A.F1 system/cpu/engine/seq/SLICE_518
ROUTE        10     0.818       R7C6A.F1 to       R7C8D.C1 system/cpu/engine/seq/next_address_4_sqmuxa
CTOF_DEL    ---     0.495       R7C8D.C1 to       R7C8D.F1 system/cpu/engine/seq/SLICE_624
ROUTE         1     1.925       R7C8D.F1 to       R8C7D.A0 system/cpu/engine/seq/uword_m[17]
CTOF_DEL    ---     0.495       R8C7D.A0 to       R8C7D.F0 system/cpu/engine/seq/SLICE_245
ROUTE         5     1.771       R8C7D.F0 to  EBR_R6C1.ADA9 system/cpu/engine/next_address[6] (to clk)
                  --------
                   32.678   (40.2% logic, 59.8% route), 17 logic levels.

 Clock Skew Details: 

      Source Clock Path oscillator to system/cpu/engine/rom/lane_2:

   Name    Fanout   Delay (ns)          Site               Resource
ROUTE       246     3.714        OSC.OSC to  EBR_R6C7.CLKA clk
                  --------
                    3.714   (0.0% logic, 100.0% route), 0 logic levels.

      Destination Clock Path oscillator to system/cpu/engine/rom/lane_1:

   Name    Fanout   Delay (ns)          Site               Resource
ROUTE       246     3.714        OSC.OSC to  EBR_R6C1.CLKA clk
                  --------
                    3.714   (0.0% logic, 100.0% route), 0 logic levels.


Passed: The following path meets requirements by 1.287ns

 Logical Details:  Cell type  Pin type       Cell/ASIC name  (clock net +/-)

   Source:         DP8KC      Port           system/cpu/engine/rom/lane_2(ASIC)  (from clk +)
   Destination:    DP8KC      Port           system/cpu/engine/rom/lane_0(ASIC)  (to clk +)

   Delay:              32.568ns  (40.3% logic, 59.7% route), 17 logic levels.

 Constraint Details:

     32.568ns physical path delay system/cpu/engine/rom/lane_2 to system/cpu/engine/rom/lane_0 meets
     33.829ns delay constraint less
      0.000ns skew and
     -0.026ns ADDR_SET requirement (totaling 33.855ns) by 1.287ns

 Physical Path Details:

      Data path system/cpu/engine/rom/lane_2 to system/cpu/engine/rom/lane_0:

   Name    Fanout   Delay (ns)          Site               Resource
C2Q_DEL     ---     4.979  EBR_R6C7.CLKA to  EBR_R6C7.DOA8 system/cpu/engine/rom/lane_2 (from clk)
ROUTE         4     1.383  EBR_R6C7.DOA8 to      R4C12D.D1 system/cpu/engine/a_select_2[0]
CTOF_DEL    ---     0.495      R4C12D.D1 to      R4C12D.F1 system/cpu/engine/SLICE_418
ROUTE         1     1.004      R4C12D.F1 to      R4C12D.B0 system/cpu/engine/un6_select_register[0]
CTOF_DEL    ---     0.495      R4C12D.B0 to      R4C12D.F0 system/cpu/engine/SLICE_418
ROUTE        16     1.806      R4C12D.F0 to      R2C11A.A0 system/cpu/engine/select_register_5[0]
CTOF_DEL    ---     0.495      R2C11A.A0 to      R2C11A.F0 system/cpu/engine/dp/rf/words_ram_2/SLICE_47
ROUTE        15     1.462      R2C11A.F0 to      R2C15D.A1 system/address[12]
CTOF_DEL    ---     0.495      R2C15D.A1 to      R2C15D.F1 system/bus/SLICE_498
ROUTE         2     1.013      R2C15D.F1 to      R2C15D.B0 system/bus/N_27
CTOF_DEL    ---     0.495      R2C15D.B0 to      R2C15D.F0 system/bus/SLICE_498
ROUTE         1     1.157      R2C15D.F0 to      R3C12C.D1 system/bus/un1_write_4_6_5
CTOF_DEL    ---     0.495      R3C12C.D1 to      R3C12C.F1 system/bus/SLICE_484
ROUTE         2     1.013      R3C12C.F1 to      R3C12C.B0 system/bus/un1_write_4_6
CTOF_DEL    ---     0.495      R3C12C.B0 to      R3C12C.F0 system/bus/SLICE_484
ROUTE         2     0.773      R3C12C.F0 to      R4C12C.C0 system/bus/immediate_io_responsedupdup
CTOF_DEL    ---     0.495      R4C12C.C0 to      R4C12C.F0 system/SLICE_390
ROUTE         5     0.445      R4C12C.F0 to      R4C12C.C1 system/acknowledgedupdup
CTOF_DEL    ---     0.495      R4C12C.C1 to      R4C12C.F1 system/SLICE_390
ROUTE         3     0.975      R4C12C.F1 to      R4C10B.D1 system/cpu/acknowledgedupdup_0
CTOF_DEL    ---     0.495      R4C10B.D1 to      R4C10B.F1 system/cpu/engine/SLICE_512
ROUTE        10     1.013      R4C10B.F1 to       R4C8B.D1 system/cpu/engine/un1_bus_fault_2dupdup
CTOOFX_DEL  ---     0.721       R4C8B.D1 to     R4C8B.OFX0 system/cpu/engine/seq/predicates_pmux_6/SLICE_295
ROUTE         1     0.744     R4C8B.OFX0 to       R4C7A.C0 system/cpu/engine/seq/N_81
CTOF_DEL    ---     0.495       R4C7A.C0 to       R4C7A.F0 system/cpu/engine/seq/SLICE_538
ROUTE         2     1.485       R4C7A.F0 to       R9C6A.D0 system/cpu/engine/seq/condition
CTOF_DEL    ---     0.495       R9C6A.D0 to       R9C6A.F0 system/cpu/engine/seq/SLICE_515
ROUTE         1     0.766       R9C6A.F0 to       R7C6A.C1 system/cpu/engine/seq/next_address_1_sqmuxa_5
CTOF_DEL    ---     0.495       R7C6A.C1 to       R7C6A.F1 system/cpu/engine/seq/SLICE_518
ROUTE        10     0.818       R7C6A.F1 to       R7C8D.C1 system/cpu/engine/seq/next_address_4_sqmuxa
CTOF_DEL    ---     0.495       R7C8D.C1 to       R7C8D.F1 system/cpu/engine/seq/SLICE_624
ROUTE         1     1.925       R7C8D.F1 to       R8C7D.A0 system/cpu/engine/seq/uword_m[17]
CTOF_DEL    ---     0.495       R8C7D.A0 to       R8C7D.F0 system/cpu/engine/seq/SLICE_245
ROUTE         5     1.661       R8C7D.F0 to  EBR_R6C4.ADA9 system/cpu/engine/next_address[6] (to clk)
                  --------
                   32.568   (40.3% logic, 59.7% route), 17 logic levels.

 Clock Skew Details: 

      Source Clock Path oscillator to system/cpu/engine/rom/lane_2:

   Name    Fanout   Delay (ns)          Site               Resource
ROUTE       246     3.714        OSC.OSC to  EBR_R6C7.CLKA clk
                  --------
                    3.714   (0.0% logic, 100.0% route), 0 logic levels.

      Destination Clock Path oscillator to system/cpu/engine/rom/lane_0:

   Name    Fanout   Delay (ns)          Site               Resource
ROUTE       246     3.714        OSC.OSC to  EBR_R6C4.CLKA clk
                  --------
                    3.714   (0.0% logic, 100.0% route), 0 logic levels.


Passed: The following path meets requirements by 1.335ns

 Logical Details:  Cell type  Pin type       Cell/ASIC name  (clock net +/-)

   Source:         DP8KC      Port           system/cpu/engine/rom/lane_2(ASIC)  (from clk +)
   Destination:    DP8KC      Port           system/cpu/engine/rom/lane_3(ASIC)  (to clk +)

   Delay:              32.520ns  (40.4% logic, 59.6% route), 17 logic levels.

 Constraint Details:

     32.520ns physical path delay system/cpu/engine/rom/lane_2 to system/cpu/engine/rom/lane_3 meets
     33.829ns delay constraint less
      0.000ns skew and
     -0.026ns ADDR_SET requirement (totaling 33.855ns) by 1.335ns

 Physical Path Details:

      Data path system/cpu/engine/rom/lane_2 to system/cpu/engine/rom/lane_3:

   Name    Fanout   Delay (ns)          Site               Resource
C2Q_DEL     ---     4.979  EBR_R6C7.CLKA to  EBR_R6C7.DOA8 system/cpu/engine/rom/lane_2 (from clk)
ROUTE         4     1.383  EBR_R6C7.DOA8 to      R4C12D.D1 system/cpu/engine/a_select_2[0]
CTOF_DEL    ---     0.495      R4C12D.D1 to      R4C12D.F1 system/cpu/engine/SLICE_418
ROUTE         1     1.004      R4C12D.F1 to      R4C12D.B0 system/cpu/engine/un6_select_register[0]
CTOF_DEL    ---     0.495      R4C12D.B0 to      R4C12D.F0 system/cpu/engine/SLICE_418
ROUTE        16     1.806      R4C12D.F0 to      R2C11A.A0 system/cpu/engine/select_register_5[0]
CTOF_DEL    ---     0.495      R2C11A.A0 to      R2C11A.F0 system/cpu/engine/dp/rf/words_ram_2/SLICE_47
ROUTE        15     1.462      R2C11A.F0 to      R2C15D.A1 system/address[12]
CTOF_DEL    ---     0.495      R2C15D.A1 to      R2C15D.F1 system/bus/SLICE_498
ROUTE         2     1.013      R2C15D.F1 to      R2C15D.B0 system/bus/N_27
CTOF_DEL    ---     0.495      R2C15D.B0 to      R2C15D.F0 system/bus/SLICE_498
ROUTE         1     1.157      R2C15D.F0 to      R3C12C.D1 system/bus/un1_write_4_6_5
CTOF_DEL    ---     0.495      R3C12C.D1 to      R3C12C.F1 system/bus/SLICE_484
ROUTE         2     1.013      R3C12C.F1 to      R3C12C.B0 system/bus/un1_write_4_6
CTOF_DEL    ---     0.495      R3C12C.B0 to      R3C12C.F0 system/bus/SLICE_484
ROUTE         2     0.773      R3C12C.F0 to      R4C12C.C0 system/bus/immediate_io_responsedupdup
CTOF_DEL    ---     0.495      R4C12C.C0 to      R4C12C.F0 system/SLICE_390
ROUTE         5     0.445      R4C12C.F0 to      R4C12C.C1 system/acknowledgedupdup
CTOF_DEL    ---     0.495      R4C12C.C1 to      R4C12C.F1 system/SLICE_390
ROUTE         3     0.975      R4C12C.F1 to      R4C10B.D1 system/cpu/acknowledgedupdup_0
CTOF_DEL    ---     0.495      R4C10B.D1 to      R4C10B.F1 system/cpu/engine/SLICE_512
ROUTE        10     1.013      R4C10B.F1 to       R4C8B.D1 system/cpu/engine/un1_bus_fault_2dupdup
CTOOFX_DEL  ---     0.721       R4C8B.D1 to     R4C8B.OFX0 system/cpu/engine/seq/predicates_pmux_6/SLICE_295
ROUTE         1     0.744     R4C8B.OFX0 to       R4C7A.C0 system/cpu/engine/seq/N_81
CTOF_DEL    ---     0.495       R4C7A.C0 to       R4C7A.F0 system/cpu/engine/seq/SLICE_538
ROUTE         2     1.485       R4C7A.F0 to       R9C6A.D0 system/cpu/engine/seq/condition
CTOF_DEL    ---     0.495       R9C6A.D0 to       R9C6A.F0 system/cpu/engine/seq/SLICE_515
ROUTE         1     0.766       R9C6A.F0 to       R7C6A.C1 system/cpu/engine/seq/next_address_1_sqmuxa_5
CTOF_DEL    ---     0.495       R7C6A.C1 to       R7C6A.F1 system/cpu/engine/seq/SLICE_518
ROUTE        10     0.818       R7C6A.F1 to       R7C8D.C1 system/cpu/engine/seq/next_address_4_sqmuxa
CTOF_DEL    ---     0.495       R7C8D.C1 to       R7C8D.F1 system/cpu/engine/seq/SLICE_624
ROUTE         1     1.925       R7C8D.F1 to       R8C7D.A0 system/cpu/engine/seq/uword_m[17]
CTOF_DEL    ---     0.495       R8C7D.A0 to       R8C7D.F0 system/cpu/engine/seq/SLICE_245
ROUTE         5     1.613       R8C7D.F0 to EBR_R6C10.ADA9 system/cpu/engine/next_address[6] (to clk)
                  --------
                   32.520   (40.4% logic, 59.6% route), 17 logic levels.

 Clock Skew Details: 

      Source Clock Path oscillator to system/cpu/engine/rom/lane_2:

   Name    Fanout   Delay (ns)          Site               Resource
ROUTE       246     3.714        OSC.OSC to  EBR_R6C7.CLKA clk
                  --------
                    3.714   (0.0% logic, 100.0% route), 0 logic levels.

      Destination Clock Path oscillator to system/cpu/engine/rom/lane_3:

   Name    Fanout   Delay (ns)          Site               Resource
ROUTE       246     3.714        OSC.OSC to EBR_R6C10.CLKA clk
                  --------
                    3.714   (0.0% logic, 100.0% route), 0 logic levels.


Passed: The following path meets requirements by 1.360ns

 Logical Details:  Cell type  Pin type       Cell/ASIC name  (clock net +/-)

   Source:         DP8KC      Port           system/cpu/engine/rom/lane_2(ASIC)  (from clk +)
   Destination:    DP8KC      Port           system/cpu/engine/rom/lane_1(ASIC)  (to clk +)

   Delay:              32.495ns  (40.4% logic, 59.6% route), 17 logic levels.

 Constraint Details:

     32.495ns physical path delay system/cpu/engine/rom/lane_2 to system/cpu/engine/rom/lane_1 meets
     33.829ns delay constraint less
      0.000ns skew and
     -0.026ns ADDR_SET requirement (totaling 33.855ns) by 1.360ns

 Physical Path Details:

      Data path system/cpu/engine/rom/lane_2 to system/cpu/engine/rom/lane_1:

   Name    Fanout   Delay (ns)          Site               Resource
C2Q_DEL     ---     4.979  EBR_R6C7.CLKA to  EBR_R6C7.DOA8 system/cpu/engine/rom/lane_2 (from clk)
ROUTE         4     1.383  EBR_R6C7.DOA8 to      R4C12D.D1 system/cpu/engine/a_select_2[0]
CTOF_DEL    ---     0.495      R4C12D.D1 to      R4C12D.F1 system/cpu/engine/SLICE_418
ROUTE         1     1.004      R4C12D.F1 to      R4C12D.B0 system/cpu/engine/un6_select_register[0]
CTOF_DEL    ---     0.495      R4C12D.B0 to      R4C12D.F0 system/cpu/engine/SLICE_418
ROUTE        16     1.806      R4C12D.F0 to      R2C10A.A1 system/cpu/engine/select_register_5[0]
CTOF_DEL    ---     0.495      R2C10A.A1 to      R2C10A.F1 system/cpu/engine/SLICE_44
ROUTE        46     1.619      R2C10A.F1 to      R2C15C.B1 system/address[1]
CTOF_DEL    ---     0.495      R2C15C.B1 to      R2C15C.F1 system/bus/SLICE_621
ROUTE         5     0.673      R2C15C.F1 to      R2C15D.A0 system/bus/N_48
CTOF_DEL    ---     0.495      R2C15D.A0 to      R2C15D.F0 system/bus/SLICE_498
ROUTE         1     1.157      R2C15D.F0 to      R3C12C.D1 system/bus/un1_write_4_6_5
CTOF_DEL    ---     0.495      R3C12C.D1 to      R3C12C.F1 system/bus/SLICE_484
ROUTE         2     1.013      R3C12C.F1 to      R3C12C.B0 system/bus/un1_write_4_6
CTOF_DEL    ---     0.495      R3C12C.B0 to      R3C12C.F0 system/bus/SLICE_484
ROUTE         2     0.773      R3C12C.F0 to      R4C12C.C0 system/bus/immediate_io_responsedupdup
CTOF_DEL    ---     0.495      R4C12C.C0 to      R4C12C.F0 system/SLICE_390
ROUTE         5     0.445      R4C12C.F0 to      R4C12C.C1 system/acknowledgedupdup
CTOF_DEL    ---     0.495      R4C12C.C1 to      R4C12C.F1 system/SLICE_390
ROUTE         3     0.975      R4C12C.F1 to      R4C10B.D1 system/cpu/acknowledgedupdup_0
CTOF_DEL    ---     0.495      R4C10B.D1 to      R4C10B.F1 system/cpu/engine/SLICE_512
ROUTE        10     1.013      R4C10B.F1 to       R4C8B.D1 system/cpu/engine/un1_bus_fault_2dupdup
CTOOFX_DEL  ---     0.721       R4C8B.D1 to     R4C8B.OFX0 system/cpu/engine/seq/predicates_pmux_6/SLICE_295
ROUTE         1     0.744     R4C8B.OFX0 to       R4C7A.C0 system/cpu/engine/seq/N_81
CTOF_DEL    ---     0.495       R4C7A.C0 to       R4C7A.F0 system/cpu/engine/seq/SLICE_538
ROUTE         2     1.485       R4C7A.F0 to       R9C6A.D0 system/cpu/engine/seq/condition
CTOF_DEL    ---     0.495       R9C6A.D0 to       R9C6A.F0 system/cpu/engine/seq/SLICE_515
ROUTE         1     0.766       R9C6A.F0 to       R7C6A.C1 system/cpu/engine/seq/next_address_1_sqmuxa_5
CTOF_DEL    ---     0.495       R7C6A.C1 to       R7C6A.F1 system/cpu/engine/seq/SLICE_518
ROUTE        10     0.818       R7C6A.F1 to       R7C8D.C1 system/cpu/engine/seq/next_address_4_sqmuxa
CTOF_DEL    ---     0.495       R7C8D.C1 to       R7C8D.F1 system/cpu/engine/seq/SLICE_624
ROUTE         1     1.925       R7C8D.F1 to       R8C7D.A0 system/cpu/engine/seq/uword_m[17]
CTOF_DEL    ---     0.495       R8C7D.A0 to       R8C7D.F0 system/cpu/engine/seq/SLICE_245
ROUTE         5     1.771       R8C7D.F0 to  EBR_R6C1.ADA9 system/cpu/engine/next_address[6] (to clk)
                  --------
                   32.495   (40.4% logic, 59.6% route), 17 logic levels.

 Clock Skew Details: 

      Source Clock Path oscillator to system/cpu/engine/rom/lane_2:

   Name    Fanout   Delay (ns)          Site               Resource
ROUTE       246     3.714        OSC.OSC to  EBR_R6C7.CLKA clk
                  --------
                    3.714   (0.0% logic, 100.0% route), 0 logic levels.

      Destination Clock Path oscillator to system/cpu/engine/rom/lane_1:

   Name    Fanout   Delay (ns)          Site               Resource
ROUTE       246     3.714        OSC.OSC to  EBR_R6C1.CLKA clk
                  --------
                    3.714   (0.0% logic, 100.0% route), 0 logic levels.


Passed: The following path meets requirements by 1.470ns

 Logical Details:  Cell type  Pin type       Cell/ASIC name  (clock net +/-)

   Source:         DP8KC      Port           system/cpu/engine/rom/lane_2(ASIC)  (from clk +)
   Destination:    DP8KC      Port           system/cpu/engine/rom/lane_0(ASIC)  (to clk +)

   Delay:              32.385ns  (40.5% logic, 59.5% route), 17 logic levels.

 Constraint Details:

     32.385ns physical path delay system/cpu/engine/rom/lane_2 to system/cpu/engine/rom/lane_0 meets
     33.829ns delay constraint less
      0.000ns skew and
     -0.026ns ADDR_SET requirement (totaling 33.855ns) by 1.470ns

 Physical Path Details:

      Data path system/cpu/engine/rom/lane_2 to system/cpu/engine/rom/lane_0:

   Name    Fanout   Delay (ns)          Site               Resource
C2Q_DEL     ---     4.979  EBR_R6C7.CLKA to  EBR_R6C7.DOA8 system/cpu/engine/rom/lane_2 (from clk)
ROUTE         4     1.383  EBR_R6C7.DOA8 to      R4C12D.D1 system/cpu/engine/a_select_2[0]
CTOF_DEL    ---     0.495      R4C12D.D1 to      R4C12D.F1 system/cpu/engine/SLICE_418
ROUTE         1     1.004      R4C12D.F1 to      R4C12D.B0 system/cpu/engine/un6_select_register[0]
CTOF_DEL    ---     0.495      R4C12D.B0 to      R4C12D.F0 system/cpu/engine/SLICE_418
ROUTE        16     1.806      R4C12D.F0 to      R2C10A.A1 system/cpu/engine/select_register_5[0]
CTOF_DEL    ---     0.495      R2C10A.A1 to      R2C10A.F1 system/cpu/engine/SLICE_44
ROUTE        46     1.619      R2C10A.F1 to      R2C15C.B1 system/address[1]
CTOF_DEL    ---     0.495      R2C15C.B1 to      R2C15C.F1 system/bus/SLICE_621
ROUTE         5     0.673      R2C15C.F1 to      R2C15D.A0 system/bus/N_48
CTOF_DEL    ---     0.495      R2C15D.A0 to      R2C15D.F0 system/bus/SLICE_498
ROUTE         1     1.157      R2C15D.F0 to      R3C12C.D1 system/bus/un1_write_4_6_5
CTOF_DEL    ---     0.495      R3C12C.D1 to      R3C12C.F1 system/bus/SLICE_484
ROUTE         2     1.013      R3C12C.F1 to      R3C12C.B0 system/bus/un1_write_4_6
CTOF_DEL    ---     0.495      R3C12C.B0 to      R3C12C.F0 system/bus/SLICE_484
ROUTE         2     0.773      R3C12C.F0 to      R4C12C.C0 system/bus/immediate_io_responsedupdup
CTOF_DEL    ---     0.495      R4C12C.C0 to      R4C12C.F0 system/SLICE_390
ROUTE         5     0.445      R4C12C.F0 to      R4C12C.C1 system/acknowledgedupdup
CTOF_DEL    ---     0.495      R4C12C.C1 to      R4C12C.F1 system/SLICE_390
ROUTE         3     0.975      R4C12C.F1 to      R4C10B.D1 system/cpu/acknowledgedupdup_0
CTOF_DEL    ---     0.495      R4C10B.D1 to      R4C10B.F1 system/cpu/engine/SLICE_512
ROUTE        10     1.013      R4C10B.F1 to       R4C8B.D1 system/cpu/engine/un1_bus_fault_2dupdup
CTOOFX_DEL  ---     0.721       R4C8B.D1 to     R4C8B.OFX0 system/cpu/engine/seq/predicates_pmux_6/SLICE_295
ROUTE         1     0.744     R4C8B.OFX0 to       R4C7A.C0 system/cpu/engine/seq/N_81
CTOF_DEL    ---     0.495       R4C7A.C0 to       R4C7A.F0 system/cpu/engine/seq/SLICE_538
ROUTE         2     1.485       R4C7A.F0 to       R9C6A.D0 system/cpu/engine/seq/condition
CTOF_DEL    ---     0.495       R9C6A.D0 to       R9C6A.F0 system/cpu/engine/seq/SLICE_515
ROUTE         1     0.766       R9C6A.F0 to       R7C6A.C1 system/cpu/engine/seq/next_address_1_sqmuxa_5
CTOF_DEL    ---     0.495       R7C6A.C1 to       R7C6A.F1 system/cpu/engine/seq/SLICE_518
ROUTE        10     0.818       R7C6A.F1 to       R7C8D.C1 system/cpu/engine/seq/next_address_4_sqmuxa
CTOF_DEL    ---     0.495       R7C8D.C1 to       R7C8D.F1 system/cpu/engine/seq/SLICE_624
ROUTE         1     1.925       R7C8D.F1 to       R8C7D.A0 system/cpu/engine/seq/uword_m[17]
CTOF_DEL    ---     0.495       R8C7D.A0 to       R8C7D.F0 system/cpu/engine/seq/SLICE_245
ROUTE         5     1.661       R8C7D.F0 to  EBR_R6C4.ADA9 system/cpu/engine/next_address[6] (to clk)
                  --------
                   32.385   (40.5% logic, 59.5% route), 17 logic levels.

 Clock Skew Details: 

      Source Clock Path oscillator to system/cpu/engine/rom/lane_2:

   Name    Fanout   Delay (ns)          Site               Resource
ROUTE       246     3.714        OSC.OSC to  EBR_R6C7.CLKA clk
                  --------
                    3.714   (0.0% logic, 100.0% route), 0 logic levels.

      Destination Clock Path oscillator to system/cpu/engine/rom/lane_0:

   Name    Fanout   Delay (ns)          Site               Resource
ROUTE       246     3.714        OSC.OSC to  EBR_R6C4.CLKA clk
                  --------
                    3.714   (0.0% logic, 100.0% route), 0 logic levels.


Passed: The following path meets requirements by 1.478ns

 Logical Details:  Cell type  Pin type       Cell/ASIC name  (clock net +/-)

   Source:         DP8KC      Port           system/cpu/engine/rom/lane_2(ASIC)  (from clk +)
   Destination:    DP8KC      Port           system/cpu/engine/rom/lane_2(ASIC)  (to clk +)

   Delay:              32.377ns  (39.8% logic, 60.2% route), 17 logic levels.

 Constraint Details:

     32.377ns physical path delay system/cpu/engine/rom/lane_2 to system/cpu/engine/rom/lane_2 meets
     33.829ns delay constraint less
      0.000ns skew and
     -0.026ns ADDR_SET requirement (totaling 33.855ns) by 1.478ns

 Physical Path Details:

      Data path system/cpu/engine/rom/lane_2 to system/cpu/engine/rom/lane_2:

   Name    Fanout   Delay (ns)          Site               Resource
C2Q_DEL     ---     4.979  EBR_R6C7.CLKA to  EBR_R6C7.DOA8 system/cpu/engine/rom/lane_2 (from clk)
ROUTE         4     1.383  EBR_R6C7.DOA8 to      R4C12D.D1 system/cpu/engine/a_select_2[0]
CTOF_DEL    ---     0.495      R4C12D.D1 to      R4C12D.F1 system/cpu/engine/SLICE_418
ROUTE         1     1.004      R4C12D.F1 to      R4C12D.B0 system/cpu/engine/un6_select_register[0]
CTOF_DEL    ---     0.495      R4C12D.B0 to      R4C12D.F0 system/cpu/engine/SLICE_418
ROUTE        16     1.806      R4C12D.F0 to      R2C11A.A0 system/cpu/engine/select_register_5[0]
CTOF_DEL    ---     0.495      R2C11A.A0 to      R2C11A.F0 system/cpu/engine/dp/rf/words_ram_2/SLICE_47
ROUTE        15     1.462      R2C11A.F0 to      R2C15D.A1 system/address[12]
CTOF_DEL    ---     0.495      R2C15D.A1 to      R2C15D.F1 system/bus/SLICE_498
ROUTE         2     1.013      R2C15D.F1 to      R2C15D.B0 system/bus/N_27
CTOF_DEL    ---     0.495      R2C15D.B0 to      R2C15D.F0 system/bus/SLICE_498
ROUTE         1     1.157      R2C15D.F0 to      R3C12C.D1 system/bus/un1_write_4_6_5
CTOF_DEL    ---     0.495      R3C12C.D1 to      R3C12C.F1 system/bus/SLICE_484
ROUTE         2     1.013      R3C12C.F1 to      R3C12C.B0 system/bus/un1_write_4_6
CTOF_DEL    ---     0.495      R3C12C.B0 to      R3C12C.F0 system/bus/SLICE_484
ROUTE         2     0.773      R3C12C.F0 to      R4C12C.C0 system/bus/immediate_io_responsedupdup
CTOF_DEL    ---     0.495      R4C12C.C0 to      R4C12C.F0 system/SLICE_390
ROUTE         5     0.445      R4C12C.F0 to      R4C12C.C1 system/acknowledgedupdup
CTOF_DEL    ---     0.495      R4C12C.C1 to      R4C12C.F1 system/SLICE_390
ROUTE         3     0.975      R4C12C.F1 to      R4C10B.D1 system/cpu/acknowledgedupdup_0
CTOF_DEL    ---     0.495      R4C10B.D1 to      R4C10B.F1 system/cpu/engine/SLICE_512
ROUTE        10     0.445      R4C10B.F1 to      R4C10B.C0 system/cpu/engine/un1_bus_fault_2dupdup
CTOF_DEL    ---     0.495      R4C10B.C0 to      R4C10B.F0 system/cpu/engine/SLICE_512
ROUTE         3     1.919      R4C10B.F0 to      R10C9C.D1 system/cpu/engine/seq/next_address_2_sqmuxa_1
CTOF_DEL    ---     0.495      R10C9C.D1 to      R10C9C.F1 system/cpu/engine/seq/SLICE_540
ROUTE        10     0.678      R10C9C.F1 to       R9C9B.D0 system/cpu/engine/seq/next_address_7_sqmuxa
CTOF_DEL    ---     0.495       R9C9B.D0 to       R9C9B.F0 system/cpu/engine/SLICE_542
ROUTE         1     1.383       R9C9B.F0 to       R9C7A.A0 system/cpu/engine/seq/dispatch_address_m[1]
CTOF_DEL    ---     0.495       R9C7A.A0 to       R9C7A.F0 system/cpu/engine/seq/SLICE_531
ROUTE         1     1.299       R9C7A.F0 to       R8C8B.A0 system/cpu/engine/seq/next_address_0_iv_4[1]
CTOF_DEL    ---     0.495       R8C8B.A0 to       R8C8B.F0 system/cpu/engine/seq/SLICE_523
ROUTE         1     0.958       R8C8B.F0 to       R7C6D.D1 system/cpu/engine/seq/next_address_0_iv_5[1]
CTOF_DEL    ---     0.495       R7C6D.D1 to       R7C6D.F1 system/cpu/engine/seq/SLICE_242
ROUTE         5     1.765       R7C6D.F1 to  EBR_R6C7.ADA4 system/cpu/engine/next_address[1] (to clk)
                  --------
                   32.377   (39.8% logic, 60.2% route), 17 logic levels.

 Clock Skew Details: 

      Source Clock Path oscillator to system/cpu/engine/rom/lane_2:

   Name    Fanout   Delay (ns)          Site               Resource
ROUTE       246     3.714        OSC.OSC to  EBR_R6C7.CLKA clk
                  --------
                    3.714   (0.0% logic, 100.0% route), 0 logic levels.

      Destination Clock Path oscillator to system/cpu/engine/rom/lane_2:

   Name    Fanout   Delay (ns)          Site               Resource
ROUTE       246     3.714        OSC.OSC to  EBR_R6C7.CLKA clk
                  --------
                    3.714   (0.0% logic, 100.0% route), 0 logic levels.


Passed: The following path meets requirements by 1.478ns

 Logical Details:  Cell type  Pin type       Cell/ASIC name  (clock net +/-)

   Source:         DP8KC      Port           system/cpu/engine/rom/lane_2(ASIC)  (from clk +)
   Destination:    DP8KC      Port           system/cpu/engine/rom/lane_3(ASIC)  (to clk +)

   Delay:              32.377ns  (39.8% logic, 60.2% route), 17 logic levels.

 Constraint Details:

     32.377ns physical path delay system/cpu/engine/rom/lane_2 to system/cpu/engine/rom/lane_3 meets
     33.829ns delay constraint less
      0.000ns skew and
     -0.026ns ADDR_SET requirement (totaling 33.855ns) by 1.478ns

 Physical Path Details:

      Data path system/cpu/engine/rom/lane_2 to system/cpu/engine/rom/lane_3:

   Name    Fanout   Delay (ns)          Site               Resource
C2Q_DEL     ---     4.979  EBR_R6C7.CLKA to  EBR_R6C7.DOA8 system/cpu/engine/rom/lane_2 (from clk)
ROUTE         4     1.383  EBR_R6C7.DOA8 to      R4C12D.D1 system/cpu/engine/a_select_2[0]
CTOF_DEL    ---     0.495      R4C12D.D1 to      R4C12D.F1 system/cpu/engine/SLICE_418
ROUTE         1     1.004      R4C12D.F1 to      R4C12D.B0 system/cpu/engine/un6_select_register[0]
CTOF_DEL    ---     0.495      R4C12D.B0 to      R4C12D.F0 system/cpu/engine/SLICE_418
ROUTE        16     1.806      R4C12D.F0 to      R2C11A.A0 system/cpu/engine/select_register_5[0]
CTOF_DEL    ---     0.495      R2C11A.A0 to      R2C11A.F0 system/cpu/engine/dp/rf/words_ram_2/SLICE_47
ROUTE        15     1.462      R2C11A.F0 to      R2C15D.A1 system/address[12]
CTOF_DEL    ---     0.495      R2C15D.A1 to      R2C15D.F1 system/bus/SLICE_498
ROUTE         2     1.013      R2C15D.F1 to      R2C15D.B0 system/bus/N_27
CTOF_DEL    ---     0.495      R2C15D.B0 to      R2C15D.F0 system/bus/SLICE_498
ROUTE         1     1.157      R2C15D.F0 to      R3C12C.D1 system/bus/un1_write_4_6_5
CTOF_DEL    ---     0.495      R3C12C.D1 to      R3C12C.F1 system/bus/SLICE_484
ROUTE         2     1.013      R3C12C.F1 to      R3C12C.B0 system/bus/un1_write_4_6
CTOF_DEL    ---     0.495      R3C12C.B0 to      R3C12C.F0 system/bus/SLICE_484
ROUTE         2     0.773      R3C12C.F0 to      R4C12C.C0 system/bus/immediate_io_responsedupdup
CTOF_DEL    ---     0.495      R4C12C.C0 to      R4C12C.F0 system/SLICE_390
ROUTE         5     0.445      R4C12C.F0 to      R4C12C.C1 system/acknowledgedupdup
CTOF_DEL    ---     0.495      R4C12C.C1 to      R4C12C.F1 system/SLICE_390
ROUTE         3     0.975      R4C12C.F1 to      R4C10B.D1 system/cpu/acknowledgedupdup_0
CTOF_DEL    ---     0.495      R4C10B.D1 to      R4C10B.F1 system/cpu/engine/SLICE_512
ROUTE        10     0.445      R4C10B.F1 to      R4C10B.C0 system/cpu/engine/un1_bus_fault_2dupdup
CTOF_DEL    ---     0.495      R4C10B.C0 to      R4C10B.F0 system/cpu/engine/SLICE_512
ROUTE         3     1.919      R4C10B.F0 to      R10C9C.D1 system/cpu/engine/seq/next_address_2_sqmuxa_1
CTOF_DEL    ---     0.495      R10C9C.D1 to      R10C9C.F1 system/cpu/engine/seq/SLICE_540
ROUTE        10     0.678      R10C9C.F1 to       R9C9B.D0 system/cpu/engine/seq/next_address_7_sqmuxa
CTOF_DEL    ---     0.495       R9C9B.D0 to       R9C9B.F0 system/cpu/engine/SLICE_542
ROUTE         1     1.383       R9C9B.F0 to       R9C7A.A0 system/cpu/engine/seq/dispatch_address_m[1]
CTOF_DEL    ---     0.495       R9C7A.A0 to       R9C7A.F0 system/cpu/engine/seq/SLICE_531
ROUTE         1     1.299       R9C7A.F0 to       R8C8B.A0 system/cpu/engine/seq/next_address_0_iv_4[1]
CTOF_DEL    ---     0.495       R8C8B.A0 to       R8C8B.F0 system/cpu/engine/seq/SLICE_523
ROUTE         1     0.958       R8C8B.F0 to       R7C6D.D1 system/cpu/engine/seq/next_address_0_iv_5[1]
CTOF_DEL    ---     0.495       R7C6D.D1 to       R7C6D.F1 system/cpu/engine/seq/SLICE_242
ROUTE         5     1.765       R7C6D.F1 to EBR_R6C10.ADA4 system/cpu/engine/next_address[1] (to clk)
                  --------
                   32.377   (39.8% logic, 60.2% route), 17 logic levels.

 Clock Skew Details: 

      Source Clock Path oscillator to system/cpu/engine/rom/lane_2:

   Name    Fanout   Delay (ns)          Site               Resource
ROUTE       246     3.714        OSC.OSC to  EBR_R6C7.CLKA clk
                  --------
                    3.714   (0.0% logic, 100.0% route), 0 logic levels.

      Destination Clock Path oscillator to system/cpu/engine/rom/lane_3:

   Name    Fanout   Delay (ns)          Site               Resource
ROUTE       246     3.714        OSC.OSC to EBR_R6C10.CLKA clk
                  --------
                    3.714   (0.0% logic, 100.0% route), 0 logic levels.


Passed: The following path meets requirements by 1.502ns

 Logical Details:  Cell type  Pin type       Cell/ASIC name  (clock net +/-)

   Source:         DP8KC      Port           system/cpu/engine/rom/lane_2(ASIC)  (from clk +)
   Destination:    DP8KC      Port           system/cpu/engine/rom/lane_1(ASIC)  (to clk +)

   Delay:              32.353ns  (40.6% logic, 59.4% route), 17 logic levels.

 Constraint Details:

     32.353ns physical path delay system/cpu/engine/rom/lane_2 to system/cpu/engine/rom/lane_1 meets
     33.829ns delay constraint less
      0.000ns skew and
     -0.026ns ADDR_SET requirement (totaling 33.855ns) by 1.502ns

 Physical Path Details:

      Data path system/cpu/engine/rom/lane_2 to system/cpu/engine/rom/lane_1:

   Name    Fanout   Delay (ns)          Site               Resource
C2Q_DEL     ---     4.979  EBR_R6C7.CLKA to  EBR_R6C7.DOA8 system/cpu/engine/rom/lane_2 (from clk)
ROUTE         4     1.383  EBR_R6C7.DOA8 to      R4C12D.D1 system/cpu/engine/a_select_2[0]
CTOF_DEL    ---     0.495      R4C12D.D1 to      R4C12D.F1 system/cpu/engine/SLICE_418
ROUTE         1     1.004      R4C12D.F1 to      R4C12D.B0 system/cpu/engine/un6_select_register[0]
CTOF_DEL    ---     0.495      R4C12D.B0 to      R4C12D.F0 system/cpu/engine/SLICE_418
ROUTE        16     1.775      R4C12D.F0 to      R3C11A.A1 system/cpu/engine/select_register_5[0]
CTOF_DEL    ---     0.495      R3C11A.A1 to      R3C11A.F1 system/cpu/engine/dp/rf/words_ram_0/SLICE_53
ROUTE        22     1.093      R3C11A.F1 to      R3C13A.D1 system/address[5]
CTOF_DEL    ---     0.495      R3C13A.D1 to      R3C13A.F1 system/bus/SLICE_470
ROUTE         2     1.088      R3C13A.F1 to      R2C15D.C0 system/bus/N_152
CTOF_DEL    ---     0.495      R2C15D.C0 to      R2C15D.F0 system/bus/SLICE_498
ROUTE         1     1.157      R2C15D.F0 to      R3C12C.D1 system/bus/un1_write_4_6_5
CTOF_DEL    ---     0.495      R3C12C.D1 to      R3C12C.F1 system/bus/SLICE_484
ROUTE         2     1.013      R3C12C.F1 to      R3C12C.B0 system/bus/un1_write_4_6
CTOF_DEL    ---     0.495      R3C12C.B0 to      R3C12C.F0 system/bus/SLICE_484
ROUTE         2     0.773      R3C12C.F0 to      R4C12C.C0 system/bus/immediate_io_responsedupdup
CTOF_DEL    ---     0.495      R4C12C.C0 to      R4C12C.F0 system/SLICE_390
ROUTE         5     0.445      R4C12C.F0 to      R4C12C.C1 system/acknowledgedupdup
CTOF_DEL    ---     0.495      R4C12C.C1 to      R4C12C.F1 system/SLICE_390
ROUTE         3     0.975      R4C12C.F1 to      R4C10B.D1 system/cpu/acknowledgedupdup_0
CTOF_DEL    ---     0.495      R4C10B.D1 to      R4C10B.F1 system/cpu/engine/SLICE_512
ROUTE        10     1.013      R4C10B.F1 to       R4C8B.D1 system/cpu/engine/un1_bus_fault_2dupdup
CTOOFX_DEL  ---     0.721       R4C8B.D1 to     R4C8B.OFX0 system/cpu/engine/seq/predicates_pmux_6/SLICE_295
ROUTE         1     0.744     R4C8B.OFX0 to       R4C7A.C0 system/cpu/engine/seq/N_81
CTOF_DEL    ---     0.495       R4C7A.C0 to       R4C7A.F0 system/cpu/engine/seq/SLICE_538
ROUTE         2     1.485       R4C7A.F0 to       R9C6A.D0 system/cpu/engine/seq/condition
CTOF_DEL    ---     0.495       R9C6A.D0 to       R9C6A.F0 system/cpu/engine/seq/SLICE_515
ROUTE         1     0.766       R9C6A.F0 to       R7C6A.C1 system/cpu/engine/seq/next_address_1_sqmuxa_5
CTOF_DEL    ---     0.495       R7C6A.C1 to       R7C6A.F1 system/cpu/engine/seq/SLICE_518
ROUTE        10     0.818       R7C6A.F1 to       R7C8D.C1 system/cpu/engine/seq/next_address_4_sqmuxa
CTOF_DEL    ---     0.495       R7C8D.C1 to       R7C8D.F1 system/cpu/engine/seq/SLICE_624
ROUTE         1     1.925       R7C8D.F1 to       R8C7D.A0 system/cpu/engine/seq/uword_m[17]
CTOF_DEL    ---     0.495       R8C7D.A0 to       R8C7D.F0 system/cpu/engine/seq/SLICE_245
ROUTE         5     1.771       R8C7D.F0 to  EBR_R6C1.ADA9 system/cpu/engine/next_address[6] (to clk)
                  --------
                   32.353   (40.6% logic, 59.4% route), 17 logic levels.

 Clock Skew Details: 

      Source Clock Path oscillator to system/cpu/engine/rom/lane_2:

   Name    Fanout   Delay (ns)          Site               Resource
ROUTE       246     3.714        OSC.OSC to  EBR_R6C7.CLKA clk
                  --------
                    3.714   (0.0% logic, 100.0% route), 0 logic levels.

      Destination Clock Path oscillator to system/cpu/engine/rom/lane_1:

   Name    Fanout   Delay (ns)          Site               Resource
ROUTE       246     3.714        OSC.OSC to  EBR_R6C1.CLKA clk
                  --------
                    3.714   (0.0% logic, 100.0% route), 0 logic levels.


Passed: The following path meets requirements by 1.518ns

 Logical Details:  Cell type  Pin type       Cell/ASIC name  (clock net +/-)

   Source:         DP8KC      Port           system/cpu/engine/rom/lane_2(ASIC)  (from clk +)
   Destination:    DP8KC      Port           system/cpu/engine/rom/lane_3(ASIC)  (to clk +)

   Delay:              32.337ns  (40.6% logic, 59.4% route), 17 logic levels.

 Constraint Details:

     32.337ns physical path delay system/cpu/engine/rom/lane_2 to system/cpu/engine/rom/lane_3 meets
     33.829ns delay constraint less
      0.000ns skew and
     -0.026ns ADDR_SET requirement (totaling 33.855ns) by 1.518ns

 Physical Path Details:

      Data path system/cpu/engine/rom/lane_2 to system/cpu/engine/rom/lane_3:

   Name    Fanout   Delay (ns)          Site               Resource
C2Q_DEL     ---     4.979  EBR_R6C7.CLKA to  EBR_R6C7.DOA8 system/cpu/engine/rom/lane_2 (from clk)
ROUTE         4     1.383  EBR_R6C7.DOA8 to      R4C12D.D1 system/cpu/engine/a_select_2[0]
CTOF_DEL    ---     0.495      R4C12D.D1 to      R4C12D.F1 system/cpu/engine/SLICE_418
ROUTE         1     1.004      R4C12D.F1 to      R4C12D.B0 system/cpu/engine/un6_select_register[0]
CTOF_DEL    ---     0.495      R4C12D.B0 to      R4C12D.F0 system/cpu/engine/SLICE_418
ROUTE        16     1.806      R4C12D.F0 to      R2C10A.A1 system/cpu/engine/select_register_5[0]
CTOF_DEL    ---     0.495      R2C10A.A1 to      R2C10A.F1 system/cpu/engine/SLICE_44
ROUTE        46     1.619      R2C10A.F1 to      R2C15C.B1 system/address[1]
CTOF_DEL    ---     0.495      R2C15C.B1 to      R2C15C.F1 system/bus/SLICE_621
ROUTE         5     0.673      R2C15C.F1 to      R2C15D.A0 system/bus/N_48
CTOF_DEL    ---     0.495      R2C15D.A0 to      R2C15D.F0 system/bus/SLICE_498
ROUTE         1     1.157      R2C15D.F0 to      R3C12C.D1 system/bus/un1_write_4_6_5
CTOF_DEL    ---     0.495      R3C12C.D1 to      R3C12C.F1 system/bus/SLICE_484
ROUTE         2     1.013      R3C12C.F1 to      R3C12C.B0 system/bus/un1_write_4_6
CTOF_DEL    ---     0.495      R3C12C.B0 to      R3C12C.F0 system/bus/SLICE_484
ROUTE         2     0.773      R3C12C.F0 to      R4C12C.C0 system/bus/immediate_io_responsedupdup
CTOF_DEL    ---     0.495      R4C12C.C0 to      R4C12C.F0 system/SLICE_390
ROUTE         5     0.445      R4C12C.F0 to      R4C12C.C1 system/acknowledgedupdup
CTOF_DEL    ---     0.495      R4C12C.C1 to      R4C12C.F1 system/SLICE_390
ROUTE         3     0.975      R4C12C.F1 to      R4C10B.D1 system/cpu/acknowledgedupdup_0
CTOF_DEL    ---     0.495      R4C10B.D1 to      R4C10B.F1 system/cpu/engine/SLICE_512
ROUTE        10     1.013      R4C10B.F1 to       R4C8B.D1 system/cpu/engine/un1_bus_fault_2dupdup
CTOOFX_DEL  ---     0.721       R4C8B.D1 to     R4C8B.OFX0 system/cpu/engine/seq/predicates_pmux_6/SLICE_295
ROUTE         1     0.744     R4C8B.OFX0 to       R4C7A.C0 system/cpu/engine/seq/N_81
CTOF_DEL    ---     0.495       R4C7A.C0 to       R4C7A.F0 system/cpu/engine/seq/SLICE_538
ROUTE         2     1.485       R4C7A.F0 to       R9C6A.D0 system/cpu/engine/seq/condition
CTOF_DEL    ---     0.495       R9C6A.D0 to       R9C6A.F0 system/cpu/engine/seq/SLICE_515
ROUTE         1     0.766       R9C6A.F0 to       R7C6A.C1 system/cpu/engine/seq/next_address_1_sqmuxa_5
CTOF_DEL    ---     0.495       R7C6A.C1 to       R7C6A.F1 system/cpu/engine/seq/SLICE_518
ROUTE        10     0.818       R7C6A.F1 to       R7C8D.C1 system/cpu/engine/seq/next_address_4_sqmuxa
CTOF_DEL    ---     0.495       R7C8D.C1 to       R7C8D.F1 system/cpu/engine/seq/SLICE_624
ROUTE         1     1.925       R7C8D.F1 to       R8C7D.A0 system/cpu/engine/seq/uword_m[17]
CTOF_DEL    ---     0.495       R8C7D.A0 to       R8C7D.F0 system/cpu/engine/seq/SLICE_245
ROUTE         5     1.613       R8C7D.F0 to EBR_R6C10.ADA9 system/cpu/engine/next_address[6] (to clk)
                  --------
                   32.337   (40.6% logic, 59.4% route), 17 logic levels.

 Clock Skew Details: 

      Source Clock Path oscillator to system/cpu/engine/rom/lane_2:

   Name    Fanout   Delay (ns)          Site               Resource
ROUTE       246     3.714        OSC.OSC to  EBR_R6C7.CLKA clk
                  --------
                    3.714   (0.0% logic, 100.0% route), 0 logic levels.

      Destination Clock Path oscillator to system/cpu/engine/rom/lane_3:

   Name    Fanout   Delay (ns)          Site               Resource
ROUTE       246     3.714        OSC.OSC to EBR_R6C10.CLKA clk
                  --------
                    3.714   (0.0% logic, 100.0% route), 0 logic levels.


Passed: The following path meets requirements by 1.548ns

 Logical Details:  Cell type  Pin type       Cell/ASIC name  (clock net +/-)

   Source:         DP8KC      Port           system/cpu/engine/rom/lane_2(ASIC)  (from clk +)
   Destination:    DP8KC      Port           system/cpu/engine/rom/lane_1(ASIC)  (to clk +)

   Delay:              32.307ns  (40.6% logic, 59.4% route), 17 logic levels.

 Constraint Details:

     32.307ns physical path delay system/cpu/engine/rom/lane_2 to system/cpu/engine/rom/lane_1 meets
     33.829ns delay constraint less
      0.000ns skew and
     -0.026ns ADDR_SET requirement (totaling 33.855ns) by 1.548ns

 Physical Path Details:

      Data path system/cpu/engine/rom/lane_2 to system/cpu/engine/rom/lane_1:

   Name    Fanout   Delay (ns)          Site               Resource
C2Q_DEL     ---     4.979  EBR_R6C7.CLKA to  EBR_R6C7.DOA8 system/cpu/engine/rom/lane_2 (from clk)
ROUTE         4     1.383  EBR_R6C7.DOA8 to      R4C12D.D1 system/cpu/engine/a_select_2[0]
CTOF_DEL    ---     0.495      R4C12D.D1 to      R4C12D.F1 system/cpu/engine/SLICE_418
ROUTE         1     1.004      R4C12D.F1 to      R4C12D.B0 system/cpu/engine/un6_select_register[0]
CTOF_DEL    ---     0.495      R4C12D.B0 to      R4C12D.F0 system/cpu/engine/SLICE_418
ROUTE        16     1.806      R4C12D.F0 to      R2C10A.A1 system/cpu/engine/select_register_5[0]
CTOF_DEL    ---     0.495      R2C10A.A1 to      R2C10A.F1 system/cpu/engine/SLICE_44
ROUTE        46     1.512      R2C10A.F1 to      R3C12B.B1 system/address[1]
CTOF_DEL    ---     0.495      R3C12B.B1 to      R3C12B.F1 system/bus/SLICE_486
ROUTE         4     1.011      R3C12B.F1 to      R5C12D.A1 system/bus/N_192
CTOF_DEL    ---     0.495      R5C12D.A1 to      R5C12D.F1 system/bus/SLICE_456
ROUTE        20     0.775      R5C12D.F1 to      R3C12D.C0 system/bus/un1_address_29
CTOF_DEL    ---     0.495      R3C12D.C0 to      R3C12D.F0 system/bus/SLICE_669
ROUTE         2     0.976      R3C12D.F0 to      R3C12C.A0 system/bus/immediate_io_response_2
CTOF_DEL    ---     0.495      R3C12C.A0 to      R3C12C.F0 system/bus/SLICE_484
ROUTE         2     0.773      R3C12C.F0 to      R4C12C.C0 system/bus/immediate_io_responsedupdup
CTOF_DEL    ---     0.495      R4C12C.C0 to      R4C12C.F0 system/SLICE_390
ROUTE         5     0.445      R4C12C.F0 to      R4C12C.C1 system/acknowledgedupdup
CTOF_DEL    ---     0.495      R4C12C.C1 to      R4C12C.F1 system/SLICE_390
ROUTE         3     0.975      R4C12C.F1 to      R4C10B.D1 system/cpu/acknowledgedupdup_0
CTOF_DEL    ---     0.495      R4C10B.D1 to      R4C10B.F1 system/cpu/engine/SLICE_512
ROUTE        10     1.013      R4C10B.F1 to       R4C8B.D1 system/cpu/engine/un1_bus_fault_2dupdup
CTOOFX_DEL  ---     0.721       R4C8B.D1 to     R4C8B.OFX0 system/cpu/engine/seq/predicates_pmux_6/SLICE_295
ROUTE         1     0.744     R4C8B.OFX0 to       R4C7A.C0 system/cpu/engine/seq/N_81
CTOF_DEL    ---     0.495       R4C7A.C0 to       R4C7A.F0 system/cpu/engine/seq/SLICE_538
ROUTE         2     1.485       R4C7A.F0 to       R9C6A.D0 system/cpu/engine/seq/condition
CTOF_DEL    ---     0.495       R9C6A.D0 to       R9C6A.F0 system/cpu/engine/seq/SLICE_515
ROUTE         1     0.766       R9C6A.F0 to       R7C6A.C1 system/cpu/engine/seq/next_address_1_sqmuxa_5
CTOF_DEL    ---     0.495       R7C6A.C1 to       R7C6A.F1 system/cpu/engine/seq/SLICE_518
ROUTE        10     0.818       R7C6A.F1 to       R7C8D.C1 system/cpu/engine/seq/next_address_4_sqmuxa
CTOF_DEL    ---     0.495       R7C8D.C1 to       R7C8D.F1 system/cpu/engine/seq/SLICE_624
ROUTE         1     1.925       R7C8D.F1 to       R8C7D.A0 system/cpu/engine/seq/uword_m[17]
CTOF_DEL    ---     0.495       R8C7D.A0 to       R8C7D.F0 system/cpu/engine/seq/SLICE_245
ROUTE         5     1.771       R8C7D.F0 to  EBR_R6C1.ADA9 system/cpu/engine/next_address[6] (to clk)
                  --------
                   32.307   (40.6% logic, 59.4% route), 17 logic levels.

 Clock Skew Details: 

      Source Clock Path oscillator to system/cpu/engine/rom/lane_2:

   Name    Fanout   Delay (ns)          Site               Resource
ROUTE       246     3.714        OSC.OSC to  EBR_R6C7.CLKA clk
                  --------
                    3.714   (0.0% logic, 100.0% route), 0 logic levels.

      Destination Clock Path oscillator to system/cpu/engine/rom/lane_1:

   Name    Fanout   Delay (ns)          Site               Resource
ROUTE       246     3.714        OSC.OSC to  EBR_R6C1.CLKA clk
                  --------
                    3.714   (0.0% logic, 100.0% route), 0 logic levels.

Report:   30.626MHz is the maximum frequency for this preference.


================================================================================
Preference: Unconstrained: CLOCK_DOMAIN
            0 unconstrained paths found
--------------------------------------------------------------------------------


================================================================================
Preference: Unconstrained: INPUT_SETUP
            10 unconstrained paths found
--------------------------------------------------------------------------------

Unconstrained Preference:
   INPUT_SETUP PORT "gpio_miso" CLKNET "clk" 

Report:    4.857ns delay gpio_miso to system/bus/SLICE_447 (4.509ns delay and 0.348ns setup)

   Name    Fanout   Delay (ns)          Site               Resource
PADI_DEL    ---     1.132         10.PAD to       10.PADDI gpio_miso
ROUTE         3     3.377       10.PADDI to      R8C16B.M0 gpio_miso_c (to clk)
                  --------
                    4.509   (25.1% logic, 74.9% route), 1 logic levels.

Unconstrained Preference:
   INPUT_SETUP PORT "res" CLKNET "clk" 

Report:    4.536ns delay res to SLICE_389 (3.803ns delay and 0.733ns setup)

   Name    Fanout   Delay (ns)          Site               Resource
PADI_DEL    ---     1.132          4.PAD to        4.PADDI res
ROUTE         1     2.671        4.PADDI to     R7C12C.LSR res_c (to clk)
                  --------
                    3.803   (29.8% logic, 70.2% route), 1 logic levels.

Unconstrained Preference:
   INPUT_SETUP PORT "gpio_miso" CLKNET "clk" 

Report:    4.525ns delay gpio_miso to system/bus/guest_memory/SLICE_131 (4.359ns delay and 0.166ns setup)

   Name    Fanout   Delay (ns)          Site               Resource
PADI_DEL    ---     1.132         10.PAD to       10.PADDI gpio_miso
ROUTE         3     2.732       10.PADDI to     R10C16B.C0 gpio_miso_c
CTOF_DEL    ---     0.495     R10C16B.C0 to     R10C16B.F0 system/bus/guest_memory/SLICE_131
ROUTE         1     0.000     R10C16B.F0 to    R10C16B.DI0 system/bus/guest_memory/rdata_9[8] (to clk)
                  --------
                    4.359   (37.3% logic, 62.7% route), 2 logic levels.

Unconstrained Preference:
   INPUT_SETUP PORT "gpio_key_row[0]" CLKNET "clk" 

Report:    2.292ns delay gpio_key_row[0] to gpio_key_row[0]_MGIOL (1.697ns delay and 0.595ns setup)

   Name    Fanout   Delay (ns)          Site               Resource
PADI_DEL    ---     1.132         29.PAD to       29.PADDI gpio_key_row[0]
ROUTE         1     0.565       29.PADDI to    IOL_T11D.DI gpio_key_row_in[0] (to clk)
                  --------
                    1.697   (66.7% logic, 33.3% route), 1 logic levels.

Unconstrained Preference:
   INPUT_SETUP PORT "gpio_key_row[1]" CLKNET "clk" 

Report:    2.292ns delay gpio_key_row[1] to gpio_key_row[1]_MGIOL (1.697ns delay and 0.595ns setup)

   Name    Fanout   Delay (ns)          Site               Resource
PADI_DEL    ---     1.132         30.PAD to       30.PADDI gpio_key_row[1]
ROUTE         1     0.565       30.PADDI to    IOL_T11C.DI gpio_key_row_in[1] (to clk)
                  --------
                    1.697   (66.7% logic, 33.3% route), 1 logic levels.

Unconstrained Preference:
   INPUT_SETUP PORT "gpio_key_row[2]" CLKNET "clk" 

Report:    2.292ns delay gpio_key_row[2] to gpio_key_row[2]_MGIOL (1.697ns delay and 0.595ns setup)

   Name    Fanout   Delay (ns)          Site               Resource
PADI_DEL    ---     1.132         32.PAD to       32.PADDI gpio_key_row[2]
ROUTE         1     0.565       32.PADDI to    IOL_T10D.DI gpio_key_row_in[2] (to clk)
                  --------
                    1.697   (66.7% logic, 33.3% route), 1 logic levels.

Unconstrained Preference:
   INPUT_SETUP PORT "gpio_key_row[3]" CLKNET "clk" 

Report:    2.292ns delay gpio_key_row[3] to gpio_key_row[3]_MGIOL (1.697ns delay and 0.595ns setup)

   Name    Fanout   Delay (ns)          Site               Resource
PADI_DEL    ---     1.132          1.PAD to        1.PADDI gpio_key_row[3]
ROUTE         1     0.565        1.PADDI to    IOL_T10C.DI gpio_key_row_in[3] (to clk)
                  --------
                    1.697   (66.7% logic, 33.3% route), 1 logic levels.

Unconstrained Preference:
   INPUT_SETUP PORT "rx" CLKNET "clk" 

Report:    2.292ns delay rx to rx_MGIOL (1.697ns delay and 0.595ns setup)

   Name    Fanout   Delay (ns)          Site               Resource
PADI_DEL    ---     1.132         25.PAD to       25.PADDI rx
ROUTE         1     0.565       25.PADDI to    IOL_T15D.DI rx_c (to clk)
                  --------
                    1.697   (66.7% logic, 33.3% route), 1 logic levels.

Unconstrained Preference:
   INPUT_SETUP PORT "sd_miso" CLKNET "clk" 

Report:    2.292ns delay sd_miso to sd_miso_MGIOL (1.697ns delay and 0.595ns setup)

   Name    Fanout   Delay (ns)          Site               Resource
PADI_DEL    ---     1.132         28.PAD to       28.PADDI sd_miso
ROUTE         1     0.565       28.PADDI to    IOL_T12C.DI sd_miso_c (to clk)
                  --------
                    1.697   (66.7% logic, 33.3% route), 1 logic levels.

Unconstrained Preference:
   INPUT_SETUP PORT "gpio_miso" CLKNET "clk" 

Report:    2.111ns delay gpio_miso to gpio_miso_MGIOL (1.516ns delay and 0.595ns setup)

   Name    Fanout   Delay (ns)          Site               Resource
PADI_DEL    ---     1.132         10.PAD to       10.PADDI gpio_miso
ROUTE         3     0.384       10.PADDI to     IOL_B6D.DI gpio_miso_c (to clk)
                  --------
                    1.516   (74.7% logic, 25.3% route), 1 logic levels.


================================================================================
Preference: Unconstrained: CLOCK_TO_OUT
            18 unconstrained paths found
--------------------------------------------------------------------------------

Unconstrained Preference:
   CLOCK_TO_OUT PORT "sd_mosi" CLKNET "clk" 

Report:    7.549ns delay system/bus/SLICE_82 to sd_mosi

   Name    Fanout   Delay (ns)          Site               Resource
REG_DEL     ---     0.452     R2C13A.CLK to      R2C13A.Q0 system/bus/SLICE_82 (from clk)
ROUTE        34     2.077      R2C13A.Q0 to      R5C18D.B1 system/bus/byte_sd/busy
CTOF_DEL    ---     0.495      R5C18D.B1 to      R5C18D.F1 system/bus/SLICE_73
ROUTE         1     1.728      R5C18D.F1 to       21.PADDO sd_mosi_c
DOPAD_DEL   ---     2.797       21.PADDO to         21.PAD sd_mosi
                  --------
                    7.549   (49.6% logic, 50.4% route), 3 logic levels.

Unconstrained Preference:
   CLOCK_TO_OUT PORT "gpio_key_row[3]" CLKNET "clk" 

Report:    6.658ns delay system/bus/SLICE_157 to gpio_key_row[3]

   Name    Fanout   Delay (ns)          Site               Resource
REG_DEL     ---     0.452     R5C16A.CLK to      R5C16A.Q0 system/bus/SLICE_157 (from clk)
ROUTE         3     2.026      R5C16A.Q0 to        1.PADDT system/bus/host_miso_oe
TDTS_DEL    ---     4.180        1.PADDT to          1.PAD gpio_key_row[3]
                  --------
                    6.658   (69.6% logic, 30.4% route), 2 logic levels.

Unconstrained Preference:
   CLOCK_TO_OUT PORT "sd_cs_n" CLKNET "clk" 

Report:    6.596ns delay system/bus/SLICE_73 to sd_cs_n

   Name    Fanout   Delay (ns)          Site               Resource
REG_DEL     ---     0.452     R5C18D.CLK to      R5C18D.Q0 system/bus/SLICE_73 (from clk)
ROUTE         2     3.347      R5C18D.Q0 to        5.PADDO sd_cs_n_c
DOPAD_DEL   ---     2.797        5.PADDO to          5.PAD sd_cs_n
                  --------
                    6.596   (49.3% logic, 50.7% route), 2 logic levels.

Unconstrained Preference:
   CLOCK_TO_OUT PORT "tx" CLKNET "clk" 

Report:    6.491ns delay system/bus/fixed_uart.console/SLICE_109 to tx

   Name    Fanout   Delay (ns)          Site               Resource
REG_DEL     ---     0.452     R3C21D.CLK to      R3C21D.Q0 system/bus/fixed_uart.console/SLICE_109 (from clk)
ROUTE        21     1.227      R3C21D.Q0 to      R4C19D.D1 system/bus/fixed_uart.console/tx_busy
CTOF_DEL    ---     0.495      R4C19D.D1 to      R4C19D.F1 system/bus/fixed_uart.console/SLICE_123
ROUTE         1     1.520      R4C19D.F1 to       23.PADDO tx_c
DOPAD_DEL   ---     2.797       23.PADDO to         23.PAD tx
                  --------
                    6.491   (57.7% logic, 42.3% route), 3 logic levels.

Unconstrained Preference:
   CLOCK_TO_OUT PORT "gpio_key_row[3]" CLKNET "clk" 

Report:    6.298ns delay system/SLICE_71 to gpio_key_row[3]

   Name    Fanout   Delay (ns)          Site               Resource
REG_DEL     ---     0.452     R5C16C.CLK to      R5C16C.Q0 system/SLICE_71 (from clk)
ROUTE         3     3.049      R5C16C.Q0 to        1.PADDO host_miso
DOPAD_DEL   ---     2.797        1.PADDO to          1.PAD gpio_key_row[3]
                  --------
                    6.298   (51.6% logic, 48.4% route), 2 logic levels.

Unconstrained Preference:
   CLOCK_TO_OUT PORT "gpio_din" CLKNET "clk" 

Report:    6.231ns delay system/bus/SLICE_67 to gpio_din

   Name    Fanout   Delay (ns)          Site               Resource
REG_DEL     ---     0.452     R7C16A.CLK to      R7C16A.Q0 system/bus/SLICE_67 (from clk)
ROUTE         3     2.982      R7C16A.Q0 to       16.PADDO gpio_din_c
DOPAD_DEL   ---     2.797       16.PADDO to         16.PAD gpio_din
                  --------
                    6.231   (52.1% logic, 47.9% route), 2 logic levels.

Unconstrained Preference:
   CLOCK_TO_OUT PORT "tx" CLKNET "clk" 

Report:    6.231ns delay system/bus/fixed_uart.console/SLICE_119 to tx

   Name    Fanout   Delay (ns)          Site               Resource
REG_DEL     ---     0.452     R4C19C.CLK to      R4C19C.Q0 system/bus/fixed_uart.console/SLICE_119 (from clk)
ROUTE         1     0.967      R4C19C.Q0 to      R4C19D.A1 system/bus/fixed_uart.console/tx_shift[0]
CTOF_DEL    ---     0.495      R4C19D.A1 to      R4C19D.F1 system/bus/fixed_uart.console/SLICE_123
ROUTE         1     1.520      R4C19D.F1 to       23.PADDO tx_c
DOPAD_DEL   ---     2.797       23.PADDO to         23.PAD tx
                  --------
                    6.231   (60.1% logic, 39.9% route), 3 logic levels.

Unconstrained Preference:
   CLOCK_TO_OUT PORT "gpio_mcs" CLKNET "clk" 

Report:    6.229ns delay system/bus/guest_memory/SLICE_68 to gpio_mcs

   Name    Fanout   Delay (ns)          Site               Resource
REG_DEL     ---     0.452     R9C19B.CLK to      R9C19B.Q0 system/bus/guest_memory/SLICE_68 (from clk)
ROUTE         3     2.980      R9C19B.Q0 to        8.PADDO gpio_mcs_c
DOPAD_DEL   ---     2.797        8.PADDO to          8.PAD gpio_mcs
                  --------
                    6.229   (52.2% logic, 47.8% route), 2 logic levels.

Unconstrained Preference:
   CLOCK_TO_OUT PORT "sd_mosi" CLKNET "clk" 

Report:    6.216ns delay system/bus/byte_sd/SLICE_93 to sd_mosi

   Name    Fanout   Delay (ns)          Site               Resource
REG_DEL     ---     0.452     R4C18D.CLK to      R4C18D.Q1 system/bus/byte_sd/SLICE_93 (from clk)
ROUTE         1     0.744      R4C18D.Q1 to      R5C18D.C1 system/bus/byte_sd/tx_shift[7]
CTOF_DEL    ---     0.495      R5C18D.C1 to      R5C18D.F1 system/bus/SLICE_73
ROUTE         1     1.728      R5C18D.F1 to       21.PADDO sd_mosi_c
DOPAD_DEL   ---     2.797       21.PADDO to         21.PAD sd_mosi
                  --------
                    6.216   (60.2% logic, 39.8% route), 3 logic levels.

Unconstrained Preference:
   CLOCK_TO_OUT PORT "tx" CLKNET "clk" 

Report:    6.037ns delay system/bus/fixed_uart.console/SLICE_608 to tx

   Name    Fanout   Delay (ns)          Site               Resource
REG_DEL     ---     0.452     R3C19D.CLK to      R3C19D.Q0 system/bus/fixed_uart.console/SLICE_608 (from clk)
ROUTE         2     0.773      R3C19D.Q0 to      R4C19D.C1 system/bus/fixed_uart.console/tx_break
CTOF_DEL    ---     0.495      R4C19D.C1 to      R4C19D.F1 system/bus/fixed_uart.console/SLICE_123
ROUTE         1     1.520      R4C19D.F1 to       23.PADDO tx_c
DOPAD_DEL   ---     2.797       23.PADDO to         23.PAD tx
                  --------
                    6.037   (62.0% logic, 38.0% route), 3 logic levels.

Unconstrained Preference:
   CLOCK_TO_OUT PORT "gpio_ce" CLKNET "clk" 

Report:    5.456ns delay system/bus/SLICE_65 to gpio_ce

   Name    Fanout   Delay (ns)          Site               Resource
REG_DEL     ---     0.452     R7C15A.CLK to      R7C15A.Q0 system/bus/SLICE_65 (from clk)
ROUTE         3     2.207      R7C15A.Q0 to       14.PADDO gpio_ce_c
DOPAD_DEL   ---     2.797       14.PADDO to         14.PAD gpio_ce
                  --------
                    5.456   (59.5% logic, 40.5% route), 2 logic levels.

Unconstrained Preference:
   CLOCK_TO_OUT PORT "gpio_reg_latch" CLKNET "clk" 

Report:    5.412ns delay system/bus/SLICE_69 to gpio_reg_latch

   Name    Fanout   Delay (ns)          Site               Resource
REG_DEL     ---     0.452     R5C15C.CLK to      R5C15C.Q0 system/bus/SLICE_69 (from clk)
ROUTE         3     2.163      R5C15C.Q0 to       20.PADDO gpio_reg_latch_c
DOPAD_DEL   ---     2.797       20.PADDO to         20.PAD gpio_reg_latch
                  --------
                    5.412   (60.0% logic, 40.0% route), 2 logic levels.

Unconstrained Preference:
   CLOCK_TO_OUT PORT "sd_sck" CLKNET "clk" 

Report:    5.103ns delay system/bus/byte_sd/SLICE_74 to sd_sck

   Name    Fanout   Delay (ns)          Site               Resource
REG_DEL     ---     0.452     R2C18A.CLK to      R2C18A.Q0 system/bus/byte_sd/SLICE_74 (from clk)
ROUTE         6     1.854      R2C18A.Q0 to       27.PADDO sd_sck_c
DOPAD_DEL   ---     2.797       27.PADDO to         27.PAD sd_sck
                  --------
                    5.103   (63.7% logic, 36.3% route), 2 logic levels.

Unconstrained Preference:
   CLOCK_TO_OUT PORT "gpio_rs" CLKNET "clk" 

Report:    4.991ns delay system/bus/SLICE_70 to gpio_rs

   Name    Fanout   Delay (ns)          Site               Resource
REG_DEL     ---     0.452     R7C10C.CLK to      R7C10C.Q0 system/bus/SLICE_70 (from clk)
ROUTE         3     1.742      R7C10C.Q0 to       11.PADDO gpio_rs_c
DOPAD_DEL   ---     2.797       11.PADDO to         11.PAD gpio_rs
                  --------
                    4.991   (65.1% logic, 34.9% route), 2 logic levels.

Unconstrained Preference:
   CLOCK_TO_OUT PORT "gpio_blank" CLKNET "clk" 

Report:    4.921ns delay system/bus/SLICE_64 to gpio_blank

   Name    Fanout   Delay (ns)          Site               Resource
REG_DEL     ---     0.452     R5C11B.CLK to      R5C11B.Q0 system/bus/SLICE_64 (from clk)
ROUTE         2     1.672      R5C11B.Q0 to       13.PADDO gpio_blank_c
DOPAD_DEL   ---     2.797       13.PADDO to         13.PAD gpio_blank
                  --------
                    4.921   (66.0% logic, 34.0% route), 2 logic levels.

Unconstrained Preference:
   CLOCK_TO_OUT PORT "gpio_clk" CLKNET "clk" 

Report:    4.905ns delay system/bus/SLICE_66 to gpio_clk

   Name    Fanout   Delay (ns)          Site               Resource
REG_DEL     ---     0.452     R7C10A.CLK to      R7C10A.Q0 system/bus/SLICE_66 (from clk)
ROUTE         2     1.656      R7C10A.Q0 to       12.PADDO gpio_clk_c
DOPAD_DEL   ---     2.797       12.PADDO to         12.PAD gpio_clk
                  --------
                    4.905   (66.2% logic, 33.8% route), 2 logic levels.

Unconstrained Preference:
   CLOCK_TO_OUT PORT "gpio_msck" CLKNET "clk" 

Report:    4.084ns delay gpio_msck_MGIOL to gpio_msck

   Name    Fanout   Delay (ns)          Site               Resource
C2OUT_DEL   ---     1.244    IOL_B6C.CLK to  IOL_B6C.IOLDO gpio_msck_MGIOL (from clk)
ROUTE         1     0.043  IOL_B6C.IOLDO to        9.IOLDO gpio_msck_c
OP0PAD_DEL  ---     2.797        9.IOLDO to          9.PAD gpio_msck
                  --------
                    4.084   (98.9% logic, 1.1% route), 2 logic levels.

Unconstrained Preference:
   CLOCK_TO_OUT PORT "gpio_mosi" CLKNET "clk" 

Report:    3.407ns delay gpio_mosi_MGIOL to gpio_mosi

   Name    Fanout   Delay (ns)          Site               Resource
C2OUT_DEL   ---     0.567   IOL_B20D.CLK to IOL_B20D.IOLDO gpio_mosi_MGIOL (from clk)
ROUTE         1     0.043 IOL_B20D.IOLDO to       17.IOLDO gpio_mosi_c
OP0PAD_DEL  ---     2.797       17.IOLDO to         17.PAD gpio_mosi
                  --------
                    3.407   (98.7% logic, 1.3% route), 2 logic levels.


================================================================================
Preference: Unconstrained: MAXDELAY
            0 unconstrained paths found
--------------------------------------------------------------------------------

Report Summary
--------------
----------------------------------------------------------------------------
Preference                              |   Constraint|       Actual|Levels
----------------------------------------------------------------------------
                                        |             |             |
FREQUENCY NET "clk" 29.560000 MHz ;     |   29.560 MHz|   30.626 MHz|  17  
                                        |             |             |
----------------------------------------------------------------------------


All preferences were met.


Clock Domains Analysis
------------------------

Found 1 clocks:

Clock Domain: clk   Source: oscillator.OSC   Loads: 246
   Covered under: FREQUENCY NET "clk" 29.560000 MHz ;


--------------------------------------------------------------------------------
                Connections not covered by the preferences
--------------------------------------------------------------------------------

     Delay                        Element                 Net

    0.565ns pio_key_row[0].PADDI to _key_row[0]_MGIOL.DI gpio_key_row_in[0]
    0.565ns        sd_miso.PADDI to     sd_miso_MGIOL.DI sd_miso_c
    0.565ns             rx.PADDI to          rx_MGIOL.DI rx_c
    2.732ns      gpio_miso.PADDI to _memory/SLICE_131.C0 gpio_miso_c
    3.377ns      gpio_miso.PADDI to tem/bus/SLICE_447.M0 gpio_miso_c
    0.384ns      gpio_miso.PADDI to   gpio_miso_MGIOL.DI gpio_miso_c
    0.565ns pio_key_row[1].PADDI to _key_row[1]_MGIOL.DI gpio_key_row_in[1]
    0.565ns pio_key_row[2].PADDI to _key_row[2]_MGIOL.DI gpio_key_row_in[2]
    0.565ns pio_key_row[3].PADDI to _key_row[3]_MGIOL.DI gpio_key_row_in[3]
    2.671ns            res.PADDI to        SLICE_389.LSR res_c

--------------------------------------------------------------------------------


Timing summary (Setup):
---------------

Timing errors: 0  Score: 0
Cumulative negative slack: 0

Constraints cover 3835960 paths, 1 nets, and 5482 connections (99.82% coverage)

--------------------------------------------------------------------------------
Lattice TRACE Report - Hold, Version Diamond (64-bit) 3.14.0.75.2
Sat Sep 12 14:14:15 2026

Copyright (c) 1991-1994 by NeoCAD Inc. All rights reserved.
Copyright (c) 1995 AT&T Corp.   All rights reserved.
Copyright (c) 1995-2001 Lucent Technologies Inc.  All rights reserved.
Copyright (c) 2001 Agere Systems   All rights reserved.
Copyright (c) 2002-2024 Lattice Semiconductor Corporation,  All rights reserved.

Report Information
------------------
Command line:    trce -v 10 -c -u 0 -gt -sethld -sp 4 -sphld m -o cp58b_impl1.twr cp58b_impl1.ncd cp58b_impl1.prf 
Design file:     cp58b_impl1.ncd
Preference file: cp58b_impl1.prf
Device,speed:    LCMXO2-1200HC,m
Report level:    verbose report, limited to 10 items per preference
--------------------------------------------------------------------------------

BLOCK ASYNCPATHS
BLOCK RESETPATHS
--------------------------------------------------------------------------------



================================================================================
Preference: FREQUENCY NET "clk" 29.560000 MHz ;
            4096 items scored, 0 timing errors detected.
--------------------------------------------------------------------------------


Passed: The following path meets requirements by 0.292ns

 Logical Details:  Cell type  Pin type       Cell/ASIC name  (clock net +/-)

   Source:         Sync_RAM   Q              system/cpu/engine/dp/rf/words_ram/RAM0  (from clk +)
   Destination:    FF         Data in        system/cpu/engine/service_ready[0]  (to clk +)

   Delay:               0.279ns  (98.9% logic, 1.1% route), 1 logic levels.

 Constraint Details:

      0.279ns physical path delay system/cpu/engine/SLICE_44 to system/cpu/engine/SLICE_44 meets
     -0.013ns DIN_HLD and
      0.000ns delay constraint less
      0.000ns skew requirement (totaling -0.013ns) by 0.292ns

 Physical Path Details:

      Data path system/cpu/engine/SLICE_44 to system/cpu/engine/SLICE_44:

   Name    Fanout   Delay (ns)          Site               Resource
CLKTOF_DEL  ---     0.276     R2C10A.WCK to      R2C10A.F0 system/cpu/engine/SLICE_44 (from clk)
ROUTE        54     0.003      R2C10A.F0 to     R2C10A.DI0 system/address[0] (to clk)
                  --------
                    0.279   (98.9% logic, 1.1% route), 1 logic levels.

 Clock Skew Details: 

      Source Clock Path oscillator to system/cpu/engine/SLICE_44:

   Name    Fanout   Delay (ns)          Site               Resource
ROUTE       246     1.216        OSC.OSC to     R2C10A.WCK clk
                  --------
                    1.216   (0.0% logic, 100.0% route), 0 logic levels.

      Destination Clock Path oscillator to system/cpu/engine/SLICE_44:

   Name    Fanout   Delay (ns)          Site               Resource
ROUTE       246     1.216        OSC.OSC to     R2C10A.CLK clk
                  --------
                    1.216   (0.0% logic, 100.0% route), 0 logic levels.


Passed: The following path meets requirements by 0.296ns

 Logical Details:  Cell type  Pin type       Cell/ASIC name  (clock net +/-)

   Source:         Sync_RAM   Q              system/cpu/engine/dp/rf/words_ram/RAM0  (from clk +)
   Destination:    FF         Data in        system/cpu/engine/service_ready[1]  (to clk +)

   Delay:               0.283ns  (97.5% logic, 2.5% route), 1 logic levels.

 Constraint Details:

      0.283ns physical path delay system/cpu/engine/SLICE_44 to system/cpu/engine/SLICE_44 meets
     -0.013ns DIN_HLD and
      0.000ns delay constraint less
      0.000ns skew requirement (totaling -0.013ns) by 0.296ns

 Physical Path Details:

      Data path system/cpu/engine/SLICE_44 to system/cpu/engine/SLICE_44:

   Name    Fanout   Delay (ns)          Site               Resource
CLKTOF_DEL  ---     0.276     R2C10A.WCK to      R2C10A.F1 system/cpu/engine/SLICE_44 (from clk)
ROUTE        46     0.007      R2C10A.F1 to     R2C10A.DI1 system/address[1] (to clk)
                  --------
                    0.283   (97.5% logic, 2.5% route), 1 logic levels.

 Clock Skew Details: 

      Source Clock Path oscillator to system/cpu/engine/SLICE_44:

   Name    Fanout   Delay (ns)          Site               Resource
ROUTE       246     1.216        OSC.OSC to     R2C10A.WCK clk
                  --------
                    1.216   (0.0% logic, 100.0% route), 0 logic levels.

      Destination Clock Path oscillator to system/cpu/engine/SLICE_44:

   Name    Fanout   Delay (ns)          Site               Resource
ROUTE       246     1.216        OSC.OSC to     R2C10A.CLK clk
                  --------
                    1.216   (0.0% logic, 100.0% route), 0 logic levels.


Passed: The following path meets requirements by 0.304ns

 Logical Details:  Cell type  Pin type       Cell/ASIC name  (clock net +/-)

   Source:         FF         Q              reset_sync[1]  (from clk +)
   Destination:    FF         Data in        reset_sync[0]  (to clk +)

   Delay:               0.285ns  (46.7% logic, 53.3% route), 1 logic levels.

 Constraint Details:

      0.285ns physical path delay SLICE_389 to SLICE_389 meets
     -0.019ns M_HLD and
      0.000ns delay constraint less
      0.000ns skew requirement (totaling -0.019ns) by 0.304ns

 Physical Path Details:

      Data path SLICE_389 to SLICE_389:

   Name    Fanout   Delay (ns)          Site               Resource
REG_DEL     ---     0.133     R7C12C.CLK to      R7C12C.Q1 SLICE_389 (from clk)
ROUTE         1     0.152      R7C12C.Q1 to      R7C12C.M0 reset_sync[1] (to clk)
                  --------
                    0.285   (46.7% logic, 53.3% route), 1 logic levels.

 Clock Skew Details: 

      Source Clock Path oscillator to SLICE_389:

   Name    Fanout   Delay (ns)          Site               Resource
ROUTE       246     1.216        OSC.OSC to     R7C12C.CLK clk
                  --------
                    1.216   (0.0% logic, 100.0% route), 0 logic levels.

      Destination Clock Path oscillator to SLICE_389:

   Name    Fanout   Delay (ns)          Site               Resource
ROUTE       246     1.216        OSC.OSC to     R7C12C.CLK clk
                  --------
                    1.216   (0.0% logic, 100.0% route), 0 logic levels.


Passed: The following path meets requirements by 0.304ns

 Logical Details:  Cell type  Pin type       Cell/ASIC name  (clock net +/-)

   Source:         FF         Q              system/bus/fixed_uart.console/cts_sync[0]  (from clk +)
   Destination:    FF         Data in        system/bus/fixed_uart.console/cts_sync[1]  (to clk +)

   Delay:               0.285ns  (46.7% logic, 53.3% route), 1 logic levels.

 Constraint Details:

      0.285ns physical path delay system/bus/fixed_uart.console/SLICE_94 to system/bus/fixed_uart.console/SLICE_94 meets
     -0.019ns M_HLD and
      0.000ns delay constraint less
      0.000ns skew requirement (totaling -0.019ns) by 0.304ns

 Physical Path Details:

      Data path system/bus/fixed_uart.console/SLICE_94 to system/bus/fixed_uart.console/SLICE_94:

   Name    Fanout   Delay (ns)          Site               Resource
REG_DEL     ---     0.133     R2C21D.CLK to      R2C21D.Q0 system/bus/fixed_uart.console/SLICE_94 (from clk)
ROUTE         1     0.152      R2C21D.Q0 to      R2C21D.M1 system/bus/fixed_uart.console/cts_sync[0] (to clk)
                  --------
                    0.285   (46.7% logic, 53.3% route), 1 logic levels.

 Clock Skew Details: 

      Source Clock Path oscillator to system/bus/fixed_uart.console/SLICE_94:

   Name    Fanout   Delay (ns)          Site               Resource
ROUTE       246     1.216        OSC.OSC to     R2C21D.CLK clk
                  --------
                    1.216   (0.0% logic, 100.0% route), 0 logic levels.

      Destination Clock Path oscillator to system/bus/fixed_uart.console/SLICE_94:

   Name    Fanout   Delay (ns)          Site               Resource
ROUTE       246     1.216        OSC.OSC to     R2C21D.CLK clk
                  --------
                    1.216   (0.0% logic, 100.0% route), 0 logic levels.


Passed: The following path meets requirements by 0.306ns

 Logical Details:  Cell type  Pin type       Cell/ASIC name  (clock net +/-)

   Source:         FF         Q              system/bus/timebase/state[15]  (from clk +)
   Destination:    FF         Data in        system/bus/timebase/state[16]  (to clk +)

   Delay:               0.287ns  (46.3% logic, 53.7% route), 1 logic levels.

 Constraint Details:

      0.287ns physical path delay SLICE_187 to SLICE_187 meets
     -0.019ns M_HLD and
      0.000ns delay constraint less
      0.000ns skew requirement (totaling -0.019ns) by 0.306ns

 Physical Path Details:

      Data path SLICE_187 to SLICE_187:

   Name    Fanout   Delay (ns)          Site               Resource
REG_DEL     ---     0.133     R4C14C.CLK to      R4C14C.Q0 SLICE_187 (from clk)
ROUTE         2     0.154      R4C14C.Q0 to      R4C14C.M1 system/bus/timebase/state[15] (to clk)
                  --------
                    0.287   (46.3% logic, 53.7% route), 1 logic levels.

 Clock Skew Details: 

      Source Clock Path oscillator to SLICE_187:

   Name    Fanout   Delay (ns)          Site               Resource
ROUTE       246     1.216        OSC.OSC to     R4C14C.CLK clk
                  --------
                    1.216   (0.0% logic, 100.0% route), 0 logic levels.

      Destination Clock Path oscillator to SLICE_187:

   Name    Fanout   Delay (ns)          Site               Resource
ROUTE       246     1.216        OSC.OSC to     R4C14C.CLK clk
                  --------
                    1.216   (0.0% logic, 100.0% route), 0 logic levels.


Passed: The following path meets requirements by 0.306ns

 Logical Details:  Cell type  Pin type       Cell/ASIC name  (clock net +/-)

   Source:         FF         Q              system/bus/timebase/state[1]  (from clk +)
   Destination:    FF         Data in        system/bus/timebase/state[2]  (to clk +)

   Delay:               0.287ns  (46.3% logic, 53.7% route), 1 logic levels.

 Constraint Details:

      0.287ns physical path delay system/bus/SLICE_387 to system/bus/SLICE_387 meets
     -0.019ns M_HLD and
      0.000ns delay constraint less
      0.000ns skew requirement (totaling -0.019ns) by 0.306ns

 Physical Path Details:

      Data path system/bus/SLICE_387 to system/bus/SLICE_387:

   Name    Fanout   Delay (ns)          Site               Resource
REG_DEL     ---     0.133     R5C15A.CLK to      R5C15A.Q0 system/bus/SLICE_387 (from clk)
ROUTE         2     0.154      R5C15A.Q0 to      R5C15A.M1 system/bus/timebase/state[1] (to clk)
                  --------
                    0.287   (46.3% logic, 53.7% route), 1 logic levels.

 Clock Skew Details: 

      Source Clock Path oscillator to system/bus/SLICE_387:

   Name    Fanout   Delay (ns)          Site               Resource
ROUTE       246     1.216        OSC.OSC to     R5C15A.CLK clk
                  --------
                    1.216   (0.0% logic, 100.0% route), 0 logic levels.

      Destination Clock Path oscillator to system/bus/SLICE_387:

   Name    Fanout   Delay (ns)          Site               Resource
ROUTE       246     1.216        OSC.OSC to     R5C15A.CLK clk
                  --------
                    1.216   (0.0% logic, 100.0% route), 0 logic levels.


Passed: The following path meets requirements by 0.306ns

 Logical Details:  Cell type  Pin type       Cell/ASIC name  (clock net +/-)

   Source:         FF         Q              system/bus/fixed_uart.console/rx_shift[3]  (from clk +)
   Destination:    FF         Data in        system/bus/fixed_uart.console/rx_shift[2]  (to clk +)

   Delay:               0.287ns  (46.3% logic, 53.7% route), 1 logic levels.

 Constraint Details:

      0.287ns physical path delay system/bus/fixed_uart.console/SLICE_425 to system/bus/fixed_uart.console/SLICE_425 meets
     -0.019ns M_HLD and
      0.000ns delay constraint less
      0.000ns skew requirement (totaling -0.019ns) by 0.306ns

 Physical Path Details:

      Data path system/bus/fixed_uart.console/SLICE_425 to system/bus/fixed_uart.console/SLICE_425:

   Name    Fanout   Delay (ns)          Site               Resource
REG_DEL     ---     0.133     R3C20A.CLK to      R3C20A.Q1 system/bus/fixed_uart.console/SLICE_425 (from clk)
ROUTE         2     0.154      R3C20A.Q1 to      R3C20A.M0 system/bus/fixed_uart.console/rx_shift[3] (to clk)
                  --------
                    0.287   (46.3% logic, 53.7% route), 1 logic levels.

 Clock Skew Details: 

      Source Clock Path oscillator to system/bus/fixed_uart.console/SLICE_425:

   Name    Fanout   Delay (ns)          Site               Resource
ROUTE       246     1.216        OSC.OSC to     R3C20A.CLK clk
                  --------
                    1.216   (0.0% logic, 100.0% route), 0 logic levels.

      Destination Clock Path oscillator to system/bus/fixed_uart.console/SLICE_425:

   Name    Fanout   Delay (ns)          Site               Resource
ROUTE       246     1.216        OSC.OSC to     R3C20A.CLK clk
                  --------
                    1.216   (0.0% logic, 100.0% route), 0 logic levels.


Passed: The following path meets requirements by 0.306ns

 Logical Details:  Cell type  Pin type       Cell/ASIC name  (clock net +/-)

   Source:         FF         Q              system/bus/fixed_uart.console/rx_shift[6]  (from clk +)
   Destination:    FF         Data in        system/bus/fixed_uart.console/rx_buffer[6]  (to clk +)

   Delay:               0.287ns  (46.3% logic, 53.7% route), 1 logic levels.

 Constraint Details:

      0.287ns physical path delay system/bus/fixed_uart.console/SLICE_422 to system/bus/fixed_uart.console/SLICE_663 meets
     -0.019ns M_HLD and
      0.000ns delay constraint less
      0.000ns skew requirement (totaling -0.019ns) by 0.306ns

 Physical Path Details:

      Data path system/bus/fixed_uart.console/SLICE_422 to system/bus/fixed_uart.console/SLICE_663:

   Name    Fanout   Delay (ns)          Site               Resource
REG_DEL     ---     0.133     R3C20D.CLK to      R3C20D.Q0 system/bus/fixed_uart.console/SLICE_422 (from clk)
ROUTE         2     0.154      R3C20D.Q0 to      R3C20B.M0 system/bus/fixed_uart.console/rx_shift[6] (to clk)
                  --------
                    0.287   (46.3% logic, 53.7% route), 1 logic levels.

 Clock Skew Details: 

      Source Clock Path oscillator to system/bus/fixed_uart.console/SLICE_422:

   Name    Fanout   Delay (ns)          Site               Resource
ROUTE       246     1.216        OSC.OSC to     R3C20D.CLK clk
                  --------
                    1.216   (0.0% logic, 100.0% route), 0 logic levels.

      Destination Clock Path oscillator to system/bus/fixed_uart.console/SLICE_663:

   Name    Fanout   Delay (ns)          Site               Resource
ROUTE       246     1.216        OSC.OSC to     R3C20B.CLK clk
                  --------
                    1.216   (0.0% logic, 100.0% route), 0 logic levels.


Passed: The following path meets requirements by 0.306ns

 Logical Details:  Cell type  Pin type       Cell/ASIC name  (clock net +/-)

   Source:         FF         Q              system/bus/guest_memory/rx[0]  (from clk +)
   Destination:    FF         Data in        system/bus/guest_memory/rx[1]  (to clk +)

   Delay:               0.287ns  (46.3% logic, 53.7% route), 1 logic levels.

 Constraint Details:

      0.287ns physical path delay system/bus/SLICE_447 to system/bus/SLICE_447 meets
     -0.019ns M_HLD and
      0.000ns delay constraint less
      0.000ns skew requirement (totaling -0.019ns) by 0.306ns

 Physical Path Details:

      Data path system/bus/SLICE_447 to system/bus/SLICE_447:

   Name    Fanout   Delay (ns)          Site               Resource
REG_DEL     ---     0.133     R8C16B.CLK to      R8C16B.Q0 system/bus/SLICE_447 (from clk)
ROUTE         3     0.154      R8C16B.Q0 to      R8C16B.M1 system/bus/guest_memory/rx[0] (to clk)
                  --------
                    0.287   (46.3% logic, 53.7% route), 1 logic levels.

 Clock Skew Details: 

      Source Clock Path oscillator to system/bus/SLICE_447:

   Name    Fanout   Delay (ns)          Site               Resource
ROUTE       246     1.216        OSC.OSC to     R8C16B.CLK clk
                  --------
                    1.216   (0.0% logic, 100.0% route), 0 logic levels.

      Destination Clock Path oscillator to system/bus/SLICE_447:

   Name    Fanout   Delay (ns)          Site               Resource
ROUTE       246     1.216        OSC.OSC to     R8C16B.CLK clk
                  --------
                    1.216   (0.0% logic, 100.0% route), 0 logic levels.


Passed: The following path meets requirements by 0.306ns

 Logical Details:  Cell type  Pin type       Cell/ASIC name  (clock net +/-)

   Source:         FF         Q              system/bus/byte_sd/rx_shift[5]  (from clk +)
   Destination:    FF         Data in        system/bus/byte_sd/rx_shift[6]  (to clk +)

   Delay:               0.287ns  (46.3% logic, 53.7% route), 1 logic levels.

 Constraint Details:

      0.287ns physical path delay system/SLICE_437 to system/SLICE_437 meets
     -0.019ns M_HLD and
      0.000ns delay constraint less
      0.000ns skew requirement (totaling -0.019ns) by 0.306ns

 Physical Path Details:

      Data path system/SLICE_437 to system/SLICE_437:

   Name    Fanout   Delay (ns)          Site               Resource
REG_DEL     ---     0.133     R4C16C.CLK to      R4C16C.Q0 system/SLICE_437 (from clk)
ROUTE         2     0.154      R4C16C.Q0 to      R4C16C.M1 system/bus/byte_sd/rdata_8[5] (to clk)
                  --------
                    0.287   (46.3% logic, 53.7% route), 1 logic levels.

 Clock Skew Details: 

      Source Clock Path oscillator to system/SLICE_437:

   Name    Fanout   Delay (ns)          Site               Resource
ROUTE       246     1.216        OSC.OSC to     R4C16C.CLK clk
                  --------
                    1.216   (0.0% logic, 100.0% route), 0 logic levels.

      Destination Clock Path oscillator to system/SLICE_437:

   Name    Fanout   Delay (ns)          Site               Resource
ROUTE       246     1.216        OSC.OSC to     R4C16C.CLK clk
                  --------
                    1.216   (0.0% logic, 100.0% route), 0 logic levels.

Report Summary
--------------
----------------------------------------------------------------------------
Preference(MIN Delays)                  |   Constraint|       Actual|Levels
----------------------------------------------------------------------------
                                        |             |             |
FREQUENCY NET "clk" 29.560000 MHz ;     |     0.000 ns|     0.292 ns|   1  
                                        |             |             |
----------------------------------------------------------------------------


All preferences were met.


Clock Domains Analysis
------------------------

Found 1 clocks:

Clock Domain: clk   Source: oscillator.OSC   Loads: 246
   Covered under: FREQUENCY NET "clk" 29.560000 MHz ;


--------------------------------------------------------------------------------
                Connections not covered by the preferences
--------------------------------------------------------------------------------

     Delay                        Element                 Net

    0.177ns pio_key_row[0].PADDI to _key_row[0]_MGIOL.DI gpio_key_row_in[0]
    0.177ns        sd_miso.PADDI to     sd_miso_MGIOL.DI sd_miso_c
    0.177ns             rx.PADDI to          rx_MGIOL.DI rx_c
    0.931ns      gpio_miso.PADDI to _memory/SLICE_131.C0 gpio_miso_c
    1.162ns      gpio_miso.PADDI to tem/bus/SLICE_447.M0 gpio_miso_c
    0.127ns      gpio_miso.PADDI to   gpio_miso_MGIOL.DI gpio_miso_c
    0.177ns pio_key_row[1].PADDI to _key_row[1]_MGIOL.DI gpio_key_row_in[1]
    0.177ns pio_key_row[2].PADDI to _key_row[2]_MGIOL.DI gpio_key_row_in[2]
    0.177ns pio_key_row[3].PADDI to _key_row[3]_MGIOL.DI gpio_key_row_in[3]
    0.890ns            res.PADDI to        SLICE_389.LSR res_c

--------------------------------------------------------------------------------


Timing summary (Hold):
---------------

Timing errors: 0  Score: 0
Cumulative negative slack: 0

Constraints cover 3835960 paths, 1 nets, and 5482 connections (99.82% coverage)



Timing summary (Setup and Hold):
---------------

Timing errors: 0 (setup), 0 (hold)
Score: 0 (setup), 0 (hold)
Cumulative negative slack: 0 (0+0)
--------------------------------------------------------------------------------

--------------------------------------------------------------------------------

