
 /----------------------------------------------------------------------------\
 |  yosys -- Yosys Open SYnthesis Suite                                       |
 |  Copyright (C) 2012 - 2026  Claire Xenia Wolf <claire@yosyshq.com>         |
 |  Distributed under an ISC-like license, type "license" to see terms        |
 \----------------------------------------------------------------------------/
 Yosys 0.68 (git sha1 38e001a6f, Release, Clang /workspace/YoWASP/yosys/wasi-sdk-33.0-x86_64-linux/share/cmake/../..//bin/clang++ 22.1.0)

-- Executing script file `proof.ys' --

1. Executing Verilog-2005 frontend: gold.v
Parsing SystemVerilog input from `gold.v' to AST representation.
Generating RTLIL representation for module `\gold'.
Successfully finished Verilog frontend.

2. Executing Verilog-2005 frontend: gate.v
Parsing SystemVerilog input from `gate.v' to AST representation.
Generating RTLIL representation for module `\gate'.
Successfully finished Verilog frontend.

3. Executing PROC pass (convert processes to netlists).

3.1. Executing PROC_CLEAN pass (remove empty switches from decision trees).
Cleaned up 0 empty switches.

3.2. Executing PROC_RMDEAD pass (remove dead branches from decision trees).
Marked 1 switch rules as full_case in process $proc$gate.v:76$193 in module gate.
Marked 1 switch rules as full_case in process $proc$gold.v:79$90 in module gold.
Removed a total of 0 dead cases.

3.3. Executing PROC_PRUNE pass (remove redundant assignments in processes).
Removed 0 redundant assignments.
Promoted 2 assignments to connections.

3.4. Executing PROC_INIT pass (extract init attributes).

3.5. Executing PROC_ARST pass (detect async resets in processes).

3.6. Executing PROC_ROM pass (convert switches to ROMs).
Converted 0 switches.
<suppressed ~2 debug messages>

3.7. Executing PROC_MUX pass (convert decision trees to multiplexers).
Creating decoders for process `\gate.$proc$gate.v:76$193'.
     1/1: $1\gate_local_rdata[15:0]
Creating decoders for process `\gold.$proc$gold.v:79$90'.
     1/1: $1\gold_local_rdata[15:0]

3.8. Executing PROC_DLATCH pass (convert process syncs to latches).
No latch inferred for signal `\gate.\gate_local_rdata' from process `\gate.$proc$gate.v:76$193'.
No latch inferred for signal `\gold.\gold_local_rdata' from process `\gold.$proc$gold.v:79$90'.

3.9. Executing PROC_DFF pass (convert process syncs to FFs).

3.10. Executing PROC_MEMWR pass (convert process memory writes to cells).

3.11. Executing PROC_CLEAN pass (remove empty switches from decision trees).
Found and cleaned up 1 empty switch in `\gate.$proc$gate.v:76$193'.
Removing empty process `gate.$proc$gate.v:76$193'.
Found and cleaned up 1 empty switch in `\gold.$proc$gold.v:79$90'.
Removing empty process `gold.$proc$gold.v:79$90'.
Cleaned up 2 empty switches.

3.12. Executing OPT_EXPR pass (perform const folding).
Optimizing module gate.
<suppressed ~4 debug messages>
Optimizing module gold.
<suppressed ~4 debug messages>

4. Executing OPT_CLEAN pass (remove unused cells and wires).
Finding unused cells or wires in module \gate..
Finding unused cells or wires in module \gold..
Removed 0 unused cells and 52 unused wires.
<suppressed ~2 debug messages>

5. Executing EQUIV_MAKE pass (creating equiv checking module).
Presumably equivalent wires: selections_gold ({ \gold_local_boot_selected_gold \gold_boot_program_selected_gold \gold_boot_selected_gold \gold_io_page_gold \gold_service_dma_selected_gold \gold_service_program_selected_gold \gold_program_selected_gold \gold_cpu_io_page_gold \gold_uart_selected_gold \gold_ltc_selected_gold \gold_panel_selected_gold \gold_maint_selected_gold \gold_sd_selected_gold \gold_rk_selected_gold \gold_rk_cs1_selected_gold \gold_rk_cs2_selected_gold \gold_rk_ds_selected_gold \gold_rk_fixed_selected_gold \gold_rk_store_selected_gold \gold_fram_selected_gold \gold_fram_selected_gold \gold_firmware_selected_gold }), selections_gate ({ \gate_local_boot_selected_gate \gate_boot_program_selected_gate \gate_boot_selected_gate \gate_io_page_gate \gate_service_dma_selected_gate \gate_service_program_selected_gate \gate_program_selected_gate \gate_cpu_io_page_gate \gate_uart_selected_gate \gate_ltc_selected_gate \gate_panel_selected_gate \gate_maint_selected_gate \gate_sd_selected_gate \gate_rk_selected_gate \gate_rk_cs1_selected_gate \gate_rk_cs2_selected_gate \gate_rk_ds_selected_gate \gate_rk_fixed_selected_gate \gate_rk_store_selected_gate \gate_fram_selected_gate \gate_fram_selected_gate \gate_firmware_selected_gate }) -> selections
Presumably equivalent wires: rdata_gold (\rdata_gold), rdata_gate (\rdata_gate) -> rdata
Presumably equivalent wires: rk_immediate_done_gold (\rk_immediate_done_gold), rk_immediate_done_gate (\rk_immediate_done_gate) -> rk_immediate_done
Presumably equivalent wires: rk_cs1_initialized_gold (\rk_cs1_initialized_gold), rk_cs1_initialized_gate (\rk_cs1_initialized_gate) -> rk_cs1_initialized
Presumably equivalent wires: rk_write_command_gold (\rk_write_command_gold), rk_write_command_gate (\rk_write_command_gate) -> rk_write_command
Presumably equivalent wires: rk_service_movb_gold (\rk_service_movb_gold), rk_service_movb_gate (\rk_service_movb_gate) -> rk_service_movb
Presumably equivalent wires: rk_service_active_gold (\rk_service_active_gold), rk_service_active_gate (\rk_service_active_gate) -> rk_service_active
Presumably equivalent wires: boot_release_armed_gold (\boot_release_armed_gold), boot_release_armed_gate (\boot_release_armed_gate) -> boot_release_armed
Presumably equivalent wires: boot_overlay_active_gold (\boot_overlay_active_gold), boot_overlay_active_gate (\boot_overlay_active_gate) -> boot_overlay_active
Presumably equivalent wires: RK_SERVICE_ENABLE_gold (\RK_SERVICE_ENABLE_gold), RK_SERVICE_ENABLE_gate (\RK_SERVICE_ENABLE_gate) -> RK_SERVICE_ENABLE
Presumably equivalent wires: SD_BOOT_ENABLE_gold (\SD_BOOT_ENABLE_gold), SD_BOOT_ENABLE_gate (\SD_BOOT_ENABLE_gate) -> SD_BOOT_ENABLE
Presumably equivalent wires: BOOT_ROM_ENABLE_gold (\BOOT_ROM_ENABLE_gold), BOOT_ROM_ENABLE_gate (\BOOT_ROM_ENABLE_gate) -> BOOT_ROM_ENABLE
Presumably equivalent wires: instruction_fetch_gold (\instruction_fetch_gold), instruction_fetch_gate (\instruction_fetch_gate) -> instruction_fetch
Presumably equivalent wires: write_gold (\write_gold), write_gate (\write_gate) -> write
Presumably equivalent wires: fram_rdata_gold (\fram_rdata_gold), fram_rdata_gate (\fram_rdata_gate) -> fram_rdata
Presumably equivalent wires: boot_program_word_gold (\boot_program_word_gold), boot_program_word_gate (\boot_program_word_gate) -> boot_program_word
Presumably equivalent wires: sd_rdata_gold (\sd_rdata_gold), sd_rdata_gate (\sd_rdata_gate) -> sd_rdata
Presumably equivalent wires: panel_rdata_gold (\panel_rdata_gold), panel_rdata_gate (\panel_rdata_gate) -> panel_rdata
Presumably equivalent wires: ltc_rdata_gold (\ltc_rdata_gold), ltc_rdata_gate (\ltc_rdata_gate) -> ltc_rdata
Presumably equivalent wires: uart_rdata_gold (\uart_rdata_gold), uart_rdata_gate (\uart_rdata_gate) -> uart_rdata
Presumably equivalent wires: address_gold (\address_gold), address_gate (\address_gate) -> address
Changing input B of cell $and$gate.v:98$211_gate ($and): { \gate_fram_selected_gate \gate_fram_selected_gate \gate_fram_selected_gate \gate_fram_selected_gate \gate_fram_selected_gate \gate_fram_selected_gate \gate_fram_selected_gate \gate_fram_selected_gate \gate_fram_selected_gate \gate_fram_selected_gate \gate_fram_selected_gate \gate_fram_selected_gate \gate_fram_selected_gate \gate_fram_selected_gate \gate_fram_selected_gate \gate_fram_selected_gate } -> { \selections [2] \selections [2] \selections [2] \selections [2] \selections [2] \selections [2] \selections [2] \selections [2] \selections [2] \selections [2] \selections [2] \selections [2] \selections [2] \selections [2] \selections [2] \selections [2] }
Changing input B of cell $and$gate.v:97$209_gate ($and): { \gate_firmware_selected_gate \gate_firmware_selected_gate \gate_firmware_selected_gate \gate_firmware_selected_gate \gate_firmware_selected_gate \gate_firmware_selected_gate \gate_firmware_selected_gate \gate_firmware_selected_gate \gate_firmware_selected_gate \gate_firmware_selected_gate \gate_firmware_selected_gate \gate_firmware_selected_gate \gate_firmware_selected_gate \gate_firmware_selected_gate \gate_firmware_selected_gate \gate_firmware_selected_gate } -> { \selections [0] \selections [0] \selections [0] \selections [0] \selections [0] \selections [0] \selections [0] \selections [0] \selections [0] \selections [0] \selections [0] \selections [0] \selections [0] \selections [0] \selections [0] \selections [0] }
Changing input B of cell $and$gate.v:96$207_gate ($and): { \gate_local_boot_selected_gate \gate_local_boot_selected_gate \gate_local_boot_selected_gate \gate_local_boot_selected_gate \gate_local_boot_selected_gate \gate_local_boot_selected_gate \gate_local_boot_selected_gate \gate_local_boot_selected_gate \gate_local_boot_selected_gate \gate_local_boot_selected_gate \gate_local_boot_selected_gate \gate_local_boot_selected_gate \gate_local_boot_selected_gate \gate_local_boot_selected_gate \gate_local_boot_selected_gate \gate_local_boot_selected_gate } -> { \selections [21] \selections [21] \selections [21] \selections [21] \selections [21] \selections [21] \selections [21] \selections [21] \selections [21] \selections [21] \selections [21] \selections [21] \selections [21] \selections [21] \selections [21] \selections [21] }
Changing input B of cell $and$gate.v:95$205_gate ($and): { \gate_rk_fixed_selected_gate \gate_rk_fixed_selected_gate \gate_rk_fixed_selected_gate \gate_rk_fixed_selected_gate \gate_rk_fixed_selected_gate \gate_rk_fixed_selected_gate \gate_rk_fixed_selected_gate \gate_rk_fixed_selected_gate \gate_rk_fixed_selected_gate \gate_rk_fixed_selected_gate \gate_rk_fixed_selected_gate \gate_rk_fixed_selected_gate \gate_rk_fixed_selected_gate \gate_rk_fixed_selected_gate \gate_rk_fixed_selected_gate \gate_rk_fixed_selected_gate } -> { \selections [4] \selections [4] \selections [4] \selections [4] \selections [4] \selections [4] \selections [4] \selections [4] \selections [4] \selections [4] \selections [4] \selections [4] \selections [4] \selections [4] \selections [4] \selections [4] }
Changing input S of cell $ternary$gate.v:95$204_gate ($mux): \gate_rk_ds_selected_gate -> \selections [5]
Changing input B of cell $and$gate.v:94$202_gate ($and): { \gate_sd_selected_gate \gate_sd_selected_gate \gate_sd_selected_gate \gate_sd_selected_gate \gate_sd_selected_gate \gate_sd_selected_gate \gate_sd_selected_gate \gate_sd_selected_gate \gate_sd_selected_gate \gate_sd_selected_gate \gate_sd_selected_gate \gate_sd_selected_gate \gate_sd_selected_gate \gate_sd_selected_gate \gate_sd_selected_gate \gate_sd_selected_gate } -> { \selections [9] \selections [9] \selections [9] \selections [9] \selections [9] \selections [9] \selections [9] \selections [9] \selections [9] \selections [9] \selections [9] \selections [9] \selections [9] \selections [9] \selections [9] \selections [9] }
Changing input B of cell $and$gate.v:93$200_gate ($and): { \gate_panel_selected_gate \gate_panel_selected_gate \gate_panel_selected_gate \gate_panel_selected_gate \gate_panel_selected_gate \gate_panel_selected_gate \gate_panel_selected_gate \gate_panel_selected_gate \gate_panel_selected_gate \gate_panel_selected_gate \gate_panel_selected_gate \gate_panel_selected_gate \gate_panel_selected_gate \gate_panel_selected_gate \gate_panel_selected_gate \gate_panel_selected_gate } -> { \selections [11] \selections [11] \selections [11] \selections [11] \selections [11] \selections [11] \selections [11] \selections [11] \selections [11] \selections [11] \selections [11] \selections [11] \selections [11] \selections [11] \selections [11] \selections [11] }
Changing input B of cell $and$gate.v:92$198_gate ($and): { \gate_ltc_selected_gate \gate_ltc_selected_gate \gate_ltc_selected_gate \gate_ltc_selected_gate \gate_ltc_selected_gate \gate_ltc_selected_gate \gate_ltc_selected_gate \gate_ltc_selected_gate \gate_ltc_selected_gate \gate_ltc_selected_gate \gate_ltc_selected_gate \gate_ltc_selected_gate \gate_ltc_selected_gate \gate_ltc_selected_gate \gate_ltc_selected_gate \gate_ltc_selected_gate } -> { \selections [12] \selections [12] \selections [12] \selections [12] \selections [12] \selections [12] \selections [12] \selections [12] \selections [12] \selections [12] \selections [12] \selections [12] \selections [12] \selections [12] \selections [12] \selections [12] }
Changing input B of cell $or$gate.v:90$197_gate ($or): { 11'00000000000 \gate_maint_selected_gate \gate_maint_selected_gate 2'00 \gate_maint_selected_gate } -> { 11'00000000000 \selections [10] \selections [10] 2'00 \selections [10] }
Changing input B of cell $and$gate.v:90$195_gate ($and): { \gate_uart_selected_gate \gate_uart_selected_gate \gate_uart_selected_gate \gate_uart_selected_gate \gate_uart_selected_gate \gate_uart_selected_gate \gate_uart_selected_gate \gate_uart_selected_gate \gate_uart_selected_gate \gate_uart_selected_gate \gate_uart_selected_gate \gate_uart_selected_gate \gate_uart_selected_gate \gate_uart_selected_gate \gate_uart_selected_gate \gate_uart_selected_gate } -> { \selections [13] \selections [13] \selections [13] \selections [13] \selections [13] \selections [13] \selections [13] \selections [13] \selections [13] \selections [13] \selections [13] \selections [13] \selections [13] \selections [13] \selections [13] \selections [13] }
Changing input B of cell $logic_or$gate.v:75$192_gate ($logic_or): \gate_rk_store_selected_gate -> \selections [3]
Changing input A of cell $logic_or$gate.v:75$192_gate ($logic_or): \gate_program_selected_gate -> \selections [15]
Changing input B of cell $logic_or$gate.v:72$191_gate ($logic_or): \gate_service_dma_selected_gate -> \selections [17]
Changing input A of cell $logic_not$gate.v:72$189_gate ($logic_not): \gate_boot_selected_gate -> \selections [19]
Changing input A of cell $logic_not$gate.v:72$188_gate ($logic_not): \gate_io_page_gate -> \selections [18]
Changing input A of cell $logic_and$gate.v:71$187_gate ($logic_and): \gate_rk_selected_gate -> \selections [8]
Changing input A of cell $logic_not$gate.v:71$186_gate ($logic_not): \gate_rk_fixed_selected_gate -> \selections [4]
Changing input A of cell $logic_or$gate.v:68$185_gate ($logic_or): \gate_rk_ds_selected_gate -> \selections [5]
Changing input A of cell $logic_and$gate.v:69$181_gate ($logic_and): \gate_rk_cs1_selected_gate -> \selections [7]
Changing input A of cell $logic_and$gate.v:67$179_gate ($logic_and): \gate_rk_selected_gate -> \selections [8]
Changing input A of cell $logic_and$gate.v:66$177_gate ($logic_and): \gate_rk_selected_gate -> \selections [8]
Changing input A of cell $logic_and$gate.v:65$175_gate ($logic_and): \gate_rk_selected_gate -> \selections [8]
Changing input A of cell $logic_and$gate.v:63$171_gate ($logic_and): \gate_cpu_io_page_gate -> \selections [14]
Changing input A of cell $logic_and$gate.v:61$168_gate ($logic_and): \gate_cpu_io_page_gate -> \selections [14]
Changing input A of cell $logic_and$gate.v:60$167_gate ($logic_and): \gate_cpu_io_page_gate -> \selections [14]
Changing input A of cell $logic_and$gate.v:57$165_gate ($logic_and): \gate_cpu_io_page_gate -> \selections [14]
Changing input A of cell $logic_and$gate.v:56$163_gate ($logic_and): \gate_cpu_io_page_gate -> \selections [14]
Changing input A of cell $logic_and$gate.v:54$161_gate ($logic_and): \gate_cpu_io_page_gate -> \selections [14]
Changing input A of cell $logic_and$gate.v:53$159_gate ($logic_and): \gate_io_page_gate -> \selections [18]
Changing input A of cell $logic_not$gate.v:53$158_gate ($logic_not): \gate_service_dma_selected_gate -> \selections [17]
Changing input B of cell $logic_or$gate.v:49$157_gate ($logic_or): \gate_service_program_selected_gate -> \selections [16]
Changing input A of cell $logic_or$gate.v:49$157_gate ($logic_or): \gate_boot_program_selected_gate -> \selections [20]
Changing input A of cell $logic_not$gate.v:47$151_gate ($logic_not): \gate_service_dma_selected_gate -> \selections [17]
Changing input B of cell $logic_and$gate.v:42$141_gate ($logic_and): \gate_io_page_gate -> \selections [18]
Changing input B of cell $logic_or$gate.v:32$137_gate ($logic_or): \gate_boot_program_selected_gate -> \selections [20]
Changing input A of cell $logic_or$gate.v:32$137_gate ($logic_or): \gate_local_boot_selected_gate -> \selections [21]
Changing input B of cell $and$gold.v:101$108_gold ($and): { \gold_fram_selected_gold \gold_fram_selected_gold \gold_fram_selected_gold \gold_fram_selected_gold \gold_fram_selected_gold \gold_fram_selected_gold \gold_fram_selected_gold \gold_fram_selected_gold \gold_fram_selected_gold \gold_fram_selected_gold \gold_fram_selected_gold \gold_fram_selected_gold \gold_fram_selected_gold \gold_fram_selected_gold \gold_fram_selected_gold \gold_fram_selected_gold } -> { \selections [2] \selections [2] \selections [2] \selections [2] \selections [2] \selections [2] \selections [2] \selections [2] \selections [2] \selections [2] \selections [2] \selections [2] \selections [2] \selections [2] \selections [2] \selections [2] }
Changing input B of cell $and$gold.v:100$106_gold ($and): { \gold_firmware_selected_gold \gold_firmware_selected_gold \gold_firmware_selected_gold \gold_firmware_selected_gold \gold_firmware_selected_gold \gold_firmware_selected_gold \gold_firmware_selected_gold \gold_firmware_selected_gold \gold_firmware_selected_gold \gold_firmware_selected_gold \gold_firmware_selected_gold \gold_firmware_selected_gold \gold_firmware_selected_gold \gold_firmware_selected_gold \gold_firmware_selected_gold \gold_firmware_selected_gold } -> { \selections [0] \selections [0] \selections [0] \selections [0] \selections [0] \selections [0] \selections [0] \selections [0] \selections [0] \selections [0] \selections [0] \selections [0] \selections [0] \selections [0] \selections [0] \selections [0] }
Changing input B of cell $and$gold.v:99$104_gold ($and): { \gold_local_boot_selected_gold \gold_local_boot_selected_gold \gold_local_boot_selected_gold \gold_local_boot_selected_gold \gold_local_boot_selected_gold \gold_local_boot_selected_gold \gold_local_boot_selected_gold \gold_local_boot_selected_gold \gold_local_boot_selected_gold \gold_local_boot_selected_gold \gold_local_boot_selected_gold \gold_local_boot_selected_gold \gold_local_boot_selected_gold \gold_local_boot_selected_gold \gold_local_boot_selected_gold \gold_local_boot_selected_gold } -> { \selections [21] \selections [21] \selections [21] \selections [21] \selections [21] \selections [21] \selections [21] \selections [21] \selections [21] \selections [21] \selections [21] \selections [21] \selections [21] \selections [21] \selections [21] \selections [21] }
Changing input B of cell $and$gold.v:98$102_gold ($and): { \gold_rk_fixed_selected_gold \gold_rk_fixed_selected_gold \gold_rk_fixed_selected_gold \gold_rk_fixed_selected_gold \gold_rk_fixed_selected_gold \gold_rk_fixed_selected_gold \gold_rk_fixed_selected_gold \gold_rk_fixed_selected_gold \gold_rk_fixed_selected_gold \gold_rk_fixed_selected_gold \gold_rk_fixed_selected_gold \gold_rk_fixed_selected_gold \gold_rk_fixed_selected_gold \gold_rk_fixed_selected_gold \gold_rk_fixed_selected_gold \gold_rk_fixed_selected_gold } -> { \selections [4] \selections [4] \selections [4] \selections [4] \selections [4] \selections [4] \selections [4] \selections [4] \selections [4] \selections [4] \selections [4] \selections [4] \selections [4] \selections [4] \selections [4] \selections [4] }
Changing input S of cell $ternary$gold.v:98$101_gold ($mux): \gold_rk_ds_selected_gold -> \selections [5]
Changing input B of cell $and$gold.v:97$99_gold ($and): { \gold_sd_selected_gold \gold_sd_selected_gold \gold_sd_selected_gold \gold_sd_selected_gold \gold_sd_selected_gold \gold_sd_selected_gold \gold_sd_selected_gold \gold_sd_selected_gold \gold_sd_selected_gold \gold_sd_selected_gold \gold_sd_selected_gold \gold_sd_selected_gold \gold_sd_selected_gold \gold_sd_selected_gold \gold_sd_selected_gold \gold_sd_selected_gold } -> { \selections [9] \selections [9] \selections [9] \selections [9] \selections [9] \selections [9] \selections [9] \selections [9] \selections [9] \selections [9] \selections [9] \selections [9] \selections [9] \selections [9] \selections [9] \selections [9] }
Changing input B of cell $and$gold.v:96$97_gold ($and): { \gold_panel_selected_gold \gold_panel_selected_gold \gold_panel_selected_gold \gold_panel_selected_gold \gold_panel_selected_gold \gold_panel_selected_gold \gold_panel_selected_gold \gold_panel_selected_gold \gold_panel_selected_gold \gold_panel_selected_gold \gold_panel_selected_gold \gold_panel_selected_gold \gold_panel_selected_gold \gold_panel_selected_gold \gold_panel_selected_gold \gold_panel_selected_gold } -> { \selections [11] \selections [11] \selections [11] \selections [11] \selections [11] \selections [11] \selections [11] \selections [11] \selections [11] \selections [11] \selections [11] \selections [11] \selections [11] \selections [11] \selections [11] \selections [11] }
Changing input B of cell $and$gold.v:95$95_gold ($and): { \gold_ltc_selected_gold \gold_ltc_selected_gold \gold_ltc_selected_gold \gold_ltc_selected_gold \gold_ltc_selected_gold \gold_ltc_selected_gold \gold_ltc_selected_gold \gold_ltc_selected_gold \gold_ltc_selected_gold \gold_ltc_selected_gold \gold_ltc_selected_gold \gold_ltc_selected_gold \gold_ltc_selected_gold \gold_ltc_selected_gold \gold_ltc_selected_gold \gold_ltc_selected_gold } -> { \selections [12] \selections [12] \selections [12] \selections [12] \selections [12] \selections [12] \selections [12] \selections [12] \selections [12] \selections [12] \selections [12] \selections [12] \selections [12] \selections [12] \selections [12] \selections [12] }
Changing input B of cell $or$gold.v:93$94_gold ($or): { 11'00000000000 \gold_maint_selected_gold \gold_maint_selected_gold 2'00 \gold_maint_selected_gold } -> { 11'00000000000 \selections [10] \selections [10] 2'00 \selections [10] }
Changing input B of cell $and$gold.v:93$92_gold ($and): { \gold_uart_selected_gold \gold_uart_selected_gold \gold_uart_selected_gold \gold_uart_selected_gold \gold_uart_selected_gold \gold_uart_selected_gold \gold_uart_selected_gold \gold_uart_selected_gold \gold_uart_selected_gold \gold_uart_selected_gold \gold_uart_selected_gold \gold_uart_selected_gold \gold_uart_selected_gold \gold_uart_selected_gold \gold_uart_selected_gold \gold_uart_selected_gold } -> { \selections [13] \selections [13] \selections [13] \selections [13] \selections [13] \selections [13] \selections [13] \selections [13] \selections [13] \selections [13] \selections [13] \selections [13] \selections [13] \selections [13] \selections [13] \selections [13] }
Changing input B of cell $logic_or$gold.v:78$89_gold ($logic_or): \gold_rk_store_selected_gold -> \selections [3]
Changing input A of cell $logic_or$gold.v:78$89_gold ($logic_or): \gold_program_selected_gold -> \selections [15]
Changing input B of cell $logic_or$gold.v:75$88_gold ($logic_or): \gold_service_dma_selected_gold -> \selections [17]
Changing input A of cell $logic_not$gold.v:75$86_gold ($logic_not): \gold_boot_selected_gold -> \selections [19]
Changing input A of cell $logic_not$gold.v:75$85_gold ($logic_not): \gold_io_page_gold -> \selections [18]
Changing input A of cell $logic_and$gold.v:74$84_gold ($logic_and): \gold_rk_selected_gold -> \selections [8]
Changing input A of cell $logic_not$gold.v:74$83_gold ($logic_not): \gold_rk_fixed_selected_gold -> \selections [4]
Changing input A of cell $logic_or$gold.v:71$82_gold ($logic_or): \gold_rk_ds_selected_gold -> \selections [5]
Changing input A of cell $logic_and$gold.v:72$78_gold ($logic_and): \gold_rk_cs1_selected_gold -> \selections [7]
Changing input A of cell $logic_and$gold.v:70$76_gold ($logic_and): \gold_rk_selected_gold -> \selections [8]
Changing input A of cell $logic_and$gold.v:69$74_gold ($logic_and): \gold_rk_selected_gold -> \selections [8]
Changing input A of cell $logic_and$gold.v:68$72_gold ($logic_and): \gold_rk_selected_gold -> \selections [8]
Changing input A of cell $logic_and$gold.v:66$68_gold ($logic_and): \gold_cpu_io_page_gold -> \selections [14]
Changing input A of cell $logic_and$gold.v:63$63_gold ($logic_and): \gold_cpu_io_page_gold -> \selections [14]
Changing input A of cell $logic_and$gold.v:62$62_gold ($logic_and): \gold_cpu_io_page_gold -> \selections [14]
Changing input A of cell $logic_and$gold.v:59$60_gold ($logic_and): \gold_cpu_io_page_gold -> \selections [14]
Changing input A of cell $logic_and$gold.v:58$58_gold ($logic_and): \gold_cpu_io_page_gold -> \selections [14]
Changing input A of cell $logic_and$gold.v:55$54_gold ($logic_and): \gold_cpu_io_page_gold -> \selections [14]
Changing input A of cell $logic_and$gold.v:54$52_gold ($logic_and): \gold_io_page_gold -> \selections [18]
Changing input A of cell $logic_not$gold.v:54$51_gold ($logic_not): \gold_service_dma_selected_gold -> \selections [17]
Changing input B of cell $logic_or$gold.v:50$50_gold ($logic_or): \gold_service_program_selected_gold -> \selections [16]
Changing input A of cell $logic_or$gold.v:50$50_gold ($logic_or): \gold_boot_program_selected_gold -> \selections [20]
Changing input A of cell $logic_not$gold.v:48$44_gold ($logic_not): \gold_service_dma_selected_gold -> \selections [17]
Changing input B of cell $logic_and$gold.v:43$34_gold ($logic_and): \gold_io_page_gold -> \selections [18]
Changing input B of cell $logic_or$gold.v:33$30_gold ($logic_or): \gold_boot_program_selected_gold -> \selections [20]
Changing input A of cell $logic_or$gold.v:33$30_gold ($logic_or): \gold_local_boot_selected_gold -> \selections [21]

6. Executing HIERARCHY pass (managing design hierarchy).

6.1. Analyzing design hierarchy..
Top module:  \equiv

6.2. Analyzing design hierarchy..
Top module:  \equiv
Removing unused module `\gate'.
Removing unused module `\gold'.
Removed 2 unused modules.

7. Executing EQUIV_SIMPLE pass.
Found 38 unproven $equiv cells (2 groups) in equiv:
 Grouping SAT models for \rdata:
  Trying to prove $equiv for \rdata [0]:ezsat
 success!
  Trying to prove $equiv for \rdata [1]:ezsat
 success!
  Trying to prove $equiv for \rdata [2]:ezsat
 success!
  Trying to prove $equiv for \rdata [3]:ezsat
 success!
  Trying to prove $equiv for \rdata [4]:ezsat
 success!
  Trying to prove $equiv for \rdata [5]:ezsat
 success!
  Trying to prove $equiv for \rdata [6]:ezsat
 success!
  Trying to prove $equiv for \rdata [7]:ezsat
 success!
  Trying to prove $equiv for \rdata [8]:ezsat
 success!
  Trying to prove $equiv for \rdata [9]:ezsat
 success!
  Trying to prove $equiv for \rdata [10]:ezsat
 success!
  Trying to prove $equiv for \rdata [11]:ezsat
 success!
  Trying to prove $equiv for \rdata [12]:ezsat
 success!
  Trying to prove $equiv for \rdata [13]:ezsat
 success!
  Trying to prove $equiv for \rdata [14]:ezsat
 success!
  Trying to prove $equiv for \rdata [15]:ezsat
 success!
 Grouping SAT models for \selections:
  Trying to prove $equiv for \selections [0]:ezsat
 success!
  Trying to prove $equiv for \selections [1]:ezsat
 success!
  Trying to prove $equiv for \selections [2]:ezsat
 success!
  Trying to prove $equiv for \selections [3]:ezsat
 success!
  Trying to prove $equiv for \selections [4]:ezsat
 success!
  Trying to prove $equiv for \selections [5]:ezsat
 success!
  Trying to prove $equiv for \selections [6]:ezsat
 success!
  Trying to prove $equiv for \selections [7]:ezsat
 success!
  Trying to prove $equiv for \selections [8]:ezsat
 success!
  Trying to prove $equiv for \selections [9]:ezsat
 success!
  Trying to prove $equiv for \selections [10]:ezsat
 success!
  Trying to prove $equiv for \selections [11]:ezsat
 success!
  Trying to prove $equiv for \selections [12]:ezsat
 success!
  Trying to prove $equiv for \selections [13]:ezsat
 success!
  Trying to prove $equiv for \selections [14]:ezsat
 success!
  Trying to prove $equiv for \selections [15]:ezsat
 success!
  Trying to prove $equiv for \selections [16]:ezsat
 success!
  Trying to prove $equiv for \selections [17]:ezsat
 success!
  Trying to prove $equiv for \selections [18]:ezsat
 success!
  Trying to prove $equiv for \selections [19]:ezsat
 success!
  Trying to prove $equiv for \selections [20]:ezsat
 success!
  Trying to prove $equiv for \selections [21]:ezsat
 success!
Proved 38 previously unproven $equiv cells.

8. Executing EQUIV_STATUS pass.
Found 38 $equiv cells in equiv:
  Of those cells 38 are proven and 0 are unproven.
  Equivalence successfully proven!

End of script. Logfile hash: ed24c807f7, time: 0.04s, user: 0.04s, system: 0.00s
Yosys 0.68 (git sha1 38e001a6f, Release, Clang /workspace/YoWASP/yosys/wasi-sdk-33.0-x86_64-linux/share/cmake/../..//bin/clang++ 22.1.0)
Time spent: 67% 1x equiv_simple (0 sec), 15% 3x read_verilog (0 sec), ...
