
        Lattice Mapping Report File for Design Module 'uj11_probe_mmu'


Design Information
------------------

Command line:   map -a MachXO2 -p LCMXO2-1200HC -t QFN32 -s 4 -oc Commercial
     cp32b_impl1.ngd -o cp32b_impl1_map.ncd -pr cp32b_impl1.prf -mp
     cp32b_impl1.mrp -lpf
     /tmp/uj11-cp32/uJ11-fpga/build/cp32b/impl1/cp32b_impl1_synplify.lpf -lpf
     /tmp/uj11-cp32/uJ11-fpga/build/cp32b/clock.lpf -c 0 -pe 
Target Vendor:  LATTICE
Target Device:  LCMXO2-1200HCQFN32
Target Performance:   4
Mapper:  xo2c00,  version:  Diamond (64-bit) 3.14.0.75.2
Mapped on:  09/10/26  08:50:25

Design Summary
--------------

   Number of registers:     80 out of  1346 (6%)
      PFU registers:           79 out of  1280 (6%)
      PIO registers:            1 out of    66 (2%)
   Number of SLICEs:        41 out of   640 (6%)
      SLICEs as Logic/ROM:     41 out of   640 (6%)
      SLICEs as RAM:            0 out of   480 (0%)
      SLICEs as Carry:         14 out of   640 (2%)
   Number of LUT4s:         70 out of  1280 (5%)
      Number used as logic LUTs:         42
      Number used as distributed RAM:     0
      Number used as ripple logic:       28
      Number used as shift registers:     0
   Number of PIO sites used: 4 + 4(JTAG) out of 22 (36%)
   Number of block RAMs:  0 out of 7 (0%)
   Number of GSRs:        0 out of 1 (0%)
   EFB used :        No
   JTAG used :       No
   Readback used :   No
   Oscillator used : No
   Startup used :    No
   POR :             On
   Bandgap :         On
   Number of Power Controller:  0 out of 1 (0%)
   Number of Dynamic Bank Controller (BCINRD):  0 out of 4 (0%)
   Number of Dynamic Bank Controller (BCLVDSO):  0 out of 1 (0%)
   Number of DCCA:  0 out of 8 (0%)
   Number of DCMA:  0 out of 2 (0%)
   Number of PLLs:  0 out of 1 (0%)
   Number of DQSDLLs:  0 out of 2 (0%)
   Number of CLKDIVC:  0 out of 4 (0%)
   Number of ECLKSYNCA:  0 out of 4 (0%)
   Number of ECLKBRIDGECS:  0 out of 2 (0%)
   Notes:-
      1. Total number of LUT4s = (Number of logic LUT4s) + 2*(Number of
     distributed RAMs) + 2*(Number of ripple logic)
      2. Number of logic LUT4s does not include count of distributed RAM and
     ripple logic.
   Number of clocks:  1
     Net clk_c: 42 loads, 42 rising, 0 falling (Driver: PIO clk )
   Number of Clock Enables:  0
   Number of LSRs:  1

                                    Page 1




Design:  uj11_probe_mmu                                Date:  09/10/26  08:50:25

Design Summary (cont)
---------------------
     Net reset_c: 42 loads, 41 LSLICEs
   Number of nets driven by tri-state buffers:  0
   Top 10 highest fanout non-clock nets:
     Net reset_c: 42 loads
     Net stimulus[51]: 22 loads
     Net stimulus[50]: 7 loads
     Net stimulus[38]: 5 loads
     Net stimulus[45]: 5 loads
     Net stimulus[46]: 5 loads
     Net stimulus[47]: 5 loads
     Net mmu/legacy_io: 4 loads
     Net stimulus[43]: 4 loads
     Net stimulus[44]: 4 loads




   Number of warnings:  0
   Number of errors:    0
     

Design Errors/Warnings
----------------------

   No errors or warnings present.

IO (PIO) Attributes
-------------------

+---------------------+-----------+-----------+------------+
| IO Name             | Direction | Levelmode | IO         |
|                     |           |  IO_TYPE  | Register   |
+---------------------+-----------+-----------+------------+
| serial_out          | OUTPUT    | LVCMOS33  |            |
+---------------------+-----------+-----------+------------+
| clk                 | INPUT     | LVCMOS33  |            |
+---------------------+-----------+-----------+------------+
| serial_in           | INPUT     | LVCMOS33  | IN         |
+---------------------+-----------+-----------+------------+
| reset               | INPUT     | LVCMOS33  |            |
+---------------------+-----------+-----------+------------+

Removed logic
-------------

Block VCC undriven or does not drive anything - clipped.
Block GSR_INST undriven or does not drive anything - clipped.
Block GND undriven or does not drive anything - clipped.
Signal mmu/GND undriven or does not drive anything - clipped.
Signal VCC undriven or does not drive anything - clipped.
Signal mmu/un1_par_s_15_0_S1 undriven or does not drive anything - clipped.
Signal mmu/un1_par_s_15_0_COUT undriven or does not drive anything - clipped.
Signal mmu/un1_virtual_address_cry_0_0_S1 undriven or does not drive anything -
     clipped.
Signal mmu/un1_virtual_address_cry_0_0_S0 undriven or does not drive anything -
     clipped.

                                    Page 2




Design:  uj11_probe_mmu                                Date:  09/10/26  08:50:25

Removed logic (cont)
--------------------
Signal mmu/N_2 undriven or does not drive anything - clipped.
Signal mmu/un1_virtual_address_s_7_0_S1 undriven or does not drive anything -
     clipped.
Signal mmu/un1_virtual_address_s_7_0_COUT undriven or does not drive anything -
     clipped.
Signal mmu/un1_par_cry_0_0_S1 undriven or does not drive anything - clipped.
Signal mmu/un1_par_cry_0_0_S0 undriven or does not drive anything - clipped.
Signal mmu/N_1 undriven or does not drive anything - clipped.
Block mmu/GND was optimized away.

     

Run Time and Memory Usage
-------------------------

   Total CPU Time: 0 secs  
   Total REAL Time: 0 secs  
   Peak Memory Usage: 149 MB
        






































                                    Page 3


Copyright (c) 1991-1994 by NeoCAD Inc. All rights reserved.
     Copyright (c) 1995 AT&T Corp.   All rights reserved.
     Copyright (c) 1995-2001 Lucent Technologies Inc.  All rights reserved.
     Copyright (c) 2001 Agere Systems   All rights reserved.
     Copyright (c) 2002-2024 Lattice Semiconductor Corporation,  All rights
     reserved.
