
 /----------------------------------------------------------------------------\
 |  yosys -- Yosys Open SYnthesis Suite                                       |
 |  Copyright (C) 2012 - 2026  Claire Xenia Wolf <claire@yosyshq.com>         |
 |  Distributed under an ISC-like license, type "license" to see terms        |
 \----------------------------------------------------------------------------/
 Yosys 0.69 (git sha1 9f75ca1f9, Release, Clang /workspace/YoWASP/yosys/wasi-sdk-33.0-x86_64-linux/share/cmake/../..//bin/clang++ 22.1.0)

-- Executing script file `bridge-none.ys' --

1. Executing Verilog-2005 frontend: bridge-gold.v
Parsing SystemVerilog input from `bridge-gold.v' to AST representation.
Generating RTLIL representation for module `\gold'.
Successfully finished Verilog frontend.

2. Executing Verilog-2005 frontend: bridge-none.v
Parsing SystemVerilog input from `bridge-none.v' to AST representation.
Generating RTLIL representation for module `\gate'.
Successfully finished Verilog frontend.

3. Executing Verilog-2005 frontend: /Users/sash/Work/PROJECTS/k1801vm1/uJ11-fpga/rtl/uj11_mmu_apr_decode.v
Parsing SystemVerilog input from `/Users/sash/Work/PROJECTS/k1801vm1/uJ11-fpga/rtl/uj11_mmu_apr_decode.v' to AST representation.
Generating RTLIL representation for module `\uj11_mmu_apr_decode'.
Successfully finished Verilog frontend.

4. Executing PROC pass (convert processes to netlists).

4.1. Executing PROC_CLEAN pass (remove empty switches from decision trees).
Cleaned up 0 empty switches.

4.2. Executing PROC_RMDEAD pass (remove dead branches from decision trees).
Marked 1 switch rules as full_case in process $proc$bridge-none.v:35$67 in module gate.
Marked 4 switch rules as full_case in process $proc$bridge-gold.v:34$24 in module gold.
Removed a total of 0 dead cases.

4.3. Executing PROC_PRUNE pass (remove redundant assignments in processes).
Removed 1 redundant assignment.
Promoted 0 assignments to connections.

4.4. Executing PROC_INIT pass (extract init attributes).

4.5. Executing PROC_ARST pass (detect async resets in processes).

4.6. Executing PROC_ROM pass (convert switches to ROMs).
Converted 0 switches.
<suppressed ~9 debug messages>

4.7. Executing PROC_MUX pass (convert decision trees to multiplexers).
Creating decoders for process `\gate.$proc$bridge-none.v:43$81'.
     1/3: $0\mapped_io[0:0]
     2/3: $0\mapped_ram[0:0]
     3/3: $0\block_address[15:0]
Creating decoders for process `\gate.$proc$bridge-none.v:35$67'.
     1/2: $0\phase[1:0] [1]
     2/2: $0\phase[1:0] [0]
Creating decoders for process `\gold.$proc$bridge-gold.v:34$24'.
     1/4: $0\mapped_io[0:0]
     2/4: $0\mapped_ram[0:0]
     3/4: $0\block_address[15:0]
     4/4: $0\phase[1:0]

4.8. Executing PROC_DLATCH pass (convert process syncs to latches).

4.9. Executing PROC_DFF pass (convert process syncs to FFs).
Creating register for signal `\gate.\block_address' using process `\gate.$proc$bridge-none.v:43$81'.
  created $dff cell `$procdff$153' with positive edge clock.
Creating register for signal `\gate.\mapped_ram' using process `\gate.$proc$bridge-none.v:43$81'.
  created $dff cell `$procdff$154' with positive edge clock.
Creating register for signal `\gate.\mapped_io' using process `\gate.$proc$bridge-none.v:43$81'.
  created $dff cell `$procdff$155' with positive edge clock.
Creating register for signal `\gate.\phase' using process `\gate.$proc$bridge-none.v:35$67'.
  created $dff cell `$procdff$156' with positive edge clock.
Creating register for signal `\gold.\phase' using process `\gold.$proc$bridge-gold.v:34$24'.
  created $dff cell `$procdff$157' with positive edge clock.
Creating register for signal `\gold.\block_address' using process `\gold.$proc$bridge-gold.v:34$24'.
  created $dff cell `$procdff$158' with positive edge clock.
Creating register for signal `\gold.\mapped_ram' using process `\gold.$proc$bridge-gold.v:34$24'.
  created $dff cell `$procdff$159' with positive edge clock.
Creating register for signal `\gold.\mapped_io' using process `\gold.$proc$bridge-gold.v:34$24'.
  created $dff cell `$procdff$160' with positive edge clock.

4.10. Executing PROC_MEMWR pass (convert process memory writes to cells).

4.11. Executing PROC_CLEAN pass (remove empty switches from decision trees).
Found and cleaned up 1 empty switch in `\gate.$proc$bridge-none.v:43$81'.
Removing empty process `gate.$proc$bridge-none.v:43$81'.
Found and cleaned up 1 empty switch in `\gate.$proc$bridge-none.v:35$67'.
Removing empty process `gate.$proc$bridge-none.v:35$67'.
Found and cleaned up 7 empty switches in `\gold.$proc$bridge-gold.v:34$24'.
Removing empty process `gold.$proc$bridge-gold.v:34$24'.
Cleaned up 9 empty switches.

4.12. Executing OPT_EXPR pass (perform const folding).
Optimizing module uj11_mmu_apr_decode.
Optimizing module gate.
<suppressed ~3 debug messages>
Optimizing module gold.
<suppressed ~3 debug messages>

5. Executing FLATTEN pass (flatten design).

6. Executing OPT_CLEAN pass (remove unused cells and wires).
Finding unused cells or wires in module \uj11_mmu_apr_decode..
Finding unused cells or wires in module \gate..
Finding unused cells or wires in module \gold..
Removed 1 unused cells and 46 unused wires.
<suppressed ~4 debug messages>

7. Executing EQUIV_MAKE pass (creating equiv checking module).
Presumably equivalent wires: starting_gold (\starting_gold), starting_gate (\starting_gate) -> starting
Presumably equivalent wires: block_sum_gold (\block_sum_gold), block_sum_gate (\block_sum_gate) -> block_sum
Presumably equivalent wires: mapped_io_gold (\mapped_io_gold), mapped_io_gate (\mapped_io_gate) -> mapped_io
Presumably equivalent wires: mapped_ram_gold (\mapped_ram_gold), mapped_ram_gate (\mapped_ram_gate) -> mapped_ram
Presumably equivalent wires: block_address_gold (\block_address_gold), block_address_gate (\block_address_gate) -> block_address
Presumably equivalent wires: phase_gold (\phase_gold), phase_gate (\phase_gate) -> phase
Presumably equivalent wires: physical_address_gold (\physical_address_gold), physical_address_gate (\physical_address_gate) -> physical_address
Presumably equivalent wires: io_region_gold (\io_region_gold), io_region_gate (\io_region_gate) -> io_region
Presumably equivalent wires: ram_region_gold (\ram_region_gold), ram_region_gate (\ram_region_gate) -> ram_region
Presumably equivalent wires: translated_request_gold (\translated_request_gold), translated_request_gate (\translated_request_gate) -> translated_request
Presumably equivalent wires: lookup_data_gold (\lookup_data_gold), lookup_data_gate (\lookup_data_gate) -> lookup_data
Presumably equivalent wires: lookup_grant_gold (\lookup_grant_gold), lookup_grant_gate (\lookup_grant_gate) -> lookup_grant
Presumably equivalent wires: lookup_address_gold ({ 3'000 \virtual_address_gold [15:13] 1'0 }), lookup_address_gate ({ 3'000 \virtual_address_gate [15:13] 1'0 }) -> lookup_address
Presumably equivalent wires: lookup_request_gold (\lookup_request_gold), lookup_request_gate (\lookup_request_gate) -> lookup_request
Presumably equivalent wires: virtual_address_gold (\virtual_address_gold), virtual_address_gate (\virtual_address_gate) -> virtual_address
Presumably equivalent wires: acknowledge_gold (\acknowledge_gold), acknowledge_gate (\acknowledge_gate) -> acknowledge
Presumably equivalent wires: request_gold (\request_gold), request_gate (\request_gate) -> request
Presumably equivalent wires: map22_gold (\map22_gold), map22_gate (\map22_gate) -> map22
Presumably equivalent wires: enabled_gold (\enabled_gold), enabled_gate (\enabled_gate) -> enabled
Presumably equivalent wires: reset_gold (\reset_gold), reset_gate (\reset_gate) -> reset
Presumably equivalent wires: clk_gold (\clk_gold), clk_gate (\clk_gate) -> clk
Changing input B of cell $procmux$109_gate ($mux): { $ternary$bridge-none.v:44$86_Y_gate \block_sum_gate [11:0] } -> { $ternary$bridge-none.v:44$86_Y_gate \block_sum [11:0] }
Changing input A of cell $procmux$109_gate ($mux): \block_address_gate -> \block_address
Changing input A of cell $procmux$107_gate ($mux): \mapped_ram_gate -> \mapped_ram
Changing input A of cell $procmux$105_gate ($mux): \mapped_io_gate -> \mapped_io
Changing input A of cell $reduce_and$bridge-none.v:46$95_gate ($reduce_and): \block_sum_gate [15:12] -> \block_sum [15:12]
Changing input A of cell $reduce_and$bridge-none.v:46$93_gate ($reduce_and): \block_sum_gate [11:7] -> \block_sum [11:7]
Changing input A of cell $reduce_or$bridge-none.v:45$89_gate ($reduce_or): \block_sum_gate [15:12] -> \block_sum [15:12]
Changing input A of cell $logic_not$bridge-none.v:45$87_gate ($logic_not): \block_sum_gate [11] -> \block_sum [11]
Changing input B of cell $ternary$bridge-none.v:44$86_gate ($mux): \block_sum_gate [15:12] -> \block_sum [15:12]
Changing input A of cell $reduce_and$bridge-none.v:44$85_gate ($reduce_and): \block_sum_gate [11:7] -> \block_sum [11:7]
Changing input A of cell $eq$bridge-none.v:43$83_gate ($eq): \phase_gate -> \phase
Changing input A of cell $logic_and$bridge-none.v:40$79_gate ($logic_and): \starting_gate -> \starting
Changing input A of cell $eq$bridge-none.v:39$75_gate ($eq): \phase_gate -> \phase
Changing input A of cell $logic_or$bridge-none.v:38$72_gate ($logic_or): \phase_gate [1] -> \phase [1]
Changing input A of cell $eq$bridge-none.v:38$69_gate ($logic_not): \phase_gate -> \phase
Changing input A of cell $eq$bridge-none.v:38$68_gate ($eq): \phase_gate -> \phase
Changing input B of cell $ternary$bridge-none.v:33$64_gate ($mux): \mapped_io_gate -> \mapped_io
Changing input A of cell $eq$bridge-none.v:33$62_gate ($eq): \phase_gate -> \phase
Changing input B of cell $ternary$bridge-none.v:32$61_gate ($mux): \mapped_ram_gate -> \mapped_ram
Changing input A of cell $eq$bridge-none.v:32$58_gate ($eq): \phase_gate -> \phase
Changing input B of cell $ternary$bridge-none.v:27$57_gate ($mux): { \block_address_gate \virtual_address_gate [5:0] } -> { \block_address \virtual_address_gate [5:0] }
Changing input A of cell $eq$bridge-none.v:27$55_gate ($eq): \phase_gate -> \phase
Changing input B of cell $logic_or$bridge-none.v:26$53_gate ($logic_or): \phase_gate [1] -> \phase [1]
Changing input A of cell $eq$bridge-none.v:26$50_gate ($logic_not): \phase_gate -> \phase
Changing input A of cell $logic_and$bridge-none.v:23$45_gate ($logic_and): \starting_gate -> \starting
Changing input A of cell $eq$bridge-none.v:22$43_gate ($logic_not): \phase_gate -> \phase
Changing input S of cell $procmux$145_gold ($mux): \starting_gold -> \starting
Changing input A of cell $procmux$141_gold ($mux): \phase_gold -> \phase
Changing input B of cell $procmux$138_gold ($mux): \phase_gold -> \phase
Changing input A of cell $procmux$135_gold ($mux): \phase_gold -> \phase
Changing input B of cell $procmux$133_gold ($mux): \block_address_gold -> \block_address
Changing input B of cell $procmux$130_gold ($mux): { $ternary$bridge-gold.v:37$27_Y_gold \block_sum_gold [11:0] } -> { $ternary$bridge-gold.v:37$27_Y_gold \block_sum [11:0] }
Changing input A of cell $procmux$130_gold ($mux): \block_address_gold -> \block_address
Changing input B of cell $procmux$127_gold ($mux): \mapped_ram_gold -> \mapped_ram
Changing input A of cell $procmux$124_gold ($mux): \mapped_ram_gold -> \mapped_ram
Changing input B of cell $procmux$121_gold ($mux): \mapped_io_gold -> \mapped_io
Changing input A of cell $procmux$118_gold ($mux): \mapped_io_gold -> \mapped_io
Changing input A of cell $reduce_and$bridge-gold.v:39$36_gold ($reduce_and): \block_sum_gold [15:12] -> \block_sum [15:12]
Changing input A of cell $reduce_and$bridge-gold.v:39$34_gold ($reduce_and): \block_sum_gold [11:7] -> \block_sum [11:7]
Changing input A of cell $reduce_or$bridge-gold.v:38$30_gold ($reduce_or): \block_sum_gold [15:12] -> \block_sum [15:12]
Changing input A of cell $logic_not$bridge-gold.v:38$28_gold ($logic_not): \block_sum_gold [11] -> \block_sum [11]
Changing input B of cell $ternary$bridge-gold.v:37$27_gold ($mux): \block_sum_gold [15:12] -> \block_sum [15:12]
Changing input A of cell $reduce_and$bridge-gold.v:37$26_gold ($reduce_and): \block_sum_gold [11:7] -> \block_sum [11:7]
Changing input A of cell $eq$bridge-gold.v:36$25_gold ($eq): \phase_gold -> \phase
Changing input B of cell $ternary$bridge-gold.v:33$23_gold ($mux): \mapped_io_gold -> \mapped_io
Changing input A of cell $eq$bridge-gold.v:33$21_gold ($eq): \phase_gold -> \phase
Changing input B of cell $ternary$bridge-gold.v:32$20_gold ($mux): \mapped_ram_gold -> \mapped_ram
Changing input A of cell $eq$bridge-gold.v:32$17_gold ($eq): \phase_gold -> \phase
Changing input B of cell $ternary$bridge-gold.v:27$16_gold ($mux): { \block_address_gold \virtual_address_gold [5:0] } -> { \block_address \virtual_address_gold [5:0] }
Changing input A of cell $eq$bridge-gold.v:27$14_gold ($eq): \phase_gold -> \phase
Changing input B of cell $logic_or$bridge-gold.v:26$12_gold ($logic_or): \phase_gold [1] -> \phase [1]
Changing input A of cell $eq$bridge-gold.v:26$9_gold ($logic_not): \phase_gold -> \phase
Changing input A of cell $logic_and$bridge-gold.v:23$4_gold ($logic_and): \starting_gold -> \starting
Changing input A of cell $eq$bridge-gold.v:22$2_gold ($logic_not): \phase_gold -> \phase

8. Executing HIERARCHY pass (managing design hierarchy).

8.1. Analyzing design hierarchy..
Top module:  \equiv

8.2. Analyzing design hierarchy..
Top module:  \equiv
Removing unused module `\uj11_mmu_apr_decode'.
Removing unused module `\gate'.
Removing unused module `\gold'.
Removed 3 unused modules.

9. Executing EQUIV_SIMPLE pass.
Found 70 unproven $equiv cells (12 groups) in equiv:
  Trying to prove $equiv for \lookup_request:ezsat
 success!
 Grouping SAT models for \lookup_address:
  Trying to prove $equiv for \lookup_address [0]:ezsat
 success!
  Trying to prove $equiv for \lookup_address [1]:ezsat
 success!
  Trying to prove $equiv for \lookup_address [2]:ezsat
 success!
  Trying to prove $equiv for \lookup_address [3]:ezsat
 success!
  Trying to prove $equiv for \lookup_address [4]:ezsat
 success!
  Trying to prove $equiv for \lookup_address [5]:ezsat
 success!
  Trying to prove $equiv for \lookup_address [6]:ezsat
 success!
  Trying to prove $equiv for \translated_request:ezsat
 success!
  Trying to prove $equiv for \ram_region:ezsat
 success!
  Trying to prove $equiv for \io_region:ezsat
 success!
 Grouping SAT models for \physical_address:
  Trying to prove $equiv for \physical_address [0]:ezsat
 success!
  Trying to prove $equiv for \physical_address [1]:ezsat
 success!
  Trying to prove $equiv for \physical_address [2]:ezsat
 success!
  Trying to prove $equiv for \physical_address [3]:ezsat
 success!
  Trying to prove $equiv for \physical_address [4]:ezsat
 success!
  Trying to prove $equiv for \physical_address [5]:ezsat
 success!
  Trying to prove $equiv for \physical_address [6]:ezsat
 success!
  Trying to prove $equiv for \physical_address [7]:ezsat
 success!
  Trying to prove $equiv for \physical_address [8]:ezsat
 success!
  Trying to prove $equiv for \physical_address [9]:ezsat
 success!
  Trying to prove $equiv for \physical_address [10]:ezsat
 success!
  Trying to prove $equiv for \physical_address [11]:ezsat
 success!
  Trying to prove $equiv for \physical_address [12]:ezsat
 success!
  Trying to prove $equiv for \physical_address [13]:ezsat
 success!
  Trying to prove $equiv for \physical_address [14]:ezsat
 success!
  Trying to prove $equiv for \physical_address [15]:ezsat
 success!
  Trying to prove $equiv for \physical_address [16]:ezsat
 success!
  Trying to prove $equiv for \physical_address [17]:ezsat
 success!
  Trying to prove $equiv for \physical_address [18]:ezsat
 success!
  Trying to prove $equiv for \physical_address [19]:ezsat
 success!
  Trying to prove $equiv for \physical_address [20]:ezsat
 success!
  Trying to prove $equiv for \physical_address [21]:ezsat
 success!
 Grouping SAT models for \phase:
  Trying to prove $equiv for \phase [0]:ezsat
ezsat
 success!
  Trying to prove $equiv for \phase [1]:ezsat
 success!
 Grouping SAT models for \block_address:
  Trying to prove $equiv for \block_address [0]:ezsat
ezsat
 success!
  Trying to prove $equiv for \block_address [1]:ezsat
 success!
  Trying to prove $equiv for \block_address [2]:ezsat
 success!
  Trying to prove $equiv for \block_address [3]:ezsat
 success!
  Trying to prove $equiv for \block_address [4]:ezsat
 success!
  Trying to prove $equiv for \block_address [5]:ezsat
 success!
  Trying to prove $equiv for \block_address [6]:ezsat
 success!
  Trying to prove $equiv for \block_address [7]:ezsat
 success!
  Trying to prove $equiv for \block_address [8]:ezsat
 success!
  Trying to prove $equiv for \block_address [9]:ezsat
 success!
  Trying to prove $equiv for \block_address [10]:ezsat
 success!
  Trying to prove $equiv for \block_address [11]:ezsat
 success!
  Trying to prove $equiv for \block_address [12]:ezsat
 success!
  Trying to prove $equiv for \block_address [13]:ezsat
 success!
  Trying to prove $equiv for \block_address [14]:ezsat
 success!
  Trying to prove $equiv for \block_address [15]:ezsat
 success!
  Trying to prove $equiv for \mapped_ram:ezsat
ezsat
 success!
  Trying to prove $equiv for \mapped_io:ezsat
ezsat
 success!
 Grouping SAT models for \block_sum:
  Trying to prove $equiv for \block_sum [0]:ezsat
 success!
  Trying to prove $equiv for \block_sum [1]:ezsat
 success!
  Trying to prove $equiv for \block_sum [2]:ezsat
 success!
  Trying to prove $equiv for \block_sum [3]:ezsat
 success!
  Trying to prove $equiv for \block_sum [4]:ezsat
 success!
  Trying to prove $equiv for \block_sum [5]:ezsat
 success!
  Trying to prove $equiv for \block_sum [6]:ezsat
 success!
  Trying to prove $equiv for \block_sum [7]:ezsat
 success!
  Trying to prove $equiv for \block_sum [8]:ezsat
 success!
  Trying to prove $equiv for \block_sum [9]:ezsat
 success!
  Trying to prove $equiv for \block_sum [10]:ezsat
 success!
  Trying to prove $equiv for \block_sum [11]:ezsat
 success!
  Trying to prove $equiv for \block_sum [12]:ezsat
 success!
  Trying to prove $equiv for \block_sum [13]:ezsat
 success!
  Trying to prove $equiv for \block_sum [14]:ezsat
 success!
  Trying to prove $equiv for \block_sum [15]:ezsat
 success!
  Trying to prove $equiv for \starting:ezsat
 success!
Proved 70 previously unproven $equiv cells.

10. Executing EQUIV_INDUCT pass.
No selected unproven $equiv cells found in equiv.
Proved 0 previously unproven $equiv cells.

11. Executing EQUIV_STATUS pass.
Found 70 $equiv cells in equiv:
  Of those cells 70 are proven and 0 are unproven.
  Equivalence successfully proven!

End of script. Logfile hash: a2f7790c2a, time: 0.02s, user: 0.02s, system: 0.00s
Yosys 0.69 (git sha1 9f75ca1f9, Release, Clang /workspace/YoWASP/yosys/wasi-sdk-33.0-x86_64-linux/share/cmake/../..//bin/clang++ 22.1.0)
Time spent: 57% 1x equiv_simple (0 sec), 21% 4x read_verilog (0 sec), ...
