
 /----------------------------------------------------------------------------\
 |  yosys -- Yosys Open SYnthesis Suite                                       |
 |  Copyright (C) 2012 - 2026  Claire Xenia Wolf <claire@yosyshq.com>         |
 |  Distributed under an ISC-like license, type "license" to see terms        |
 \----------------------------------------------------------------------------/
 Yosys 0.68 (git sha1 38e001a6f, Release, Clang /workspace/YoWASP/yosys/wasi-sdk-33.0-x86_64-linux/share/cmake/../..//bin/clang++ 22.1.0)

-- Executing script file `proof.ys' --

1. Executing Verilog-2005 frontend: gold.v
Parsing Verilog input from `gold.v' to AST representation.
Generating RTLIL representation for module `\gold'.
Successfully finished Verilog frontend.

2. Executing Verilog-2005 frontend: gate.v
Parsing Verilog input from `gate.v' to AST representation.
Generating RTLIL representation for module `\gate'.
Successfully finished Verilog frontend.

3. Executing PROC pass (convert processes to netlists).

3.1. Executing PROC_CLEAN pass (remove empty switches from decision trees).
Cleaned up 0 empty switches.

3.2. Executing PROC_RMDEAD pass (remove dead branches from decision trees).
Marked 3 switch rules as full_case in process $proc$gate.v:70$131 in module gate.
Marked 3 switch rules as full_case in process $proc$gate.v:55$113 in module gate.
Marked 3 switch rules as full_case in process $proc$gold.v:63$33 in module gold.
Removed 1 dead cases from process $proc$gold.v:38$25 in module gold.
Marked 8 switch rules as full_case in process $proc$gold.v:38$25 in module gold.
Removed a total of 1 dead cases.

3.3. Executing PROC_PRUNE pass (remove redundant assignments in processes).
Removed 0 redundant assignments.
Promoted 2 assignments to connections.

3.4. Executing PROC_INIT pass (extract init attributes).

3.5. Executing PROC_ARST pass (detect async resets in processes).

3.6. Executing PROC_ROM pass (convert switches to ROMs).
Converted 0 switches.
<suppressed ~21 debug messages>

3.7. Executing PROC_MUX pass (convert decision trees to multiplexers).
Creating decoders for process `\gate.$proc$gate.v:70$131'.
     1/3: $0\link_valid[0:0]
     2/3: $0\link[9:0]
     3/3: $0\upc[9:0]
Creating decoders for process `\gate.$proc$gate.v:55$113'.
     1/3: $3\next_address[9:0]
     2/3: $2\next_address[9:0]
     3/3: $1\next_address[9:0]
Creating decoders for process `\gold.$proc$gold.v:63$33'.
     1/3: $0\link_valid[0:0]
     2/3: $0\link[9:0]
     3/3: $0\upc[9:0]
Creating decoders for process `\gold.$proc$gold.v:38$25'.
     1/8: $8\next_address[9:0]
     2/8: $7\next_address[9:0]
     3/8: $6\next_address[9:0]
     4/8: $5\next_address[9:0]
     5/8: $4\next_address[9:0]
     6/8: $3\next_address[9:0]
     7/8: $2\next_address[9:0]
     8/8: $1\next_address[9:0]

3.8. Executing PROC_DLATCH pass (convert process syncs to latches).
No latch inferred for signal `\gate.\next_address' from process `\gate.$proc$gate.v:55$113'.
No latch inferred for signal `\gold.\next_address' from process `\gold.$proc$gold.v:38$25'.

3.9. Executing PROC_DFF pass (convert process syncs to FFs).
Creating register for signal `\gate.\upc' using process `\gate.$proc$gate.v:70$131'.
  created $dff cell `$procdff$263' with positive edge clock.
Creating register for signal `\gate.\link' using process `\gate.$proc$gate.v:70$131'.
  created $dff cell `$procdff$264' with positive edge clock.
Creating register for signal `\gate.\link_valid' using process `\gate.$proc$gate.v:70$131'.
  created $dff cell `$procdff$265' with positive edge clock.
Creating register for signal `\gold.\upc' using process `\gold.$proc$gold.v:63$33'.
  created $dff cell `$procdff$266' with positive edge clock.
Creating register for signal `\gold.\link' using process `\gold.$proc$gold.v:63$33'.
  created $dff cell `$procdff$267' with positive edge clock.
Creating register for signal `\gold.\link_valid' using process `\gold.$proc$gold.v:63$33'.
  created $dff cell `$procdff$268' with positive edge clock.

3.10. Executing PROC_MEMWR pass (convert process memory writes to cells).

3.11. Executing PROC_CLEAN pass (remove empty switches from decision trees).
Found and cleaned up 5 empty switches in `\gate.$proc$gate.v:70$131'.
Removing empty process `gate.$proc$gate.v:70$131'.
Found and cleaned up 3 empty switches in `\gate.$proc$gate.v:55$113'.
Removing empty process `gate.$proc$gate.v:55$113'.
Found and cleaned up 5 empty switches in `\gold.$proc$gold.v:63$33'.
Removing empty process `gold.$proc$gold.v:63$33'.
Found and cleaned up 8 empty switches in `\gold.$proc$gold.v:38$25'.
Removing empty process `gold.$proc$gold.v:38$25'.
Cleaned up 21 empty switches.

3.12. Executing OPT_EXPR pass (perform const folding).
Optimizing module gate.
<suppressed ~4 debug messages>
Optimizing module gold.
<suppressed ~4 debug messages>

4. Executing OPT_CLEAN pass (remove unused cells and wires).
Finding unused cells or wires in module \gate..
Finding unused cells or wires in module \gold..
Removed 3 unused cells and 78 unused wires.
<suppressed ~7 debug messages>

5. Executing EQUIV_MAKE pass (creating equiv checking module).
Presumably equivalent wires: dispatch_bits_gold (\dispatch_bits_gold), dispatch_bits_gate (\dispatch_bits_gate) -> dispatch_bits
Presumably equivalent wires: condition_gold (\condition_gold), condition_gate (\condition_gate) -> condition
Presumably equivalent wires: predicates_gold ({ \bus_error_gold \loop_zero_gold \q0_gold \nzvc_gold 1'1 }), predicates_gate ({ \bus_error_gate \loop_zero_gate \q0_gate \nzvc_gate 1'1 }) -> predicates
Presumably equivalent wires: target_gold (\uword_gold [20:11]), target_gate (\uword_gate [20:11]) -> target
Presumably equivalent wires: command_gold (\uword_gold [34:31]), command_gate (\uword_gate [34:31]) -> command
Presumably equivalent wires: sequential_gold (\sequential_gold), sequential_gate (\sequential_gate) -> sequential
Presumably equivalent wires: link_valid_gold (\link_valid_gold), link_valid_gate (\link_valid_gate) -> link_valid
Presumably equivalent wires: link_gold (\link_gold), link_gate (\link_gate) -> link
Presumably equivalent wires: fetch_address_gold (\fetch_address_gold), fetch_address_gate (\fetch_address_gate) -> fetch_address
Presumably equivalent wires: next_address_gold (\next_address_gold), next_address_gate (\next_address_gate) -> next_address
Presumably equivalent wires: upc_gold (\upc_gold), upc_gate (\upc_gate) -> upc
Presumably equivalent wires: fault_repair_gold (\fault_repair_gold), fault_repair_gate (\fault_repair_gate) -> fault_repair
Presumably equivalent wires: fault_redirect_gold (\fault_redirect_gold), fault_redirect_gate (\fault_redirect_gate) -> fault_redirect
Presumably equivalent wires: trace_pending_gold (\trace_pending_gold), trace_pending_gate (\trace_pending_gate) -> trace_pending
Presumably equivalent wires: irq_pending_gold (\irq_pending_gold), irq_pending_gate (\irq_pending_gate) -> irq_pending
Presumably equivalent wires: a_one_gold (\a_one_gold), a_one_gate (\a_one_gate) -> a_one
Presumably equivalent wires: bus_error_gold (\bus_error_gold), bus_error_gate (\bus_error_gate) -> bus_error
Presumably equivalent wires: loop_zero_gold (\loop_zero_gold), loop_zero_gate (\loop_zero_gate) -> loop_zero
Presumably equivalent wires: q0_gold (\q0_gold), q0_gate (\q0_gate) -> q0
Presumably equivalent wires: selected_a_gold (\selected_a_gold), selected_a_gate (\selected_a_gate) -> selected_a
Presumably equivalent wires: byte_instruction_gold (\byte_instruction_gold), byte_instruction_gate (\byte_instruction_gate) -> byte_instruction
Presumably equivalent wires: address_odd_gold (\address_odd_gold), address_odd_gate (\address_odd_gate) -> address_odd
Presumably equivalent wires: dispatch_address_gold (\dispatch_address_gold), dispatch_address_gate (\dispatch_address_gate) -> dispatch_address
Presumably equivalent wires: nzvc_gold (\nzvc_gold), nzvc_gate (\nzvc_gate) -> nzvc
Presumably equivalent wires: ir_gold (\ir_gold), ir_gate (\ir_gate) -> ir
Presumably equivalent wires: uword_gold (\uword_gold), uword_gate (\uword_gate) -> uword
Presumably equivalent wires: enable_gold (\enable_gold), enable_gate (\enable_gate) -> enable
Presumably equivalent wires: reset_gold (\reset_gold), reset_gate (\reset_gate) -> reset
Presumably equivalent wires: clk_gold (\clk_gold), clk_gate (\clk_gate) -> clk
Changing input B of cell $procmux$162_gate ($mux): \next_address_gate -> \next_address
Changing input A of cell $procmux$162_gate ($mux): \upc_gate -> \upc
Changing input A of cell $procmux$157_gate ($mux): \link_gate -> \link
Changing input B of cell $procmux$155_gate ($mux): \link_gate -> \link
Changing input B of cell $procmux$152_gate ($mux): \upc_gate -> \upc
Changing input A of cell $procmux$152_gate ($mux): \link_gate -> \link
Changing input A of cell $procmux$146_gate ($mux): \link_valid_gate -> \link_valid
Changing input A of cell $procmux$138_gate ($mux): \link_valid_gate -> \link_valid
Changing input A of cell $logic_not$gate.v:78$134_gate ($logic_not): \link_valid_gate -> \link_valid
Changing input B of cell $or$gate.v:64$127_gate ($or): \dispatch_bits_gate -> \dispatch_bits
Changing input A of cell $and$gate.v:60$121_gate ($and): \link_gate -> \link
Changing input A of cell $and$gate.v:59$119_gate ($and): \upc_gate -> \upc
Changing input A of cell $and$gate.v:58$117_gate ($and): \fetch_address_gate -> \fetch_address
Changing input A of cell $and$gate.v:57$115_gate ($and): { \upc_gate [9:8] \uword_gate [7:0] } -> { \upc [9:8] \uword_gate [7:0] }
Changing input A of cell $and$gate.v:56$114_gate ($and): \sequential_gate -> \sequential
Changing input B of cell $logic_and$gate.v:51$99_gate ($logic_and): \link_valid_gate -> \link_valid
Changing input A of cell $logic_not$gate.v:50$96_gate ($logic_not): \link_valid_gate -> \link_valid
Changing input B of cell $logic_and$gate.v:49$94_gate ($logic_and): \link_valid_gate -> \link_valid
Changing input A of cell $logic_not$gate.v:42$65_gate ($logic_not): \condition_gate -> \condition
Changing input A of cell $add$gate.v:20$42_gate ($add): \upc_gate -> \upc
Changing input B of cell $procmux$251_gold ($pmux): { $3\next_address[9:0]_gold $4\next_address[9:0]_gold $ternary$gold.v:44$28_Y_gold \dispatch_address_gold \upc_gold $ternary$gold.v:47$30_Y_gold } -> { $3\next_address[9:0]_gold $4\next_address[9:0]_gold $ternary$gold.v:44$28_Y_gold \dispatch_address_gold \upc $ternary$gold.v:47$30_Y_gold }
Changing input S of cell $procmux$243_gold ($mux): \condition_gold -> \condition
Changing input A of cell $procmux$243_gold ($mux): \sequential_gold -> \sequential
Changing input S of cell $procmux$229_gold ($mux): \link_valid_gold -> \link_valid
Changing input B of cell $procmux$214_gold ($pmux): { \sequential_gold \upc_gold [9:8] \uword_gold [7:0] \fetch_address_gold $ternary$gold.v:55$31_Y_gold } -> { \sequential \upc [9:8] \uword_gold [7:0] \fetch_address $ternary$gold.v:55$31_Y_gold }
Changing input B of cell $procmux$200_gold ($mux): \next_address_gold -> \next_address
Changing input A of cell $procmux$200_gold ($mux): \upc_gold -> \upc
Changing input A of cell $procmux$195_gold ($mux): \link_gold -> \link
Changing input B of cell $procmux$193_gold ($mux): \link_gold -> \link
Changing input B of cell $procmux$190_gold ($mux): \sequential_gold -> \sequential
Changing input A of cell $procmux$190_gold ($mux): \link_gold -> \link
Changing input A of cell $procmux$184_gold ($mux): \link_valid_gold -> \link_valid
Changing input A of cell $procmux$176_gold ($mux): \link_valid_gold -> \link_valid
Changing input A of cell $logic_not$gold.v:71$36_gold ($logic_not): \link_valid_gold -> \link_valid
Changing input B of cell $ternary$gold.v:55$31_gold ($mux): \fetch_address_gold -> \fetch_address
Changing input A of cell $ternary$gold.v:55$31_gold ($mux): \sequential_gold -> \sequential
Changing input B of cell $ternary$gold.v:47$30_gold ($mux): \fetch_address_gold -> \fetch_address
Changing input A of cell $ternary$gold.v:47$30_gold ($mux): \upc_gold -> \upc
Changing input S of cell $ternary$gold.v:44$28_gold ($mux): \link_valid_gold -> \link_valid
Changing input B of cell $ternary$gold.v:44$28_gold ($mux): \link_gold -> \link
Changing input B of cell $or$gold.v:39$26_gold ($or): \dispatch_bits_gold -> \dispatch_bits
Changing input A of cell $add$gold.v:20$3_gold ($add): \upc_gold -> \upc

6. Executing HIERARCHY pass (managing design hierarchy).

6.1. Analyzing design hierarchy..
Top module:  \equiv

6.2. Analyzing design hierarchy..
Top module:  \equiv
Removing unused module `\gate'.
Removing unused module `\gold'.
Removed 2 unused modules.

7. Executing EQUIV_SIMPLE pass.
Found 77 unproven $equiv cells (11 groups) in equiv:
 Grouping SAT models for \upc:
  Trying to prove $equiv for \upc [0]:ezsat
ezsat
 success!
  Trying to prove $equiv for \upc [1]:ezsat
 success!
  Trying to prove $equiv for \upc [2]:ezsat
 success!
  Trying to prove $equiv for \upc [3]:ezsat
 success!
  Trying to prove $equiv for \upc [4]:ezsat
 success!
  Trying to prove $equiv for \upc [5]:ezsat
 success!
  Trying to prove $equiv for \upc [6]:ezsat
 success!
  Trying to prove $equiv for \upc [7]:ezsat
 success!
  Trying to prove $equiv for \upc [8]:ezsat
 success!
  Trying to prove $equiv for \upc [9]:ezsat
 success!
 Grouping SAT models for \next_address:
  Trying to prove $equiv for \next_address [0]:ezsat
 success!
  Trying to prove $equiv for \next_address [1]:ezsat
 success!
  Trying to prove $equiv for \next_address [2]:ezsat
 success!
  Trying to prove $equiv for \next_address [3]:ezsat
 success!
  Trying to prove $equiv for \next_address [4]:ezsat
 success!
  Trying to prove $equiv for \next_address [5]:ezsat
 success!
  Trying to prove $equiv for \next_address [6]:ezsat
 success!
  Trying to prove $equiv for \next_address [7]:ezsat
 success!
  Trying to prove $equiv for \next_address [8]:ezsat
 success!
  Trying to prove $equiv for \next_address [9]:ezsat
 success!
 Grouping SAT models for \fetch_address:
  Trying to prove $equiv for \fetch_address [0]:ezsat
 success!
  Trying to prove $equiv for \fetch_address [1]:ezsat
 success!
  Trying to prove $equiv for \fetch_address [2]:ezsat
 success!
  Trying to prove $equiv for \fetch_address [3]:ezsat
 success!
  Trying to prove $equiv for \fetch_address [4]:ezsat
 success!
  Trying to prove $equiv for \fetch_address [5]:ezsat
 success!
  Trying to prove $equiv for \fetch_address [6]:ezsat
 success!
  Trying to prove $equiv for \fetch_address [7]:ezsat
 success!
  Trying to prove $equiv for \fetch_address [8]:ezsat
 success!
  Trying to prove $equiv for \fetch_address [9]:ezsat
 success!
 Grouping SAT models for \link:
  Trying to prove $equiv for \link [0]:ezsat
ezsat
 failed.
  Trying to prove $equiv for \link [1]:ezsat
ezsat
 failed.
  Trying to prove $equiv for \link [2]:ezsat
ezsat
 failed.
  Trying to prove $equiv for \link [3]:ezsat
ezsat
 failed.
  Trying to prove $equiv for \link [4]:ezsat
ezsat
 failed.
  Trying to prove $equiv for \link [5]:ezsat
ezsat
 failed.
  Trying to prove $equiv for \link [6]:ezsat
ezsat
 failed.
  Trying to prove $equiv for \link [7]:ezsat
ezsat
 failed.
  Trying to prove $equiv for \link [8]:ezsat
ezsat
 failed.
  Trying to prove $equiv for \link [9]:ezsat
ezsat
 failed.
  Trying to prove $equiv for \link_valid:ezsat
ezsat
 success!
 Grouping SAT models for \sequential:
  Trying to prove $equiv for \sequential [0]:ezsat
 success!
  Trying to prove $equiv for \sequential [1]:ezsat
 success!
  Trying to prove $equiv for \sequential [2]:ezsat
 success!
  Trying to prove $equiv for \sequential [3]:ezsat
 success!
  Trying to prove $equiv for \sequential [4]:ezsat
 success!
  Trying to prove $equiv for \sequential [5]:ezsat
 success!
  Trying to prove $equiv for \sequential [6]:ezsat
 success!
  Trying to prove $equiv for \sequential [7]:ezsat
 success!
  Trying to prove $equiv for \sequential [8]:ezsat
 success!
  Trying to prove $equiv for \sequential [9]:ezsat
 success!
 Grouping SAT models for \command:
  Trying to prove $equiv for \command [0]:ezsat
 success!
  Trying to prove $equiv for \command [1]:ezsat
 success!
  Trying to prove $equiv for \command [2]:ezsat
 success!
  Trying to prove $equiv for \command [3]:ezsat
 success!
 Grouping SAT models for \target:
  Trying to prove $equiv for \target [0]:ezsat
 success!
  Trying to prove $equiv for \target [1]:ezsat
 success!
  Trying to prove $equiv for \target [2]:ezsat
 success!
  Trying to prove $equiv for \target [3]:ezsat
 success!
  Trying to prove $equiv for \target [4]:ezsat
 success!
  Trying to prove $equiv for \target [5]:ezsat
 success!
  Trying to prove $equiv for \target [6]:ezsat
 success!
  Trying to prove $equiv for \target [7]:ezsat
 success!
  Trying to prove $equiv for \target [8]:ezsat
 success!
  Trying to prove $equiv for \target [9]:ezsat
 success!
 Grouping SAT models for \predicates:
  Trying to prove $equiv for \predicates [0]:ezsat
 success!
  Trying to prove $equiv for \predicates [1]:ezsat
 success!
  Trying to prove $equiv for \predicates [2]:ezsat
 success!
  Trying to prove $equiv for \predicates [3]:ezsat
 success!
  Trying to prove $equiv for \predicates [4]:ezsat
 success!
  Trying to prove $equiv for \predicates [5]:ezsat
 success!
  Trying to prove $equiv for \predicates [6]:ezsat
 success!
  Trying to prove $equiv for \predicates [7]:ezsat
 success!
  Trying to prove $equiv for \condition:ezsat
 success!
 Grouping SAT models for \dispatch_bits:
  Trying to prove $equiv for \dispatch_bits [0]:ezsat
 success!
  Trying to prove $equiv for \dispatch_bits [1]:ezsat
 success!
  Trying to prove $equiv for \dispatch_bits [2]:ezsat
 success!
Proved 67 previously unproven $equiv cells.

8. Executing EQUIV_INDUCT pass.
Found 10 unproven $equiv cells in module equiv:
  Proving existence of base case for step 1. (12552 clauses over 4797 variables)
  Proving induction step 1. (25523 clauses over 9730 variables)
  Proof for induction step failed. Extending to next time step.
  Proving existence of base case for step 2. (25524 clauses over 9730 variables)
  Proving induction step 2. (38495 clauses over 14663 variables)
  Proof for induction step failed. Extending to next time step.
  Proving existence of base case for step 3. (38496 clauses over 14663 variables)
  Proving induction step 3. (51467 clauses over 19596 variables)
  Proof for induction step failed. Extending to next time step.
  Proving existence of base case for step 4. (51468 clauses over 19596 variables)
  Proving induction step 4. (64439 clauses over 24529 variables)
  Proof for induction step failed. Trying to prove individual $equiv from workset.
  Trying to prove $equiv for \link [0]: failed.
  Trying to prove $equiv for \link [1]: failed.
  Trying to prove $equiv for \link [2]: failed.
  Trying to prove $equiv for \link [3]: failed.
  Trying to prove $equiv for \link [4]: failed.
  Trying to prove $equiv for \link [5]: failed.
  Trying to prove $equiv for \link [6]: failed.
  Trying to prove $equiv for \link [7]: failed.
  Trying to prove $equiv for \link [8]: failed.
  Trying to prove $equiv for \link [9]: failed.
Proved 0 previously unproven $equiv cells.

9. Executing EQUIV_STATUS pass.
Found 77 $equiv cells in equiv:
  Of those cells 67 are proven and 10 are unproven.
  Unproven $equiv $auto$equiv_make.cc:295:find_same_wires$315: \link_gold [9] \link_gate [9]
  Unproven $equiv $auto$equiv_make.cc:295:find_same_wires$314: \link_gold [8] \link_gate [8]
  Unproven $equiv $auto$equiv_make.cc:295:find_same_wires$313: \link_gold [7] \link_gate [7]
  Unproven $equiv $auto$equiv_make.cc:295:find_same_wires$312: \link_gold [6] \link_gate [6]
  Unproven $equiv $auto$equiv_make.cc:295:find_same_wires$311: \link_gold [5] \link_gate [5]
  Unproven $equiv $auto$equiv_make.cc:295:find_same_wires$310: \link_gold [4] \link_gate [4]
  Unproven $equiv $auto$equiv_make.cc:295:find_same_wires$309: \link_gold [3] \link_gate [3]
  Unproven $equiv $auto$equiv_make.cc:295:find_same_wires$308: \link_gold [2] \link_gate [2]
  Unproven $equiv $auto$equiv_make.cc:295:find_same_wires$307: \link_gold [1] \link_gate [1]
  Unproven $equiv $auto$equiv_make.cc:295:find_same_wires$306: \link_gold [0] \link_gate [0]
Found a total of 10 unproven $equiv cells.
ERROR: Found 10 unproven $equiv cells in 'equiv_status -assert'.
