
Loading design for application trce from file cp40c_impl1.ncd.
Design name: uj11_hc1200_microcomp
NCD version: 3.3
Vendor:      LATTICE
Device:      LCMXO2-1200HC
Package:     QFN32
Performance: 4
Loading device for application trce from file 'xo2c1200.nph' in environment: /home/sash/.local/lscc/diamond/3.14/ispfpga.
Package Status:                     Final          Version 1.44.
Performance Hardware Data Status:   Final          Version 36.4.
Setup and Hold Report

--------------------------------------------------------------------------------
Lattice TRACE Report - Setup, Version Diamond (64-bit) 3.14.0.75.2
Thu Sep 10 16:09:34 2026

Copyright (c) 1991-1994 by NeoCAD Inc. All rights reserved.
Copyright (c) 1995 AT&T Corp.   All rights reserved.
Copyright (c) 1995-2001 Lucent Technologies Inc.  All rights reserved.
Copyright (c) 2001 Agere Systems   All rights reserved.
Copyright (c) 2002-2024 Lattice Semiconductor Corporation,  All rights reserved.

Report Information
------------------
Command line:    trce -v 10 -c -u 0 -gt -sethld -sp 4 -sphld m -o cp40c_impl1.twr cp40c_impl1.ncd cp40c_impl1.prf 
Design file:     cp40c_impl1.ncd
Preference file: cp40c_impl1.prf
Device,speed:    LCMXO2-1200HC,4
Report level:    verbose report, limited to 10 items per preference
--------------------------------------------------------------------------------

BLOCK ASYNCPATHS
BLOCK RESETPATHS
--------------------------------------------------------------------------------



================================================================================
Preference: FREQUENCY NET "clk" 29.560000 MHz ;
            4096 items scored, 0 timing errors detected.
--------------------------------------------------------------------------------


Passed: The following path meets requirements by 0.711ns

 Logical Details:  Cell type  Pin type       Cell/ASIC name  (clock net +/-)

   Source:         DP8KC      Port           system/cpu/engine/rom/lane_2(ASIC)  (from clk +)
   Destination:    DP8KC      Port           system/cpu/engine/rom/lane_3(ASIC)  (to clk +)

   Delay:              33.144ns  (40.4% logic, 59.6% route), 18 logic levels.

 Constraint Details:

     33.144ns physical path delay system/cpu/engine/rom/lane_2 to system/cpu/engine/rom/lane_3 meets
     33.829ns delay constraint less
      0.000ns skew and
     -0.026ns ADDR_SET requirement (totaling 33.855ns) by 0.711ns

 Physical Path Details:

      Data path system/cpu/engine/rom/lane_2 to system/cpu/engine/rom/lane_3:

   Name    Fanout   Delay (ns)          Site               Resource
C2Q_DEL     ---     4.979 EBR_R6C14.CLKA to EBR_R6C14.DOA8 system/cpu/engine/rom/lane_2 (from clk)
ROUTE         4     1.685 EBR_R6C14.DOA8 to      R4C12B.D1 system/cpu/engine/a_select_2[0]
CTOF_DEL    ---     0.495      R4C12B.D1 to      R4C12B.F1 system/cpu/engine/SLICE_416
ROUTE         1     0.436      R4C12B.F1 to      R4C12B.C0 system/cpu/engine/un6_select_register[0]
CTOF_DEL    ---     0.495      R4C12B.C0 to      R4C12B.F0 system/cpu/engine/SLICE_416
ROUTE        16     1.852      R4C12B.F0 to      R4C13A.A0 system/cpu/engine/select_register_5[0]
CTOF_DEL    ---     0.495      R4C13A.A0 to      R4C13A.F0 system/cpu/engine/SLICE_42
ROUTE        14     1.179      R4C13A.F0 to      R2C10D.D0 system/address[12]
CTOF_DEL    ---     0.495      R2C10D.D0 to      R2C10D.F0 system/bus/SLICE_628
ROUTE         1     0.958      R2C10D.F0 to      R5C10A.D0 system/bus/un1_address_25_2_0
CTOF_DEL    ---     0.495      R5C10A.D0 to      R5C10A.F0 system/bus/SLICE_496
ROUTE         1     0.744      R5C10A.F0 to       R5C9A.C1 system/bus/un1_address_25_5_0
CTOF_DEL    ---     0.495       R5C9A.C1 to       R5C9A.F1 system/bus/SLICE_472
ROUTE        19     1.002       R5C9A.F1 to      R5C12D.D1 system/un1_address_25
CTOF_DEL    ---     0.495      R5C12D.D1 to      R5C12D.F1 system/bus/SLICE_477
ROUTE         3     0.658      R5C12D.F1 to      R5C10C.D1 system/panel_selecteddup
CTOF_DEL    ---     0.495      R5C10C.D1 to      R5C10C.F1 system/bus/SLICE_72
ROUTE         1     0.958      R5C10C.F1 to       R4C9A.D1 system/bus/acknowledgedup_1
CTOF_DEL    ---     0.495       R4C9A.D1 to       R4C9A.F1 system/bus/SLICE_391
ROUTE         1     0.626       R4C9A.F1 to       R4C9A.D0 system/bus/acknowledgedup_2
CTOF_DEL    ---     0.495       R4C9A.D0 to       R4C9A.F0 system/bus/SLICE_391
ROUTE         5     0.783       R4C9A.F0 to      R4C11B.C0 system/acknowledgedup
CTOF_DEL    ---     0.495      R4C11B.C0 to      R4C11B.F0 system/cpu/engine/SLICE_570
ROUTE         5     1.303      R4C11B.F0 to      R4C19A.C1 system/cpu/engine/mem_requestdup_RNIK38FD
CTOF_DEL    ---     0.495      R4C19A.C1 to      R4C19A.F1 system/cpu/engine/SLICE_511
ROUTE         7     0.666      R4C19A.F1 to      R4C19A.D0 system/cpu/engine/fault_redirectdup
CTOF_DEL    ---     0.495      R4C19A.D0 to      R4C19A.F0 system/cpu/engine/SLICE_511
ROUTE        11     1.769      R4C19A.F0 to      R2C18A.A1 system/cpu/engine/seq/next_address_3_sqmuxa_3
CTOF_DEL    ---     0.495      R2C18A.A1 to      R2C18A.F1 system/cpu/engine/seq/SLICE_394
ROUTE         1     0.693      R2C18A.F1 to      R2C18A.B0 system/cpu/engine/seq/upc_i_m[2]
CTOF_DEL    ---     0.495      R2C18A.B0 to      R2C18A.F0 system/cpu/engine/seq/SLICE_394
ROUTE         1     0.958      R2C18A.F0 to      R3C19C.D0 system/cpu/engine/seq/next_address_0_iv_5[2]
CTOF_DEL    ---     0.495      R3C19C.D0 to      R3C19C.F0 system/cpu/engine/seq/SLICE_524
ROUTE         1     0.958      R3C19C.F0 to      R4C20D.D0 system/cpu/engine/seq/next_address_0_iv_6[2]
CTOF_DEL    ---     0.495      R4C20D.D0 to      R4C20D.F0 system/cpu/engine/seq/SLICE_180
ROUTE         5     2.522      R4C20D.F0 to EBR_R6C10.ADA5 system/cpu/engine/next_address_0_iv_i[2] (to clk)
                  --------
                   33.144   (40.4% logic, 59.6% route), 18 logic levels.

 Clock Skew Details: 

      Source Clock Path oscillator to system/cpu/engine/rom/lane_2:

   Name    Fanout   Delay (ns)          Site               Resource
ROUTE       249     3.714        OSC.OSC to EBR_R6C14.CLKA clk
                  --------
                    3.714   (0.0% logic, 100.0% route), 0 logic levels.

      Destination Clock Path oscillator to system/cpu/engine/rom/lane_3:

   Name    Fanout   Delay (ns)          Site               Resource
ROUTE       249     3.714        OSC.OSC to EBR_R6C10.CLKA clk
                  --------
                    3.714   (0.0% logic, 100.0% route), 0 logic levels.


Passed: The following path meets requirements by 0.714ns

 Logical Details:  Cell type  Pin type       Cell/ASIC name  (clock net +/-)

   Source:         DP8KC      Port           system/cpu/engine/rom/lane_2(ASIC)  (from clk +)
   Destination:    DP8KC      Port           system/cpu/engine/rom/lane_3(ASIC)  (to clk +)

   Delay:              33.141ns  (40.4% logic, 59.6% route), 18 logic levels.

 Constraint Details:

     33.141ns physical path delay system/cpu/engine/rom/lane_2 to system/cpu/engine/rom/lane_3 meets
     33.829ns delay constraint less
      0.000ns skew and
     -0.026ns ADDR_SET requirement (totaling 33.855ns) by 0.714ns

 Physical Path Details:

      Data path system/cpu/engine/rom/lane_2 to system/cpu/engine/rom/lane_3:

   Name    Fanout   Delay (ns)          Site               Resource
C2Q_DEL     ---     4.979 EBR_R6C14.CLKA to EBR_R6C14.DOA8 system/cpu/engine/rom/lane_2 (from clk)
ROUTE         4     1.685 EBR_R6C14.DOA8 to      R4C12B.D1 system/cpu/engine/a_select_2[0]
CTOF_DEL    ---     0.495      R4C12B.D1 to      R4C12B.F1 system/cpu/engine/SLICE_416
ROUTE         1     0.436      R4C12B.F1 to      R4C12B.C0 system/cpu/engine/un6_select_register[0]
CTOF_DEL    ---     0.495      R4C12B.C0 to      R4C12B.F0 system/cpu/engine/SLICE_416
ROUTE        16     1.802      R4C12B.F0 to      R2C10A.A0 system/cpu/engine/select_register_5[0]
CTOF_DEL    ---     0.495      R2C10A.A0 to      R2C10A.F0 system/SLICE_39
ROUTE        58     1.329      R2C10A.F0 to      R5C12C.C1 system/address[0]
CTOF_DEL    ---     0.495      R5C12C.C1 to      R5C12C.F1 system/SLICE_446
ROUTE        21     1.056      R5C12C.F1 to      R3C12D.B1 system/mem_requestdup
CTOF_DEL    ---     0.495      R3C12D.B1 to      R3C12D.F1 system/SLICE_431
ROUTE        26     0.783      R3C12D.F1 to      R5C12D.C0 system/mem_writedup
CTOF_DEL    ---     0.495      R5C12D.C0 to      R5C12D.F0 system/bus/SLICE_477
ROUTE         8     0.998      R5C12D.F0 to       R5C9C.D0 system/bus/service_dma_selecteddup
CTOF_DEL    ---     0.495       R5C9C.D0 to       R5C9C.F0 system/SLICE_455
ROUTE         7     0.678       R5C9C.F0 to       R4C9B.D0 system/service_dma_selecteddup_RNIQ3E95
CTOF_DEL    ---     0.495       R4C9B.D0 to       R4C9B.F0 system/bus/SLICE_457
ROUTE         2     0.702       R4C9B.F0 to       R4C9A.B1 system/bus/un1_address_24_3_RNIMQ95D
CTOF_DEL    ---     0.495       R4C9A.B1 to       R4C9A.F1 system/bus/SLICE_391
ROUTE         1     0.626       R4C9A.F1 to       R4C9A.D0 system/bus/acknowledgedup_2
CTOF_DEL    ---     0.495       R4C9A.D0 to       R4C9A.F0 system/bus/SLICE_391
ROUTE         5     0.783       R4C9A.F0 to      R4C11B.C0 system/acknowledgedup
CTOF_DEL    ---     0.495      R4C11B.C0 to      R4C11B.F0 system/cpu/engine/SLICE_570
ROUTE         5     1.303      R4C11B.F0 to      R4C19A.C1 system/cpu/engine/mem_requestdup_RNIK38FD
CTOF_DEL    ---     0.495      R4C19A.C1 to      R4C19A.F1 system/cpu/engine/SLICE_511
ROUTE         7     0.666      R4C19A.F1 to      R4C19A.D0 system/cpu/engine/fault_redirectdup
CTOF_DEL    ---     0.495      R4C19A.D0 to      R4C19A.F0 system/cpu/engine/SLICE_511
ROUTE        11     1.769      R4C19A.F0 to      R2C18A.A1 system/cpu/engine/seq/next_address_3_sqmuxa_3
CTOF_DEL    ---     0.495      R2C18A.A1 to      R2C18A.F1 system/cpu/engine/seq/SLICE_394
ROUTE         1     0.693      R2C18A.F1 to      R2C18A.B0 system/cpu/engine/seq/upc_i_m[2]
CTOF_DEL    ---     0.495      R2C18A.B0 to      R2C18A.F0 system/cpu/engine/seq/SLICE_394
ROUTE         1     0.958      R2C18A.F0 to      R3C19C.D0 system/cpu/engine/seq/next_address_0_iv_5[2]
CTOF_DEL    ---     0.495      R3C19C.D0 to      R3C19C.F0 system/cpu/engine/seq/SLICE_524
ROUTE         1     0.958      R3C19C.F0 to      R4C20D.D0 system/cpu/engine/seq/next_address_0_iv_6[2]
CTOF_DEL    ---     0.495      R4C20D.D0 to      R4C20D.F0 system/cpu/engine/seq/SLICE_180
ROUTE         5     2.522      R4C20D.F0 to EBR_R6C10.ADA5 system/cpu/engine/next_address_0_iv_i[2] (to clk)
                  --------
                   33.141   (40.4% logic, 59.6% route), 18 logic levels.

 Clock Skew Details: 

      Source Clock Path oscillator to system/cpu/engine/rom/lane_2:

   Name    Fanout   Delay (ns)          Site               Resource
ROUTE       249     3.714        OSC.OSC to EBR_R6C14.CLKA clk
                  --------
                    3.714   (0.0% logic, 100.0% route), 0 logic levels.

      Destination Clock Path oscillator to system/cpu/engine/rom/lane_3:

   Name    Fanout   Delay (ns)          Site               Resource
ROUTE       249     3.714        OSC.OSC to EBR_R6C10.CLKA clk
                  --------
                    3.714   (0.0% logic, 100.0% route), 0 logic levels.


Passed: The following path meets requirements by 0.742ns

 Logical Details:  Cell type  Pin type       Cell/ASIC name  (clock net +/-)

   Source:         DP8KC      Port           system/cpu/engine/rom/lane_2(ASIC)  (from clk +)
   Destination:    DP8KC      Port           system/cpu/engine/rom/lane_3(ASIC)  (to clk +)

   Delay:              33.113ns  (40.4% logic, 59.6% route), 18 logic levels.

 Constraint Details:

     33.113ns physical path delay system/cpu/engine/rom/lane_2 to system/cpu/engine/rom/lane_3 meets
     33.829ns delay constraint less
      0.000ns skew and
     -0.026ns ADDR_SET requirement (totaling 33.855ns) by 0.742ns

 Physical Path Details:

      Data path system/cpu/engine/rom/lane_2 to system/cpu/engine/rom/lane_3:

   Name    Fanout   Delay (ns)          Site               Resource
C2Q_DEL     ---     4.979 EBR_R6C14.CLKA to EBR_R6C14.DOA8 system/cpu/engine/rom/lane_2 (from clk)
ROUTE         4     1.290 EBR_R6C14.DOA8 to      R4C14A.D0 system/cpu/engine/a_select_2[0]
CTOF_DEL    ---     0.495      R4C14A.D0 to      R4C14A.F0 system/cpu/engine/SLICE_673
ROUTE         1     0.958      R4C14A.F0 to      R3C12A.D1 system/cpu/engine/un6_select_register[1]
CTOF_DEL    ---     0.495      R3C12A.D1 to      R3C12A.F1 system/cpu/engine/SLICE_544
ROUTE        18     1.836      R3C12A.F1 to      R2C12A.B0 system/cpu/engine/un9_d_axb1
CTOF_DEL    ---     0.495      R2C12A.B0 to      R2C12A.F0 system/cpu/engine/dp/rf/words_ram_1/SLICE_45
ROUTE        16     1.302      R2C12A.F0 to      R5C10A.C1 system/address[8]
CTOF_DEL    ---     0.495      R5C10A.C1 to      R5C10A.F1 system/bus/SLICE_496
ROUTE         1     0.693      R5C10A.F1 to      R5C10A.B0 system/bus/un1_address_25_3
CTOF_DEL    ---     0.495      R5C10A.B0 to      R5C10A.F0 system/bus/SLICE_496
ROUTE         1     0.744      R5C10A.F0 to       R5C9A.C1 system/bus/un1_address_25_5_0
CTOF_DEL    ---     0.495       R5C9A.C1 to       R5C9A.F1 system/bus/SLICE_472
ROUTE        19     1.002       R5C9A.F1 to      R5C12D.D1 system/un1_address_25
CTOF_DEL    ---     0.495      R5C12D.D1 to      R5C12D.F1 system/bus/SLICE_477
ROUTE         3     0.658      R5C12D.F1 to      R5C10C.D1 system/panel_selecteddup
CTOF_DEL    ---     0.495      R5C10C.D1 to      R5C10C.F1 system/bus/SLICE_72
ROUTE         1     0.958      R5C10C.F1 to       R4C9A.D1 system/bus/acknowledgedup_1
CTOF_DEL    ---     0.495       R4C9A.D1 to       R4C9A.F1 system/bus/SLICE_391
ROUTE         1     0.626       R4C9A.F1 to       R4C9A.D0 system/bus/acknowledgedup_2
CTOF_DEL    ---     0.495       R4C9A.D0 to       R4C9A.F0 system/bus/SLICE_391
ROUTE         5     0.783       R4C9A.F0 to      R4C11B.C0 system/acknowledgedup
CTOF_DEL    ---     0.495      R4C11B.C0 to      R4C11B.F0 system/cpu/engine/SLICE_570
ROUTE         5     1.303      R4C11B.F0 to      R4C19A.C1 system/cpu/engine/mem_requestdup_RNIK38FD
CTOF_DEL    ---     0.495      R4C19A.C1 to      R4C19A.F1 system/cpu/engine/SLICE_511
ROUTE         7     0.666      R4C19A.F1 to      R4C19A.D0 system/cpu/engine/fault_redirectdup
CTOF_DEL    ---     0.495      R4C19A.D0 to      R4C19A.F0 system/cpu/engine/SLICE_511
ROUTE        11     1.769      R4C19A.F0 to      R2C18A.A1 system/cpu/engine/seq/next_address_3_sqmuxa_3
CTOF_DEL    ---     0.495      R2C18A.A1 to      R2C18A.F1 system/cpu/engine/seq/SLICE_394
ROUTE         1     0.693      R2C18A.F1 to      R2C18A.B0 system/cpu/engine/seq/upc_i_m[2]
CTOF_DEL    ---     0.495      R2C18A.B0 to      R2C18A.F0 system/cpu/engine/seq/SLICE_394
ROUTE         1     0.958      R2C18A.F0 to      R3C19C.D0 system/cpu/engine/seq/next_address_0_iv_5[2]
CTOF_DEL    ---     0.495      R3C19C.D0 to      R3C19C.F0 system/cpu/engine/seq/SLICE_524
ROUTE         1     0.958      R3C19C.F0 to      R4C20D.D0 system/cpu/engine/seq/next_address_0_iv_6[2]
CTOF_DEL    ---     0.495      R4C20D.D0 to      R4C20D.F0 system/cpu/engine/seq/SLICE_180
ROUTE         5     2.522      R4C20D.F0 to EBR_R6C10.ADA5 system/cpu/engine/next_address_0_iv_i[2] (to clk)
                  --------
                   33.113   (40.4% logic, 59.6% route), 18 logic levels.

 Clock Skew Details: 

      Source Clock Path oscillator to system/cpu/engine/rom/lane_2:

   Name    Fanout   Delay (ns)          Site               Resource
ROUTE       249     3.714        OSC.OSC to EBR_R6C14.CLKA clk
                  --------
                    3.714   (0.0% logic, 100.0% route), 0 logic levels.

      Destination Clock Path oscillator to system/cpu/engine/rom/lane_3:

   Name    Fanout   Delay (ns)          Site               Resource
ROUTE       249     3.714        OSC.OSC to EBR_R6C10.CLKA clk
                  --------
                    3.714   (0.0% logic, 100.0% route), 0 logic levels.


Passed: The following path meets requirements by 0.773ns

 Logical Details:  Cell type  Pin type       Cell/ASIC name  (clock net +/-)

   Source:         DP8KC      Port           system/cpu/engine/rom/lane_2(ASIC)  (from clk +)
   Destination:    DP8KC      Port           system/cpu/engine/rom/lane_3(ASIC)  (to clk +)

   Delay:              33.082ns  (40.5% logic, 59.5% route), 18 logic levels.

 Constraint Details:

     33.082ns physical path delay system/cpu/engine/rom/lane_2 to system/cpu/engine/rom/lane_3 meets
     33.829ns delay constraint less
      0.000ns skew and
     -0.026ns ADDR_SET requirement (totaling 33.855ns) by 0.773ns

 Physical Path Details:

      Data path system/cpu/engine/rom/lane_2 to system/cpu/engine/rom/lane_3:

   Name    Fanout   Delay (ns)          Site               Resource
C2Q_DEL     ---     4.979 EBR_R6C14.CLKA to EBR_R6C14.DOA8 system/cpu/engine/rom/lane_2 (from clk)
ROUTE         4     1.290 EBR_R6C14.DOA8 to      R4C14A.D0 system/cpu/engine/a_select_2[0]
CTOF_DEL    ---     0.495      R4C14A.D0 to      R4C14A.F0 system/cpu/engine/SLICE_673
ROUTE         1     0.958      R4C14A.F0 to      R3C12A.D1 system/cpu/engine/un6_select_register[1]
CTOF_DEL    ---     0.495      R3C12A.D1 to      R3C12A.F1 system/cpu/engine/SLICE_544
ROUTE        18     1.490      R3C12A.F1 to      R4C10B.B1 system/cpu/engine/un9_d_axb1
CTOF_DEL    ---     0.495      R4C10B.B1 to      R4C10B.F1 system/cpu/engine/dp/rf/words_ram_0/SLICE_49
ROUTE        15     1.352      R4C10B.F1 to      R2C10D.B0 system/address[7]
CTOF_DEL    ---     0.495      R2C10D.B0 to      R2C10D.F0 system/bus/SLICE_628
ROUTE         1     0.958      R2C10D.F0 to      R5C10A.D0 system/bus/un1_address_25_2_0
CTOF_DEL    ---     0.495      R5C10A.D0 to      R5C10A.F0 system/bus/SLICE_496
ROUTE         1     0.744      R5C10A.F0 to       R5C9A.C1 system/bus/un1_address_25_5_0
CTOF_DEL    ---     0.495       R5C9A.C1 to       R5C9A.F1 system/bus/SLICE_472
ROUTE        19     1.002       R5C9A.F1 to      R5C12D.D1 system/un1_address_25
CTOF_DEL    ---     0.495      R5C12D.D1 to      R5C12D.F1 system/bus/SLICE_477
ROUTE         3     0.658      R5C12D.F1 to      R5C10C.D1 system/panel_selecteddup
CTOF_DEL    ---     0.495      R5C10C.D1 to      R5C10C.F1 system/bus/SLICE_72
ROUTE         1     0.958      R5C10C.F1 to       R4C9A.D1 system/bus/acknowledgedup_1
CTOF_DEL    ---     0.495       R4C9A.D1 to       R4C9A.F1 system/bus/SLICE_391
ROUTE         1     0.626       R4C9A.F1 to       R4C9A.D0 system/bus/acknowledgedup_2
CTOF_DEL    ---     0.495       R4C9A.D0 to       R4C9A.F0 system/bus/SLICE_391
ROUTE         5     0.783       R4C9A.F0 to      R4C11B.C0 system/acknowledgedup
CTOF_DEL    ---     0.495      R4C11B.C0 to      R4C11B.F0 system/cpu/engine/SLICE_570
ROUTE         5     1.303      R4C11B.F0 to      R4C19A.C1 system/cpu/engine/mem_requestdup_RNIK38FD
CTOF_DEL    ---     0.495      R4C19A.C1 to      R4C19A.F1 system/cpu/engine/SLICE_511
ROUTE         7     0.666      R4C19A.F1 to      R4C19A.D0 system/cpu/engine/fault_redirectdup
CTOF_DEL    ---     0.495      R4C19A.D0 to      R4C19A.F0 system/cpu/engine/SLICE_511
ROUTE        11     1.769      R4C19A.F0 to      R2C18A.A1 system/cpu/engine/seq/next_address_3_sqmuxa_3
CTOF_DEL    ---     0.495      R2C18A.A1 to      R2C18A.F1 system/cpu/engine/seq/SLICE_394
ROUTE         1     0.693      R2C18A.F1 to      R2C18A.B0 system/cpu/engine/seq/upc_i_m[2]
CTOF_DEL    ---     0.495      R2C18A.B0 to      R2C18A.F0 system/cpu/engine/seq/SLICE_394
ROUTE         1     0.958      R2C18A.F0 to      R3C19C.D0 system/cpu/engine/seq/next_address_0_iv_5[2]
CTOF_DEL    ---     0.495      R3C19C.D0 to      R3C19C.F0 system/cpu/engine/seq/SLICE_524
ROUTE         1     0.958      R3C19C.F0 to      R4C20D.D0 system/cpu/engine/seq/next_address_0_iv_6[2]
CTOF_DEL    ---     0.495      R4C20D.D0 to      R4C20D.F0 system/cpu/engine/seq/SLICE_180
ROUTE         5     2.522      R4C20D.F0 to EBR_R6C10.ADA5 system/cpu/engine/next_address_0_iv_i[2] (to clk)
                  --------
                   33.082   (40.5% logic, 59.5% route), 18 logic levels.

 Clock Skew Details: 

      Source Clock Path oscillator to system/cpu/engine/rom/lane_2:

   Name    Fanout   Delay (ns)          Site               Resource
ROUTE       249     3.714        OSC.OSC to EBR_R6C14.CLKA clk
                  --------
                    3.714   (0.0% logic, 100.0% route), 0 logic levels.

      Destination Clock Path oscillator to system/cpu/engine/rom/lane_3:

   Name    Fanout   Delay (ns)          Site               Resource
ROUTE       249     3.714        OSC.OSC to EBR_R6C10.CLKA clk
                  --------
                    3.714   (0.0% logic, 100.0% route), 0 logic levels.


Passed: The following path meets requirements by 0.793ns

 Logical Details:  Cell type  Pin type       Cell/ASIC name  (clock net +/-)

   Source:         DP8KC      Port           system/cpu/engine/rom/lane_2(ASIC)  (from clk +)
   Destination:    DP8KC      Port           system/cpu/engine/rom/lane_3(ASIC)  (to clk +)

   Delay:              33.062ns  (40.5% logic, 59.5% route), 18 logic levels.

 Constraint Details:

     33.062ns physical path delay system/cpu/engine/rom/lane_2 to system/cpu/engine/rom/lane_3 meets
     33.829ns delay constraint less
      0.000ns skew and
     -0.026ns ADDR_SET requirement (totaling 33.855ns) by 0.793ns

 Physical Path Details:

      Data path system/cpu/engine/rom/lane_2 to system/cpu/engine/rom/lane_3:

   Name    Fanout   Delay (ns)          Site               Resource
C2Q_DEL     ---     4.979 EBR_R6C14.CLKA to EBR_R6C14.DOA8 system/cpu/engine/rom/lane_2 (from clk)
ROUTE         4     1.685 EBR_R6C14.DOA8 to      R4C12B.D1 system/cpu/engine/a_select_2[0]
CTOF_DEL    ---     0.495      R4C12B.D1 to      R4C12B.F1 system/cpu/engine/SLICE_416
ROUTE         1     0.436      R4C12B.F1 to      R4C12B.C0 system/cpu/engine/un6_select_register[0]
CTOF_DEL    ---     0.495      R4C12B.C0 to      R4C12B.F0 system/cpu/engine/SLICE_416
ROUTE        16     1.802      R4C12B.F0 to      R2C10A.A0 system/cpu/engine/select_register_5[0]
CTOF_DEL    ---     0.495      R2C10A.A0 to      R2C10A.F0 system/SLICE_39
ROUTE        58     1.329      R2C10A.F0 to      R5C12C.C1 system/address[0]
CTOF_DEL    ---     0.495      R5C12C.C1 to      R5C12C.F1 system/SLICE_446
ROUTE        21     1.056      R5C12C.F1 to      R3C12D.B1 system/mem_requestdup
CTOF_DEL    ---     0.495      R3C12D.B1 to      R3C12D.F1 system/SLICE_431
ROUTE        26     0.783      R3C12D.F1 to      R5C12D.C0 system/mem_writedup
CTOF_DEL    ---     0.495      R5C12D.C0 to      R5C12D.F0 system/bus/SLICE_477
ROUTE         8     0.348      R5C12D.F0 to      R5C12C.D0 system/bus/service_dma_selecteddup
CTOF_DEL    ---     0.495      R5C12C.D0 to      R5C12C.F0 system/SLICE_446
ROUTE         4     0.993      R5C12C.F0 to      R5C10C.A1 system/bus/service_dma_selecteddup_RNIVAU0D
CTOF_DEL    ---     0.495      R5C10C.A1 to      R5C10C.F1 system/bus/SLICE_72
ROUTE         1     0.958      R5C10C.F1 to       R4C9A.D1 system/bus/acknowledgedup_1
CTOF_DEL    ---     0.495       R4C9A.D1 to       R4C9A.F1 system/bus/SLICE_391
ROUTE         1     0.626       R4C9A.F1 to       R4C9A.D0 system/bus/acknowledgedup_2
CTOF_DEL    ---     0.495       R4C9A.D0 to       R4C9A.F0 system/bus/SLICE_391
ROUTE         5     0.783       R4C9A.F0 to      R4C11B.C0 system/acknowledgedup
CTOF_DEL    ---     0.495      R4C11B.C0 to      R4C11B.F0 system/cpu/engine/SLICE_570
ROUTE         5     1.303      R4C11B.F0 to      R4C19A.C1 system/cpu/engine/mem_requestdup_RNIK38FD
CTOF_DEL    ---     0.495      R4C19A.C1 to      R4C19A.F1 system/cpu/engine/SLICE_511
ROUTE         7     0.666      R4C19A.F1 to      R4C19A.D0 system/cpu/engine/fault_redirectdup
CTOF_DEL    ---     0.495      R4C19A.D0 to      R4C19A.F0 system/cpu/engine/SLICE_511
ROUTE        11     1.769      R4C19A.F0 to      R2C18A.A1 system/cpu/engine/seq/next_address_3_sqmuxa_3
CTOF_DEL    ---     0.495      R2C18A.A1 to      R2C18A.F1 system/cpu/engine/seq/SLICE_394
ROUTE         1     0.693      R2C18A.F1 to      R2C18A.B0 system/cpu/engine/seq/upc_i_m[2]
CTOF_DEL    ---     0.495      R2C18A.B0 to      R2C18A.F0 system/cpu/engine/seq/SLICE_394
ROUTE         1     0.958      R2C18A.F0 to      R3C19C.D0 system/cpu/engine/seq/next_address_0_iv_5[2]
CTOF_DEL    ---     0.495      R3C19C.D0 to      R3C19C.F0 system/cpu/engine/seq/SLICE_524
ROUTE         1     0.958      R3C19C.F0 to      R4C20D.D0 system/cpu/engine/seq/next_address_0_iv_6[2]
CTOF_DEL    ---     0.495      R4C20D.D0 to      R4C20D.F0 system/cpu/engine/seq/SLICE_180
ROUTE         5     2.522      R4C20D.F0 to EBR_R6C10.ADA5 system/cpu/engine/next_address_0_iv_i[2] (to clk)
                  --------
                   33.062   (40.5% logic, 59.5% route), 18 logic levels.

 Clock Skew Details: 

      Source Clock Path oscillator to system/cpu/engine/rom/lane_2:

   Name    Fanout   Delay (ns)          Site               Resource
ROUTE       249     3.714        OSC.OSC to EBR_R6C14.CLKA clk
                  --------
                    3.714   (0.0% logic, 100.0% route), 0 logic levels.

      Destination Clock Path oscillator to system/cpu/engine/rom/lane_3:

   Name    Fanout   Delay (ns)          Site               Resource
ROUTE       249     3.714        OSC.OSC to EBR_R6C10.CLKA clk
                  --------
                    3.714   (0.0% logic, 100.0% route), 0 logic levels.


Passed: The following path meets requirements by 0.853ns

 Logical Details:  Cell type  Pin type       Cell/ASIC name  (clock net +/-)

   Source:         DP8KC      Port           system/cpu/engine/rom/lane_2(ASIC)  (from clk +)
   Destination:    DP8KC      Port           system/cpu/engine/rom/lane_3(ASIC)  (to clk +)

   Delay:              33.002ns  (40.6% logic, 59.4% route), 18 logic levels.

 Constraint Details:

     33.002ns physical path delay system/cpu/engine/rom/lane_2 to system/cpu/engine/rom/lane_3 meets
     33.829ns delay constraint less
      0.000ns skew and
     -0.026ns ADDR_SET requirement (totaling 33.855ns) by 0.853ns

 Physical Path Details:

      Data path system/cpu/engine/rom/lane_2 to system/cpu/engine/rom/lane_3:

   Name    Fanout   Delay (ns)          Site               Resource
C2Q_DEL     ---     4.979 EBR_R6C14.CLKA to EBR_R6C14.DOA8 system/cpu/engine/rom/lane_2 (from clk)
ROUTE         4     1.290 EBR_R6C14.DOA8 to      R4C14A.D0 system/cpu/engine/a_select_2[0]
CTOF_DEL    ---     0.495      R4C14A.D0 to      R4C14A.F0 system/cpu/engine/SLICE_673
ROUTE         1     0.958      R4C14A.F0 to      R3C12A.D1 system/cpu/engine/un6_select_register[1]
CTOF_DEL    ---     0.495      R3C12A.D1 to      R3C12A.F1 system/cpu/engine/SLICE_544
ROUTE        18     1.583      R3C12A.F1 to      R4C13A.B0 system/cpu/engine/un9_d_axb1
CTOF_DEL    ---     0.495      R4C13A.B0 to      R4C13A.F0 system/cpu/engine/SLICE_42
ROUTE        14     1.179      R4C13A.F0 to      R2C10D.D0 system/address[12]
CTOF_DEL    ---     0.495      R2C10D.D0 to      R2C10D.F0 system/bus/SLICE_628
ROUTE         1     0.958      R2C10D.F0 to      R5C10A.D0 system/bus/un1_address_25_2_0
CTOF_DEL    ---     0.495      R5C10A.D0 to      R5C10A.F0 system/bus/SLICE_496
ROUTE         1     0.744      R5C10A.F0 to       R5C9A.C1 system/bus/un1_address_25_5_0
CTOF_DEL    ---     0.495       R5C9A.C1 to       R5C9A.F1 system/bus/SLICE_472
ROUTE        19     1.002       R5C9A.F1 to      R5C12D.D1 system/un1_address_25
CTOF_DEL    ---     0.495      R5C12D.D1 to      R5C12D.F1 system/bus/SLICE_477
ROUTE         3     0.658      R5C12D.F1 to      R5C10C.D1 system/panel_selecteddup
CTOF_DEL    ---     0.495      R5C10C.D1 to      R5C10C.F1 system/bus/SLICE_72
ROUTE         1     0.958      R5C10C.F1 to       R4C9A.D1 system/bus/acknowledgedup_1
CTOF_DEL    ---     0.495       R4C9A.D1 to       R4C9A.F1 system/bus/SLICE_391
ROUTE         1     0.626       R4C9A.F1 to       R4C9A.D0 system/bus/acknowledgedup_2
CTOF_DEL    ---     0.495       R4C9A.D0 to       R4C9A.F0 system/bus/SLICE_391
ROUTE         5     0.783       R4C9A.F0 to      R4C11B.C0 system/acknowledgedup
CTOF_DEL    ---     0.495      R4C11B.C0 to      R4C11B.F0 system/cpu/engine/SLICE_570
ROUTE         5     1.303      R4C11B.F0 to      R4C19A.C1 system/cpu/engine/mem_requestdup_RNIK38FD
CTOF_DEL    ---     0.495      R4C19A.C1 to      R4C19A.F1 system/cpu/engine/SLICE_511
ROUTE         7     0.666      R4C19A.F1 to      R4C19A.D0 system/cpu/engine/fault_redirectdup
CTOF_DEL    ---     0.495      R4C19A.D0 to      R4C19A.F0 system/cpu/engine/SLICE_511
ROUTE        11     1.769      R4C19A.F0 to      R2C18A.A1 system/cpu/engine/seq/next_address_3_sqmuxa_3
CTOF_DEL    ---     0.495      R2C18A.A1 to      R2C18A.F1 system/cpu/engine/seq/SLICE_394
ROUTE         1     0.693      R2C18A.F1 to      R2C18A.B0 system/cpu/engine/seq/upc_i_m[2]
CTOF_DEL    ---     0.495      R2C18A.B0 to      R2C18A.F0 system/cpu/engine/seq/SLICE_394
ROUTE         1     0.958      R2C18A.F0 to      R3C19C.D0 system/cpu/engine/seq/next_address_0_iv_5[2]
CTOF_DEL    ---     0.495      R3C19C.D0 to      R3C19C.F0 system/cpu/engine/seq/SLICE_524
ROUTE         1     0.958      R3C19C.F0 to      R4C20D.D0 system/cpu/engine/seq/next_address_0_iv_6[2]
CTOF_DEL    ---     0.495      R4C20D.D0 to      R4C20D.F0 system/cpu/engine/seq/SLICE_180
ROUTE         5     2.522      R4C20D.F0 to EBR_R6C10.ADA5 system/cpu/engine/next_address_0_iv_i[2] (to clk)
                  --------
                   33.002   (40.6% logic, 59.4% route), 18 logic levels.

 Clock Skew Details: 

      Source Clock Path oscillator to system/cpu/engine/rom/lane_2:

   Name    Fanout   Delay (ns)          Site               Resource
ROUTE       249     3.714        OSC.OSC to EBR_R6C14.CLKA clk
                  --------
                    3.714   (0.0% logic, 100.0% route), 0 logic levels.

      Destination Clock Path oscillator to system/cpu/engine/rom/lane_3:

   Name    Fanout   Delay (ns)          Site               Resource
ROUTE       249     3.714        OSC.OSC to EBR_R6C10.CLKA clk
                  --------
                    3.714   (0.0% logic, 100.0% route), 0 logic levels.


Passed: The following path meets requirements by 0.941ns

 Logical Details:  Cell type  Pin type       Cell/ASIC name  (clock net +/-)

   Source:         DP8KC      Port           system/cpu/engine/rom/lane_2(ASIC)  (from clk +)
   Destination:    DP8KC      Port           system/cpu/engine/rom/lane_3(ASIC)  (to clk +)

   Delay:              32.914ns  (42.2% logic, 57.8% route), 19 logic levels.

 Constraint Details:

     32.914ns physical path delay system/cpu/engine/rom/lane_2 to system/cpu/engine/rom/lane_3 meets
     33.829ns delay constraint less
      0.000ns skew and
     -0.026ns ADDR_SET requirement (totaling 33.855ns) by 0.941ns

 Physical Path Details:

      Data path system/cpu/engine/rom/lane_2 to system/cpu/engine/rom/lane_3:

   Name    Fanout   Delay (ns)          Site               Resource
C2Q_DEL     ---     4.979 EBR_R6C14.CLKA to EBR_R6C14.DOA8 system/cpu/engine/rom/lane_2 (from clk)
ROUTE         4     1.685 EBR_R6C14.DOA8 to      R4C12B.D1 system/cpu/engine/a_select_2[0]
CTOF_DEL    ---     0.495      R4C12B.D1 to      R4C12B.F1 system/cpu/engine/SLICE_416
ROUTE         1     0.436      R4C12B.F1 to      R4C12B.C0 system/cpu/engine/un6_select_register[0]
CTOF_DEL    ---     0.495      R4C12B.C0 to      R4C12B.F0 system/cpu/engine/SLICE_416
ROUTE        16     1.852      R4C12B.F0 to      R4C13A.A0 system/cpu/engine/select_register_5[0]
CTOF_DEL    ---     0.495      R4C13A.A0 to      R4C13A.F0 system/cpu/engine/SLICE_42
ROUTE        14     1.179      R4C13A.F0 to      R2C10D.D0 system/address[12]
CTOF_DEL    ---     0.495      R2C10D.D0 to      R2C10D.F0 system/bus/SLICE_628
ROUTE         1     0.958      R2C10D.F0 to      R5C10A.D0 system/bus/un1_address_25_2_0
CTOF_DEL    ---     0.495      R5C10A.D0 to      R5C10A.F0 system/bus/SLICE_496
ROUTE         1     0.744      R5C10A.F0 to       R5C9A.C1 system/bus/un1_address_25_5_0
CTOF_DEL    ---     0.495       R5C9A.C1 to       R5C9A.F1 system/bus/SLICE_472
ROUTE        19     1.002       R5C9A.F1 to      R5C12D.D1 system/un1_address_25
CTOF_DEL    ---     0.495      R5C12D.D1 to      R5C12D.F1 system/bus/SLICE_477
ROUTE         3     0.658      R5C12D.F1 to      R5C10C.D1 system/panel_selecteddup
CTOF_DEL    ---     0.495      R5C10C.D1 to      R5C10C.F1 system/bus/SLICE_72
ROUTE         1     0.958      R5C10C.F1 to       R4C9A.D1 system/bus/acknowledgedup_1
CTOF_DEL    ---     0.495       R4C9A.D1 to       R4C9A.F1 system/bus/SLICE_391
ROUTE         1     0.626       R4C9A.F1 to       R4C9A.D0 system/bus/acknowledgedup_2
CTOF_DEL    ---     0.495       R4C9A.D0 to       R4C9A.F0 system/bus/SLICE_391
ROUTE         5     0.783       R4C9A.F0 to      R4C11B.C0 system/acknowledgedup
CTOF_DEL    ---     0.495      R4C11B.C0 to      R4C11B.F0 system/cpu/engine/SLICE_570
ROUTE         5     1.303      R4C11B.F0 to      R4C19A.C1 system/cpu/engine/mem_requestdup_RNIK38FD
CTOF_DEL    ---     0.495      R4C19A.C1 to      R4C19A.F1 system/cpu/engine/SLICE_511
ROUTE         7     1.053      R4C19A.F1 to      R3C19B.B1 system/cpu/engine/fault_redirectdup
CTOF_DEL    ---     0.495      R3C19B.B1 to      R3C19B.F1 system/cpu/engine/seq/SLICE_526
ROUTE        10     0.791      R3C19B.F1 to      R3C18A.C0 system/cpu/engine/seq/next_address_10_sqmuxa
CTOF_DEL    ---     0.495      R3C18A.C0 to      R3C18A.F0 system/cpu/engine/seq/SLICE_549
ROUTE         1     0.626      R3C18A.F0 to      R3C18A.D1 system/cpu/engine/seq/next_address_1_iv_1_1[5]
CTOF_DEL    ---     0.495      R3C18A.D1 to      R3C18A.F1 system/cpu/engine/seq/SLICE_549
ROUTE         1     0.958      R3C18A.F1 to      R2C19C.D1 system/cpu/engine/seq/next_address_1_iv_1[5]
CTOF_DEL    ---     0.495      R2C19C.D1 to      R2C19C.F1 system/cpu/engine/seq/SLICE_525
ROUTE         1     0.436      R2C19C.F1 to      R2C19C.C0 system/cpu/engine/seq/next_address_1_iv_3[5]
CTOF_DEL    ---     0.495      R2C19C.C0 to      R2C19C.F0 system/cpu/engine/seq/SLICE_525
ROUTE         1     1.157      R2C19C.F0 to      R4C20C.D1 system/cpu/engine/seq/next_address_1_iv_5[5]
CTOF_DEL    ---     0.495      R4C20C.D1 to      R4C20C.F1 system/cpu/engine/seq/SLICE_181
ROUTE         5     1.820      R4C20C.F1 to EBR_R6C10.ADA8 system/cpu/engine/next_address[5] (to clk)
                  --------
                   32.914   (42.2% logic, 57.8% route), 19 logic levels.

 Clock Skew Details: 

      Source Clock Path oscillator to system/cpu/engine/rom/lane_2:

   Name    Fanout   Delay (ns)          Site               Resource
ROUTE       249     3.714        OSC.OSC to EBR_R6C14.CLKA clk
                  --------
                    3.714   (0.0% logic, 100.0% route), 0 logic levels.

      Destination Clock Path oscillator to system/cpu/engine/rom/lane_3:

   Name    Fanout   Delay (ns)          Site               Resource
ROUTE       249     3.714        OSC.OSC to EBR_R6C10.CLKA clk
                  --------
                    3.714   (0.0% logic, 100.0% route), 0 logic levels.


Passed: The following path meets requirements by 0.944ns

 Logical Details:  Cell type  Pin type       Cell/ASIC name  (clock net +/-)

   Source:         DP8KC      Port           system/cpu/engine/rom/lane_2(ASIC)  (from clk +)
   Destination:    DP8KC      Port           system/cpu/engine/rom/lane_3(ASIC)  (to clk +)

   Delay:              32.911ns  (42.2% logic, 57.8% route), 19 logic levels.

 Constraint Details:

     32.911ns physical path delay system/cpu/engine/rom/lane_2 to system/cpu/engine/rom/lane_3 meets
     33.829ns delay constraint less
      0.000ns skew and
     -0.026ns ADDR_SET requirement (totaling 33.855ns) by 0.944ns

 Physical Path Details:

      Data path system/cpu/engine/rom/lane_2 to system/cpu/engine/rom/lane_3:

   Name    Fanout   Delay (ns)          Site               Resource
C2Q_DEL     ---     4.979 EBR_R6C14.CLKA to EBR_R6C14.DOA8 system/cpu/engine/rom/lane_2 (from clk)
ROUTE         4     1.685 EBR_R6C14.DOA8 to      R4C12B.D1 system/cpu/engine/a_select_2[0]
CTOF_DEL    ---     0.495      R4C12B.D1 to      R4C12B.F1 system/cpu/engine/SLICE_416
ROUTE         1     0.436      R4C12B.F1 to      R4C12B.C0 system/cpu/engine/un6_select_register[0]
CTOF_DEL    ---     0.495      R4C12B.C0 to      R4C12B.F0 system/cpu/engine/SLICE_416
ROUTE        16     1.802      R4C12B.F0 to      R2C10A.A0 system/cpu/engine/select_register_5[0]
CTOF_DEL    ---     0.495      R2C10A.A0 to      R2C10A.F0 system/SLICE_39
ROUTE        58     1.329      R2C10A.F0 to      R5C12C.C1 system/address[0]
CTOF_DEL    ---     0.495      R5C12C.C1 to      R5C12C.F1 system/SLICE_446
ROUTE        21     1.056      R5C12C.F1 to      R3C12D.B1 system/mem_requestdup
CTOF_DEL    ---     0.495      R3C12D.B1 to      R3C12D.F1 system/SLICE_431
ROUTE        26     0.783      R3C12D.F1 to      R5C12D.C0 system/mem_writedup
CTOF_DEL    ---     0.495      R5C12D.C0 to      R5C12D.F0 system/bus/SLICE_477
ROUTE         8     0.998      R5C12D.F0 to       R5C9C.D0 system/bus/service_dma_selecteddup
CTOF_DEL    ---     0.495       R5C9C.D0 to       R5C9C.F0 system/SLICE_455
ROUTE         7     0.678       R5C9C.F0 to       R4C9B.D0 system/service_dma_selecteddup_RNIQ3E95
CTOF_DEL    ---     0.495       R4C9B.D0 to       R4C9B.F0 system/bus/SLICE_457
ROUTE         2     0.702       R4C9B.F0 to       R4C9A.B1 system/bus/un1_address_24_3_RNIMQ95D
CTOF_DEL    ---     0.495       R4C9A.B1 to       R4C9A.F1 system/bus/SLICE_391
ROUTE         1     0.626       R4C9A.F1 to       R4C9A.D0 system/bus/acknowledgedup_2
CTOF_DEL    ---     0.495       R4C9A.D0 to       R4C9A.F0 system/bus/SLICE_391
ROUTE         5     0.783       R4C9A.F0 to      R4C11B.C0 system/acknowledgedup
CTOF_DEL    ---     0.495      R4C11B.C0 to      R4C11B.F0 system/cpu/engine/SLICE_570
ROUTE         5     1.303      R4C11B.F0 to      R4C19A.C1 system/cpu/engine/mem_requestdup_RNIK38FD
CTOF_DEL    ---     0.495      R4C19A.C1 to      R4C19A.F1 system/cpu/engine/SLICE_511
ROUTE         7     1.053      R4C19A.F1 to      R3C19B.B1 system/cpu/engine/fault_redirectdup
CTOF_DEL    ---     0.495      R3C19B.B1 to      R3C19B.F1 system/cpu/engine/seq/SLICE_526
ROUTE        10     0.791      R3C19B.F1 to      R3C18A.C0 system/cpu/engine/seq/next_address_10_sqmuxa
CTOF_DEL    ---     0.495      R3C18A.C0 to      R3C18A.F0 system/cpu/engine/seq/SLICE_549
ROUTE         1     0.626      R3C18A.F0 to      R3C18A.D1 system/cpu/engine/seq/next_address_1_iv_1_1[5]
CTOF_DEL    ---     0.495      R3C18A.D1 to      R3C18A.F1 system/cpu/engine/seq/SLICE_549
ROUTE         1     0.958      R3C18A.F1 to      R2C19C.D1 system/cpu/engine/seq/next_address_1_iv_1[5]
CTOF_DEL    ---     0.495      R2C19C.D1 to      R2C19C.F1 system/cpu/engine/seq/SLICE_525
ROUTE         1     0.436      R2C19C.F1 to      R2C19C.C0 system/cpu/engine/seq/next_address_1_iv_3[5]
CTOF_DEL    ---     0.495      R2C19C.C0 to      R2C19C.F0 system/cpu/engine/seq/SLICE_525
ROUTE         1     1.157      R2C19C.F0 to      R4C20C.D1 system/cpu/engine/seq/next_address_1_iv_5[5]
CTOF_DEL    ---     0.495      R4C20C.D1 to      R4C20C.F1 system/cpu/engine/seq/SLICE_181
ROUTE         5     1.820      R4C20C.F1 to EBR_R6C10.ADA8 system/cpu/engine/next_address[5] (to clk)
                  --------
                   32.911   (42.2% logic, 57.8% route), 19 logic levels.

 Clock Skew Details: 

      Source Clock Path oscillator to system/cpu/engine/rom/lane_2:

   Name    Fanout   Delay (ns)          Site               Resource
ROUTE       249     3.714        OSC.OSC to EBR_R6C14.CLKA clk
                  --------
                    3.714   (0.0% logic, 100.0% route), 0 logic levels.

      Destination Clock Path oscillator to system/cpu/engine/rom/lane_3:

   Name    Fanout   Delay (ns)          Site               Resource
ROUTE       249     3.714        OSC.OSC to EBR_R6C10.CLKA clk
                  --------
                    3.714   (0.0% logic, 100.0% route), 0 logic levels.


Passed: The following path meets requirements by 0.972ns

 Logical Details:  Cell type  Pin type       Cell/ASIC name  (clock net +/-)

   Source:         DP8KC      Port           system/cpu/engine/rom/lane_2(ASIC)  (from clk +)
   Destination:    DP8KC      Port           system/cpu/engine/rom/lane_3(ASIC)  (to clk +)

   Delay:              32.883ns  (42.2% logic, 57.8% route), 19 logic levels.

 Constraint Details:

     32.883ns physical path delay system/cpu/engine/rom/lane_2 to system/cpu/engine/rom/lane_3 meets
     33.829ns delay constraint less
      0.000ns skew and
     -0.026ns ADDR_SET requirement (totaling 33.855ns) by 0.972ns

 Physical Path Details:

      Data path system/cpu/engine/rom/lane_2 to system/cpu/engine/rom/lane_3:

   Name    Fanout   Delay (ns)          Site               Resource
C2Q_DEL     ---     4.979 EBR_R6C14.CLKA to EBR_R6C14.DOA8 system/cpu/engine/rom/lane_2 (from clk)
ROUTE         4     1.290 EBR_R6C14.DOA8 to      R4C14A.D0 system/cpu/engine/a_select_2[0]
CTOF_DEL    ---     0.495      R4C14A.D0 to      R4C14A.F0 system/cpu/engine/SLICE_673
ROUTE         1     0.958      R4C14A.F0 to      R3C12A.D1 system/cpu/engine/un6_select_register[1]
CTOF_DEL    ---     0.495      R3C12A.D1 to      R3C12A.F1 system/cpu/engine/SLICE_544
ROUTE        18     1.836      R3C12A.F1 to      R2C12A.B0 system/cpu/engine/un9_d_axb1
CTOF_DEL    ---     0.495      R2C12A.B0 to      R2C12A.F0 system/cpu/engine/dp/rf/words_ram_1/SLICE_45
ROUTE        16     1.302      R2C12A.F0 to      R5C10A.C1 system/address[8]
CTOF_DEL    ---     0.495      R5C10A.C1 to      R5C10A.F1 system/bus/SLICE_496
ROUTE         1     0.693      R5C10A.F1 to      R5C10A.B0 system/bus/un1_address_25_3
CTOF_DEL    ---     0.495      R5C10A.B0 to      R5C10A.F0 system/bus/SLICE_496
ROUTE         1     0.744      R5C10A.F0 to       R5C9A.C1 system/bus/un1_address_25_5_0
CTOF_DEL    ---     0.495       R5C9A.C1 to       R5C9A.F1 system/bus/SLICE_472
ROUTE        19     1.002       R5C9A.F1 to      R5C12D.D1 system/un1_address_25
CTOF_DEL    ---     0.495      R5C12D.D1 to      R5C12D.F1 system/bus/SLICE_477
ROUTE         3     0.658      R5C12D.F1 to      R5C10C.D1 system/panel_selecteddup
CTOF_DEL    ---     0.495      R5C10C.D1 to      R5C10C.F1 system/bus/SLICE_72
ROUTE         1     0.958      R5C10C.F1 to       R4C9A.D1 system/bus/acknowledgedup_1
CTOF_DEL    ---     0.495       R4C9A.D1 to       R4C9A.F1 system/bus/SLICE_391
ROUTE         1     0.626       R4C9A.F1 to       R4C9A.D0 system/bus/acknowledgedup_2
CTOF_DEL    ---     0.495       R4C9A.D0 to       R4C9A.F0 system/bus/SLICE_391
ROUTE         5     0.783       R4C9A.F0 to      R4C11B.C0 system/acknowledgedup
CTOF_DEL    ---     0.495      R4C11B.C0 to      R4C11B.F0 system/cpu/engine/SLICE_570
ROUTE         5     1.303      R4C11B.F0 to      R4C19A.C1 system/cpu/engine/mem_requestdup_RNIK38FD
CTOF_DEL    ---     0.495      R4C19A.C1 to      R4C19A.F1 system/cpu/engine/SLICE_511
ROUTE         7     1.053      R4C19A.F1 to      R3C19B.B1 system/cpu/engine/fault_redirectdup
CTOF_DEL    ---     0.495      R3C19B.B1 to      R3C19B.F1 system/cpu/engine/seq/SLICE_526
ROUTE        10     0.791      R3C19B.F1 to      R3C18A.C0 system/cpu/engine/seq/next_address_10_sqmuxa
CTOF_DEL    ---     0.495      R3C18A.C0 to      R3C18A.F0 system/cpu/engine/seq/SLICE_549
ROUTE         1     0.626      R3C18A.F0 to      R3C18A.D1 system/cpu/engine/seq/next_address_1_iv_1_1[5]
CTOF_DEL    ---     0.495      R3C18A.D1 to      R3C18A.F1 system/cpu/engine/seq/SLICE_549
ROUTE         1     0.958      R3C18A.F1 to      R2C19C.D1 system/cpu/engine/seq/next_address_1_iv_1[5]
CTOF_DEL    ---     0.495      R2C19C.D1 to      R2C19C.F1 system/cpu/engine/seq/SLICE_525
ROUTE         1     0.436      R2C19C.F1 to      R2C19C.C0 system/cpu/engine/seq/next_address_1_iv_3[5]
CTOF_DEL    ---     0.495      R2C19C.C0 to      R2C19C.F0 system/cpu/engine/seq/SLICE_525
ROUTE         1     1.157      R2C19C.F0 to      R4C20C.D1 system/cpu/engine/seq/next_address_1_iv_5[5]
CTOF_DEL    ---     0.495      R4C20C.D1 to      R4C20C.F1 system/cpu/engine/seq/SLICE_181
ROUTE         5     1.820      R4C20C.F1 to EBR_R6C10.ADA8 system/cpu/engine/next_address[5] (to clk)
                  --------
                   32.883   (42.2% logic, 57.8% route), 19 logic levels.

 Clock Skew Details: 

      Source Clock Path oscillator to system/cpu/engine/rom/lane_2:

   Name    Fanout   Delay (ns)          Site               Resource
ROUTE       249     3.714        OSC.OSC to EBR_R6C14.CLKA clk
                  --------
                    3.714   (0.0% logic, 100.0% route), 0 logic levels.

      Destination Clock Path oscillator to system/cpu/engine/rom/lane_3:

   Name    Fanout   Delay (ns)          Site               Resource
ROUTE       249     3.714        OSC.OSC to EBR_R6C10.CLKA clk
                  --------
                    3.714   (0.0% logic, 100.0% route), 0 logic levels.


Passed: The following path meets requirements by 0.974ns

 Logical Details:  Cell type  Pin type       Cell/ASIC name  (clock net +/-)

   Source:         DP8KC      Port           system/cpu/engine/rom/lane_2(ASIC)  (from clk +)
   Destination:    DP8KC      Port           system/cpu/engine/rom/lane_3(ASIC)  (to clk +)

   Delay:              32.881ns  (40.7% logic, 59.3% route), 18 logic levels.

 Constraint Details:

     32.881ns physical path delay system/cpu/engine/rom/lane_2 to system/cpu/engine/rom/lane_3 meets
     33.829ns delay constraint less
      0.000ns skew and
     -0.026ns ADDR_SET requirement (totaling 33.855ns) by 0.974ns

 Physical Path Details:

      Data path system/cpu/engine/rom/lane_2 to system/cpu/engine/rom/lane_3:

   Name    Fanout   Delay (ns)          Site               Resource
C2Q_DEL     ---     4.979 EBR_R6C14.CLKA to EBR_R6C14.DOA8 system/cpu/engine/rom/lane_2 (from clk)
ROUTE         4     1.290 EBR_R6C14.DOA8 to      R4C14A.D0 system/cpu/engine/a_select_2[0]
CTOF_DEL    ---     0.495      R4C14A.D0 to      R4C14A.F0 system/cpu/engine/SLICE_673
ROUTE         1     0.958      R4C14A.F0 to      R3C12A.D1 system/cpu/engine/un6_select_register[1]
CTOF_DEL    ---     0.495      R3C12A.D1 to      R3C12A.F1 system/cpu/engine/SLICE_544
ROUTE        18     1.415      R3C12A.F1 to      R2C10A.B0 system/cpu/engine/un9_d_axb1
CTOF_DEL    ---     0.495      R2C10A.B0 to      R2C10A.F0 system/SLICE_39
ROUTE        58     1.329      R2C10A.F0 to      R5C12C.C1 system/address[0]
CTOF_DEL    ---     0.495      R5C12C.C1 to      R5C12C.F1 system/SLICE_446
ROUTE        21     1.056      R5C12C.F1 to      R3C12D.B1 system/mem_requestdup
CTOF_DEL    ---     0.495      R3C12D.B1 to      R3C12D.F1 system/SLICE_431
ROUTE        26     0.783      R3C12D.F1 to      R5C12D.C0 system/mem_writedup
CTOF_DEL    ---     0.495      R5C12D.C0 to      R5C12D.F0 system/bus/SLICE_477
ROUTE         8     0.998      R5C12D.F0 to       R5C9C.D0 system/bus/service_dma_selecteddup
CTOF_DEL    ---     0.495       R5C9C.D0 to       R5C9C.F0 system/SLICE_455
ROUTE         7     0.678       R5C9C.F0 to       R4C9B.D0 system/service_dma_selecteddup_RNIQ3E95
CTOF_DEL    ---     0.495       R4C9B.D0 to       R4C9B.F0 system/bus/SLICE_457
ROUTE         2     0.702       R4C9B.F0 to       R4C9A.B1 system/bus/un1_address_24_3_RNIMQ95D
CTOF_DEL    ---     0.495       R4C9A.B1 to       R4C9A.F1 system/bus/SLICE_391
ROUTE         1     0.626       R4C9A.F1 to       R4C9A.D0 system/bus/acknowledgedup_2
CTOF_DEL    ---     0.495       R4C9A.D0 to       R4C9A.F0 system/bus/SLICE_391
ROUTE         5     0.783       R4C9A.F0 to      R4C11B.C0 system/acknowledgedup
CTOF_DEL    ---     0.495      R4C11B.C0 to      R4C11B.F0 system/cpu/engine/SLICE_570
ROUTE         5     1.303      R4C11B.F0 to      R4C19A.C1 system/cpu/engine/mem_requestdup_RNIK38FD
CTOF_DEL    ---     0.495      R4C19A.C1 to      R4C19A.F1 system/cpu/engine/SLICE_511
ROUTE         7     0.666      R4C19A.F1 to      R4C19A.D0 system/cpu/engine/fault_redirectdup
CTOF_DEL    ---     0.495      R4C19A.D0 to      R4C19A.F0 system/cpu/engine/SLICE_511
ROUTE        11     1.769      R4C19A.F0 to      R2C18A.A1 system/cpu/engine/seq/next_address_3_sqmuxa_3
CTOF_DEL    ---     0.495      R2C18A.A1 to      R2C18A.F1 system/cpu/engine/seq/SLICE_394
ROUTE         1     0.693      R2C18A.F1 to      R2C18A.B0 system/cpu/engine/seq/upc_i_m[2]
CTOF_DEL    ---     0.495      R2C18A.B0 to      R2C18A.F0 system/cpu/engine/seq/SLICE_394
ROUTE         1     0.958      R2C18A.F0 to      R3C19C.D0 system/cpu/engine/seq/next_address_0_iv_5[2]
CTOF_DEL    ---     0.495      R3C19C.D0 to      R3C19C.F0 system/cpu/engine/seq/SLICE_524
ROUTE         1     0.958      R3C19C.F0 to      R4C20D.D0 system/cpu/engine/seq/next_address_0_iv_6[2]
CTOF_DEL    ---     0.495      R4C20D.D0 to      R4C20D.F0 system/cpu/engine/seq/SLICE_180
ROUTE         5     2.522      R4C20D.F0 to EBR_R6C10.ADA5 system/cpu/engine/next_address_0_iv_i[2] (to clk)
                  --------
                   32.881   (40.7% logic, 59.3% route), 18 logic levels.

 Clock Skew Details: 

      Source Clock Path oscillator to system/cpu/engine/rom/lane_2:

   Name    Fanout   Delay (ns)          Site               Resource
ROUTE       249     3.714        OSC.OSC to EBR_R6C14.CLKA clk
                  --------
                    3.714   (0.0% logic, 100.0% route), 0 logic levels.

      Destination Clock Path oscillator to system/cpu/engine/rom/lane_3:

   Name    Fanout   Delay (ns)          Site               Resource
ROUTE       249     3.714        OSC.OSC to EBR_R6C10.CLKA clk
                  --------
                    3.714   (0.0% logic, 100.0% route), 0 logic levels.

Report:   30.195MHz is the maximum frequency for this preference.


================================================================================
Preference: Unconstrained: CLOCK_DOMAIN
            0 unconstrained paths found
--------------------------------------------------------------------------------


================================================================================
Preference: Unconstrained: INPUT_SETUP
            8 unconstrained paths found
--------------------------------------------------------------------------------

Unconstrained Preference:
   INPUT_SETUP PORT "res" CLKNET "clk" 

Report:    4.972ns delay res to SLICE_505 (4.239ns delay and 0.733ns setup)

   Name    Fanout   Delay (ns)          Site               Resource
PADI_DEL    ---     1.132          4.PAD to        4.PADDI res
ROUTE         1     3.107        4.PADDI to     R7C12C.LSR res_c (to clk)
                  --------
                    4.239   (26.7% logic, 73.3% route), 1 logic levels.

Unconstrained Preference:
   INPUT_SETUP PORT "gpio_key_row[0]" CLKNET "clk" 

Report:    2.292ns delay gpio_key_row[0] to gpio_key_row[0]_MGIOL (1.697ns delay and 0.595ns setup)

   Name    Fanout   Delay (ns)          Site               Resource
PADI_DEL    ---     1.132         29.PAD to       29.PADDI gpio_key_row[0]
ROUTE         1     0.565       29.PADDI to    IOL_T11D.DI gpio_key_row_in[0] (to clk)
                  --------
                    1.697   (66.7% logic, 33.3% route), 1 logic levels.

Unconstrained Preference:
   INPUT_SETUP PORT "gpio_key_row[1]" CLKNET "clk" 

Report:    2.292ns delay gpio_key_row[1] to gpio_key_row[1]_MGIOL (1.697ns delay and 0.595ns setup)

   Name    Fanout   Delay (ns)          Site               Resource
PADI_DEL    ---     1.132         30.PAD to       30.PADDI gpio_key_row[1]
ROUTE         1     0.565       30.PADDI to    IOL_T11C.DI gpio_key_row_in[1] (to clk)
                  --------
                    1.697   (66.7% logic, 33.3% route), 1 logic levels.

Unconstrained Preference:
   INPUT_SETUP PORT "gpio_key_row[2]" CLKNET "clk" 

Report:    2.292ns delay gpio_key_row[2] to gpio_key_row[2]_MGIOL (1.697ns delay and 0.595ns setup)

   Name    Fanout   Delay (ns)          Site               Resource
PADI_DEL    ---     1.132         32.PAD to       32.PADDI gpio_key_row[2]
ROUTE         1     0.565       32.PADDI to    IOL_T10D.DI gpio_key_row_in[2] (to clk)
                  --------
                    1.697   (66.7% logic, 33.3% route), 1 logic levels.

Unconstrained Preference:
   INPUT_SETUP PORT "gpio_key_row[3]" CLKNET "clk" 

Report:    2.292ns delay gpio_key_row[3] to gpio_key_row[3]_MGIOL (1.697ns delay and 0.595ns setup)

   Name    Fanout   Delay (ns)          Site               Resource
PADI_DEL    ---     1.132          1.PAD to        1.PADDI gpio_key_row[3]
ROUTE         1     0.565        1.PADDI to    IOL_T10C.DI gpio_key_row_in[3] (to clk)
                  --------
                    1.697   (66.7% logic, 33.3% route), 1 logic levels.

Unconstrained Preference:
   INPUT_SETUP PORT "rx" CLKNET "clk" 

Report:    2.292ns delay rx to rx_MGIOL (1.697ns delay and 0.595ns setup)

   Name    Fanout   Delay (ns)          Site               Resource
PADI_DEL    ---     1.132         25.PAD to       25.PADDI rx
ROUTE         1     0.565       25.PADDI to    IOL_T15D.DI rx_c (to clk)
                  --------
                    1.697   (66.7% logic, 33.3% route), 1 logic levels.

Unconstrained Preference:
   INPUT_SETUP PORT "sd_miso" CLKNET "clk" 

Report:    2.292ns delay sd_miso to sd_miso_MGIOL (1.697ns delay and 0.595ns setup)

   Name    Fanout   Delay (ns)          Site               Resource
PADI_DEL    ---     1.132         28.PAD to       28.PADDI sd_miso
ROUTE         1     0.565       28.PADDI to    IOL_T12C.DI sd_miso_c (to clk)
                  --------
                    1.697   (66.7% logic, 33.3% route), 1 logic levels.

Unconstrained Preference:
   INPUT_SETUP PORT "gpio_miso" CLKNET "clk" 

Report:    2.111ns delay gpio_miso to gpio_miso_MGIOL (1.516ns delay and 0.595ns setup)

   Name    Fanout   Delay (ns)          Site               Resource
PADI_DEL    ---     1.132         10.PAD to       10.PADDI gpio_miso
ROUTE         1     0.384       10.PADDI to     IOL_B6D.DI gpio_miso_c (to clk)
                  --------
                    1.516   (74.7% logic, 25.3% route), 1 logic levels.


================================================================================
Preference: Unconstrained: CLOCK_TO_OUT
            18 unconstrained paths found
--------------------------------------------------------------------------------

Unconstrained Preference:
   CLOCK_TO_OUT PORT "tx" CLKNET "clk" 

Report:    8.663ns delay system/bus/SLICE_421 to tx

   Name    Fanout   Delay (ns)          Site               Resource
REG_DEL     ---     0.452      R3C9C.CLK to       R3C9C.Q0 system/bus/SLICE_421 (from clk)
ROUTE         2     2.004       R3C9C.Q0 to       R4C4A.A1 system/bus/fixed_uart.console/tx_break
CTOF_DEL    ---     0.495       R4C4A.A1 to       R4C4A.F1 system/bus/fixed_uart.console/SLICE_116
ROUTE         1     2.915       R4C4A.F1 to       23.PADDO tx_c
DOPAD_DEL   ---     2.797       23.PADDO to         23.PAD tx
                  --------
                    8.663   (43.2% logic, 56.8% route), 3 logic levels.

Unconstrained Preference:
   CLOCK_TO_OUT PORT "sd_mosi" CLKNET "clk" 

Report:    8.467ns delay system/bus/byte_sd/SLICE_87 to sd_mosi

   Name    Fanout   Delay (ns)          Site               Resource
REG_DEL     ---     0.452      R2C5D.CLK to       R2C5D.Q1 system/bus/byte_sd/SLICE_87 (from clk)
ROUTE         1     1.903       R2C5D.Q1 to       R2C9B.C1 system/bus/byte_sd/tx_shift[7]
CTOF_DEL    ---     0.495       R2C9B.C1 to       R2C9B.F1 system/bus/byte_sd/SLICE_69
ROUTE         1     2.820       R2C9B.F1 to       21.PADDO sd_mosi_c
DOPAD_DEL   ---     2.797       21.PADDO to         21.PAD sd_mosi
                  --------
                    8.467   (44.2% logic, 55.8% route), 3 logic levels.

Unconstrained Preference:
   CLOCK_TO_OUT PORT "gpio_key_row[3]" CLKNET "clk" 

Report:    8.170ns delay system/SLICE_143 to gpio_key_row[3]

   Name    Fanout   Delay (ns)          Site               Resource
REG_DEL     ---     0.452      R7C6B.CLK to       R7C6B.Q0 system/SLICE_143 (from clk)
ROUTE         3     3.538       R7C6B.Q0 to        1.PADDT system/bus/host_miso_oe
TDTS_DEL    ---     4.180        1.PADDT to          1.PAD gpio_key_row[3]
                  --------
                    8.170   (56.7% logic, 43.3% route), 2 logic levels.

Unconstrained Preference:
   CLOCK_TO_OUT PORT "tx" CLKNET "clk" 

Report:    8.023ns delay system/bus/fixed_uart.console/SLICE_103 to tx

   Name    Fanout   Delay (ns)          Site               Resource
REG_DEL     ---     0.452      R3C3A.CLK to       R3C3A.Q0 system/bus/fixed_uart.console/SLICE_103 (from clk)
ROUTE        20     1.364       R3C3A.Q0 to       R4C4A.C1 system/bus/fixed_uart.console/tx_busy
CTOF_DEL    ---     0.495       R4C4A.C1 to       R4C4A.F1 system/bus/fixed_uart.console/SLICE_116
ROUTE         1     2.915       R4C4A.F1 to       23.PADDO tx_c
DOPAD_DEL   ---     2.797       23.PADDO to         23.PAD tx
                  --------
                    8.023   (46.7% logic, 53.3% route), 3 logic levels.

Unconstrained Preference:
   CLOCK_TO_OUT PORT "tx" CLKNET "clk" 

Report:    7.701ns delay system/bus/fixed_uart.console/SLICE_112 to tx

   Name    Fanout   Delay (ns)          Site               Resource
REG_DEL     ---     0.452      R5C4A.CLK to       R5C4A.Q0 system/bus/fixed_uart.console/SLICE_112 (from clk)
ROUTE         1     1.042       R5C4A.Q0 to       R4C4A.D1 system/bus/fixed_uart.console/tx_shift[0]
CTOF_DEL    ---     0.495       R4C4A.D1 to       R4C4A.F1 system/bus/fixed_uart.console/SLICE_116
ROUTE         1     2.915       R4C4A.F1 to       23.PADDO tx_c
DOPAD_DEL   ---     2.797       23.PADDO to         23.PAD tx
                  --------
                    7.701   (48.6% logic, 51.4% route), 3 logic levels.

Unconstrained Preference:
   CLOCK_TO_OUT PORT "sd_mosi" CLKNET "clk" 

Report:    7.580ns delay system/bus/byte_sd/SLICE_77 to sd_mosi

   Name    Fanout   Delay (ns)          Site               Resource
REG_DEL     ---     0.452      R2C6D.CLK to       R2C6D.Q0 system/bus/byte_sd/SLICE_77 (from clk)
ROUTE        23     1.016       R2C6D.Q0 to       R2C9B.D1 system/bus/byte_sd/busy
CTOF_DEL    ---     0.495       R2C9B.D1 to       R2C9B.F1 system/bus/byte_sd/SLICE_69
ROUTE         1     2.820       R2C9B.F1 to       21.PADDO sd_mosi_c
DOPAD_DEL   ---     2.797       21.PADDO to         21.PAD sd_mosi
                  --------
                    7.580   (49.4% logic, 50.6% route), 3 logic levels.

Unconstrained Preference:
   CLOCK_TO_OUT PORT "gpio_key_row[3]" CLKNET "clk" 

Report:    6.093ns delay system/SLICE_66 to gpio_key_row[3]

   Name    Fanout   Delay (ns)          Site               Resource
REG_DEL     ---     0.452      R7C7C.CLK to       R7C7C.Q0 system/SLICE_66 (from clk)
ROUTE         3     2.844       R7C7C.Q0 to        1.PADDO host_miso
DOPAD_DEL   ---     2.797        1.PADDO to          1.PAD gpio_key_row[3]
                  --------
                    6.093   (53.3% logic, 46.7% route), 2 logic levels.

Unconstrained Preference:
   CLOCK_TO_OUT PORT "gpio_reg_latch" CLKNET "clk" 

Report:    6.051ns delay system/SLICE_64 to gpio_reg_latch

   Name    Fanout   Delay (ns)          Site               Resource
REG_DEL     ---     0.452      R7C7D.CLK to       R7C7D.Q0 system/SLICE_64 (from clk)
ROUTE         3     2.802       R7C7D.Q0 to       20.PADDO gpio_reg_latch_c
DOPAD_DEL   ---     2.797       20.PADDO to         20.PAD gpio_reg_latch
                  --------
                    6.051   (53.7% logic, 46.3% route), 2 logic levels.

Unconstrained Preference:
   CLOCK_TO_OUT PORT "gpio_blank" CLKNET "clk" 

Report:    6.024ns delay system/SLICE_59 to gpio_blank

   Name    Fanout   Delay (ns)          Site               Resource
REG_DEL     ---     0.452      R7C6C.CLK to       R7C6C.Q0 system/SLICE_59 (from clk)
ROUTE         2     2.775       R7C6C.Q0 to       13.PADDO gpio_blank_c
DOPAD_DEL   ---     2.797       13.PADDO to         13.PAD gpio_blank
                  --------
                    6.024   (53.9% logic, 46.1% route), 2 logic levels.

Unconstrained Preference:
   CLOCK_TO_OUT PORT "gpio_din" CLKNET "clk" 

Report:    5.918ns delay system/SLICE_62 to gpio_din

   Name    Fanout   Delay (ns)          Site               Resource
REG_DEL     ---     0.452      R9C6B.CLK to       R9C6B.Q0 system/SLICE_62 (from clk)
ROUTE         2     2.669       R9C6B.Q0 to       16.PADDO gpio_din_c
DOPAD_DEL   ---     2.797       16.PADDO to         16.PAD gpio_din
                  --------
                    5.918   (54.9% logic, 45.1% route), 2 logic levels.

Unconstrained Preference:
   CLOCK_TO_OUT PORT "sd_cs_n" CLKNET "clk" 

Report:    5.530ns delay system/SLICE_68 to sd_cs_n

   Name    Fanout   Delay (ns)          Site               Resource
REG_DEL     ---     0.452      R3C8C.CLK to       R3C8C.Q0 system/SLICE_68 (from clk)
ROUTE         2     2.281       R3C8C.Q0 to        5.PADDO sd_cs_n_c
DOPAD_DEL   ---     2.797        5.PADDO to          5.PAD sd_cs_n
                  --------
                    5.530   (58.8% logic, 41.2% route), 2 logic levels.

Unconstrained Preference:
   CLOCK_TO_OUT PORT "sd_sck" CLKNET "clk" 

Report:    5.085ns delay system/bus/byte_sd/SLICE_69 to sd_sck

   Name    Fanout   Delay (ns)          Site               Resource
REG_DEL     ---     0.452      R2C9B.CLK to       R2C9B.Q0 system/bus/byte_sd/SLICE_69 (from clk)
ROUTE         9     1.836       R2C9B.Q0 to       27.PADDO sd_sck_c
DOPAD_DEL   ---     2.797       27.PADDO to         27.PAD sd_sck
                  --------
                    5.085   (63.9% logic, 36.1% route), 2 logic levels.

Unconstrained Preference:
   CLOCK_TO_OUT PORT "gpio_rs" CLKNET "clk" 

Report:    4.898ns delay system/SLICE_65 to gpio_rs

   Name    Fanout   Delay (ns)          Site               Resource
REG_DEL     ---     0.452      R9C6C.CLK to       R9C6C.Q0 system/SLICE_65 (from clk)
ROUTE         2     1.649       R9C6C.Q0 to       11.PADDO gpio_rs_c
DOPAD_DEL   ---     2.797       11.PADDO to         11.PAD gpio_rs
                  --------
                    4.898   (66.3% logic, 33.7% route), 2 logic levels.

Unconstrained Preference:
   CLOCK_TO_OUT PORT "gpio_msck" CLKNET "clk" 

Report:    4.601ns delay system/bus/guest_memory/SLICE_63 to gpio_msck

   Name    Fanout   Delay (ns)          Site               Resource
REG_DEL     ---     0.452     R10C3C.CLK to      R10C3C.Q0 system/bus/guest_memory/SLICE_63 (from clk)
ROUTE         4     1.352      R10C3C.Q0 to        9.PADDO gpio_msck_c
DOPAD_DEL   ---     2.797        9.PADDO to          9.PAD gpio_msck
                  --------
                    4.601   (70.6% logic, 29.4% route), 2 logic levels.

Unconstrained Preference:
   CLOCK_TO_OUT PORT "gpio_clk" CLKNET "clk" 

Report:    4.595ns delay system/SLICE_61 to gpio_clk

   Name    Fanout   Delay (ns)          Site               Resource
REG_DEL     ---     0.452      R9C6D.CLK to       R9C6D.Q0 system/SLICE_61 (from clk)
ROUTE         2     1.346       R9C6D.Q0 to       12.PADDO gpio_clk_c
DOPAD_DEL   ---     2.797       12.PADDO to         12.PAD gpio_clk
                  --------
                    4.595   (70.7% logic, 29.3% route), 2 logic levels.

Unconstrained Preference:
   CLOCK_TO_OUT PORT "gpio_ce" CLKNET "clk" 

Report:    4.510ns delay system/SLICE_60 to gpio_ce

   Name    Fanout   Delay (ns)          Site               Resource
REG_DEL     ---     0.452     R7C11C.CLK to      R7C11C.Q0 system/SLICE_60 (from clk)
ROUTE         3     1.261      R7C11C.Q0 to       14.PADDO gpio_ce_c
DOPAD_DEL   ---     2.797       14.PADDO to         14.PAD gpio_ce
                  --------
                    4.510   (72.0% logic, 28.0% route), 2 logic levels.

Unconstrained Preference:
   CLOCK_TO_OUT PORT "gpio_mcs" CLKNET "clk" 

Report:    3.407ns delay gpio_mcs_MGIOL to gpio_mcs

   Name    Fanout   Delay (ns)          Site               Resource
C2OUT_DEL   ---     0.567    IOL_B4C.CLK to  IOL_B4C.IOLDO gpio_mcs_MGIOL (from clk)
ROUTE         1     0.043  IOL_B4C.IOLDO to        8.IOLDO gpio_mcs_c
OP0PAD_DEL  ---     2.797        8.IOLDO to          8.PAD gpio_mcs
                  --------
                    3.407   (98.7% logic, 1.3% route), 2 logic levels.

Unconstrained Preference:
   CLOCK_TO_OUT PORT "gpio_mosi" CLKNET "clk" 

Report:    3.407ns delay gpio_mosi_MGIOL to gpio_mosi

   Name    Fanout   Delay (ns)          Site               Resource
C2OUT_DEL   ---     0.567   IOL_B20D.CLK to IOL_B20D.IOLDO gpio_mosi_MGIOL (from clk)
ROUTE         1     0.043 IOL_B20D.IOLDO to       17.IOLDO gpio_mosi_c
OP0PAD_DEL  ---     2.797       17.IOLDO to         17.PAD gpio_mosi
                  --------
                    3.407   (98.7% logic, 1.3% route), 2 logic levels.


================================================================================
Preference: Unconstrained: MAXDELAY
            0 unconstrained paths found
--------------------------------------------------------------------------------

Report Summary
--------------
----------------------------------------------------------------------------
Preference                              |   Constraint|       Actual|Levels
----------------------------------------------------------------------------
                                        |             |             |
FREQUENCY NET "clk" 29.560000 MHz ;     |   29.560 MHz|   30.195 MHz|  18  
                                        |             |             |
----------------------------------------------------------------------------


All preferences were met.


Clock Domains Analysis
------------------------

Found 1 clocks:

Clock Domain: clk   Source: oscillator.OSC   Loads: 249
   Covered under: FREQUENCY NET "clk" 29.560000 MHz ;


--------------------------------------------------------------------------------
                Connections not covered by the preferences
--------------------------------------------------------------------------------

     Delay                        Element                 Net

    0.565ns pio_key_row[0].PADDI to _key_row[0]_MGIOL.DI gpio_key_row_in[0]
    0.565ns        sd_miso.PADDI to     sd_miso_MGIOL.DI sd_miso_c
    0.565ns             rx.PADDI to          rx_MGIOL.DI rx_c
    0.565ns pio_key_row[1].PADDI to _key_row[1]_MGIOL.DI gpio_key_row_in[1]
    0.565ns pio_key_row[2].PADDI to _key_row[2]_MGIOL.DI gpio_key_row_in[2]
    0.565ns pio_key_row[3].PADDI to _key_row[3]_MGIOL.DI gpio_key_row_in[3]
    0.384ns      gpio_miso.PADDI to   gpio_miso_MGIOL.DI gpio_miso_c
    3.107ns            res.PADDI to        SLICE_505.LSR res_c

--------------------------------------------------------------------------------


Timing summary (Setup):
---------------

Timing errors: 0  Score: 0
Cumulative negative slack: 0

Constraints cover 3243706 paths, 1 nets, and 5593 connections (99.86% coverage)

--------------------------------------------------------------------------------
Lattice TRACE Report - Hold, Version Diamond (64-bit) 3.14.0.75.2
Thu Sep 10 16:09:34 2026

Copyright (c) 1991-1994 by NeoCAD Inc. All rights reserved.
Copyright (c) 1995 AT&T Corp.   All rights reserved.
Copyright (c) 1995-2001 Lucent Technologies Inc.  All rights reserved.
Copyright (c) 2001 Agere Systems   All rights reserved.
Copyright (c) 2002-2024 Lattice Semiconductor Corporation,  All rights reserved.

Report Information
------------------
Command line:    trce -v 10 -c -u 0 -gt -sethld -sp 4 -sphld m -o cp40c_impl1.twr cp40c_impl1.ncd cp40c_impl1.prf 
Design file:     cp40c_impl1.ncd
Preference file: cp40c_impl1.prf
Device,speed:    LCMXO2-1200HC,m
Report level:    verbose report, limited to 10 items per preference
--------------------------------------------------------------------------------

BLOCK ASYNCPATHS
BLOCK RESETPATHS
--------------------------------------------------------------------------------



================================================================================
Preference: FREQUENCY NET "clk" 29.560000 MHz ;
            4096 items scored, 0 timing errors detected.
--------------------------------------------------------------------------------


Passed: The following path meets requirements by 0.292ns

 Logical Details:  Cell type  Pin type       Cell/ASIC name  (clock net +/-)

   Source:         Sync_RAM   Q              system/cpu/engine/dp/rf/words_ram/RAM0  (from clk +)
   Destination:    FF         Data in        system/bus/boot_release_armed  (to clk +)

   Delay:               0.279ns  (98.9% logic, 1.1% route), 1 logic levels.

 Constraint Details:

      0.279ns physical path delay system/SLICE_39 to system/SLICE_39 meets
     -0.013ns DIN_HLD and
      0.000ns delay constraint less
      0.000ns skew requirement (totaling -0.013ns) by 0.292ns

 Physical Path Details:

      Data path system/SLICE_39 to system/SLICE_39:

   Name    Fanout   Delay (ns)          Site               Resource
CLKTOF_DEL  ---     0.276     R2C10A.WCK to      R2C10A.F1 system/SLICE_39 (from clk)
ROUTE        47     0.003      R2C10A.F1 to     R2C10A.DI1 system/address[1] (to clk)
                  --------
                    0.279   (98.9% logic, 1.1% route), 1 logic levels.

 Clock Skew Details: 

      Source Clock Path oscillator to system/SLICE_39:

   Name    Fanout   Delay (ns)          Site               Resource
ROUTE       249     1.216        OSC.OSC to     R2C10A.WCK clk
                  --------
                    1.216   (0.0% logic, 100.0% route), 0 logic levels.

      Destination Clock Path oscillator to system/SLICE_39:

   Name    Fanout   Delay (ns)          Site               Resource
ROUTE       249     1.216        OSC.OSC to     R2C10A.CLK clk
                  --------
                    1.216   (0.0% logic, 100.0% route), 0 logic levels.


Passed: The following path meets requirements by 0.292ns

 Logical Details:  Cell type  Pin type       Cell/ASIC name  (clock net +/-)

   Source:         Sync_RAM   Q              system/cpu/engine/dp/rf/words_ram_2/RAM1  (from clk +)
   Destination:    FF         Data in        system/cpu/engine/mmu_page[2]  (to clk +)

   Delay:               0.279ns  (98.9% logic, 1.1% route), 1 logic levels.

 Constraint Details:

      0.279ns physical path delay system/cpu/engine/SLICE_43 to system/cpu/engine/SLICE_43 meets
     -0.013ns DIN_HLD and
      0.000ns delay constraint less
      0.000ns skew requirement (totaling -0.013ns) by 0.292ns

 Physical Path Details:

      Data path system/cpu/engine/SLICE_43 to system/cpu/engine/SLICE_43:

   Name    Fanout   Delay (ns)          Site               Resource
CLKTOF_DEL  ---     0.276     R4C13B.WCK to      R4C13B.F1 system/cpu/engine/SLICE_43 (from clk)
ROUTE        10     0.003      R4C13B.F1 to     R4C13B.DI1 system/address[15] (to clk)
                  --------
                    0.279   (98.9% logic, 1.1% route), 1 logic levels.

 Clock Skew Details: 

      Source Clock Path oscillator to system/cpu/engine/SLICE_43:

   Name    Fanout   Delay (ns)          Site               Resource
ROUTE       249     1.216        OSC.OSC to     R4C13B.WCK clk
                  --------
                    1.216   (0.0% logic, 100.0% route), 0 logic levels.

      Destination Clock Path oscillator to system/cpu/engine/SLICE_43:

   Name    Fanout   Delay (ns)          Site               Resource
ROUTE       249     1.216        OSC.OSC to     R4C13B.CLK clk
                  --------
                    1.216   (0.0% logic, 100.0% route), 0 logic levels.


Passed: The following path meets requirements by 0.292ns

 Logical Details:  Cell type  Pin type       Cell/ASIC name  (clock net +/-)

   Source:         Sync_RAM   Q              system/cpu/engine/dp/rf/words_ram_2/RAM0  (from clk +)
   Destination:    FF         Data in        system/cpu/engine/mmu_page[0]  (to clk +)

   Delay:               0.279ns  (98.9% logic, 1.1% route), 1 logic levels.

 Constraint Details:

      0.279ns physical path delay system/cpu/engine/SLICE_42 to system/cpu/engine/SLICE_42 meets
     -0.013ns DIN_HLD and
      0.000ns delay constraint less
      0.000ns skew requirement (totaling -0.013ns) by 0.292ns

 Physical Path Details:

      Data path system/cpu/engine/SLICE_42 to system/cpu/engine/SLICE_42:

   Name    Fanout   Delay (ns)          Site               Resource
CLKTOF_DEL  ---     0.276     R4C13A.WCK to      R4C13A.F1 system/cpu/engine/SLICE_42 (from clk)
ROUTE        18     0.003      R4C13A.F1 to     R4C13A.DI1 system/address[13] (to clk)
                  --------
                    0.279   (98.9% logic, 1.1% route), 1 logic levels.

 Clock Skew Details: 

      Source Clock Path oscillator to system/cpu/engine/SLICE_42:

   Name    Fanout   Delay (ns)          Site               Resource
ROUTE       249     1.216        OSC.OSC to     R4C13A.WCK clk
                  --------
                    1.216   (0.0% logic, 100.0% route), 0 logic levels.

      Destination Clock Path oscillator to system/cpu/engine/SLICE_42:

   Name    Fanout   Delay (ns)          Site               Resource
ROUTE       249     1.216        OSC.OSC to     R4C13A.CLK clk
                  --------
                    1.216   (0.0% logic, 100.0% route), 0 logic levels.


Passed: The following path meets requirements by 0.293ns

 Logical Details:  Cell type  Pin type       Cell/ASIC name  (clock net +/-)

   Source:         Sync_RAM   Q              system/cpu/engine/dp/rf/words_ram_2/RAM1  (from clk +)
   Destination:    FF         Data in        system/cpu/engine/mmu_page[1]  (to clk +)

   Delay:               0.280ns  (98.6% logic, 1.4% route), 1 logic levels.

 Constraint Details:

      0.280ns physical path delay system/cpu/engine/SLICE_43 to system/cpu/engine/SLICE_43 meets
     -0.013ns DIN_HLD and
      0.000ns delay constraint less
      0.000ns skew requirement (totaling -0.013ns) by 0.293ns

 Physical Path Details:

      Data path system/cpu/engine/SLICE_43 to system/cpu/engine/SLICE_43:

   Name    Fanout   Delay (ns)          Site               Resource
CLKTOF_DEL  ---     0.276     R4C13B.WCK to      R4C13B.F0 system/cpu/engine/SLICE_43 (from clk)
ROUTE        10     0.004      R4C13B.F0 to     R4C13B.DI0 system/address[14] (to clk)
                  --------
                    0.280   (98.6% logic, 1.4% route), 1 logic levels.

 Clock Skew Details: 

      Source Clock Path oscillator to system/cpu/engine/SLICE_43:

   Name    Fanout   Delay (ns)          Site               Resource
ROUTE       249     1.216        OSC.OSC to     R4C13B.WCK clk
                  --------
                    1.216   (0.0% logic, 100.0% route), 0 logic levels.

      Destination Clock Path oscillator to system/cpu/engine/SLICE_43:

   Name    Fanout   Delay (ns)          Site               Resource
ROUTE       249     1.216        OSC.OSC to     R4C13B.CLK clk
                  --------
                    1.216   (0.0% logic, 100.0% route), 0 logic levels.


Passed: The following path meets requirements by 0.304ns

 Logical Details:  Cell type  Pin type       Cell/ASIC name  (clock net +/-)

   Source:         FF         Q              reset_sync[1]  (from clk +)
   Destination:    FF         Data in        reset_sync[0]  (to clk +)

   Delay:               0.285ns  (46.7% logic, 53.3% route), 1 logic levels.

 Constraint Details:

      0.285ns physical path delay SLICE_505 to SLICE_505 meets
     -0.019ns M_HLD and
      0.000ns delay constraint less
      0.000ns skew requirement (totaling -0.019ns) by 0.304ns

 Physical Path Details:

      Data path SLICE_505 to SLICE_505:

   Name    Fanout   Delay (ns)          Site               Resource
REG_DEL     ---     0.133     R7C12C.CLK to      R7C12C.Q1 SLICE_505 (from clk)
ROUTE         1     0.152      R7C12C.Q1 to      R7C12C.M0 reset_sync[1] (to clk)
                  --------
                    0.285   (46.7% logic, 53.3% route), 1 logic levels.

 Clock Skew Details: 

      Source Clock Path oscillator to SLICE_505:

   Name    Fanout   Delay (ns)          Site               Resource
ROUTE       249     1.216        OSC.OSC to     R7C12C.CLK clk
                  --------
                    1.216   (0.0% logic, 100.0% route), 0 logic levels.

      Destination Clock Path oscillator to SLICE_505:

   Name    Fanout   Delay (ns)          Site               Resource
ROUTE       249     1.216        OSC.OSC to     R7C12C.CLK clk
                  --------
                    1.216   (0.0% logic, 100.0% route), 0 logic levels.


Passed: The following path meets requirements by 0.304ns

 Logical Details:  Cell type  Pin type       Cell/ASIC name  (clock net +/-)

   Source:         FF         Q              system/bus/fixed_uart.console/rx_shift[0]  (from clk +)
   Destination:    FF         Data in        system/bus/fixed_uart.console/rx_buffer[0]  (to clk +)

   Delay:               0.285ns  (46.7% logic, 53.3% route), 1 logic levels.

 Constraint Details:

      0.285ns physical path delay system/bus/fixed_uart.console/SLICE_423 to system/bus/fixed_uart.console/SLICE_617 meets
     -0.019ns M_HLD and
      0.000ns delay constraint less
      0.000ns skew requirement (totaling -0.019ns) by 0.304ns

 Physical Path Details:

      Data path system/bus/fixed_uart.console/SLICE_423 to system/bus/fixed_uart.console/SLICE_617:

   Name    Fanout   Delay (ns)          Site               Resource
REG_DEL     ---     0.133      R2C3C.CLK to       R2C3C.Q0 system/bus/fixed_uart.console/SLICE_423 (from clk)
ROUTE         1     0.152       R2C3C.Q0 to       R2C3B.M0 system/bus/fixed_uart.console/rx_shift[0] (to clk)
                  --------
                    0.285   (46.7% logic, 53.3% route), 1 logic levels.

 Clock Skew Details: 

      Source Clock Path oscillator to system/bus/fixed_uart.console/SLICE_423:

   Name    Fanout   Delay (ns)          Site               Resource
ROUTE       249     1.216        OSC.OSC to      R2C3C.CLK clk
                  --------
                    1.216   (0.0% logic, 100.0% route), 0 logic levels.

      Destination Clock Path oscillator to system/bus/fixed_uart.console/SLICE_617:

   Name    Fanout   Delay (ns)          Site               Resource
ROUTE       249     1.216        OSC.OSC to      R2C3B.CLK clk
                  --------
                    1.216   (0.0% logic, 100.0% route), 0 logic levels.


Passed: The following path meets requirements by 0.304ns

 Logical Details:  Cell type  Pin type       Cell/ASIC name  (clock net +/-)

   Source:         FF         Q              system/bus/fixed_uart.console/cts_sync[0]  (from clk +)
   Destination:    FF         Data in        system/bus/fixed_uart.console/cts_sync[1]  (to clk +)

   Delay:               0.285ns  (46.7% logic, 53.3% route), 1 logic levels.

 Constraint Details:

      0.285ns physical path delay system/bus/fixed_uart.console/SLICE_88 to system/bus/fixed_uart.console/SLICE_88 meets
     -0.019ns M_HLD and
      0.000ns delay constraint less
      0.000ns skew requirement (totaling -0.019ns) by 0.304ns

 Physical Path Details:

      Data path system/bus/fixed_uart.console/SLICE_88 to system/bus/fixed_uart.console/SLICE_88:

   Name    Fanout   Delay (ns)          Site               Resource
REG_DEL     ---     0.133      R2C4B.CLK to       R2C4B.Q0 system/bus/fixed_uart.console/SLICE_88 (from clk)
ROUTE         1     0.152       R2C4B.Q0 to       R2C4B.M1 system/bus/fixed_uart.console/cts_sync[0] (to clk)
                  --------
                    0.285   (46.7% logic, 53.3% route), 1 logic levels.

 Clock Skew Details: 

      Source Clock Path oscillator to system/bus/fixed_uart.console/SLICE_88:

   Name    Fanout   Delay (ns)          Site               Resource
ROUTE       249     1.216        OSC.OSC to      R2C4B.CLK clk
                  --------
                    1.216   (0.0% logic, 100.0% route), 0 logic levels.

      Destination Clock Path oscillator to system/bus/fixed_uart.console/SLICE_88:

   Name    Fanout   Delay (ns)          Site               Resource
ROUTE       249     1.216        OSC.OSC to      R2C4B.CLK clk
                  --------
                    1.216   (0.0% logic, 100.0% route), 0 logic levels.


Passed: The following path meets requirements by 0.306ns

 Logical Details:  Cell type  Pin type       Cell/ASIC name  (clock net +/-)

   Source:         FF         Q              system/bus/fixed_uart.console/rx_shift[1]  (from clk +)
   Destination:    FF         Data in        system/bus/fixed_uart.console/rx_buffer[1]  (to clk +)

   Delay:               0.287ns  (46.3% logic, 53.7% route), 1 logic levels.

 Constraint Details:

      0.287ns physical path delay system/bus/fixed_uart.console/SLICE_423 to system/bus/fixed_uart.console/SLICE_617 meets
     -0.019ns M_HLD and
      0.000ns delay constraint less
      0.000ns skew requirement (totaling -0.019ns) by 0.306ns

 Physical Path Details:

      Data path system/bus/fixed_uart.console/SLICE_423 to system/bus/fixed_uart.console/SLICE_617:

   Name    Fanout   Delay (ns)          Site               Resource
REG_DEL     ---     0.133      R2C3C.CLK to       R2C3C.Q1 system/bus/fixed_uart.console/SLICE_423 (from clk)
ROUTE         2     0.154       R2C3C.Q1 to       R2C3B.M1 system/bus/fixed_uart.console/rx_shift[1] (to clk)
                  --------
                    0.287   (46.3% logic, 53.7% route), 1 logic levels.

 Clock Skew Details: 

      Source Clock Path oscillator to system/bus/fixed_uart.console/SLICE_423:

   Name    Fanout   Delay (ns)          Site               Resource
ROUTE       249     1.216        OSC.OSC to      R2C3C.CLK clk
                  --------
                    1.216   (0.0% logic, 100.0% route), 0 logic levels.

      Destination Clock Path oscillator to system/bus/fixed_uart.console/SLICE_617:

   Name    Fanout   Delay (ns)          Site               Resource
ROUTE       249     1.216        OSC.OSC to      R2C3B.CLK clk
                  --------
                    1.216   (0.0% logic, 100.0% route), 0 logic levels.


Passed: The following path meets requirements by 0.306ns

 Logical Details:  Cell type  Pin type       Cell/ASIC name  (clock net +/-)

   Source:         FF         Q              system/bus/byte_sd/rx_shift[5]  (from clk +)
   Destination:    FF         Data in        system/bus/byte_sd/rx_shift[6]  (to clk +)

   Delay:               0.287ns  (46.3% logic, 53.7% route), 1 logic levels.

 Constraint Details:

      0.287ns physical path delay system/bus/SLICE_422 to system/bus/SLICE_422 meets
     -0.019ns M_HLD and
      0.000ns delay constraint less
      0.000ns skew requirement (totaling -0.019ns) by 0.306ns

 Physical Path Details:

      Data path system/bus/SLICE_422 to system/bus/SLICE_422:

   Name    Fanout   Delay (ns)          Site               Resource
REG_DEL     ---     0.133      R3C4D.CLK to       R3C4D.Q0 system/bus/SLICE_422 (from clk)
ROUTE         2     0.154       R3C4D.Q0 to       R3C4D.M1 system/bus/byte_sd/rdata_8[5] (to clk)
                  --------
                    0.287   (46.3% logic, 53.7% route), 1 logic levels.

 Clock Skew Details: 

      Source Clock Path oscillator to system/bus/SLICE_422:

   Name    Fanout   Delay (ns)          Site               Resource
ROUTE       249     1.216        OSC.OSC to      R3C4D.CLK clk
                  --------
                    1.216   (0.0% logic, 100.0% route), 0 logic levels.

      Destination Clock Path oscillator to system/bus/SLICE_422:

   Name    Fanout   Delay (ns)          Site               Resource
ROUTE       249     1.216        OSC.OSC to      R3C4D.CLK clk
                  --------
                    1.216   (0.0% logic, 100.0% route), 0 logic levels.


Passed: The following path meets requirements by 0.306ns

 Logical Details:  Cell type  Pin type       Cell/ASIC name  (clock net +/-)

   Source:         FF         Q              system/bus/byte_sd/rx_shift[6]  (from clk +)
   Destination:    FF         Data in        system/bus/byte_sd/rx_shift[7]  (to clk +)

   Delay:               0.287ns  (46.3% logic, 53.7% route), 1 logic levels.

 Constraint Details:

      0.287ns physical path delay system/bus/SLICE_422 to system/bus/SLICE_615 meets
     -0.019ns M_HLD and
      0.000ns delay constraint less
      0.000ns skew requirement (totaling -0.019ns) by 0.306ns

 Physical Path Details:

      Data path system/bus/SLICE_422 to system/bus/SLICE_615:

   Name    Fanout   Delay (ns)          Site               Resource
REG_DEL     ---     0.133      R3C4D.CLK to       R3C4D.Q1 system/bus/SLICE_422 (from clk)
ROUTE         2     0.154       R3C4D.Q1 to       R3C4C.M0 system/bus/byte_sd/rdata_8[6] (to clk)
                  --------
                    0.287   (46.3% logic, 53.7% route), 1 logic levels.

 Clock Skew Details: 

      Source Clock Path oscillator to system/bus/SLICE_422:

   Name    Fanout   Delay (ns)          Site               Resource
ROUTE       249     1.216        OSC.OSC to      R3C4D.CLK clk
                  --------
                    1.216   (0.0% logic, 100.0% route), 0 logic levels.

      Destination Clock Path oscillator to system/bus/SLICE_615:

   Name    Fanout   Delay (ns)          Site               Resource
ROUTE       249     1.216        OSC.OSC to      R3C4C.CLK clk
                  --------
                    1.216   (0.0% logic, 100.0% route), 0 logic levels.

Report Summary
--------------
----------------------------------------------------------------------------
Preference(MIN Delays)                  |   Constraint|       Actual|Levels
----------------------------------------------------------------------------
                                        |             |             |
FREQUENCY NET "clk" 29.560000 MHz ;     |     0.000 ns|     0.292 ns|   1  
                                        |             |             |
----------------------------------------------------------------------------


All preferences were met.


Clock Domains Analysis
------------------------

Found 1 clocks:

Clock Domain: clk   Source: oscillator.OSC   Loads: 249
   Covered under: FREQUENCY NET "clk" 29.560000 MHz ;


--------------------------------------------------------------------------------
                Connections not covered by the preferences
--------------------------------------------------------------------------------

     Delay                        Element                 Net

    0.177ns pio_key_row[0].PADDI to _key_row[0]_MGIOL.DI gpio_key_row_in[0]
    0.177ns        sd_miso.PADDI to     sd_miso_MGIOL.DI sd_miso_c
    0.177ns             rx.PADDI to          rx_MGIOL.DI rx_c
    0.177ns pio_key_row[1].PADDI to _key_row[1]_MGIOL.DI gpio_key_row_in[1]
    0.177ns pio_key_row[2].PADDI to _key_row[2]_MGIOL.DI gpio_key_row_in[2]
    0.177ns pio_key_row[3].PADDI to _key_row[3]_MGIOL.DI gpio_key_row_in[3]
    0.127ns      gpio_miso.PADDI to   gpio_miso_MGIOL.DI gpio_miso_c
    1.028ns            res.PADDI to        SLICE_505.LSR res_c

--------------------------------------------------------------------------------


Timing summary (Hold):
---------------

Timing errors: 0  Score: 0
Cumulative negative slack: 0

Constraints cover 3243706 paths, 1 nets, and 5593 connections (99.86% coverage)



Timing summary (Setup and Hold):
---------------

Timing errors: 0 (setup), 0 (hold)
Score: 0 (setup), 0 (hold)
Cumulative negative slack: 0 (0+0)
--------------------------------------------------------------------------------

--------------------------------------------------------------------------------

