   1 000000:                       ; HC7000 SD second stage, adapted from lsi11/demo/boot_menu.asm.
   2 000000:                       ; Loaded at 0100000 by SDIOP; no VM2 HALT space is used.
   3 100000:                               org     0100000
   4 100000:                       
   5 100000: 177560                DL11_RCSR equ 0177560
   6 100000: 177562                DL11_RBUF equ 0177562
   7 100000: 177564                DL11_TCSR equ 0177564
   8 100000: 177566                DL11_TBUF equ 0177566
   9 100000:                       
  10 100000: 177400                RKDS      equ 0177400
  11 100000: 177440                RHCS1     equ 0177440
  12 100000: 176700                XPCS1     equ 0176700
  13 100000: 172152                RQ_SA     equ 0172152
  14 100000: 174400                RLCS      equ 0174400
  15 100000: 174502                TQ_SA     equ 0174502
  16 100000:                       
  17 100000: 177504                STORAGE_STATUS equ 0177504
  18 100000: 177506                STORAGE_UNITS equ 0177506
  19 100000: 177502                SD_CONTROL equ 0177502
  20 100000:                       
  21 100000: 000001                KIND_RK   equ 1
  22 100000: 000002                KIND_RH   equ 2
  23 100000: 000003                KIND_XP   equ 3
  24 100000: 000004                KIND_RQ   equ 4
  25 100000: 000005                KIND_RL   equ 5
  26 100000: 000006                KIND_TQ   equ 6
  27 100000:                       
  28 100000: 000060                ASC_0     equ 0060
  29 100000: 000061                ASC_1     equ 0061
  30 100000: 000062                ASC_2     equ 0062
  31 100000: 000063                ASC_3     equ 0063
  32 100000: 000064                ASC_4     equ 0064
  33 100000: 000065                ASC_5     equ 0065
  34 100000: 000066                ASC_6     equ 0066
  35 100000: 000067                ASC_7     equ 0067
  36 100000: 000015                ASC_CR    equ 0015
  37 100000: 000012                ASC_LF    equ 0012
  38 100000:                       
  39 100000: 016000                RQ_BOOT_ADDR   equ 016000
  40 100000: 007004                RQ_RPKT        equ 0007004
  41 100000: 007104                RQ_CPKT        equ 0007104
  42 100000: 007204                RQ_COMM        equ 0007204
  43 100000:                       
  44 100000: 016000                TQ_BOOT_ADDR   equ 016000
  45 100000: 015000                TQ_B_CMDINT    equ 015000
  46 100000: 015002                TQ_B_RSPINT    equ 015002
  47 100000: 015004                TQ_B_RING      equ 015004
  48 100000: 015014                TQ_B_RSPH      equ 015014
  49 100000: 015020                TQ_B_TKRSP     equ 015020
  50 100000: 015100                TQ_B_CMDH      equ 015100
  51 100000: 015104                TQ_B_TKCMD     equ 015104
  52 100000: 015110                TQ_B_UNIT      equ 015110
  53 100000:                       
  54 100000:                       start:
  55 100000: 106427 000000                 mtps    #000000
  56 100004: 012706 105612                 mov     #stack_top, sp
  57 100010:                       
  58 100010: 013767 000004 004176          mov     @#000004, saved_vec4_pc
  59 100016: 013767 000006 004172          mov     @#000006, saved_vec4_psw
  60 100024: 012737 102454 000004          mov     #nxm_handler, @#000004
  61 100032: 012737 000340 000006          mov     #000340, @#000006
  62 100040: 005067 004144                 clr     probe_resume
  63 100044:                       
  64 100044: 012701 102640                 mov     #msg_banner, r1
  65 100050: 004767 002550                 jsr     pc, print_str
  66 100054:                       
  67 100054: 004767 002102                 jsr     pc, detect_controllers
  68 100060: 016737 004130 000004          mov     saved_vec4_pc, @#000004
  69 100066: 016737 004124 000006          mov     saved_vec4_psw, @#000006
  70 100074: 105767 004074                 tstb    present_any
  71 100100: 001006                        bne     has_any
  72 100102:                       
  73 100102: 012701 103121                 mov     #msg_none, r1
  74 100106: 004767 002512                 jsr     pc, print_str
  75 100112: 000000                        halt
  76 100114:                       halt_none:
  77 100114: 000777                        br      halt_none
  78 100116:                       
  79 100116:                       has_any:
  80 100116: 012701 103071                 mov     #msg_found, r1
  81 100122: 004767 002476                 jsr     pc, print_str
  82 100126:                       
  83 100126: 105767 004043                 tstb    present_rk
  84 100132: 001426                        beq     list_rh
  85 100134: 012701 103211                 mov     #msg_line_rk, r1
  86 100140: 004767 002460                 jsr     pc, print_str
  87 100144: 005003                        clr     r3
  88 100146:                       list_rk_units:
  89 100146: 010300                        mov     r3, r0
  90 100150: 012701 000001                 mov     #KIND_RK, r1
  91 100154: 004767 001606                 jsr     pc, unit_check
  92 100160: 005700                        tst     r0
  93 100162: 001402                        beq     list_rk_next
  94 100164: 004767 001750                 jsr     pc, print_unit
  95 100170:                       list_rk_next:
  96 100170: 005203                        inc     r3
  97 100172: 020327 000010                 cmp     r3, #8.
  98 100176: 103763                        bcs     list_rk_units
  99 100200: 012701 103066                 mov     #msg_crlf, r1
 100 100204: 004767 002414                 jsr     pc, print_str
 101 100210:                       list_rh:
 102 100210: 105767 003762                 tstb    present_rh
 103 100214: 001433                        beq     list_xp
 104 100216: 012701 103235                 mov     #msg_line_rh, r1
 105 100222: 004767 002376                 jsr     pc, print_str
 106 100226: 005003                        clr     r3
 107 100230:                       list_rh_units:
 108 100230: 010337 177450                 mov     r3, @#(RHCS1+10)
 109 100234: 005737 177452                 tst     @#(RHCS1+12)
 110 100240: 100011                        bpl     list_rh_next
 111 100242: 010300                        mov     r3, r0
 112 100244: 062700 000060                 add     #ASC_0, r0
 113 100250: 004767 002230                 jsr     pc, putc
 114 100254: 012700 000040                 mov     #0040, r0
 115 100260: 004767 002220                 jsr     pc, putc
 116 100264:                       list_rh_next:
 117 100264: 005203                        inc     r3
 118 100266: 020327 000010                 cmp     r3, #8.
 119 100272: 103756                        bcs     list_rh_units
 120 100274: 012701 103066                 mov     #msg_crlf, r1
 121 100300: 004767 002320                 jsr     pc, print_str
 122 100304:                       list_xp:
 123 100304: 105767 003667                 tstb    present_xp
 124 100310: 001426                        beq     list_rq
 125 100312: 012701 103264                 mov     #msg_line_xp, r1
 126 100316: 004767 002302                 jsr     pc, print_str
 127 100322: 005003                        clr     r3
 128 100324:                       list_xp_units:
 129 100324: 010300                        mov     r3, r0
 130 100326: 012701 000003                 mov     #KIND_XP, r1
 131 100332: 004767 001430                 jsr     pc, unit_check
 132 100336: 005700                        tst     r0
 133 100340: 001402                        beq     list_xp_next
 134 100342: 004767 001572                 jsr     pc, print_unit
 135 100346:                       list_xp_next:
 136 100346: 005203                        inc     r3
 137 100350: 020327 000010                 cmp     r3, #8.
 138 100354: 103763                        bcs     list_xp_units
 139 100356: 012701 103066                 mov     #msg_crlf, r1
 140 100362: 004767 002236                 jsr     pc, print_str
 141 100366:                       list_rq:
 142 100366: 105767 003606                 tstb    present_rq
 143 100372: 001426                        beq     list_rl
 144 100374: 012701 103311                 mov     #msg_line_rq, r1
 145 100400: 004767 002220                 jsr     pc, print_str
 146 100404: 005003                        clr     r3
 147 100406:                       list_rq_units:
 148 100406: 010300                        mov     r3, r0
 149 100410: 012701 000004                 mov     #KIND_RQ, r1
 150 100414: 004767 001346                 jsr     pc, unit_check
 151 100420: 005700                        tst     r0
 152 100422: 001402                        beq     list_rq_next
 153 100424: 004767 001510                 jsr     pc, print_unit
 154 100430:                       list_rq_next:
 155 100430: 005203                        inc     r3
 156 100432: 020327 000004                 cmp     r3, #4.
 157 100436: 103763                        bcs     list_rq_units
 158 100440: 012701 103066                 mov     #msg_crlf, r1
 159 100444: 004767 002154                 jsr     pc, print_str
 160 100450:                       list_rl:
 161 100450: 105767 003525                 tstb    present_rl
 162 100454: 001426                        beq     list_tq
 163 100456: 012701 103340                 mov     #msg_line_rl, r1
 164 100462: 004767 002136                 jsr     pc, print_str
 165 100466: 005003                        clr     r3
 166 100470:                       list_rl_units:
 167 100470: 010300                        mov     r3, r0
 168 100472: 012701 000005                 mov     #KIND_RL, r1
 169 100476: 004767 001264                 jsr     pc, unit_check
 170 100502: 005700                        tst     r0
 171 100504: 001402                        beq     list_rl_next
 172 100506: 004767 001426                 jsr     pc, print_unit
 173 100512:                       list_rl_next:
 174 100512: 005203                        inc     r3
 175 100514: 020327 000004                 cmp     r3, #4.
 176 100520: 103763                        bcs     list_rl_units
 177 100522: 012701 103066                 mov     #msg_crlf, r1
 178 100526: 004767 002072                 jsr     pc, print_str
 179 100532:                       list_tq:
 180 100532: 105767 003444                 tstb    present_tq
 181 100536: 001404                        beq     default_prompt
 182 100540: 012701 103364                 mov     #msg_line_tq, r1
 183 100544: 004767 002054                 jsr     pc, print_str
 184 100550:                       
 185 100550:                       default_prompt:
 186 100550: 013700 177504                 mov     @#STORAGE_STATUS, r0
 187 100554: 032700 010000                 bit     #0010000, r0
 188 100560: 001130                        bne     select_controller
 189 100562: 010001                        mov     r0, r1
 190 100564: 042700 177770                 bic     #0177770, r0
 191 100570: 010067 003412                 mov     r0, selected_unit
 192 100574: 072127 177775                 ash     #-3, r1
 193 100600: 042701 177770                 bic     #0177770, r1
 194 100604: 001002                        bne     default_kind
 195 100606: 012701 000002                 mov     #KIND_RH, r1
 196 100612:                       default_kind:
 197 100612: 110167 003365                 movb    r1, selected_kind
 198 100616: 012701 102664                 mov     #msg_default, r1
 199 100622: 004767 001776                 jsr     pc, print_str
 200 100626: 012701 102676                 mov     #msg_name_rh, r1
 201 100632: 126727 003345 000002          cmpb    selected_kind, #KIND_RH
 202 100640: 001424                        beq     default_name
 203 100642: 012701 102701                 mov     #msg_name_xp, r1
 204 100646: 126727 003331 000003          cmpb    selected_kind, #KIND_XP
 205 100654: 001416                        beq     default_name
 206 100656: 012701 102707                 mov     #msg_name_rk, r1
 207 100662: 126727 003315 000001          cmpb    selected_kind, #KIND_RK
 208 100670: 001410                        beq     default_name
 209 100672: 012701 102712                 mov     #msg_name_rq, r1
 210 100676: 126727 003301 000004          cmpb    selected_kind, #KIND_RQ
 211 100704: 001402                        beq     default_name
 212 100706: 012701 102704                 mov     #msg_name_rl, r1
 213 100712:                       default_name:
 214 100712: 004767 001706                 jsr     pc, print_str
 215 100716: 016700 003264                 mov     selected_unit, r0
 216 100722: 062700 000060                 add     #ASC_0, r0
 217 100726: 004767 001552                 jsr     pc, putc
 218 100732: 012701 102715                 mov     #msg_default_key, r1
 219 100736: 004767 001662                 jsr     pc, print_str
 220 100742: 012703 000372                 mov     #250., r3
 221 100746: 005037 177546                 clr     @#0177546
 222 100752:                       ; KW11-L DONE is polled at 50 Hz; no interrupts or instruction-count delay.
 223 100752:                       auto_wait:
 224 100752: 132737 000200 177560          bitb    #0200, @#DL11_RCSR
 225 100760: 001007                        bne     auto_key
 226 100762: 105737 177546                 tstb    @#0177546
 227 100766: 100371                        bpl     auto_wait
 228 100770: 005037 177546                 clr     @#0177546
 229 100774: 077312                        sob     r3, auto_wait
 230 100776: 000417                        br      boot_default
 231 101000:                       auto_key:
 232 101000: 113700 177562                 movb    @#DL11_RBUF, r0
 233 101004: 042700 177600                 bic     #0177600, r0
 234 101010: 020027 000015                 cmp     r0, #ASC_CR
 235 101014: 001410                        beq     boot_default
 236 101016: 020027 000012                 cmp     r0, #ASC_LF
 237 101022: 001405                        beq     boot_default
 238 101024: 012701 103066                 mov     #msg_crlf, r1
 239 101030: 004767 001570                 jsr     pc, print_str
 240 101034: 000402                        br      select_controller
 241 101036:                       boot_default:
 242 101036: 000167 000520                 jmp     boot_dispatch
 243 101042:                       
 244 101042:                       select_controller:
 245 101042: 012701 103422                 mov     #msg_choose_ctl, r1
 246 101046: 004767 001552                 jsr     pc, print_str
 247 101052:                       ctl_loop:
 248 101052: 004767 001472                 jsr     pc, read_key
 249 101056: 004767 001510                 jsr     pc, echo_char_crlf
 250 101062:                       
 251 101062: 020027 000061                 cmp     r0, #ASC_1
 252 101066: 001424                        beq     ctl_rk
 253 101070: 020027 000062                 cmp     r0, #ASC_2
 254 101074: 001440                        beq     ctl_rh
 255 101076: 020027 000063                 cmp     r0, #ASC_3
 256 101102: 001454                        beq     ctl_xp
 257 101104: 020027 000064                 cmp     r0, #ASC_4
 258 101110: 001470                        beq     ctl_rq
 259 101112: 020027 000065                 cmp     r0, #ASC_5
 260 101116: 001504                        beq     ctl_rl
 261 101120: 020027 000066                 cmp     r0, #ASC_6
 262 101124: 001520                        beq     ctl_tq
 263 101126:                       
 264 101126: 012701 103464                 mov     #msg_bad_ctl, r1
 265 101132: 004767 001466                 jsr     pc, print_str
 266 101136: 000745                        br      ctl_loop
 267 101140:                       
 268 101140:                       ctl_rk:
 269 101140: 105767 003031                 tstb    present_rk
 270 101144: 001005                        bne     ctl_rk_ok
 271 101146: 012701 103524                 mov     #msg_not_present, r1
 272 101152: 004767 001446                 jsr     pc, print_str
 273 101156: 000735                        br      ctl_loop
 274 101160:                       ctl_rk_ok:
 275 101160: 112767 000001 003015          movb    #KIND_RK, selected_kind
 276 101166: 112767 000007 003010          movb    #7, max_unit
 277 101174: 000512                        br      select_unit
 278 101176:                       
 279 101176:                       ctl_rh:
 280 101176: 105767 002774                 tstb    present_rh
 281 101202: 001005                        bne     ctl_rh_ok
 282 101204: 012701 103524                 mov     #msg_not_present, r1
 283 101210: 004767 001410                 jsr     pc, print_str
 284 101214: 000716                        br      ctl_loop
 285 101216:                       ctl_rh_ok:
 286 101216: 112767 000002 002757          movb    #KIND_RH, selected_kind
 287 101224: 112767 000007 002752          movb    #7, max_unit
 288 101232: 000473                        br      select_unit
 289 101234:                       
 290 101234:                       ctl_xp:
 291 101234: 105767 002737                 tstb    present_xp
 292 101240: 001005                        bne     ctl_xp_ok
 293 101242: 012701 103524                 mov     #msg_not_present, r1
 294 101246: 004767 001352                 jsr     pc, print_str
 295 101252: 000677                        br      ctl_loop
 296 101254:                       ctl_xp_ok:
 297 101254: 112767 000003 002721          movb    #KIND_XP, selected_kind
 298 101262: 112767 000007 002714          movb    #7, max_unit
 299 101270: 000454                        br      select_unit
 300 101272:                       
 301 101272:                       ctl_rq:
 302 101272: 105767 002702                 tstb    present_rq
 303 101276: 001005                        bne     ctl_rq_ok
 304 101300: 012701 103524                 mov     #msg_not_present, r1
 305 101304: 004767 001314                 jsr     pc, print_str
 306 101310: 000660                        br      ctl_loop
 307 101312:                       ctl_rq_ok:
 308 101312: 112767 000004 002663          movb    #KIND_RQ, selected_kind
 309 101320: 112767 000003 002656          movb    #3, max_unit
 310 101326: 000435                        br      select_unit
 311 101330:                       
 312 101330:                       ctl_rl:
 313 101330: 105767 002645                 tstb    present_rl
 314 101334: 001005                        bne     ctl_rl_ok
 315 101336: 012701 103524                 mov     #msg_not_present, r1
 316 101342: 004767 001256                 jsr     pc, print_str
 317 101346: 000641                        br      ctl_loop
 318 101350:                       ctl_rl_ok:
 319 101350: 112767 000005 002625          movb    #KIND_RL, selected_kind
 320 101356: 112767 000003 002620          movb    #3, max_unit
 321 101364: 000416                        br      select_unit
 322 101366:                       
 323 101366:                       ctl_tq:
 324 101366: 105767 002610                 tstb    present_tq
 325 101372: 001005                        bne     ctl_tq_ok
 326 101374: 012701 103524                 mov     #msg_not_present, r1
 327 101400: 004767 001220                 jsr     pc, print_str
 328 101404: 000622                        br      ctl_loop
 329 101406:                       ctl_tq_ok:
 330 101406: 112767 000006 002567          movb    #KIND_TQ, selected_kind
 331 101414: 112767 000007 002562          movb    #7, max_unit
 332 101422:                       
 333 101422:                       select_unit:
 334 101422: 126727 002556 000003          cmpb    max_unit, #3
 335 101430: 001405                        beq     unit_prompt_3
 336 101432: 012701 103575                 mov     #msg_choose_unit_7, r1
 337 101436: 004767 001162                 jsr     pc, print_str
 338 101442: 000404                        br      unit_loop
 339 101444:                       unit_prompt_3:
 340 101444: 012701 103622                 mov     #msg_choose_unit_3, r1
 341 101450: 004767 001150                 jsr     pc, print_str
 342 101454:                       
 343 101454:                       unit_loop:
 344 101454: 004767 001070                 jsr     pc, read_key
 345 101460: 004767 001106                 jsr     pc, echo_char_crlf
 346 101464:                       
 347 101464: 020027 000060                 cmp     r0, #ASC_0
 348 101470: 002427                        blt     bad_unit
 349 101472: 020027 000067                 cmp     r0, #ASC_7
 350 101476: 003024                        bgt     bad_unit
 351 101500:                       
 352 101500: 162700 000060                 sub     #ASC_0, r0
 353 101504: 116701 002474                 movb    max_unit, r1
 354 101510: 020001                        cmp     r0, r1
 355 101512: 003016                        bgt     bad_unit
 356 101514:                       
 357 101514: 010067 002466                 mov     r0, selected_unit
 358 101520: 116701 002457                 movb    selected_kind, r1
 359 101524: 004767 000236                 jsr     pc, unit_check
 360 101530: 005700                        tst     r0
 361 101532: 001005                        bne     unit_available
 362 101534: 012701 102771                 mov     #msg_unit_absent, r1
 363 101540: 004767 001060                 jsr     pc, print_str
 364 101544: 000743                        br      unit_loop
 365 101546:                       unit_available:
 366 101546: 000405                        br      boot_dispatch
 367 101550:                       
 368 101550:                       bad_unit:
 369 101550: 012701 103647                 mov     #msg_bad_unit, r1
 370 101554: 004767 001044                 jsr     pc, print_str
 371 101560: 000735                        br      unit_loop
 372 101562:                       
 373 101562:                       boot_dispatch:
 374 101562: 126727 002415 000001          cmpb    selected_kind, #KIND_RK
 375 101570: 001432                        beq     boot_rk
 376 101572: 126727 002405 000002          cmpb    selected_kind, #KIND_RH
 377 101600: 001434                        beq     boot_rh
 378 101602: 126727 002375 000003          cmpb    selected_kind, #KIND_XP
 379 101610: 001436                        beq     boot_xp
 380 101612: 126727 002365 000004          cmpb    selected_kind, #KIND_RQ
 381 101620: 001440                        beq     boot_rq
 382 101622: 126727 002355 000005          cmpb    selected_kind, #KIND_RL
 383 101630: 001442                        beq     boot_rl
 384 101632: 126727 002345 000006          cmpb    selected_kind, #KIND_TQ
 385 101640: 001444                        beq     boot_tq
 386 101642:                       
 387 101642: 012701 104140                 mov     #msg_internal, r1
 388 101646: 004767 000752                 jsr     pc, print_str
 389 101652: 000000                        halt
 390 101654:                       halt_internal:
 391 101654: 000777                        br      halt_internal
 392 101656:                       
 393 101656:                       boot_rk:
 394 101656: 012701 103676                 mov     #msg_boot_rk, r1
 395 101662: 004767 000736                 jsr     pc, print_str
 396 101666: 000167 002330                 jmp     rk_boot_run
 397 101672:                       
 398 101672:                       boot_rh:
 399 101672: 012701 103730                 mov     #msg_boot_rh, r1
 400 101676: 004767 000722                 jsr     pc, print_str
 401 101702: 000167 002412                 jmp     rh_boot_run
 402 101706:                       
 403 101706:                       boot_xp:
 404 101706: 012701 103765                 mov     #msg_boot_xp, r1
 405 101712: 004767 000706                 jsr     pc, print_str
 406 101716: 000167 002602                 jmp     xp_boot_run
 407 101722:                       
 408 101722:                       boot_rq:
 409 101722: 012701 104022                 mov     #msg_boot_rq, r1
 410 101726: 004767 000672                 jsr     pc, print_str
 411 101732: 000167 002714                 jmp     rq_boot_run
 412 101736:                       
 413 101736:                       boot_rl:
 414 101736: 012701 104054                 mov     #msg_boot_rl, r1
 415 101742: 004767 000656                 jsr     pc, print_str
 416 101746: 000167 003076                 jmp     rl_boot_run
 417 101752:                       
 418 101752:                       boot_tq:
 419 101752: 012701 104106                 mov     #msg_boot_tq, r1
 420 101756: 004767 000642                 jsr     pc, print_str
 421 101762: 000167 003202                 jmp     tq_boot_run
 422 101766:                       
 423 101766:                       ; R0 unit, R1 controller kind -> R0 present. Select without launching a command.
 424 101766:                       unit_check:
 425 101766: 020127 000001                 cmp     r1, #KIND_RK
 426 101772: 001404                        beq     unit_mask_rk
 427 101774: 020127 000004                 cmp     r1, #KIND_RQ
 428 102000: 001013                        bne     unit_check_rh
 429 102002: 000402                        br      unit_mask
 430 102004:                       unit_mask_rk:
 431 102004: 062700 000010                 add     #8., r0
 432 102010:                       unit_mask:
 433 102010: 010001                        mov     r0, r1
 434 102012: 012700 000001                 mov     #1, r0
 435 102016: 072001                        ash     r1, r0
 436 102020: 030037 177506                 bit     r0, @#STORAGE_UNITS
 437 102024: 001042                        bne     unit_yes
 438 102026: 000437                        br      unit_no
 439 102030:                       unit_check_rh:
 440 102030: 020127 000002                 cmp     r1, #KIND_RH
 441 102034: 001006                        bne     unit_check_xp
 442 102036: 010037 177450                 mov     r0, @#(RHCS1+10)
 443 102042: 005737 177452                 tst     @#(RHCS1+12)
 444 102046: 100431                        bmi     unit_yes
 445 102050: 000426                        br      unit_no
 446 102052:                       unit_check_xp:
 447 102052: 020127 000003                 cmp     r1, #KIND_XP
 448 102056: 001007                        bne     unit_check_rl
 449 102060: 010037 176710                 mov     r0, @#(XPCS1+10)
 450 102064: 032737 000400 176712          bit     #0400, @#(XPCS1+12)
 451 102072: 001017                        bne     unit_yes
 452 102074: 000414                        br      unit_no
 453 102076:                       unit_check_rl:
 454 102076: 020127 000005                 cmp     r1, #KIND_RL
 455 102102: 001013                        bne     unit_yes
 456 102104: 000300                        swab    r0
 457 102106: 052700 000200                 bis     #0200, r0
 458 102112: 010037 174400                 mov     r0, @#RLCS
 459 102116: 032737 000001 174400          bit     #1, @#RLCS
 460 102124: 001002                        bne     unit_yes
 461 102126:                       unit_no:
 462 102126: 005000                        clr     r0
 463 102130: 000207                        rts     pc
 464 102132:                       unit_yes:
 465 102132: 012700 000001                 mov     #1, r0
 466 102136: 000207                        rts     pc
 467 102140:                       print_unit:
 468 102140: 010300                        mov     r3, r0
 469 102142: 062700 000060                 add     #ASC_0, r0
 470 102146: 004767 000332                 jsr     pc, putc
 471 102152: 012700 000040                 mov     #0040, r0
 472 102156: 000167 000322                 jmp     putc
 473 102162:                       
 474 102162:                       detect_controllers:
 475 102162: 005067 002006                 clr     present_any
 476 102166:                       
 477 102166: 012700 177400                 mov     #RKDS, r0
 478 102172: 004767 000212                 jsr     pc, probe_word
 479 102176: 110067 001773                 movb    r0, present_rk
 480 102202: 105767 001767                 tstb    present_rk
 481 102206: 001403                        beq     det_rh
 482 102210: 152767 000001 001756          bisb    #1, present_any
 483 102216:                       
 484 102216:                       det_rh:
 485 102216: 012700 177440                 mov     #RHCS1, r0
 486 102222: 004767 000162                 jsr     pc, probe_word
 487 102226: 110067 001744                 movb    r0, present_rh
 488 102232: 105767 001740                 tstb    present_rh
 489 102236: 001403                        beq     det_xp
 490 102240: 152767 000001 001726          bisb    #1, present_any
 491 102246:                       
 492 102246:                       det_xp:
 493 102246: 012700 176700                 mov     #XPCS1, r0
 494 102252: 004767 000132                 jsr     pc, probe_word
 495 102256: 110067 001715                 movb    r0, present_xp
 496 102262: 105767 001711                 tstb    present_xp
 497 102266: 001403                        beq     det_rq
 498 102270: 152767 000001 001676          bisb    #1, present_any
 499 102276:                       
 500 102276:                       det_rq:
 501 102276: 012700 172152                 mov     #RQ_SA, r0
 502 102302: 004767 000102                 jsr     pc, probe_word
 503 102306: 110067 001666                 movb    r0, present_rq
 504 102312: 105767 001662                 tstb    present_rq
 505 102316: 001403                        beq     det_rl
 506 102320: 152767 000001 001646          bisb    #1, present_any
 507 102326:                       
 508 102326:                       det_rl:
 509 102326: 012700 174400                 mov     #RLCS, r0
 510 102332: 004767 000052                 jsr     pc, probe_word
 511 102336: 110067 001637                 movb    r0, present_rl
 512 102342: 105767 001633                 tstb    present_rl
 513 102346: 001403                        beq     det_tq
 514 102350: 152767 000001 001616          bisb    #1, present_any
 515 102356:                       
 516 102356:                       det_tq:
 517 102356: 012700 174502                 mov     #TQ_SA, r0
 518 102362: 004767 000022                 jsr     pc, probe_word
 519 102366: 110067 001610                 movb    r0, present_tq
 520 102372: 105767 001604                 tstb    present_tq
 521 102376: 001403                        beq     det_done
 522 102400: 152767 000001 001566          bisb    #1, present_any
 523 102406:                       
 524 102406:                       det_done:
 525 102406: 000207                        rts     pc
 526 102410:                       
 527 102410:                       probe_word:
 528 102410: 010146                        mov     r1, -(sp)
 529 102412: 105067 001602                 clrb    probe_nxm
 530 102416: 012767 102426 001564          mov     #probe_resume_pc, probe_resume
 531 102424: 011001                        mov     (r0), r1
 532 102426:                       probe_resume_pc:
 533 102426: 005067 001556                 clr     probe_resume
 534 102432: 105767 001562                 tstb    probe_nxm
 535 102436: 001003                        bne     probe_fail
 536 102440: 012700 000001                 mov     #1, r0
 537 102444: 000401                        br      probe_done
 538 102446:                       probe_fail:
 539 102446: 005000                        clr     r0
 540 102450:                       probe_done:
 541 102450: 012601                        mov     (sp)+, r1
 542 102452: 000207                        rts     pc
 543 102454:                       
 544 102454:                       nxm_handler:
 545 102454: 010067 001532                 mov     r0, nxm_saved_r0
 546 102460: 112767 000001 001532          movb    #1, probe_nxm
 547 102466: 016700 001516                 mov     probe_resume, r0
 548 102472: 001401                        beq     nxm_done
 549 102474: 010016                        mov     r0, (sp)
 550 102476:                       nxm_done:
 551 102476: 016700 001510                 mov     nxm_saved_r0, r0
 552 102502: 000002                        rti
 553 102504:                       
 554 102504:                       putc:
 555 102504:                       putc_wait:
 556 102504: 113702 177564                 movb    @#DL11_TCSR, r2
 557 102510: 132702 000200                 bitb    #0200, r2
 558 102514: 001773                        beq     putc_wait
 559 102516: 110037 177566                 movb    r0, @#DL11_TBUF
 560 102522: 000207                        rts     pc
 561 102524:                       
 562 102524:                       getc:
 563 102524:                       getc_wait:
 564 102524: 113700 177560                 movb    @#DL11_RCSR, r0
 565 102530: 132700 000200                 bitb    #0200, r0
 566 102534: 001773                        beq     getc_wait
 567 102536: 113700 177562                 movb    @#DL11_RBUF, r0
 568 102542: 042700 177600                 bic     #177600, r0
 569 102546: 000207                        rts     pc
 570 102550:                       
 571 102550:                       read_key:
 572 102550: 004767 177750                 jsr     pc, getc
 573 102554: 020027 000015                 cmp     r0, #ASC_CR
 574 102560: 001773                        beq     read_key
 575 102562: 020027 000012                 cmp     r0, #ASC_LF
 576 102566: 001770                        beq     read_key
 577 102570: 000207                        rts     pc
 578 102572:                       
 579 102572:                       echo_char_crlf:
 580 102572: 010046                        mov     r0, -(sp)
 581 102574: 004767 177704                 jsr     pc, putc
 582 102600: 012700 000015                 mov     #ASC_CR, r0
 583 102604: 004767 177674                 jsr     pc, putc
 584 102610: 012700 000012                 mov     #ASC_LF, r0
 585 102614: 004767 177664                 jsr     pc, putc
 586 102620: 012600                        mov     (sp)+, r0
 587 102622: 000207                        rts     pc
 588 102624:                       
 589 102624:                       print_str:
 590 102624: 112100                        movb    (r1)+, r0
 591 102626: 001403                        beq     print_done
 592 102630: 004767 177650                 jsr     pc, putc
 593 102634: 000773                        br      print_str
 594 102636:                       print_done:
 595 102636: 000207                        rts     pc
 596 102640:                       
 597 102640:                       msg_banner:
 598 102640:                               DB      "uJ11 SD BOOT MENU\r\n", 0
 598 102640: 165 112 061 061 040 123 104 040
             102 117 117 124 040 115 105 116
             125 015 012 000
 599 102664:                       msg_default:
 600 102664:                               DB      "Default: ", 0
 600 102664: 104 145 146 141 165 154 164 072
             040 000
 601 102676:                       msg_name_rh: DB "RH", 0
 601 102676: 122 110 000
 602 102701:                       msg_name_xp: DB "XP", 0
 602 102701: 130 120 000
 603 102704:                       msg_name_rl: DB "RL", 0
 603 102704: 122 114 000
 604 102707:                       msg_name_rk: DB "RK", 0
 604 102707: 122 113 000
 605 102712:                       msg_name_rq: DB "RQ", 0
 605 102712: 122 121 000
 606 102715:                       msg_default_key:
 607 102715:                               DB      " - boot in 5s, Enter=boot, other key=menu: ", 0
 607 102715: 040 055 040 142 157 157 164 040
             151 156 040 065 163 054 040 105
             156 164 145 162 075 142 157 157
             164 054 040 157 164 150 145 162
             040 153 145 171 075 155 145 156
             165 072 040 000
 608 102771:                       msg_unit_absent:
 609 102771:                               DB      "Unit not present.\r\n", 0
 609 102771: 125 156 151 164 040 156 157 164
             040 160 162 145 163 145 156 164
             056 015 012 000
 610 103015:                       msg_boot_error:
 611 103015:                               DB      "Disk boot failed. Select another unit.\r\n", 0
 611 103015: 104 151 163 153 040 142 157 157
             164 040 146 141 151 154 145 144
             056 040 123 145 154 145 143 164
             040 141 156 157 164 150 145 162
             040 165 156 151 164 056 015 012
             000
 612 103066:                       msg_crlf:
 613 103066:                               DB      "\r\n", 0
 613 103066: 015 012 000
 614 103071:                       msg_found:
 615 103071:                               DB      "Detected controllers:\r\n", 0
 615 103071: 104 145 164 145 143 164 145 144
             040 143 157 156 164 162 157 154
             154 145 162 163 072 015 012 000
 616 103121:                       msg_none:
 617 103121:                               DB      "No RK11/RH11/XP/RP/RQ/RL11/TQ11 controllers detected.\r\n", 0
 617 103121: 116 157 040 122 113 061 061 057
             122 110 061 061 057 130 120 057
             122 120 057 122 121 057 122 114
             061 061 057 124 121 061 061 040
             143 157 156 164 162 157 154 154
             145 162 163 040 144 145 164 145
             143 164 145 144 056 015 012 000
 618 103211:                       msg_line_rk:
 619 103211:                               DB      "  1 - RK05, units: ", 0
 619 103211: 040 040 061 040 055 040 122 113
             060 065 054 040 165 156 151 164
             163 072 040 000
 620 103235:                       msg_line_rh:
 621 103235:                               DB      "  2 - RH11/HK, units: ", 0
 621 103235: 040 040 062 040 055 040 122 110
             061 061 057 110 113 054 040 165
             156 151 164 163 072 040 000
 622 103264:                       msg_line_xp:
 623 103264:                               DB      "  3 - XP/RP, units: ", 0
 623 103264: 040 040 063 040 055 040 130 120
             057 122 120 054 040 165 156 151
             164 163 072 040 000
 624 103311:                       msg_line_rq:
 625 103311:                               DB      "  4 - RQ/MSCP, units: ", 0
 625 103311: 040 040 064 040 055 040 122 121
             057 115 123 103 120 054 040 165
             156 151 164 163 072 040 000
 626 103340:                       msg_line_rl:
 627 103340:                               DB      "  5 - RL11, units: ", 0
 627 103340: 040 040 065 040 055 040 122 114
             061 061 054 040 165 156 151 164
             163 072 040 000
 628 103364:                       msg_line_tq:
 629 103364:                               DB      "  6 - TQ11/TMSCP (tq0..tq7)\r\n", 0
 629 103364: 040 040 066 040 055 040 124 121
             061 061 057 124 115 123 103 120
             040 050 164 161 060 056 056 164
             161 067 051 015 012 000
 630 103422:                       msg_choose_ctl:
 631 103422:                               DB      "Select controller [1/2/3/4/5/6]: ", 0
 631 103422: 123 145 154 145 143 164 040 143
             157 156 164 162 157 154 154 145
             162 040 133 061 057 062 057 063
             057 064 057 065 057 066 135 072
             040 000
 632 103464:                       msg_bad_ctl:
 633 103464:                               DB      "Invalid controller selection.\r\n", 0
 633 103464: 111 156 166 141 154 151 144 040
             143 157 156 164 162 157 154 154
             145 162 040 163 145 154 145 143
             164 151 157 156 056 015 012 000
 634 103524:                       msg_not_present:
 635 103524:                               DB      "Controller not present in this system.\r\n", 0
 635 103524: 103 157 156 164 162 157 154 154
             145 162 040 156 157 164 040 160
             162 145 163 145 156 164 040 151
             156 040 164 150 151 163 040 163
             171 163 164 145 155 056 015 012
             000
 636 103575:                       msg_choose_unit_7:
 637 103575:                               DB      "Select unit [0..7]: ", 0
 637 103575: 123 145 154 145 143 164 040 165
             156 151 164 040 133 060 056 056
             067 135 072 040 000
 638 103622:                       msg_choose_unit_3:
 639 103622:                               DB      "Select unit [0..3]: ", 0
 639 103622: 123 145 154 145 143 164 040 165
             156 151 164 040 133 060 056 056
             063 135 072 040 000
 640 103647:                       msg_bad_unit:
 641 103647:                               DB      "Invalid unit number.\r\n", 0
 641 103647: 111 156 166 141 154 151 144 040
             165 156 151 164 040 156 165 155
             142 145 162 056 015 012 000
 642 103676:                       msg_boot_rk:
 643 103676:                               DB      "Booting RK bootstrap...\r\n", 0
 643 103676: 102 157 157 164 151 156 147 040
             122 113 040 142 157 157 164 163
             164 162 141 160 056 056 056 015
             012 000
 644 103730:                       msg_boot_rh:
 645 103730:                               DB      "Booting RH/HK bootstrap...\r\n", 0
 645 103730: 102 157 157 164 151 156 147 040
             122 110 057 110 113 040 142 157
             157 164 163 164 162 141 160 056
             056 056 015 012 000
 646 103765:                       msg_boot_xp:
 647 103765:                               DB      "Booting XP/RP bootstrap...\r\n", 0
 647 103765: 102 157 157 164 151 156 147 040
             130 120 057 122 120 040 142 157
             157 164 163 164 162 141 160 056
             056 056 015 012 000
 648 104022:                       msg_boot_rq:
 649 104022:                               DB      "Booting RQ bootstrap...\r\n", 0
 649 104022: 102 157 157 164 151 156 147 040
             122 121 040 142 157 157 164 163
             164 162 141 160 056 056 056 015
             012 000
 650 104054:                       msg_boot_rl:
 651 104054:                               DB      "Booting RL bootstrap...\r\n", 0
 651 104054: 102 157 157 164 151 156 147 040
             122 114 040 142 157 157 164 163
             164 162 141 160 056 056 056 015
             012 000
 652 104106:                       msg_boot_tq:
 653 104106:                               DB      "Booting TQ bootstrap...\r\n", 0
 653 104106: 102 157 157 164 151 156 147 040
             124 121 040 142 157 157 164 163
             164 162 141 160 056 056 056 015
             012 000
 654 104140:                       msg_internal:
 655 104140:                               DB      "Internal dispatch error.\r\n", 0
 655 104140: 111 156 164 145 162 156 141 154
             040 144 151 163 160 141 164 143
             150 040 145 162 162 157 162 056
             015 012 000
 656 104173:                       
 657 104173:                               even
 657 104173: 000
 658 104174:                       present_any:
 659 104174:                               DB      0
 659 104174: 000
 660 104175:                       present_rk:
 661 104175:                               DB      0
 661 104175: 000
 662 104176:                       present_rh:
 663 104176:                               DB      0
 663 104176: 000
 664 104177:                       present_xp:
 665 104177:                               DB      0
 665 104177: 000
 666 104200:                       present_rq:
 667 104200:                               DB      0
 667 104200: 000
 668 104201:                       present_rl:
 669 104201:                               DB      0
 669 104201: 000
 670 104202:                       present_tq:
 671 104202:                               DB      0
 671 104202: 000
 672 104203:                       selected_kind:
 673 104203:                               DB      0
 673 104203: 000
 674 104204:                       max_unit:
 675 104204:                               DB      0
 675 104204: 000
 676 104205:                               even
 676 104205: 000
 677 104206:                       selected_unit:
 678 104206:                               DW      0
 678 104206: 000000
 679 104210:                       probe_resume:
 680 104210:                               DW      0
 680 104210: 000000
 681 104212:                       nxm_saved_r0:
 682 104212:                               DW      0
 682 104212: 000000
 683 104214:                       saved_vec4_pc:
 684 104214:                               DW      0
 684 104214: 000000
 685 104216:                       saved_vec4_psw:
 686 104216:                               DW      0
 686 104216: 000000
 687 104220:                       probe_nxm:
 688 104220:                               DB      0
 688 104220: 000
 689 104221:                               even
 689 104221: 000
 690 104222:                       
 691 104222:                       rk_boot_run:
 692 104222: 012706 002000                 mov     #002000, sp
 693 104226: 016700 177754                 mov     selected_unit, r0
 694 104232: 010003                        mov     r0, r3
 695 104234: 000303                        swab    r3
 696 104236: 006303                        asl     r3
 697 104240: 006303                        asl     r3
 698 104242: 006303                        asl     r3
 699 104244: 006303                        asl     r3
 700 104246: 006303                        asl     r3
 701 104250: 012701 177412                 mov     #0177412, r1
 702 104254: 010311                        mov     r3, (r1)
 703 104256: 005041                        clr     -(r1)
 704 104260: 012741 177000                 mov     #0177000, -(r1)
 705 104264: 012741 000005                 mov     #0000005, -(r1)
 706 104270: 005002                        clr     r2
 707 104272: 005003                        clr     r3
 708 104274: 012704 002020                 mov     #002020, r4
 709 104300: 005005                        clr     r5
 710 104302:                       rk_wait:
 711 104302: 105711                        tstb    (r1)
 712 104304: 100376                        bpl     rk_wait
 713 104306: 105011                        clrb    (r1)
 714 104310: 012737 000007 177502          mov     #7, @#SD_CONTROL
 715 104316: 005007                        clr     pc
 716 104320:                       
 717 104320:                       rh_boot_run:
 718 104320: 012706 002000                 mov     #002000, sp
 719 104324: 016700 177656                 mov     selected_unit, r0
 720 104330: 012701 177440                 mov     #0177440, r1
 721 104334: 012761 000040 000010          mov     #0000040, 10(r1)
 722 104342: 010061 000010                 mov     r0, 10(r1)
 723 104346:                       rh_init:
 724 104346: 013703 177504                 mov     @#STORAGE_STATUS, r3
 725 104352: 100375                        bpl     rh_init
 726 104354: 032703 040000                 bit     #0040000, r3
 727 104360: 001051                        bne     rh_boot_failed
 728 104362:                       rh_wait_ds:
 729 104362: 016102 000012                 mov     12(r1), r2
 730 104366: 100046                        bpl     rh_boot_failed
 731 104370: 042702 177377                 bic     #0177377, r2
 732 104374: 006302                        asl     r2
 733 104376: 006302                        asl     r2
 734 104400: 012703 000003                 mov     #0000003, r3
 735 104404: 050203                        bis     r2, r3
 736 104406: 010311                        mov     r3, (r1)
 737 104410:                       rh_wait1:
 738 104410: 105711                        tstb    (r1)
 739 104412: 100376                        bpl     rh_wait1
 740 104414: 005711                        tst     (r1)
 741 104416: 100432                        bmi     rh_boot_failed
 742 104420: 012761 177000 000002          mov     #0177000, 2(r1)
 743 104426: 005061 000004                 clr     4(r1)
 744 104432: 005061 000006                 clr     6(r1)
 745 104436: 005061 000020                 clr     20(r1)
 746 104442: 012703 000021                 mov     #0000021, r3
 747 104446: 050203                        bis     r2, r3
 748 104450: 010311                        mov     r3, (r1)
 749 104452:                       rh_wait2:
 750 104452: 105711                        tstb    (r1)
 751 104454: 100376                        bpl     rh_wait2
 752 104456: 005711                        tst     (r1)
 753 104460: 100411                        bmi     rh_boot_failed
 754 104462: 005002                        clr     r2
 755 104464: 005003                        clr     r3
 756 104466: 012704 002020                 mov     #002020, r4
 757 104472: 005005                        clr     r5
 758 104474: 012737 000007 177502          mov     #7, @#SD_CONTROL
 759 104502: 005007                        clr     pc
 760 104504:                       
 761 104504:                       rh_boot_failed:
 762 104504: 012706 105612                 mov     #stack_top, sp
 763 104510: 012701 103015                 mov     #msg_boot_error, r1
 764 104514: 004767 176104                 jsr     pc, print_str
 765 104520: 000167 174316                 jmp     select_controller
 766 104524:                       
 767 104524:                       xp_boot_run:
 768 104524: 012706 002000                 mov     #002000, sp
 769 104530: 016700 177452                 mov     selected_unit, r0
 770 104534: 012701 176700                 mov     #0176700, r1
 771 104540: 012761 000040 000010          mov     #0000040, 10(r1)
 772 104546: 010061 000010                 mov     r0, 10(r1)
 773 104552: 012711 000021                 mov     #0000021, (r1)
 774 104556:                       xp_wait_preset:
 775 104556: 105711                        tstb    (r1)
 776 104560: 100376                        bpl     xp_wait_preset
 777 104562: 012761 010000 000032          mov     #0010000, 32(r1)
 778 104570: 012761 177000 000002          mov     #0177000, 2(r1)
 779 104576: 005061 000004                 clr     4(r1)
 780 104602: 005061 000006                 clr     6(r1)
 781 104606: 005061 000034                 clr     34(r1)
 782 104612: 012711 000071                 mov     #0000071, (r1)
 783 104616:                       xp_wait:
 784 104616: 105711                        tstb    (r1)
 785 104620: 100376                        bpl     xp_wait
 786 104622: 005711                        tst     (r1)
 787 104624: 100727                        bmi     rh_boot_failed
 788 104626: 005002                        clr     r2
 789 104630: 005003                        clr     r3
 790 104632: 012704 002020                 mov     #002020, r4
 791 104636: 005005                        clr     r5
 792 104640: 105011                        clrb    (r1)
 793 104642: 012737 000007 177502          mov     #7, @#SD_CONTROL
 794 104650: 005007                        clr     pc
 795 104652:                       
 796 104652:                       rq_boot_run:
 797 104652: 012706 016000                 mov     #RQ_BOOT_ADDR, sp
 798 104656: 016700 177324                 mov     selected_unit, r0
 799 104662: 012701 172150                 mov     #0172150, r1
 800 104666: 010037 016010                 mov     r0, @#(RQ_BOOT_ADDR+010)
 801 104672: 010137 016014                 mov     r1, @#(RQ_BOOT_ADDR+014)
 802 104676: 012704 105560                 mov     #rq_it, r4
 803 104702: 012705 004000                 mov     #0004000, r5
 804 104706: 010102                        mov     r1, r2
 805 104710: 005022                        clr     (r2)+
 806 104712:                       rq_step1:
 807 104712: 005712                        tst     (r2)
 808 104714: 100001                        bpl     rq_step1_ok
 809 104716: 000000                        halt
 810 104720:                       rq_step1_ok:
 811 104720: 030512                        bit     r5, (r2)
 812 104722: 001773                        beq     rq_step1
 813 104724: 012412                        mov     (r4)+, (r2)
 814 104726: 006305                        asl     r5
 815 104730: 100370                        bpl     rq_step1
 816 104732:                       
 817 104732:                       rq_step2:
 818 104732: 105714                        tstb    (r4)
 819 104734: 001434                        beq     rq_done
 820 104736: 012702 007000                 mov     #RQ_RPKT-4, r2
 821 104742:                       rq_clear:
 822 104742: 005022                        clr     (r2)+
 823 104744: 020227 007204                 cmp     r2, #RQ_COMM
 824 104750: 002774                        blt     rq_clear
 825 104752: 112437 007100                 movb    (r4)+, @#(RQ_CPKT-4)
 826 104756: 110037 007110                 movb    r0, @#(RQ_CPKT+4)
 827 104762: 112437 007114                 movb    (r4)+, @#(RQ_CPKT+10)
 828 104766: 112437 007121                 movb    (r4)+, @#(RQ_CPKT+15)
 829 104772: 012722 007004                 mov     #RQ_RPKT, (r2)+
 830 104776: 010522                        mov     r5, (r2)+
 831 105000: 012722 007104                 mov     #RQ_CPKT, (r2)+
 832 105004: 010512                        mov     r5, (r2)
 833 105006: 024242                        cmp     -(r2), -(r2)
 834 105010: 005711                        tst     (r1)
 835 105012:                       rq_wait:
 836 105012: 005712                        tst     (r2)
 837 105014: 100776                        bmi     rq_wait
 838 105016: 005737 007016                 tst     @#(RQ_RPKT+12)
 839 105022: 001743                        beq     rq_step2
 840 105024: 000000                        halt
 841 105026:                       rq_done:
 842 105026: 005011                        clr     (r1)
 843 105030: 005003                        clr     r3
 844 105032: 012704 016020                 mov     #016020, r4
 845 105036: 005005                        clr     r5
 846 105040: 012737 000007 177502          mov     #7, @#SD_CONTROL
 847 105046: 005007                        clr     pc
 848 105050:                       
 849 105050:                       rl_boot_run:
 850 105050: 012701 174400                 mov     #0174400, r1
 851 105054: 016700 177126                 mov     selected_unit, r0
 852 105060: 000300                        swab    r0
 853 105062: 010002                        mov     r0, r2
 854 105064: 012703 000013                 mov     #0000013, r3
 855 105070: 050203                        bis     r2, r3
 856 105072: 010361 000004                 mov     r3, 4(r1)
 857 105076: 012703 000004                 mov     #0000004, r3
 858 105102: 050203                        bis     r2, r3
 859 105104: 010311                        mov     r3, (r1)
 860 105106:                       rl_wait1:
 861 105106: 105711                        tstb    (r1)
 862 105110: 100376                        bpl     rl_wait1
 863 105112: 005061 000002                 clr     2(r1)
 864 105116: 005061 000004                 clr     4(r1)
 865 105122: 012761 177400 000006          mov     #0177400, 6(r1)
 866 105130: 012703 000014                 mov     #0000014, r3
 867 105134: 050203                        bis     r2, r3
 868 105136: 010311                        mov     r3, (r1)
 869 105140:                       rl_wait2:
 870 105140: 105711                        tstb    (r1)
 871 105142: 100376                        bpl     rl_wait2
 872 105144: 005711                        tst     (r1)
 873 105146: 100002                        bpl     rl_boot_ok
 874 105150: 000167 177330                 jmp     rh_boot_failed
 875 105154:                       rl_boot_ok:
 876 105154: 016700 177026                 mov     selected_unit, r0
 877 105160: 012737 000007 177502          mov     #7, @#SD_CONTROL
 878 105166: 005007                        clr     pc
 879 105170:                       
 880 105170:                       tq_boot_run:
 881 105170: 012706 016000                 mov     #016000, sp
 882 105174: 016700 177006                 mov     selected_unit, r0
 883 105200: 012701 174500                 mov     #0174500, r1
 884 105204: 005021                        clr     (r1)+
 885 105206: 005002                        clr     r2
 886 105210:                       tq_clear:
 887 105210: 005022                        clr     (r2)+
 888 105212: 020227 015776                 cmp     r2, #015776
 889 105216: 002774                        blt     tq_clear
 890 105220:                       
 891 105220:                       tq_step1:
 892 105220: 005711                        tst     (r1)
 893 105222: 100001                        bpl     tq_step1_ok
 894 105224: 000000                        halt
 895 105226:                       tq_step1_ok:
 896 105226: 032711 004000                 bit     #0004000, (r1)
 897 105232: 001772                        beq     tq_step1
 898 105234: 012711 100000                 mov     #0100000, (r1)
 899 105240:                       
 900 105240:                       tq_step2:
 901 105240: 005711                        tst     (r1)
 902 105242: 100001                        bpl     tq_step2_ok
 903 105244: 000000                        halt
 904 105246:                       tq_step2_ok:
 905 105246: 032711 010000                 bit     #0010000, (r1)
 906 105252: 001772                        beq     tq_step2
 907 105254: 012711 015004                 mov     #TQ_B_RING, (r1)
 908 105260:                       
 909 105260:                       tq_step3:
 910 105260: 005711                        tst     (r1)
 911 105262: 100001                        bpl     tq_step3_ok
 912 105264: 000000                        halt
 913 105266:                       tq_step3_ok:
 914 105266: 032711 020000                 bit     #0020000, (r1)
 915 105272: 001772                        beq     tq_step3
 916 105274: 005011                        clr     (r1)
 917 105276:                       
 918 105276:                       tq_step4:
 919 105276: 005711                        tst     (r1)
 920 105300: 100001                        bpl     tq_step4_ok
 921 105302: 000000                        halt
 922 105304:                       tq_step4_ok:
 923 105304: 032711 040000                 bit     #0040000, (r1)
 924 105310: 001772                        beq     tq_step4
 925 105312: 012711 000001                 mov     #0000001, (r1)
 926 105316:                       
 927 105316: 012704 100000                 mov     #0100000, r4
 928 105322:                       
 929 105322: 012737 000400 015102          mov     #0000400, @#(TQ_B_CMDH + 2)
 930 105330: 012737 000044 015100          mov     #0000044, @#TQ_B_CMDH
 931 105336: 010037 015110                 mov     r0, @#TQ_B_UNIT
 932 105342: 012737 000011 015114          mov     #0000011, @#(TQ_B_TKCMD + 10)
 933 105350: 012737 020000 015116          mov     #0020000, @#(TQ_B_TKCMD + 12)
 934 105356: 012702 015004                 mov     #TQ_B_RING, r2
 935 105362: 012722 015020                 mov     #TQ_B_TKRSP, (r2)+
 936 105366: 010203                        mov     r2, r3
 937 105370: 010423                        mov     r4, (r3)+
 938 105372: 012723 015104                 mov     #TQ_B_TKCMD, (r3)+
 939 105376: 010423                        mov     r4, (r3)+
 940 105400: 005741                        tst     -(r1)
 941 105402:                       tq_wait_onl:
 942 105402: 005712                        tst     (r2)
 943 105404: 100776                        bmi     tq_wait_onl
 944 105406: 105737 015032                 tstb    @#(TQ_B_TKRSP + 12)
 945 105412: 001401                        beq     tq_onl_ok
 946 105414: 000000                        halt
 947 105416:                       tq_onl_ok:
 948 105416: 012703 015114                 mov     #(TQ_B_TKCMD + 10), r3
 949 105422: 012723 000045                 mov     #0000045, (r3)+
 950 105426: 012723 020002                 mov     #0020002, (r3)+
 951 105432: 012723 000001                 mov     #0000001, (r3)+
 952 105436: 005023                        clr     (r3)+
 953 105440: 005023                        clr     (r3)+
 954 105442: 005023                        clr     (r3)+
 955 105444: 010412                        mov     r4, (r2)
 956 105446: 010437 015012                 mov     r4, @#(TQ_B_RING + 6)
 957 105452: 005711                        tst     (r1)
 958 105454:                       tq_wait_rew:
 959 105454: 005712                        tst     (r2)
 960 105456: 100776                        bmi     tq_wait_rew
 961 105460: 105737 015032                 tstb    @#(TQ_B_TKRSP + 12)
 962 105464: 001401                        beq     tq_rew_ok
 963 105466: 000000                        halt
 964 105470:                       tq_rew_ok:
 965 105470: 012703 015114                 mov     #(TQ_B_TKCMD + 10), r3
 966 105474: 012723 000041                 mov     #0000041, (r3)+
 967 105500: 012723 020000                 mov     #0020000, (r3)+
 968 105504: 012723 001000                 mov     #0001000, (r3)+
 969 105510: 005023                        clr     (r3)+
 970 105512: 005023                        clr     (r3)+
 971 105514: 010412                        mov     r4, (r2)
 972 105516: 010437 015012                 mov     r4, @#(TQ_B_RING + 6)
 973 105522: 005711                        tst     (r1)
 974 105524:                       tq_wait_read:
 975 105524: 005712                        tst     (r2)
 976 105526: 100776                        bmi     tq_wait_read
 977 105530: 105737 015032                 tstb    @#(TQ_B_TKRSP + 12)
 978 105534: 001401                        beq     tq_read_ok
 979 105536: 000000                        halt
 980 105540:                       tq_read_ok:
 981 105540: 005003                        clr     r3
 982 105542: 012704 016020                 mov     #016020, r4
 983 105546: 005005                        clr     r5
 984 105550: 012737 000007 177502          mov     #7, @#SD_CONTROL
 985 105556: 005007                        clr     pc
 986 105560:                       
 987 105560:                               even
 988 105560:                       rq_it:
 989 105560:                               DW      0100000
 989 105560: 100000
 990 105562:                               DW      RQ_COMM
 990 105562: 007204
 991 105564:                               DW      0000000
 991 105564: 000000
 992 105566:                               DW      0000001
 992 105566: 000001
 993 105570:                               DB      020, 011
 993 105570: 020 011
 994 105572:                               DB      000, 040
 994 105572: 000 040
 995 105574:                               DB      041, 002
 995 105574: 041 002
 996 105576:                               DW      0000000
 996 105576: 000000
 997 105600:                       
 998 105600:                       stack_area:
 999 105600:                               DS      128
 999 105600: 000 000 000 000 000 000 000 000
             000 000
1000 105612:                       stack_top:

Constants:
[TQ_B_UNIT] 015110
[TQ_B_TKCMD] 015104
[TQ_B_CMDH] 015100
[TQ_B_TKRSP] 015020
[TQ_B_RSPH] 015014
[TQ_B_RING] 015004
[TQ_B_RSPINT] 015002
[TQ_B_CMDINT] 015000
[TQ_BOOT_ADDR] 016000
[RQ_COMM] 007204
[RQ_CPKT] 007104
[RQ_RPKT] 007004
[RQ_BOOT_ADDR] 016000
[ASC_LF] 000012
[ASC_CR] 000015
[ASC_7] 000067
[ASC_6] 000066
[ASC_5] 000065
[ASC_4] 000064
[ASC_3] 000063
[ASC_2] 000062
[ASC_1] 000061
[ASC_0] 000060
[KIND_TQ] 000006
[KIND_RL] 000005
[KIND_RQ] 000004
[KIND_XP] 000003
[KIND_RH] 000002
[KIND_RK] 000001
[SD_CONTROL] 177502
[STORAGE_UNITS] 177506
[STORAGE_STATUS] 177504
[TQ_SA] 174502
[RLCS] 174400
[RQ_SA] 172152
[XPCS1] 176700
[RHCS1] 177440
[RKDS] 177400
[DL11_TBUF] 177566
[DL11_TCSR] 177564
[DL11_RBUF] 177562
[DL11_RCSR] 177560

Labels:
[stack_top] 105612
[stack_area] 105600
[rq_it] 105560
[tq_read_ok] 105540
[tq_wait_read] 105524
[tq_rew_ok] 105470
[tq_wait_rew] 105454
[tq_onl_ok] 105416
[tq_wait_onl] 105402
[tq_step4_ok] 105304
[tq_step4] 105276
[tq_step3_ok] 105266
[tq_step3] 105260
[tq_step2_ok] 105246
[tq_step2] 105240
[tq_step1_ok] 105226
[tq_step1] 105220
[tq_clear] 105210
[tq_boot_run] 105170
[rl_boot_ok] 105154
[rl_wait2] 105140
[rl_wait1] 105106
[rl_boot_run] 105050
[rq_done] 105026
[rq_wait] 105012
[rq_clear] 104742
[rq_step2] 104732
[rq_step1_ok] 104720
[rq_step1] 104712
[rq_boot_run] 104652
[xp_wait] 104616
[xp_wait_preset] 104556
[xp_boot_run] 104524
[rh_boot_failed] 104504
[rh_wait2] 104452
[rh_wait1] 104410
[rh_wait_ds] 104362
[rh_init] 104346
[rh_boot_run] 104320
[rk_wait] 104302
[rk_boot_run] 104222
[probe_nxm] 104220
[saved_vec4_psw] 104216
[saved_vec4_pc] 104214
[nxm_saved_r0] 104212
[probe_resume] 104210
[selected_unit] 104206
[max_unit] 104204
[selected_kind] 104203
[present_tq] 104202
[present_rl] 104201
[present_rq] 104200
[present_xp] 104177
[present_rh] 104176
[present_rk] 104175
[present_any] 104174
[msg_internal] 104140
[msg_boot_tq] 104106
[msg_boot_rl] 104054
[msg_boot_rq] 104022
[msg_boot_xp] 103765
[msg_boot_rh] 103730
[msg_boot_rk] 103676
[msg_bad_unit] 103647
[msg_choose_unit_3] 103622
[msg_choose_unit_7] 103575
[msg_not_present] 103524
[msg_bad_ctl] 103464
[msg_choose_ctl] 103422
[msg_line_tq] 103364
[msg_line_rl] 103340
[msg_line_rq] 103311
[msg_line_xp] 103264
[msg_line_rh] 103235
[msg_line_rk] 103211
[msg_none] 103121
[msg_found] 103071
[msg_crlf] 103066
[msg_boot_error] 103015
[msg_unit_absent] 102771
[msg_default_key] 102715
[msg_name_rq] 102712
[msg_name_rk] 102707
[msg_name_rl] 102704
[msg_name_xp] 102701
[msg_name_rh] 102676
[msg_default] 102664
[msg_banner] 102640
[print_done] 102636
[print_str] 102624
[echo_char_crlf] 102572
[read_key] 102550
[getc_wait] 102524
[getc] 102524
[putc_wait] 102504
[putc] 102504
[nxm_done] 102476
[nxm_handler] 102454
[probe_done] 102450
[probe_fail] 102446
[probe_resume_pc] 102426
[probe_word] 102410
[det_done] 102406
[det_tq] 102356
[det_rl] 102326
[det_rq] 102276
[det_xp] 102246
[det_rh] 102216
[detect_controllers] 102162
[print_unit] 102140
[unit_yes] 102132
[unit_no] 102126
[unit_check_rl] 102076
[unit_check_xp] 102052
[unit_check_rh] 102030
[unit_mask] 102010
[unit_mask_rk] 102004
[unit_check] 101766
[boot_tq] 101752
[boot_rl] 101736
[boot_rq] 101722
[boot_xp] 101706
[boot_rh] 101672
[boot_rk] 101656
[halt_internal] 101654
[boot_dispatch] 101562
[bad_unit] 101550
[unit_available] 101546
[unit_loop] 101454
[unit_prompt_3] 101444
[select_unit] 101422
[ctl_tq_ok] 101406
[ctl_tq] 101366
[ctl_rl_ok] 101350
[ctl_rl] 101330
[ctl_rq_ok] 101312
[ctl_rq] 101272
[ctl_xp_ok] 101254
[ctl_xp] 101234
[ctl_rh_ok] 101216
[ctl_rh] 101176
[ctl_rk_ok] 101160
[ctl_rk] 101140
[ctl_loop] 101052
[select_controller] 101042
[boot_default] 101036
[auto_key] 101000
[auto_wait] 100752
[default_name] 100712
[default_kind] 100612
[default_prompt] 100550
[list_tq] 100532
[list_rl_next] 100512
[list_rl_units] 100470
[list_rl] 100450
[list_rq_next] 100430
[list_rq_units] 100406
[list_rq] 100366
[list_xp_next] 100346
[list_xp_units] 100324
[list_xp] 100304
[list_rh_next] 100264
[list_rh_units] 100230
[list_rh] 100210
[list_rk_next] 100170
[list_rk_units] 100146
[has_any] 100116
[halt_none] 100114
[start] 100000

Errors: No error

