   1 000000:                       ; CP60: RK611 recovery required by RT-11 DM.SYS after an SD error.
   2 000000:                       ; Based on firmware/rk_service.asm; source and fixed RTI ABI retained.
   3 000000:                               cpu dcj-11
   4 000000:                       
   5 000000: 177440                rkcs1 equ 0177440
   6 000000: 177500                sd_data equ 0177500
   7 000000:                       
   8 160000:                               org 0160000
   9 160000:                               dw service
   9 160000: 160004
  10 160002:                               dw 000340
  10 160002: 000340
  11 160004:                       
  12 160004:                       service
  13 160004: 010046                        mov r0, -(sp)
  14 160006: 010146                        mov r1, -(sp)
  15 160010: 010246                        mov r2, -(sp)
  16 160012: 010346                        mov r3, -(sp)
  17 160014: 010446                        mov r4, -(sp)
  18 160016: 010546                        mov r5, -(sp)
  19 160020: 012705 177440                 mov #rkcs1, r5
  20 160024: 012704 177500                 mov #sd_data, r4
  21 160030:                       ; Data commands use bit 4; only RECALIBRATE joins this private service.
  22 160030:                       ; The virtual drive has no mechanical position, so it completes immediately.
  23 160030: 011500                        mov (r5), r0
  24 160032: 032700 000020                 bit #000020, r0
  25 160036: 001002                        bne data_service
  26 160040: 000167 000462                 jmp recal_complete
  27 160044:                       data_service
  28 160044: 016503 000002                 mov 002(r5), r3
  29 160050:                       
  30 160050:                               ; DB is private while the service owns the CPU; use it for current LBA.
  31 160050: 016500 000006                 mov 006(r5), r0
  32 160054: 010002                        mov r0, r2
  33 160056:                               ; DA head bits become the low three bits after SWAB; this is equivalent to
  34 160056:                               ; ASH #-8 here and saves one private-service word.
  35 160056: 000300                        swab r0
  36 160060: 042700 177770                 bic #0177770, r0
  37 160064: 070027 000026                 mul #000026, r0
  38 160070: 042702 177740                 bic #0177740, r2
  39 160074: 060201                        add r2, r1
  40 160076: 010102                        mov r1, r2
  41 160100: 016500 000020                 mov 020(r5), r0
  42 160104: 070027 000102                 mul #000102, r0
  43 160110: 060201                        add r2, r1
  44 160112: 010165 000022                 mov r1, 022(r5)
  45 160116: 016502 000004                 mov 004(r5), r2
  46 160122:                       
  47 160122:                       next_sector
  48 160122:                               ; The bootstrap and every completed sector leave fast mode with CS high (3).
  49 160122: 005364 000002                 dec 002(r4)
  50 160126:                               ; RK611 READ and WRITE differ in CS1 bit 1.  Use it as a word-table index
  51 160126:                               ; for the corresponding SD CMD17/CMD24 command byte.
  52 160126: 011500                        mov (r5), r0
  53 160130: 042700 177775                 bic #0177775, r0
  54 160134: 016014 160442                 mov command_bytes(r0), (r4)
  55 160140: 005014                        clr (r4)
  56 160142: 005014                        clr (r4)
  57 160144: 016501 000022                 mov 022(r5), r1
  58 160150: 010100                        mov r1, r0
  59 160152: 000300                        swab r0
  60 160154: 010014                        mov r0, (r4)
  61 160156: 010114                        mov r1, (r4)
  62 160160:                               ; CRC is ignored after card initialization, but its end bit must be one.
  63 160160:                               ; The active RK command in CS1 already has GO set, so reuse its low byte.
  64 160160: 011514                        mov (r5), (r4)
  65 160162: 010400                        mov r4, r0
  66 160164:                       response
  67 160164: 005714                        tst (r4)
  68 160166: 001402                        beq response_done
  69 160170: 077003                        sob r0, response
  70 160172: 000542                        br failed
  71 160174:                       response_done
  72 160174: 032715 000002                 bit #2, (r5)
  73 160200: 001057                        bne write_sector
  74 160202:                       wait_token
  75 160202:                               ; Reuse the still-large response timeout as the data-token timeout.
  76 160202:                       token
  77 160202: 011401                        mov (r4), r1
  78 160204: 022701 000376                 cmp #000376, r1
  79 160210: 001402                        beq sector_data
  80 160212: 077005                        sob r0, token
  81 160214: 000531                        br failed
  82 160216:                       
  83 160216:                       sector_data
  84 160216: 012700 000400                 mov #000400, r0
  85 160222:                       copy_word
  86 160222: 111422                        movb (r4), (r2)+
  87 160224: 111422                        movb (r4), (r2)+
  88 160226: 005203                        inc r3
  89 160230: 001404                        beq discard_entry
  90 160232: 077005                        sob r0, copy_word
  91 160234: 000403                        br sector_done
  92 160236:                       discard_word
  93 160236: 005714                        tst (r4)
  94 160240: 005714                        tst (r4)
  95 160242:                       discard_entry
  96 160242: 077003                        sob r0, discard_word
  97 160244:                       sector_done
  98 160244: 005714                        tst (r4)
  99 160246: 005714                        tst (r4)
 100 160250: 005264 000002                 inc 002(r4)
 101 160254: 005714                        tst (r4)                        ; a read clocks the same idle FF byte
 102 160256: 010365 000002                 mov r3, 002(r5)
 103 160262: 010265 000004                 mov r2, 004(r5)
 104 160266: 005265 000022                 inc 022(r5)
 105 160272:                       
 106 160272:                               ; RK06 geometry is 22 sectors x 3 heads.  Advance DA after every
 107 160272:                               ; transferred sector, including the last/partial sector of a command.
 108 160272: 105265 000006                 incb 006(r5)
 109 160276: 122765 000026 000006          cmpb #000026, 006(r5)
 110 160304: 001012                        bne address_done
 111 160306:                               ; 176752 maps head 2/sector 22 to zero with carry.  For heads 0/1,
 112 160306:                               ; adding 001400 afterwards maps the invalid sector to the next head.
 113 160306: 062765 176752 000006          add #0176752, 006(r5)
 114 160314: 103003                        bcc next_head
 115 160316: 005265 000020                 inc 020(r5)
 116 160322: 000403                        br address_done
 117 160324:                       next_head
 118 160324: 062765 001400 000006          add #001400, 006(r5)
 119 160332:                       address_done
 120 160332: 005703                        tst r3
 121 160334: 001444                        beq finished
 122 160336: 000671                        br next_sector
 123 160340:                       
 124 160340:                               ; SD writes always transfer one complete 512-byte sector.  The RK611 write
 125 160340:                               ; sequence (DEC EK-RK067-UG-001, Figure 7-28) specifies that a partial final
 126 160340:                               ; WRITE stops memory DMA at WC zero and zero-fills the rest of the sector;
 127 160340:                               ; BA advances only for words actually transferred from memory.
 128 160340:                               ; After the accepted-token check, keep CS asserted but stop clocking while
 129 160340:                               ; the card programs the sector.  Tight back-to-back AM4 polls can leave the
 130 160340:                               ; physical card busy indefinitely.  The accepted response becomes six
 131 160340:                               ; below; reuse it as the number of widely spaced, bounded status polls.
 132 160340:                       write_sector
 133 160340: 012714 000376                 mov #000376, (r4)
 134 160344:                               ; The patched AM4 MOVB path resolves a store-only destination EA, so this
 135 160344:                               ; memory-to-memory byte transfer does not read and clock SD_DATA first.
 136 160344: 012700 000400                 mov #000400, r0
 137 160350:                       write_word
 138 160350: 112214                        movb (r2)+, (r4)
 139 160352: 112214                        movb (r2)+, (r4)
 140 160354: 005203                        inc r3
 141 160356: 001404                        beq write_zero_entry
 142 160360: 077005                        sob r0, write_word
 143 160362: 000403                        br write_data_done
 144 160364:                       write_zero
 145 160364: 005014                        clr (r4)
 146 160366: 005014                        clr (r4)
 147 160370:                       write_zero_entry
 148 160370: 077003                        sob r0, write_zero
 149 160372:                       write_data_done
 150 160372: 005300                        dec r0                          ; SOB left zero; use FFFF for both CRC bytes
 151 160374: 010014                        mov r0, (r4)
 152 160376: 010014                        mov r0, (r4)
 153 160400:                       write_response
 154 160400: 011401                        mov (r4), r1
 155 160402: 105201                        incb r1                 ; FF becomes zero; status 5/13/15 becomes 6/14/16
 156 160404: 001002                        bne write_response_done
 157 160406:                               ; R0 still holds FFFF from the CRC bytes. Bound absent-card/FF polling;
 158 160406:                               ; individual SPI reads acknowledge, so the CPU bus timer cannot do this.
 159 160406: 077004                        sob r0, write_response
 160 160410: 000433                        br failed
 161 160412:                       write_response_done
 162 160412: 032701 000010                 bit #000010, r1         ; CRC/write-error responses both set status bit 3
 163 160416: 001030                        bne failed
 164 160420:                               ; SD_DATA is zero-extended by the board register.  Clear only response
 165 160420:                               ; bits 7:3; bits 7:5 are unspecified and the accepted low status is 6.
 166 160420: 042701 000370                 bic #000370, r1
 167 160424:                       write_busy
 168 160424: 010100                        mov r1, r0                      ; six bounded programming intervals/polls
 169 160426:                       write_busy_wait
 170 160426: 005001                        clr r1                          ; SOB from zero gives one full 16-bit hold
 171 160430:                       write_busy_hold
 172 160430: 077101                        sob r1, write_busy_hold
 173 160432:                       
 174 160432:                       write_busy_poll
 175 160432: 005714                        tst (r4)
 176 160434: 001303                        bne sector_done                 ; FF is ready; a busy byte is zero
 177 160436: 077005                        sob r0, write_busy_wait
 178 160440: 000417                        br failed
 179 160442:                       
 180 160442:                               ; Two literal command bytes; fixed RTI remains at 160476 below.
 181 160442:                       command_bytes
 182 160442:                               dw 000121
 182 160442: 000121
 183 160444:                               dw 000130
 183 160444: 000130
 184 160446:                       finished
 185 160446: 011500                        mov (r5), r0
 186 160450:                       complete
 187 160450: 062700 000177                 add #000177, r0
 188 160454: 010015                        mov r0, (r5)
 189 160456: 012605                        mov (sp)+, r5
 190 160460: 012604                        mov (sp)+, r4
 191 160462: 012603                        mov (sp)+, r3
 192 160464: 012602                        mov (sp)+, r2
 193 160466: 012601                        mov (sp)+, r1
 194 160470: 012600                        mov (sp)+, r0
 195 160472: 000401                        br service_rti
 196 160476:                               org 0160476
 197 160476:                       service_rti
 198 160476: 000002                        rti
 199 160500:                       
 200 160500:                               org 0160500
 201 160500:                       failed
 202 160500:                       ; Always leave CS high and fast mode selected, including timeout failures.
 203 160500:                       ; Clock one idle byte before exposing RK completion to the guest.
 204 160500: 012764 000003 000002          mov #3, 002(r4)
 205 160506: 005714                        tst (r4)
 206 160510: 012765 020000 000014          mov #020000, 014(r5)
 207 160516: 011500                        mov (r5), r0
 208 160520: 052700 100000                 bis #0100000, r0
 209 160524: 000751                        br complete
 210 160526:                       
 211 160526:                       recal_complete
 212 160526:                       ; EK-RK067-UG-001 sections 7.2.1 / 7.3: positioning completion sets DI.
 213 160526:                       ; DONE alone is the controller response; DM.SYS waits for drive attention.
 214 160526: 052700 040000                 bis #040000, r0
 215 160532: 000746                        br complete

Constants:
[sd_data] 177500
[rkcs1] 177440

Labels:
[recal_complete] 160526
[failed] 160500
[service_rti] 160476
[complete] 160450
[finished] 160446
[command_bytes] 160442
[write_busy_poll] 160432
[write_busy_hold] 160430
[write_busy_wait] 160426
[write_busy] 160424
[write_response_done] 160412
[write_response] 160400
[write_data_done] 160372
[write_zero_entry] 160370
[write_zero] 160364
[write_word] 160350
[write_sector] 160340
[address_done] 160332
[next_head] 160324
[sector_done] 160244
[discard_entry] 160242
[discard_word] 160236
[copy_word] 160222
[sector_data] 160216
[token] 160202
[wait_token] 160202
[response_done] 160174
[response] 160164
[next_sector] 160122
[data_service] 160044
[service] 160004

Errors: No error

